{"name":"SetServices", "ph":"B", "ts":"119769665", "pid":"1", "tid":"wave"},
{"name":"SetServices", "ph":"E", "ts":"119771405", "pid":"1", "tid":"wave"},
{"name":"InitializeP0", "ph":"B", "ts":"119775320", "pid":"1", "tid":"wave"},
{"name":"InitializeP0", "ph":"E", "ts":"119775404", "pid":"1", "tid":"wave"},
{"name":"InitializeAdvertise", "ph":"B", "ts":"142732188", "pid":"1", "tid":"wave"},
{"name":"InitializeAdvertise", "ph":"E", "ts":"246030625", "pid":"1", "tid":"wave"},
{"name":"InitializeRealize", "ph":"B", "ts":"348039486", "pid":"1", "tid":"wave"},
{"name":"InitializeRealize", "ph":"E", "ts":"362700202", "pid":"1", "tid":"wave"},
{"name":"DataInitialize", "ph":"B", "ts":"392591245", "pid":"1", "tid":"wave"},
{"name":"DataInitialize", "ph":"E", "ts":"392595121", "pid":"1", "tid":"wave"},
{"name":"ModelSetRunClock", "ph":"B", "ts":"416133274", "pid":"1", "tid":"wave"},
{"name":"ModelSetRunClock", "ph":"E", "ts":"416142219", "pid":"1", "tid":"wave"},
{"name":"ModelAdvance", "ph":"B", "ts":"416142304", "pid":"1", "tid":"wave"},
{"name":"ModelAdvance", "ph":"E", "ts":"427953553", "pid":"1", "tid":"wave"},
{"name":"ModelSetRunClock", "ph":"B", "ts":"428950762", "pid":"1", "tid":"wave"},
{"name":"ModelSetRunClock", "ph":"E", "ts":"428950815", "pid":"1", "tid":"wave"},
{"name":"ModelAdvance", "ph":"B", "ts":"428950895", "pid":"1", "tid":"wave"},
{"name":"ModelAdvance", "ph":"E", "ts":"439014037", "pid":"1", "tid":"wave"},
{"name":"ModelSetRunClock", "ph":"B", "ts":"442103008", "pid":"1", "tid":"wave"},
{"name":"ModelSetRunClock", "ph":"E", "ts":"442103067", "pid":"1", "tid":"wave"},
{"name":"ModelAdvance", "ph":"B", "ts":"442103153", "pid":"1", "tid":"wave"},
{"name":"ModelAdvance", "ph":"E", "ts":"452288425", "pid":"1", "tid":"wave"},
{"name":"ModelSetRunClock", "ph":"B", "ts":"455823026", "pid":"1", "tid":"wave"},
{"name":"ModelSetRunClock", "ph":"E", "ts":"455823155", "pid":"1", "tid":"wave"},
{"name":"ModelAdvance", "ph":"B", "ts":"455823239", "pid":"1", "tid":"wave"},
{"name":"ModelAdvance", "ph":"E", "ts":"465734285", "pid":"1", "tid":"wave"},
{"name":"ModelSetRunClock", "ph":"B", "ts":"468760529", "pid":"1", "tid":"wave"},
{"name":"ModelSetRunClock", "ph":"E", "ts":"468760593", "pid":"1", "tid":"wave"},
{"name":"ModelAdvance", "ph":"B", "ts":"468760675", "pid":"1", "tid":"wave"},
{"name":"ModelAdvance", "ph":"E", "ts":"477313153", "pid":"1", "tid":"wave"},
{"name":"ModelSetRunClock", "ph":"B", "ts":"479575754", "pid":"1", "tid":"wave"},
{"name":"ModelSetRunClock", "ph":"E", "ts":"479575809", "pid":"1", "tid":"wave"},
{"name":"ModelAdvance", "ph":"B", "ts":"479575889", "pid":"1", "tid":"wave"},
{"name":"ModelAdvance", "ph":"E", "ts":"486570971", "pid":"1", "tid":"wave"},
{"name":"ModelSetRunClock", "ph":"B", "ts":"504651967", "pid":"1", "tid":"wave"},
{"name":"ModelSetRunClock", "ph":"E", "ts":"504652030", "pid":"1", "tid":"wave"},
{"name":"ModelAdvance", "ph":"B", "ts":"504652110", "pid":"1", "tid":"wave"},
{"name":"ModelAdvance", "ph":"E", "ts":"510935302", "pid":"1", "tid":"wave"},
{"name":"ModelSetRunClock", "ph":"B", "ts":"513182314", "pid":"1", "tid":"wave"},
{"name":"ModelSetRunClock", "ph":"E", "ts":"513182378", "pid":"1", "tid":"wave"},
{"name":"ModelAdvance", "ph":"B", "ts":"513182473", "pid":"1", "tid":"wave"},
{"name":"ModelAdvance", "ph":"E", "ts":"519014083", "pid":"1", "tid":"wave"},
{"name":"ModelSetRunClock", "ph":"B", "ts":"521011379", "pid":"1", "tid":"wave"},
{"name":"ModelSetRunClock", "ph":"E", "ts":"521011443", "pid":"1", "tid":"wave"},
{"name":"ModelAdvance", "ph":"B", "ts":"521011524", "pid":"1", "tid":"wave"},
{"name":"ModelAdvance", "ph":"E", "ts":"526611423", "pid":"1", "tid":"wave"},
{"name":"ModelSetRunClock", "ph":"B", "ts":"529521394", "pid":"1", "tid":"wave"},
{"name":"ModelSetRunClock", "ph":"E", "ts":"529521454", "pid":"1", "tid":"wave"},
{"name":"ModelAdvance", "ph":"B", "ts":"529521537", "pid":"1", "tid":"wave"},
{"name":"ModelAdvance", "ph":"E", "ts":"534981628", "pid":"1", "tid":"wave"},
{"name":"ModelSetRunClock", "ph":"B", "ts":"537525741", "pid":"1", "tid":"wave"},
{"name":"ModelSetRunClock", "ph":"E", "ts":"537525806", "pid":"1", "tid":"wave"},
{"name":"ModelAdvance", "ph":"B", "ts":"537526103", "pid":"1", "tid":"wave"},
{"name":"ModelAdvance", "ph":"E", "ts":"543070080", "pid":"1", "tid":"wave"},
{"name":"ModelSetRunClock", "ph":"B", "ts":"546154423", "pid":"1", "tid":"wave"},
{"name":"ModelSetRunClock", "ph":"E", "ts":"546154483", "pid":"1", "tid":"wave"},
{"name":"ModelAdvance", "ph":"B", "ts":"546154564", "pid":"1", "tid":"wave"},
{"name":"ModelAdvance", "ph":"E", "ts":"551408021", "pid":"1", "tid":"wave"},
{"name":"ModelSetRunClock", "ph":"B", "ts":"554157601", "pid":"1", "tid":"wave"},
{"name":"ModelSetRunClock", "ph":"E", "ts":"554157661", "pid":"1", "tid":"wave"},
{"name":"ModelAdvance", "ph":"B", "ts":"554157740", "pid":"1", "tid":"wave"},
{"name":"ModelAdvance", "ph":"E", "ts":"559369791", "pid":"1", "tid":"wave"},
{"name":"ModelSetRunClock", "ph":"B", "ts":"562610683", "pid":"1", "tid":"wave"},
{"name":"ModelSetRunClock", "ph":"E", "ts":"562610744", "pid":"1", "tid":"wave"},
{"name":"ModelAdvance", "ph":"B", "ts":"562610823", "pid":"1", "tid":"wave"},
{"name":"ModelAdvance", "ph":"E", "ts":"567751966", "pid":"1", "tid":"wave"},
{"name":"ModelSetRunClock", "ph":"B", "ts":"570501457", "pid":"1", "tid":"wave"},
{"name":"ModelSetRunClock", "ph":"E", "ts":"570501520", "pid":"1", "tid":"wave"},
{"name":"ModelAdvance", "ph":"B", "ts":"570501601", "pid":"1", "tid":"wave"},
{"name":"ModelAdvance", "ph":"E", "ts":"575599242", "pid":"1", "tid":"wave"},
{"name":"ModelSetRunClock", "ph":"B", "ts":"579311302", "pid":"1", "tid":"wave"},
{"name":"ModelSetRunClock", "ph":"E", "ts":"579311468", "pid":"1", "tid":"wave"},
{"name":"ModelAdvance", "ph":"B", "ts":"579311556", "pid":"1", "tid":"wave"},
{"name":"ModelAdvance", "ph":"E", "ts":"584386997", "pid":"1", "tid":"wave"},
{"name":"ModelSetRunClock", "ph":"B", "ts":"587712448", "pid":"1", "tid":"wave"},
{"name":"ModelSetRunClock", "ph":"E", "ts":"587712511", "pid":"1", "tid":"wave"},
{"name":"ModelAdvance", "ph":"B", "ts":"587712589", "pid":"1", "tid":"wave"},
{"name":"ModelAdvance", "ph":"E", "ts":"592805962", "pid":"1", "tid":"wave"},
{"name":"ModelSetRunClock", "ph":"B", "ts":"596737326", "pid":"1", "tid":"wave"},
{"name":"ModelSetRunClock", "ph":"E", "ts":"596737388", "pid":"1", "tid":"wave"},
{"name":"ModelAdvance", "ph":"B", "ts":"596737468", "pid":"1", "tid":"wave"},
{"name":"ModelAdvance", "ph":"E", "ts":"601730613", "pid":"1", "tid":"wave"},
{"name":"ModelSetRunClock", "ph":"B", "ts":"605016618", "pid":"1", "tid":"wave"},
{"name":"ModelSetRunClock", "ph":"E", "ts":"605016677", "pid":"1", "tid":"wave"},
{"name":"ModelAdvance", "ph":"B", "ts":"605016761", "pid":"1", "tid":"wave"},
{"name":"ModelAdvance", "ph":"E", "ts":"610001766", "pid":"1", "tid":"wave"},
{"name":"ModelSetRunClock", "ph":"B", "ts":"613910130", "pid":"1", "tid":"wave"},
{"name":"ModelSetRunClock", "ph":"E", "ts":"613910200", "pid":"1", "tid":"wave"},
{"name":"ModelAdvance", "ph":"B", "ts":"613910296", "pid":"1", "tid":"wave"},
{"name":"ModelAdvance", "ph":"E", "ts":"618801782", "pid":"1", "tid":"wave"},
{"name":"ModelSetRunClock", "ph":"B", "ts":"622283006", "pid":"1", "tid":"wave"},
{"name":"ModelSetRunClock", "ph":"E", "ts":"622283070", "pid":"1", "tid":"wave"},
{"name":"ModelAdvance", "ph":"B", "ts":"622283151", "pid":"1", "tid":"wave"},
{"name":"ModelAdvance", "ph":"E", "ts":"627233231", "pid":"1", "tid":"wave"},
{"name":"ModelSetRunClock", "ph":"B", "ts":"631511875", "pid":"1", "tid":"wave"},
{"name":"ModelSetRunClock", "ph":"E", "ts":"631511935", "pid":"1", "tid":"wave"},
{"name":"ModelAdvance", "ph":"B", "ts":"631512017", "pid":"1", "tid":"wave"},
{"name":"ModelAdvance", "ph":"E", "ts":"636544964", "pid":"1", "tid":"wave"},
{"name":"ModelSetRunClock", "ph":"B", "ts":"640107365", "pid":"1", "tid":"wave"},
{"name":"ModelSetRunClock", "ph":"E", "ts":"640107495", "pid":"1", "tid":"wave"},
{"name":"ModelAdvance", "ph":"B", "ts":"640107595", "pid":"1", "tid":"wave"},
{"name":"ModelAdvance", "ph":"E", "ts":"645076379", "pid":"1", "tid":"wave"},
{"name":"ModelSetRunClock", "ph":"B", "ts":"649032480", "pid":"1", "tid":"wave"},
{"name":"ModelSetRunClock", "ph":"E", "ts":"649032689", "pid":"1", "tid":"wave"},
{"name":"ModelAdvance", "ph":"B", "ts":"649032889", "pid":"1", "tid":"wave"},
{"name":"ModelAdvance", "ph":"E", "ts":"653938390", "pid":"1", "tid":"wave"},
{"name":"ModelSetRunClock", "ph":"B", "ts":"657295863", "pid":"1", "tid":"wave"},
{"name":"ModelSetRunClock", "ph":"E", "ts":"657295930", "pid":"1", "tid":"wave"},
{"name":"ModelAdvance", "ph":"B", "ts":"657296025", "pid":"1", "tid":"wave"},
{"name":"ModelAdvance", "ph":"E", "ts":"662176377", "pid":"1", "tid":"wave"},
{"name":"ModelSetRunClock", "ph":"B", "ts":"666102549", "pid":"1", "tid":"wave"},
{"name":"ModelSetRunClock", "ph":"E", "ts":"666102608", "pid":"1", "tid":"wave"},
{"name":"ModelAdvance", "ph":"B", "ts":"666102695", "pid":"1", "tid":"wave"},
{"name":"ModelAdvance", "ph":"E", "ts":"671033510", "pid":"1", "tid":"wave"},
{"name":"ModelSetRunClock", "ph":"B", "ts":"673795622", "pid":"1", "tid":"wave"},
{"name":"ModelSetRunClock", "ph":"E", "ts":"673795682", "pid":"1", "tid":"wave"},
{"name":"ModelAdvance", "ph":"B", "ts":"673795775", "pid":"1", "tid":"wave"},
{"name":"ModelAdvance", "ph":"E", "ts":"678786981", "pid":"1", "tid":"wave"},
{"name":"ModelSetRunClock", "ph":"B", "ts":"682076092", "pid":"1", "tid":"wave"},
{"name":"ModelSetRunClock", "ph":"E", "ts":"682076152", "pid":"1", "tid":"wave"},
{"name":"ModelAdvance", "ph":"B", "ts":"682076231", "pid":"1", "tid":"wave"},
{"name":"ModelAdvance", "ph":"E", "ts":"687112128", "pid":"1", "tid":"wave"},
{"name":"ModelSetRunClock", "ph":"B", "ts":"689725040", "pid":"1", "tid":"wave"},
{"name":"ModelSetRunClock", "ph":"E", "ts":"689725095", "pid":"1", "tid":"wave"},
{"name":"ModelAdvance", "ph":"B", "ts":"689725172", "pid":"1", "tid":"wave"},
{"name":"ModelAdvance", "ph":"E", "ts":"694830315", "pid":"1", "tid":"wave"},
{"name":"ModelSetRunClock", "ph":"B", "ts":"698003650", "pid":"1", "tid":"wave"},
{"name":"ModelSetRunClock", "ph":"E", "ts":"698003714", "pid":"1", "tid":"wave"},
{"name":"ModelAdvance", "ph":"B", "ts":"698003807", "pid":"1", "tid":"wave"},
{"name":"ModelAdvance", "ph":"E", "ts":"703076863", "pid":"1", "tid":"wave"},
{"name":"ModelSetRunClock", "ph":"B", "ts":"705756657", "pid":"1", "tid":"wave"},
{"name":"ModelSetRunClock", "ph":"E", "ts":"705756713", "pid":"1", "tid":"wave"},
{"name":"ModelAdvance", "ph":"B", "ts":"705756792", "pid":"1", "tid":"wave"},
{"name":"ModelAdvance", "ph":"E", "ts":"710815813", "pid":"1", "tid":"wave"},
{"name":"ModelSetRunClock", "ph":"B", "ts":"714254374", "pid":"1", "tid":"wave"},
{"name":"ModelSetRunClock", "ph":"E", "ts":"714254450", "pid":"1", "tid":"wave"},
{"name":"ModelAdvance", "ph":"B", "ts":"714254546", "pid":"1", "tid":"wave"},
{"name":"ModelAdvance", "ph":"E", "ts":"719276728", "pid":"1", "tid":"wave"},
{"name":"ModelSetRunClock", "ph":"B", "ts":"721954529", "pid":"1", "tid":"wave"},
{"name":"ModelSetRunClock", "ph":"E", "ts":"721954586", "pid":"1", "tid":"wave"},
{"name":"ModelAdvance", "ph":"B", "ts":"721954671", "pid":"1", "tid":"wave"},
{"name":"ModelAdvance", "ph":"E", "ts":"727017084", "pid":"1", "tid":"wave"},
{"name":"ModelSetRunClock", "ph":"B", "ts":"730425659", "pid":"1", "tid":"wave"},
{"name":"ModelSetRunClock", "ph":"E", "ts":"730425716", "pid":"1", "tid":"wave"},
{"name":"ModelAdvance", "ph":"B", "ts":"730425797", "pid":"1", "tid":"wave"},
{"name":"ModelAdvance", "ph":"E", "ts":"735423355", "pid":"1", "tid":"wave"},
{"name":"ModelSetRunClock", "ph":"B", "ts":"738036328", "pid":"1", "tid":"wave"},
{"name":"ModelSetRunClock", "ph":"E", "ts":"738036385", "pid":"1", "tid":"wave"},
{"name":"ModelAdvance", "ph":"B", "ts":"738036466", "pid":"1", "tid":"wave"},
{"name":"ModelAdvance", "ph":"E", "ts":"743052371", "pid":"1", "tid":"wave"},
{"name":"ModelSetRunClock", "ph":"B", "ts":"746466434", "pid":"1", "tid":"wave"},
{"name":"ModelSetRunClock", "ph":"E", "ts":"746466501", "pid":"1", "tid":"wave"},
{"name":"ModelAdvance", "ph":"B", "ts":"746466589", "pid":"1", "tid":"wave"},
{"name":"ModelAdvance", "ph":"E", "ts":"751476725", "pid":"1", "tid":"wave"},
{"name":"ModelSetRunClock", "ph":"B", "ts":"754367311", "pid":"1", "tid":"wave"},
{"name":"ModelSetRunClock", "ph":"E", "ts":"754367371", "pid":"1", "tid":"wave"},
{"name":"ModelAdvance", "ph":"B", "ts":"754367460", "pid":"1", "tid":"wave"},
{"name":"ModelAdvance", "ph":"E", "ts":"759430655", "pid":"1", "tid":"wave"},
{"name":"ModelSetRunClock", "ph":"B", "ts":"763041477", "pid":"1", "tid":"wave"},
{"name":"ModelSetRunClock", "ph":"E", "ts":"763041656", "pid":"1", "tid":"wave"},
{"name":"ModelAdvance", "ph":"B", "ts":"763041755", "pid":"1", "tid":"wave"},
{"name":"ModelAdvance", "ph":"E", "ts":"768126574", "pid":"1", "tid":"wave"},
{"name":"ModelSetRunClock", "ph":"B", "ts":"770854452", "pid":"1", "tid":"wave"},
{"name":"ModelSetRunClock", "ph":"E", "ts":"770854522", "pid":"1", "tid":"wave"},
{"name":"ModelAdvance", "ph":"B", "ts":"770854604", "pid":"1", "tid":"wave"},
{"name":"ModelAdvance", "ph":"E", "ts":"776019539", "pid":"1", "tid":"wave"},
{"name":"ModelSetRunClock", "ph":"B", "ts":"779675754", "pid":"1", "tid":"wave"},
{"name":"ModelSetRunClock", "ph":"E", "ts":"779675817", "pid":"1", "tid":"wave"},
{"name":"ModelAdvance", "ph":"B", "ts":"779675901", "pid":"1", "tid":"wave"},
{"name":"ModelAdvance", "ph":"E", "ts":"784805307", "pid":"1", "tid":"wave"},
{"name":"ModelSetRunClock", "ph":"B", "ts":"788160208", "pid":"1", "tid":"wave"},
{"name":"ModelSetRunClock", "ph":"E", "ts":"788160271", "pid":"1", "tid":"wave"},
{"name":"ModelAdvance", "ph":"B", "ts":"788160362", "pid":"1", "tid":"wave"},
{"name":"ModelAdvance", "ph":"E", "ts":"793270339", "pid":"1", "tid":"wave"},
{"name":"ModelSetRunClock", "ph":"B", "ts":"797208133", "pid":"1", "tid":"wave"},
{"name":"ModelSetRunClock", "ph":"E", "ts":"797208289", "pid":"1", "tid":"wave"},
{"name":"ModelAdvance", "ph":"B", "ts":"797208384", "pid":"1", "tid":"wave"},
{"name":"ModelAdvance", "ph":"E", "ts":"802359288", "pid":"1", "tid":"wave"},
{"name":"ModelSetRunClock", "ph":"B", "ts":"805744267", "pid":"1", "tid":"wave"},
{"name":"ModelSetRunClock", "ph":"E", "ts":"805744324", "pid":"1", "tid":"wave"},
{"name":"ModelAdvance", "ph":"B", "ts":"805744401", "pid":"1", "tid":"wave"},
{"name":"ModelAdvance", "ph":"E", "ts":"810796500", "pid":"1", "tid":"wave"},
{"name":"ModelSetRunClock", "ph":"B", "ts":"828101069", "pid":"1", "tid":"wave"},
{"name":"ModelSetRunClock", "ph":"E", "ts":"828101255", "pid":"1", "tid":"wave"},
{"name":"ModelAdvance", "ph":"B", "ts":"828101336", "pid":"1", "tid":"wave"},
{"name":"ModelAdvance", "ph":"E", "ts":"833094543", "pid":"1", "tid":"wave"},
{"name":"ModelSetRunClock", "ph":"B", "ts":"836201339", "pid":"1", "tid":"wave"},
{"name":"ModelSetRunClock", "ph":"E", "ts":"836201401", "pid":"1", "tid":"wave"},
{"name":"ModelAdvance", "ph":"B", "ts":"836201485", "pid":"1", "tid":"wave"},
{"name":"ModelAdvance", "ph":"E", "ts":"841160231", "pid":"1", "tid":"wave"},
{"name":"ModelSetRunClock", "ph":"B", "ts":"844831511", "pid":"1", "tid":"wave"},
{"name":"ModelSetRunClock", "ph":"E", "ts":"844831572", "pid":"1", "tid":"wave"},
{"name":"ModelAdvance", "ph":"B", "ts":"844831654", "pid":"1", "tid":"wave"},
{"name":"ModelAdvance", "ph":"E", "ts":"849719629", "pid":"1", "tid":"wave"},
{"name":"ModelSetRunClock", "ph":"B", "ts":"852518701", "pid":"1", "tid":"wave"},
{"name":"ModelSetRunClock", "ph":"E", "ts":"852518766", "pid":"1", "tid":"wave"},
{"name":"ModelAdvance", "ph":"B", "ts":"852518861", "pid":"1", "tid":"wave"},
{"name":"ModelAdvance", "ph":"E", "ts":"857361983", "pid":"1", "tid":"wave"},
{"name":"ModelSetRunClock", "ph":"B", "ts":"860844088", "pid":"1", "tid":"wave"},
{"name":"ModelSetRunClock", "ph":"E", "ts":"860844154", "pid":"1", "tid":"wave"},
{"name":"ModelAdvance", "ph":"B", "ts":"860844232", "pid":"1", "tid":"wave"},
{"name":"ModelAdvance", "ph":"E", "ts":"865618024", "pid":"1", "tid":"wave"},
{"name":"ModelSetRunClock", "ph":"B", "ts":"868621137", "pid":"1", "tid":"wave"},
{"name":"ModelSetRunClock", "ph":"E", "ts":"868621196", "pid":"1", "tid":"wave"},
{"name":"ModelAdvance", "ph":"B", "ts":"868621275", "pid":"1", "tid":"wave"},
{"name":"ModelAdvance", "ph":"E", "ts":"873363043", "pid":"1", "tid":"wave"},
{"name":"ModelSetRunClock", "ph":"B", "ts":"877325528", "pid":"1", "tid":"wave"},
{"name":"ModelSetRunClock", "ph":"E", "ts":"877325593", "pid":"1", "tid":"wave"},
{"name":"ModelAdvance", "ph":"B", "ts":"877325686", "pid":"1", "tid":"wave"},
{"name":"ModelAdvance", "ph":"E", "ts":"882012457", "pid":"1", "tid":"wave"},
{"name":"ModelSetRunClock", "ph":"B", "ts":"885429524", "pid":"1", "tid":"wave"},
{"name":"ModelSetRunClock", "ph":"E", "ts":"885429589", "pid":"1", "tid":"wave"},
{"name":"ModelAdvance", "ph":"B", "ts":"885429678", "pid":"1", "tid":"wave"},
{"name":"ModelAdvance", "ph":"E", "ts":"890143429", "pid":"1", "tid":"wave"},
{"name":"ModelSetRunClock", "ph":"B", "ts":"893890318", "pid":"1", "tid":"wave"},
{"name":"ModelSetRunClock", "ph":"E", "ts":"893890384", "pid":"1", "tid":"wave"},
{"name":"ModelAdvance", "ph":"B", "ts":"893890485", "pid":"1", "tid":"wave"},
{"name":"ModelAdvance", "ph":"E", "ts":"898554747", "pid":"1", "tid":"wave"},
{"name":"ModelSetRunClock", "ph":"B", "ts":"901599369", "pid":"1", "tid":"wave"},
{"name":"ModelSetRunClock", "ph":"E", "ts":"901599436", "pid":"1", "tid":"wave"},
{"name":"ModelAdvance", "ph":"B", "ts":"901599527", "pid":"1", "tid":"wave"},
{"name":"ModelAdvance", "ph":"E", "ts":"906247955", "pid":"1", "tid":"wave"},
{"name":"ModelSetRunClock", "ph":"B", "ts":"910162522", "pid":"1", "tid":"wave"},
{"name":"ModelSetRunClock", "ph":"E", "ts":"910162583", "pid":"1", "tid":"wave"},
{"name":"ModelAdvance", "ph":"B", "ts":"910162667", "pid":"1", "tid":"wave"},
{"name":"ModelAdvance", "ph":"E", "ts":"914855271", "pid":"1", "tid":"wave"},
{"name":"ModelSetRunClock", "ph":"B", "ts":"918573267", "pid":"1", "tid":"wave"},
{"name":"ModelSetRunClock", "ph":"E", "ts":"918573420", "pid":"1", "tid":"wave"},
{"name":"ModelAdvance", "ph":"B", "ts":"918573606", "pid":"1", "tid":"wave"},
{"name":"ModelAdvance", "ph":"E", "ts":"923255765", "pid":"1", "tid":"wave"},
{"name":"ModelSetRunClock", "ph":"B", "ts":"927405176", "pid":"1", "tid":"wave"},
{"name":"ModelSetRunClock", "ph":"E", "ts":"927405234", "pid":"1", "tid":"wave"},
{"name":"ModelAdvance", "ph":"B", "ts":"927405312", "pid":"1", "tid":"wave"},
{"name":"ModelAdvance", "ph":"E", "ts":"932128549", "pid":"1", "tid":"wave"},
{"name":"ModelSetRunClock", "ph":"B", "ts":"935446113", "pid":"1", "tid":"wave"},
{"name":"ModelSetRunClock", "ph":"E", "ts":"935446178", "pid":"1", "tid":"wave"},
{"name":"ModelAdvance", "ph":"B", "ts":"935446262", "pid":"1", "tid":"wave"},
{"name":"ModelAdvance", "ph":"E", "ts":"940193488", "pid":"1", "tid":"wave"},
{"name":"ModelSetRunClock", "ph":"B", "ts":"943929350", "pid":"1", "tid":"wave"},
{"name":"ModelSetRunClock", "ph":"E", "ts":"943929413", "pid":"1", "tid":"wave"},
{"name":"ModelAdvance", "ph":"B", "ts":"943929496", "pid":"1", "tid":"wave"},
{"name":"ModelAdvance", "ph":"E", "ts":"948797946", "pid":"1", "tid":"wave"},
{"name":"ModelSetRunClock", "ph":"B", "ts":"951559768", "pid":"1", "tid":"wave"},
{"name":"ModelSetRunClock", "ph":"E", "ts":"951559830", "pid":"1", "tid":"wave"},
{"name":"ModelAdvance", "ph":"B", "ts":"951559908", "pid":"1", "tid":"wave"},
{"name":"ModelAdvance", "ph":"E", "ts":"956384837", "pid":"1", "tid":"wave"},
{"name":"ModelSetRunClock", "ph":"B", "ts":"959817951", "pid":"1", "tid":"wave"},
{"name":"ModelSetRunClock", "ph":"E", "ts":"959818015", "pid":"1", "tid":"wave"},
{"name":"ModelAdvance", "ph":"B", "ts":"959818092", "pid":"1", "tid":"wave"},
{"name":"ModelAdvance", "ph":"E", "ts":"964829377", "pid":"1", "tid":"wave"},
{"name":"ModelSetRunClock", "ph":"B", "ts":"967502355", "pid":"1", "tid":"wave"},
{"name":"ModelSetRunClock", "ph":"E", "ts":"967502433", "pid":"1", "tid":"wave"},
{"name":"ModelAdvance", "ph":"B", "ts":"967502534", "pid":"1", "tid":"wave"},
{"name":"ModelAdvance", "ph":"E", "ts":"972584040", "pid":"1", "tid":"wave"},
{"name":"ModelSetRunClock", "ph":"B", "ts":"975884229", "pid":"1", "tid":"wave"},
{"name":"ModelSetRunClock", "ph":"E", "ts":"975884290", "pid":"1", "tid":"wave"},
{"name":"ModelAdvance", "ph":"B", "ts":"975884531", "pid":"1", "tid":"wave"},
{"name":"ModelAdvance", "ph":"E", "ts":"981021262", "pid":"1", "tid":"wave"},
{"name":"ModelSetRunClock", "ph":"B", "ts":"983876855", "pid":"1", "tid":"wave"},
{"name":"ModelSetRunClock", "ph":"E", "ts":"983877018", "pid":"1", "tid":"wave"},
{"name":"ModelAdvance", "ph":"B", "ts":"983877145", "pid":"1", "tid":"wave"},
{"name":"ModelAdvance", "ph":"E", "ts":"989005109", "pid":"1", "tid":"wave"},
{"name":"ModelSetRunClock", "ph":"B", "ts":"992328143", "pid":"1", "tid":"wave"},
{"name":"ModelSetRunClock", "ph":"E", "ts":"992328203", "pid":"1", "tid":"wave"},
{"name":"ModelAdvance", "ph":"B", "ts":"992328282", "pid":"1", "tid":"wave"},
{"name":"ModelAdvance", "ph":"E", "ts":"997313972", "pid":"1", "tid":"wave"},
{"name":"ModelSetRunClock", "ph":"B", "ts":"1000092933", "pid":"1", "tid":"wave"},
{"name":"ModelSetRunClock", "ph":"E", "ts":"1000092994", "pid":"1", "tid":"wave"},
{"name":"ModelAdvance", "ph":"B", "ts":"1000093071", "pid":"1", "tid":"wave"},
{"name":"ModelAdvance", "ph":"E", "ts":"1004947753", "pid":"1", "tid":"wave"},
{"name":"ModelSetRunClock", "ph":"B", "ts":"1008618199", "pid":"1", "tid":"wave"},
{"name":"ModelSetRunClock", "ph":"E", "ts":"1008618260", "pid":"1", "tid":"wave"},
{"name":"ModelAdvance", "ph":"B", "ts":"1008618338", "pid":"1", "tid":"wave"},
{"name":"ModelAdvance", "ph":"E", "ts":"1013621924", "pid":"1", "tid":"wave"},
{"name":"ModelSetRunClock", "ph":"B", "ts":"1016500286", "pid":"1", "tid":"wave"},
{"name":"ModelSetRunClock", "ph":"E", "ts":"1016500446", "pid":"1", "tid":"wave"},
{"name":"ModelAdvance", "ph":"B", "ts":"1016500565", "pid":"1", "tid":"wave"},
{"name":"ModelAdvance", "ph":"E", "ts":"1021584822", "pid":"1", "tid":"wave"},
{"name":"ModelSetRunClock", "ph":"B", "ts":"1025030010", "pid":"1", "tid":"wave"},
{"name":"ModelSetRunClock", "ph":"E", "ts":"1025030076", "pid":"1", "tid":"wave"},
{"name":"ModelAdvance", "ph":"B", "ts":"1025030166", "pid":"1", "tid":"wave"},
{"name":"ModelAdvance", "ph":"E", "ts":"1030124438", "pid":"1", "tid":"wave"},
{"name":"ModelSetRunClock", "ph":"B", "ts":"1032674510", "pid":"1", "tid":"wave"},
{"name":"ModelSetRunClock", "ph":"E", "ts":"1032674578", "pid":"1", "tid":"wave"},
{"name":"ModelAdvance", "ph":"B", "ts":"1032674679", "pid":"1", "tid":"wave"},
{"name":"ModelAdvance", "ph":"E", "ts":"1037902644", "pid":"1", "tid":"wave"},
{"name":"ModelSetRunClock", "ph":"B", "ts":"1040970039", "pid":"1", "tid":"wave"},
{"name":"ModelSetRunClock", "ph":"E", "ts":"1040970096", "pid":"1", "tid":"wave"},
{"name":"ModelAdvance", "ph":"B", "ts":"1040970173", "pid":"1", "tid":"wave"},
{"name":"ModelAdvance", "ph":"E", "ts":"1046289495", "pid":"1", "tid":"wave"},
{"name":"ModelSetRunClock", "ph":"B", "ts":"1048662924", "pid":"1", "tid":"wave"},
{"name":"ModelSetRunClock", "ph":"E", "ts":"1048662990", "pid":"1", "tid":"wave"},
{"name":"ModelAdvance", "ph":"B", "ts":"1048663080", "pid":"1", "tid":"wave"},
{"name":"ModelAdvance", "ph":"E", "ts":"1053939657", "pid":"1", "tid":"wave"},
{"name":"ModelSetRunClock", "ph":"B", "ts":"1056965669", "pid":"1", "tid":"wave"},
{"name":"ModelSetRunClock", "ph":"E", "ts":"1056965725", "pid":"1", "tid":"wave"},
{"name":"ModelAdvance", "ph":"B", "ts":"1056965803", "pid":"1", "tid":"wave"},
{"name":"ModelAdvance", "ph":"E", "ts":"1062148208", "pid":"1", "tid":"wave"},
{"name":"ModelSetRunClock", "ph":"B", "ts":"1064589465", "pid":"1", "tid":"wave"},
{"name":"ModelSetRunClock", "ph":"E", "ts":"1064589523", "pid":"1", "tid":"wave"},
{"name":"ModelAdvance", "ph":"B", "ts":"1064589600", "pid":"1", "tid":"wave"},
{"name":"ModelAdvance", "ph":"E", "ts":"1069818854", "pid":"1", "tid":"wave"},
{"name":"ModelSetRunClock", "ph":"B", "ts":"1072955065", "pid":"1", "tid":"wave"},
{"name":"ModelSetRunClock", "ph":"E", "ts":"1072955124", "pid":"1", "tid":"wave"},
{"name":"ModelAdvance", "ph":"B", "ts":"1072955205", "pid":"1", "tid":"wave"},
{"name":"ModelAdvance", "ph":"E", "ts":"1078085477", "pid":"1", "tid":"wave"},
{"name":"ModelSetRunClock", "ph":"B", "ts":"1080549271", "pid":"1", "tid":"wave"},
{"name":"ModelSetRunClock", "ph":"E", "ts":"1080549439", "pid":"1", "tid":"wave"},
{"name":"ModelAdvance", "ph":"B", "ts":"1080549529", "pid":"1", "tid":"wave"},
{"name":"ModelAdvance", "ph":"E", "ts":"1085621249", "pid":"1", "tid":"wave"},
{"name":"ModelSetRunClock", "ph":"B", "ts":"1088935465", "pid":"1", "tid":"wave"},
{"name":"ModelSetRunClock", "ph":"E", "ts":"1088935532", "pid":"1", "tid":"wave"},
{"name":"ModelAdvance", "ph":"B", "ts":"1088935623", "pid":"1", "tid":"wave"},
{"name":"ModelAdvance", "ph":"E", "ts":"1093938935", "pid":"1", "tid":"wave"},
{"name":"ModelSetRunClock", "ph":"B", "ts":"1096560997", "pid":"1", "tid":"wave"},
{"name":"ModelSetRunClock", "ph":"E", "ts":"1096561058", "pid":"1", "tid":"wave"},
{"name":"ModelAdvance", "ph":"B", "ts":"1096561140", "pid":"1", "tid":"wave"},
{"name":"ModelAdvance", "ph":"E", "ts":"1101431946", "pid":"1", "tid":"wave"},
{"name":"ModelSetRunClock", "ph":"B", "ts":"1104883947", "pid":"1", "tid":"wave"},
{"name":"ModelSetRunClock", "ph":"E", "ts":"1104884008", "pid":"1", "tid":"wave"},
{"name":"ModelAdvance", "ph":"B", "ts":"1104884086", "pid":"1", "tid":"wave"},
{"name":"ModelAdvance", "ph":"E", "ts":"1109610232", "pid":"1", "tid":"wave"},
{"name":"ModelSetRunClock", "ph":"B", "ts":"1112751242", "pid":"1", "tid":"wave"},
{"name":"ModelSetRunClock", "ph":"E", "ts":"1112751314", "pid":"1", "tid":"wave"},
{"name":"ModelAdvance", "ph":"B", "ts":"1112751411", "pid":"1", "tid":"wave"},
{"name":"ModelAdvance", "ph":"E", "ts":"1117467358", "pid":"1", "tid":"wave"},
{"name":"ModelSetRunClock", "ph":"B", "ts":"1121159430", "pid":"1", "tid":"wave"},
{"name":"ModelSetRunClock", "ph":"E", "ts":"1121159496", "pid":"1", "tid":"wave"},
{"name":"ModelAdvance", "ph":"B", "ts":"1121159587", "pid":"1", "tid":"wave"},
{"name":"ModelAdvance", "ph":"E", "ts":"1125839263", "pid":"1", "tid":"wave"},
{"name":"ModelSetRunClock", "ph":"B", "ts":"1128860548", "pid":"1", "tid":"wave"},
{"name":"ModelSetRunClock", "ph":"E", "ts":"1128860608", "pid":"1", "tid":"wave"},
{"name":"ModelAdvance", "ph":"B", "ts":"1128860687", "pid":"1", "tid":"wave"},
{"name":"ModelAdvance", "ph":"E", "ts":"1133504968", "pid":"1", "tid":"wave"},
{"name":"ModelSetRunClock", "ph":"B", "ts":"1137430939", "pid":"1", "tid":"wave"},
{"name":"ModelSetRunClock", "ph":"E", "ts":"1137431101", "pid":"1", "tid":"wave"},
{"name":"ModelAdvance", "ph":"B", "ts":"1137431221", "pid":"1", "tid":"wave"},
{"name":"ModelAdvance", "ph":"E", "ts":"1142117733", "pid":"1", "tid":"wave"},
{"name":"ModelSetRunClock", "ph":"B", "ts":"1145009066", "pid":"1", "tid":"wave"},
{"name":"ModelSetRunClock", "ph":"E", "ts":"1145009133", "pid":"1", "tid":"wave"},
{"name":"ModelAdvance", "ph":"B", "ts":"1145009219", "pid":"1", "tid":"wave"},
{"name":"ModelAdvance", "ph":"E", "ts":"1149746079", "pid":"1", "tid":"wave"},
{"name":"ModelSetRunClock", "ph":"B", "ts":"1153485991", "pid":"1", "tid":"wave"},
{"name":"ModelSetRunClock", "ph":"E", "ts":"1153486054", "pid":"1", "tid":"wave"},
{"name":"ModelAdvance", "ph":"B", "ts":"1153486146", "pid":"1", "tid":"wave"},
{"name":"ModelAdvance", "ph":"E", "ts":"1158204739", "pid":"1", "tid":"wave"},
{"name":"ModelSetRunClock", "ph":"B", "ts":"1161294213", "pid":"1", "tid":"wave"},
{"name":"ModelSetRunClock", "ph":"E", "ts":"1161294274", "pid":"1", "tid":"wave"},
{"name":"ModelAdvance", "ph":"B", "ts":"1161294352", "pid":"1", "tid":"wave"},
{"name":"ModelAdvance", "ph":"E", "ts":"1166025789", "pid":"1", "tid":"wave"},
{"name":"ModelSetRunClock", "ph":"B", "ts":"1169721817", "pid":"1", "tid":"wave"},
{"name":"ModelSetRunClock", "ph":"E", "ts":"1169721985", "pid":"1", "tid":"wave"},
{"name":"ModelAdvance", "ph":"B", "ts":"1169722072", "pid":"1", "tid":"wave"},
{"name":"ModelAdvance", "ph":"E", "ts":"1174486560", "pid":"1", "tid":"wave"},
{"name":"ModelSetRunClock", "ph":"B", "ts":"1177423290", "pid":"1", "tid":"wave"},
{"name":"ModelSetRunClock", "ph":"E", "ts":"1177423353", "pid":"1", "tid":"wave"},
{"name":"ModelAdvance", "ph":"B", "ts":"1177423441", "pid":"1", "tid":"wave"},
{"name":"ModelAdvance", "ph":"E", "ts":"1182281998", "pid":"1", "tid":"wave"},
{"name":"ModelSetRunClock", "ph":"B", "ts":"1185770133", "pid":"1", "tid":"wave"},
{"name":"ModelSetRunClock", "ph":"E", "ts":"1185770194", "pid":"1", "tid":"wave"},
{"name":"ModelAdvance", "ph":"B", "ts":"1185770274", "pid":"1", "tid":"wave"},
{"name":"ModelAdvance", "ph":"E", "ts":"1190587556", "pid":"1", "tid":"wave"},
{"name":"ModelSetRunClock", "ph":"B", "ts":"1193467151", "pid":"1", "tid":"wave"},
{"name":"ModelSetRunClock", "ph":"E", "ts":"1193467218", "pid":"1", "tid":"wave"},
{"name":"ModelAdvance", "ph":"B", "ts":"1193467314", "pid":"1", "tid":"wave"},
{"name":"ModelAdvance", "ph":"E", "ts":"1198284846", "pid":"1", "tid":"wave"},
{"name":"ModelSetRunClock", "ph":"B", "ts":"1201758075", "pid":"1", "tid":"wave"},
{"name":"ModelSetRunClock", "ph":"E", "ts":"1201758134", "pid":"1", "tid":"wave"},
{"name":"ModelAdvance", "ph":"B", "ts":"1201758213", "pid":"1", "tid":"wave"},
{"name":"ModelAdvance", "ph":"E", "ts":"1206511099", "pid":"1", "tid":"wave"},
{"name":"ModelFinalize", "ph":"B", "ts":"1206516452", "pid":"1", "tid":"wave"},
{"name":"ModelFinalize", "ph":"E", "ts":"1206516479", "pid":"1", "tid":"wave"},
