{"name":"SetServices", "ph":"B", "ts":"118465827", "pid":"1", "tid":"mom"},
{"name":"SetServices", "ph":"E", "ts":"118467558", "pid":"1", "tid":"mom"},
{"name":"InitializeP0", "ph":"B", "ts":"119680200", "pid":"1", "tid":"mom"},
{"name":"InitializeP0", "ph":"E", "ts":"119680682", "pid":"1", "tid":"mom"},
{"name":"InitializeAdvertise", "ph":"B", "ts":"142732567", "pid":"1", "tid":"mom"},
{"name":"InitializeAdvertise", "ph":"E", "ts":"228057612", "pid":"1", "tid":"mom"},
{"name":"InitializeRealize", "ph":"B", "ts":"347859996", "pid":"1", "tid":"mom"},
{"name":"InitializeRealize", "ph":"E", "ts":"353341495", "pid":"1", "tid":"mom"},
{"name":"DataInitialize", "ph":"B", "ts":"391002088", "pid":"1", "tid":"mom"},
{"name":"DataInitialize", "ph":"E", "ts":"391003284", "pid":"1", "tid":"mom"},
{"name":"ModelSetRunClock", "ph":"B", "ts":"416180308", "pid":"1", "tid":"mom"},
{"name":"ModelSetRunClock", "ph":"E", "ts":"416189290", "pid":"1", "tid":"mom"},
{"name":"ModelAdvance", "ph":"B", "ts":"416189471", "pid":"1", "tid":"mom"},
{"name":"ModelAdvance", "ph":"E", "ts":"423425505", "pid":"1", "tid":"mom"},
{"name":"ModelSetRunClock", "ph":"B", "ts":"429008284", "pid":"1", "tid":"mom"},
{"name":"ModelSetRunClock", "ph":"E", "ts":"429008346", "pid":"1", "tid":"mom"},
{"name":"ModelAdvance", "ph":"B", "ts":"429008530", "pid":"1", "tid":"mom"},
{"name":"ModelAdvance", "ph":"E", "ts":"434368900", "pid":"1", "tid":"mom"},
{"name":"ModelSetRunClock", "ph":"B", "ts":"442168892", "pid":"1", "tid":"mom"},
{"name":"ModelSetRunClock", "ph":"E", "ts":"442169040", "pid":"1", "tid":"mom"},
{"name":"ModelAdvance", "ph":"B", "ts":"442169195", "pid":"1", "tid":"mom"},
{"name":"ModelAdvance", "ph":"E", "ts":"447580521", "pid":"1", "tid":"mom"},
{"name":"ModelSetRunClock", "ph":"B", "ts":"455828266", "pid":"1", "tid":"mom"},
{"name":"ModelSetRunClock", "ph":"E", "ts":"455828328", "pid":"1", "tid":"mom"},
{"name":"ModelAdvance", "ph":"B", "ts":"455828495", "pid":"1", "tid":"mom"},
{"name":"ModelAdvance", "ph":"E", "ts":"461228066", "pid":"1", "tid":"mom"},
{"name":"ModelSetRunClock", "ph":"B", "ts":"468831194", "pid":"1", "tid":"mom"},
{"name":"ModelSetRunClock", "ph":"E", "ts":"468831255", "pid":"1", "tid":"mom"},
{"name":"ModelAdvance", "ph":"B", "ts":"468831407", "pid":"1", "tid":"mom"},
{"name":"ModelAdvance", "ph":"E", "ts":"474231333", "pid":"1", "tid":"mom"},
{"name":"ModelSetRunClock", "ph":"B", "ts":"479582416", "pid":"1", "tid":"mom"},
{"name":"ModelSetRunClock", "ph":"E", "ts":"479582481", "pid":"1", "tid":"mom"},
{"name":"ModelAdvance", "ph":"B", "ts":"479582659", "pid":"1", "tid":"mom"},
{"name":"ModelAdvance", "ph":"E", "ts":"485071275", "pid":"1", "tid":"mom"},
{"name":"ModelSetRunClock", "ph":"B", "ts":"504665302", "pid":"1", "tid":"mom"},
{"name":"ModelSetRunClock", "ph":"E", "ts":"504665505", "pid":"1", "tid":"mom"},
{"name":"ModelAdvance", "ph":"B", "ts":"504665710", "pid":"1", "tid":"mom"},
{"name":"ModelAdvance", "ph":"E", "ts":"510088961", "pid":"1", "tid":"mom"},
{"name":"ModelSetRunClock", "ph":"B", "ts":"513187895", "pid":"1", "tid":"mom"},
{"name":"ModelSetRunClock", "ph":"E", "ts":"513187958", "pid":"1", "tid":"mom"},
{"name":"ModelAdvance", "ph":"B", "ts":"513188118", "pid":"1", "tid":"mom"},
{"name":"ModelAdvance", "ph":"E", "ts":"518642299", "pid":"1", "tid":"mom"},
{"name":"ModelSetRunClock", "ph":"B", "ts":"521023805", "pid":"1", "tid":"mom"},
{"name":"ModelSetRunClock", "ph":"E", "ts":"521023881", "pid":"1", "tid":"mom"},
{"name":"ModelAdvance", "ph":"B", "ts":"521024060", "pid":"1", "tid":"mom"},
{"name":"ModelAdvance", "ph":"E", "ts":"526479573", "pid":"1", "tid":"mom"},
{"name":"ModelSetRunClock", "ph":"B", "ts":"529532973", "pid":"1", "tid":"mom"},
{"name":"ModelSetRunClock", "ph":"E", "ts":"529533042", "pid":"1", "tid":"mom"},
{"name":"ModelAdvance", "ph":"B", "ts":"529533212", "pid":"1", "tid":"mom"},
{"name":"ModelAdvance", "ph":"E", "ts":"534975601", "pid":"1", "tid":"mom"},
{"name":"ModelSetRunClock", "ph":"B", "ts":"537538031", "pid":"1", "tid":"mom"},
{"name":"ModelSetRunClock", "ph":"E", "ts":"537538110", "pid":"1", "tid":"mom"},
{"name":"ModelAdvance", "ph":"B", "ts":"537538399", "pid":"1", "tid":"mom"},
{"name":"ModelAdvance", "ph":"E", "ts":"542952657", "pid":"1", "tid":"mom"},
{"name":"ModelSetRunClock", "ph":"B", "ts":"546167284", "pid":"1", "tid":"mom"},
{"name":"ModelSetRunClock", "ph":"E", "ts":"546167364", "pid":"1", "tid":"mom"},
{"name":"ModelAdvance", "ph":"B", "ts":"546167543", "pid":"1", "tid":"mom"},
{"name":"ModelAdvance", "ph":"E", "ts":"551481322", "pid":"1", "tid":"mom"},
{"name":"ModelSetRunClock", "ph":"B", "ts":"554166420", "pid":"1", "tid":"mom"},
{"name":"ModelSetRunClock", "ph":"E", "ts":"554166477", "pid":"1", "tid":"mom"},
{"name":"ModelAdvance", "ph":"B", "ts":"554166636", "pid":"1", "tid":"mom"},
{"name":"ModelAdvance", "ph":"E", "ts":"559425458", "pid":"1", "tid":"mom"},
{"name":"ModelSetRunClock", "ph":"B", "ts":"562623574", "pid":"1", "tid":"mom"},
{"name":"ModelSetRunClock", "ph":"E", "ts":"562623650", "pid":"1", "tid":"mom"},
{"name":"ModelAdvance", "ph":"B", "ts":"562623859", "pid":"1", "tid":"mom"},
{"name":"ModelAdvance", "ph":"E", "ts":"567882687", "pid":"1", "tid":"mom"},
{"name":"ModelSetRunClock", "ph":"B", "ts":"570514394", "pid":"1", "tid":"mom"},
{"name":"ModelSetRunClock", "ph":"E", "ts":"570514513", "pid":"1", "tid":"mom"},
{"name":"ModelAdvance", "ph":"B", "ts":"570514725", "pid":"1", "tid":"mom"},
{"name":"ModelAdvance", "ph":"E", "ts":"575802357", "pid":"1", "tid":"mom"},
{"name":"ModelSetRunClock", "ph":"B", "ts":"579322166", "pid":"1", "tid":"mom"},
{"name":"ModelSetRunClock", "ph":"E", "ts":"579322226", "pid":"1", "tid":"mom"},
{"name":"ModelAdvance", "ph":"B", "ts":"579322391", "pid":"1", "tid":"mom"},
{"name":"ModelAdvance", "ph":"E", "ts":"584609769", "pid":"1", "tid":"mom"},
{"name":"ModelSetRunClock", "ph":"B", "ts":"587721470", "pid":"1", "tid":"mom"},
{"name":"ModelSetRunClock", "ph":"E", "ts":"587721530", "pid":"1", "tid":"mom"},
{"name":"ModelAdvance", "ph":"B", "ts":"587721694", "pid":"1", "tid":"mom"},
{"name":"ModelAdvance", "ph":"E", "ts":"593003567", "pid":"1", "tid":"mom"},
{"name":"ModelSetRunClock", "ph":"B", "ts":"596749772", "pid":"1", "tid":"mom"},
{"name":"ModelSetRunClock", "ph":"E", "ts":"596750051", "pid":"1", "tid":"mom"},
{"name":"ModelAdvance", "ph":"B", "ts":"596750267", "pid":"1", "tid":"mom"},
{"name":"ModelAdvance", "ph":"E", "ts":"602091565", "pid":"1", "tid":"mom"},
{"name":"ModelSetRunClock", "ph":"B", "ts":"605029885", "pid":"1", "tid":"mom"},
{"name":"ModelSetRunClock", "ph":"E", "ts":"605030012", "pid":"1", "tid":"mom"},
{"name":"ModelAdvance", "ph":"B", "ts":"605030262", "pid":"1", "tid":"mom"},
{"name":"ModelAdvance", "ph":"E", "ts":"610293719", "pid":"1", "tid":"mom"},
{"name":"ModelSetRunClock", "ph":"B", "ts":"613920950", "pid":"1", "tid":"mom"},
{"name":"ModelSetRunClock", "ph":"E", "ts":"613921018", "pid":"1", "tid":"mom"},
{"name":"ModelAdvance", "ph":"B", "ts":"613921190", "pid":"1", "tid":"mom"},
{"name":"ModelAdvance", "ph":"E", "ts":"619191756", "pid":"1", "tid":"mom"},
{"name":"ModelSetRunClock", "ph":"B", "ts":"622292324", "pid":"1", "tid":"mom"},
{"name":"ModelSetRunClock", "ph":"E", "ts":"622292379", "pid":"1", "tid":"mom"},
{"name":"ModelAdvance", "ph":"B", "ts":"622292561", "pid":"1", "tid":"mom"},
{"name":"ModelAdvance", "ph":"E", "ts":"627564255", "pid":"1", "tid":"mom"},
{"name":"ModelSetRunClock", "ph":"B", "ts":"631524327", "pid":"1", "tid":"mom"},
{"name":"ModelSetRunClock", "ph":"E", "ts":"631524423", "pid":"1", "tid":"mom"},
{"name":"ModelAdvance", "ph":"B", "ts":"631524722", "pid":"1", "tid":"mom"},
{"name":"ModelAdvance", "ph":"E", "ts":"636764702", "pid":"1", "tid":"mom"},
{"name":"ModelSetRunClock", "ph":"B", "ts":"640120896", "pid":"1", "tid":"mom"},
{"name":"ModelSetRunClock", "ph":"E", "ts":"640120994", "pid":"1", "tid":"mom"},
{"name":"ModelAdvance", "ph":"B", "ts":"640121212", "pid":"1", "tid":"mom"},
{"name":"ModelAdvance", "ph":"E", "ts":"645360101", "pid":"1", "tid":"mom"},
{"name":"ModelSetRunClock", "ph":"B", "ts":"649045267", "pid":"1", "tid":"mom"},
{"name":"ModelSetRunClock", "ph":"E", "ts":"649045382", "pid":"1", "tid":"mom"},
{"name":"ModelAdvance", "ph":"B", "ts":"649045888", "pid":"1", "tid":"mom"},
{"name":"ModelAdvance", "ph":"E", "ts":"654339451", "pid":"1", "tid":"mom"},
{"name":"ModelSetRunClock", "ph":"B", "ts":"657305249", "pid":"1", "tid":"mom"},
{"name":"ModelSetRunClock", "ph":"E", "ts":"657305398", "pid":"1", "tid":"mom"},
{"name":"ModelAdvance", "ph":"B", "ts":"657305558", "pid":"1", "tid":"mom"},
{"name":"ModelAdvance", "ph":"E", "ts":"662518283", "pid":"1", "tid":"mom"},
{"name":"ModelSetRunClock", "ph":"B", "ts":"666115614", "pid":"1", "tid":"mom"},
{"name":"ModelSetRunClock", "ph":"E", "ts":"666115729", "pid":"1", "tid":"mom"},
{"name":"ModelAdvance", "ph":"B", "ts":"666115958", "pid":"1", "tid":"mom"},
{"name":"ModelAdvance", "ph":"E", "ts":"671329348", "pid":"1", "tid":"mom"},
{"name":"ModelSetRunClock", "ph":"B", "ts":"673805960", "pid":"1", "tid":"mom"},
{"name":"ModelSetRunClock", "ph":"E", "ts":"673806021", "pid":"1", "tid":"mom"},
{"name":"ModelAdvance", "ph":"B", "ts":"673806186", "pid":"1", "tid":"mom"},
{"name":"ModelAdvance", "ph":"E", "ts":"679015049", "pid":"1", "tid":"mom"},
{"name":"ModelSetRunClock", "ph":"B", "ts":"682084502", "pid":"1", "tid":"mom"},
{"name":"ModelSetRunClock", "ph":"E", "ts":"682084577", "pid":"1", "tid":"mom"},
{"name":"ModelAdvance", "ph":"B", "ts":"682084751", "pid":"1", "tid":"mom"},
{"name":"ModelAdvance", "ph":"E", "ts":"687289769", "pid":"1", "tid":"mom"},
{"name":"ModelSetRunClock", "ph":"B", "ts":"689733714", "pid":"1", "tid":"mom"},
{"name":"ModelSetRunClock", "ph":"E", "ts":"689733776", "pid":"1", "tid":"mom"},
{"name":"ModelAdvance", "ph":"B", "ts":"689733955", "pid":"1", "tid":"mom"},
{"name":"ModelAdvance", "ph":"E", "ts":"694926197", "pid":"1", "tid":"mom"},
{"name":"ModelSetRunClock", "ph":"B", "ts":"698014749", "pid":"1", "tid":"mom"},
{"name":"ModelSetRunClock", "ph":"E", "ts":"698014817", "pid":"1", "tid":"mom"},
{"name":"ModelAdvance", "ph":"B", "ts":"698015004", "pid":"1", "tid":"mom"},
{"name":"ModelAdvance", "ph":"E", "ts":"703280254", "pid":"1", "tid":"mom"},
{"name":"ModelSetRunClock", "ph":"B", "ts":"705765510", "pid":"1", "tid":"mom"},
{"name":"ModelSetRunClock", "ph":"E", "ts":"705765572", "pid":"1", "tid":"mom"},
{"name":"ModelAdvance", "ph":"B", "ts":"705765731", "pid":"1", "tid":"mom"},
{"name":"ModelAdvance", "ph":"E", "ts":"710950411", "pid":"1", "tid":"mom"},
{"name":"ModelSetRunClock", "ph":"B", "ts":"714264614", "pid":"1", "tid":"mom"},
{"name":"ModelSetRunClock", "ph":"E", "ts":"714264683", "pid":"1", "tid":"mom"},
{"name":"ModelAdvance", "ph":"B", "ts":"714264855", "pid":"1", "tid":"mom"},
{"name":"ModelAdvance", "ph":"E", "ts":"719463144", "pid":"1", "tid":"mom"},
{"name":"ModelSetRunClock", "ph":"B", "ts":"721964808", "pid":"1", "tid":"mom"},
{"name":"ModelSetRunClock", "ph":"E", "ts":"721964866", "pid":"1", "tid":"mom"},
{"name":"ModelAdvance", "ph":"B", "ts":"721965029", "pid":"1", "tid":"mom"},
{"name":"ModelAdvance", "ph":"E", "ts":"727154564", "pid":"1", "tid":"mom"},
{"name":"ModelSetRunClock", "ph":"B", "ts":"730434235", "pid":"1", "tid":"mom"},
{"name":"ModelSetRunClock", "ph":"E", "ts":"730434297", "pid":"1", "tid":"mom"},
{"name":"ModelAdvance", "ph":"B", "ts":"730434468", "pid":"1", "tid":"mom"},
{"name":"ModelAdvance", "ph":"E", "ts":"735639953", "pid":"1", "tid":"mom"},
{"name":"ModelSetRunClock", "ph":"B", "ts":"738049261", "pid":"1", "tid":"mom"},
{"name":"ModelSetRunClock", "ph":"E", "ts":"738049344", "pid":"1", "tid":"mom"},
{"name":"ModelAdvance", "ph":"B", "ts":"738049537", "pid":"1", "tid":"mom"},
{"name":"ModelAdvance", "ph":"E", "ts":"743263578", "pid":"1", "tid":"mom"},
{"name":"ModelSetRunClock", "ph":"B", "ts":"746476915", "pid":"1", "tid":"mom"},
{"name":"ModelSetRunClock", "ph":"E", "ts":"746476978", "pid":"1", "tid":"mom"},
{"name":"ModelAdvance", "ph":"B", "ts":"746477144", "pid":"1", "tid":"mom"},
{"name":"ModelAdvance", "ph":"E", "ts":"751759059", "pid":"1", "tid":"mom"},
{"name":"ModelSetRunClock", "ph":"B", "ts":"754378080", "pid":"1", "tid":"mom"},
{"name":"ModelSetRunClock", "ph":"E", "ts":"754378140", "pid":"1", "tid":"mom"},
{"name":"ModelAdvance", "ph":"B", "ts":"754378420", "pid":"1", "tid":"mom"},
{"name":"ModelAdvance", "ph":"E", "ts":"759612691", "pid":"1", "tid":"mom"},
{"name":"ModelSetRunClock", "ph":"B", "ts":"763054411", "pid":"1", "tid":"mom"},
{"name":"ModelSetRunClock", "ph":"E", "ts":"763054553", "pid":"1", "tid":"mom"},
{"name":"ModelAdvance", "ph":"B", "ts":"763054794", "pid":"1", "tid":"mom"},
{"name":"ModelAdvance", "ph":"E", "ts":"768294293", "pid":"1", "tid":"mom"},
{"name":"ModelSetRunClock", "ph":"B", "ts":"770865167", "pid":"1", "tid":"mom"},
{"name":"ModelSetRunClock", "ph":"E", "ts":"770865223", "pid":"1", "tid":"mom"},
{"name":"ModelAdvance", "ph":"B", "ts":"770865393", "pid":"1", "tid":"mom"},
{"name":"ModelAdvance", "ph":"E", "ts":"776102041", "pid":"1", "tid":"mom"},
{"name":"ModelSetRunClock", "ph":"B", "ts":"779689007", "pid":"1", "tid":"mom"},
{"name":"ModelSetRunClock", "ph":"E", "ts":"779689273", "pid":"1", "tid":"mom"},
{"name":"ModelAdvance", "ph":"B", "ts":"779689477", "pid":"1", "tid":"mom"},
{"name":"ModelAdvance", "ph":"E", "ts":"784899129", "pid":"1", "tid":"mom"},
{"name":"ModelSetRunClock", "ph":"B", "ts":"788172350", "pid":"1", "tid":"mom"},
{"name":"ModelSetRunClock", "ph":"E", "ts":"788172482", "pid":"1", "tid":"mom"},
{"name":"ModelAdvance", "ph":"B", "ts":"788172776", "pid":"1", "tid":"mom"},
{"name":"ModelAdvance", "ph":"E", "ts":"793419110", "pid":"1", "tid":"mom"},
{"name":"ModelSetRunClock", "ph":"B", "ts":"797221463", "pid":"1", "tid":"mom"},
{"name":"ModelSetRunClock", "ph":"E", "ts":"797221613", "pid":"1", "tid":"mom"},
{"name":"ModelAdvance", "ph":"B", "ts":"797221856", "pid":"1", "tid":"mom"},
{"name":"ModelAdvance", "ph":"E", "ts":"802510912", "pid":"1", "tid":"mom"},
{"name":"ModelSetRunClock", "ph":"B", "ts":"805754186", "pid":"1", "tid":"mom"},
{"name":"ModelSetRunClock", "ph":"E", "ts":"805754241", "pid":"1", "tid":"mom"},
{"name":"ModelAdvance", "ph":"B", "ts":"805754399", "pid":"1", "tid":"mom"},
{"name":"ModelAdvance", "ph":"E", "ts":"810943621", "pid":"1", "tid":"mom"},
{"name":"ModelSetRunClock", "ph":"B", "ts":"828112663", "pid":"1", "tid":"mom"},
{"name":"ModelSetRunClock", "ph":"E", "ts":"828112748", "pid":"1", "tid":"mom"},
{"name":"ModelAdvance", "ph":"B", "ts":"828112949", "pid":"1", "tid":"mom"},
{"name":"ModelAdvance", "ph":"E", "ts":"833308805", "pid":"1", "tid":"mom"},
{"name":"ModelSetRunClock", "ph":"B", "ts":"836214171", "pid":"1", "tid":"mom"},
{"name":"ModelSetRunClock", "ph":"E", "ts":"836214293", "pid":"1", "tid":"mom"},
{"name":"ModelAdvance", "ph":"B", "ts":"836214517", "pid":"1", "tid":"mom"},
{"name":"ModelAdvance", "ph":"E", "ts":"841405296", "pid":"1", "tid":"mom"},
{"name":"ModelSetRunClock", "ph":"B", "ts":"844842362", "pid":"1", "tid":"mom"},
{"name":"ModelSetRunClock", "ph":"E", "ts":"844842426", "pid":"1", "tid":"mom"},
{"name":"ModelAdvance", "ph":"B", "ts":"844842598", "pid":"1", "tid":"mom"},
{"name":"ModelAdvance", "ph":"E", "ts":"850037581", "pid":"1", "tid":"mom"},
{"name":"ModelSetRunClock", "ph":"B", "ts":"852527983", "pid":"1", "tid":"mom"},
{"name":"ModelSetRunClock", "ph":"E", "ts":"852528043", "pid":"1", "tid":"mom"},
{"name":"ModelAdvance", "ph":"B", "ts":"852528206", "pid":"1", "tid":"mom"},
{"name":"ModelAdvance", "ph":"E", "ts":"857739182", "pid":"1", "tid":"mom"},
{"name":"ModelSetRunClock", "ph":"B", "ts":"860853579", "pid":"1", "tid":"mom"},
{"name":"ModelSetRunClock", "ph":"E", "ts":"860853639", "pid":"1", "tid":"mom"},
{"name":"ModelAdvance", "ph":"B", "ts":"860853802", "pid":"1", "tid":"mom"},
{"name":"ModelAdvance", "ph":"E", "ts":"866140212", "pid":"1", "tid":"mom"},
{"name":"ModelSetRunClock", "ph":"B", "ts":"868631142", "pid":"1", "tid":"mom"},
{"name":"ModelSetRunClock", "ph":"E", "ts":"868631198", "pid":"1", "tid":"mom"},
{"name":"ModelAdvance", "ph":"B", "ts":"868631357", "pid":"1", "tid":"mom"},
{"name":"ModelAdvance", "ph":"E", "ts":"873870213", "pid":"1", "tid":"mom"},
{"name":"ModelSetRunClock", "ph":"B", "ts":"877335884", "pid":"1", "tid":"mom"},
{"name":"ModelSetRunClock", "ph":"E", "ts":"877335945", "pid":"1", "tid":"mom"},
{"name":"ModelAdvance", "ph":"B", "ts":"877336204", "pid":"1", "tid":"mom"},
{"name":"ModelAdvance", "ph":"E", "ts":"882576605", "pid":"1", "tid":"mom"},
{"name":"ModelSetRunClock", "ph":"B", "ts":"885442288", "pid":"1", "tid":"mom"},
{"name":"ModelSetRunClock", "ph":"E", "ts":"885442405", "pid":"1", "tid":"mom"},
{"name":"ModelAdvance", "ph":"B", "ts":"885442643", "pid":"1", "tid":"mom"},
{"name":"ModelAdvance", "ph":"E", "ts":"890705325", "pid":"1", "tid":"mom"},
{"name":"ModelSetRunClock", "ph":"B", "ts":"893901935", "pid":"1", "tid":"mom"},
{"name":"ModelSetRunClock", "ph":"E", "ts":"893902021", "pid":"1", "tid":"mom"},
{"name":"ModelAdvance", "ph":"B", "ts":"893902221", "pid":"1", "tid":"mom"},
{"name":"ModelAdvance", "ph":"E", "ts":"899146990", "pid":"1", "tid":"mom"},
{"name":"ModelSetRunClock", "ph":"B", "ts":"901610530", "pid":"1", "tid":"mom"},
{"name":"ModelSetRunClock", "ph":"E", "ts":"901610607", "pid":"1", "tid":"mom"},
{"name":"ModelAdvance", "ph":"B", "ts":"901610798", "pid":"1", "tid":"mom"},
{"name":"ModelAdvance", "ph":"E", "ts":"906858044", "pid":"1", "tid":"mom"},
{"name":"ModelSetRunClock", "ph":"B", "ts":"910172079", "pid":"1", "tid":"mom"},
{"name":"ModelSetRunClock", "ph":"E", "ts":"910172133", "pid":"1", "tid":"mom"},
{"name":"ModelAdvance", "ph":"B", "ts":"910172280", "pid":"1", "tid":"mom"},
{"name":"ModelAdvance", "ph":"E", "ts":"915493722", "pid":"1", "tid":"mom"},
{"name":"ModelSetRunClock", "ph":"B", "ts":"918583596", "pid":"1", "tid":"mom"},
{"name":"ModelSetRunClock", "ph":"E", "ts":"918583654", "pid":"1", "tid":"mom"},
{"name":"ModelAdvance", "ph":"B", "ts":"918583827", "pid":"1", "tid":"mom"},
{"name":"ModelAdvance", "ph":"E", "ts":"923827944", "pid":"1", "tid":"mom"},
{"name":"ModelSetRunClock", "ph":"B", "ts":"927416520", "pid":"1", "tid":"mom"},
{"name":"ModelSetRunClock", "ph":"E", "ts":"927416592", "pid":"1", "tid":"mom"},
{"name":"ModelAdvance", "ph":"B", "ts":"927416779", "pid":"1", "tid":"mom"},
{"name":"ModelAdvance", "ph":"E", "ts":"932631673", "pid":"1", "tid":"mom"},
{"name":"ModelSetRunClock", "ph":"B", "ts":"935459469", "pid":"1", "tid":"mom"},
{"name":"ModelSetRunClock", "ph":"E", "ts":"935459574", "pid":"1", "tid":"mom"},
{"name":"ModelAdvance", "ph":"B", "ts":"935459811", "pid":"1", "tid":"mom"},
{"name":"ModelAdvance", "ph":"E", "ts":"940666591", "pid":"1", "tid":"mom"},
{"name":"ModelSetRunClock", "ph":"B", "ts":"943941622", "pid":"1", "tid":"mom"},
{"name":"ModelSetRunClock", "ph":"E", "ts":"943941732", "pid":"1", "tid":"mom"},
{"name":"ModelAdvance", "ph":"B", "ts":"943942025", "pid":"1", "tid":"mom"},
{"name":"ModelAdvance", "ph":"E", "ts":"949154460", "pid":"1", "tid":"mom"},
{"name":"ModelSetRunClock", "ph":"B", "ts":"951573244", "pid":"1", "tid":"mom"},
{"name":"ModelSetRunClock", "ph":"E", "ts":"951573346", "pid":"1", "tid":"mom"},
{"name":"ModelAdvance", "ph":"B", "ts":"951573605", "pid":"1", "tid":"mom"},
{"name":"ModelAdvance", "ph":"E", "ts":"956767796", "pid":"1", "tid":"mom"},
{"name":"ModelSetRunClock", "ph":"B", "ts":"959827231", "pid":"1", "tid":"mom"},
{"name":"ModelSetRunClock", "ph":"E", "ts":"959827286", "pid":"1", "tid":"mom"},
{"name":"ModelAdvance", "ph":"B", "ts":"959827438", "pid":"1", "tid":"mom"},
{"name":"ModelAdvance", "ph":"E", "ts":"965099413", "pid":"1", "tid":"mom"},
{"name":"ModelSetRunClock", "ph":"B", "ts":"967511379", "pid":"1", "tid":"mom"},
{"name":"ModelSetRunClock", "ph":"E", "ts":"967511442", "pid":"1", "tid":"mom"},
{"name":"ModelAdvance", "ph":"B", "ts":"967511610", "pid":"1", "tid":"mom"},
{"name":"ModelAdvance", "ph":"E", "ts":"972718113", "pid":"1", "tid":"mom"},
{"name":"ModelSetRunClock", "ph":"B", "ts":"975894936", "pid":"1", "tid":"mom"},
{"name":"ModelSetRunClock", "ph":"E", "ts":"975895002", "pid":"1", "tid":"mom"},
{"name":"ModelAdvance", "ph":"B", "ts":"975895192", "pid":"1", "tid":"mom"},
{"name":"ModelAdvance", "ph":"E", "ts":"981080533", "pid":"1", "tid":"mom"},
{"name":"ModelSetRunClock", "ph":"B", "ts":"983888860", "pid":"1", "tid":"mom"},
{"name":"ModelSetRunClock", "ph":"E", "ts":"983888958", "pid":"1", "tid":"mom"},
{"name":"ModelAdvance", "ph":"B", "ts":"983889445", "pid":"1", "tid":"mom"},
{"name":"ModelAdvance", "ph":"E", "ts":"989085798", "pid":"1", "tid":"mom"},
{"name":"ModelSetRunClock", "ph":"B", "ts":"992337288", "pid":"1", "tid":"mom"},
{"name":"ModelSetRunClock", "ph":"E", "ts":"992337351", "pid":"1", "tid":"mom"},
{"name":"ModelAdvance", "ph":"B", "ts":"992337508", "pid":"1", "tid":"mom"},
{"name":"ModelAdvance", "ph":"E", "ts":"997543364", "pid":"1", "tid":"mom"},
{"name":"ModelSetRunClock", "ph":"B", "ts":"1000099338", "pid":"1", "tid":"mom"},
{"name":"ModelSetRunClock", "ph":"E", "ts":"1000099481", "pid":"1", "tid":"mom"},
{"name":"ModelAdvance", "ph":"B", "ts":"1000099651", "pid":"1", "tid":"mom"},
{"name":"ModelAdvance", "ph":"E", "ts":"1005312599", "pid":"1", "tid":"mom"},
{"name":"ModelSetRunClock", "ph":"B", "ts":"1008622397", "pid":"1", "tid":"mom"},
{"name":"ModelSetRunClock", "ph":"E", "ts":"1008622449", "pid":"1", "tid":"mom"},
{"name":"ModelAdvance", "ph":"B", "ts":"1008622609", "pid":"1", "tid":"mom"},
{"name":"ModelAdvance", "ph":"E", "ts":"1013890470", "pid":"1", "tid":"mom"},
{"name":"ModelSetRunClock", "ph":"B", "ts":"1016510689", "pid":"1", "tid":"mom"},
{"name":"ModelSetRunClock", "ph":"E", "ts":"1016510752", "pid":"1", "tid":"mom"},
{"name":"ModelAdvance", "ph":"B", "ts":"1016510920", "pid":"1", "tid":"mom"},
{"name":"ModelAdvance", "ph":"E", "ts":"1021703938", "pid":"1", "tid":"mom"},
{"name":"ModelSetRunClock", "ph":"B", "ts":"1025040700", "pid":"1", "tid":"mom"},
{"name":"ModelSetRunClock", "ph":"E", "ts":"1025040767", "pid":"1", "tid":"mom"},
{"name":"ModelAdvance", "ph":"B", "ts":"1025040948", "pid":"1", "tid":"mom"},
{"name":"ModelAdvance", "ph":"E", "ts":"1030242599", "pid":"1", "tid":"mom"},
{"name":"ModelSetRunClock", "ph":"B", "ts":"1032685704", "pid":"1", "tid":"mom"},
{"name":"ModelSetRunClock", "ph":"E", "ts":"1032685785", "pid":"1", "tid":"mom"},
{"name":"ModelAdvance", "ph":"B", "ts":"1032685980", "pid":"1", "tid":"mom"},
{"name":"ModelAdvance", "ph":"E", "ts":"1037922610", "pid":"1", "tid":"mom"},
{"name":"ModelSetRunClock", "ph":"B", "ts":"1040978776", "pid":"1", "tid":"mom"},
{"name":"ModelSetRunClock", "ph":"E", "ts":"1040978836", "pid":"1", "tid":"mom"},
{"name":"ModelAdvance", "ph":"B", "ts":"1040979000", "pid":"1", "tid":"mom"},
{"name":"ModelAdvance", "ph":"E", "ts":"1046196059", "pid":"1", "tid":"mom"},
{"name":"ModelSetRunClock", "ph":"B", "ts":"1048672868", "pid":"1", "tid":"mom"},
{"name":"ModelSetRunClock", "ph":"E", "ts":"1048672934", "pid":"1", "tid":"mom"},
{"name":"ModelAdvance", "ph":"B", "ts":"1048673112", "pid":"1", "tid":"mom"},
{"name":"ModelAdvance", "ph":"E", "ts":"1053896811", "pid":"1", "tid":"mom"},
{"name":"ModelSetRunClock", "ph":"B", "ts":"1056977328", "pid":"1", "tid":"mom"},
{"name":"ModelSetRunClock", "ph":"E", "ts":"1056977400", "pid":"1", "tid":"mom"},
{"name":"ModelAdvance", "ph":"B", "ts":"1056977620", "pid":"1", "tid":"mom"},
{"name":"ModelAdvance", "ph":"E", "ts":"1062267588", "pid":"1", "tid":"mom"},
{"name":"ModelSetRunClock", "ph":"B", "ts":"1064601786", "pid":"1", "tid":"mom"},
{"name":"ModelSetRunClock", "ph":"E", "ts":"1064601923", "pid":"1", "tid":"mom"},
{"name":"ModelAdvance", "ph":"B", "ts":"1064602147", "pid":"1", "tid":"mom"},
{"name":"ModelAdvance", "ph":"E", "ts":"1069813950", "pid":"1", "tid":"mom"},
{"name":"ModelSetRunClock", "ph":"B", "ts":"1072965012", "pid":"1", "tid":"mom"},
{"name":"ModelSetRunClock", "ph":"E", "ts":"1072965075", "pid":"1", "tid":"mom"},
{"name":"ModelAdvance", "ph":"B", "ts":"1072965239", "pid":"1", "tid":"mom"},
{"name":"ModelAdvance", "ph":"E", "ts":"1078175586", "pid":"1", "tid":"mom"},
{"name":"ModelSetRunClock", "ph":"B", "ts":"1080561898", "pid":"1", "tid":"mom"},
{"name":"ModelSetRunClock", "ph":"E", "ts":"1080561974", "pid":"1", "tid":"mom"},
{"name":"ModelAdvance", "ph":"B", "ts":"1080562168", "pid":"1", "tid":"mom"},
{"name":"ModelAdvance", "ph":"E", "ts":"1085768005", "pid":"1", "tid":"mom"},
{"name":"ModelSetRunClock", "ph":"B", "ts":"1088944931", "pid":"1", "tid":"mom"},
{"name":"ModelSetRunClock", "ph":"E", "ts":"1088945091", "pid":"1", "tid":"mom"},
{"name":"ModelAdvance", "ph":"B", "ts":"1088945249", "pid":"1", "tid":"mom"},
{"name":"ModelAdvance", "ph":"E", "ts":"1094144730", "pid":"1", "tid":"mom"},
{"name":"ModelSetRunClock", "ph":"B", "ts":"1096570443", "pid":"1", "tid":"mom"},
{"name":"ModelSetRunClock", "ph":"E", "ts":"1096570507", "pid":"1", "tid":"mom"},
{"name":"ModelAdvance", "ph":"B", "ts":"1096570669", "pid":"1", "tid":"mom"},
{"name":"ModelAdvance", "ph":"E", "ts":"1101770694", "pid":"1", "tid":"mom"},
{"name":"ModelSetRunClock", "ph":"B", "ts":"1104893212", "pid":"1", "tid":"mom"},
{"name":"ModelSetRunClock", "ph":"E", "ts":"1104893271", "pid":"1", "tid":"mom"},
{"name":"ModelAdvance", "ph":"B", "ts":"1104893431", "pid":"1", "tid":"mom"},
{"name":"ModelAdvance", "ph":"E", "ts":"1110156958", "pid":"1", "tid":"mom"},
{"name":"ModelSetRunClock", "ph":"B", "ts":"1112764095", "pid":"1", "tid":"mom"},
{"name":"ModelSetRunClock", "ph":"E", "ts":"1112764186", "pid":"1", "tid":"mom"},
{"name":"ModelAdvance", "ph":"B", "ts":"1112764382", "pid":"1", "tid":"mom"},
{"name":"ModelAdvance", "ph":"E", "ts":"1117949421", "pid":"1", "tid":"mom"},
{"name":"ModelSetRunClock", "ph":"B", "ts":"1121170083", "pid":"1", "tid":"mom"},
{"name":"ModelSetRunClock", "ph":"E", "ts":"1121170144", "pid":"1", "tid":"mom"},
{"name":"ModelAdvance", "ph":"B", "ts":"1121170322", "pid":"1", "tid":"mom"},
{"name":"ModelAdvance", "ph":"E", "ts":"1126329438", "pid":"1", "tid":"mom"},
{"name":"ModelSetRunClock", "ph":"B", "ts":"1128871603", "pid":"1", "tid":"mom"},
{"name":"ModelSetRunClock", "ph":"E", "ts":"1128871677", "pid":"1", "tid":"mom"},
{"name":"ModelAdvance", "ph":"B", "ts":"1128871874", "pid":"1", "tid":"mom"},
{"name":"ModelAdvance", "ph":"E", "ts":"1134085902", "pid":"1", "tid":"mom"},
{"name":"ModelSetRunClock", "ph":"B", "ts":"1137442395", "pid":"1", "tid":"mom"},
{"name":"ModelSetRunClock", "ph":"E", "ts":"1137442468", "pid":"1", "tid":"mom"},
{"name":"ModelAdvance", "ph":"B", "ts":"1137442665", "pid":"1", "tid":"mom"},
{"name":"ModelAdvance", "ph":"E", "ts":"1142665338", "pid":"1", "tid":"mom"},
{"name":"ModelSetRunClock", "ph":"B", "ts":"1145020023", "pid":"1", "tid":"mom"},
{"name":"ModelSetRunClock", "ph":"E", "ts":"1145020086", "pid":"1", "tid":"mom"},
{"name":"ModelAdvance", "ph":"B", "ts":"1145020273", "pid":"1", "tid":"mom"},
{"name":"ModelAdvance", "ph":"E", "ts":"1150248696", "pid":"1", "tid":"mom"},
{"name":"ModelSetRunClock", "ph":"B", "ts":"1153495999", "pid":"1", "tid":"mom"},
{"name":"ModelSetRunClock", "ph":"E", "ts":"1153496158", "pid":"1", "tid":"mom"},
{"name":"ModelAdvance", "ph":"B", "ts":"1153496338", "pid":"1", "tid":"mom"},
{"name":"ModelAdvance", "ph":"E", "ts":"1158773540", "pid":"1", "tid":"mom"},
{"name":"ModelSetRunClock", "ph":"B", "ts":"1161301596", "pid":"1", "tid":"mom"},
{"name":"ModelSetRunClock", "ph":"E", "ts":"1161301661", "pid":"1", "tid":"mom"},
{"name":"ModelAdvance", "ph":"B", "ts":"1161301828", "pid":"1", "tid":"mom"},
{"name":"ModelAdvance", "ph":"E", "ts":"1166560250", "pid":"1", "tid":"mom"},
{"name":"ModelSetRunClock", "ph":"B", "ts":"1169733739", "pid":"1", "tid":"mom"},
{"name":"ModelSetRunClock", "ph":"E", "ts":"1169733849", "pid":"1", "tid":"mom"},
{"name":"ModelAdvance", "ph":"B", "ts":"1169734063", "pid":"1", "tid":"mom"},
{"name":"ModelAdvance", "ph":"E", "ts":"1174917095", "pid":"1", "tid":"mom"},
{"name":"ModelSetRunClock", "ph":"B", "ts":"1177434210", "pid":"1", "tid":"mom"},
{"name":"ModelSetRunClock", "ph":"E", "ts":"1177434270", "pid":"1", "tid":"mom"},
{"name":"ModelAdvance", "ph":"B", "ts":"1177434456", "pid":"1", "tid":"mom"},
{"name":"ModelAdvance", "ph":"E", "ts":"1182642217", "pid":"1", "tid":"mom"},
{"name":"ModelSetRunClock", "ph":"B", "ts":"1185781408", "pid":"1", "tid":"mom"},
{"name":"ModelSetRunClock", "ph":"E", "ts":"1185781623", "pid":"1", "tid":"mom"},
{"name":"ModelAdvance", "ph":"B", "ts":"1185781836", "pid":"1", "tid":"mom"},
{"name":"ModelAdvance", "ph":"E", "ts":"1190964708", "pid":"1", "tid":"mom"},
{"name":"ModelSetRunClock", "ph":"B", "ts":"1193480041", "pid":"1", "tid":"mom"},
{"name":"ModelSetRunClock", "ph":"E", "ts":"1193480130", "pid":"1", "tid":"mom"},
{"name":"ModelAdvance", "ph":"B", "ts":"1193480343", "pid":"1", "tid":"mom"},
{"name":"ModelAdvance", "ph":"E", "ts":"1198697083", "pid":"1", "tid":"mom"},
{"name":"ModelSetRunClock", "ph":"B", "ts":"1201769340", "pid":"1", "tid":"mom"},
{"name":"ModelSetRunClock", "ph":"E", "ts":"1201769403", "pid":"1", "tid":"mom"},
{"name":"ModelAdvance", "ph":"B", "ts":"1201769583", "pid":"1", "tid":"mom"},
{"name":"ModelAdvance", "ph":"E", "ts":"1207018749", "pid":"1", "tid":"mom"},
{"name":"ModelFinalize", "ph":"B", "ts":"1207024917", "pid":"1", "tid":"mom"},
{"name":"ModelFinalize", "ph":"E", "ts":"1207112529", "pid":"1", "tid":"mom"},
