{"name":"SetServices", "ph":"B", "ts":"61242727", "pid":"1", "tid":"mom"},
{"name":"SetServices", "ph":"E", "ts":"61245194", "pid":"1", "tid":"mom"},
{"name":"InitializeP0", "ph":"B", "ts":"62458042", "pid":"1", "tid":"mom"},
{"name":"InitializeP0", "ph":"E", "ts":"62458437", "pid":"1", "tid":"mom"},
{"name":"InitializeAdvertise", "ph":"B", "ts":"87433931", "pid":"1", "tid":"mom"},
{"name":"InitializeAdvertise", "ph":"E", "ts":"180976662", "pid":"1", "tid":"mom"},
{"name":"InitializeRealize", "ph":"B", "ts":"304490883", "pid":"1", "tid":"mom"},
{"name":"InitializeRealize", "ph":"E", "ts":"310489474", "pid":"1", "tid":"mom"},
{"name":"DataInitialize", "ph":"B", "ts":"347458151", "pid":"1", "tid":"mom"},
{"name":"DataInitialize", "ph":"E", "ts":"347459253", "pid":"1", "tid":"mom"},
{"name":"ModelSetRunClock", "ph":"B", "ts":"403594205", "pid":"1", "tid":"mom"},
{"name":"ModelSetRunClock", "ph":"E", "ts":"403603185", "pid":"1", "tid":"mom"},
{"name":"ModelAdvance", "ph":"B", "ts":"403603386", "pid":"1", "tid":"mom"},
{"name":"ModelAdvance", "ph":"E", "ts":"409933928", "pid":"1", "tid":"mom"},
{"name":"ModelSetRunClock", "ph":"B", "ts":"416864176", "pid":"1", "tid":"mom"},
{"name":"ModelSetRunClock", "ph":"E", "ts":"416864312", "pid":"1", "tid":"mom"},
{"name":"ModelAdvance", "ph":"B", "ts":"416864587", "pid":"1", "tid":"mom"},
{"name":"ModelAdvance", "ph":"E", "ts":"422222935", "pid":"1", "tid":"mom"},
{"name":"ModelSetRunClock", "ph":"B", "ts":"424295867", "pid":"1", "tid":"mom"},
{"name":"ModelSetRunClock", "ph":"E", "ts":"424295946", "pid":"1", "tid":"mom"},
{"name":"ModelAdvance", "ph":"B", "ts":"424296129", "pid":"1", "tid":"mom"},
{"name":"ModelAdvance", "ph":"E", "ts":"429645444", "pid":"1", "tid":"mom"},
{"name":"ModelSetRunClock", "ph":"B", "ts":"432490547", "pid":"1", "tid":"mom"},
{"name":"ModelSetRunClock", "ph":"E", "ts":"432490620", "pid":"1", "tid":"mom"},
{"name":"ModelAdvance", "ph":"B", "ts":"432490812", "pid":"1", "tid":"mom"},
{"name":"ModelAdvance", "ph":"E", "ts":"437839588", "pid":"1", "tid":"mom"},
{"name":"ModelSetRunClock", "ph":"B", "ts":"440804203", "pid":"1", "tid":"mom"},
{"name":"ModelSetRunClock", "ph":"E", "ts":"440804288", "pid":"1", "tid":"mom"},
{"name":"ModelAdvance", "ph":"B", "ts":"440804471", "pid":"1", "tid":"mom"},
{"name":"ModelAdvance", "ph":"E", "ts":"446163448", "pid":"1", "tid":"mom"},
{"name":"ModelSetRunClock", "ph":"B", "ts":"449094940", "pid":"1", "tid":"mom"},
{"name":"ModelSetRunClock", "ph":"E", "ts":"449095011", "pid":"1", "tid":"mom"},
{"name":"ModelAdvance", "ph":"B", "ts":"449095208", "pid":"1", "tid":"mom"},
{"name":"ModelAdvance", "ph":"E", "ts":"454506215", "pid":"1", "tid":"mom"},
{"name":"ModelSetRunClock", "ph":"B", "ts":"473267068", "pid":"1", "tid":"mom"},
{"name":"ModelSetRunClock", "ph":"E", "ts":"473267237", "pid":"1", "tid":"mom"},
{"name":"ModelAdvance", "ph":"B", "ts":"473267393", "pid":"1", "tid":"mom"},
{"name":"ModelAdvance", "ph":"E", "ts":"478649113", "pid":"1", "tid":"mom"},
{"name":"ModelSetRunClock", "ph":"B", "ts":"481567226", "pid":"1", "tid":"mom"},
{"name":"ModelSetRunClock", "ph":"E", "ts":"481567290", "pid":"1", "tid":"mom"},
{"name":"ModelAdvance", "ph":"B", "ts":"481567457", "pid":"1", "tid":"mom"},
{"name":"ModelAdvance", "ph":"E", "ts":"486962317", "pid":"1", "tid":"mom"},
{"name":"ModelSetRunClock", "ph":"B", "ts":"489138447", "pid":"1", "tid":"mom"},
{"name":"ModelSetRunClock", "ph":"E", "ts":"489138512", "pid":"1", "tid":"mom"},
{"name":"ModelAdvance", "ph":"B", "ts":"489138675", "pid":"1", "tid":"mom"},
{"name":"ModelAdvance", "ph":"E", "ts":"494522281", "pid":"1", "tid":"mom"},
{"name":"ModelSetRunClock", "ph":"B", "ts":"497541715", "pid":"1", "tid":"mom"},
{"name":"ModelSetRunClock", "ph":"E", "ts":"497541794", "pid":"1", "tid":"mom"},
{"name":"ModelAdvance", "ph":"B", "ts":"497541989", "pid":"1", "tid":"mom"},
{"name":"ModelAdvance", "ph":"E", "ts":"502925145", "pid":"1", "tid":"mom"},
{"name":"ModelSetRunClock", "ph":"B", "ts":"505268537", "pid":"1", "tid":"mom"},
{"name":"ModelSetRunClock", "ph":"E", "ts":"505268596", "pid":"1", "tid":"mom"},
{"name":"ModelAdvance", "ph":"B", "ts":"505268877", "pid":"1", "tid":"mom"},
{"name":"ModelAdvance", "ph":"E", "ts":"510660436", "pid":"1", "tid":"mom"},
{"name":"ModelSetRunClock", "ph":"B", "ts":"513593673", "pid":"1", "tid":"mom"},
{"name":"ModelSetRunClock", "ph":"E", "ts":"513593742", "pid":"1", "tid":"mom"},
{"name":"ModelAdvance", "ph":"B", "ts":"513593915", "pid":"1", "tid":"mom"},
{"name":"ModelAdvance", "ph":"E", "ts":"518885249", "pid":"1", "tid":"mom"},
{"name":"ModelSetRunClock", "ph":"B", "ts":"521281558", "pid":"1", "tid":"mom"},
{"name":"ModelSetRunClock", "ph":"E", "ts":"521281620", "pid":"1", "tid":"mom"},
{"name":"ModelAdvance", "ph":"B", "ts":"521281796", "pid":"1", "tid":"mom"},
{"name":"ModelAdvance", "ph":"E", "ts":"526525363", "pid":"1", "tid":"mom"},
{"name":"ModelSetRunClock", "ph":"B", "ts":"529585541", "pid":"1", "tid":"mom"},
{"name":"ModelSetRunClock", "ph":"E", "ts":"529585614", "pid":"1", "tid":"mom"},
{"name":"ModelAdvance", "ph":"B", "ts":"529585788", "pid":"1", "tid":"mom"},
{"name":"ModelAdvance", "ph":"E", "ts":"534829330", "pid":"1", "tid":"mom"},
{"name":"ModelSetRunClock", "ph":"B", "ts":"537150161", "pid":"1", "tid":"mom"},
{"name":"ModelSetRunClock", "ph":"E", "ts":"537150231", "pid":"1", "tid":"mom"},
{"name":"ModelAdvance", "ph":"B", "ts":"537150402", "pid":"1", "tid":"mom"},
{"name":"ModelAdvance", "ph":"E", "ts":"542396232", "pid":"1", "tid":"mom"},
{"name":"ModelSetRunClock", "ph":"B", "ts":"545676095", "pid":"1", "tid":"mom"},
{"name":"ModelSetRunClock", "ph":"E", "ts":"545676159", "pid":"1", "tid":"mom"},
{"name":"ModelAdvance", "ph":"B", "ts":"545676354", "pid":"1", "tid":"mom"},
{"name":"ModelAdvance", "ph":"E", "ts":"550931895", "pid":"1", "tid":"mom"},
{"name":"ModelSetRunClock", "ph":"B", "ts":"553837287", "pid":"1", "tid":"mom"},
{"name":"ModelSetRunClock", "ph":"E", "ts":"553837350", "pid":"1", "tid":"mom"},
{"name":"ModelAdvance", "ph":"B", "ts":"553837528", "pid":"1", "tid":"mom"},
{"name":"ModelAdvance", "ph":"E", "ts":"559098140", "pid":"1", "tid":"mom"},
{"name":"ModelSetRunClock", "ph":"B", "ts":"562569077", "pid":"1", "tid":"mom"},
{"name":"ModelSetRunClock", "ph":"E", "ts":"562569154", "pid":"1", "tid":"mom"},
{"name":"ModelAdvance", "ph":"B", "ts":"562569339", "pid":"1", "tid":"mom"},
{"name":"ModelAdvance", "ph":"E", "ts":"567885222", "pid":"1", "tid":"mom"},
{"name":"ModelSetRunClock", "ph":"B", "ts":"570814185", "pid":"1", "tid":"mom"},
{"name":"ModelSetRunClock", "ph":"E", "ts":"570814253", "pid":"1", "tid":"mom"},
{"name":"ModelAdvance", "ph":"B", "ts":"570814418", "pid":"1", "tid":"mom"},
{"name":"ModelAdvance", "ph":"E", "ts":"576057449", "pid":"1", "tid":"mom"},
{"name":"ModelSetRunClock", "ph":"B", "ts":"579605346", "pid":"1", "tid":"mom"},
{"name":"ModelSetRunClock", "ph":"E", "ts":"579605412", "pid":"1", "tid":"mom"},
{"name":"ModelAdvance", "ph":"B", "ts":"579605579", "pid":"1", "tid":"mom"},
{"name":"ModelAdvance", "ph":"E", "ts":"584852015", "pid":"1", "tid":"mom"},
{"name":"ModelSetRunClock", "ph":"B", "ts":"587714815", "pid":"1", "tid":"mom"},
{"name":"ModelSetRunClock", "ph":"E", "ts":"587714893", "pid":"1", "tid":"mom"},
{"name":"ModelAdvance", "ph":"B", "ts":"587715103", "pid":"1", "tid":"mom"},
{"name":"ModelAdvance", "ph":"E", "ts":"592935116", "pid":"1", "tid":"mom"},
{"name":"ModelSetRunClock", "ph":"B", "ts":"596618012", "pid":"1", "tid":"mom"},
{"name":"ModelSetRunClock", "ph":"E", "ts":"596618076", "pid":"1", "tid":"mom"},
{"name":"ModelAdvance", "ph":"B", "ts":"596618231", "pid":"1", "tid":"mom"},
{"name":"ModelAdvance", "ph":"E", "ts":"601841116", "pid":"1", "tid":"mom"},
{"name":"ModelSetRunClock", "ph":"B", "ts":"604949096", "pid":"1", "tid":"mom"},
{"name":"ModelSetRunClock", "ph":"E", "ts":"604949283", "pid":"1", "tid":"mom"},
{"name":"ModelAdvance", "ph":"B", "ts":"604949465", "pid":"1", "tid":"mom"},
{"name":"ModelAdvance", "ph":"E", "ts":"610164227", "pid":"1", "tid":"mom"},
{"name":"ModelSetRunClock", "ph":"B", "ts":"613657073", "pid":"1", "tid":"mom"},
{"name":"ModelSetRunClock", "ph":"E", "ts":"613657138", "pid":"1", "tid":"mom"},
{"name":"ModelAdvance", "ph":"B", "ts":"613657426", "pid":"1", "tid":"mom"},
{"name":"ModelAdvance", "ph":"E", "ts":"618933720", "pid":"1", "tid":"mom"},
{"name":"ModelSetRunClock", "ph":"B", "ts":"621599055", "pid":"1", "tid":"mom"},
{"name":"ModelSetRunClock", "ph":"E", "ts":"621599126", "pid":"1", "tid":"mom"},
{"name":"ModelAdvance", "ph":"B", "ts":"621599311", "pid":"1", "tid":"mom"},
{"name":"ModelAdvance", "ph":"E", "ts":"626785330", "pid":"1", "tid":"mom"},
{"name":"ModelSetRunClock", "ph":"B", "ts":"629916352", "pid":"1", "tid":"mom"},
{"name":"ModelSetRunClock", "ph":"E", "ts":"629916429", "pid":"1", "tid":"mom"},
{"name":"ModelAdvance", "ph":"B", "ts":"629916622", "pid":"1", "tid":"mom"},
{"name":"ModelAdvance", "ph":"E", "ts":"635118536", "pid":"1", "tid":"mom"},
{"name":"ModelSetRunClock", "ph":"B", "ts":"637308395", "pid":"1", "tid":"mom"},
{"name":"ModelSetRunClock", "ph":"E", "ts":"637308465", "pid":"1", "tid":"mom"},
{"name":"ModelAdvance", "ph":"B", "ts":"637308626", "pid":"1", "tid":"mom"},
{"name":"ModelAdvance", "ph":"E", "ts":"642484357", "pid":"1", "tid":"mom"},
{"name":"ModelSetRunClock", "ph":"B", "ts":"645271375", "pid":"1", "tid":"mom"},
{"name":"ModelSetRunClock", "ph":"E", "ts":"645271444", "pid":"1", "tid":"mom"},
{"name":"ModelAdvance", "ph":"B", "ts":"645271608", "pid":"1", "tid":"mom"},
{"name":"ModelAdvance", "ph":"E", "ts":"650435297", "pid":"1", "tid":"mom"},
{"name":"ModelSetRunClock", "ph":"B", "ts":"652607830", "pid":"1", "tid":"mom"},
{"name":"ModelSetRunClock", "ph":"E", "ts":"652607893", "pid":"1", "tid":"mom"},
{"name":"ModelAdvance", "ph":"B", "ts":"652608051", "pid":"1", "tid":"mom"},
{"name":"ModelAdvance", "ph":"E", "ts":"657766884", "pid":"1", "tid":"mom"},
{"name":"ModelSetRunClock", "ph":"B", "ts":"660656424", "pid":"1", "tid":"mom"},
{"name":"ModelSetRunClock", "ph":"E", "ts":"660656492", "pid":"1", "tid":"mom"},
{"name":"ModelAdvance", "ph":"B", "ts":"660656666", "pid":"1", "tid":"mom"},
{"name":"ModelAdvance", "ph":"E", "ts":"665886280", "pid":"1", "tid":"mom"},
{"name":"ModelSetRunClock", "ph":"B", "ts":"668167628", "pid":"1", "tid":"mom"},
{"name":"ModelSetRunClock", "ph":"E", "ts":"668167696", "pid":"1", "tid":"mom"},
{"name":"ModelAdvance", "ph":"B", "ts":"668167863", "pid":"1", "tid":"mom"},
{"name":"ModelAdvance", "ph":"E", "ts":"673327397", "pid":"1", "tid":"mom"},
{"name":"ModelSetRunClock", "ph":"B", "ts":"676297193", "pid":"1", "tid":"mom"},
{"name":"ModelSetRunClock", "ph":"E", "ts":"676297258", "pid":"1", "tid":"mom"},
{"name":"ModelAdvance", "ph":"B", "ts":"676297427", "pid":"1", "tid":"mom"},
{"name":"ModelAdvance", "ph":"E", "ts":"681476665", "pid":"1", "tid":"mom"},
{"name":"ModelSetRunClock", "ph":"B", "ts":"683719191", "pid":"1", "tid":"mom"},
{"name":"ModelSetRunClock", "ph":"E", "ts":"683719272", "pid":"1", "tid":"mom"},
{"name":"ModelAdvance", "ph":"B", "ts":"683719468", "pid":"1", "tid":"mom"},
{"name":"ModelAdvance", "ph":"E", "ts":"688879597", "pid":"1", "tid":"mom"},
{"name":"ModelSetRunClock", "ph":"B", "ts":"691941631", "pid":"1", "tid":"mom"},
{"name":"ModelSetRunClock", "ph":"E", "ts":"691941698", "pid":"1", "tid":"mom"},
{"name":"ModelAdvance", "ph":"B", "ts":"691941872", "pid":"1", "tid":"mom"},
{"name":"ModelAdvance", "ph":"E", "ts":"697114017", "pid":"1", "tid":"mom"},
{"name":"ModelSetRunClock", "ph":"B", "ts":"699271289", "pid":"1", "tid":"mom"},
{"name":"ModelSetRunClock", "ph":"E", "ts":"699271345", "pid":"1", "tid":"mom"},
{"name":"ModelAdvance", "ph":"B", "ts":"699271505", "pid":"1", "tid":"mom"},
{"name":"ModelAdvance", "ph":"E", "ts":"704454672", "pid":"1", "tid":"mom"},
{"name":"ModelSetRunClock", "ph":"B", "ts":"707507122", "pid":"1", "tid":"mom"},
{"name":"ModelSetRunClock", "ph":"E", "ts":"707507190", "pid":"1", "tid":"mom"},
{"name":"ModelAdvance", "ph":"B", "ts":"707507347", "pid":"1", "tid":"mom"},
{"name":"ModelAdvance", "ph":"E", "ts":"712759977", "pid":"1", "tid":"mom"},
{"name":"ModelSetRunClock", "ph":"B", "ts":"714954356", "pid":"1", "tid":"mom"},
{"name":"ModelSetRunClock", "ph":"E", "ts":"714954430", "pid":"1", "tid":"mom"},
{"name":"ModelAdvance", "ph":"B", "ts":"714954729", "pid":"1", "tid":"mom"},
{"name":"ModelAdvance", "ph":"E", "ts":"720143251", "pid":"1", "tid":"mom"},
{"name":"ModelSetRunClock", "ph":"B", "ts":"723127462", "pid":"1", "tid":"mom"},
{"name":"ModelSetRunClock", "ph":"E", "ts":"723127543", "pid":"1", "tid":"mom"},
{"name":"ModelAdvance", "ph":"B", "ts":"723127736", "pid":"1", "tid":"mom"},
{"name":"ModelAdvance", "ph":"E", "ts":"728322800", "pid":"1", "tid":"mom"},
{"name":"ModelSetRunClock", "ph":"B", "ts":"730642195", "pid":"1", "tid":"mom"},
{"name":"ModelSetRunClock", "ph":"E", "ts":"730642260", "pid":"1", "tid":"mom"},
{"name":"ModelAdvance", "ph":"B", "ts":"730642421", "pid":"1", "tid":"mom"},
{"name":"ModelAdvance", "ph":"E", "ts":"735850568", "pid":"1", "tid":"mom"},
{"name":"ModelSetRunClock", "ph":"B", "ts":"739001135", "pid":"1", "tid":"mom"},
{"name":"ModelSetRunClock", "ph":"E", "ts":"739001192", "pid":"1", "tid":"mom"},
{"name":"ModelAdvance", "ph":"B", "ts":"739001362", "pid":"1", "tid":"mom"},
{"name":"ModelAdvance", "ph":"E", "ts":"744206805", "pid":"1", "tid":"mom"},
{"name":"ModelSetRunClock", "ph":"B", "ts":"747771252", "pid":"1", "tid":"mom"},
{"name":"ModelSetRunClock", "ph":"E", "ts":"747771313", "pid":"1", "tid":"mom"},
{"name":"ModelAdvance", "ph":"B", "ts":"747771471", "pid":"1", "tid":"mom"},
{"name":"ModelAdvance", "ph":"E", "ts":"752972465", "pid":"1", "tid":"mom"},
{"name":"ModelSetRunClock", "ph":"B", "ts":"756674086", "pid":"1", "tid":"mom"},
{"name":"ModelSetRunClock", "ph":"E", "ts":"756674236", "pid":"1", "tid":"mom"},
{"name":"ModelAdvance", "ph":"B", "ts":"756674409", "pid":"1", "tid":"mom"},
{"name":"ModelAdvance", "ph":"E", "ts":"761950431", "pid":"1", "tid":"mom"},
{"name":"ModelSetRunClock", "ph":"B", "ts":"764715987", "pid":"1", "tid":"mom"},
{"name":"ModelSetRunClock", "ph":"E", "ts":"764716047", "pid":"1", "tid":"mom"},
{"name":"ModelAdvance", "ph":"B", "ts":"764716204", "pid":"1", "tid":"mom"},
{"name":"ModelAdvance", "ph":"E", "ts":"769891893", "pid":"1", "tid":"mom"},
{"name":"ModelSetRunClock", "ph":"B", "ts":"783752535", "pid":"1", "tid":"mom"},
{"name":"ModelSetRunClock", "ph":"E", "ts":"783752600", "pid":"1", "tid":"mom"},
{"name":"ModelAdvance", "ph":"B", "ts":"783752761", "pid":"1", "tid":"mom"},
{"name":"ModelAdvance", "ph":"E", "ts":"788898058", "pid":"1", "tid":"mom"},
{"name":"ModelSetRunClock", "ph":"B", "ts":"791710522", "pid":"1", "tid":"mom"},
{"name":"ModelSetRunClock", "ph":"E", "ts":"791710589", "pid":"1", "tid":"mom"},
{"name":"ModelAdvance", "ph":"B", "ts":"791710756", "pid":"1", "tid":"mom"},
{"name":"ModelAdvance", "ph":"E", "ts":"796845238", "pid":"1", "tid":"mom"},
{"name":"ModelSetRunClock", "ph":"B", "ts":"800132133", "pid":"1", "tid":"mom"},
{"name":"ModelSetRunClock", "ph":"E", "ts":"800132212", "pid":"1", "tid":"mom"},
{"name":"ModelAdvance", "ph":"B", "ts":"800132432", "pid":"1", "tid":"mom"},
{"name":"ModelAdvance", "ph":"E", "ts":"805270327", "pid":"1", "tid":"mom"},
{"name":"ModelSetRunClock", "ph":"B", "ts":"807587325", "pid":"1", "tid":"mom"},
{"name":"ModelSetRunClock", "ph":"E", "ts":"807587390", "pid":"1", "tid":"mom"},
{"name":"ModelAdvance", "ph":"B", "ts":"807587557", "pid":"1", "tid":"mom"},
{"name":"ModelAdvance", "ph":"E", "ts":"812742064", "pid":"1", "tid":"mom"},
{"name":"ModelSetRunClock", "ph":"B", "ts":"815728117", "pid":"1", "tid":"mom"},
{"name":"ModelSetRunClock", "ph":"E", "ts":"815728186", "pid":"1", "tid":"mom"},
{"name":"ModelAdvance", "ph":"B", "ts":"815728388", "pid":"1", "tid":"mom"},
{"name":"ModelAdvance", "ph":"E", "ts":"820955838", "pid":"1", "tid":"mom"},
{"name":"ModelSetRunClock", "ph":"B", "ts":"823698673", "pid":"1", "tid":"mom"},
{"name":"ModelSetRunClock", "ph":"E", "ts":"823698751", "pid":"1", "tid":"mom"},
{"name":"ModelAdvance", "ph":"B", "ts":"823698953", "pid":"1", "tid":"mom"},
{"name":"ModelAdvance", "ph":"E", "ts":"828864832", "pid":"1", "tid":"mom"},
{"name":"ModelSetRunClock", "ph":"B", "ts":"832140113", "pid":"1", "tid":"mom"},
{"name":"ModelSetRunClock", "ph":"E", "ts":"832140175", "pid":"1", "tid":"mom"},
{"name":"ModelAdvance", "ph":"B", "ts":"832140503", "pid":"1", "tid":"mom"},
{"name":"ModelAdvance", "ph":"E", "ts":"837304488", "pid":"1", "tid":"mom"},
{"name":"ModelSetRunClock", "ph":"B", "ts":"839901927", "pid":"1", "tid":"mom"},
{"name":"ModelSetRunClock", "ph":"E", "ts":"839901995", "pid":"1", "tid":"mom"},
{"name":"ModelAdvance", "ph":"B", "ts":"839902163", "pid":"1", "tid":"mom"},
{"name":"ModelAdvance", "ph":"E", "ts":"845102844", "pid":"1", "tid":"mom"},
{"name":"ModelSetRunClock", "ph":"B", "ts":"848218957", "pid":"1", "tid":"mom"},
{"name":"ModelSetRunClock", "ph":"E", "ts":"848219022", "pid":"1", "tid":"mom"},
{"name":"ModelAdvance", "ph":"B", "ts":"848219181", "pid":"1", "tid":"mom"},
{"name":"ModelAdvance", "ph":"E", "ts":"853419359", "pid":"1", "tid":"mom"},
{"name":"ModelSetRunClock", "ph":"B", "ts":"856021642", "pid":"1", "tid":"mom"},
{"name":"ModelSetRunClock", "ph":"E", "ts":"856021706", "pid":"1", "tid":"mom"},
{"name":"ModelAdvance", "ph":"B", "ts":"856021865", "pid":"1", "tid":"mom"},
{"name":"ModelAdvance", "ph":"E", "ts":"861202717", "pid":"1", "tid":"mom"},
{"name":"ModelSetRunClock", "ph":"B", "ts":"864561236", "pid":"1", "tid":"mom"},
{"name":"ModelSetRunClock", "ph":"E", "ts":"864561322", "pid":"1", "tid":"mom"},
{"name":"ModelAdvance", "ph":"B", "ts":"864561515", "pid":"1", "tid":"mom"},
{"name":"ModelAdvance", "ph":"E", "ts":"869832058", "pid":"1", "tid":"mom"},
{"name":"ModelSetRunClock", "ph":"B", "ts":"872231603", "pid":"1", "tid":"mom"},
{"name":"ModelSetRunClock", "ph":"E", "ts":"872231669", "pid":"1", "tid":"mom"},
{"name":"ModelAdvance", "ph":"B", "ts":"872231866", "pid":"1", "tid":"mom"},
{"name":"ModelAdvance", "ph":"E", "ts":"877405749", "pid":"1", "tid":"mom"},
{"name":"ModelSetRunClock", "ph":"B", "ts":"880915340", "pid":"1", "tid":"mom"},
{"name":"ModelSetRunClock", "ph":"E", "ts":"880915489", "pid":"1", "tid":"mom"},
{"name":"ModelAdvance", "ph":"B", "ts":"880915655", "pid":"1", "tid":"mom"},
{"name":"ModelAdvance", "ph":"E", "ts":"886069445", "pid":"1", "tid":"mom"},
{"name":"ModelSetRunClock", "ph":"B", "ts":"888689308", "pid":"1", "tid":"mom"},
{"name":"ModelSetRunClock", "ph":"E", "ts":"888689402", "pid":"1", "tid":"mom"},
{"name":"ModelAdvance", "ph":"B", "ts":"888689636", "pid":"1", "tid":"mom"},
{"name":"ModelAdvance", "ph":"E", "ts":"893884380", "pid":"1", "tid":"mom"},
{"name":"ModelSetRunClock", "ph":"B", "ts":"896878544", "pid":"1", "tid":"mom"},
{"name":"ModelSetRunClock", "ph":"E", "ts":"896878618", "pid":"1", "tid":"mom"},
{"name":"ModelAdvance", "ph":"B", "ts":"896878812", "pid":"1", "tid":"mom"},
{"name":"ModelAdvance", "ph":"E", "ts":"902028167", "pid":"1", "tid":"mom"},
{"name":"ModelSetRunClock", "ph":"B", "ts":"904351584", "pid":"1", "tid":"mom"},
{"name":"ModelSetRunClock", "ph":"E", "ts":"904351661", "pid":"1", "tid":"mom"},
{"name":"ModelAdvance", "ph":"B", "ts":"904351828", "pid":"1", "tid":"mom"},
{"name":"ModelAdvance", "ph":"E", "ts":"909520488", "pid":"1", "tid":"mom"},
{"name":"ModelSetRunClock", "ph":"B", "ts":"912419473", "pid":"1", "tid":"mom"},
{"name":"ModelSetRunClock", "ph":"E", "ts":"912419654", "pid":"1", "tid":"mom"},
{"name":"ModelAdvance", "ph":"B", "ts":"912419827", "pid":"1", "tid":"mom"},
{"name":"ModelAdvance", "ph":"E", "ts":"917663577", "pid":"1", "tid":"mom"},
{"name":"ModelSetRunClock", "ph":"B", "ts":"919922665", "pid":"1", "tid":"mom"},
{"name":"ModelSetRunClock", "ph":"E", "ts":"919922762", "pid":"1", "tid":"mom"},
{"name":"ModelAdvance", "ph":"B", "ts":"919922955", "pid":"1", "tid":"mom"},
{"name":"ModelAdvance", "ph":"E", "ts":"925081383", "pid":"1", "tid":"mom"},
{"name":"ModelSetRunClock", "ph":"B", "ts":"928074723", "pid":"1", "tid":"mom"},
{"name":"ModelSetRunClock", "ph":"E", "ts":"928074816", "pid":"1", "tid":"mom"},
{"name":"ModelAdvance", "ph":"B", "ts":"928075053", "pid":"1", "tid":"mom"},
{"name":"ModelAdvance", "ph":"E", "ts":"933237234", "pid":"1", "tid":"mom"},
{"name":"ModelSetRunClock", "ph":"B", "ts":"935635608", "pid":"1", "tid":"mom"},
{"name":"ModelSetRunClock", "ph":"E", "ts":"935635695", "pid":"1", "tid":"mom"},
{"name":"ModelAdvance", "ph":"B", "ts":"935636081", "pid":"1", "tid":"mom"},
{"name":"ModelAdvance", "ph":"E", "ts":"940785215", "pid":"1", "tid":"mom"},
{"name":"ModelSetRunClock", "ph":"B", "ts":"943829665", "pid":"1", "tid":"mom"},
{"name":"ModelSetRunClock", "ph":"E", "ts":"943829770", "pid":"1", "tid":"mom"},
{"name":"ModelAdvance", "ph":"B", "ts":"943829983", "pid":"1", "tid":"mom"},
{"name":"ModelAdvance", "ph":"E", "ts":"948983192", "pid":"1", "tid":"mom"},
{"name":"ModelSetRunClock", "ph":"B", "ts":"951347865", "pid":"1", "tid":"mom"},
{"name":"ModelSetRunClock", "ph":"E", "ts":"951347930", "pid":"1", "tid":"mom"},
{"name":"ModelAdvance", "ph":"B", "ts":"951348089", "pid":"1", "tid":"mom"},
{"name":"ModelAdvance", "ph":"E", "ts":"956503645", "pid":"1", "tid":"mom"},
{"name":"ModelSetRunClock", "ph":"B", "ts":"959455853", "pid":"1", "tid":"mom"},
{"name":"ModelSetRunClock", "ph":"E", "ts":"959455921", "pid":"1", "tid":"mom"},
{"name":"ModelAdvance", "ph":"B", "ts":"959456076", "pid":"1", "tid":"mom"},
{"name":"ModelAdvance", "ph":"E", "ts":"964689127", "pid":"1", "tid":"mom"},
{"name":"ModelSetRunClock", "ph":"B", "ts":"966893103", "pid":"1", "tid":"mom"},
{"name":"ModelSetRunClock", "ph":"E", "ts":"966893177", "pid":"1", "tid":"mom"},
{"name":"ModelAdvance", "ph":"B", "ts":"966893405", "pid":"1", "tid":"mom"},
{"name":"ModelAdvance", "ph":"E", "ts":"972056462", "pid":"1", "tid":"mom"},
{"name":"ModelSetRunClock", "ph":"B", "ts":"974985427", "pid":"1", "tid":"mom"},
{"name":"ModelSetRunClock", "ph":"E", "ts":"974985504", "pid":"1", "tid":"mom"},
{"name":"ModelAdvance", "ph":"B", "ts":"974985689", "pid":"1", "tid":"mom"},
{"name":"ModelAdvance", "ph":"E", "ts":"980148337", "pid":"1", "tid":"mom"},
{"name":"ModelSetRunClock", "ph":"B", "ts":"982516298", "pid":"1", "tid":"mom"},
{"name":"ModelSetRunClock", "ph":"E", "ts":"982516385", "pid":"1", "tid":"mom"},
{"name":"ModelAdvance", "ph":"B", "ts":"982516579", "pid":"1", "tid":"mom"},
{"name":"ModelAdvance", "ph":"E", "ts":"987720056", "pid":"1", "tid":"mom"},
{"name":"ModelSetRunClock", "ph":"B", "ts":"990604692", "pid":"1", "tid":"mom"},
{"name":"ModelSetRunClock", "ph":"E", "ts":"990604773", "pid":"1", "tid":"mom"},
{"name":"ModelAdvance", "ph":"B", "ts":"990604955", "pid":"1", "tid":"mom"},
{"name":"ModelAdvance", "ph":"E", "ts":"995768571", "pid":"1", "tid":"mom"},
{"name":"ModelSetRunClock", "ph":"B", "ts":"997999427", "pid":"1", "tid":"mom"},
{"name":"ModelSetRunClock", "ph":"E", "ts":"997999496", "pid":"1", "tid":"mom"},
{"name":"ModelAdvance", "ph":"B", "ts":"997999663", "pid":"1", "tid":"mom"},
{"name":"ModelAdvance", "ph":"E", "ts":"1003197154", "pid":"1", "tid":"mom"},
{"name":"ModelSetRunClock", "ph":"B", "ts":"1006086597", "pid":"1", "tid":"mom"},
{"name":"ModelSetRunClock", "ph":"E", "ts":"1006086684", "pid":"1", "tid":"mom"},
{"name":"ModelAdvance", "ph":"B", "ts":"1006086873", "pid":"1", "tid":"mom"},
{"name":"ModelAdvance", "ph":"E", "ts":"1011338654", "pid":"1", "tid":"mom"},
{"name":"ModelSetRunClock", "ph":"B", "ts":"1013569799", "pid":"1", "tid":"mom"},
{"name":"ModelSetRunClock", "ph":"E", "ts":"1013569868", "pid":"1", "tid":"mom"},
{"name":"ModelAdvance", "ph":"B", "ts":"1013570047", "pid":"1", "tid":"mom"},
{"name":"ModelAdvance", "ph":"E", "ts":"1018754889", "pid":"1", "tid":"mom"},
{"name":"ModelSetRunClock", "ph":"B", "ts":"1021671102", "pid":"1", "tid":"mom"},
{"name":"ModelSetRunClock", "ph":"E", "ts":"1021671176", "pid":"1", "tid":"mom"},
{"name":"ModelAdvance", "ph":"B", "ts":"1021671356", "pid":"1", "tid":"mom"},
{"name":"ModelAdvance", "ph":"E", "ts":"1026866177", "pid":"1", "tid":"mom"},
{"name":"ModelSetRunClock", "ph":"B", "ts":"1029002880", "pid":"1", "tid":"mom"},
{"name":"ModelSetRunClock", "ph":"E", "ts":"1029002955", "pid":"1", "tid":"mom"},
{"name":"ModelAdvance", "ph":"B", "ts":"1029003127", "pid":"1", "tid":"mom"},
{"name":"ModelAdvance", "ph":"E", "ts":"1034180358", "pid":"1", "tid":"mom"},
{"name":"ModelSetRunClock", "ph":"B", "ts":"1037104920", "pid":"1", "tid":"mom"},
{"name":"ModelSetRunClock", "ph":"E", "ts":"1037105173", "pid":"1", "tid":"mom"},
{"name":"ModelAdvance", "ph":"B", "ts":"1037105376", "pid":"1", "tid":"mom"},
{"name":"ModelAdvance", "ph":"E", "ts":"1042271462", "pid":"1", "tid":"mom"},
{"name":"ModelSetRunClock", "ph":"B", "ts":"1044500888", "pid":"1", "tid":"mom"},
{"name":"ModelSetRunClock", "ph":"E", "ts":"1044500954", "pid":"1", "tid":"mom"},
{"name":"ModelAdvance", "ph":"B", "ts":"1044501123", "pid":"1", "tid":"mom"},
{"name":"ModelAdvance", "ph":"E", "ts":"1049666675", "pid":"1", "tid":"mom"},
{"name":"ModelSetRunClock", "ph":"B", "ts":"1052745201", "pid":"1", "tid":"mom"},
{"name":"ModelSetRunClock", "ph":"E", "ts":"1052745261", "pid":"1", "tid":"mom"},
{"name":"ModelAdvance", "ph":"B", "ts":"1052745413", "pid":"1", "tid":"mom"},
{"name":"ModelAdvance", "ph":"E", "ts":"1057977925", "pid":"1", "tid":"mom"},
{"name":"ModelSetRunClock", "ph":"B", "ts":"1060246582", "pid":"1", "tid":"mom"},
{"name":"ModelSetRunClock", "ph":"E", "ts":"1060246646", "pid":"1", "tid":"mom"},
{"name":"ModelAdvance", "ph":"B", "ts":"1060246805", "pid":"1", "tid":"mom"},
{"name":"ModelAdvance", "ph":"E", "ts":"1065424293", "pid":"1", "tid":"mom"},
{"name":"ModelSetRunClock", "ph":"B", "ts":"1068400816", "pid":"1", "tid":"mom"},
{"name":"ModelSetRunClock", "ph":"E", "ts":"1068400881", "pid":"1", "tid":"mom"},
{"name":"ModelAdvance", "ph":"B", "ts":"1068401050", "pid":"1", "tid":"mom"},
{"name":"ModelAdvance", "ph":"E", "ts":"1073553711", "pid":"1", "tid":"mom"},
{"name":"ModelSetRunClock", "ph":"B", "ts":"1075784363", "pid":"1", "tid":"mom"},
{"name":"ModelSetRunClock", "ph":"E", "ts":"1075784454", "pid":"1", "tid":"mom"},
{"name":"ModelAdvance", "ph":"B", "ts":"1075784652", "pid":"1", "tid":"mom"},
{"name":"ModelAdvance", "ph":"E", "ts":"1080936064", "pid":"1", "tid":"mom"},
{"name":"ModelSetRunClock", "ph":"B", "ts":"1083909928", "pid":"1", "tid":"mom"},
{"name":"ModelSetRunClock", "ph":"E", "ts":"1083909988", "pid":"1", "tid":"mom"},
{"name":"ModelAdvance", "ph":"B", "ts":"1083910142", "pid":"1", "tid":"mom"},
{"name":"ModelAdvance", "ph":"E", "ts":"1089084411", "pid":"1", "tid":"mom"},
{"name":"ModelSetRunClock", "ph":"B", "ts":"1091365048", "pid":"1", "tid":"mom"},
{"name":"ModelSetRunClock", "ph":"E", "ts":"1091365113", "pid":"1", "tid":"mom"},
{"name":"ModelAdvance", "ph":"B", "ts":"1091365271", "pid":"1", "tid":"mom"},
{"name":"ModelAdvance", "ph":"E", "ts":"1096542847", "pid":"1", "tid":"mom"},
{"name":"ModelSetRunClock", "ph":"B", "ts":"1099456159", "pid":"1", "tid":"mom"},
{"name":"ModelSetRunClock", "ph":"E", "ts":"1099456216", "pid":"1", "tid":"mom"},
{"name":"ModelAdvance", "ph":"B", "ts":"1099456430", "pid":"1", "tid":"mom"},
{"name":"ModelAdvance", "ph":"E", "ts":"1104713004", "pid":"1", "tid":"mom"},
{"name":"ModelSetRunClock", "ph":"B", "ts":"1106954991", "pid":"1", "tid":"mom"},
{"name":"ModelSetRunClock", "ph":"E", "ts":"1106955061", "pid":"1", "tid":"mom"},
{"name":"ModelAdvance", "ph":"B", "ts":"1106955236", "pid":"1", "tid":"mom"},
{"name":"ModelAdvance", "ph":"E", "ts":"1112098382", "pid":"1", "tid":"mom"},
{"name":"ModelSetRunClock", "ph":"B", "ts":"1115073420", "pid":"1", "tid":"mom"},
{"name":"ModelSetRunClock", "ph":"E", "ts":"1115073493", "pid":"1", "tid":"mom"},
{"name":"ModelAdvance", "ph":"B", "ts":"1115073665", "pid":"1", "tid":"mom"},
{"name":"ModelAdvance", "ph":"E", "ts":"1120239190", "pid":"1", "tid":"mom"},
{"name":"ModelSetRunClock", "ph":"B", "ts":"1122678616", "pid":"1", "tid":"mom"},
{"name":"ModelSetRunClock", "ph":"E", "ts":"1122678731", "pid":"1", "tid":"mom"},
{"name":"ModelAdvance", "ph":"B", "ts":"1122678939", "pid":"1", "tid":"mom"},
{"name":"ModelAdvance", "ph":"E", "ts":"1127817906", "pid":"1", "tid":"mom"},
{"name":"ModelSetRunClock", "ph":"B", "ts":"1130748177", "pid":"1", "tid":"mom"},
{"name":"ModelSetRunClock", "ph":"E", "ts":"1130748274", "pid":"1", "tid":"mom"},
{"name":"ModelAdvance", "ph":"B", "ts":"1130748495", "pid":"1", "tid":"mom"},
{"name":"ModelAdvance", "ph":"E", "ts":"1135907909", "pid":"1", "tid":"mom"},
{"name":"ModelSetRunClock", "ph":"B", "ts":"1138111275", "pid":"1", "tid":"mom"},
{"name":"ModelSetRunClock", "ph":"E", "ts":"1138111442", "pid":"1", "tid":"mom"},
{"name":"ModelAdvance", "ph":"B", "ts":"1138111606", "pid":"1", "tid":"mom"},
{"name":"ModelAdvance", "ph":"E", "ts":"1143276284", "pid":"1", "tid":"mom"},
{"name":"ModelSetRunClock", "ph":"B", "ts":"1146244274", "pid":"1", "tid":"mom"},
{"name":"ModelSetRunClock", "ph":"E", "ts":"1146244368", "pid":"1", "tid":"mom"},
{"name":"ModelAdvance", "ph":"B", "ts":"1146244554", "pid":"1", "tid":"mom"},
{"name":"ModelAdvance", "ph":"E", "ts":"1151468236", "pid":"1", "tid":"mom"},
{"name":"ModelFinalize", "ph":"B", "ts":"1151474560", "pid":"1", "tid":"mom"},
{"name":"ModelFinalize", "ph":"E", "ts":"1151571452", "pid":"1", "tid":"mom"},
