{"name":"SetServices", "ph":"B", "ts":"62540636", "pid":"1", "tid":"wave"},
{"name":"SetServices", "ph":"E", "ts":"62543228", "pid":"1", "tid":"wave"},
{"name":"InitializeP0", "ph":"B", "ts":"62547153", "pid":"1", "tid":"wave"},
{"name":"InitializeP0", "ph":"E", "ts":"62547242", "pid":"1", "tid":"wave"},
{"name":"InitializeAdvertise", "ph":"B", "ts":"87433955", "pid":"1", "tid":"wave"},
{"name":"InitializeAdvertise", "ph":"E", "ts":"188407023", "pid":"1", "tid":"wave"},
{"name":"InitializeRealize", "ph":"B", "ts":"304688329", "pid":"1", "tid":"wave"},
{"name":"InitializeRealize", "ph":"E", "ts":"320150922", "pid":"1", "tid":"wave"},
{"name":"DataInitialize", "ph":"B", "ts":"349147334", "pid":"1", "tid":"wave"},
{"name":"DataInitialize", "ph":"E", "ts":"349151308", "pid":"1", "tid":"wave"},
{"name":"ModelSetRunClock", "ph":"B", "ts":"403578231", "pid":"1", "tid":"wave"},
{"name":"ModelSetRunClock", "ph":"E", "ts":"403587115", "pid":"1", "tid":"wave"},
{"name":"ModelAdvance", "ph":"B", "ts":"403587209", "pid":"1", "tid":"wave"},
{"name":"ModelAdvance", "ph":"E", "ts":"415449532", "pid":"1", "tid":"wave"},
{"name":"ModelSetRunClock", "ph":"B", "ts":"416852984", "pid":"1", "tid":"wave"},
{"name":"ModelSetRunClock", "ph":"E", "ts":"416853050", "pid":"1", "tid":"wave"},
{"name":"ModelAdvance", "ph":"B", "ts":"416853147", "pid":"1", "tid":"wave"},
{"name":"ModelAdvance", "ph":"E", "ts":"422391355", "pid":"1", "tid":"wave"},
{"name":"ModelSetRunClock", "ph":"B", "ts":"424284826", "pid":"1", "tid":"wave"},
{"name":"ModelSetRunClock", "ph":"E", "ts":"424284885", "pid":"1", "tid":"wave"},
{"name":"ModelAdvance", "ph":"B", "ts":"424284967", "pid":"1", "tid":"wave"},
{"name":"ModelAdvance", "ph":"E", "ts":"429672902", "pid":"1", "tid":"wave"},
{"name":"ModelSetRunClock", "ph":"B", "ts":"432478372", "pid":"1", "tid":"wave"},
{"name":"ModelSetRunClock", "ph":"E", "ts":"432478439", "pid":"1", "tid":"wave"},
{"name":"ModelAdvance", "ph":"B", "ts":"432478525", "pid":"1", "tid":"wave"},
{"name":"ModelAdvance", "ph":"E", "ts":"437879150", "pid":"1", "tid":"wave"},
{"name":"ModelSetRunClock", "ph":"B", "ts":"440800067", "pid":"1", "tid":"wave"},
{"name":"ModelSetRunClock", "ph":"E", "ts":"440800140", "pid":"1", "tid":"wave"},
{"name":"ModelAdvance", "ph":"B", "ts":"440800270", "pid":"1", "tid":"wave"},
{"name":"ModelAdvance", "ph":"E", "ts":"446192200", "pid":"1", "tid":"wave"},
{"name":"ModelSetRunClock", "ph":"B", "ts":"449085105", "pid":"1", "tid":"wave"},
{"name":"ModelSetRunClock", "ph":"E", "ts":"449085168", "pid":"1", "tid":"wave"},
{"name":"ModelAdvance", "ph":"B", "ts":"449085255", "pid":"1", "tid":"wave"},
{"name":"ModelAdvance", "ph":"E", "ts":"454477228", "pid":"1", "tid":"wave"},
{"name":"ModelSetRunClock", "ph":"B", "ts":"473262599", "pid":"1", "tid":"wave"},
{"name":"ModelSetRunClock", "ph":"E", "ts":"473262654", "pid":"1", "tid":"wave"},
{"name":"ModelAdvance", "ph":"B", "ts":"473262741", "pid":"1", "tid":"wave"},
{"name":"ModelAdvance", "ph":"E", "ts":"478695216", "pid":"1", "tid":"wave"},
{"name":"ModelSetRunClock", "ph":"B", "ts":"481559146", "pid":"1", "tid":"wave"},
{"name":"ModelSetRunClock", "ph":"E", "ts":"481559216", "pid":"1", "tid":"wave"},
{"name":"ModelAdvance", "ph":"B", "ts":"481559309", "pid":"1", "tid":"wave"},
{"name":"ModelAdvance", "ph":"E", "ts":"486958508", "pid":"1", "tid":"wave"},
{"name":"ModelSetRunClock", "ph":"B", "ts":"489132534", "pid":"1", "tid":"wave"},
{"name":"ModelSetRunClock", "ph":"E", "ts":"489132598", "pid":"1", "tid":"wave"},
{"name":"ModelAdvance", "ph":"B", "ts":"489132682", "pid":"1", "tid":"wave"},
{"name":"ModelAdvance", "ph":"E", "ts":"494533844", "pid":"1", "tid":"wave"},
{"name":"ModelSetRunClock", "ph":"B", "ts":"497530884", "pid":"1", "tid":"wave"},
{"name":"ModelSetRunClock", "ph":"E", "ts":"497530940", "pid":"1", "tid":"wave"},
{"name":"ModelAdvance", "ph":"B", "ts":"497531027", "pid":"1", "tid":"wave"},
{"name":"ModelAdvance", "ph":"E", "ts":"502923296", "pid":"1", "tid":"wave"},
{"name":"ModelSetRunClock", "ph":"B", "ts":"505263864", "pid":"1", "tid":"wave"},
{"name":"ModelSetRunClock", "ph":"E", "ts":"505264005", "pid":"1", "tid":"wave"},
{"name":"ModelAdvance", "ph":"B", "ts":"505264225", "pid":"1", "tid":"wave"},
{"name":"ModelAdvance", "ph":"E", "ts":"510555154", "pid":"1", "tid":"wave"},
{"name":"ModelSetRunClock", "ph":"B", "ts":"513584947", "pid":"1", "tid":"wave"},
{"name":"ModelSetRunClock", "ph":"E", "ts":"513585004", "pid":"1", "tid":"wave"},
{"name":"ModelAdvance", "ph":"B", "ts":"513585085", "pid":"1", "tid":"wave"},
{"name":"ModelAdvance", "ph":"E", "ts":"518840171", "pid":"1", "tid":"wave"},
{"name":"ModelSetRunClock", "ph":"B", "ts":"521273942", "pid":"1", "tid":"wave"},
{"name":"ModelSetRunClock", "ph":"E", "ts":"521273996", "pid":"1", "tid":"wave"},
{"name":"ModelAdvance", "ph":"B", "ts":"521274079", "pid":"1", "tid":"wave"},
{"name":"ModelAdvance", "ph":"E", "ts":"526655644", "pid":"1", "tid":"wave"},
{"name":"ModelSetRunClock", "ph":"B", "ts":"529574995", "pid":"1", "tid":"wave"},
{"name":"ModelSetRunClock", "ph":"E", "ts":"529575048", "pid":"1", "tid":"wave"},
{"name":"ModelAdvance", "ph":"B", "ts":"529575125", "pid":"1", "tid":"wave"},
{"name":"ModelAdvance", "ph":"E", "ts":"534756596", "pid":"1", "tid":"wave"},
{"name":"ModelSetRunClock", "ph":"B", "ts":"537142628", "pid":"1", "tid":"wave"},
{"name":"ModelSetRunClock", "ph":"E", "ts":"537142794", "pid":"1", "tid":"wave"},
{"name":"ModelAdvance", "ph":"B", "ts":"537142933", "pid":"1", "tid":"wave"},
{"name":"ModelAdvance", "ph":"E", "ts":"542285805", "pid":"1", "tid":"wave"},
{"name":"ModelSetRunClock", "ph":"B", "ts":"545667705", "pid":"1", "tid":"wave"},
{"name":"ModelSetRunClock", "ph":"E", "ts":"545667767", "pid":"1", "tid":"wave"},
{"name":"ModelAdvance", "ph":"B", "ts":"545667865", "pid":"1", "tid":"wave"},
{"name":"ModelAdvance", "ph":"E", "ts":"550915817", "pid":"1", "tid":"wave"},
{"name":"ModelSetRunClock", "ph":"B", "ts":"553831359", "pid":"1", "tid":"wave"},
{"name":"ModelSetRunClock", "ph":"E", "ts":"553831425", "pid":"1", "tid":"wave"},
{"name":"ModelAdvance", "ph":"B", "ts":"553831526", "pid":"1", "tid":"wave"},
{"name":"ModelAdvance", "ph":"E", "ts":"558891833", "pid":"1", "tid":"wave"},
{"name":"ModelSetRunClock", "ph":"B", "ts":"562563586", "pid":"1", "tid":"wave"},
{"name":"ModelSetRunClock", "ph":"E", "ts":"562563655", "pid":"1", "tid":"wave"},
{"name":"ModelAdvance", "ph":"B", "ts":"562563758", "pid":"1", "tid":"wave"},
{"name":"ModelAdvance", "ph":"E", "ts":"567630975", "pid":"1", "tid":"wave"},
{"name":"ModelSetRunClock", "ph":"B", "ts":"570805154", "pid":"1", "tid":"wave"},
{"name":"ModelSetRunClock", "ph":"E", "ts":"570805228", "pid":"1", "tid":"wave"},
{"name":"ModelAdvance", "ph":"B", "ts":"570805323", "pid":"1", "tid":"wave"},
{"name":"ModelAdvance", "ph":"E", "ts":"575800789", "pid":"1", "tid":"wave"},
{"name":"ModelSetRunClock", "ph":"B", "ts":"579603920", "pid":"1", "tid":"wave"},
{"name":"ModelSetRunClock", "ph":"E", "ts":"579603980", "pid":"1", "tid":"wave"},
{"name":"ModelAdvance", "ph":"B", "ts":"579604062", "pid":"1", "tid":"wave"},
{"name":"ModelAdvance", "ph":"E", "ts":"584777743", "pid":"1", "tid":"wave"},
{"name":"ModelSetRunClock", "ph":"B", "ts":"587703671", "pid":"1", "tid":"wave"},
{"name":"ModelSetRunClock", "ph":"E", "ts":"587703731", "pid":"1", "tid":"wave"},
{"name":"ModelAdvance", "ph":"B", "ts":"587703816", "pid":"1", "tid":"wave"},
{"name":"ModelAdvance", "ph":"E", "ts":"592603785", "pid":"1", "tid":"wave"},
{"name":"ModelSetRunClock", "ph":"B", "ts":"596610070", "pid":"1", "tid":"wave"},
{"name":"ModelSetRunClock", "ph":"E", "ts":"596610121", "pid":"1", "tid":"wave"},
{"name":"ModelAdvance", "ph":"B", "ts":"596610235", "pid":"1", "tid":"wave"},
{"name":"ModelAdvance", "ph":"E", "ts":"601480322", "pid":"1", "tid":"wave"},
{"name":"ModelSetRunClock", "ph":"B", "ts":"604939211", "pid":"1", "tid":"wave"},
{"name":"ModelSetRunClock", "ph":"E", "ts":"604939372", "pid":"1", "tid":"wave"},
{"name":"ModelAdvance", "ph":"B", "ts":"604939547", "pid":"1", "tid":"wave"},
{"name":"ModelAdvance", "ph":"E", "ts":"609845094", "pid":"1", "tid":"wave"},
{"name":"ModelSetRunClock", "ph":"B", "ts":"613653581", "pid":"1", "tid":"wave"},
{"name":"ModelSetRunClock", "ph":"E", "ts":"613653883", "pid":"1", "tid":"wave"},
{"name":"ModelAdvance", "ph":"B", "ts":"613654046", "pid":"1", "tid":"wave"},
{"name":"ModelAdvance", "ph":"E", "ts":"618732120", "pid":"1", "tid":"wave"},
{"name":"ModelSetRunClock", "ph":"B", "ts":"621588993", "pid":"1", "tid":"wave"},
{"name":"ModelSetRunClock", "ph":"E", "ts":"621589060", "pid":"1", "tid":"wave"},
{"name":"ModelAdvance", "ph":"B", "ts":"621589220", "pid":"1", "tid":"wave"},
{"name":"ModelAdvance", "ph":"E", "ts":"626408268", "pid":"1", "tid":"wave"},
{"name":"ModelSetRunClock", "ph":"B", "ts":"629907269", "pid":"1", "tid":"wave"},
{"name":"ModelSetRunClock", "ph":"E", "ts":"629907328", "pid":"1", "tid":"wave"},
{"name":"ModelAdvance", "ph":"B", "ts":"629907423", "pid":"1", "tid":"wave"},
{"name":"ModelAdvance", "ph":"E", "ts":"634689213", "pid":"1", "tid":"wave"},
{"name":"ModelSetRunClock", "ph":"B", "ts":"637302085", "pid":"1", "tid":"wave"},
{"name":"ModelSetRunClock", "ph":"E", "ts":"637302150", "pid":"1", "tid":"wave"},
{"name":"ModelAdvance", "ph":"B", "ts":"637302250", "pid":"1", "tid":"wave"},
{"name":"ModelAdvance", "ph":"E", "ts":"642070256", "pid":"1", "tid":"wave"},
{"name":"ModelSetRunClock", "ph":"B", "ts":"645260292", "pid":"1", "tid":"wave"},
{"name":"ModelSetRunClock", "ph":"E", "ts":"645260354", "pid":"1", "tid":"wave"},
{"name":"ModelAdvance", "ph":"B", "ts":"645260455", "pid":"1", "tid":"wave"},
{"name":"ModelAdvance", "ph":"E", "ts":"649980676", "pid":"1", "tid":"wave"},
{"name":"ModelSetRunClock", "ph":"B", "ts":"652598680", "pid":"1", "tid":"wave"},
{"name":"ModelSetRunClock", "ph":"E", "ts":"652598755", "pid":"1", "tid":"wave"},
{"name":"ModelAdvance", "ph":"B", "ts":"652598864", "pid":"1", "tid":"wave"},
{"name":"ModelAdvance", "ph":"E", "ts":"657400308", "pid":"1", "tid":"wave"},
{"name":"ModelSetRunClock", "ph":"B", "ts":"660646799", "pid":"1", "tid":"wave"},
{"name":"ModelSetRunClock", "ph":"E", "ts":"660646852", "pid":"1", "tid":"wave"},
{"name":"ModelAdvance", "ph":"B", "ts":"660646947", "pid":"1", "tid":"wave"},
{"name":"ModelAdvance", "ph":"E", "ts":"665380011", "pid":"1", "tid":"wave"},
{"name":"ModelSetRunClock", "ph":"B", "ts":"668160864", "pid":"1", "tid":"wave"},
{"name":"ModelSetRunClock", "ph":"E", "ts":"668160921", "pid":"1", "tid":"wave"},
{"name":"ModelAdvance", "ph":"B", "ts":"668161001", "pid":"1", "tid":"wave"},
{"name":"ModelAdvance", "ph":"E", "ts":"672970049", "pid":"1", "tid":"wave"},
{"name":"ModelSetRunClock", "ph":"B", "ts":"676290043", "pid":"1", "tid":"wave"},
{"name":"ModelSetRunClock", "ph":"E", "ts":"676290096", "pid":"1", "tid":"wave"},
{"name":"ModelAdvance", "ph":"B", "ts":"676290171", "pid":"1", "tid":"wave"},
{"name":"ModelAdvance", "ph":"E", "ts":"681130689", "pid":"1", "tid":"wave"},
{"name":"ModelSetRunClock", "ph":"B", "ts":"683707835", "pid":"1", "tid":"wave"},
{"name":"ModelSetRunClock", "ph":"E", "ts":"683707887", "pid":"1", "tid":"wave"},
{"name":"ModelAdvance", "ph":"B", "ts":"683707972", "pid":"1", "tid":"wave"},
{"name":"ModelAdvance", "ph":"E", "ts":"688541736", "pid":"1", "tid":"wave"},
{"name":"ModelSetRunClock", "ph":"B", "ts":"691933588", "pid":"1", "tid":"wave"},
{"name":"ModelSetRunClock", "ph":"E", "ts":"691933677", "pid":"1", "tid":"wave"},
{"name":"ModelAdvance", "ph":"B", "ts":"691933777", "pid":"1", "tid":"wave"},
{"name":"ModelAdvance", "ph":"E", "ts":"696790914", "pid":"1", "tid":"wave"},
{"name":"ModelSetRunClock", "ph":"B", "ts":"699265353", "pid":"1", "tid":"wave"},
{"name":"ModelSetRunClock", "ph":"E", "ts":"699265407", "pid":"1", "tid":"wave"},
{"name":"ModelAdvance", "ph":"B", "ts":"699265481", "pid":"1", "tid":"wave"},
{"name":"ModelAdvance", "ph":"E", "ts":"704148307", "pid":"1", "tid":"wave"},
{"name":"ModelSetRunClock", "ph":"B", "ts":"707497602", "pid":"1", "tid":"wave"},
{"name":"ModelSetRunClock", "ph":"E", "ts":"707497654", "pid":"1", "tid":"wave"},
{"name":"ModelAdvance", "ph":"B", "ts":"707497730", "pid":"1", "tid":"wave"},
{"name":"ModelAdvance", "ph":"E", "ts":"712400307", "pid":"1", "tid":"wave"},
{"name":"ModelSetRunClock", "ph":"B", "ts":"714944460", "pid":"1", "tid":"wave"},
{"name":"ModelSetRunClock", "ph":"E", "ts":"714944512", "pid":"1", "tid":"wave"},
{"name":"ModelAdvance", "ph":"B", "ts":"714944601", "pid":"1", "tid":"wave"},
{"name":"ModelAdvance", "ph":"E", "ts":"719859454", "pid":"1", "tid":"wave"},
{"name":"ModelSetRunClock", "ph":"B", "ts":"723119465", "pid":"1", "tid":"wave"},
{"name":"ModelSetRunClock", "ph":"E", "ts":"723119523", "pid":"1", "tid":"wave"},
{"name":"ModelAdvance", "ph":"B", "ts":"723119614", "pid":"1", "tid":"wave"},
{"name":"ModelAdvance", "ph":"E", "ts":"728033427", "pid":"1", "tid":"wave"},
{"name":"ModelSetRunClock", "ph":"B", "ts":"730633123", "pid":"1", "tid":"wave"},
{"name":"ModelSetRunClock", "ph":"E", "ts":"730633178", "pid":"1", "tid":"wave"},
{"name":"ModelAdvance", "ph":"B", "ts":"730633253", "pid":"1", "tid":"wave"},
{"name":"ModelAdvance", "ph":"E", "ts":"735610049", "pid":"1", "tid":"wave"},
{"name":"ModelSetRunClock", "ph":"B", "ts":"738995151", "pid":"1", "tid":"wave"},
{"name":"ModelSetRunClock", "ph":"E", "ts":"738995208", "pid":"1", "tid":"wave"},
{"name":"ModelAdvance", "ph":"B", "ts":"738995304", "pid":"1", "tid":"wave"},
{"name":"ModelAdvance", "ph":"E", "ts":"743934549", "pid":"1", "tid":"wave"},
{"name":"ModelSetRunClock", "ph":"B", "ts":"747769426", "pid":"1", "tid":"wave"},
{"name":"ModelSetRunClock", "ph":"E", "ts":"747769486", "pid":"1", "tid":"wave"},
{"name":"ModelAdvance", "ph":"B", "ts":"747769562", "pid":"1", "tid":"wave"},
{"name":"ModelAdvance", "ph":"E", "ts":"752714807", "pid":"1", "tid":"wave"},
{"name":"ModelSetRunClock", "ph":"B", "ts":"756665506", "pid":"1", "tid":"wave"},
{"name":"ModelSetRunClock", "ph":"E", "ts":"756665708", "pid":"1", "tid":"wave"},
{"name":"ModelAdvance", "ph":"B", "ts":"756665913", "pid":"1", "tid":"wave"},
{"name":"ModelAdvance", "ph":"E", "ts":"761602966", "pid":"1", "tid":"wave"},
{"name":"ModelSetRunClock", "ph":"B", "ts":"764706930", "pid":"1", "tid":"wave"},
{"name":"ModelSetRunClock", "ph":"E", "ts":"764706994", "pid":"1", "tid":"wave"},
{"name":"ModelAdvance", "ph":"B", "ts":"764707076", "pid":"1", "tid":"wave"},
{"name":"ModelAdvance", "ph":"E", "ts":"769722900", "pid":"1", "tid":"wave"},
{"name":"ModelSetRunClock", "ph":"B", "ts":"783743072", "pid":"1", "tid":"wave"},
{"name":"ModelSetRunClock", "ph":"E", "ts":"783743139", "pid":"1", "tid":"wave"},
{"name":"ModelAdvance", "ph":"B", "ts":"783743243", "pid":"1", "tid":"wave"},
{"name":"ModelAdvance", "ph":"E", "ts":"788634346", "pid":"1", "tid":"wave"},
{"name":"ModelSetRunClock", "ph":"B", "ts":"791701271", "pid":"1", "tid":"wave"},
{"name":"ModelSetRunClock", "ph":"E", "ts":"791701336", "pid":"1", "tid":"wave"},
{"name":"ModelAdvance", "ph":"B", "ts":"791701450", "pid":"1", "tid":"wave"},
{"name":"ModelAdvance", "ph":"E", "ts":"796609645", "pid":"1", "tid":"wave"},
{"name":"ModelSetRunClock", "ph":"B", "ts":"800121770", "pid":"1", "tid":"wave"},
{"name":"ModelSetRunClock", "ph":"E", "ts":"800121847", "pid":"1", "tid":"wave"},
{"name":"ModelAdvance", "ph":"B", "ts":"800121939", "pid":"1", "tid":"wave"},
{"name":"ModelAdvance", "ph":"E", "ts":"804990235", "pid":"1", "tid":"wave"},
{"name":"ModelSetRunClock", "ph":"B", "ts":"807578651", "pid":"1", "tid":"wave"},
{"name":"ModelSetRunClock", "ph":"E", "ts":"807578718", "pid":"1", "tid":"wave"},
{"name":"ModelAdvance", "ph":"B", "ts":"807578800", "pid":"1", "tid":"wave"},
{"name":"ModelAdvance", "ph":"E", "ts":"812436547", "pid":"1", "tid":"wave"},
{"name":"ModelSetRunClock", "ph":"B", "ts":"815717857", "pid":"1", "tid":"wave"},
{"name":"ModelSetRunClock", "ph":"E", "ts":"815717917", "pid":"1", "tid":"wave"},
{"name":"ModelAdvance", "ph":"B", "ts":"815718003", "pid":"1", "tid":"wave"},
{"name":"ModelAdvance", "ph":"E", "ts":"820525291", "pid":"1", "tid":"wave"},
{"name":"ModelSetRunClock", "ph":"B", "ts":"823686444", "pid":"1", "tid":"wave"},
{"name":"ModelSetRunClock", "ph":"E", "ts":"823686504", "pid":"1", "tid":"wave"},
{"name":"ModelAdvance", "ph":"B", "ts":"823686580", "pid":"1", "tid":"wave"},
{"name":"ModelAdvance", "ph":"E", "ts":"828531827", "pid":"1", "tid":"wave"},
{"name":"ModelSetRunClock", "ph":"B", "ts":"832131358", "pid":"1", "tid":"wave"},
{"name":"ModelSetRunClock", "ph":"E", "ts":"832131411", "pid":"1", "tid":"wave"},
{"name":"ModelAdvance", "ph":"B", "ts":"832131493", "pid":"1", "tid":"wave"},
{"name":"ModelAdvance", "ph":"E", "ts":"836961522", "pid":"1", "tid":"wave"},
{"name":"ModelSetRunClock", "ph":"B", "ts":"839893348", "pid":"1", "tid":"wave"},
{"name":"ModelSetRunClock", "ph":"E", "ts":"839893430", "pid":"1", "tid":"wave"},
{"name":"ModelAdvance", "ph":"B", "ts":"839893550", "pid":"1", "tid":"wave"},
{"name":"ModelAdvance", "ph":"E", "ts":"844711445", "pid":"1", "tid":"wave"},
{"name":"ModelSetRunClock", "ph":"B", "ts":"848209905", "pid":"1", "tid":"wave"},
{"name":"ModelSetRunClock", "ph":"E", "ts":"848210068", "pid":"1", "tid":"wave"},
{"name":"ModelAdvance", "ph":"B", "ts":"848210182", "pid":"1", "tid":"wave"},
{"name":"ModelAdvance", "ph":"E", "ts":"853094360", "pid":"1", "tid":"wave"},
{"name":"ModelSetRunClock", "ph":"B", "ts":"856017364", "pid":"1", "tid":"wave"},
{"name":"ModelSetRunClock", "ph":"E", "ts":"856017432", "pid":"1", "tid":"wave"},
{"name":"ModelAdvance", "ph":"B", "ts":"856017516", "pid":"1", "tid":"wave"},
{"name":"ModelAdvance", "ph":"E", "ts":"860833391", "pid":"1", "tid":"wave"},
{"name":"ModelSetRunClock", "ph":"B", "ts":"864550071", "pid":"1", "tid":"wave"},
{"name":"ModelSetRunClock", "ph":"E", "ts":"864550132", "pid":"1", "tid":"wave"},
{"name":"ModelAdvance", "ph":"B", "ts":"864550220", "pid":"1", "tid":"wave"},
{"name":"ModelAdvance", "ph":"E", "ts":"869312431", "pid":"1", "tid":"wave"},
{"name":"ModelSetRunClock", "ph":"B", "ts":"872221191", "pid":"1", "tid":"wave"},
{"name":"ModelSetRunClock", "ph":"E", "ts":"872221252", "pid":"1", "tid":"wave"},
{"name":"ModelAdvance", "ph":"B", "ts":"872221335", "pid":"1", "tid":"wave"},
{"name":"ModelAdvance", "ph":"E", "ts":"876981998", "pid":"1", "tid":"wave"},
{"name":"ModelSetRunClock", "ph":"B", "ts":"880908119", "pid":"1", "tid":"wave"},
{"name":"ModelSetRunClock", "ph":"E", "ts":"880908352", "pid":"1", "tid":"wave"},
{"name":"ModelAdvance", "ph":"B", "ts":"880908514", "pid":"1", "tid":"wave"},
{"name":"ModelAdvance", "ph":"E", "ts":"885656522", "pid":"1", "tid":"wave"},
{"name":"ModelSetRunClock", "ph":"B", "ts":"888676987", "pid":"1", "tid":"wave"},
{"name":"ModelSetRunClock", "ph":"E", "ts":"888677048", "pid":"1", "tid":"wave"},
{"name":"ModelAdvance", "ph":"B", "ts":"888677125", "pid":"1", "tid":"wave"},
{"name":"ModelAdvance", "ph":"E", "ts":"893346656", "pid":"1", "tid":"wave"},
{"name":"ModelSetRunClock", "ph":"B", "ts":"896868052", "pid":"1", "tid":"wave"},
{"name":"ModelSetRunClock", "ph":"E", "ts":"896868111", "pid":"1", "tid":"wave"},
{"name":"ModelAdvance", "ph":"B", "ts":"896868190", "pid":"1", "tid":"wave"},
{"name":"ModelAdvance", "ph":"E", "ts":"901509919", "pid":"1", "tid":"wave"},
{"name":"ModelSetRunClock", "ph":"B", "ts":"904342724", "pid":"1", "tid":"wave"},
{"name":"ModelSetRunClock", "ph":"E", "ts":"904342789", "pid":"1", "tid":"wave"},
{"name":"ModelAdvance", "ph":"B", "ts":"904342889", "pid":"1", "tid":"wave"},
{"name":"ModelAdvance", "ph":"E", "ts":"908976571", "pid":"1", "tid":"wave"},
{"name":"ModelSetRunClock", "ph":"B", "ts":"912410297", "pid":"1", "tid":"wave"},
{"name":"ModelSetRunClock", "ph":"E", "ts":"912410356", "pid":"1", "tid":"wave"},
{"name":"ModelAdvance", "ph":"B", "ts":"912410441", "pid":"1", "tid":"wave"},
{"name":"ModelAdvance", "ph":"E", "ts":"917079768", "pid":"1", "tid":"wave"},
{"name":"ModelSetRunClock", "ph":"B", "ts":"919912150", "pid":"1", "tid":"wave"},
{"name":"ModelSetRunClock", "ph":"E", "ts":"919912201", "pid":"1", "tid":"wave"},
{"name":"ModelAdvance", "ph":"B", "ts":"919912291", "pid":"1", "tid":"wave"},
{"name":"ModelAdvance", "ph":"E", "ts":"924557871", "pid":"1", "tid":"wave"},
{"name":"ModelSetRunClock", "ph":"B", "ts":"928064029", "pid":"1", "tid":"wave"},
{"name":"ModelSetRunClock", "ph":"E", "ts":"928064090", "pid":"1", "tid":"wave"},
{"name":"ModelAdvance", "ph":"B", "ts":"928064341", "pid":"1", "tid":"wave"},
{"name":"ModelAdvance", "ph":"E", "ts":"932714753", "pid":"1", "tid":"wave"},
{"name":"ModelSetRunClock", "ph":"B", "ts":"935624321", "pid":"1", "tid":"wave"},
{"name":"ModelSetRunClock", "ph":"E", "ts":"935624376", "pid":"1", "tid":"wave"},
{"name":"ModelAdvance", "ph":"B", "ts":"935624465", "pid":"1", "tid":"wave"},
{"name":"ModelAdvance", "ph":"E", "ts":"940249474", "pid":"1", "tid":"wave"},
{"name":"ModelSetRunClock", "ph":"B", "ts":"943818333", "pid":"1", "tid":"wave"},
{"name":"ModelSetRunClock", "ph":"E", "ts":"943818389", "pid":"1", "tid":"wave"},
{"name":"ModelAdvance", "ph":"B", "ts":"943818466", "pid":"1", "tid":"wave"},
{"name":"ModelAdvance", "ph":"E", "ts":"948317742", "pid":"1", "tid":"wave"},
{"name":"ModelSetRunClock", "ph":"B", "ts":"951337956", "pid":"1", "tid":"wave"},
{"name":"ModelSetRunClock", "ph":"E", "ts":"951338007", "pid":"1", "tid":"wave"},
{"name":"ModelAdvance", "ph":"B", "ts":"951338083", "pid":"1", "tid":"wave"},
{"name":"ModelAdvance", "ph":"E", "ts":"955854606", "pid":"1", "tid":"wave"},
{"name":"ModelSetRunClock", "ph":"B", "ts":"959445940", "pid":"1", "tid":"wave"},
{"name":"ModelSetRunClock", "ph":"E", "ts":"959446005", "pid":"1", "tid":"wave"},
{"name":"ModelAdvance", "ph":"B", "ts":"959446096", "pid":"1", "tid":"wave"},
{"name":"ModelAdvance", "ph":"E", "ts":"963923292", "pid":"1", "tid":"wave"},
{"name":"ModelSetRunClock", "ph":"B", "ts":"966884236", "pid":"1", "tid":"wave"},
{"name":"ModelSetRunClock", "ph":"E", "ts":"966884288", "pid":"1", "tid":"wave"},
{"name":"ModelAdvance", "ph":"B", "ts":"966884362", "pid":"1", "tid":"wave"},
{"name":"ModelAdvance", "ph":"E", "ts":"971352750", "pid":"1", "tid":"wave"},
{"name":"ModelSetRunClock", "ph":"B", "ts":"974975318", "pid":"1", "tid":"wave"},
{"name":"ModelSetRunClock", "ph":"E", "ts":"974975375", "pid":"1", "tid":"wave"},
{"name":"ModelAdvance", "ph":"B", "ts":"974975466", "pid":"1", "tid":"wave"},
{"name":"ModelAdvance", "ph":"E", "ts":"979399944", "pid":"1", "tid":"wave"},
{"name":"ModelSetRunClock", "ph":"B", "ts":"982505925", "pid":"1", "tid":"wave"},
{"name":"ModelSetRunClock", "ph":"E", "ts":"982505978", "pid":"1", "tid":"wave"},
{"name":"ModelAdvance", "ph":"B", "ts":"982506065", "pid":"1", "tid":"wave"},
{"name":"ModelAdvance", "ph":"E", "ts":"986980510", "pid":"1", "tid":"wave"},
{"name":"ModelSetRunClock", "ph":"B", "ts":"990596764", "pid":"1", "tid":"wave"},
{"name":"ModelSetRunClock", "ph":"E", "ts":"990596834", "pid":"1", "tid":"wave"},
{"name":"ModelAdvance", "ph":"B", "ts":"990596940", "pid":"1", "tid":"wave"},
{"name":"ModelAdvance", "ph":"E", "ts":"995075498", "pid":"1", "tid":"wave"},
{"name":"ModelSetRunClock", "ph":"B", "ts":"997990361", "pid":"1", "tid":"wave"},
{"name":"ModelSetRunClock", "ph":"E", "ts":"997990421", "pid":"1", "tid":"wave"},
{"name":"ModelAdvance", "ph":"B", "ts":"997990507", "pid":"1", "tid":"wave"},
{"name":"ModelAdvance", "ph":"E", "ts":"1002541286", "pid":"1", "tid":"wave"},
{"name":"ModelSetRunClock", "ph":"B", "ts":"1006075556", "pid":"1", "tid":"wave"},
{"name":"ModelSetRunClock", "ph":"E", "ts":"1006075616", "pid":"1", "tid":"wave"},
{"name":"ModelAdvance", "ph":"B", "ts":"1006075697", "pid":"1", "tid":"wave"},
{"name":"ModelAdvance", "ph":"E", "ts":"1010648599", "pid":"1", "tid":"wave"},
{"name":"ModelSetRunClock", "ph":"B", "ts":"1013560382", "pid":"1", "tid":"wave"},
{"name":"ModelSetRunClock", "ph":"E", "ts":"1013560466", "pid":"1", "tid":"wave"},
{"name":"ModelAdvance", "ph":"B", "ts":"1013560573", "pid":"1", "tid":"wave"},
{"name":"ModelAdvance", "ph":"E", "ts":"1018158226", "pid":"1", "tid":"wave"},
{"name":"ModelSetRunClock", "ph":"B", "ts":"1021662982", "pid":"1", "tid":"wave"},
{"name":"ModelSetRunClock", "ph":"E", "ts":"1021663050", "pid":"1", "tid":"wave"},
{"name":"ModelAdvance", "ph":"B", "ts":"1021663147", "pid":"1", "tid":"wave"},
{"name":"ModelAdvance", "ph":"E", "ts":"1026237580", "pid":"1", "tid":"wave"},
{"name":"ModelSetRunClock", "ph":"B", "ts":"1028992796", "pid":"1", "tid":"wave"},
{"name":"ModelSetRunClock", "ph":"E", "ts":"1028992983", "pid":"1", "tid":"wave"},
{"name":"ModelAdvance", "ph":"B", "ts":"1028993164", "pid":"1", "tid":"wave"},
{"name":"ModelAdvance", "ph":"E", "ts":"1033480085", "pid":"1", "tid":"wave"},
{"name":"ModelSetRunClock", "ph":"B", "ts":"1037093349", "pid":"1", "tid":"wave"},
{"name":"ModelSetRunClock", "ph":"E", "ts":"1037093437", "pid":"1", "tid":"wave"},
{"name":"ModelAdvance", "ph":"B", "ts":"1037093537", "pid":"1", "tid":"wave"},
{"name":"ModelAdvance", "ph":"E", "ts":"1041495822", "pid":"1", "tid":"wave"},
{"name":"ModelSetRunClock", "ph":"B", "ts":"1044491616", "pid":"1", "tid":"wave"},
{"name":"ModelSetRunClock", "ph":"E", "ts":"1044491671", "pid":"1", "tid":"wave"},
{"name":"ModelAdvance", "ph":"B", "ts":"1044491748", "pid":"1", "tid":"wave"},
{"name":"ModelAdvance", "ph":"E", "ts":"1048975026", "pid":"1", "tid":"wave"},
{"name":"ModelSetRunClock", "ph":"B", "ts":"1052737538", "pid":"1", "tid":"wave"},
{"name":"ModelSetRunClock", "ph":"E", "ts":"1052737616", "pid":"1", "tid":"wave"},
{"name":"ModelAdvance", "ph":"B", "ts":"1052737711", "pid":"1", "tid":"wave"},
{"name":"ModelAdvance", "ph":"E", "ts":"1057400683", "pid":"1", "tid":"wave"},
{"name":"ModelSetRunClock", "ph":"B", "ts":"1060237076", "pid":"1", "tid":"wave"},
{"name":"ModelSetRunClock", "ph":"E", "ts":"1060237144", "pid":"1", "tid":"wave"},
{"name":"ModelAdvance", "ph":"B", "ts":"1060237235", "pid":"1", "tid":"wave"},
{"name":"ModelAdvance", "ph":"E", "ts":"1065080529", "pid":"1", "tid":"wave"},
{"name":"ModelSetRunClock", "ph":"B", "ts":"1068391782", "pid":"1", "tid":"wave"},
{"name":"ModelSetRunClock", "ph":"E", "ts":"1068391838", "pid":"1", "tid":"wave"},
{"name":"ModelAdvance", "ph":"B", "ts":"1068391914", "pid":"1", "tid":"wave"},
{"name":"ModelAdvance", "ph":"E", "ts":"1073377187", "pid":"1", "tid":"wave"},
{"name":"ModelSetRunClock", "ph":"B", "ts":"1075772976", "pid":"1", "tid":"wave"},
{"name":"ModelSetRunClock", "ph":"E", "ts":"1075773043", "pid":"1", "tid":"wave"},
{"name":"ModelAdvance", "ph":"B", "ts":"1075773132", "pid":"1", "tid":"wave"},
{"name":"ModelAdvance", "ph":"E", "ts":"1080953452", "pid":"1", "tid":"wave"},
{"name":"ModelSetRunClock", "ph":"B", "ts":"1083904455", "pid":"1", "tid":"wave"},
{"name":"ModelSetRunClock", "ph":"E", "ts":"1083904519", "pid":"1", "tid":"wave"},
{"name":"ModelAdvance", "ph":"B", "ts":"1083904613", "pid":"1", "tid":"wave"},
{"name":"ModelAdvance", "ph":"E", "ts":"1089338774", "pid":"1", "tid":"wave"},
{"name":"ModelSetRunClock", "ph":"B", "ts":"1091356300", "pid":"1", "tid":"wave"},
{"name":"ModelSetRunClock", "ph":"E", "ts":"1091356354", "pid":"1", "tid":"wave"},
{"name":"ModelAdvance", "ph":"B", "ts":"1091356438", "pid":"1", "tid":"wave"},
{"name":"ModelAdvance", "ph":"E", "ts":"1096900509", "pid":"1", "tid":"wave"},
{"name":"ModelSetRunClock", "ph":"B", "ts":"1099450603", "pid":"1", "tid":"wave"},
{"name":"ModelSetRunClock", "ph":"E", "ts":"1099450666", "pid":"1", "tid":"wave"},
{"name":"ModelAdvance", "ph":"B", "ts":"1099450759", "pid":"1", "tid":"wave"},
{"name":"ModelAdvance", "ph":"E", "ts":"1105038050", "pid":"1", "tid":"wave"},
{"name":"ModelSetRunClock", "ph":"B", "ts":"1106946408", "pid":"1", "tid":"wave"},
{"name":"ModelSetRunClock", "ph":"E", "ts":"1106946459", "pid":"1", "tid":"wave"},
{"name":"ModelAdvance", "ph":"B", "ts":"1106946546", "pid":"1", "tid":"wave"},
{"name":"ModelAdvance", "ph":"E", "ts":"1112510554", "pid":"1", "tid":"wave"},
{"name":"ModelSetRunClock", "ph":"B", "ts":"1115063468", "pid":"1", "tid":"wave"},
{"name":"ModelSetRunClock", "ph":"E", "ts":"1115063531", "pid":"1", "tid":"wave"},
{"name":"ModelAdvance", "ph":"B", "ts":"1115063620", "pid":"1", "tid":"wave"},
{"name":"ModelAdvance", "ph":"E", "ts":"1120562934", "pid":"1", "tid":"wave"},
{"name":"ModelSetRunClock", "ph":"B", "ts":"1122667208", "pid":"1", "tid":"wave"},
{"name":"ModelSetRunClock", "ph":"E", "ts":"1122667272", "pid":"1", "tid":"wave"},
{"name":"ModelAdvance", "ph":"B", "ts":"1122667370", "pid":"1", "tid":"wave"},
{"name":"ModelAdvance", "ph":"E", "ts":"1128183160", "pid":"1", "tid":"wave"},
{"name":"ModelSetRunClock", "ph":"B", "ts":"1130738532", "pid":"1", "tid":"wave"},
{"name":"ModelSetRunClock", "ph":"E", "ts":"1130738584", "pid":"1", "tid":"wave"},
{"name":"ModelAdvance", "ph":"B", "ts":"1130738665", "pid":"1", "tid":"wave"},
{"name":"ModelAdvance", "ph":"E", "ts":"1136114178", "pid":"1", "tid":"wave"},
{"name":"ModelSetRunClock", "ph":"B", "ts":"1138102201", "pid":"1", "tid":"wave"},
{"name":"ModelSetRunClock", "ph":"E", "ts":"1138102260", "pid":"1", "tid":"wave"},
{"name":"ModelAdvance", "ph":"B", "ts":"1138102349", "pid":"1", "tid":"wave"},
{"name":"ModelAdvance", "ph":"E", "ts":"1143527557", "pid":"1", "tid":"wave"},
{"name":"ModelSetRunClock", "ph":"B", "ts":"1146233843", "pid":"1", "tid":"wave"},
{"name":"ModelSetRunClock", "ph":"E", "ts":"1146233903", "pid":"1", "tid":"wave"},
{"name":"ModelAdvance", "ph":"B", "ts":"1146233995", "pid":"1", "tid":"wave"},
{"name":"ModelAdvance", "ph":"E", "ts":"1151535478", "pid":"1", "tid":"wave"},
{"name":"ModelFinalize", "ph":"B", "ts":"1151541052", "pid":"1", "tid":"wave"},
{"name":"ModelFinalize", "ph":"E", "ts":"1151541073", "pid":"1", "tid":"wave"},
