{"name":"SetServices", "ph":"B", "ts":"2316405023", "pid":"1", "tid":"wave"},
{"name":"SetServices", "ph":"E", "ts":"2316406582", "pid":"1", "tid":"wave"},
{"name":"InitializeP0", "ph":"B", "ts":"2316410540", "pid":"1", "tid":"wave"},
{"name":"InitializeP0", "ph":"E", "ts":"2316410625", "pid":"1", "tid":"wave"},
{"name":"InitializeAdvertise", "ph":"B", "ts":"2339199766", "pid":"1", "tid":"wave"},
{"name":"InitializeAdvertise", "ph":"E", "ts":"2438892190", "pid":"1", "tid":"wave"},
{"name":"InitializeRealize", "ph":"B", "ts":"2541842137", "pid":"1", "tid":"wave"},
{"name":"InitializeRealize", "ph":"E", "ts":"2555139582", "pid":"1", "tid":"wave"},
{"name":"DataInitialize", "ph":"B", "ts":"2585161827", "pid":"1", "tid":"wave"},
{"name":"DataInitialize", "ph":"E", "ts":"2585165822", "pid":"1", "tid":"wave"},
{"name":"ModelSetRunClock", "ph":"B", "ts":"2639321237", "pid":"1", "tid":"wave"},
{"name":"ModelSetRunClock", "ph":"E", "ts":"2639331737", "pid":"1", "tid":"wave"},
{"name":"ModelAdvance", "ph":"B", "ts":"2639331821", "pid":"1", "tid":"wave"},
{"name":"ModelAdvance", "ph":"E", "ts":"2650572179", "pid":"1", "tid":"wave"},
{"name":"ModelSetRunClock", "ph":"B", "ts":"2651626285", "pid":"1", "tid":"wave"},
{"name":"ModelSetRunClock", "ph":"E", "ts":"2651626320", "pid":"1", "tid":"wave"},
{"name":"ModelAdvance", "ph":"B", "ts":"2651626403", "pid":"1", "tid":"wave"},
{"name":"ModelAdvance", "ph":"E", "ts":"2657595157", "pid":"1", "tid":"wave"},
{"name":"ModelSetRunClock", "ph":"B", "ts":"2659398655", "pid":"1", "tid":"wave"},
{"name":"ModelSetRunClock", "ph":"E", "ts":"2659398689", "pid":"1", "tid":"wave"},
{"name":"ModelAdvance", "ph":"B", "ts":"2659398767", "pid":"1", "tid":"wave"},
{"name":"ModelAdvance", "ph":"E", "ts":"2665185770", "pid":"1", "tid":"wave"},
{"name":"ModelSetRunClock", "ph":"B", "ts":"2667841383", "pid":"1", "tid":"wave"},
{"name":"ModelSetRunClock", "ph":"E", "ts":"2667841420", "pid":"1", "tid":"wave"},
{"name":"ModelAdvance", "ph":"B", "ts":"2667841499", "pid":"1", "tid":"wave"},
{"name":"ModelAdvance", "ph":"E", "ts":"2673555460", "pid":"1", "tid":"wave"},
{"name":"ModelSetRunClock", "ph":"B", "ts":"2675665509", "pid":"1", "tid":"wave"},
{"name":"ModelSetRunClock", "ph":"E", "ts":"2675665544", "pid":"1", "tid":"wave"},
{"name":"ModelAdvance", "ph":"B", "ts":"2675665622", "pid":"1", "tid":"wave"},
{"name":"ModelAdvance", "ph":"E", "ts":"2681371364", "pid":"1", "tid":"wave"},
{"name":"ModelSetRunClock", "ph":"B", "ts":"2684182972", "pid":"1", "tid":"wave"},
{"name":"ModelSetRunClock", "ph":"E", "ts":"2684183007", "pid":"1", "tid":"wave"},
{"name":"ModelAdvance", "ph":"B", "ts":"2684183089", "pid":"1", "tid":"wave"},
{"name":"ModelAdvance", "ph":"E", "ts":"2689846275", "pid":"1", "tid":"wave"},
{"name":"ModelSetRunClock", "ph":"B", "ts":"2708662206", "pid":"1", "tid":"wave"},
{"name":"ModelSetRunClock", "ph":"E", "ts":"2708662249", "pid":"1", "tid":"wave"},
{"name":"ModelAdvance", "ph":"B", "ts":"2708662333", "pid":"1", "tid":"wave"},
{"name":"ModelAdvance", "ph":"E", "ts":"2714295069", "pid":"1", "tid":"wave"},
{"name":"ModelSetRunClock", "ph":"B", "ts":"2717217873", "pid":"1", "tid":"wave"},
{"name":"ModelSetRunClock", "ph":"E", "ts":"2717217908", "pid":"1", "tid":"wave"},
{"name":"ModelAdvance", "ph":"B", "ts":"2717217988", "pid":"1", "tid":"wave"},
{"name":"ModelAdvance", "ph":"E", "ts":"2722822076", "pid":"1", "tid":"wave"},
{"name":"ModelSetRunClock", "ph":"B", "ts":"2725222916", "pid":"1", "tid":"wave"},
{"name":"ModelSetRunClock", "ph":"E", "ts":"2725222950", "pid":"1", "tid":"wave"},
{"name":"ModelAdvance", "ph":"B", "ts":"2725223026", "pid":"1", "tid":"wave"},
{"name":"ModelAdvance", "ph":"E", "ts":"2730819921", "pid":"1", "tid":"wave"},
{"name":"ModelSetRunClock", "ph":"B", "ts":"2733945975", "pid":"1", "tid":"wave"},
{"name":"ModelSetRunClock", "ph":"E", "ts":"2733946011", "pid":"1", "tid":"wave"},
{"name":"ModelAdvance", "ph":"B", "ts":"2733946090", "pid":"1", "tid":"wave"},
{"name":"ModelAdvance", "ph":"E", "ts":"2739541431", "pid":"1", "tid":"wave"},
{"name":"ModelSetRunClock", "ph":"B", "ts":"2741928602", "pid":"1", "tid":"wave"},
{"name":"ModelSetRunClock", "ph":"E", "ts":"2741928769", "pid":"1", "tid":"wave"},
{"name":"ModelAdvance", "ph":"B", "ts":"2741928854", "pid":"1", "tid":"wave"},
{"name":"ModelAdvance", "ph":"E", "ts":"2747516888", "pid":"1", "tid":"wave"},
{"name":"ModelSetRunClock", "ph":"B", "ts":"2750561192", "pid":"1", "tid":"wave"},
{"name":"ModelSetRunClock", "ph":"E", "ts":"2750561235", "pid":"1", "tid":"wave"},
{"name":"ModelAdvance", "ph":"B", "ts":"2750561308", "pid":"1", "tid":"wave"},
{"name":"ModelAdvance", "ph":"E", "ts":"2756160695", "pid":"1", "tid":"wave"},
{"name":"ModelSetRunClock", "ph":"B", "ts":"2758537157", "pid":"1", "tid":"wave"},
{"name":"ModelSetRunClock", "ph":"E", "ts":"2758537199", "pid":"1", "tid":"wave"},
{"name":"ModelAdvance", "ph":"B", "ts":"2758537276", "pid":"1", "tid":"wave"},
{"name":"ModelAdvance", "ph":"E", "ts":"2764121720", "pid":"1", "tid":"wave"},
{"name":"ModelSetRunClock", "ph":"B", "ts":"2767240406", "pid":"1", "tid":"wave"},
{"name":"ModelSetRunClock", "ph":"E", "ts":"2767240447", "pid":"1", "tid":"wave"},
{"name":"ModelAdvance", "ph":"B", "ts":"2767240526", "pid":"1", "tid":"wave"},
{"name":"ModelAdvance", "ph":"E", "ts":"2772794442", "pid":"1", "tid":"wave"},
{"name":"ModelSetRunClock", "ph":"B", "ts":"2775211885", "pid":"1", "tid":"wave"},
{"name":"ModelSetRunClock", "ph":"E", "ts":"2775211928", "pid":"1", "tid":"wave"},
{"name":"ModelAdvance", "ph":"B", "ts":"2775212015", "pid":"1", "tid":"wave"},
{"name":"ModelAdvance", "ph":"E", "ts":"2780680484", "pid":"1", "tid":"wave"},
{"name":"ModelSetRunClock", "ph":"B", "ts":"2783958726", "pid":"1", "tid":"wave"},
{"name":"ModelSetRunClock", "ph":"E", "ts":"2783958766", "pid":"1", "tid":"wave"},
{"name":"ModelAdvance", "ph":"B", "ts":"2783958844", "pid":"1", "tid":"wave"},
{"name":"ModelAdvance", "ph":"E", "ts":"2789349770", "pid":"1", "tid":"wave"},
{"name":"ModelSetRunClock", "ph":"B", "ts":"2792404404", "pid":"1", "tid":"wave"},
{"name":"ModelSetRunClock", "ph":"E", "ts":"2792404447", "pid":"1", "tid":"wave"},
{"name":"ModelAdvance", "ph":"B", "ts":"2792404529", "pid":"1", "tid":"wave"},
{"name":"ModelAdvance", "ph":"E", "ts":"2797701594", "pid":"1", "tid":"wave"},
{"name":"ModelSetRunClock", "ph":"B", "ts":"2801468055", "pid":"1", "tid":"wave"},
{"name":"ModelSetRunClock", "ph":"E", "ts":"2801468097", "pid":"1", "tid":"wave"},
{"name":"ModelAdvance", "ph":"B", "ts":"2801468181", "pid":"1", "tid":"wave"},
{"name":"ModelAdvance", "ph":"E", "ts":"2806687530", "pid":"1", "tid":"wave"},
{"name":"ModelSetRunClock", "ph":"B", "ts":"2810052441", "pid":"1", "tid":"wave"},
{"name":"ModelSetRunClock", "ph":"E", "ts":"2810052481", "pid":"1", "tid":"wave"},
{"name":"ModelAdvance", "ph":"B", "ts":"2810052556", "pid":"1", "tid":"wave"},
{"name":"ModelAdvance", "ph":"E", "ts":"2815216125", "pid":"1", "tid":"wave"},
{"name":"ModelSetRunClock", "ph":"B", "ts":"2819062036", "pid":"1", "tid":"wave"},
{"name":"ModelSetRunClock", "ph":"E", "ts":"2819062077", "pid":"1", "tid":"wave"},
{"name":"ModelAdvance", "ph":"B", "ts":"2819062150", "pid":"1", "tid":"wave"},
{"name":"ModelAdvance", "ph":"E", "ts":"2824176164", "pid":"1", "tid":"wave"},
{"name":"ModelSetRunClock", "ph":"B", "ts":"2827615437", "pid":"1", "tid":"wave"},
{"name":"ModelSetRunClock", "ph":"E", "ts":"2827615480", "pid":"1", "tid":"wave"},
{"name":"ModelAdvance", "ph":"B", "ts":"2827615554", "pid":"1", "tid":"wave"},
{"name":"ModelAdvance", "ph":"E", "ts":"2832681966", "pid":"1", "tid":"wave"},
{"name":"ModelSetRunClock", "ph":"B", "ts":"2837013201", "pid":"1", "tid":"wave"},
{"name":"ModelSetRunClock", "ph":"E", "ts":"2837013245", "pid":"1", "tid":"wave"},
{"name":"ModelAdvance", "ph":"B", "ts":"2837013324", "pid":"1", "tid":"wave"},
{"name":"ModelAdvance", "ph":"E", "ts":"2842047123", "pid":"1", "tid":"wave"},
{"name":"ModelSetRunClock", "ph":"B", "ts":"2845787843", "pid":"1", "tid":"wave"},
{"name":"ModelSetRunClock", "ph":"E", "ts":"2845788042", "pid":"1", "tid":"wave"},
{"name":"ModelAdvance", "ph":"B", "ts":"2845788209", "pid":"1", "tid":"wave"},
{"name":"ModelAdvance", "ph":"E", "ts":"2850873052", "pid":"1", "tid":"wave"},
{"name":"ModelSetRunClock", "ph":"B", "ts":"2854831332", "pid":"1", "tid":"wave"},
{"name":"ModelSetRunClock", "ph":"E", "ts":"2854831373", "pid":"1", "tid":"wave"},
{"name":"ModelAdvance", "ph":"B", "ts":"2854831451", "pid":"1", "tid":"wave"},
{"name":"ModelAdvance", "ph":"E", "ts":"2859857175", "pid":"1", "tid":"wave"},
{"name":"ModelSetRunClock", "ph":"B", "ts":"2863213386", "pid":"1", "tid":"wave"},
{"name":"ModelSetRunClock", "ph":"E", "ts":"2863213429", "pid":"1", "tid":"wave"},
{"name":"ModelAdvance", "ph":"B", "ts":"2863213508", "pid":"1", "tid":"wave"},
{"name":"ModelAdvance", "ph":"E", "ts":"2868194302", "pid":"1", "tid":"wave"},
{"name":"ModelSetRunClock", "ph":"B", "ts":"2871787477", "pid":"1", "tid":"wave"},
{"name":"ModelSetRunClock", "ph":"E", "ts":"2871787519", "pid":"1", "tid":"wave"},
{"name":"ModelAdvance", "ph":"B", "ts":"2871787600", "pid":"1", "tid":"wave"},
{"name":"ModelAdvance", "ph":"E", "ts":"2876798916", "pid":"1", "tid":"wave"},
{"name":"ModelSetRunClock", "ph":"B", "ts":"2879487120", "pid":"1", "tid":"wave"},
{"name":"ModelSetRunClock", "ph":"E", "ts":"2879487162", "pid":"1", "tid":"wave"},
{"name":"ModelAdvance", "ph":"B", "ts":"2879487243", "pid":"1", "tid":"wave"},
{"name":"ModelAdvance", "ph":"E", "ts":"2884516696", "pid":"1", "tid":"wave"},
{"name":"ModelSetRunClock", "ph":"B", "ts":"2887758288", "pid":"1", "tid":"wave"},
{"name":"ModelSetRunClock", "ph":"E", "ts":"2887758328", "pid":"1", "tid":"wave"},
{"name":"ModelAdvance", "ph":"B", "ts":"2887758407", "pid":"1", "tid":"wave"},
{"name":"ModelAdvance", "ph":"E", "ts":"2892781233", "pid":"1", "tid":"wave"},
{"name":"ModelSetRunClock", "ph":"B", "ts":"2895417518", "pid":"1", "tid":"wave"},
{"name":"ModelSetRunClock", "ph":"E", "ts":"2895417565", "pid":"1", "tid":"wave"},
{"name":"ModelAdvance", "ph":"B", "ts":"2895417654", "pid":"1", "tid":"wave"},
{"name":"ModelAdvance", "ph":"E", "ts":"2900406133", "pid":"1", "tid":"wave"},
{"name":"ModelSetRunClock", "ph":"B", "ts":"2903762509", "pid":"1", "tid":"wave"},
{"name":"ModelSetRunClock", "ph":"E", "ts":"2903762553", "pid":"1", "tid":"wave"},
{"name":"ModelAdvance", "ph":"B", "ts":"2903762631", "pid":"1", "tid":"wave"},
{"name":"ModelAdvance", "ph":"E", "ts":"2908804675", "pid":"1", "tid":"wave"},
{"name":"ModelSetRunClock", "ph":"B", "ts":"2911631687", "pid":"1", "tid":"wave"},
{"name":"ModelSetRunClock", "ph":"E", "ts":"2911631733", "pid":"1", "tid":"wave"},
{"name":"ModelAdvance", "ph":"B", "ts":"2911631818", "pid":"1", "tid":"wave"},
{"name":"ModelAdvance", "ph":"E", "ts":"2916646708", "pid":"1", "tid":"wave"},
{"name":"ModelSetRunClock", "ph":"B", "ts":"2920029720", "pid":"1", "tid":"wave"},
{"name":"ModelSetRunClock", "ph":"E", "ts":"2920029761", "pid":"1", "tid":"wave"},
{"name":"ModelAdvance", "ph":"B", "ts":"2920029833", "pid":"1", "tid":"wave"},
{"name":"ModelAdvance", "ph":"E", "ts":"2925054409", "pid":"1", "tid":"wave"},
{"name":"ModelSetRunClock", "ph":"B", "ts":"2927763333", "pid":"1", "tid":"wave"},
{"name":"ModelSetRunClock", "ph":"E", "ts":"2927763374", "pid":"1", "tid":"wave"},
{"name":"ModelAdvance", "ph":"B", "ts":"2927763453", "pid":"1", "tid":"wave"},
{"name":"ModelAdvance", "ph":"E", "ts":"2932744727", "pid":"1", "tid":"wave"},
{"name":"ModelSetRunClock", "ph":"B", "ts":"2936168086", "pid":"1", "tid":"wave"},
{"name":"ModelSetRunClock", "ph":"E", "ts":"2936168215", "pid":"1", "tid":"wave"},
{"name":"ModelAdvance", "ph":"B", "ts":"2936168295", "pid":"1", "tid":"wave"},
{"name":"ModelAdvance", "ph":"E", "ts":"2941110208", "pid":"1", "tid":"wave"},
{"name":"ModelSetRunClock", "ph":"B", "ts":"2943806722", "pid":"1", "tid":"wave"},
{"name":"ModelSetRunClock", "ph":"E", "ts":"2943806763", "pid":"1", "tid":"wave"},
{"name":"ModelAdvance", "ph":"B", "ts":"2943806845", "pid":"1", "tid":"wave"},
{"name":"ModelAdvance", "ph":"E", "ts":"2948731671", "pid":"1", "tid":"wave"},
{"name":"ModelSetRunClock", "ph":"B", "ts":"2952301892", "pid":"1", "tid":"wave"},
{"name":"ModelSetRunClock", "ph":"E", "ts":"2952301933", "pid":"1", "tid":"wave"},
{"name":"ModelAdvance", "ph":"B", "ts":"2952302230", "pid":"1", "tid":"wave"},
{"name":"ModelAdvance", "ph":"E", "ts":"2957214077", "pid":"1", "tid":"wave"},
{"name":"ModelSetRunClock", "ph":"B", "ts":"2959985245", "pid":"1", "tid":"wave"},
{"name":"ModelSetRunClock", "ph":"E", "ts":"2959985285", "pid":"1", "tid":"wave"},
{"name":"ModelAdvance", "ph":"B", "ts":"2959985365", "pid":"1", "tid":"wave"},
{"name":"ModelAdvance", "ph":"E", "ts":"2964879613", "pid":"1", "tid":"wave"},
{"name":"ModelSetRunClock", "ph":"B", "ts":"2968416836", "pid":"1", "tid":"wave"},
{"name":"ModelSetRunClock", "ph":"E", "ts":"2968416994", "pid":"1", "tid":"wave"},
{"name":"ModelAdvance", "ph":"B", "ts":"2968417120", "pid":"1", "tid":"wave"},
{"name":"ModelAdvance", "ph":"E", "ts":"2973281502", "pid":"1", "tid":"wave"},
{"name":"ModelSetRunClock", "ph":"B", "ts":"2976255356", "pid":"1", "tid":"wave"},
{"name":"ModelSetRunClock", "ph":"E", "ts":"2976255396", "pid":"1", "tid":"wave"},
{"name":"ModelAdvance", "ph":"B", "ts":"2976255469", "pid":"1", "tid":"wave"},
{"name":"ModelAdvance", "ph":"E", "ts":"2981064854", "pid":"1", "tid":"wave"},
{"name":"ModelSetRunClock", "ph":"B", "ts":"2985038519", "pid":"1", "tid":"wave"},
{"name":"ModelSetRunClock", "ph":"E", "ts":"2985038559", "pid":"1", "tid":"wave"},
{"name":"ModelAdvance", "ph":"B", "ts":"2985038639", "pid":"1", "tid":"wave"},
{"name":"ModelAdvance", "ph":"E", "ts":"2989769212", "pid":"1", "tid":"wave"},
{"name":"ModelSetRunClock", "ph":"B", "ts":"2993541919", "pid":"1", "tid":"wave"},
{"name":"ModelSetRunClock", "ph":"E", "ts":"2993541961", "pid":"1", "tid":"wave"},
{"name":"ModelAdvance", "ph":"B", "ts":"2993542038", "pid":"1", "tid":"wave"},
{"name":"ModelAdvance", "ph":"E", "ts":"2998280381", "pid":"1", "tid":"wave"},
{"name":"ModelSetRunClock", "ph":"B", "ts":"3002688005", "pid":"1", "tid":"wave"},
{"name":"ModelSetRunClock", "ph":"E", "ts":"3002688047", "pid":"1", "tid":"wave"},
{"name":"ModelAdvance", "ph":"B", "ts":"3002688129", "pid":"1", "tid":"wave"},
{"name":"ModelAdvance", "ph":"E", "ts":"3007503587", "pid":"1", "tid":"wave"},
{"name":"ModelSetRunClock", "ph":"B", "ts":"3010853844", "pid":"1", "tid":"wave"},
{"name":"ModelSetRunClock", "ph":"E", "ts":"3010853885", "pid":"1", "tid":"wave"},
{"name":"ModelAdvance", "ph":"B", "ts":"3010853966", "pid":"1", "tid":"wave"},
{"name":"ModelAdvance", "ph":"E", "ts":"3015730302", "pid":"1", "tid":"wave"},
{"name":"ModelSetRunClock", "ph":"B", "ts":"3032379101", "pid":"1", "tid":"wave"},
{"name":"ModelSetRunClock", "ph":"E", "ts":"3032379270", "pid":"1", "tid":"wave"},
{"name":"ModelAdvance", "ph":"B", "ts":"3032379362", "pid":"1", "tid":"wave"},
{"name":"ModelAdvance", "ph":"E", "ts":"3037335953", "pid":"1", "tid":"wave"},
{"name":"ModelSetRunClock", "ph":"B", "ts":"3040387260", "pid":"1", "tid":"wave"},
{"name":"ModelSetRunClock", "ph":"E", "ts":"3040387303", "pid":"1", "tid":"wave"},
{"name":"ModelAdvance", "ph":"B", "ts":"3040387380", "pid":"1", "tid":"wave"},
{"name":"ModelAdvance", "ph":"E", "ts":"3045363521", "pid":"1", "tid":"wave"},
{"name":"ModelSetRunClock", "ph":"B", "ts":"3048960362", "pid":"1", "tid":"wave"},
{"name":"ModelSetRunClock", "ph":"E", "ts":"3048960404", "pid":"1", "tid":"wave"},
{"name":"ModelAdvance", "ph":"B", "ts":"3048960484", "pid":"1", "tid":"wave"},
{"name":"ModelAdvance", "ph":"E", "ts":"3053885571", "pid":"1", "tid":"wave"},
{"name":"ModelSetRunClock", "ph":"B", "ts":"3056638968", "pid":"1", "tid":"wave"},
{"name":"ModelSetRunClock", "ph":"E", "ts":"3056639009", "pid":"1", "tid":"wave"},
{"name":"ModelAdvance", "ph":"B", "ts":"3056639092", "pid":"1", "tid":"wave"},
{"name":"ModelAdvance", "ph":"E", "ts":"3061559335", "pid":"1", "tid":"wave"},
{"name":"ModelSetRunClock", "ph":"B", "ts":"3065056639", "pid":"1", "tid":"wave"},
{"name":"ModelSetRunClock", "ph":"E", "ts":"3065056680", "pid":"1", "tid":"wave"},
{"name":"ModelAdvance", "ph":"B", "ts":"3065056759", "pid":"1", "tid":"wave"},
{"name":"ModelAdvance", "ph":"E", "ts":"3069928336", "pid":"1", "tid":"wave"},
{"name":"ModelSetRunClock", "ph":"B", "ts":"3073231600", "pid":"1", "tid":"wave"},
{"name":"ModelSetRunClock", "ph":"E", "ts":"3073231746", "pid":"1", "tid":"wave"},
{"name":"ModelAdvance", "ph":"B", "ts":"3073231825", "pid":"1", "tid":"wave"},
{"name":"ModelAdvance", "ph":"E", "ts":"3078054473", "pid":"1", "tid":"wave"},
{"name":"ModelSetRunClock", "ph":"B", "ts":"3082141641", "pid":"1", "tid":"wave"},
{"name":"ModelSetRunClock", "ph":"E", "ts":"3082141683", "pid":"1", "tid":"wave"},
{"name":"ModelAdvance", "ph":"B", "ts":"3082141762", "pid":"1", "tid":"wave"},
{"name":"ModelAdvance", "ph":"E", "ts":"3086997440", "pid":"1", "tid":"wave"},
{"name":"ModelSetRunClock", "ph":"B", "ts":"3090354008", "pid":"1", "tid":"wave"},
{"name":"ModelSetRunClock", "ph":"E", "ts":"3090354156", "pid":"1", "tid":"wave"},
{"name":"ModelAdvance", "ph":"B", "ts":"3090354292", "pid":"1", "tid":"wave"},
{"name":"ModelAdvance", "ph":"E", "ts":"3095213737", "pid":"1", "tid":"wave"},
{"name":"ModelSetRunClock", "ph":"B", "ts":"3098894015", "pid":"1", "tid":"wave"},
{"name":"ModelSetRunClock", "ph":"E", "ts":"3098894056", "pid":"1", "tid":"wave"},
{"name":"ModelAdvance", "ph":"B", "ts":"3098894136", "pid":"1", "tid":"wave"},
{"name":"ModelAdvance", "ph":"E", "ts":"3103787330", "pid":"1", "tid":"wave"},
{"name":"ModelSetRunClock", "ph":"B", "ts":"3106855352", "pid":"1", "tid":"wave"},
{"name":"ModelSetRunClock", "ph":"E", "ts":"3106855394", "pid":"1", "tid":"wave"},
{"name":"ModelAdvance", "ph":"B", "ts":"3106855473", "pid":"1", "tid":"wave"},
{"name":"ModelAdvance", "ph":"E", "ts":"3111727019", "pid":"1", "tid":"wave"},
{"name":"ModelSetRunClock", "ph":"B", "ts":"3115520535", "pid":"1", "tid":"wave"},
{"name":"ModelSetRunClock", "ph":"E", "ts":"3115520577", "pid":"1", "tid":"wave"},
{"name":"ModelAdvance", "ph":"B", "ts":"3115520656", "pid":"1", "tid":"wave"},
{"name":"ModelAdvance", "ph":"E", "ts":"3120356183", "pid":"1", "tid":"wave"},
{"name":"ModelSetRunClock", "ph":"B", "ts":"3123514142", "pid":"1", "tid":"wave"},
{"name":"ModelSetRunClock", "ph":"E", "ts":"3123514301", "pid":"1", "tid":"wave"},
{"name":"ModelAdvance", "ph":"B", "ts":"3123514391", "pid":"1", "tid":"wave"},
{"name":"ModelAdvance", "ph":"E", "ts":"3128338227", "pid":"1", "tid":"wave"},
{"name":"ModelSetRunClock", "ph":"B", "ts":"3132367083", "pid":"1", "tid":"wave"},
{"name":"ModelSetRunClock", "ph":"E", "ts":"3132367126", "pid":"1", "tid":"wave"},
{"name":"ModelAdvance", "ph":"B", "ts":"3132367203", "pid":"1", "tid":"wave"},
{"name":"ModelAdvance", "ph":"E", "ts":"3137146342", "pid":"1", "tid":"wave"},
{"name":"ModelSetRunClock", "ph":"B", "ts":"3140607302", "pid":"1", "tid":"wave"},
{"name":"ModelSetRunClock", "ph":"E", "ts":"3140607345", "pid":"1", "tid":"wave"},
{"name":"ModelAdvance", "ph":"B", "ts":"3140607424", "pid":"1", "tid":"wave"},
{"name":"ModelAdvance", "ph":"E", "ts":"3145354190", "pid":"1", "tid":"wave"},
{"name":"ModelSetRunClock", "ph":"B", "ts":"3149096677", "pid":"1", "tid":"wave"},
{"name":"ModelSetRunClock", "ph":"E", "ts":"3149096717", "pid":"1", "tid":"wave"},
{"name":"ModelAdvance", "ph":"B", "ts":"3149096790", "pid":"1", "tid":"wave"},
{"name":"ModelAdvance", "ph":"E", "ts":"3153765806", "pid":"1", "tid":"wave"},
{"name":"ModelSetRunClock", "ph":"B", "ts":"3156879014", "pid":"1", "tid":"wave"},
{"name":"ModelSetRunClock", "ph":"E", "ts":"3156879055", "pid":"1", "tid":"wave"},
{"name":"ModelAdvance", "ph":"B", "ts":"3156879133", "pid":"1", "tid":"wave"},
{"name":"ModelAdvance", "ph":"E", "ts":"3161509459", "pid":"1", "tid":"wave"},
{"name":"ModelSetRunClock", "ph":"B", "ts":"3165373761", "pid":"1", "tid":"wave"},
{"name":"ModelSetRunClock", "ph":"E", "ts":"3165373804", "pid":"1", "tid":"wave"},
{"name":"ModelAdvance", "ph":"B", "ts":"3165373884", "pid":"1", "tid":"wave"},
{"name":"ModelAdvance", "ph":"E", "ts":"3170032771", "pid":"1", "tid":"wave"},
{"name":"ModelSetRunClock", "ph":"B", "ts":"3173076215", "pid":"1", "tid":"wave"},
{"name":"ModelSetRunClock", "ph":"E", "ts":"3173076254", "pid":"1", "tid":"wave"},
{"name":"ModelAdvance", "ph":"B", "ts":"3173076326", "pid":"1", "tid":"wave"},
{"name":"ModelAdvance", "ph":"E", "ts":"3177806698", "pid":"1", "tid":"wave"},
{"name":"ModelSetRunClock", "ph":"B", "ts":"3181418565", "pid":"1", "tid":"wave"},
{"name":"ModelSetRunClock", "ph":"E", "ts":"3181418607", "pid":"1", "tid":"wave"},
{"name":"ModelAdvance", "ph":"B", "ts":"3181418688", "pid":"1", "tid":"wave"},
{"name":"ModelAdvance", "ph":"E", "ts":"3186174350", "pid":"1", "tid":"wave"},
{"name":"ModelSetRunClock", "ph":"B", "ts":"3189315780", "pid":"1", "tid":"wave"},
{"name":"ModelSetRunClock", "ph":"E", "ts":"3189315815", "pid":"1", "tid":"wave"},
{"name":"ModelAdvance", "ph":"B", "ts":"3189315893", "pid":"1", "tid":"wave"},
{"name":"ModelAdvance", "ph":"E", "ts":"3194144270", "pid":"1", "tid":"wave"},
{"name":"ModelSetRunClock", "ph":"B", "ts":"3197968425", "pid":"1", "tid":"wave"},
{"name":"ModelSetRunClock", "ph":"E", "ts":"3197968460", "pid":"1", "tid":"wave"},
{"name":"ModelAdvance", "ph":"B", "ts":"3197968535", "pid":"1", "tid":"wave"},
{"name":"ModelAdvance", "ph":"E", "ts":"3202753945", "pid":"1", "tid":"wave"},
{"name":"ModelSetRunClock", "ph":"B", "ts":"3206362583", "pid":"1", "tid":"wave"},
{"name":"ModelSetRunClock", "ph":"E", "ts":"3206362618", "pid":"1", "tid":"wave"},
{"name":"ModelAdvance", "ph":"B", "ts":"3206362697", "pid":"1", "tid":"wave"},
{"name":"ModelAdvance", "ph":"E", "ts":"3211259569", "pid":"1", "tid":"wave"},
{"name":"ModelSetRunClock", "ph":"B", "ts":"3214870217", "pid":"1", "tid":"wave"},
{"name":"ModelSetRunClock", "ph":"E", "ts":"3214870359", "pid":"1", "tid":"wave"},
{"name":"ModelAdvance", "ph":"B", "ts":"3214870445", "pid":"1", "tid":"wave"},
{"name":"ModelAdvance", "ph":"E", "ts":"3219878493", "pid":"1", "tid":"wave"},
{"name":"ModelSetRunClock", "ph":"B", "ts":"3222606036", "pid":"1", "tid":"wave"},
{"name":"ModelSetRunClock", "ph":"E", "ts":"3222606069", "pid":"1", "tid":"wave"},
{"name":"ModelAdvance", "ph":"B", "ts":"3222606144", "pid":"1", "tid":"wave"},
{"name":"ModelAdvance", "ph":"E", "ts":"3227723967", "pid":"1", "tid":"wave"},
{"name":"ModelSetRunClock", "ph":"B", "ts":"3231016005", "pid":"1", "tid":"wave"},
{"name":"ModelSetRunClock", "ph":"E", "ts":"3231016040", "pid":"1", "tid":"wave"},
{"name":"ModelAdvance", "ph":"B", "ts":"3231016120", "pid":"1", "tid":"wave"},
{"name":"ModelAdvance", "ph":"E", "ts":"3236224989", "pid":"1", "tid":"wave"},
{"name":"ModelSetRunClock", "ph":"B", "ts":"3238761115", "pid":"1", "tid":"wave"},
{"name":"ModelSetRunClock", "ph":"E", "ts":"3238761151", "pid":"1", "tid":"wave"},
{"name":"ModelAdvance", "ph":"B", "ts":"3238761233", "pid":"1", "tid":"wave"},
{"name":"ModelAdvance", "ph":"E", "ts":"3243992592", "pid":"1", "tid":"wave"},
{"name":"ModelSetRunClock", "ph":"B", "ts":"3247082179", "pid":"1", "tid":"wave"},
{"name":"ModelSetRunClock", "ph":"E", "ts":"3247082214", "pid":"1", "tid":"wave"},
{"name":"ModelAdvance", "ph":"B", "ts":"3247082292", "pid":"1", "tid":"wave"},
{"name":"ModelAdvance", "ph":"E", "ts":"3252359049", "pid":"1", "tid":"wave"},
{"name":"ModelSetRunClock", "ph":"B", "ts":"3254714807", "pid":"1", "tid":"wave"},
{"name":"ModelSetRunClock", "ph":"E", "ts":"3254714843", "pid":"1", "tid":"wave"},
{"name":"ModelAdvance", "ph":"B", "ts":"3254714919", "pid":"1", "tid":"wave"},
{"name":"ModelAdvance", "ph":"E", "ts":"3259985593", "pid":"1", "tid":"wave"},
{"name":"ModelSetRunClock", "ph":"B", "ts":"3262971350", "pid":"1", "tid":"wave"},
{"name":"ModelSetRunClock", "ph":"E", "ts":"3262971384", "pid":"1", "tid":"wave"},
{"name":"ModelAdvance", "ph":"B", "ts":"3262971459", "pid":"1", "tid":"wave"},
{"name":"ModelAdvance", "ph":"E", "ts":"3268186460", "pid":"1", "tid":"wave"},
{"name":"ModelSetRunClock", "ph":"B", "ts":"3270598207", "pid":"1", "tid":"wave"},
{"name":"ModelSetRunClock", "ph":"E", "ts":"3270598240", "pid":"1", "tid":"wave"},
{"name":"ModelAdvance", "ph":"B", "ts":"3270598316", "pid":"1", "tid":"wave"},
{"name":"ModelAdvance", "ph":"E", "ts":"3275801780", "pid":"1", "tid":"wave"},
{"name":"ModelSetRunClock", "ph":"B", "ts":"3278982123", "pid":"1", "tid":"wave"},
{"name":"ModelSetRunClock", "ph":"E", "ts":"3278982158", "pid":"1", "tid":"wave"},
{"name":"ModelAdvance", "ph":"B", "ts":"3278982273", "pid":"1", "tid":"wave"},
{"name":"ModelAdvance", "ph":"E", "ts":"3284195204", "pid":"1", "tid":"wave"},
{"name":"ModelSetRunClock", "ph":"B", "ts":"3286594640", "pid":"1", "tid":"wave"},
{"name":"ModelSetRunClock", "ph":"E", "ts":"3286594674", "pid":"1", "tid":"wave"},
{"name":"ModelAdvance", "ph":"B", "ts":"3286594751", "pid":"1", "tid":"wave"},
{"name":"ModelAdvance", "ph":"E", "ts":"3291724686", "pid":"1", "tid":"wave"},
{"name":"ModelSetRunClock", "ph":"B", "ts":"3294919904", "pid":"1", "tid":"wave"},
{"name":"ModelSetRunClock", "ph":"E", "ts":"3294919939", "pid":"1", "tid":"wave"},
{"name":"ModelAdvance", "ph":"B", "ts":"3294920021", "pid":"1", "tid":"wave"},
{"name":"ModelAdvance", "ph":"E", "ts":"3299943958", "pid":"1", "tid":"wave"},
{"name":"ModelSetRunClock", "ph":"B", "ts":"3302663287", "pid":"1", "tid":"wave"},
{"name":"ModelSetRunClock", "ph":"E", "ts":"3302663322", "pid":"1", "tid":"wave"},
{"name":"ModelAdvance", "ph":"B", "ts":"3302663399", "pid":"1", "tid":"wave"},
{"name":"ModelAdvance", "ph":"E", "ts":"3307763297", "pid":"1", "tid":"wave"},
{"name":"ModelSetRunClock", "ph":"B", "ts":"3311060624", "pid":"1", "tid":"wave"},
{"name":"ModelSetRunClock", "ph":"E", "ts":"3311060659", "pid":"1", "tid":"wave"},
{"name":"ModelAdvance", "ph":"B", "ts":"3311060737", "pid":"1", "tid":"wave"},
{"name":"ModelAdvance", "ph":"E", "ts":"3316408979", "pid":"1", "tid":"wave"},
{"name":"ModelSetRunClock", "ph":"B", "ts":"3318872414", "pid":"1", "tid":"wave"},
{"name":"ModelSetRunClock", "ph":"E", "ts":"3318872450", "pid":"1", "tid":"wave"},
{"name":"ModelAdvance", "ph":"B", "ts":"3318872530", "pid":"1", "tid":"wave"},
{"name":"ModelAdvance", "ph":"E", "ts":"3324354555", "pid":"1", "tid":"wave"},
{"name":"ModelSetRunClock", "ph":"B", "ts":"3327283120", "pid":"1", "tid":"wave"},
{"name":"ModelSetRunClock", "ph":"E", "ts":"3327283156", "pid":"1", "tid":"wave"},
{"name":"ModelAdvance", "ph":"B", "ts":"3327283243", "pid":"1", "tid":"wave"},
{"name":"ModelAdvance", "ph":"E", "ts":"3332882612", "pid":"1", "tid":"wave"},
{"name":"ModelSetRunClock", "ph":"B", "ts":"3334969275", "pid":"1", "tid":"wave"},
{"name":"ModelSetRunClock", "ph":"E", "ts":"3334969309", "pid":"1", "tid":"wave"},
{"name":"ModelAdvance", "ph":"B", "ts":"3334969387", "pid":"1", "tid":"wave"},
{"name":"ModelAdvance", "ph":"E", "ts":"3340677200", "pid":"1", "tid":"wave"},
{"name":"ModelSetRunClock", "ph":"B", "ts":"3343357769", "pid":"1", "tid":"wave"},
{"name":"ModelSetRunClock", "ph":"E", "ts":"3343357801", "pid":"1", "tid":"wave"},
{"name":"ModelAdvance", "ph":"B", "ts":"3343357874", "pid":"1", "tid":"wave"},
{"name":"ModelAdvance", "ph":"E", "ts":"3349219090", "pid":"1", "tid":"wave"},
{"name":"ModelSetRunClock", "ph":"B", "ts":"3350991030", "pid":"1", "tid":"wave"},
{"name":"ModelSetRunClock", "ph":"E", "ts":"3350991067", "pid":"1", "tid":"wave"},
{"name":"ModelAdvance", "ph":"B", "ts":"3350991148", "pid":"1", "tid":"wave"},
{"name":"ModelAdvance", "ph":"E", "ts":"3356918150", "pid":"1", "tid":"wave"},
{"name":"ModelSetRunClock", "ph":"B", "ts":"3359267206", "pid":"1", "tid":"wave"},
{"name":"ModelSetRunClock", "ph":"E", "ts":"3359267242", "pid":"1", "tid":"wave"},
{"name":"ModelAdvance", "ph":"B", "ts":"3359267325", "pid":"1", "tid":"wave"},
{"name":"ModelAdvance", "ph":"E", "ts":"3365164680", "pid":"1", "tid":"wave"},
{"name":"ModelSetRunClock", "ph":"B", "ts":"3367338581", "pid":"1", "tid":"wave"},
{"name":"ModelSetRunClock", "ph":"E", "ts":"3367338616", "pid":"1", "tid":"wave"},
{"name":"ModelAdvance", "ph":"B", "ts":"3367338697", "pid":"1", "tid":"wave"},
{"name":"ModelAdvance", "ph":"E", "ts":"3373132524", "pid":"1", "tid":"wave"},
{"name":"ModelSetRunClock", "ph":"B", "ts":"3375701624", "pid":"1", "tid":"wave"},
{"name":"ModelSetRunClock", "ph":"E", "ts":"3375701657", "pid":"1", "tid":"wave"},
{"name":"ModelAdvance", "ph":"B", "ts":"3375701730", "pid":"1", "tid":"wave"},
{"name":"ModelAdvance", "ph":"E", "ts":"3381297878", "pid":"1", "tid":"wave"},
{"name":"ModelSetRunClock", "ph":"B", "ts":"3383522686", "pid":"1", "tid":"wave"},
{"name":"ModelSetRunClock", "ph":"E", "ts":"3383522722", "pid":"1", "tid":"wave"},
{"name":"ModelAdvance", "ph":"B", "ts":"3383522801", "pid":"1", "tid":"wave"},
{"name":"ModelAdvance", "ph":"E", "ts":"3388989606", "pid":"1", "tid":"wave"},
{"name":"ModelSetRunClock", "ph":"B", "ts":"3391963943", "pid":"1", "tid":"wave"},
{"name":"ModelSetRunClock", "ph":"E", "ts":"3391963982", "pid":"1", "tid":"wave"},
{"name":"ModelAdvance", "ph":"B", "ts":"3391964064", "pid":"1", "tid":"wave"},
{"name":"ModelAdvance", "ph":"E", "ts":"3397348800", "pid":"1", "tid":"wave"},
{"name":"ModelSetRunClock", "ph":"B", "ts":"3399693535", "pid":"1", "tid":"wave"},
{"name":"ModelSetRunClock", "ph":"E", "ts":"3399693571", "pid":"1", "tid":"wave"},
{"name":"ModelAdvance", "ph":"B", "ts":"3399693650", "pid":"1", "tid":"wave"},
{"name":"ModelAdvance", "ph":"E", "ts":"3405203103", "pid":"1", "tid":"wave"},
{"name":"ModelSetRunClock", "ph":"B", "ts":"3407997896", "pid":"1", "tid":"wave"},
{"name":"ModelSetRunClock", "ph":"E", "ts":"3407997932", "pid":"1", "tid":"wave"},
{"name":"ModelAdvance", "ph":"B", "ts":"3407998011", "pid":"1", "tid":"wave"},
{"name":"ModelAdvance", "ph":"E", "ts":"3413655226", "pid":"1", "tid":"wave"},
{"name":"ModelFinalize", "ph":"B", "ts":"3413661075", "pid":"1", "tid":"wave"},
{"name":"ModelFinalize", "ph":"E", "ts":"3413661093", "pid":"1", "tid":"wave"},
