{"name":"SetServices", "ph":"B", "ts":"2315165140", "pid":"1", "tid":"mom"},
{"name":"SetServices", "ph":"E", "ts":"2315167568", "pid":"1", "tid":"mom"},
{"name":"InitializeP0", "ph":"B", "ts":"2316310997", "pid":"1", "tid":"mom"},
{"name":"InitializeP0", "ph":"E", "ts":"2316311482", "pid":"1", "tid":"mom"},
{"name":"InitializeAdvertise", "ph":"B", "ts":"2339199817", "pid":"1", "tid":"mom"},
{"name":"InitializeAdvertise", "ph":"E", "ts":"2400178028", "pid":"1", "tid":"mom"},
{"name":"InitializeRealize", "ph":"B", "ts":"2541668724", "pid":"1", "tid":"mom"},
{"name":"InitializeRealize", "ph":"E", "ts":"2546919424", "pid":"1", "tid":"mom"},
{"name":"DataInitialize", "ph":"B", "ts":"2583711070", "pid":"1", "tid":"mom"},
{"name":"DataInitialize", "ph":"E", "ts":"2583712230", "pid":"1", "tid":"mom"},
{"name":"ModelSetRunClock", "ph":"B", "ts":"2639328474", "pid":"1", "tid":"mom"},
{"name":"ModelSetRunClock", "ph":"E", "ts":"2639337645", "pid":"1", "tid":"mom"},
{"name":"ModelAdvance", "ph":"B", "ts":"2639337810", "pid":"1", "tid":"mom"},
{"name":"ModelAdvance", "ph":"E", "ts":"2645474376", "pid":"1", "tid":"mom"},
{"name":"ModelSetRunClock", "ph":"B", "ts":"2651629538", "pid":"1", "tid":"mom"},
{"name":"ModelSetRunClock", "ph":"E", "ts":"2651629596", "pid":"1", "tid":"mom"},
{"name":"ModelAdvance", "ph":"B", "ts":"2651629747", "pid":"1", "tid":"mom"},
{"name":"ModelAdvance", "ph":"E", "ts":"2656996094", "pid":"1", "tid":"mom"},
{"name":"ModelSetRunClock", "ph":"B", "ts":"2659408829", "pid":"1", "tid":"mom"},
{"name":"ModelSetRunClock", "ph":"E", "ts":"2659408905", "pid":"1", "tid":"mom"},
{"name":"ModelAdvance", "ph":"B", "ts":"2659409087", "pid":"1", "tid":"mom"},
{"name":"ModelAdvance", "ph":"E", "ts":"2664741886", "pid":"1", "tid":"mom"},
{"name":"ModelSetRunClock", "ph":"B", "ts":"2667852573", "pid":"1", "tid":"mom"},
{"name":"ModelSetRunClock", "ph":"E", "ts":"2667852650", "pid":"1", "tid":"mom"},
{"name":"ModelAdvance", "ph":"B", "ts":"2667852866", "pid":"1", "tid":"mom"},
{"name":"ModelAdvance", "ph":"E", "ts":"2673194390", "pid":"1", "tid":"mom"},
{"name":"ModelSetRunClock", "ph":"B", "ts":"2675678080", "pid":"1", "tid":"mom"},
{"name":"ModelSetRunClock", "ph":"E", "ts":"2675678166", "pid":"1", "tid":"mom"},
{"name":"ModelAdvance", "ph":"B", "ts":"2675678340", "pid":"1", "tid":"mom"},
{"name":"ModelAdvance", "ph":"E", "ts":"2681025677", "pid":"1", "tid":"mom"},
{"name":"ModelSetRunClock", "ph":"B", "ts":"2684195728", "pid":"1", "tid":"mom"},
{"name":"ModelSetRunClock", "ph":"E", "ts":"2684195829", "pid":"1", "tid":"mom"},
{"name":"ModelAdvance", "ph":"B", "ts":"2684196074", "pid":"1", "tid":"mom"},
{"name":"ModelAdvance", "ph":"E", "ts":"2689621246", "pid":"1", "tid":"mom"},
{"name":"ModelSetRunClock", "ph":"B", "ts":"2708673325", "pid":"1", "tid":"mom"},
{"name":"ModelSetRunClock", "ph":"E", "ts":"2708673545", "pid":"1", "tid":"mom"},
{"name":"ModelAdvance", "ph":"B", "ts":"2708673737", "pid":"1", "tid":"mom"},
{"name":"ModelAdvance", "ph":"E", "ts":"2714045281", "pid":"1", "tid":"mom"},
{"name":"ModelSetRunClock", "ph":"B", "ts":"2717229685", "pid":"1", "tid":"mom"},
{"name":"ModelSetRunClock", "ph":"E", "ts":"2717229791", "pid":"1", "tid":"mom"},
{"name":"ModelAdvance", "ph":"B", "ts":"2717230031", "pid":"1", "tid":"mom"},
{"name":"ModelAdvance", "ph":"E", "ts":"2722592922", "pid":"1", "tid":"mom"},
{"name":"ModelSetRunClock", "ph":"B", "ts":"2725233942", "pid":"1", "tid":"mom"},
{"name":"ModelSetRunClock", "ph":"E", "ts":"2725234016", "pid":"1", "tid":"mom"},
{"name":"ModelAdvance", "ph":"B", "ts":"2725234191", "pid":"1", "tid":"mom"},
{"name":"ModelAdvance", "ph":"E", "ts":"2730631655", "pid":"1", "tid":"mom"},
{"name":"ModelSetRunClock", "ph":"B", "ts":"2733957700", "pid":"1", "tid":"mom"},
{"name":"ModelSetRunClock", "ph":"E", "ts":"2733957790", "pid":"1", "tid":"mom"},
{"name":"ModelAdvance", "ph":"B", "ts":"2733957997", "pid":"1", "tid":"mom"},
{"name":"ModelAdvance", "ph":"E", "ts":"2739333398", "pid":"1", "tid":"mom"},
{"name":"ModelSetRunClock", "ph":"B", "ts":"2741940110", "pid":"1", "tid":"mom"},
{"name":"ModelSetRunClock", "ph":"E", "ts":"2742111990", "pid":"1", "tid":"mom"},
{"name":"ModelAdvance", "ph":"B", "ts":"2742112215", "pid":"1", "tid":"mom"},
{"name":"ModelAdvance", "ph":"E", "ts":"2747473211", "pid":"1", "tid":"mom"},
{"name":"ModelSetRunClock", "ph":"B", "ts":"2750573986", "pid":"1", "tid":"mom"},
{"name":"ModelSetRunClock", "ph":"E", "ts":"2750574146", "pid":"1", "tid":"mom"},
{"name":"ModelAdvance", "ph":"B", "ts":"2750574394", "pid":"1", "tid":"mom"},
{"name":"ModelAdvance", "ph":"E", "ts":"2755827425", "pid":"1", "tid":"mom"},
{"name":"ModelSetRunClock", "ph":"B", "ts":"2758548925", "pid":"1", "tid":"mom"},
{"name":"ModelSetRunClock", "ph":"E", "ts":"2758549016", "pid":"1", "tid":"mom"},
{"name":"ModelAdvance", "ph":"B", "ts":"2758549258", "pid":"1", "tid":"mom"},
{"name":"ModelAdvance", "ph":"E", "ts":"2763757154", "pid":"1", "tid":"mom"},
{"name":"ModelSetRunClock", "ph":"B", "ts":"2767252463", "pid":"1", "tid":"mom"},
{"name":"ModelSetRunClock", "ph":"E", "ts":"2767252598", "pid":"1", "tid":"mom"},
{"name":"ModelAdvance", "ph":"B", "ts":"2767252877", "pid":"1", "tid":"mom"},
{"name":"ModelAdvance", "ph":"E", "ts":"2772458869", "pid":"1", "tid":"mom"},
{"name":"ModelSetRunClock", "ph":"B", "ts":"2775224317", "pid":"1", "tid":"mom"},
{"name":"ModelSetRunClock", "ph":"E", "ts":"2775224697", "pid":"1", "tid":"mom"},
{"name":"ModelAdvance", "ph":"B", "ts":"2775224910", "pid":"1", "tid":"mom"},
{"name":"ModelAdvance", "ph":"E", "ts":"2780452501", "pid":"1", "tid":"mom"},
{"name":"ModelSetRunClock", "ph":"B", "ts":"2783971510", "pid":"1", "tid":"mom"},
{"name":"ModelSetRunClock", "ph":"E", "ts":"2783971613", "pid":"1", "tid":"mom"},
{"name":"ModelAdvance", "ph":"B", "ts":"2783971824", "pid":"1", "tid":"mom"},
{"name":"ModelAdvance", "ph":"E", "ts":"2789199916", "pid":"1", "tid":"mom"},
{"name":"ModelSetRunClock", "ph":"B", "ts":"2792417502", "pid":"1", "tid":"mom"},
{"name":"ModelSetRunClock", "ph":"E", "ts":"2792417594", "pid":"1", "tid":"mom"},
{"name":"ModelAdvance", "ph":"B", "ts":"2792417782", "pid":"1", "tid":"mom"},
{"name":"ModelAdvance", "ph":"E", "ts":"2797644568", "pid":"1", "tid":"mom"},
{"name":"ModelSetRunClock", "ph":"B", "ts":"2801480621", "pid":"1", "tid":"mom"},
{"name":"ModelSetRunClock", "ph":"E", "ts":"2801480716", "pid":"1", "tid":"mom"},
{"name":"ModelAdvance", "ph":"B", "ts":"2801480937", "pid":"1", "tid":"mom"},
{"name":"ModelAdvance", "ph":"E", "ts":"2806774491", "pid":"1", "tid":"mom"},
{"name":"ModelSetRunClock", "ph":"B", "ts":"2810063589", "pid":"1", "tid":"mom"},
{"name":"ModelSetRunClock", "ph":"E", "ts":"2810063658", "pid":"1", "tid":"mom"},
{"name":"ModelAdvance", "ph":"B", "ts":"2810063838", "pid":"1", "tid":"mom"},
{"name":"ModelAdvance", "ph":"E", "ts":"2815277689", "pid":"1", "tid":"mom"},
{"name":"ModelSetRunClock", "ph":"B", "ts":"2819073135", "pid":"1", "tid":"mom"},
{"name":"ModelSetRunClock", "ph":"E", "ts":"2819073213", "pid":"1", "tid":"mom"},
{"name":"ModelAdvance", "ph":"B", "ts":"2819073391", "pid":"1", "tid":"mom"},
{"name":"ModelAdvance", "ph":"E", "ts":"2824290958", "pid":"1", "tid":"mom"},
{"name":"ModelSetRunClock", "ph":"B", "ts":"2827626952", "pid":"1", "tid":"mom"},
{"name":"ModelSetRunClock", "ph":"E", "ts":"2827627036", "pid":"1", "tid":"mom"},
{"name":"ModelAdvance", "ph":"B", "ts":"2827627222", "pid":"1", "tid":"mom"},
{"name":"ModelAdvance", "ph":"E", "ts":"2832837900", "pid":"1", "tid":"mom"},
{"name":"ModelSetRunClock", "ph":"B", "ts":"2837025885", "pid":"1", "tid":"mom"},
{"name":"ModelSetRunClock", "ph":"E", "ts":"2837026231", "pid":"1", "tid":"mom"},
{"name":"ModelAdvance", "ph":"B", "ts":"2837026423", "pid":"1", "tid":"mom"},
{"name":"ModelAdvance", "ph":"E", "ts":"2842213456", "pid":"1", "tid":"mom"},
{"name":"ModelSetRunClock", "ph":"B", "ts":"2845798936", "pid":"1", "tid":"mom"},
{"name":"ModelSetRunClock", "ph":"E", "ts":"2845799029", "pid":"1", "tid":"mom"},
{"name":"ModelAdvance", "ph":"B", "ts":"2845799257", "pid":"1", "tid":"mom"},
{"name":"ModelAdvance", "ph":"E", "ts":"2850991318", "pid":"1", "tid":"mom"},
{"name":"ModelSetRunClock", "ph":"B", "ts":"2854843547", "pid":"1", "tid":"mom"},
{"name":"ModelSetRunClock", "ph":"E", "ts":"2854843920", "pid":"1", "tid":"mom"},
{"name":"ModelAdvance", "ph":"B", "ts":"2854844113", "pid":"1", "tid":"mom"},
{"name":"ModelAdvance", "ph":"E", "ts":"2860088923", "pid":"1", "tid":"mom"},
{"name":"ModelSetRunClock", "ph":"B", "ts":"2863226042", "pid":"1", "tid":"mom"},
{"name":"ModelSetRunClock", "ph":"E", "ts":"2863226190", "pid":"1", "tid":"mom"},
{"name":"ModelAdvance", "ph":"B", "ts":"2863226421", "pid":"1", "tid":"mom"},
{"name":"ModelAdvance", "ph":"E", "ts":"2868403966", "pid":"1", "tid":"mom"},
{"name":"ModelSetRunClock", "ph":"B", "ts":"2871800098", "pid":"1", "tid":"mom"},
{"name":"ModelSetRunClock", "ph":"E", "ts":"2871800192", "pid":"1", "tid":"mom"},
{"name":"ModelAdvance", "ph":"B", "ts":"2871800404", "pid":"1", "tid":"mom"},
{"name":"ModelAdvance", "ph":"E", "ts":"2876960613", "pid":"1", "tid":"mom"},
{"name":"ModelSetRunClock", "ph":"B", "ts":"2879497544", "pid":"1", "tid":"mom"},
{"name":"ModelSetRunClock", "ph":"E", "ts":"2879497619", "pid":"1", "tid":"mom"},
{"name":"ModelAdvance", "ph":"B", "ts":"2879497787", "pid":"1", "tid":"mom"},
{"name":"ModelAdvance", "ph":"E", "ts":"2884656853", "pid":"1", "tid":"mom"},
{"name":"ModelSetRunClock", "ph":"B", "ts":"2887769767", "pid":"1", "tid":"mom"},
{"name":"ModelSetRunClock", "ph":"E", "ts":"2887769849", "pid":"1", "tid":"mom"},
{"name":"ModelAdvance", "ph":"B", "ts":"2887770046", "pid":"1", "tid":"mom"},
{"name":"ModelAdvance", "ph":"E", "ts":"2892922069", "pid":"1", "tid":"mom"},
{"name":"ModelSetRunClock", "ph":"B", "ts":"2895428648", "pid":"1", "tid":"mom"},
{"name":"ModelSetRunClock", "ph":"E", "ts":"2895428744", "pid":"1", "tid":"mom"},
{"name":"ModelAdvance", "ph":"B", "ts":"2895428989", "pid":"1", "tid":"mom"},
{"name":"ModelAdvance", "ph":"E", "ts":"2900578235", "pid":"1", "tid":"mom"},
{"name":"ModelSetRunClock", "ph":"B", "ts":"2903774531", "pid":"1", "tid":"mom"},
{"name":"ModelSetRunClock", "ph":"E", "ts":"2903774641", "pid":"1", "tid":"mom"},
{"name":"ModelAdvance", "ph":"B", "ts":"2903774880", "pid":"1", "tid":"mom"},
{"name":"ModelAdvance", "ph":"E", "ts":"2908988658", "pid":"1", "tid":"mom"},
{"name":"ModelSetRunClock", "ph":"B", "ts":"2911641524", "pid":"1", "tid":"mom"},
{"name":"ModelSetRunClock", "ph":"E", "ts":"2911641580", "pid":"1", "tid":"mom"},
{"name":"ModelAdvance", "ph":"B", "ts":"2911641741", "pid":"1", "tid":"mom"},
{"name":"ModelAdvance", "ph":"E", "ts":"2916784256", "pid":"1", "tid":"mom"},
{"name":"ModelSetRunClock", "ph":"B", "ts":"2920042333", "pid":"1", "tid":"mom"},
{"name":"ModelSetRunClock", "ph":"E", "ts":"2920042456", "pid":"1", "tid":"mom"},
{"name":"ModelAdvance", "ph":"B", "ts":"2920042669", "pid":"1", "tid":"mom"},
{"name":"ModelAdvance", "ph":"E", "ts":"2925180609", "pid":"1", "tid":"mom"},
{"name":"ModelSetRunClock", "ph":"B", "ts":"2927772645", "pid":"1", "tid":"mom"},
{"name":"ModelSetRunClock", "ph":"E", "ts":"2927772827", "pid":"1", "tid":"mom"},
{"name":"ModelAdvance", "ph":"B", "ts":"2927772993", "pid":"1", "tid":"mom"},
{"name":"ModelAdvance", "ph":"E", "ts":"2932932948", "pid":"1", "tid":"mom"},
{"name":"ModelSetRunClock", "ph":"B", "ts":"2936180420", "pid":"1", "tid":"mom"},
{"name":"ModelSetRunClock", "ph":"E", "ts":"2936180571", "pid":"1", "tid":"mom"},
{"name":"ModelAdvance", "ph":"B", "ts":"2936180834", "pid":"1", "tid":"mom"},
{"name":"ModelAdvance", "ph":"E", "ts":"2941331499", "pid":"1", "tid":"mom"},
{"name":"ModelSetRunClock", "ph":"B", "ts":"2943818763", "pid":"1", "tid":"mom"},
{"name":"ModelSetRunClock", "ph":"E", "ts":"2943818876", "pid":"1", "tid":"mom"},
{"name":"ModelAdvance", "ph":"B", "ts":"2943819117", "pid":"1", "tid":"mom"},
{"name":"ModelAdvance", "ph":"E", "ts":"2948994078", "pid":"1", "tid":"mom"},
{"name":"ModelSetRunClock", "ph":"B", "ts":"2952314185", "pid":"1", "tid":"mom"},
{"name":"ModelSetRunClock", "ph":"E", "ts":"2952314295", "pid":"1", "tid":"mom"},
{"name":"ModelAdvance", "ph":"B", "ts":"2952314555", "pid":"1", "tid":"mom"},
{"name":"ModelAdvance", "ph":"E", "ts":"2957539521", "pid":"1", "tid":"mom"},
{"name":"ModelSetRunClock", "ph":"B", "ts":"2959997261", "pid":"1", "tid":"mom"},
{"name":"ModelSetRunClock", "ph":"E", "ts":"2959997375", "pid":"1", "tid":"mom"},
{"name":"ModelAdvance", "ph":"B", "ts":"2959997643", "pid":"1", "tid":"mom"},
{"name":"ModelAdvance", "ph":"E", "ts":"2965228486", "pid":"1", "tid":"mom"},
{"name":"ModelSetRunClock", "ph":"B", "ts":"2968426781", "pid":"1", "tid":"mom"},
{"name":"ModelSetRunClock", "ph":"E", "ts":"2968426846", "pid":"1", "tid":"mom"},
{"name":"ModelAdvance", "ph":"B", "ts":"2968427009", "pid":"1", "tid":"mom"},
{"name":"ModelAdvance", "ph":"E", "ts":"2973620167", "pid":"1", "tid":"mom"},
{"name":"ModelSetRunClock", "ph":"B", "ts":"2976267211", "pid":"1", "tid":"mom"},
{"name":"ModelSetRunClock", "ph":"E", "ts":"2976267338", "pid":"1", "tid":"mom"},
{"name":"ModelAdvance", "ph":"B", "ts":"2976267568", "pid":"1", "tid":"mom"},
{"name":"ModelAdvance", "ph":"E", "ts":"2981453843", "pid":"1", "tid":"mom"},
{"name":"ModelSetRunClock", "ph":"B", "ts":"2985051001", "pid":"1", "tid":"mom"},
{"name":"ModelSetRunClock", "ph":"E", "ts":"2985051118", "pid":"1", "tid":"mom"},
{"name":"ModelAdvance", "ph":"B", "ts":"2985051367", "pid":"1", "tid":"mom"},
{"name":"ModelAdvance", "ph":"E", "ts":"2990244771", "pid":"1", "tid":"mom"},
{"name":"ModelSetRunClock", "ph":"B", "ts":"2993553939", "pid":"1", "tid":"mom"},
{"name":"ModelSetRunClock", "ph":"E", "ts":"2993554080", "pid":"1", "tid":"mom"},
{"name":"ModelAdvance", "ph":"B", "ts":"2993554284", "pid":"1", "tid":"mom"},
{"name":"ModelAdvance", "ph":"E", "ts":"2998721328", "pid":"1", "tid":"mom"},
{"name":"ModelSetRunClock", "ph":"B", "ts":"3002700616", "pid":"1", "tid":"mom"},
{"name":"ModelSetRunClock", "ph":"E", "ts":"3002700714", "pid":"1", "tid":"mom"},
{"name":"ModelAdvance", "ph":"B", "ts":"3002700907", "pid":"1", "tid":"mom"},
{"name":"ModelAdvance", "ph":"E", "ts":"3007934230", "pid":"1", "tid":"mom"},
{"name":"ModelSetRunClock", "ph":"B", "ts":"3010865792", "pid":"1", "tid":"mom"},
{"name":"ModelSetRunClock", "ph":"E", "ts":"3010865892", "pid":"1", "tid":"mom"},
{"name":"ModelAdvance", "ph":"B", "ts":"3010866126", "pid":"1", "tid":"mom"},
{"name":"ModelAdvance", "ph":"E", "ts":"3016003928", "pid":"1", "tid":"mom"},
{"name":"ModelSetRunClock", "ph":"B", "ts":"3032391135", "pid":"1", "tid":"mom"},
{"name":"ModelSetRunClock", "ph":"E", "ts":"3032391582", "pid":"1", "tid":"mom"},
{"name":"ModelAdvance", "ph":"B", "ts":"3032391883", "pid":"1", "tid":"mom"},
{"name":"ModelAdvance", "ph":"E", "ts":"3037512670", "pid":"1", "tid":"mom"},
{"name":"ModelSetRunClock", "ph":"B", "ts":"3040399909", "pid":"1", "tid":"mom"},
{"name":"ModelSetRunClock", "ph":"E", "ts":"3040400021", "pid":"1", "tid":"mom"},
{"name":"ModelAdvance", "ph":"B", "ts":"3040400242", "pid":"1", "tid":"mom"},
{"name":"ModelAdvance", "ph":"E", "ts":"3045529888", "pid":"1", "tid":"mom"},
{"name":"ModelSetRunClock", "ph":"B", "ts":"3048973215", "pid":"1", "tid":"mom"},
{"name":"ModelSetRunClock", "ph":"E", "ts":"3048973369", "pid":"1", "tid":"mom"},
{"name":"ModelAdvance", "ph":"B", "ts":"3048973616", "pid":"1", "tid":"mom"},
{"name":"ModelAdvance", "ph":"E", "ts":"3054096960", "pid":"1", "tid":"mom"},
{"name":"ModelSetRunClock", "ph":"B", "ts":"3056650194", "pid":"1", "tid":"mom"},
{"name":"ModelSetRunClock", "ph":"E", "ts":"3056650275", "pid":"1", "tid":"mom"},
{"name":"ModelAdvance", "ph":"B", "ts":"3056650459", "pid":"1", "tid":"mom"},
{"name":"ModelAdvance", "ph":"E", "ts":"3061793922", "pid":"1", "tid":"mom"},
{"name":"ModelSetRunClock", "ph":"B", "ts":"3065069744", "pid":"1", "tid":"mom"},
{"name":"ModelSetRunClock", "ph":"E", "ts":"3065070066", "pid":"1", "tid":"mom"},
{"name":"ModelAdvance", "ph":"B", "ts":"3065070284", "pid":"1", "tid":"mom"},
{"name":"ModelAdvance", "ph":"E", "ts":"3070282830", "pid":"1", "tid":"mom"},
{"name":"ModelSetRunClock", "ph":"B", "ts":"3073243191", "pid":"1", "tid":"mom"},
{"name":"ModelSetRunClock", "ph":"E", "ts":"3073243265", "pid":"1", "tid":"mom"},
{"name":"ModelAdvance", "ph":"B", "ts":"3073243454", "pid":"1", "tid":"mom"},
{"name":"ModelAdvance", "ph":"E", "ts":"3078379773", "pid":"1", "tid":"mom"},
{"name":"ModelSetRunClock", "ph":"B", "ts":"3082154289", "pid":"1", "tid":"mom"},
{"name":"ModelSetRunClock", "ph":"E", "ts":"3082154403", "pid":"1", "tid":"mom"},
{"name":"ModelAdvance", "ph":"B", "ts":"3082154615", "pid":"1", "tid":"mom"},
{"name":"ModelAdvance", "ph":"E", "ts":"3087319135", "pid":"1", "tid":"mom"},
{"name":"ModelSetRunClock", "ph":"B", "ts":"3090366307", "pid":"1", "tid":"mom"},
{"name":"ModelSetRunClock", "ph":"E", "ts":"3090366403", "pid":"1", "tid":"mom"},
{"name":"ModelAdvance", "ph":"B", "ts":"3090366619", "pid":"1", "tid":"mom"},
{"name":"ModelAdvance", "ph":"E", "ts":"3095541525", "pid":"1", "tid":"mom"},
{"name":"ModelSetRunClock", "ph":"B", "ts":"3098905686", "pid":"1", "tid":"mom"},
{"name":"ModelSetRunClock", "ph":"E", "ts":"3098905767", "pid":"1", "tid":"mom"},
{"name":"ModelAdvance", "ph":"B", "ts":"3098905930", "pid":"1", "tid":"mom"},
{"name":"ModelAdvance", "ph":"E", "ts":"3104081931", "pid":"1", "tid":"mom"},
{"name":"ModelSetRunClock", "ph":"B", "ts":"3106866367", "pid":"1", "tid":"mom"},
{"name":"ModelSetRunClock", "ph":"E", "ts":"3106866443", "pid":"1", "tid":"mom"},
{"name":"ModelAdvance", "ph":"B", "ts":"3106866625", "pid":"1", "tid":"mom"},
{"name":"ModelAdvance", "ph":"E", "ts":"3112038328", "pid":"1", "tid":"mom"},
{"name":"ModelSetRunClock", "ph":"B", "ts":"3115531083", "pid":"1", "tid":"mom"},
{"name":"ModelSetRunClock", "ph":"E", "ts":"3115531154", "pid":"1", "tid":"mom"},
{"name":"ModelAdvance", "ph":"B", "ts":"3115531314", "pid":"1", "tid":"mom"},
{"name":"ModelAdvance", "ph":"E", "ts":"3120771527", "pid":"1", "tid":"mom"},
{"name":"ModelSetRunClock", "ph":"B", "ts":"3123526007", "pid":"1", "tid":"mom"},
{"name":"ModelSetRunClock", "ph":"E", "ts":"3123526129", "pid":"1", "tid":"mom"},
{"name":"ModelAdvance", "ph":"B", "ts":"3123526358", "pid":"1", "tid":"mom"},
{"name":"ModelAdvance", "ph":"E", "ts":"3128694944", "pid":"1", "tid":"mom"},
{"name":"ModelSetRunClock", "ph":"B", "ts":"3132379549", "pid":"1", "tid":"mom"},
{"name":"ModelSetRunClock", "ph":"E", "ts":"3132379667", "pid":"1", "tid":"mom"},
{"name":"ModelAdvance", "ph":"B", "ts":"3132379888", "pid":"1", "tid":"mom"},
{"name":"ModelAdvance", "ph":"E", "ts":"3137539931", "pid":"1", "tid":"mom"},
{"name":"ModelSetRunClock", "ph":"B", "ts":"3140619530", "pid":"1", "tid":"mom"},
{"name":"ModelSetRunClock", "ph":"E", "ts":"3140619675", "pid":"1", "tid":"mom"},
{"name":"ModelAdvance", "ph":"B", "ts":"3140619913", "pid":"1", "tid":"mom"},
{"name":"ModelAdvance", "ph":"E", "ts":"3145774111", "pid":"1", "tid":"mom"},
{"name":"ModelSetRunClock", "ph":"B", "ts":"3149109087", "pid":"1", "tid":"mom"},
{"name":"ModelSetRunClock", "ph":"E", "ts":"3149109185", "pid":"1", "tid":"mom"},
{"name":"ModelAdvance", "ph":"B", "ts":"3149109392", "pid":"1", "tid":"mom"},
{"name":"ModelAdvance", "ph":"E", "ts":"3154253693", "pid":"1", "tid":"mom"},
{"name":"ModelSetRunClock", "ph":"B", "ts":"3156891158", "pid":"1", "tid":"mom"},
{"name":"ModelSetRunClock", "ph":"E", "ts":"3156891445", "pid":"1", "tid":"mom"},
{"name":"ModelAdvance", "ph":"B", "ts":"3156891669", "pid":"1", "tid":"mom"},
{"name":"ModelAdvance", "ph":"E", "ts":"3162045049", "pid":"1", "tid":"mom"},
{"name":"ModelSetRunClock", "ph":"B", "ts":"3165385933", "pid":"1", "tid":"mom"},
{"name":"ModelSetRunClock", "ph":"E", "ts":"3165386087", "pid":"1", "tid":"mom"},
{"name":"ModelAdvance", "ph":"B", "ts":"3165386339", "pid":"1", "tid":"mom"},
{"name":"ModelAdvance", "ph":"E", "ts":"3170613504", "pid":"1", "tid":"mom"},
{"name":"ModelSetRunClock", "ph":"B", "ts":"3173087229", "pid":"1", "tid":"mom"},
{"name":"ModelSetRunClock", "ph":"E", "ts":"3173087300", "pid":"1", "tid":"mom"},
{"name":"ModelAdvance", "ph":"B", "ts":"3173087475", "pid":"1", "tid":"mom"},
{"name":"ModelAdvance", "ph":"E", "ts":"3178232601", "pid":"1", "tid":"mom"},
{"name":"ModelSetRunClock", "ph":"B", "ts":"3181430805", "pid":"1", "tid":"mom"},
{"name":"ModelSetRunClock", "ph":"E", "ts":"3181430915", "pid":"1", "tid":"mom"},
{"name":"ModelAdvance", "ph":"B", "ts":"3181431411", "pid":"1", "tid":"mom"},
{"name":"ModelAdvance", "ph":"E", "ts":"3186566681", "pid":"1", "tid":"mom"},
{"name":"ModelSetRunClock", "ph":"B", "ts":"3189328095", "pid":"1", "tid":"mom"},
{"name":"ModelSetRunClock", "ph":"E", "ts":"3191015883", "pid":"1", "tid":"mom"},
{"name":"ModelAdvance", "ph":"B", "ts":"3191016157", "pid":"1", "tid":"mom"},
{"name":"ModelAdvance", "ph":"E", "ts":"3196160630", "pid":"1", "tid":"mom"},
{"name":"ModelSetRunClock", "ph":"B", "ts":"3197978711", "pid":"1", "tid":"mom"},
{"name":"ModelSetRunClock", "ph":"E", "ts":"3197978781", "pid":"1", "tid":"mom"},
{"name":"ModelAdvance", "ph":"B", "ts":"3197978941", "pid":"1", "tid":"mom"},
{"name":"ModelAdvance", "ph":"E", "ts":"3203137113", "pid":"1", "tid":"mom"},
{"name":"ModelSetRunClock", "ph":"B", "ts":"3206375185", "pid":"1", "tid":"mom"},
{"name":"ModelSetRunClock", "ph":"E", "ts":"3206375278", "pid":"1", "tid":"mom"},
{"name":"ModelAdvance", "ph":"B", "ts":"3206375487", "pid":"1", "tid":"mom"},
{"name":"ModelAdvance", "ph":"E", "ts":"3211513160", "pid":"1", "tid":"mom"},
{"name":"ModelSetRunClock", "ph":"B", "ts":"3214882399", "pid":"1", "tid":"mom"},
{"name":"ModelSetRunClock", "ph":"E", "ts":"3214882520", "pid":"1", "tid":"mom"},
{"name":"ModelAdvance", "ph":"B", "ts":"3214882748", "pid":"1", "tid":"mom"},
{"name":"ModelAdvance", "ph":"E", "ts":"3220098461", "pid":"1", "tid":"mom"},
{"name":"ModelSetRunClock", "ph":"B", "ts":"3222618229", "pid":"1", "tid":"mom"},
{"name":"ModelSetRunClock", "ph":"E", "ts":"3222618338", "pid":"1", "tid":"mom"},
{"name":"ModelAdvance", "ph":"B", "ts":"3222618532", "pid":"1", "tid":"mom"},
{"name":"ModelAdvance", "ph":"E", "ts":"3227768916", "pid":"1", "tid":"mom"},
{"name":"ModelSetRunClock", "ph":"B", "ts":"3231017864", "pid":"1", "tid":"mom"},
{"name":"ModelSetRunClock", "ph":"E", "ts":"3231017928", "pid":"1", "tid":"mom"},
{"name":"ModelAdvance", "ph":"B", "ts":"3231018086", "pid":"1", "tid":"mom"},
{"name":"ModelAdvance", "ph":"E", "ts":"3236190032", "pid":"1", "tid":"mom"},
{"name":"ModelSetRunClock", "ph":"B", "ts":"3238771634", "pid":"1", "tid":"mom"},
{"name":"ModelSetRunClock", "ph":"E", "ts":"3238771707", "pid":"1", "tid":"mom"},
{"name":"ModelAdvance", "ph":"B", "ts":"3238771878", "pid":"1", "tid":"mom"},
{"name":"ModelAdvance", "ph":"E", "ts":"3243933568", "pid":"1", "tid":"mom"},
{"name":"ModelSetRunClock", "ph":"B", "ts":"3247094799", "pid":"1", "tid":"mom"},
{"name":"ModelSetRunClock", "ph":"E", "ts":"3247094903", "pid":"1", "tid":"mom"},
{"name":"ModelAdvance", "ph":"B", "ts":"3247095102", "pid":"1", "tid":"mom"},
{"name":"ModelAdvance", "ph":"E", "ts":"3252264573", "pid":"1", "tid":"mom"},
{"name":"ModelSetRunClock", "ph":"B", "ts":"3254727658", "pid":"1", "tid":"mom"},
{"name":"ModelSetRunClock", "ph":"E", "ts":"3254727956", "pid":"1", "tid":"mom"},
{"name":"ModelAdvance", "ph":"B", "ts":"3254728207", "pid":"1", "tid":"mom"},
{"name":"ModelAdvance", "ph":"E", "ts":"3259908760", "pid":"1", "tid":"mom"},
{"name":"ModelSetRunClock", "ph":"B", "ts":"3262973661", "pid":"1", "tid":"mom"},
{"name":"ModelSetRunClock", "ph":"E", "ts":"3262973717", "pid":"1", "tid":"mom"},
{"name":"ModelAdvance", "ph":"B", "ts":"3262973872", "pid":"1", "tid":"mom"},
{"name":"ModelAdvance", "ph":"E", "ts":"3268216805", "pid":"1", "tid":"mom"},
{"name":"ModelSetRunClock", "ph":"B", "ts":"3270610499", "pid":"1", "tid":"mom"},
{"name":"ModelSetRunClock", "ph":"E", "ts":"3270610583", "pid":"1", "tid":"mom"},
{"name":"ModelAdvance", "ph":"B", "ts":"3270610765", "pid":"1", "tid":"mom"},
{"name":"ModelAdvance", "ph":"E", "ts":"3275764799", "pid":"1", "tid":"mom"},
{"name":"ModelSetRunClock", "ph":"B", "ts":"3278993539", "pid":"1", "tid":"mom"},
{"name":"ModelSetRunClock", "ph":"E", "ts":"3278993623", "pid":"1", "tid":"mom"},
{"name":"ModelAdvance", "ph":"B", "ts":"3278993815", "pid":"1", "tid":"mom"},
{"name":"ModelAdvance", "ph":"E", "ts":"3284157887", "pid":"1", "tid":"mom"},
{"name":"ModelSetRunClock", "ph":"B", "ts":"3286606213", "pid":"1", "tid":"mom"},
{"name":"ModelSetRunClock", "ph":"E", "ts":"3286606494", "pid":"1", "tid":"mom"},
{"name":"ModelAdvance", "ph":"B", "ts":"3286606766", "pid":"1", "tid":"mom"},
{"name":"ModelAdvance", "ph":"E", "ts":"3291769492", "pid":"1", "tid":"mom"},
{"name":"ModelSetRunClock", "ph":"B", "ts":"3294931973", "pid":"1", "tid":"mom"},
{"name":"ModelSetRunClock", "ph":"E", "ts":"3294932094", "pid":"1", "tid":"mom"},
{"name":"ModelAdvance", "ph":"B", "ts":"3294932308", "pid":"1", "tid":"mom"},
{"name":"ModelAdvance", "ph":"E", "ts":"3300088525", "pid":"1", "tid":"mom"},
{"name":"ModelSetRunClock", "ph":"B", "ts":"3302676192", "pid":"1", "tid":"mom"},
{"name":"ModelSetRunClock", "ph":"E", "ts":"3302676284", "pid":"1", "tid":"mom"},
{"name":"ModelAdvance", "ph":"B", "ts":"3302676546", "pid":"1", "tid":"mom"},
{"name":"ModelAdvance", "ph":"E", "ts":"3307823107", "pid":"1", "tid":"mom"},
{"name":"ModelSetRunClock", "ph":"B", "ts":"3311072689", "pid":"1", "tid":"mom"},
{"name":"ModelSetRunClock", "ph":"E", "ts":"3311072775", "pid":"1", "tid":"mom"},
{"name":"ModelAdvance", "ph":"B", "ts":"3311072979", "pid":"1", "tid":"mom"},
{"name":"ModelAdvance", "ph":"E", "ts":"3316276083", "pid":"1", "tid":"mom"},
{"name":"ModelSetRunClock", "ph":"B", "ts":"3318884615", "pid":"1", "tid":"mom"},
{"name":"ModelSetRunClock", "ph":"E", "ts":"3318884719", "pid":"1", "tid":"mom"},
{"name":"ModelAdvance", "ph":"B", "ts":"3318884958", "pid":"1", "tid":"mom"},
{"name":"ModelAdvance", "ph":"E", "ts":"3324015829", "pid":"1", "tid":"mom"},
{"name":"ModelSetRunClock", "ph":"B", "ts":"3327295026", "pid":"1", "tid":"mom"},
{"name":"ModelSetRunClock", "ph":"E", "ts":"3327295102", "pid":"1", "tid":"mom"},
{"name":"ModelAdvance", "ph":"B", "ts":"3327295277", "pid":"1", "tid":"mom"},
{"name":"ModelAdvance", "ph":"E", "ts":"3332433987", "pid":"1", "tid":"mom"},
{"name":"ModelSetRunClock", "ph":"B", "ts":"3334981683", "pid":"1", "tid":"mom"},
{"name":"ModelSetRunClock", "ph":"E", "ts":"3334981853", "pid":"1", "tid":"mom"},
{"name":"ModelAdvance", "ph":"B", "ts":"3334982102", "pid":"1", "tid":"mom"},
{"name":"ModelAdvance", "ph":"E", "ts":"3340136914", "pid":"1", "tid":"mom"},
{"name":"ModelSetRunClock", "ph":"B", "ts":"3343369743", "pid":"1", "tid":"mom"},
{"name":"ModelSetRunClock", "ph":"E", "ts":"3343369834", "pid":"1", "tid":"mom"},
{"name":"ModelAdvance", "ph":"B", "ts":"3343370056", "pid":"1", "tid":"mom"},
{"name":"ModelAdvance", "ph":"E", "ts":"3348536974", "pid":"1", "tid":"mom"},
{"name":"ModelSetRunClock", "ph":"B", "ts":"3351003083", "pid":"1", "tid":"mom"},
{"name":"ModelSetRunClock", "ph":"E", "ts":"3351003187", "pid":"1", "tid":"mom"},
{"name":"ModelAdvance", "ph":"B", "ts":"3351003422", "pid":"1", "tid":"mom"},
{"name":"ModelAdvance", "ph":"E", "ts":"3356180030", "pid":"1", "tid":"mom"},
{"name":"ModelSetRunClock", "ph":"B", "ts":"3359278372", "pid":"1", "tid":"mom"},
{"name":"ModelSetRunClock", "ph":"E", "ts":"3359278451", "pid":"1", "tid":"mom"},
{"name":"ModelAdvance", "ph":"B", "ts":"3359278633", "pid":"1", "tid":"mom"},
{"name":"ModelAdvance", "ph":"E", "ts":"3364520954", "pid":"1", "tid":"mom"},
{"name":"ModelSetRunClock", "ph":"B", "ts":"3367350245", "pid":"1", "tid":"mom"},
{"name":"ModelSetRunClock", "ph":"E", "ts":"3367350342", "pid":"1", "tid":"mom"},
{"name":"ModelAdvance", "ph":"B", "ts":"3367350545", "pid":"1", "tid":"mom"},
{"name":"ModelAdvance", "ph":"E", "ts":"3372491957", "pid":"1", "tid":"mom"},
{"name":"ModelSetRunClock", "ph":"B", "ts":"3375707882", "pid":"1", "tid":"mom"},
{"name":"ModelSetRunClock", "ph":"E", "ts":"3375707950", "pid":"1", "tid":"mom"},
{"name":"ModelAdvance", "ph":"B", "ts":"3375708107", "pid":"1", "tid":"mom"},
{"name":"ModelAdvance", "ph":"E", "ts":"3380849942", "pid":"1", "tid":"mom"},
{"name":"ModelSetRunClock", "ph":"B", "ts":"3383534797", "pid":"1", "tid":"mom"},
{"name":"ModelSetRunClock", "ph":"E", "ts":"3383535112", "pid":"1", "tid":"mom"},
{"name":"ModelAdvance", "ph":"B", "ts":"3383535383", "pid":"1", "tid":"mom"},
{"name":"ModelAdvance", "ph":"E", "ts":"3388683286", "pid":"1", "tid":"mom"},
{"name":"ModelSetRunClock", "ph":"B", "ts":"3391976754", "pid":"1", "tid":"mom"},
{"name":"ModelSetRunClock", "ph":"E", "ts":"3391977128", "pid":"1", "tid":"mom"},
{"name":"ModelAdvance", "ph":"B", "ts":"3391977365", "pid":"1", "tid":"mom"},
{"name":"ModelAdvance", "ph":"E", "ts":"3397116855", "pid":"1", "tid":"mom"},
{"name":"ModelSetRunClock", "ph":"B", "ts":"3399706262", "pid":"1", "tid":"mom"},
{"name":"ModelSetRunClock", "ph":"E", "ts":"3399706383", "pid":"1", "tid":"mom"},
{"name":"ModelAdvance", "ph":"B", "ts":"3399706582", "pid":"1", "tid":"mom"},
{"name":"ModelAdvance", "ph":"E", "ts":"3404823720", "pid":"1", "tid":"mom"},
{"name":"ModelSetRunClock", "ph":"B", "ts":"3408010461", "pid":"1", "tid":"mom"},
{"name":"ModelSetRunClock", "ph":"E", "ts":"3408010583", "pid":"1", "tid":"mom"},
{"name":"ModelAdvance", "ph":"B", "ts":"3408010809", "pid":"1", "tid":"mom"},
{"name":"ModelAdvance", "ph":"E", "ts":"3413209845", "pid":"1", "tid":"mom"},
{"name":"ModelFinalize", "ph":"B", "ts":"3413215838", "pid":"1", "tid":"mom"},
{"name":"ModelFinalize", "ph":"E", "ts":"3413346278", "pid":"1", "tid":"mom"},
