{"name":"SetServices", "ph":"B", "ts":"2292339034", "pid":"1", "tid":"mom"},
{"name":"SetServices", "ph":"E", "ts":"2292340815", "pid":"1", "tid":"mom"},
{"name":"InitializeP0", "ph":"B", "ts":"2293538254", "pid":"1", "tid":"mom"},
{"name":"InitializeP0", "ph":"E", "ts":"2293538642", "pid":"1", "tid":"mom"},
{"name":"InitializeAdvertise", "ph":"B", "ts":"2318899518", "pid":"1", "tid":"mom"},
{"name":"InitializeAdvertise", "ph":"E", "ts":"2423985408", "pid":"1", "tid":"mom"},
{"name":"InitializeRealize", "ph":"B", "ts":"2588694531", "pid":"1", "tid":"mom"},
{"name":"InitializeRealize", "ph":"E", "ts":"2597074371", "pid":"1", "tid":"mom"},
{"name":"DataInitialize", "ph":"B", "ts":"2629254384", "pid":"1", "tid":"mom"},
{"name":"DataInitialize", "ph":"E", "ts":"2629255224", "pid":"1", "tid":"mom"},
{"name":"ModelSetRunClock", "ph":"B", "ts":"2684480531", "pid":"1", "tid":"mom"},
{"name":"ModelSetRunClock", "ph":"E", "ts":"2684489538", "pid":"1", "tid":"mom"},
{"name":"ModelAdvance", "ph":"B", "ts":"2684489754", "pid":"1", "tid":"mom"},
{"name":"ModelAdvance", "ph":"E", "ts":"2690730235", "pid":"1", "tid":"mom"},
{"name":"ModelSetRunClock", "ph":"B", "ts":"2697207726", "pid":"1", "tid":"mom"},
{"name":"ModelSetRunClock", "ph":"E", "ts":"2697207807", "pid":"1", "tid":"mom"},
{"name":"ModelAdvance", "ph":"B", "ts":"2697208029", "pid":"1", "tid":"mom"},
{"name":"ModelAdvance", "ph":"E", "ts":"2702561286", "pid":"1", "tid":"mom"},
{"name":"ModelSetRunClock", "ph":"B", "ts":"2704635684", "pid":"1", "tid":"mom"},
{"name":"ModelSetRunClock", "ph":"E", "ts":"2704635744", "pid":"1", "tid":"mom"},
{"name":"ModelAdvance", "ph":"B", "ts":"2704635901", "pid":"1", "tid":"mom"},
{"name":"ModelAdvance", "ph":"E", "ts":"2709997559", "pid":"1", "tid":"mom"},
{"name":"ModelSetRunClock", "ph":"B", "ts":"2712782277", "pid":"1", "tid":"mom"},
{"name":"ModelSetRunClock", "ph":"E", "ts":"2712782362", "pid":"1", "tid":"mom"},
{"name":"ModelAdvance", "ph":"B", "ts":"2712782535", "pid":"1", "tid":"mom"},
{"name":"ModelAdvance", "ph":"E", "ts":"2718109349", "pid":"1", "tid":"mom"},
{"name":"ModelSetRunClock", "ph":"B", "ts":"2720292312", "pid":"1", "tid":"mom"},
{"name":"ModelSetRunClock", "ph":"E", "ts":"2720292378", "pid":"1", "tid":"mom"},
{"name":"ModelAdvance", "ph":"B", "ts":"2720292556", "pid":"1", "tid":"mom"},
{"name":"ModelAdvance", "ph":"E", "ts":"2725641187", "pid":"1", "tid":"mom"},
{"name":"ModelSetRunClock", "ph":"B", "ts":"2728561778", "pid":"1", "tid":"mom"},
{"name":"ModelSetRunClock", "ph":"E", "ts":"2728561840", "pid":"1", "tid":"mom"},
{"name":"ModelAdvance", "ph":"B", "ts":"2728562003", "pid":"1", "tid":"mom"},
{"name":"ModelAdvance", "ph":"E", "ts":"2733987825", "pid":"1", "tid":"mom"},
{"name":"ModelSetRunClock", "ph":"B", "ts":"2754344901", "pid":"1", "tid":"mom"},
{"name":"ModelSetRunClock", "ph":"E", "ts":"2754345104", "pid":"1", "tid":"mom"},
{"name":"ModelAdvance", "ph":"B", "ts":"2754345280", "pid":"1", "tid":"mom"},
{"name":"ModelAdvance", "ph":"E", "ts":"2759711340", "pid":"1", "tid":"mom"},
{"name":"ModelSetRunClock", "ph":"B", "ts":"2762613128", "pid":"1", "tid":"mom"},
{"name":"ModelSetRunClock", "ph":"E", "ts":"2762613197", "pid":"1", "tid":"mom"},
{"name":"ModelAdvance", "ph":"B", "ts":"2762613368", "pid":"1", "tid":"mom"},
{"name":"ModelAdvance", "ph":"E", "ts":"2767988099", "pid":"1", "tid":"mom"},
{"name":"ModelSetRunClock", "ph":"B", "ts":"2770215842", "pid":"1", "tid":"mom"},
{"name":"ModelSetRunClock", "ph":"E", "ts":"2770215923", "pid":"1", "tid":"mom"},
{"name":"ModelAdvance", "ph":"B", "ts":"2770216128", "pid":"1", "tid":"mom"},
{"name":"ModelAdvance", "ph":"E", "ts":"2775596910", "pid":"1", "tid":"mom"},
{"name":"ModelSetRunClock", "ph":"B", "ts":"2779413577", "pid":"1", "tid":"mom"},
{"name":"ModelSetRunClock", "ph":"E", "ts":"2779413651", "pid":"1", "tid":"mom"},
{"name":"ModelAdvance", "ph":"B", "ts":"2779413837", "pid":"1", "tid":"mom"},
{"name":"ModelAdvance", "ph":"E", "ts":"2784777914", "pid":"1", "tid":"mom"},
{"name":"ModelSetRunClock", "ph":"B", "ts":"2787191128", "pid":"1", "tid":"mom"},
{"name":"ModelSetRunClock", "ph":"E", "ts":"2787191401", "pid":"1", "tid":"mom"},
{"name":"ModelAdvance", "ph":"B", "ts":"2787191694", "pid":"1", "tid":"mom"},
{"name":"ModelAdvance", "ph":"E", "ts":"2792566232", "pid":"1", "tid":"mom"},
{"name":"ModelSetRunClock", "ph":"B", "ts":"2795628299", "pid":"1", "tid":"mom"},
{"name":"ModelSetRunClock", "ph":"E", "ts":"2795628369", "pid":"1", "tid":"mom"},
{"name":"ModelAdvance", "ph":"B", "ts":"2795628538", "pid":"1", "tid":"mom"},
{"name":"ModelAdvance", "ph":"E", "ts":"2800908210", "pid":"1", "tid":"mom"},
{"name":"ModelSetRunClock", "ph":"B", "ts":"2803220368", "pid":"1", "tid":"mom"},
{"name":"ModelSetRunClock", "ph":"E", "ts":"2803220435", "pid":"1", "tid":"mom"},
{"name":"ModelAdvance", "ph":"B", "ts":"2803220602", "pid":"1", "tid":"mom"},
{"name":"ModelAdvance", "ph":"E", "ts":"2808394844", "pid":"1", "tid":"mom"},
{"name":"ModelSetRunClock", "ph":"B", "ts":"2811551397", "pid":"1", "tid":"mom"},
{"name":"ModelSetRunClock", "ph":"E", "ts":"2811551464", "pid":"1", "tid":"mom"},
{"name":"ModelAdvance", "ph":"B", "ts":"2811551629", "pid":"1", "tid":"mom"},
{"name":"ModelAdvance", "ph":"E", "ts":"2816813127", "pid":"1", "tid":"mom"},
{"name":"ModelSetRunClock", "ph":"B", "ts":"2819287122", "pid":"1", "tid":"mom"},
{"name":"ModelSetRunClock", "ph":"E", "ts":"2819287311", "pid":"1", "tid":"mom"},
{"name":"ModelAdvance", "ph":"B", "ts":"2819287476", "pid":"1", "tid":"mom"},
{"name":"ModelAdvance", "ph":"E", "ts":"2824516817", "pid":"1", "tid":"mom"},
{"name":"ModelSetRunClock", "ph":"B", "ts":"2827841387", "pid":"1", "tid":"mom"},
{"name":"ModelSetRunClock", "ph":"E", "ts":"2827841493", "pid":"1", "tid":"mom"},
{"name":"ModelAdvance", "ph":"B", "ts":"2827841717", "pid":"1", "tid":"mom"},
{"name":"ModelAdvance", "ph":"E", "ts":"2833070118", "pid":"1", "tid":"mom"},
{"name":"ModelSetRunClock", "ph":"B", "ts":"2835930671", "pid":"1", "tid":"mom"},
{"name":"ModelSetRunClock", "ph":"E", "ts":"2835930737", "pid":"1", "tid":"mom"},
{"name":"ModelAdvance", "ph":"B", "ts":"2835930919", "pid":"1", "tid":"mom"},
{"name":"ModelAdvance", "ph":"E", "ts":"2841195672", "pid":"1", "tid":"mom"},
{"name":"ModelSetRunClock", "ph":"B", "ts":"2844613965", "pid":"1", "tid":"mom"},
{"name":"ModelSetRunClock", "ph":"E", "ts":"2844614033", "pid":"1", "tid":"mom"},
{"name":"ModelAdvance", "ph":"B", "ts":"2844614197", "pid":"1", "tid":"mom"},
{"name":"ModelAdvance", "ph":"E", "ts":"2849918770", "pid":"1", "tid":"mom"},
{"name":"ModelSetRunClock", "ph":"B", "ts":"2852843801", "pid":"1", "tid":"mom"},
{"name":"ModelSetRunClock", "ph":"E", "ts":"2852843882", "pid":"1", "tid":"mom"},
{"name":"ModelAdvance", "ph":"B", "ts":"2852844081", "pid":"1", "tid":"mom"},
{"name":"ModelAdvance", "ph":"E", "ts":"2858058961", "pid":"1", "tid":"mom"},
{"name":"ModelSetRunClock", "ph":"B", "ts":"2861533705", "pid":"1", "tid":"mom"},
{"name":"ModelSetRunClock", "ph":"E", "ts":"2861533779", "pid":"1", "tid":"mom"},
{"name":"ModelAdvance", "ph":"B", "ts":"2861533954", "pid":"1", "tid":"mom"},
{"name":"ModelAdvance", "ph":"E", "ts":"2866757047", "pid":"1", "tid":"mom"},
{"name":"ModelSetRunClock", "ph":"B", "ts":"2869502273", "pid":"1", "tid":"mom"},
{"name":"ModelSetRunClock", "ph":"E", "ts":"2869502346", "pid":"1", "tid":"mom"},
{"name":"ModelAdvance", "ph":"B", "ts":"2869502528", "pid":"1", "tid":"mom"},
{"name":"ModelAdvance", "ph":"E", "ts":"2874727070", "pid":"1", "tid":"mom"},
{"name":"ModelSetRunClock", "ph":"B", "ts":"2878411826", "pid":"1", "tid":"mom"},
{"name":"ModelSetRunClock", "ph":"E", "ts":"2878411925", "pid":"1", "tid":"mom"},
{"name":"ModelAdvance", "ph":"B", "ts":"2878412109", "pid":"1", "tid":"mom"},
{"name":"ModelAdvance", "ph":"E", "ts":"2883614042", "pid":"1", "tid":"mom"},
{"name":"ModelSetRunClock", "ph":"B", "ts":"2886890819", "pid":"1", "tid":"mom"},
{"name":"ModelSetRunClock", "ph":"E", "ts":"2886891025", "pid":"1", "tid":"mom"},
{"name":"ModelAdvance", "ph":"B", "ts":"2886891197", "pid":"1", "tid":"mom"},
{"name":"ModelAdvance", "ph":"E", "ts":"2892077750", "pid":"1", "tid":"mom"},
{"name":"ModelSetRunClock", "ph":"B", "ts":"2895544561", "pid":"1", "tid":"mom"},
{"name":"ModelSetRunClock", "ph":"E", "ts":"2895544789", "pid":"1", "tid":"mom"},
{"name":"ModelAdvance", "ph":"B", "ts":"2895545030", "pid":"1", "tid":"mom"},
{"name":"ModelAdvance", "ph":"E", "ts":"2900794332", "pid":"1", "tid":"mom"},
{"name":"ModelSetRunClock", "ph":"B", "ts":"2903525362", "pid":"1", "tid":"mom"},
{"name":"ModelSetRunClock", "ph":"E", "ts":"2903525457", "pid":"1", "tid":"mom"},
{"name":"ModelAdvance", "ph":"B", "ts":"2903525742", "pid":"1", "tid":"mom"},
{"name":"ModelAdvance", "ph":"E", "ts":"2908704740", "pid":"1", "tid":"mom"},
{"name":"ModelSetRunClock", "ph":"B", "ts":"2911762307", "pid":"1", "tid":"mom"},
{"name":"ModelSetRunClock", "ph":"E", "ts":"2911762429", "pid":"1", "tid":"mom"},
{"name":"ModelAdvance", "ph":"B", "ts":"2911762644", "pid":"1", "tid":"mom"},
{"name":"ModelAdvance", "ph":"E", "ts":"2916938978", "pid":"1", "tid":"mom"},
{"name":"ModelSetRunClock", "ph":"B", "ts":"2919102622", "pid":"1", "tid":"mom"},
{"name":"ModelSetRunClock", "ph":"E", "ts":"2919102705", "pid":"1", "tid":"mom"},
{"name":"ModelAdvance", "ph":"B", "ts":"2919102900", "pid":"1", "tid":"mom"},
{"name":"ModelAdvance", "ph":"E", "ts":"2924268952", "pid":"1", "tid":"mom"},
{"name":"ModelSetRunClock", "ph":"B", "ts":"2927094917", "pid":"1", "tid":"mom"},
{"name":"ModelSetRunClock", "ph":"E", "ts":"2927095038", "pid":"1", "tid":"mom"},
{"name":"ModelAdvance", "ph":"B", "ts":"2927095260", "pid":"1", "tid":"mom"},
{"name":"ModelAdvance", "ph":"E", "ts":"2932259876", "pid":"1", "tid":"mom"},
{"name":"ModelSetRunClock", "ph":"B", "ts":"2934455633", "pid":"1", "tid":"mom"},
{"name":"ModelSetRunClock", "ph":"E", "ts":"2934455701", "pid":"1", "tid":"mom"},
{"name":"ModelAdvance", "ph":"B", "ts":"2934455863", "pid":"1", "tid":"mom"},
{"name":"ModelAdvance", "ph":"E", "ts":"2939614950", "pid":"1", "tid":"mom"},
{"name":"ModelSetRunClock", "ph":"B", "ts":"2942625735", "pid":"1", "tid":"mom"},
{"name":"ModelSetRunClock", "ph":"E", "ts":"2942625803", "pid":"1", "tid":"mom"},
{"name":"ModelAdvance", "ph":"B", "ts":"2942625982", "pid":"1", "tid":"mom"},
{"name":"ModelAdvance", "ph":"E", "ts":"2947862435", "pid":"1", "tid":"mom"},
{"name":"ModelSetRunClock", "ph":"B", "ts":"2950126552", "pid":"1", "tid":"mom"},
{"name":"ModelSetRunClock", "ph":"E", "ts":"2950126625", "pid":"1", "tid":"mom"},
{"name":"ModelAdvance", "ph":"B", "ts":"2950126804", "pid":"1", "tid":"mom"},
{"name":"ModelAdvance", "ph":"E", "ts":"2955279820", "pid":"1", "tid":"mom"},
{"name":"ModelSetRunClock", "ph":"B", "ts":"2958237303", "pid":"1", "tid":"mom"},
{"name":"ModelSetRunClock", "ph":"E", "ts":"2958237365", "pid":"1", "tid":"mom"},
{"name":"ModelAdvance", "ph":"B", "ts":"2958237555", "pid":"1", "tid":"mom"},
{"name":"ModelAdvance", "ph":"E", "ts":"2963407359", "pid":"1", "tid":"mom"},
{"name":"ModelSetRunClock", "ph":"B", "ts":"2965702775", "pid":"1", "tid":"mom"},
{"name":"ModelSetRunClock", "ph":"E", "ts":"2965702853", "pid":"1", "tid":"mom"},
{"name":"ModelAdvance", "ph":"B", "ts":"2965703039", "pid":"1", "tid":"mom"},
{"name":"ModelAdvance", "ph":"E", "ts":"2970851379", "pid":"1", "tid":"mom"},
{"name":"ModelSetRunClock", "ph":"B", "ts":"2973752536", "pid":"1", "tid":"mom"},
{"name":"ModelSetRunClock", "ph":"E", "ts":"2973752605", "pid":"1", "tid":"mom"},
{"name":"ModelAdvance", "ph":"B", "ts":"2973752776", "pid":"1", "tid":"mom"},
{"name":"ModelAdvance", "ph":"E", "ts":"2978915344", "pid":"1", "tid":"mom"},
{"name":"ModelSetRunClock", "ph":"B", "ts":"2981104341", "pid":"1", "tid":"mom"},
{"name":"ModelSetRunClock", "ph":"E", "ts":"2981104414", "pid":"1", "tid":"mom"},
{"name":"ModelAdvance", "ph":"B", "ts":"2981104581", "pid":"1", "tid":"mom"},
{"name":"ModelAdvance", "ph":"E", "ts":"2986265014", "pid":"1", "tid":"mom"},
{"name":"ModelSetRunClock", "ph":"B", "ts":"2989130109", "pid":"1", "tid":"mom"},
{"name":"ModelSetRunClock", "ph":"E", "ts":"2989130160", "pid":"1", "tid":"mom"},
{"name":"ModelAdvance", "ph":"B", "ts":"2989130320", "pid":"1", "tid":"mom"},
{"name":"ModelAdvance", "ph":"E", "ts":"2994375619", "pid":"1", "tid":"mom"},
{"name":"ModelSetRunClock", "ph":"B", "ts":"2997367984", "pid":"1", "tid":"mom"},
{"name":"ModelSetRunClock", "ph":"E", "ts":"2997368059", "pid":"1", "tid":"mom"},
{"name":"ModelAdvance", "ph":"B", "ts":"2997368224", "pid":"1", "tid":"mom"},
{"name":"ModelAdvance", "ph":"E", "ts":"3002561014", "pid":"1", "tid":"mom"},
{"name":"ModelSetRunClock", "ph":"B", "ts":"3005771239", "pid":"1", "tid":"mom"},
{"name":"ModelSetRunClock", "ph":"E", "ts":"3005771311", "pid":"1", "tid":"mom"},
{"name":"ModelAdvance", "ph":"B", "ts":"3005771489", "pid":"1", "tid":"mom"},
{"name":"ModelAdvance", "ph":"E", "ts":"3010981629", "pid":"1", "tid":"mom"},
{"name":"ModelSetRunClock", "ph":"B", "ts":"3013280590", "pid":"1", "tid":"mom"},
{"name":"ModelSetRunClock", "ph":"E", "ts":"3013280660", "pid":"1", "tid":"mom"},
{"name":"ModelAdvance", "ph":"B", "ts":"3013280837", "pid":"1", "tid":"mom"},
{"name":"ModelAdvance", "ph":"E", "ts":"3018488728", "pid":"1", "tid":"mom"},
{"name":"ModelSetRunClock", "ph":"B", "ts":"3021801937", "pid":"1", "tid":"mom"},
{"name":"ModelSetRunClock", "ph":"E", "ts":"3021802003", "pid":"1", "tid":"mom"},
{"name":"ModelAdvance", "ph":"B", "ts":"3021802193", "pid":"1", "tid":"mom"},
{"name":"ModelAdvance", "ph":"E", "ts":"3027009899", "pid":"1", "tid":"mom"},
{"name":"ModelSetRunClock", "ph":"B", "ts":"3030122212", "pid":"1", "tid":"mom"},
{"name":"ModelSetRunClock", "ph":"E", "ts":"3030122304", "pid":"1", "tid":"mom"},
{"name":"ModelAdvance", "ph":"B", "ts":"3030122513", "pid":"1", "tid":"mom"},
{"name":"ModelAdvance", "ph":"E", "ts":"3035289858", "pid":"1", "tid":"mom"},
{"name":"ModelSetRunClock", "ph":"B", "ts":"3038844326", "pid":"1", "tid":"mom"},
{"name":"ModelSetRunClock", "ph":"E", "ts":"3038844395", "pid":"1", "tid":"mom"},
{"name":"ModelAdvance", "ph":"B", "ts":"3038844559", "pid":"1", "tid":"mom"},
{"name":"ModelAdvance", "ph":"E", "ts":"3044067142", "pid":"1", "tid":"mom"},
{"name":"ModelSetRunClock", "ph":"B", "ts":"3046874169", "pid":"1", "tid":"mom"},
{"name":"ModelSetRunClock", "ph":"E", "ts":"3046874244", "pid":"1", "tid":"mom"},
{"name":"ModelAdvance", "ph":"B", "ts":"3046874440", "pid":"1", "tid":"mom"},
{"name":"ModelAdvance", "ph":"E", "ts":"3052024447", "pid":"1", "tid":"mom"},
{"name":"ModelSetRunClock", "ph":"B", "ts":"3086945457", "pid":"1", "tid":"mom"},
{"name":"ModelSetRunClock", "ph":"E", "ts":"3086945712", "pid":"1", "tid":"mom"},
{"name":"ModelAdvance", "ph":"B", "ts":"3086945886", "pid":"1", "tid":"mom"},
{"name":"ModelAdvance", "ph":"E", "ts":"3092079868", "pid":"1", "tid":"mom"},
{"name":"ModelSetRunClock", "ph":"B", "ts":"3094716270", "pid":"1", "tid":"mom"},
{"name":"ModelSetRunClock", "ph":"E", "ts":"3094716337", "pid":"1", "tid":"mom"},
{"name":"ModelAdvance", "ph":"B", "ts":"3094716531", "pid":"1", "tid":"mom"},
{"name":"ModelAdvance", "ph":"E", "ts":"3099857293", "pid":"1", "tid":"mom"},
{"name":"ModelSetRunClock", "ph":"B", "ts":"3102987423", "pid":"1", "tid":"mom"},
{"name":"ModelSetRunClock", "ph":"E", "ts":"3102987580", "pid":"1", "tid":"mom"},
{"name":"ModelAdvance", "ph":"B", "ts":"3102987746", "pid":"1", "tid":"mom"},
{"name":"ModelAdvance", "ph":"E", "ts":"3108111289", "pid":"1", "tid":"mom"},
{"name":"ModelSetRunClock", "ph":"B", "ts":"3110631146", "pid":"1", "tid":"mom"},
{"name":"ModelSetRunClock", "ph":"E", "ts":"3110631213", "pid":"1", "tid":"mom"},
{"name":"ModelAdvance", "ph":"B", "ts":"3110631407", "pid":"1", "tid":"mom"},
{"name":"ModelAdvance", "ph":"E", "ts":"3115795313", "pid":"1", "tid":"mom"},
{"name":"ModelSetRunClock", "ph":"B", "ts":"3118736994", "pid":"1", "tid":"mom"},
{"name":"ModelSetRunClock", "ph":"E", "ts":"3118737075", "pid":"1", "tid":"mom"},
{"name":"ModelAdvance", "ph":"B", "ts":"3118737262", "pid":"1", "tid":"mom"},
{"name":"ModelAdvance", "ph":"E", "ts":"3123966020", "pid":"1", "tid":"mom"},
{"name":"ModelSetRunClock", "ph":"B", "ts":"3126362718", "pid":"1", "tid":"mom"},
{"name":"ModelSetRunClock", "ph":"E", "ts":"3126362795", "pid":"1", "tid":"mom"},
{"name":"ModelAdvance", "ph":"B", "ts":"3126362986", "pid":"1", "tid":"mom"},
{"name":"ModelAdvance", "ph":"E", "ts":"3131520279", "pid":"1", "tid":"mom"},
{"name":"ModelSetRunClock", "ph":"B", "ts":"3134731573", "pid":"1", "tid":"mom"},
{"name":"ModelSetRunClock", "ph":"E", "ts":"3134731742", "pid":"1", "tid":"mom"},
{"name":"ModelAdvance", "ph":"B", "ts":"3134731899", "pid":"1", "tid":"mom"},
{"name":"ModelAdvance", "ph":"E", "ts":"3139899894", "pid":"1", "tid":"mom"},
{"name":"ModelSetRunClock", "ph":"B", "ts":"3142262108", "pid":"1", "tid":"mom"},
{"name":"ModelSetRunClock", "ph":"E", "ts":"3142262192", "pid":"1", "tid":"mom"},
{"name":"ModelAdvance", "ph":"B", "ts":"3142262448", "pid":"1", "tid":"mom"},
{"name":"ModelAdvance", "ph":"E", "ts":"3147439457", "pid":"1", "tid":"mom"},
{"name":"ModelSetRunClock", "ph":"B", "ts":"3150483259", "pid":"1", "tid":"mom"},
{"name":"ModelSetRunClock", "ph":"E", "ts":"3150483336", "pid":"1", "tid":"mom"},
{"name":"ModelAdvance", "ph":"B", "ts":"3150483526", "pid":"1", "tid":"mom"},
{"name":"ModelAdvance", "ph":"E", "ts":"3155667498", "pid":"1", "tid":"mom"},
{"name":"ModelSetRunClock", "ph":"B", "ts":"3158316072", "pid":"1", "tid":"mom"},
{"name":"ModelSetRunClock", "ph":"E", "ts":"3158316140", "pid":"1", "tid":"mom"},
{"name":"ModelAdvance", "ph":"B", "ts":"3158316320", "pid":"1", "tid":"mom"},
{"name":"ModelAdvance", "ph":"E", "ts":"3163504423", "pid":"1", "tid":"mom"},
{"name":"ModelSetRunClock", "ph":"B", "ts":"3166557868", "pid":"1", "tid":"mom"},
{"name":"ModelSetRunClock", "ph":"E", "ts":"3166557948", "pid":"1", "tid":"mom"},
{"name":"ModelAdvance", "ph":"B", "ts":"3166558158", "pid":"1", "tid":"mom"},
{"name":"ModelAdvance", "ph":"E", "ts":"3171788485", "pid":"1", "tid":"mom"},
{"name":"ModelSetRunClock", "ph":"B", "ts":"3174245644", "pid":"1", "tid":"mom"},
{"name":"ModelSetRunClock", "ph":"E", "ts":"3174245724", "pid":"1", "tid":"mom"},
{"name":"ModelAdvance", "ph":"B", "ts":"3174245899", "pid":"1", "tid":"mom"},
{"name":"ModelAdvance", "ph":"E", "ts":"3179412315", "pid":"1", "tid":"mom"},
{"name":"ModelSetRunClock", "ph":"B", "ts":"3182580480", "pid":"1", "tid":"mom"},
{"name":"ModelSetRunClock", "ph":"E", "ts":"3182580546", "pid":"1", "tid":"mom"},
{"name":"ModelAdvance", "ph":"B", "ts":"3182580713", "pid":"1", "tid":"mom"},
{"name":"ModelAdvance", "ph":"E", "ts":"3187757547", "pid":"1", "tid":"mom"},
{"name":"ModelSetRunClock", "ph":"B", "ts":"3190145968", "pid":"1", "tid":"mom"},
{"name":"ModelSetRunClock", "ph":"E", "ts":"3190146029", "pid":"1", "tid":"mom"},
{"name":"ModelAdvance", "ph":"B", "ts":"3190146202", "pid":"1", "tid":"mom"},
{"name":"ModelAdvance", "ph":"E", "ts":"3195295546", "pid":"1", "tid":"mom"},
{"name":"ModelSetRunClock", "ph":"B", "ts":"3198201100", "pid":"1", "tid":"mom"},
{"name":"ModelSetRunClock", "ph":"E", "ts":"3198201161", "pid":"1", "tid":"mom"},
{"name":"ModelAdvance", "ph":"B", "ts":"3198201323", "pid":"1", "tid":"mom"},
{"name":"ModelAdvance", "ph":"E", "ts":"3203365417", "pid":"1", "tid":"mom"},
{"name":"ModelSetRunClock", "ph":"B", "ts":"3205622823", "pid":"1", "tid":"mom"},
{"name":"ModelSetRunClock", "ph":"E", "ts":"3205622885", "pid":"1", "tid":"mom"},
{"name":"ModelAdvance", "ph":"B", "ts":"3205623047", "pid":"1", "tid":"mom"},
{"name":"ModelAdvance", "ph":"E", "ts":"3210781664", "pid":"1", "tid":"mom"},
{"name":"ModelSetRunClock", "ph":"B", "ts":"3213622038", "pid":"1", "tid":"mom"},
{"name":"ModelSetRunClock", "ph":"E", "ts":"3213622102", "pid":"1", "tid":"mom"},
{"name":"ModelAdvance", "ph":"B", "ts":"3213622258", "pid":"1", "tid":"mom"},
{"name":"ModelAdvance", "ph":"E", "ts":"3218860871", "pid":"1", "tid":"mom"},
{"name":"ModelSetRunClock", "ph":"B", "ts":"3221129365", "pid":"1", "tid":"mom"},
{"name":"ModelSetRunClock", "ph":"E", "ts":"3221129455", "pid":"1", "tid":"mom"},
{"name":"ModelAdvance", "ph":"B", "ts":"3221129696", "pid":"1", "tid":"mom"},
{"name":"ModelAdvance", "ph":"E", "ts":"3226288180", "pid":"1", "tid":"mom"},
{"name":"ModelSetRunClock", "ph":"B", "ts":"3229204007", "pid":"1", "tid":"mom"},
{"name":"ModelSetRunClock", "ph":"E", "ts":"3229204087", "pid":"1", "tid":"mom"},
{"name":"ModelAdvance", "ph":"B", "ts":"3229204449", "pid":"1", "tid":"mom"},
{"name":"ModelAdvance", "ph":"E", "ts":"3234365290", "pid":"1", "tid":"mom"},
{"name":"ModelSetRunClock", "ph":"B", "ts":"3236667455", "pid":"1", "tid":"mom"},
{"name":"ModelSetRunClock", "ph":"E", "ts":"3236667524", "pid":"1", "tid":"mom"},
{"name":"ModelAdvance", "ph":"B", "ts":"3236667684", "pid":"1", "tid":"mom"},
{"name":"ModelAdvance", "ph":"E", "ts":"3241814829", "pid":"1", "tid":"mom"},
{"name":"ModelSetRunClock", "ph":"B", "ts":"3244753289", "pid":"1", "tid":"mom"},
{"name":"ModelSetRunClock", "ph":"E", "ts":"3244753355", "pid":"1", "tid":"mom"},
{"name":"ModelAdvance", "ph":"B", "ts":"3244753545", "pid":"1", "tid":"mom"},
{"name":"ModelAdvance", "ph":"E", "ts":"3249919860", "pid":"1", "tid":"mom"},
{"name":"ModelSetRunClock", "ph":"B", "ts":"3252132301", "pid":"1", "tid":"mom"},
{"name":"ModelSetRunClock", "ph":"E", "ts":"3252132378", "pid":"1", "tid":"mom"},
{"name":"ModelAdvance", "ph":"B", "ts":"3252132560", "pid":"1", "tid":"mom"},
{"name":"ModelAdvance", "ph":"E", "ts":"3257278785", "pid":"1", "tid":"mom"},
{"name":"ModelSetRunClock", "ph":"B", "ts":"3260218877", "pid":"1", "tid":"mom"},
{"name":"ModelSetRunClock", "ph":"E", "ts":"3260218945", "pid":"1", "tid":"mom"},
{"name":"ModelAdvance", "ph":"B", "ts":"3260219108", "pid":"1", "tid":"mom"},
{"name":"ModelAdvance", "ph":"E", "ts":"3265446029", "pid":"1", "tid":"mom"},
{"name":"ModelSetRunClock", "ph":"B", "ts":"3267657116", "pid":"1", "tid":"mom"},
{"name":"ModelSetRunClock", "ph":"E", "ts":"3267657277", "pid":"1", "tid":"mom"},
{"name":"ModelAdvance", "ph":"B", "ts":"3267657444", "pid":"1", "tid":"mom"},
{"name":"ModelAdvance", "ph":"E", "ts":"3272811020", "pid":"1", "tid":"mom"},
{"name":"ModelSetRunClock", "ph":"B", "ts":"3275759774", "pid":"1", "tid":"mom"},
{"name":"ModelSetRunClock", "ph":"E", "ts":"3275759845", "pid":"1", "tid":"mom"},
{"name":"ModelAdvance", "ph":"B", "ts":"3275760021", "pid":"1", "tid":"mom"},
{"name":"ModelAdvance", "ph":"E", "ts":"3280912036", "pid":"1", "tid":"mom"},
{"name":"ModelSetRunClock", "ph":"B", "ts":"3283166016", "pid":"1", "tid":"mom"},
{"name":"ModelSetRunClock", "ph":"E", "ts":"3283166079", "pid":"1", "tid":"mom"},
{"name":"ModelAdvance", "ph":"B", "ts":"3283166242", "pid":"1", "tid":"mom"},
{"name":"ModelAdvance", "ph":"E", "ts":"3288330884", "pid":"1", "tid":"mom"},
{"name":"ModelSetRunClock", "ph":"B", "ts":"3291291334", "pid":"1", "tid":"mom"},
{"name":"ModelSetRunClock", "ph":"E", "ts":"3291291419", "pid":"1", "tid":"mom"},
{"name":"ModelAdvance", "ph":"B", "ts":"3291291615", "pid":"1", "tid":"mom"},
{"name":"ModelAdvance", "ph":"E", "ts":"3296477792", "pid":"1", "tid":"mom"},
{"name":"ModelSetRunClock", "ph":"B", "ts":"3298626495", "pid":"1", "tid":"mom"},
{"name":"ModelSetRunClock", "ph":"E", "ts":"3298626692", "pid":"1", "tid":"mom"},
{"name":"ModelAdvance", "ph":"B", "ts":"3298626866", "pid":"1", "tid":"mom"},
{"name":"ModelAdvance", "ph":"E", "ts":"3303797536", "pid":"1", "tid":"mom"},
{"name":"ModelSetRunClock", "ph":"B", "ts":"3306674096", "pid":"1", "tid":"mom"},
{"name":"ModelSetRunClock", "ph":"E", "ts":"3306674182", "pid":"1", "tid":"mom"},
{"name":"ModelAdvance", "ph":"B", "ts":"3306674380", "pid":"1", "tid":"mom"},
{"name":"ModelAdvance", "ph":"E", "ts":"3311931401", "pid":"1", "tid":"mom"},
{"name":"ModelSetRunClock", "ph":"B", "ts":"3314015890", "pid":"1", "tid":"mom"},
{"name":"ModelSetRunClock", "ph":"E", "ts":"3314015964", "pid":"1", "tid":"mom"},
{"name":"ModelAdvance", "ph":"B", "ts":"3314016144", "pid":"1", "tid":"mom"},
{"name":"ModelAdvance", "ph":"E", "ts":"3319188455", "pid":"1", "tid":"mom"},
{"name":"ModelSetRunClock", "ph":"B", "ts":"3322039530", "pid":"1", "tid":"mom"},
{"name":"ModelSetRunClock", "ph":"E", "ts":"3322039606", "pid":"1", "tid":"mom"},
{"name":"ModelAdvance", "ph":"B", "ts":"3322039795", "pid":"1", "tid":"mom"},
{"name":"ModelAdvance", "ph":"E", "ts":"3327228786", "pid":"1", "tid":"mom"},
{"name":"ModelSetRunClock", "ph":"B", "ts":"3329491352", "pid":"1", "tid":"mom"},
{"name":"ModelSetRunClock", "ph":"E", "ts":"3329491565", "pid":"1", "tid":"mom"},
{"name":"ModelAdvance", "ph":"B", "ts":"3329491785", "pid":"1", "tid":"mom"},
{"name":"ModelAdvance", "ph":"E", "ts":"3334666250", "pid":"1", "tid":"mom"},
{"name":"ModelSetRunClock", "ph":"B", "ts":"3337557204", "pid":"1", "tid":"mom"},
{"name":"ModelSetRunClock", "ph":"E", "ts":"3337557263", "pid":"1", "tid":"mom"},
{"name":"ModelAdvance", "ph":"B", "ts":"3337557425", "pid":"1", "tid":"mom"},
{"name":"ModelAdvance", "ph":"E", "ts":"3342720201", "pid":"1", "tid":"mom"},
{"name":"ModelSetRunClock", "ph":"B", "ts":"3345103825", "pid":"1", "tid":"mom"},
{"name":"ModelSetRunClock", "ph":"E", "ts":"3345103908", "pid":"1", "tid":"mom"},
{"name":"ModelAdvance", "ph":"B", "ts":"3345104105", "pid":"1", "tid":"mom"},
{"name":"ModelAdvance", "ph":"E", "ts":"3350265716", "pid":"1", "tid":"mom"},
{"name":"ModelSetRunClock", "ph":"B", "ts":"3353309190", "pid":"1", "tid":"mom"},
{"name":"ModelSetRunClock", "ph":"E", "ts":"3353309258", "pid":"1", "tid":"mom"},
{"name":"ModelAdvance", "ph":"B", "ts":"3353309424", "pid":"1", "tid":"mom"},
{"name":"ModelAdvance", "ph":"E", "ts":"3358546934", "pid":"1", "tid":"mom"},
{"name":"ModelSetRunClock", "ph":"B", "ts":"3360934486", "pid":"1", "tid":"mom"},
{"name":"ModelSetRunClock", "ph":"E", "ts":"3360934706", "pid":"1", "tid":"mom"},
{"name":"ModelAdvance", "ph":"B", "ts":"3360934893", "pid":"1", "tid":"mom"},
{"name":"ModelAdvance", "ph":"E", "ts":"3366082404", "pid":"1", "tid":"mom"},
{"name":"ModelSetRunClock", "ph":"B", "ts":"3368973018", "pid":"1", "tid":"mom"},
{"name":"ModelSetRunClock", "ph":"E", "ts":"3368973085", "pid":"1", "tid":"mom"},
{"name":"ModelAdvance", "ph":"B", "ts":"3368973251", "pid":"1", "tid":"mom"},
{"name":"ModelAdvance", "ph":"E", "ts":"3374130619", "pid":"1", "tid":"mom"},
{"name":"ModelSetRunClock", "ph":"B", "ts":"3376369583", "pid":"1", "tid":"mom"},
{"name":"ModelSetRunClock", "ph":"E", "ts":"3376369668", "pid":"1", "tid":"mom"},
{"name":"ModelAdvance", "ph":"B", "ts":"3376369877", "pid":"1", "tid":"mom"},
{"name":"ModelAdvance", "ph":"E", "ts":"3381513026", "pid":"1", "tid":"mom"},
{"name":"ModelSetRunClock", "ph":"B", "ts":"3384439670", "pid":"1", "tid":"mom"},
{"name":"ModelSetRunClock", "ph":"E", "ts":"3384439746", "pid":"1", "tid":"mom"},
{"name":"ModelAdvance", "ph":"B", "ts":"3384439928", "pid":"1", "tid":"mom"},
{"name":"ModelAdvance", "ph":"E", "ts":"3389637170", "pid":"1", "tid":"mom"},
{"name":"ModelSetRunClock", "ph":"B", "ts":"3391870445", "pid":"1", "tid":"mom"},
{"name":"ModelSetRunClock", "ph":"E", "ts":"3391870647", "pid":"1", "tid":"mom"},
{"name":"ModelAdvance", "ph":"B", "ts":"3391870814", "pid":"1", "tid":"mom"},
{"name":"ModelAdvance", "ph":"E", "ts":"3397051431", "pid":"1", "tid":"mom"},
{"name":"ModelSetRunClock", "ph":"B", "ts":"3399972516", "pid":"1", "tid":"mom"},
{"name":"ModelSetRunClock", "ph":"E", "ts":"3399972578", "pid":"1", "tid":"mom"},
{"name":"ModelAdvance", "ph":"B", "ts":"3399972739", "pid":"1", "tid":"mom"},
{"name":"ModelAdvance", "ph":"E", "ts":"3405237216", "pid":"1", "tid":"mom"},
{"name":"ModelSetRunClock", "ph":"B", "ts":"3407422035", "pid":"1", "tid":"mom"},
{"name":"ModelSetRunClock", "ph":"E", "ts":"3407422124", "pid":"1", "tid":"mom"},
{"name":"ModelAdvance", "ph":"B", "ts":"3407422340", "pid":"1", "tid":"mom"},
{"name":"ModelAdvance", "ph":"E", "ts":"3412589712", "pid":"1", "tid":"mom"},
{"name":"ModelSetRunClock", "ph":"B", "ts":"3415515124", "pid":"1", "tid":"mom"},
{"name":"ModelSetRunClock", "ph":"E", "ts":"3415515182", "pid":"1", "tid":"mom"},
{"name":"ModelAdvance", "ph":"B", "ts":"3415515332", "pid":"1", "tid":"mom"},
{"name":"ModelAdvance", "ph":"E", "ts":"3420688285", "pid":"1", "tid":"mom"},
{"name":"ModelSetRunClock", "ph":"B", "ts":"3422897314", "pid":"1", "tid":"mom"},
{"name":"ModelSetRunClock", "ph":"E", "ts":"3422897540", "pid":"1", "tid":"mom"},
{"name":"ModelAdvance", "ph":"B", "ts":"3422897709", "pid":"1", "tid":"mom"},
{"name":"ModelAdvance", "ph":"E", "ts":"3428049053", "pid":"1", "tid":"mom"},
{"name":"ModelSetRunClock", "ph":"B", "ts":"3430975349", "pid":"1", "tid":"mom"},
{"name":"ModelSetRunClock", "ph":"E", "ts":"3430975548", "pid":"1", "tid":"mom"},
{"name":"ModelAdvance", "ph":"B", "ts":"3430975730", "pid":"1", "tid":"mom"},
{"name":"ModelAdvance", "ph":"E", "ts":"3436130821", "pid":"1", "tid":"mom"},
{"name":"ModelSetRunClock", "ph":"B", "ts":"3438412091", "pid":"1", "tid":"mom"},
{"name":"ModelSetRunClock", "ph":"E", "ts":"3438412165", "pid":"1", "tid":"mom"},
{"name":"ModelAdvance", "ph":"B", "ts":"3438412335", "pid":"1", "tid":"mom"},
{"name":"ModelAdvance", "ph":"E", "ts":"3443555896", "pid":"1", "tid":"mom"},
{"name":"ModelSetRunClock", "ph":"B", "ts":"3446521104", "pid":"1", "tid":"mom"},
{"name":"ModelSetRunClock", "ph":"E", "ts":"3446521165", "pid":"1", "tid":"mom"},
{"name":"ModelAdvance", "ph":"B", "ts":"3446521328", "pid":"1", "tid":"mom"},
{"name":"ModelAdvance", "ph":"E", "ts":"3451746037", "pid":"1", "tid":"mom"},
{"name":"ModelFinalize", "ph":"B", "ts":"3451752159", "pid":"1", "tid":"mom"},
{"name":"ModelFinalize", "ph":"E", "ts":"3451887096", "pid":"1", "tid":"mom"},
