{"name":"SetServices", "ph":"B", "ts":"2293693717", "pid":"1", "tid":"wave"},
{"name":"SetServices", "ph":"E", "ts":"2293695778", "pid":"1", "tid":"wave"},
{"name":"InitializeP0", "ph":"B", "ts":"2293699718", "pid":"1", "tid":"wave"},
{"name":"InitializeP0", "ph":"E", "ts":"2293699804", "pid":"1", "tid":"wave"},
{"name":"InitializeAdvertise", "ph":"B", "ts":"2318899704", "pid":"1", "tid":"wave"},
{"name":"InitializeAdvertise", "ph":"E", "ts":"2417118923", "pid":"1", "tid":"wave"},
{"name":"InitializeRealize", "ph":"B", "ts":"2588880180", "pid":"1", "tid":"wave"},
{"name":"InitializeRealize", "ph":"E", "ts":"2603067479", "pid":"1", "tid":"wave"},
{"name":"DataInitialize", "ph":"B", "ts":"2630934363", "pid":"1", "tid":"wave"},
{"name":"DataInitialize", "ph":"E", "ts":"2630938096", "pid":"1", "tid":"wave"},
{"name":"ModelSetRunClock", "ph":"B", "ts":"2684466177", "pid":"1", "tid":"wave"},
{"name":"ModelSetRunClock", "ph":"E", "ts":"2684475098", "pid":"1", "tid":"wave"},
{"name":"ModelAdvance", "ph":"B", "ts":"2684475205", "pid":"1", "tid":"wave"},
{"name":"ModelAdvance", "ph":"E", "ts":"2695807097", "pid":"1", "tid":"wave"},
{"name":"ModelSetRunClock", "ph":"B", "ts":"2697195434", "pid":"1", "tid":"wave"},
{"name":"ModelSetRunClock", "ph":"E", "ts":"2697195497", "pid":"1", "tid":"wave"},
{"name":"ModelAdvance", "ph":"B", "ts":"2697195592", "pid":"1", "tid":"wave"},
{"name":"ModelAdvance", "ph":"E", "ts":"2702595179", "pid":"1", "tid":"wave"},
{"name":"ModelSetRunClock", "ph":"B", "ts":"2704630542", "pid":"1", "tid":"wave"},
{"name":"ModelSetRunClock", "ph":"E", "ts":"2704630590", "pid":"1", "tid":"wave"},
{"name":"ModelAdvance", "ph":"B", "ts":"2704630670", "pid":"1", "tid":"wave"},
{"name":"ModelAdvance", "ph":"E", "ts":"2709938370", "pid":"1", "tid":"wave"},
{"name":"ModelSetRunClock", "ph":"B", "ts":"2712770498", "pid":"1", "tid":"wave"},
{"name":"ModelSetRunClock", "ph":"E", "ts":"2712770555", "pid":"1", "tid":"wave"},
{"name":"ModelAdvance", "ph":"B", "ts":"2712770647", "pid":"1", "tid":"wave"},
{"name":"ModelAdvance", "ph":"E", "ts":"2718085835", "pid":"1", "tid":"wave"},
{"name":"ModelSetRunClock", "ph":"B", "ts":"2720282494", "pid":"1", "tid":"wave"},
{"name":"ModelSetRunClock", "ph":"E", "ts":"2720282545", "pid":"1", "tid":"wave"},
{"name":"ModelAdvance", "ph":"B", "ts":"2720282629", "pid":"1", "tid":"wave"},
{"name":"ModelAdvance", "ph":"E", "ts":"2725613977", "pid":"1", "tid":"wave"},
{"name":"ModelSetRunClock", "ph":"B", "ts":"2728554081", "pid":"1", "tid":"wave"},
{"name":"ModelSetRunClock", "ph":"E", "ts":"2728554151", "pid":"1", "tid":"wave"},
{"name":"ModelAdvance", "ph":"B", "ts":"2728554251", "pid":"1", "tid":"wave"},
{"name":"ModelAdvance", "ph":"E", "ts":"2733853420", "pid":"1", "tid":"wave"},
{"name":"ModelSetRunClock", "ph":"B", "ts":"2754337939", "pid":"1", "tid":"wave"},
{"name":"ModelSetRunClock", "ph":"E", "ts":"2754338154", "pid":"1", "tid":"wave"},
{"name":"ModelAdvance", "ph":"B", "ts":"2754338385", "pid":"1", "tid":"wave"},
{"name":"ModelAdvance", "ph":"E", "ts":"2759654461", "pid":"1", "tid":"wave"},
{"name":"ModelSetRunClock", "ph":"B", "ts":"2762603909", "pid":"1", "tid":"wave"},
{"name":"ModelSetRunClock", "ph":"E", "ts":"2762603969", "pid":"1", "tid":"wave"},
{"name":"ModelAdvance", "ph":"B", "ts":"2762604061", "pid":"1", "tid":"wave"},
{"name":"ModelAdvance", "ph":"E", "ts":"2767908526", "pid":"1", "tid":"wave"},
{"name":"ModelSetRunClock", "ph":"B", "ts":"2770205033", "pid":"1", "tid":"wave"},
{"name":"ModelSetRunClock", "ph":"E", "ts":"2770205091", "pid":"1", "tid":"wave"},
{"name":"ModelAdvance", "ph":"B", "ts":"2770205191", "pid":"1", "tid":"wave"},
{"name":"ModelAdvance", "ph":"E", "ts":"2775554171", "pid":"1", "tid":"wave"},
{"name":"ModelSetRunClock", "ph":"B", "ts":"2779403906", "pid":"1", "tid":"wave"},
{"name":"ModelSetRunClock", "ph":"E", "ts":"2779403954", "pid":"1", "tid":"wave"},
{"name":"ModelAdvance", "ph":"B", "ts":"2779404038", "pid":"1", "tid":"wave"},
{"name":"ModelAdvance", "ph":"E", "ts":"2784726794", "pid":"1", "tid":"wave"},
{"name":"ModelSetRunClock", "ph":"B", "ts":"2787180508", "pid":"1", "tid":"wave"},
{"name":"ModelSetRunClock", "ph":"E", "ts":"2787198005", "pid":"1", "tid":"wave"},
{"name":"ModelAdvance", "ph":"B", "ts":"2787198175", "pid":"1", "tid":"wave"},
{"name":"ModelAdvance", "ph":"E", "ts":"2792478211", "pid":"1", "tid":"wave"},
{"name":"ModelSetRunClock", "ph":"B", "ts":"2795619954", "pid":"1", "tid":"wave"},
{"name":"ModelSetRunClock", "ph":"E", "ts":"2795620027", "pid":"1", "tid":"wave"},
{"name":"ModelAdvance", "ph":"B", "ts":"2795620126", "pid":"1", "tid":"wave"},
{"name":"ModelAdvance", "ph":"E", "ts":"2800949845", "pid":"1", "tid":"wave"},
{"name":"ModelSetRunClock", "ph":"B", "ts":"2803210902", "pid":"1", "tid":"wave"},
{"name":"ModelSetRunClock", "ph":"E", "ts":"2803210953", "pid":"1", "tid":"wave"},
{"name":"ModelAdvance", "ph":"B", "ts":"2803211043", "pid":"1", "tid":"wave"},
{"name":"ModelAdvance", "ph":"E", "ts":"2808497194", "pid":"1", "tid":"wave"},
{"name":"ModelSetRunClock", "ph":"B", "ts":"2811541928", "pid":"1", "tid":"wave"},
{"name":"ModelSetRunClock", "ph":"E", "ts":"2811542001", "pid":"1", "tid":"wave"},
{"name":"ModelAdvance", "ph":"B", "ts":"2811542107", "pid":"1", "tid":"wave"},
{"name":"ModelAdvance", "ph":"E", "ts":"2816794108", "pid":"1", "tid":"wave"},
{"name":"ModelSetRunClock", "ph":"B", "ts":"2819277809", "pid":"1", "tid":"wave"},
{"name":"ModelSetRunClock", "ph":"E", "ts":"2819278013", "pid":"1", "tid":"wave"},
{"name":"ModelAdvance", "ph":"B", "ts":"2819278129", "pid":"1", "tid":"wave"},
{"name":"ModelAdvance", "ph":"E", "ts":"2824478691", "pid":"1", "tid":"wave"},
{"name":"ModelSetRunClock", "ph":"B", "ts":"2827831337", "pid":"1", "tid":"wave"},
{"name":"ModelSetRunClock", "ph":"E", "ts":"2827831395", "pid":"1", "tid":"wave"},
{"name":"ModelAdvance", "ph":"B", "ts":"2827831490", "pid":"1", "tid":"wave"},
{"name":"ModelAdvance", "ph":"E", "ts":"2832950669", "pid":"1", "tid":"wave"},
{"name":"ModelSetRunClock", "ph":"B", "ts":"2835929026", "pid":"1", "tid":"wave"},
{"name":"ModelSetRunClock", "ph":"E", "ts":"2835929081", "pid":"1", "tid":"wave"},
{"name":"ModelAdvance", "ph":"B", "ts":"2835929161", "pid":"1", "tid":"wave"},
{"name":"ModelAdvance", "ph":"E", "ts":"2840968711", "pid":"1", "tid":"wave"},
{"name":"ModelSetRunClock", "ph":"B", "ts":"2844608342", "pid":"1", "tid":"wave"},
{"name":"ModelSetRunClock", "ph":"E", "ts":"2844608398", "pid":"1", "tid":"wave"},
{"name":"ModelAdvance", "ph":"B", "ts":"2844608490", "pid":"1", "tid":"wave"},
{"name":"ModelAdvance", "ph":"E", "ts":"2849619617", "pid":"1", "tid":"wave"},
{"name":"ModelSetRunClock", "ph":"B", "ts":"2852833029", "pid":"1", "tid":"wave"},
{"name":"ModelSetRunClock", "ph":"E", "ts":"2852833085", "pid":"1", "tid":"wave"},
{"name":"ModelAdvance", "ph":"B", "ts":"2852833170", "pid":"1", "tid":"wave"},
{"name":"ModelAdvance", "ph":"E", "ts":"2857789041", "pid":"1", "tid":"wave"},
{"name":"ModelSetRunClock", "ph":"B", "ts":"2861531446", "pid":"1", "tid":"wave"},
{"name":"ModelSetRunClock", "ph":"E", "ts":"2861531501", "pid":"1", "tid":"wave"},
{"name":"ModelAdvance", "ph":"B", "ts":"2861531590", "pid":"1", "tid":"wave"},
{"name":"ModelAdvance", "ph":"E", "ts":"2866458503", "pid":"1", "tid":"wave"},
{"name":"ModelSetRunClock", "ph":"B", "ts":"2869491592", "pid":"1", "tid":"wave"},
{"name":"ModelSetRunClock", "ph":"E", "ts":"2869491664", "pid":"1", "tid":"wave"},
{"name":"ModelAdvance", "ph":"B", "ts":"2869491763", "pid":"1", "tid":"wave"},
{"name":"ModelAdvance", "ph":"E", "ts":"2874386051", "pid":"1", "tid":"wave"},
{"name":"ModelSetRunClock", "ph":"B", "ts":"2878400686", "pid":"1", "tid":"wave"},
{"name":"ModelSetRunClock", "ph":"E", "ts":"2878400742", "pid":"1", "tid":"wave"},
{"name":"ModelAdvance", "ph":"B", "ts":"2878400828", "pid":"1", "tid":"wave"},
{"name":"ModelAdvance", "ph":"E", "ts":"2883309344", "pid":"1", "tid":"wave"},
{"name":"ModelSetRunClock", "ph":"B", "ts":"2886883032", "pid":"1", "tid":"wave"},
{"name":"ModelSetRunClock", "ph":"E", "ts":"2886883241", "pid":"1", "tid":"wave"},
{"name":"ModelAdvance", "ph":"B", "ts":"2886883403", "pid":"1", "tid":"wave"},
{"name":"ModelAdvance", "ph":"E", "ts":"2891810834", "pid":"1", "tid":"wave"},
{"name":"ModelSetRunClock", "ph":"B", "ts":"2895534326", "pid":"1", "tid":"wave"},
{"name":"ModelSetRunClock", "ph":"E", "ts":"2895534381", "pid":"1", "tid":"wave"},
{"name":"ModelAdvance", "ph":"B", "ts":"2895534468", "pid":"1", "tid":"wave"},
{"name":"ModelAdvance", "ph":"E", "ts":"2900429753", "pid":"1", "tid":"wave"},
{"name":"ModelSetRunClock", "ph":"B", "ts":"2903512847", "pid":"1", "tid":"wave"},
{"name":"ModelSetRunClock", "ph":"E", "ts":"2903512901", "pid":"1", "tid":"wave"},
{"name":"ModelAdvance", "ph":"B", "ts":"2903512996", "pid":"1", "tid":"wave"},
{"name":"ModelAdvance", "ph":"E", "ts":"2908386289", "pid":"1", "tid":"wave"},
{"name":"ModelSetRunClock", "ph":"B", "ts":"2911751311", "pid":"1", "tid":"wave"},
{"name":"ModelSetRunClock", "ph":"E", "ts":"2911751374", "pid":"1", "tid":"wave"},
{"name":"ModelAdvance", "ph":"B", "ts":"2911751470", "pid":"1", "tid":"wave"},
{"name":"ModelAdvance", "ph":"E", "ts":"2916791010", "pid":"1", "tid":"wave"},
{"name":"ModelSetRunClock", "ph":"B", "ts":"2919091544", "pid":"1", "tid":"wave"},
{"name":"ModelSetRunClock", "ph":"E", "ts":"2919091599", "pid":"1", "tid":"wave"},
{"name":"ModelAdvance", "ph":"B", "ts":"2919091689", "pid":"1", "tid":"wave"},
{"name":"ModelAdvance", "ph":"E", "ts":"2923984380", "pid":"1", "tid":"wave"},
{"name":"ModelSetRunClock", "ph":"B", "ts":"2927083511", "pid":"1", "tid":"wave"},
{"name":"ModelSetRunClock", "ph":"E", "ts":"2927083571", "pid":"1", "tid":"wave"},
{"name":"ModelAdvance", "ph":"B", "ts":"2927083667", "pid":"1", "tid":"wave"},
{"name":"ModelAdvance", "ph":"E", "ts":"2931949203", "pid":"1", "tid":"wave"},
{"name":"ModelSetRunClock", "ph":"B", "ts":"2934446012", "pid":"1", "tid":"wave"},
{"name":"ModelSetRunClock", "ph":"E", "ts":"2934446088", "pid":"1", "tid":"wave"},
{"name":"ModelAdvance", "ph":"B", "ts":"2934446209", "pid":"1", "tid":"wave"},
{"name":"ModelAdvance", "ph":"E", "ts":"2939286067", "pid":"1", "tid":"wave"},
{"name":"ModelSetRunClock", "ph":"B", "ts":"2942618128", "pid":"1", "tid":"wave"},
{"name":"ModelSetRunClock", "ph":"E", "ts":"2942618192", "pid":"1", "tid":"wave"},
{"name":"ModelAdvance", "ph":"B", "ts":"2942618285", "pid":"1", "tid":"wave"},
{"name":"ModelAdvance", "ph":"E", "ts":"2947469323", "pid":"1", "tid":"wave"},
{"name":"ModelSetRunClock", "ph":"B", "ts":"2950117038", "pid":"1", "tid":"wave"},
{"name":"ModelSetRunClock", "ph":"E", "ts":"2950117085", "pid":"1", "tid":"wave"},
{"name":"ModelAdvance", "ph":"B", "ts":"2950117171", "pid":"1", "tid":"wave"},
{"name":"ModelAdvance", "ph":"E", "ts":"2954946028", "pid":"1", "tid":"wave"},
{"name":"ModelSetRunClock", "ph":"B", "ts":"2958231936", "pid":"1", "tid":"wave"},
{"name":"ModelSetRunClock", "ph":"E", "ts":"2958231996", "pid":"1", "tid":"wave"},
{"name":"ModelAdvance", "ph":"B", "ts":"2958232080", "pid":"1", "tid":"wave"},
{"name":"ModelAdvance", "ph":"E", "ts":"2963084768", "pid":"1", "tid":"wave"},
{"name":"ModelSetRunClock", "ph":"B", "ts":"2965692106", "pid":"1", "tid":"wave"},
{"name":"ModelSetRunClock", "ph":"E", "ts":"2965692151", "pid":"1", "tid":"wave"},
{"name":"ModelAdvance", "ph":"B", "ts":"2965692239", "pid":"1", "tid":"wave"},
{"name":"ModelAdvance", "ph":"E", "ts":"2970519756", "pid":"1", "tid":"wave"},
{"name":"ModelSetRunClock", "ph":"B", "ts":"2973747366", "pid":"1", "tid":"wave"},
{"name":"ModelSetRunClock", "ph":"E", "ts":"2973747420", "pid":"1", "tid":"wave"},
{"name":"ModelAdvance", "ph":"B", "ts":"2973747507", "pid":"1", "tid":"wave"},
{"name":"ModelAdvance", "ph":"E", "ts":"2978562134", "pid":"1", "tid":"wave"},
{"name":"ModelSetRunClock", "ph":"B", "ts":"2981095700", "pid":"1", "tid":"wave"},
{"name":"ModelSetRunClock", "ph":"E", "ts":"2981095745", "pid":"1", "tid":"wave"},
{"name":"ModelAdvance", "ph":"B", "ts":"2981095836", "pid":"1", "tid":"wave"},
{"name":"ModelAdvance", "ph":"E", "ts":"2985989351", "pid":"1", "tid":"wave"},
{"name":"ModelSetRunClock", "ph":"B", "ts":"2989128585", "pid":"1", "tid":"wave"},
{"name":"ModelSetRunClock", "ph":"E", "ts":"2989128636", "pid":"1", "tid":"wave"},
{"name":"ModelAdvance", "ph":"B", "ts":"2989128833", "pid":"1", "tid":"wave"},
{"name":"ModelAdvance", "ph":"E", "ts":"2993961362", "pid":"1", "tid":"wave"},
{"name":"ModelSetRunClock", "ph":"B", "ts":"2997359974", "pid":"1", "tid":"wave"},
{"name":"ModelSetRunClock", "ph":"E", "ts":"2997360028", "pid":"1", "tid":"wave"},
{"name":"ModelAdvance", "ph":"B", "ts":"2997360108", "pid":"1", "tid":"wave"},
{"name":"ModelAdvance", "ph":"E", "ts":"3002148965", "pid":"1", "tid":"wave"},
{"name":"ModelSetRunClock", "ph":"B", "ts":"3005763484", "pid":"1", "tid":"wave"},
{"name":"ModelSetRunClock", "ph":"E", "ts":"3005763531", "pid":"1", "tid":"wave"},
{"name":"ModelAdvance", "ph":"B", "ts":"3005763608", "pid":"1", "tid":"wave"},
{"name":"ModelAdvance", "ph":"E", "ts":"3010556547", "pid":"1", "tid":"wave"},
{"name":"ModelSetRunClock", "ph":"B", "ts":"3013270379", "pid":"1", "tid":"wave"},
{"name":"ModelSetRunClock", "ph":"E", "ts":"3013270587", "pid":"1", "tid":"wave"},
{"name":"ModelAdvance", "ph":"B", "ts":"3013270729", "pid":"1", "tid":"wave"},
{"name":"ModelAdvance", "ph":"E", "ts":"3018061307", "pid":"1", "tid":"wave"},
{"name":"ModelSetRunClock", "ph":"B", "ts":"3021792826", "pid":"1", "tid":"wave"},
{"name":"ModelSetRunClock", "ph":"E", "ts":"3021792880", "pid":"1", "tid":"wave"},
{"name":"ModelAdvance", "ph":"B", "ts":"3021792977", "pid":"1", "tid":"wave"},
{"name":"ModelAdvance", "ph":"E", "ts":"3026506842", "pid":"1", "tid":"wave"},
{"name":"ModelSetRunClock", "ph":"B", "ts":"3030110811", "pid":"1", "tid":"wave"},
{"name":"ModelSetRunClock", "ph":"E", "ts":"3030110858", "pid":"1", "tid":"wave"},
{"name":"ModelAdvance", "ph":"B", "ts":"3030110938", "pid":"1", "tid":"wave"},
{"name":"ModelAdvance", "ph":"E", "ts":"3034894882", "pid":"1", "tid":"wave"},
{"name":"ModelSetRunClock", "ph":"B", "ts":"3038834396", "pid":"1", "tid":"wave"},
{"name":"ModelSetRunClock", "ph":"E", "ts":"3038834455", "pid":"1", "tid":"wave"},
{"name":"ModelAdvance", "ph":"B", "ts":"3038834546", "pid":"1", "tid":"wave"},
{"name":"ModelAdvance", "ph":"E", "ts":"3043576932", "pid":"1", "tid":"wave"},
{"name":"ModelSetRunClock", "ph":"B", "ts":"3046863471", "pid":"1", "tid":"wave"},
{"name":"ModelSetRunClock", "ph":"E", "ts":"3046863523", "pid":"1", "tid":"wave"},
{"name":"ModelAdvance", "ph":"B", "ts":"3046863607", "pid":"1", "tid":"wave"},
{"name":"ModelAdvance", "ph":"E", "ts":"3051606242", "pid":"1", "tid":"wave"},
{"name":"ModelSetRunClock", "ph":"B", "ts":"3086934582", "pid":"1", "tid":"wave"},
{"name":"ModelSetRunClock", "ph":"E", "ts":"3086934773", "pid":"1", "tid":"wave"},
{"name":"ModelAdvance", "ph":"B", "ts":"3086935004", "pid":"1", "tid":"wave"},
{"name":"ModelAdvance", "ph":"E", "ts":"3091699330", "pid":"1", "tid":"wave"},
{"name":"ModelSetRunClock", "ph":"B", "ts":"3094708526", "pid":"1", "tid":"wave"},
{"name":"ModelSetRunClock", "ph":"E", "ts":"3094708585", "pid":"1", "tid":"wave"},
{"name":"ModelAdvance", "ph":"B", "ts":"3094708684", "pid":"1", "tid":"wave"},
{"name":"ModelAdvance", "ph":"E", "ts":"3099478581", "pid":"1", "tid":"wave"},
{"name":"ModelSetRunClock", "ph":"B", "ts":"3102982191", "pid":"1", "tid":"wave"},
{"name":"ModelSetRunClock", "ph":"E", "ts":"3102982258", "pid":"1", "tid":"wave"},
{"name":"ModelAdvance", "ph":"B", "ts":"3102982359", "pid":"1", "tid":"wave"},
{"name":"ModelAdvance", "ph":"E", "ts":"3107704901", "pid":"1", "tid":"wave"},
{"name":"ModelSetRunClock", "ph":"B", "ts":"3110622152", "pid":"1", "tid":"wave"},
{"name":"ModelSetRunClock", "ph":"E", "ts":"3110622218", "pid":"1", "tid":"wave"},
{"name":"ModelAdvance", "ph":"B", "ts":"3110622321", "pid":"1", "tid":"wave"},
{"name":"ModelAdvance", "ph":"E", "ts":"3115298680", "pid":"1", "tid":"wave"},
{"name":"ModelSetRunClock", "ph":"B", "ts":"3118726903", "pid":"1", "tid":"wave"},
{"name":"ModelSetRunClock", "ph":"E", "ts":"3118726946", "pid":"1", "tid":"wave"},
{"name":"ModelAdvance", "ph":"B", "ts":"3118727027", "pid":"1", "tid":"wave"},
{"name":"ModelAdvance", "ph":"E", "ts":"3123385935", "pid":"1", "tid":"wave"},
{"name":"ModelSetRunClock", "ph":"B", "ts":"3126353092", "pid":"1", "tid":"wave"},
{"name":"ModelSetRunClock", "ph":"E", "ts":"3126353254", "pid":"1", "tid":"wave"},
{"name":"ModelAdvance", "ph":"B", "ts":"3126353389", "pid":"1", "tid":"wave"},
{"name":"ModelAdvance", "ph":"E", "ts":"3131030828", "pid":"1", "tid":"wave"},
{"name":"ModelSetRunClock", "ph":"B", "ts":"3134725530", "pid":"1", "tid":"wave"},
{"name":"ModelSetRunClock", "ph":"E", "ts":"3134725577", "pid":"1", "tid":"wave"},
{"name":"ModelAdvance", "ph":"B", "ts":"3134725656", "pid":"1", "tid":"wave"},
{"name":"ModelAdvance", "ph":"E", "ts":"3139417520", "pid":"1", "tid":"wave"},
{"name":"ModelSetRunClock", "ph":"B", "ts":"3142250855", "pid":"1", "tid":"wave"},
{"name":"ModelSetRunClock", "ph":"E", "ts":"3142250902", "pid":"1", "tid":"wave"},
{"name":"ModelAdvance", "ph":"B", "ts":"3142250977", "pid":"1", "tid":"wave"},
{"name":"ModelAdvance", "ph":"E", "ts":"3146927987", "pid":"1", "tid":"wave"},
{"name":"ModelSetRunClock", "ph":"B", "ts":"3150473585", "pid":"1", "tid":"wave"},
{"name":"ModelSetRunClock", "ph":"E", "ts":"3150473641", "pid":"1", "tid":"wave"},
{"name":"ModelAdvance", "ph":"B", "ts":"3150473723", "pid":"1", "tid":"wave"},
{"name":"ModelAdvance", "ph":"E", "ts":"3155171771", "pid":"1", "tid":"wave"},
{"name":"ModelSetRunClock", "ph":"B", "ts":"3158307492", "pid":"1", "tid":"wave"},
{"name":"ModelSetRunClock", "ph":"E", "ts":"3158307539", "pid":"1", "tid":"wave"},
{"name":"ModelAdvance", "ph":"B", "ts":"3158307617", "pid":"1", "tid":"wave"},
{"name":"ModelAdvance", "ph":"E", "ts":"3162978275", "pid":"1", "tid":"wave"},
{"name":"ModelSetRunClock", "ph":"B", "ts":"3166547253", "pid":"1", "tid":"wave"},
{"name":"ModelSetRunClock", "ph":"E", "ts":"3166547314", "pid":"1", "tid":"wave"},
{"name":"ModelAdvance", "ph":"B", "ts":"3166547410", "pid":"1", "tid":"wave"},
{"name":"ModelAdvance", "ph":"E", "ts":"3171182019", "pid":"1", "tid":"wave"},
{"name":"ModelSetRunClock", "ph":"B", "ts":"3174235376", "pid":"1", "tid":"wave"},
{"name":"ModelSetRunClock", "ph":"E", "ts":"3174235520", "pid":"1", "tid":"wave"},
{"name":"ModelAdvance", "ph":"B", "ts":"3174235649", "pid":"1", "tid":"wave"},
{"name":"ModelAdvance", "ph":"E", "ts":"3178822210", "pid":"1", "tid":"wave"},
{"name":"ModelSetRunClock", "ph":"B", "ts":"3182571522", "pid":"1", "tid":"wave"},
{"name":"ModelSetRunClock", "ph":"E", "ts":"3182571579", "pid":"1", "tid":"wave"},
{"name":"ModelAdvance", "ph":"B", "ts":"3182571668", "pid":"1", "tid":"wave"},
{"name":"ModelAdvance", "ph":"E", "ts":"3187108341", "pid":"1", "tid":"wave"},
{"name":"ModelSetRunClock", "ph":"B", "ts":"3190136971", "pid":"1", "tid":"wave"},
{"name":"ModelSetRunClock", "ph":"E", "ts":"3190137022", "pid":"1", "tid":"wave"},
{"name":"ModelAdvance", "ph":"B", "ts":"3190137105", "pid":"1", "tid":"wave"},
{"name":"ModelAdvance", "ph":"E", "ts":"3194609739", "pid":"1", "tid":"wave"},
{"name":"ModelSetRunClock", "ph":"B", "ts":"3198194549", "pid":"1", "tid":"wave"},
{"name":"ModelSetRunClock", "ph":"E", "ts":"3198194601", "pid":"1", "tid":"wave"},
{"name":"ModelAdvance", "ph":"B", "ts":"3198194685", "pid":"1", "tid":"wave"},
{"name":"ModelAdvance", "ph":"E", "ts":"3202690310", "pid":"1", "tid":"wave"},
{"name":"ModelSetRunClock", "ph":"B", "ts":"3205614540", "pid":"1", "tid":"wave"},
{"name":"ModelSetRunClock", "ph":"E", "ts":"3205614601", "pid":"1", "tid":"wave"},
{"name":"ModelAdvance", "ph":"B", "ts":"3205614685", "pid":"1", "tid":"wave"},
{"name":"ModelAdvance", "ph":"E", "ts":"3210038414", "pid":"1", "tid":"wave"},
{"name":"ModelSetRunClock", "ph":"B", "ts":"3213614920", "pid":"1", "tid":"wave"},
{"name":"ModelSetRunClock", "ph":"E", "ts":"3213614980", "pid":"1", "tid":"wave"},
{"name":"ModelAdvance", "ph":"B", "ts":"3213615073", "pid":"1", "tid":"wave"},
{"name":"ModelAdvance", "ph":"E", "ts":"3218041504", "pid":"1", "tid":"wave"},
{"name":"ModelSetRunClock", "ph":"B", "ts":"3221117597", "pid":"1", "tid":"wave"},
{"name":"ModelSetRunClock", "ph":"E", "ts":"3221117650", "pid":"1", "tid":"wave"},
{"name":"ModelAdvance", "ph":"B", "ts":"3221117732", "pid":"1", "tid":"wave"},
{"name":"ModelAdvance", "ph":"E", "ts":"3225515369", "pid":"1", "tid":"wave"},
{"name":"ModelSetRunClock", "ph":"B", "ts":"3229193380", "pid":"1", "tid":"wave"},
{"name":"ModelSetRunClock", "ph":"E", "ts":"3229193449", "pid":"1", "tid":"wave"},
{"name":"ModelAdvance", "ph":"B", "ts":"3229193549", "pid":"1", "tid":"wave"},
{"name":"ModelAdvance", "ph":"E", "ts":"3233595080", "pid":"1", "tid":"wave"},
{"name":"ModelSetRunClock", "ph":"B", "ts":"3236658355", "pid":"1", "tid":"wave"},
{"name":"ModelSetRunClock", "ph":"E", "ts":"3236658412", "pid":"1", "tid":"wave"},
{"name":"ModelAdvance", "ph":"B", "ts":"3236658507", "pid":"1", "tid":"wave"},
{"name":"ModelAdvance", "ph":"E", "ts":"3241059857", "pid":"1", "tid":"wave"},
{"name":"ModelSetRunClock", "ph":"B", "ts":"3244747335", "pid":"1", "tid":"wave"},
{"name":"ModelSetRunClock", "ph":"E", "ts":"3244747394", "pid":"1", "tid":"wave"},
{"name":"ModelAdvance", "ph":"B", "ts":"3244747485", "pid":"1", "tid":"wave"},
{"name":"ModelAdvance", "ph":"E", "ts":"3249214147", "pid":"1", "tid":"wave"},
{"name":"ModelSetRunClock", "ph":"B", "ts":"3252121813", "pid":"1", "tid":"wave"},
{"name":"ModelSetRunClock", "ph":"E", "ts":"3252121857", "pid":"1", "tid":"wave"},
{"name":"ModelAdvance", "ph":"B", "ts":"3252121937", "pid":"1", "tid":"wave"},
{"name":"ModelAdvance", "ph":"E", "ts":"3256671370", "pid":"1", "tid":"wave"},
{"name":"ModelSetRunClock", "ph":"B", "ts":"3260210803", "pid":"1", "tid":"wave"},
{"name":"ModelSetRunClock", "ph":"E", "ts":"3260210857", "pid":"1", "tid":"wave"},
{"name":"ModelAdvance", "ph":"B", "ts":"3260210934", "pid":"1", "tid":"wave"},
{"name":"ModelAdvance", "ph":"E", "ts":"3264804265", "pid":"1", "tid":"wave"},
{"name":"ModelSetRunClock", "ph":"B", "ts":"3267654496", "pid":"1", "tid":"wave"},
{"name":"ModelSetRunClock", "ph":"E", "ts":"3267654541", "pid":"1", "tid":"wave"},
{"name":"ModelAdvance", "ph":"B", "ts":"3267654619", "pid":"1", "tid":"wave"},
{"name":"ModelAdvance", "ph":"E", "ts":"3272273252", "pid":"1", "tid":"wave"},
{"name":"ModelSetRunClock", "ph":"B", "ts":"3275751119", "pid":"1", "tid":"wave"},
{"name":"ModelSetRunClock", "ph":"E", "ts":"3275751262", "pid":"1", "tid":"wave"},
{"name":"ModelAdvance", "ph":"B", "ts":"3275751347", "pid":"1", "tid":"wave"},
{"name":"ModelAdvance", "ph":"E", "ts":"3280392246", "pid":"1", "tid":"wave"},
{"name":"ModelSetRunClock", "ph":"B", "ts":"3283155967", "pid":"1", "tid":"wave"},
{"name":"ModelSetRunClock", "ph":"E", "ts":"3283156020", "pid":"1", "tid":"wave"},
{"name":"ModelAdvance", "ph":"B", "ts":"3283156110", "pid":"1", "tid":"wave"},
{"name":"ModelAdvance", "ph":"E", "ts":"3287777338", "pid":"1", "tid":"wave"},
{"name":"ModelSetRunClock", "ph":"B", "ts":"3291280761", "pid":"1", "tid":"wave"},
{"name":"ModelSetRunClock", "ph":"E", "ts":"3291280813", "pid":"1", "tid":"wave"},
{"name":"ModelAdvance", "ph":"B", "ts":"3291280899", "pid":"1", "tid":"wave"},
{"name":"ModelAdvance", "ph":"E", "ts":"3295880855", "pid":"1", "tid":"wave"},
{"name":"ModelSetRunClock", "ph":"B", "ts":"3298617210", "pid":"1", "tid":"wave"},
{"name":"ModelSetRunClock", "ph":"E", "ts":"3298617266", "pid":"1", "tid":"wave"},
{"name":"ModelAdvance", "ph":"B", "ts":"3298617347", "pid":"1", "tid":"wave"},
{"name":"ModelAdvance", "ph":"E", "ts":"3303254584", "pid":"1", "tid":"wave"},
{"name":"ModelSetRunClock", "ph":"B", "ts":"3306663059", "pid":"1", "tid":"wave"},
{"name":"ModelSetRunClock", "ph":"E", "ts":"3306663233", "pid":"1", "tid":"wave"},
{"name":"ModelAdvance", "ph":"B", "ts":"3306663418", "pid":"1", "tid":"wave"},
{"name":"ModelAdvance", "ph":"E", "ts":"3311273486", "pid":"1", "tid":"wave"},
{"name":"ModelSetRunClock", "ph":"B", "ts":"3314005285", "pid":"1", "tid":"wave"},
{"name":"ModelSetRunClock", "ph":"E", "ts":"3314005346", "pid":"1", "tid":"wave"},
{"name":"ModelAdvance", "ph":"B", "ts":"3314005427", "pid":"1", "tid":"wave"},
{"name":"ModelAdvance", "ph":"E", "ts":"3318573636", "pid":"1", "tid":"wave"},
{"name":"ModelSetRunClock", "ph":"B", "ts":"3322029597", "pid":"1", "tid":"wave"},
{"name":"ModelSetRunClock", "ph":"E", "ts":"3322029653", "pid":"1", "tid":"wave"},
{"name":"ModelAdvance", "ph":"B", "ts":"3322029958", "pid":"1", "tid":"wave"},
{"name":"ModelAdvance", "ph":"E", "ts":"3326520248", "pid":"1", "tid":"wave"},
{"name":"ModelSetRunClock", "ph":"B", "ts":"3329481389", "pid":"1", "tid":"wave"},
{"name":"ModelSetRunClock", "ph":"E", "ts":"3329481446", "pid":"1", "tid":"wave"},
{"name":"ModelAdvance", "ph":"B", "ts":"3329481528", "pid":"1", "tid":"wave"},
{"name":"ModelAdvance", "ph":"E", "ts":"3334002110", "pid":"1", "tid":"wave"},
{"name":"ModelSetRunClock", "ph":"B", "ts":"3337551214", "pid":"1", "tid":"wave"},
{"name":"ModelSetRunClock", "ph":"E", "ts":"3337551374", "pid":"1", "tid":"wave"},
{"name":"ModelAdvance", "ph":"B", "ts":"3337551477", "pid":"1", "tid":"wave"},
{"name":"ModelAdvance", "ph":"E", "ts":"3342073722", "pid":"1", "tid":"wave"},
{"name":"ModelSetRunClock", "ph":"B", "ts":"3345093145", "pid":"1", "tid":"wave"},
{"name":"ModelSetRunClock", "ph":"E", "ts":"3345093192", "pid":"1", "tid":"wave"},
{"name":"ModelAdvance", "ph":"B", "ts":"3345093274", "pid":"1", "tid":"wave"},
{"name":"ModelAdvance", "ph":"E", "ts":"3349549235", "pid":"1", "tid":"wave"},
{"name":"ModelSetRunClock", "ph":"B", "ts":"3353300282", "pid":"1", "tid":"wave"},
{"name":"ModelSetRunClock", "ph":"E", "ts":"3353300329", "pid":"1", "tid":"wave"},
{"name":"ModelAdvance", "ph":"B", "ts":"3353300408", "pid":"1", "tid":"wave"},
{"name":"ModelAdvance", "ph":"E", "ts":"3357924319", "pid":"1", "tid":"wave"},
{"name":"ModelSetRunClock", "ph":"B", "ts":"3360924734", "pid":"1", "tid":"wave"},
{"name":"ModelSetRunClock", "ph":"E", "ts":"3360924793", "pid":"1", "tid":"wave"},
{"name":"ModelAdvance", "ph":"B", "ts":"3360924884", "pid":"1", "tid":"wave"},
{"name":"ModelAdvance", "ph":"E", "ts":"3365640836", "pid":"1", "tid":"wave"},
{"name":"ModelSetRunClock", "ph":"B", "ts":"3368963764", "pid":"1", "tid":"wave"},
{"name":"ModelSetRunClock", "ph":"E", "ts":"3368963911", "pid":"1", "tid":"wave"},
{"name":"ModelAdvance", "ph":"B", "ts":"3368964074", "pid":"1", "tid":"wave"},
{"name":"ModelAdvance", "ph":"E", "ts":"3373810038", "pid":"1", "tid":"wave"},
{"name":"ModelSetRunClock", "ph":"B", "ts":"3376359028", "pid":"1", "tid":"wave"},
{"name":"ModelSetRunClock", "ph":"E", "ts":"3376359097", "pid":"1", "tid":"wave"},
{"name":"ModelAdvance", "ph":"B", "ts":"3376359204", "pid":"1", "tid":"wave"},
{"name":"ModelAdvance", "ph":"E", "ts":"3381310405", "pid":"1", "tid":"wave"},
{"name":"ModelSetRunClock", "ph":"B", "ts":"3384428752", "pid":"1", "tid":"wave"},
{"name":"ModelSetRunClock", "ph":"E", "ts":"3384428805", "pid":"1", "tid":"wave"},
{"name":"ModelAdvance", "ph":"B", "ts":"3384428885", "pid":"1", "tid":"wave"},
{"name":"ModelAdvance", "ph":"E", "ts":"3389529155", "pid":"1", "tid":"wave"},
{"name":"ModelSetRunClock", "ph":"B", "ts":"3391861341", "pid":"1", "tid":"wave"},
{"name":"ModelSetRunClock", "ph":"E", "ts":"3391861390", "pid":"1", "tid":"wave"},
{"name":"ModelAdvance", "ph":"B", "ts":"3391861472", "pid":"1", "tid":"wave"},
{"name":"ModelAdvance", "ph":"E", "ts":"3397097011", "pid":"1", "tid":"wave"},
{"name":"ModelSetRunClock", "ph":"B", "ts":"3399966792", "pid":"1", "tid":"wave"},
{"name":"ModelSetRunClock", "ph":"E", "ts":"3399966944", "pid":"1", "tid":"wave"},
{"name":"ModelAdvance", "ph":"B", "ts":"3399967066", "pid":"1", "tid":"wave"},
{"name":"ModelAdvance", "ph":"E", "ts":"3405201538", "pid":"1", "tid":"wave"},
{"name":"ModelSetRunClock", "ph":"B", "ts":"3407410810", "pid":"1", "tid":"wave"},
{"name":"ModelSetRunClock", "ph":"E", "ts":"3407410875", "pid":"1", "tid":"wave"},
{"name":"ModelAdvance", "ph":"B", "ts":"3407410975", "pid":"1", "tid":"wave"},
{"name":"ModelAdvance", "ph":"E", "ts":"3412619775", "pid":"1", "tid":"wave"},
{"name":"ModelSetRunClock", "ph":"B", "ts":"3415513869", "pid":"1", "tid":"wave"},
{"name":"ModelSetRunClock", "ph":"E", "ts":"3415513921", "pid":"1", "tid":"wave"},
{"name":"ModelAdvance", "ph":"B", "ts":"3415513998", "pid":"1", "tid":"wave"},
{"name":"ModelAdvance", "ph":"E", "ts":"3420673220", "pid":"1", "tid":"wave"},
{"name":"ModelSetRunClock", "ph":"B", "ts":"3422888204", "pid":"1", "tid":"wave"},
{"name":"ModelSetRunClock", "ph":"E", "ts":"3422888262", "pid":"1", "tid":"wave"},
{"name":"ModelAdvance", "ph":"B", "ts":"3422888364", "pid":"1", "tid":"wave"},
{"name":"ModelAdvance", "ph":"E", "ts":"3427772088", "pid":"1", "tid":"wave"},
{"name":"ModelSetRunClock", "ph":"B", "ts":"3430967373", "pid":"1", "tid":"wave"},
{"name":"ModelSetRunClock", "ph":"E", "ts":"3430967518", "pid":"1", "tid":"wave"},
{"name":"ModelAdvance", "ph":"B", "ts":"3430967665", "pid":"1", "tid":"wave"},
{"name":"ModelAdvance", "ph":"E", "ts":"3435892835", "pid":"1", "tid":"wave"},
{"name":"ModelSetRunClock", "ph":"B", "ts":"3438403539", "pid":"1", "tid":"wave"},
{"name":"ModelSetRunClock", "ph":"E", "ts":"3438403606", "pid":"1", "tid":"wave"},
{"name":"ModelAdvance", "ph":"B", "ts":"3438403702", "pid":"1", "tid":"wave"},
{"name":"ModelAdvance", "ph":"E", "ts":"3443457765", "pid":"1", "tid":"wave"},
{"name":"ModelSetRunClock", "ph":"B", "ts":"3446512515", "pid":"1", "tid":"wave"},
{"name":"ModelSetRunClock", "ph":"E", "ts":"3446512560", "pid":"1", "tid":"wave"},
{"name":"ModelAdvance", "ph":"B", "ts":"3446512635", "pid":"1", "tid":"wave"},
{"name":"ModelAdvance", "ph":"E", "ts":"3451655629", "pid":"1", "tid":"wave"},
{"name":"ModelFinalize", "ph":"B", "ts":"3451661287", "pid":"1", "tid":"wave"},
{"name":"ModelFinalize", "ph":"E", "ts":"3451661304", "pid":"1", "tid":"wave"},
