++ date +%s
+ echo -n ' 1750258023,'
+ set +x
Running "module reset". Resetting modules to system default. The following $MODULEPATH directories have been removed: None
Lmod Warning: Adding "--prepend" to $MODULEPATH. Did you mean: "module
--prepend use"? 



Lmod is automatically replacing "intel/2025.0" with "intel-classic/2023.2.0".


The following have been reloaded with a version change:
  1) PrgEnv-intel/8.6.0 => PrgEnv-intel/8.5.0
  2) cray-mpich/8.1.32 => cray-mpich/8.1.29
  3) craype/2.7.34 => craype/2.7.30


Currently Loaded Modules:
  1) craype-x86-genoa                               30) pkg-config/0.29.2
  2) perftools-base/25.03.0                         31) hdf5/1.14.0
  3) xpmem/2.9.6-1.1_20240510205610__g087dc11fc19d  32) snappy/1.1.10
  4) cray-pmi/6.1.15                                33) zstd/1.5.2
  5) CmrsEnv/default                                34) c-blosc/1.21.5
  6) TimeZoneEDT/default                            35) netcdf-c/4.9.2
  7) DefApps/default                                36) netcdf-fortran/4.6.1
  8) cray-dsmml/0.3.1                               37) parallel-netcdf/1.12.2
  9) PrgEnv-intel/8.5.0                             38) parallelio/2.5.10
 10) intel-classic/2023.2.0                         39) esmf/8.6.0
 11) craype/2.7.30                                  40) fms/2024.01.02
 12) stack-intel/2023.2.0                           41) bacio/2.4.1
 13) libfabric/1.20.1                               42) crtm-fix/2.4.0.1_emc
 14) craype-network-ofi                             43) git-lfs/2.11.0
 15) cray-mpich/8.1.29                              44) crtm/2.4.0.1
 16) stack-cray-mpich/8.1.29                        45) g2/3.5.1
 17) gettext/0.20.2                                 46) g2tmpl/1.13.0
 18) libxcrypt/4.4.35                               47) ip/4.3.0
 19) sqlite/3.43.2                                  48) sp/2.5.0
 20) util-linux-uuid/2.38.1                         49) w3emc/2.10.0
 21) python/3.10.13                                 50) gftl/1.10.0
 22) stack-python/3.10.13                           51) gftl-shared/1.6.1
 23) nghttp2/1.57.0                                 52) fargparse/1.5.0
 24) curl/8.4.0                                     53) mapl/2.40.3-esmf-8.6.0
 25) cmake/3.23.1                                   54) scotch/7.0.4
 26) libjpeg/2.1.0                                  55) ufs_common
 27) jasper/2.0.32                                  56) nccmp/1.9.0.1
 28) zlib/1.2.13                                    57) modules.fv3
 29) libpng/1.6.37

 

++ date
+ echo 'Model started:  ' Wed 18 Jun 2025 10:47:06 AM EDT
+ export OMP_NUM_THREADS=1
+ OMP_NUM_THREADS=1
+ export OMP_STACKSIZE=1024M
+ OMP_STACKSIZE=1024M
+ export NC_BLKSZ=1M
+ NC_BLKSZ=1M
+ export ESMF_RUNTIME_PROFILE=ON
+ ESMF_RUNTIME_PROFILE=ON
+ export ESMF_RUNTIME_PROFILE_OUTPUT=SUMMARY
+ ESMF_RUNTIME_PROFILE_OUTPUT=SUMMARY
+ export FI_VERBS_PREFER_XRC=0
+ FI_VERBS_PREFER_XRC=0
+ export FI_CXI_RX_MATCH_MODE=hybrid
+ FI_CXI_RX_MATCH_MODE=hybrid
+ export COMEX_EAGER_THRESHOLD=65536
+ COMEX_EAGER_THRESHOLD=65536
+ export FI_CXI_RDZV_THRESHOLD=65536
+ FI_CXI_RDZV_THRESHOLD=65536
+ export MPICH_ENV_DISPLAY=1
+ MPICH_ENV_DISPLAY=1
+ export MPICH_OFI_NIC_VERBOSE=1
+ MPICH_OFI_NIC_VERBOSE=1
+ sync
+ sleep 1
+ '[' NO = WHEN_RUNNING ']'
+ srun --label -n 1152 ./fv3.exe
   0: PE 0: MPICH processor detected:
   0: PE 0:   AMD Genoa (25:17:1) (family:model:stepping)
   0: PE 0: MPICH environment settings =====================================
   0: PE 0:   MPICH_ENV_DISPLAY                              = 1
   0: PE 0:   MPICH_VERSION_DISPLAY                          = 0
   0: PE 0:   MPICH_ABORT_ON_ERROR                           = 0
   0: PE 0:   MPICH_CPUMASK_DISPLAY                          = 0
   0: PE 0:   MPICH_STATS_DISPLAY                            = 0
   0: PE 0:   MPICH_RANK_REORDER_METHOD                      = 1
   0: PE 0:   MPICH_RANK_REORDER_DISPLAY                     = 0
   0: PE 0:   MPICH_MEMCPY_MEM_CHECK                         = 0
   0: PE 0:   MPICH_USE_SYSTEM_MEMCPY                        = 1
   0: PE 0:   MPICH_OPTIMIZED_MEMCPY                         = 0
   0: PE 0:   MPICH_ALLOC_MEM_PG_SZ                          = 4096
   0: PE 0:   MPICH_ALLOC_MEM_POLICY                         = PREFERRED
   0: PE 0:   MPICH_ALLOC_MEM_AFFINITY                       = SYS_DEFAULT
   0: PE 0:   MPICH_MALLOC_FALLBACK                          = 0
   0: PE 0:   MPICH_MEM_DEBUG_FNAME                          = 
   0: PE 0:   MPICH_INTERNAL_MEM_AFFINITY                    = SYS_DEFAULT
   0: PE 0:   MPICH_NO_BUFFER_ALIAS_CHECK                    = 0
   0: PE 0:   MPICH_COLL_SYNC                                = 0
   0: PE 0:   MPICH_SINGLE_HOST_ENABLED                        = 1
   0: PE 0:   MPICH_USE_PERSISTENT_TOPS                      = 0
   0: PE 0:   MPICH_DISABLE_PERSISTENT_RECV_TOPS             = 0
   0: PE 0:   MPICH_MAX_TOPS_COUNTERS                        = 0
   0: PE 0:   MPICH_ENABLE_ACTIVE_WAIT                       = 0
   0: PE 0: MPICH/RMA environment settings =================================
   0: PE 0:   MPICH_RMA_MAX_PENDING                          = 128
   0: PE 0:   MPICH_RMA_SHM_ACCUMULATE                       = 0
   0: PE 0: MPICH/Dynamic Process Management environment settings ==========
   0: PE 0:   MPICH_DPM_DIR                                  = 
   0: PE 0:   MPICH_LOCAL_SPAWN_SERVER                       = 0
   0: PE 0:   MPICH_SPAWN_USE_RANKPOOL                       = 0
   0: PE 0: MPICH/SMP environment settings =================================
   0: PE 0:   MPICH_SMP_SINGLE_COPY_MODE                     = XPMEM
   0: PE 0:   MPICH_SMP_SINGLE_COPY_SIZE                     = 8192
   0: PE 0:   MPICH_SHM_PROGRESS_MAX_BATCH_SIZE              = 8
   0: PE 0: MPICH_OFI_NIC_POLICY = BLOCK
   0: PE 0: ======================== Display NIC Addrs  ========================
   0: PE 0: Hostname: c6n1552
   0: PE 0:   MPICH_OFI_NIC_POLICY: BLOCK
   0: PE 0:   Number of NICs: 1
   0: PE 0:     nic_index 0: domain_name=cxi0, numa_domain=2, addr=0x3861
   0: PE 0:   Number of NUMA domains: 8
   0: PE 0:     numa_domain 0: cpu_list=[0-23,192-215]
   0: PE 0:     numa_domain 1: cpu_list=[24-47,216-239]
   0: PE 0:     numa_domain 2: cpu_list=[48-71,240-263]
   0: PE 0:     numa_domain 3: cpu_list=[72-95,264-287]
   0: PE 0:     numa_domain 4: cpu_list=[96-119,288-311]
   0: PE 0:     numa_domain 5: cpu_list=[120-143,312-335]
   0: PE 0:     numa_domain 6: cpu_list=[144-167,336-359]
   0: PE 0:     numa_domain 7: cpu_list=[168-191,360-383]
   0: PE 0: ====================================================================
   0: PE 0: MPICH/OFI environment settings =================================
   0: PE 0:   MPICH_OFI_USE_PROVIDER                         = cxi
   0: PE 0:   MPICH_OFI_VERBOSE                              = 0
   0: PE 0:   MPICH_OFI_NIC_VERBOSE                          = 1
   0: PE 0:   FI_CXI_RDZV_THRESHOLD                          = 65536
   0: PE 0:   FI_CXI_RDZV_EAGER_SIZE                         = 2048
   0: PE 0:   FI_CXI_DEFAULT_CQ_SIZE                         = 131072
   0: PE 0:   FI_CXI_DEFAULT_TX_SIZE                         = 1024
   0: PE 0:   FI_CXI_OFLOW_BUF_SIZE                          = 12582912
   0: PE 0:   FI_CXI_OFLOW_BUF_COUNT                         = 3
   0: PE 0:   FI_CXI_RX_MATCH_MODE                           = hybrid
   0: PE 0:   FI_CXI_REQ_BUF_MIN_POSTED                      = 6
   0: PE 0:   FI_CXI_REQ_BUF_SIZE                            = 12582912
   0: PE 0:   FI_CXI_REQ_BUF_MAX_CACHED                      = 0
   0: PE 0:   FI_MR_CACHE_MAX_SIZE                           = -1
   0: PE 0:   FI_MR_CACHE_MAX_COUNT                          = 524288
   0: PE 0:   MPICH_OFI_HWCOLL_OPT                           = 0
   0: PE 0:   MPICH_OFI_HWCOLL_MIN_NODES                     = 32
   0: PE 0:   MPICH_OFI_HWCOLL_POLICY                        = FIRST_USE
   0: PE 0:   MPICH_OFI_HWCOLL_CONCURRENCY                   = 1
   0: PE 0:   MPICH_OFI_HWCOLL_STATS                         = 0
   0: PE 0:   MPICH_OFI_HWCOLL_VERBOSE                       = 0
   0: PE 0:   MPICH_OFI_DEFAULT_TCLASS                       = TC_BEST_EFFORT
   0: PE 0:   MPICH_OFI_TCLASS_ERRORS                        = warn
   0: PE 0:   MPICH_OFI_CXI_PID_BASE                         = 0
   0: PE 0:   MPICH_OFI_USE_SCALABLE_STARTUP                 = 1
   0: PE 0:   MPICH_OFI_CXI_COUNTER_REPORT                   = 1
   0: PE 0:   MPICH_OFI_CXI_COUNTER_VERBOSE                  = 0
   0: PE 0:   MPICH_OFI_CXI_COUNTER_FILE                     = NULL
   0: PE 0:   MPICH_OFI_CXI_COUNTER_REPORT_FILE              = NULL
   0: PE 0:   MPICH_OFI_NIC_POLICY                           = BLOCK
   0: PE 0:   MPICH_OFI_NIC_MAPPING                          = NULL
   0: PE 0:   MPICH_OFI_NUM_NICS                             = NULL
   0: PE 0:   MPICH_CH4_OFI_ENABLE_CONTROL_AUTO_PROGRESS     = -1
   0: PE 0:   MPICH_CH4_OFI_ENABLE_DATA_AUTO_PROGRESS        = -1
   0: PE 0:   MPICH_OFI_RMA_STARTUP_CONNECT                  = 0
   0: PE 0:   MPICH_OFI_SKIP_NIC_SYMMETRY_TEST               = 0
   0: PE 0:   MPICH_OFI_STARTUP_CONNECT                      = 0
   0: PE 0: MPICH/COLLECTIVE environment settings ==========================
   0: PE 0:   MPICH_COLL_OPT_OFF                             = 0
   0: PE 0:   MPICH_BCAST_ONLY_TREE                          = 1
   0: PE 0:   MPICH_BCAST_INTERNODE_RADIX                    = 4
   0: PE 0:   MPICH_BCAST_INTRANODE_RADIX                    = 4
   0: PE 0:   MPICH_ALLTOALL_SHORT_MSG                       = 64-512
   0: PE 0:   MPICH_ALLTOALL_SYNC_FREQ                       = 1-24
   0: PE 0:   MPICH_ALLTOALL_BLK_SIZE                        = 16384
   0: PE 0:   MPICH_ALLTOALL_CHUNKING_MAX_NODES              = 90
   0: PE 0:   MPICH_ALLTOALLV_THROTTLE                       = 8
   0: PE 0:   MPICH_ALLGATHER_VSHORT_MSG                     = 8192-16384
   0: PE 0:   MPICH_ALLGATHERV_VSHORT_MSG                    = 8192-16384
   0: PE 0:   MPICH_GATHERV_SHORT_MSG                        = 131072
   0: PE 0:   MPICH_GATHERV_MIN_COMM_SIZE                    = 64
   0: PE 0:   MPICH_GATHERV_MAX_TMP_SIZE                     = 536870912
   0: PE 0:   MPICH_GATHERV_SYNC_FREQ                        = 16
   0: PE 0:   MPICH_IGATHERV_MIN_COMM_SIZE                   = 1000
   0: PE 0:   MPICH_IGATHERV_SYNC_FREQ                       = 100
   0: PE 0:   MPICH_IGATHERV_RAND_COMMSIZE                   = 2048
   0: PE 0:   MPICH_IGATHERV_RAND_RECVLIST                   = 0
   0: PE 0:   MPICH_SCATTERV_SHORT_MSG                       = 2048-8192
   0: PE 0:   MPICH_SCATTERV_MIN_COMM_SIZE                   = 64
   0: PE 0:   MPICH_SCATTERV_MAX_TMP_SIZE                    = 536870912
   0: PE 0:   MPICH_SCATTERV_SYNC_FREQ                       = 16
   0: PE 0:   MPICH_SCATTERV_SYNCHRONOUS                     = 0
   0: PE 0:   MPICH_ALLREDUCE_MAX_SMP_SIZE                   = 262144
   0: PE 0:   MPICH_ALLREDUCE_BLK_SIZE                       = 716800
   0: PE 0:   MPICH_GPU_ALLGATHER_VSHORT_MSG_ALGORITHM       = 1
   0: PE 0:   MPICH_GPU_ALLREDUCE_USE_KERNEL                 = 0
   0: PE 0:   MPICH_GPU_COLL_STAGING_BUF_SIZE                = 1048576
   0: PE 0:   MPICH_GPU_ALLREDUCE_STAGING_THRESHOLD          = 256
   0: PE 0:   MPICH_ALLREDUCE_NO_SMP                         = 0
   0: PE 0:   MPICH_REDUCE_NO_SMP                            = 0
   0: PE 0:   MPICH_REDUCE_SCATTER_COMMUTATIVE_LONG_MSG_SIZE = 524288
   0: PE 0:   MPICH_REDUCE_SCATTER_MAX_COMMSIZE              = 1000
   0: PE 0:   MPICH_SHARED_MEM_COLL_OPT                      = 1
   0: PE 0:   MPICH_SHARED_MEM_COLL_NCELLS                   = 8
   0: PE 0:   MPICH_SHARED_MEM_COLL_CELLSZ                   = 256
   0: PE 0: MPICH MPIIO environment settings ===============================
   0: PE 0:   MPICH_MPIIO_HINTS_DISPLAY                      = 0
   0: PE 0:   MPICH_MPIIO_HINTS                              = NULL
   0: PE 0:   MPICH_MPIIO_ABORT_ON_RW_ERROR                  = disable
   0: PE 0:   MPICH_MPIIO_CB_ALIGN                           = 2
   0: PE 0:   MPICH_MPIIO_DVS_MAXNODES                       = -1
   0: PE 0:   MPICH_MPIIO_AGGREGATOR_PLACEMENT_DISPLAY       = 0
   0: PE 0:   MPICH_MPIIO_AGGREGATOR_PLACEMENT_STRIDE        = -1
   0: PE 0:   MPICH_MPIIO_MAX_NUM_IRECV                      = 50
   0: PE 0:   MPICH_MPIIO_MAX_NUM_ISEND                      = 50
   0: PE 0:   MPICH_MPIIO_MAX_SIZE_ISEND                     = 10485760
   0: PE 0:   MPICH_MPIIO_OFI_STARTUP_CONNECT                = disable
   0: PE 0:   MPICH_MPIIO_OFI_STARTUP_NODES_AGGREGATOR        = 2
   0: PE 0: MPICH MPIIO statistics environment settings ====================
   0: PE 0:   MPICH_MPIIO_STATS                              = 0
   0: PE 0:   MPICH_MPIIO_TIMERS                             = 0
   0: PE 0:   MPICH_MPIIO_WRITE_EXIT_BARRIER                 = 1
   0: PE 0: MPICH Thread Safety settings ===================================
   0: PE 0:   MPICH_ASYNC_PROGRESS                           = 0
   0: PE 0:   MPICH_OPT_THREAD_SYNC                          = 1
   0: PE 0:   rank 0 required = multiple, was provided = multiple
