********
IMPORTANT: Large deviations between Connector times on different PETs
are typically indicators of load imbalance in the system. The following
Connectors in this profile may indicate a load imbalance:
	 - [MED-TO-WAV] RunPhase1
	 - [MED-TO-ATM] RunPhase1
	 - [MED-TO-OCN] RunPhase1
	 - [MED-TO-ICE] RunPhase1
********

Region                                                                  PETs   PEs    Count    Mean (s)    Min (s)     Min PET Max (s)     Max PET
  [ESMF]                                                                53760  53760  1        1108.4172   331.1012    53734   1110.3953   35699  
    [UFS Driver Grid Comp] RunPhase1                                    53760  53760  1        776.4818    0.4649      53734   778.5773    50     
      [ATM] RunPhase1                                                   49152  49152  1080     750.0373    674.2105    48      777.4257    8730   
        [ufsatm_fcst] RunPhase1                                         12288  49152  1080     457.0605    412.1631    15124   538.0684    38992  
        [ufsatm_fcst] phase1                                            12288  49152  1080     217.2618    136.1144    38992   261.9774    15124  
      [WAV] RunPhase1                                                   4000   4000   90       456.7741    420.9075    51122   544.2552    50226  
      [MED-TO-WAV] RunPhase1                                            5200   5200   90       245.4556    0.0098      419     354.5457    51122  
      [MED-TO-ATM] RunPhase1                                            49152  49152  1080     21.9805     0.1656      8725    99.4198     42480  
      [ATM-TO-MED] RunPhase1                                            49152  49152  1080     3.6017      0.2362      18705   17.5483     28     
      [ICE] RunPhase1                                                   240    240    1080     557.3521    505.3902    49512   616.2054    49598  
      [OCN] RunPhase1                                                   240    240    90       470.0921    469.9261    49214   470.6571    49391  
      [MED-TO-OCN] RunPhase1                                            1440   1440   90       50.9386     0.0120      417     305.6993    49214  
      [MED-TO-ICE] RunPhase1                                            1440   1440   1080     36.8108     0.1573      257     271.2018    49512  
      [MED] med_phases_post_atm                                         300    1200   1080     36.7468     34.8960     160     42.1109     788    
        MED:(med_phases_post_atm)                                       300    1200   1080     36.5051     34.6756     160     41.8957     788    
          MED:(med_phases_post_atm) map_atm2ocn                         300    1200   1080     21.6731     18.9347     148     27.0227     788    
            MED: (med_map_mod:med_map_field_packed)                     300    1200   1080     21.6692     18.9318     148     27.0193     788    
              MED: (med_map_mod:med_map_field_packed) map               300    1200   3240     14.2174     11.4073     180     19.4492     396    
              MED: (med_map_mod:med_map_field_packed) copy from src     300    1200   3240     1.1508      1.0412      552     1.3175      600    
              MED: (med_map_mod:med_map_field_packed) copy to dest      300    1200   3240     0.1620      0.1305      108     0.2345      592    
          MED:(med_phases_post_atm) map_atm2ice                         300    1200   1080     12.9461     11.2447     668     14.4740     1116   
            MED: (med_map_mod:med_map_field_packed)                     300    1200   1080     12.9428     11.2418     668     14.4709     1116   
              MED: (med_map_mod:med_map_field_packed) map               300    1200   2160     6.2742      3.3390      20      7.8043      964    
              MED: (med_map_mod:med_map_field_packed) copy from src     300    1200   2160     0.7351      0.5537      388     0.9017      0      
              MED: (med_map_mod:med_map_field_packed) copy to dest      300    1200   2160     0.0833      0.0656      468     0.1256      1008   
          MED:(med_phases_post_atm) map_atm2wav                         300    1200   1080     1.8501      1.2799      256     2.4649      1196   
            MED: (med_map_mod:med_map_field_packed)                     300    1200   1080     1.8476      1.2775      256     2.4627      1196   
              MED: (med_map_mod:med_map_field_packed) map               300    1200   1080     1.5764      1.0280      256     2.2566      1196   
              MED: (med_map_mod:med_map_field_packed) copy from src     300    1200   1080     0.1364      0.0977      1196    0.1921      824    
              MED: (med_map_mod:med_map_field_packed) copy to dest      300    1200   1080     0.0216      0.0182      172     0.0362      40     
          MED:(med_phases_history_write_inst_comp)                      300    1200   1080     0.0019      0.0011      1152    0.0036      864    
          MED:(med_phases_history_write_comp_aux)                       300    1200   1080     0.0017      0.0010      528     0.0035      748    
          MED:(med_phases_history_write_comp_avg)                       300    1200   1080     0.0009      0.0007      284     0.0019      720    
      [ICE-TO-MED] RunPhase1                                            1440   1440   1080     2.8249      0.2541      1047    15.9982     332    
      [MED] med_phases_prep_atm                                         300    1200   1080     8.9026      7.3556      392     9.6395      500    
        MED:(med_phases_prep_atm)                                       300    1200   1080     8.7398      7.1960      392     9.4767      500    
          MED: (med_map_mod:med_map_field_packed)                       300    1200   2160     7.5960      6.1366      388     8.4148      500    
            MED: (med_map_mod:med_map_field_packed) map                 300    1200   2160     5.9947      4.5496      388     6.6142      500    
            MED: (med_map_mod:med_map_field_packed) copy to dest        300    1200   2160     0.8055      0.7013      684     0.9974      256    
            MED: (med_map_mod:med_map_field_packed) copy from src       300    1200   2160     0.2252      0.1611      536     0.2560      896    
          MED: (module_med_merge_mod: med_merge_auto)                   300    1200   1080     1.0766      0.8996      292     1.2556      1056   
      [MED] med_phases_post_ice                                         300    1200   1080     8.3598      4.3189      492     18.6529     20     
        MED:(med_phases_post_ice)                                       300    1200   1080     8.2252      4.1895      492     18.5185     20     
          MED: (med_fraction_set)                                       300    1200   1080     5.8882      1.6113      332     16.1869     20     
            MED: (med_fraction_set) fbfrac(compocn)                     300    1200   1080     4.5137      0.3175      716     14.9051     20     
            MED: (med_fraction_set) fbfrac(compatm)                     300    1200   1080     1.3521      0.4350      388     5.1959      1196   
          MED:(med_phases_post_ice) map_ice2ocn                         300    1200   1080     1.5091      1.0531      1160    2.0031      388    
            MED: (med_map_mod:med_map_field_packed)                     300    1200   1080     1.5072      1.0513      1160    2.0013      388    
              MED: (med_map_mod:med_map_field_packed) map               300    1200   1080     1.1832      0.7286      1160    1.7112      388    
              MED: (med_map_mod:med_map_field_packed) copy from src     300    1200   1080     0.1051      0.0885      92      0.1202      660    
              MED: (med_map_mod:med_map_field_packed) copy to dest      300    1200   1080     0.0863      0.0731      112     0.1105      1024   
          MED:(med_phases_post_ice) map_ice2wav                         300    1200   1080     0.8135      0.5729      500     1.0897      1160   
            MED: (med_map_mod:med_map_field_packed)                     300    1200   1080     0.8124      0.5719      500     1.0886      1160   
              MED: (med_map_mod:med_map_field_packed) map               300    1200   1080     0.7315      0.4939      500     1.0058      1160   
              MED: (med_map_mod:med_map_field_packed) copy to dest      300    1200   1080     0.0072      0.0064      160     0.0092      344    
              MED: (med_map_mod:med_map_field_packed) copy from src     300    1200   1080     0.0063      0.0055      748     0.0076      932    
          MED:(med_phases_history_write_comp_aux)                       300    1200   1080     0.0010      0.0006      316     0.0019      344    
          MED:(med_phases_history_write_inst_comp)                      300    1200   1080     0.0006      0.0005      1108    0.0009      864    
          MED:(med_phases_history_write_comp_avg)                       300    1200   1080     0.0006      0.0004      152     0.0014      728    
      [MED] med_phases_prep_ocn_accum                                   300    1200   1080     1.1989      1.1549      972     1.3025      0      
        MED:(med_phases_prep_ocn_accum)                                 300    1200   1080     1.1086      1.0652      972     1.1932      0      
          MED:(med_phases_prep_ocn_custom)                              300    1200   1080     0.3303      0.3223      972     0.3528      0      
          MED: (module_med_merge_mod: med_merge_auto)                   300    1200   1080     0.2634      0.2383      972     0.3008      0      
      [MED] med_phases_post_ocn                                         300    1200   90       1.0814      0.2673      24      1.6063      1116   
        MED:(med_phases_post_ocn)                                       300    1200   90       1.0726      0.2584      24      1.5976      1116   
          MED:(med_phases_post_ocn) map_ocn2wav                         300    1200   90       0.5504      0.0896      24      0.9523      1076   
            MED: (med_map_mod:med_map_field_packed)                     300    1200   90       0.5503      0.0895      24      0.9522      1076   
              MED: (med_map_mod:med_map_field_packed) map               300    1200   90       0.5422      0.0817      24      0.9442      1076   
              MED: (med_map_mod:med_map_field_packed) copy from src     300    1200   90       0.0016      0.0013      592     0.0028      180    
              MED: (med_map_mod:med_map_field_packed) copy to dest      300    1200   90       0.0013      0.0011      876     0.0016      484    
          MED:(med_phases_post_ocn) map_ocn2ice                         300    1200   90       0.5211      0.0693      308     1.1704      92     
            MED: (med_map_mod:med_map_field_packed)                     300    1200   90       0.5210      0.0692      308     1.1702      92     
              MED: (med_map_mod:med_map_field_packed) map               300    1200   90       0.5041      0.0521      308     1.1534      92     
              MED: (med_map_mod:med_map_field_packed) copy from src     300    1200   90       0.0049      0.0047      508     0.0058      440    
              MED: (med_map_mod:med_map_field_packed) copy to dest      300    1200   90       0.0048      0.0039      712     0.0063      236    
          MED:(med_phases_history_write_comp_aux)                       300    1200   90       0.0001      0.0001      728     0.0002      724    
          MED:(med_phases_history_write_inst_comp)                      300    1200   90       0.0001      0.0001      1180    0.0001      864    
          MED:(med_phases_history_write_comp_avg)                       300    1200   90       0.0001      0.0000      856     0.0001      252    
      [WAV-TO-MED] RunPhase1                                            5200   5200   90       0.0406      0.0068      387     1.2739      176    
      [MED] med_phases_ocnalb_run                                       300    1200   1080     0.5382      0.4362      1172    0.7733      0      
        MED:(med_phases_ocnalb_run)                                     300    1200   1080     0.4331      0.3330      1172    0.6518      0      
      [MED] med_phases_prep_ice                                         300    1200   1080     0.5210      0.4603      192     0.6260      188    
        MED:(med_phases_prep_ice)                                       300    1200   1080     0.3653      0.3020      1040    0.4687      188    
          MED: (module_med_merge_mod: med_merge_auto)                   300    1200   1080     0.3617      0.2983      1040    0.4648      188    
      [OCN-TO-MED] RunPhase1                                            1440   1440   90       0.0809      0.0124      387     0.3966      292    
      [MED] med_phases_prep_wav_accum                                   300    1200   1080     0.3879      0.3742      100     0.4237      0      
        MED:(med_phases_prep_wav_accum)                                 300    1200   1080     0.2957      0.2833      100     0.3196      896    
          MED: (module_med_merge_mod: med_merge_auto)                   300    1200   1080     0.0966      0.0879      992     0.1095      256    
      [MED] med_phases_post_wav                                         300    1200   90       0.2392      0.2049      376     0.3839      704    
        MED:(med_phases_post_wav)                                       300    1200   90       0.2306      0.1964      376     0.3754      704    
          MED: (med_map_mod:med_map_field_packed)                       300    1200   270      0.2297      0.1955      376     0.3746      704    
            MED: (med_map_mod:med_map_field_packed) map                 300    1200   180      0.2016      0.1672      376     0.3462      704    
            MED: (med_map_mod:med_map_field_packed) copy from src       300    1200   180      0.0063      0.0058      832     0.0077      180    
            MED: (med_map_mod:med_map_field_packed) copy to dest        300    1200   180      0.0058      0.0053      832     0.0068      1020   
          MED:(med_phases_history_write_comp_aux)                       300    1200   90       0.0001      0.0001      1036    0.0001      52     
          MED:(med_phases_history_write_inst_comp)                      300    1200   90       0.0001      0.0001      812     0.0001      864    
          MED:(med_phases_history_write_comp_avg)                       300    1200   90       0.0001      0.0000      760     0.0001      440    
      [MED] med_phases_prep_ocn_avg                                     300    1200   90       0.0917      0.0899      972     0.0980      640    
        MED:(med_phases_prep_ocn_avg)                                   300    1200   90       0.0836      0.0819      972     0.0889      640    
      [MED] med_phases_prep_wav_avg                                     300    1200   90       0.0402      0.0394      532     0.0421      0      
        MED:(med_phases_prep_wav_avg)                                   300    1200   90       0.0323      0.0315      532     0.0336      256    
      [MED] med_phases_restart_write                                    300    1200   90       0.0193      0.0175      1196    0.0205      640    
        MED:(med_phases_restart_write)                                  300    1200   90       0.0115      0.0098      1164    0.0125      56     
    [UFS Driver Grid Comp] Init 1                                       53760  53760  1        319.4099    319.3937    50255   319.4245    16755  
      [ATM] IPDvXp01                                                    49152  49152  1        182.6782    182.6407    171     182.6942    34619  
        [ufsatm_fcst] Init 1                                            12288  49152  1        179.0950    179.0557    34048   179.1031    31196  
        [ufsatm_fcst] Init 2                                            12288  49152  1        0.0420      0.0402      40416   0.0571      34616  
          [global] Init 3                                               12288  49152  1        0.0420      0.0402      40416   0.0571      34616  
      [WAV] IPDv01p1                                                    4000   4000   1        108.0855    107.7263    49641   108.6619    51514  
      [ATM-TO-MED] IPDv05p5                                             49152  49152  1        5.7990      3.8597      15      5.8536      34789  
      [ATM-TO-MED] IPDv05p6b                                            49152  49152  1        5.7477      2.2580      519     5.8362      42642  
      [MED-TO-ATM] IPDv05p5                                             49152  49152  1        4.1309      4.1293      35427   4.1428      31301  
      [MED-TO-ATM] IPDv05p6b                                            49152  49152  1        1.9998      1.7603      986     2.0175      8712   
      [WAV] IPDv01p3                                                    4000   4000   1        13.7582     13.7569     53513   13.7595     52101  
      [ATM-TO-MED] IPDv05p4                                             49152  49152  1        0.7975      0.3682      404     0.8152      10876  
      [WAV-TO-MED] IPDv05p6b                                            5200   5200   1        6.2625      0.8972      960     7.8726      50871  
      [ATM-TO-MED] IPDv05p6a                                            49152  49152  1        0.6575      0.3790      1060    0.7150      4104   
      [MED-TO-WAV] IPDv05p5                                             5200   5200   1        4.9808      1.1896      882     6.1187      53195  
      [WAV-TO-MED] IPDv05p5                                             5200   5200   1        4.8984      1.3667      954     5.9582      51846  
      [ATM-TO-MED] IPDv05p3                                             49152  49152  1        0.4932      0.2760      361     0.5013      43640  
      [MED-TO-WAV] IPDv05p6b                                            5200   5200   1        4.2734      0.7355      893     5.3422      52489  
      [MED-TO-ATM] IPDv05p3                                             49152  49152  1        0.4298      0.2940      991     0.4358      4232   
      [MED] IPDv03p7                                                    300    1200   2        54.3912     54.3706     92      54.4147     1020   
        MED: (med_map_mod: RouteHandles_init)                           300    1200   1        35.4243     35.4214     0       35.4258     620    
        MED:(med_phases_restart_read)                                   300    1200   1        13.2856     13.2854     624     13.2857     968    
        MED: (med_fraction_init)                                        300    1200   1        5.1889      5.1700      152     5.2098      216    
          MED: (med_map_mod:med_map_routehandles_initfrom_fieldbundle)  300    1200   2        5.1844      5.1647      152     5.2061      1020   
        MED:(med_phases_post_atm)                                       300    1200   1        0.2906      0.2696      980     0.3026      652    
          MED:(med_phases_post_atm) map_atm2ice                         300    1200   1        0.1263      0.0799      900     0.1787      840    
            MED: (med_map_mod:med_map_field_packed)                     300    1200   1        0.1263      0.0799      900     0.1787      840    
              MED: (med_map_mod:med_map_field_packed) map               300    1200   2        0.0806      0.0453      484     0.1152      1020   
              MED: (med_map_mod:med_map_field_packed) copy from src     300    1200   2        0.0005      0.0004      348     0.0007      780    
              MED: (med_map_mod:med_map_field_packed) copy to dest      300    1200   2        0.0001      0.0001      1068    0.0001      80     
          MED:(med_phases_post_atm) map_atm2ocn                         300    1200   1        0.1161      0.0844      840     0.1342      300    
            MED: (med_map_mod:med_map_field_packed)                     300    1200   1        0.1160      0.0844      840     0.1342      300    
              MED: (med_map_mod:med_map_field_packed) map               300    1200   3        0.0929      0.0559      0       0.0976      512    
              MED: (med_map_mod:med_map_field_packed) copy from src     300    1200   3        0.0013      0.0011      1060    0.0016      184    
              MED: (med_map_mod:med_map_field_packed) copy to dest      300    1200   3        0.0001      0.0001      140     0.0002      356    
          MED:(med_phases_post_atm) map_atm2wav                         300    1200   1        0.0482      0.0122      828     0.0915      1196   
            MED: (med_map_mod:med_map_field_packed)                     300    1200   1        0.0482      0.0122      828     0.0915      1196   
              MED: (med_map_mod:med_map_field_packed) map               300    1200   1        0.0480      0.0120      828     0.0913      1196   
              MED: (med_map_mod:med_map_field_packed) copy from src     300    1200   1        0.0001      0.0001      164     0.0002      212    
              MED: (med_map_mod:med_map_field_packed) copy to dest      300    1200   1        0.0000      0.0000      712     0.0000      528    
        MED:(med_phases_post_ocn)                                       300    1200   1        0.0414      0.0281      904     0.0484      344    
          MED:(med_phases_post_ocn) map_ocn2wav                         300    1200   1        0.0258      0.0099      800     0.0389      456    
            MED: (med_map_mod:med_map_field_packed)                     300    1200   1        0.0258      0.0099      800     0.0389      456    
              MED: (med_map_mod:med_map_field_packed) map               300    1200   1        0.0257      0.0098      800     0.0388      456    
              MED: (med_map_mod:med_map_field_packed) copy to dest      300    1200   1        0.0000      0.0000      720     0.0000      92     
              MED: (med_map_mod:med_map_field_packed) copy from src     300    1200   1        0.0000      0.0000      1128    0.0000      1000   
          MED:(med_phases_post_ocn) map_ocn2ice                         300    1200   1        0.0156      0.0083      776     0.0235      200    
            MED: (med_map_mod:med_map_field_packed)                     300    1200   1        0.0156      0.0083      776     0.0235      200    
              MED: (med_map_mod:med_map_field_packed) map               300    1200   1        0.0154      0.0081      776     0.0233      200    
              MED: (med_map_mod:med_map_field_packed) copy from src     300    1200   1        0.0001      0.0001      560     0.0001      1100   
              MED: (med_map_mod:med_map_field_packed) copy to dest      300    1200   1        0.0000      0.0000      264     0.0001      592    
        MED:(med_phases_post_wav)                                       300    1200   1        0.0314      0.0193      208     0.0466      912    
          MED: (med_map_mod:med_map_field_packed)                       300    1200   3        0.0314      0.0193      208     0.0466      912    
            MED: (med_map_mod:med_map_field_packed) map                 300    1200   2        0.0310      0.0190      208     0.0463      912    
            MED: (med_map_mod:med_map_field_packed) copy from src       300    1200   2        0.0001      0.0001      844     0.0001      1056   
            MED: (med_map_mod:med_map_field_packed) copy to dest        300    1200   2        0.0001      0.0001      160     0.0001      1024   
        MED:(med_phases_post_ice)                                       300    1200   1        0.0300      0.0180      652     0.0510      980    
          MED:(med_phases_post_ice) map_ice2ocn                         300    1200   1        0.0146      0.0082      1196    0.0172      884    
            MED: (med_map_mod:med_map_field_packed)                     300    1200   1        0.0146      0.0082      1196    0.0172      884    
              MED: (med_map_mod:med_map_field_packed) map               300    1200   1        0.0143      0.0079      1196    0.0168      884    
              MED: (med_map_mod:med_map_field_packed) copy from src     300    1200   1        0.0002      0.0001      92      0.0002      40     
              MED: (med_map_mod:med_map_field_packed) copy to dest      300    1200   1        0.0001      0.0001      464     0.0001      0      
          MED: (med_fraction_set)                                       300    1200   1        0.0127      0.0007      704     0.0337      1048   
            MED: (med_fraction_set) fbfrac(compocn)                     300    1200   1        0.0118      0.0001      660     0.0330      1048   
            MED: (med_fraction_set) fbfrac(compatm)                     300    1200   1        0.0009      0.0003      392     0.0042      1196   
          MED:(med_phases_post_ice) map_ice2wav                         300    1200   1        0.0027      0.0002      644     0.0091      1196   
            MED: (med_map_mod:med_map_field_packed)                     300    1200   1        0.0027      0.0002      644     0.0091      1196   
              MED: (med_map_mod:med_map_field_packed) map               300    1200   1        0.0026      0.0002      644     0.0090      1196   
              MED: (med_map_mod:med_map_field_packed) copy to dest      300    1200   1        0.0000      0.0000      720     0.0000      1176   
              MED: (med_map_mod:med_map_field_packed) copy from src     300    1200   1        0.0000      0.0000      1020    0.0000      8      
        MED:(med_phases_ocnalb_run)                                     300    1200   1        0.0024      0.0012      500     0.0036      1060   
          MED:(med_phases_ocnalb_init)                                  300    1200   1        0.0019      0.0008      484     0.0032      1060   
        MED: (med_fraction_set)                                         300    1200   1        0.0024      0.0005      388     0.0034      1040   
          MED: (med_fraction_set) fbfrac(compocn)                       300    1200   1        0.0016      0.0001      1060    0.0027      992    
          MED: (med_fraction_set) fbfrac(compatm)                       300    1200   1        0.0007      0.0003      388     0.0017      1160   
        MED:(med_phases_profile)                                        300    1200   1        0.0001      0.0001      56      0.0002      1148   
      [MED-TO-ATM] IPDv05p4                                             49152  49152  1        0.3178      0.3155      39926   0.3314      15982  
      [MED-TO-ATM] IPDv05p6a                                            49152  49152  1        0.3125      0.2556      12424   0.3405      32635  
      [ATM-TO-MED] IPDv05p2a                                            49152  49152  1        0.2893      0.1546      788     0.3000      38300  
      [ATM-TO-MED] IPDv05p2b                                            49152  49152  1        0.2858      0.1561      8       0.2974      43196  
      [ATM-TO-MED] IPDv05p1                                             49152  49152  1        0.2826      0.1406      520     0.2908      13888  
      [OCN] IPDv03p1                                                    240    240    1        57.7696     57.7684     49263   57.7710     49179  
      [MED-TO-ATM] IPDv05p2a                                            49152  49152  1        0.2815      0.1529      56      0.2910      36754  
      [MED-TO-ATM] IPDv05p2b                                            49152  49152  1        0.2802      0.1391      908     0.2904      11058  
      [MED-TO-ATM] IPDv05p1                                             49152  49152  1        0.1638      0.1532      17672   0.1707      28599  
      [OCN-TO-MED] IPDv05p6b                                            1440   1440   1        4.7402      4.1662      869     7.6097      49202  
      [MED-TO-OCN] IPDv05p6b                                            1440   1440   1        2.7136      2.3910      888     4.3278      49298  
      [MED-TO-WAV] IPDv05p4                                             5200   5200   1        0.6143      0.1779      882     0.7591      49911  
      [WAV-TO-MED] IPDv05p4                                             5200   5200   1        0.5885      0.1509      798     0.7300      50566  
      [ICE] IPDv01p3                                                    240    240    1        12.1944     12.1920     49398   12.1953     49471  
      [WAV-TO-MED] IPDv05p6a                                            5200   5200   1        0.5140      0.0901      188     0.6485      51088  
      [ICE-TO-MED] IPDv05p6b                                            1440   1440   1        1.7418      0.5482      890     7.7095      49624  
      [MED-TO-WAV] IPDv05p6a                                            5200   5200   1        0.4703      0.0904      1073    0.5853      50909  
      [MED-TO-WAV] IPDv05p3                                             5200   5200   1        0.4146      0.0554      390     0.5236      49633  
      [WAV-TO-MED] IPDv05p3                                             5200   5200   1        0.4021      0.0621      1009    0.5051      53513  
      [ICE] IPDv01p1                                                    240    240    1        7.9964      7.9911      49393   8.0013      49630  
      [OCN-TO-MED] IPDv05p5                                             1440   1440   1        1.2898      0.3695      119     5.8634      49332  
      [ICE-TO-MED] IPDv05p5                                             1440   1440   1        1.2568      0.3506      1194    5.7808      49479  
      [MED-TO-ICE] IPDv05p5                                             1440   1440   1        1.1839      0.4337      173     4.9292      49465  
      [MED-TO-ICE] IPDv05p6b                                            1440   1440   1        1.1560      0.4484      105     4.6998      49396  
      [MED-TO-OCN] IPDv05p5                                             1440   1440   1        1.0487      0.3584      808     4.4927      49209  
      [MED-TO-WAV] IPDv05p1                                             5200   5200   1        0.2497      0.0492      528     0.3107      51355  
      [OCN] IPDv03p3                                                    240    240    1        5.3590      5.3585      49305   5.3602      49258  
      [WAV-TO-MED] IPDv05p2a                                            5200   5200   1        0.2453      0.0570      146     0.3032      52292  
      [WAV-TO-MED] IPDv05p2b                                            5200   5200   1        0.2393      0.0502      961     0.2983      49737  
      [MED-TO-WAV] IPDv05p2a                                            5200   5200   1        0.2322      0.0462      522     0.2888      52983  
      [WAV-TO-MED] IPDv05p1                                             5200   5200   1        0.2238      0.0508      1194    0.2797      53043  
      [MED-TO-WAV] IPDv05p2b                                            5200   5200   1        0.2181      0.0438      119     0.2715      51464  
      [ATM] IPDvXp04                                                    49152  49152  1        0.0075      0.0067      833     0.0674      15197  
        [ufsatm_fcst] Init 3                                            12288  49152  1        0.0070      0.0063      1008    0.0553      15196  
          [global] Init 4                                               12288  49152  1        0.0070      0.0063      1008    0.0552      15196  
      [MED] IPDv03p4                                                    300    1200   1        1.0559      1.0547      704     1.0572      656    
      [ICE-TO-MED] IPDv05p4                                             1440   1440   1        0.2190      0.1115      1199    0.7559      49604  
      [MED-TO-ICE] IPDv05p4                                             1440   1440   1        0.2028      0.1192      440     0.5667      49631  
      [OCN-TO-MED] IPDv05p4                                             1440   1440   1        0.1861      0.0687      886     0.7740      49236  
      [ICE-TO-MED] IPDv05p3                                             1440   1440   1        0.1754      0.1102      1182    0.4971      49439  
      [ICE-TO-MED] IPDv05p6a                                            1440   1440   1        0.1715      0.0730      275     0.6463      49534  
      [OCN-TO-MED] IPDv05p6a                                            1440   1440   1        0.1688      0.0688      1164    0.6479      49248  
      [MED-TO-OCN] IPDv05p4                                             1440   1440   1        0.1597      0.1040      772     0.4365      49276  
      [MED-TO-ICE] IPDv05p3                                             1440   1440   1        0.1585      0.0862      488     0.5169      49394  
      [MED-TO-OCN] IPDv05p6a                                            1440   1440   1        0.1540      0.0837      878     0.4101      49243  
      [MED] IPDv03p5                                                    300    1200   1        0.7276      0.7266      168     0.7289      720    
      [MED-TO-ICE] IPDv05p6a                                            1440   1440   1        0.1480      0.0773      547     0.4893      49612  
      [MED-TO-OCN] IPDv05p3                                             1440   1440   1        0.1442      0.0781      738     0.4742      49161  
      [OCN-TO-MED] IPDv05p3                                             1440   1440   1        0.1227      0.0516      823     0.4731      49297  
      [ATM-TO-MED] RunPhase1                                            49152  49152  1        0.0035      0.0001      7665    0.0171      48     
      [ICE-TO-MED] IPDv05p2a                                            1440   1440   1        0.0886      0.0461      935     0.2946      49527  
      [MED-TO-OCN] IPDv05p2b                                            1440   1440   1        0.0866      0.0414      106     0.2920      49330  
      [ICE-TO-MED] IPDv05p2b                                            1440   1440   1        0.0850      0.0422      150     0.2924      49471  
      [MED-TO-ICE] IPDv05p1                                             1440   1440   1        0.0838      0.0480      750     0.2591      49625  
      [MED-TO-ICE] IPDv05p2a                                            1440   1440   1        0.0837      0.0410      854     0.2905      49546  
      [MED-TO-OCN] IPDv05p2a                                            1440   1440   1        0.0834      0.0394      823     0.2902      49294  
      [ICE-TO-MED] IPDv05p1                                             1440   1440   1        0.0815      0.0415      70      0.2778      49470  
      [OCN-TO-MED] IPDv05p2b                                            1440   1440   1        0.0812      0.0385      76      0.2865      49226  
      [MED-TO-ICE] IPDv05p2b                                            1440   1440   1        0.0785      0.0363      657     0.2827      49578  
      [OCN-TO-MED] IPDv05p2a                                            1440   1440   1        0.0783      0.0347      442     0.2887      49324  
      [OCN-TO-MED] IPDv05p1                                             1440   1440   1        0.0772      0.0352      954     0.2824      49198  
      [MED-TO-OCN] IPDv05p1                                             1440   1440   1        0.0696      0.0397      935     0.2065      49200  
      [UFS Driver Grid Comp] IPDv04p2                                   53760  53760  1        0.0018      0.0001      53712   0.0058      957    
      [WAV-TO-MED] RunPhase1                                            5200   5200   1        0.0067      0.0001      978     0.0172      51916  
      [UFS Driver Grid Comp] IPDv05p3                                   53760  53760  1        0.0004      0.0002      53745   0.0016      1022   
      [ATM] IPDvXp07                                                    49152  49152  1        0.0004      0.0002      348     0.0014      41233  
      [ATM] Init 0                                                      49152  49152  1        0.0004      0.0003      896     0.0013      21252  
      [WAV] IPDv01p5                                                    4000   4000   1        0.0041      0.0036      49649   0.0067      52281  
      [MED] IPDv03p1                                                    300    1200   1        0.0342      0.0329      1160    0.0364      640    
      [MED-TO-ATM] Init 0                                               49152  49152  1        0.0002      0.0001      21361   0.0011      42634  
      [ATM-TO-MED] Init 0                                               49152  49152  1        0.0002      0.0001      8896    0.0011      7438   
      [ATM] IPDvXp08                                                    49152  49152  1        0.0001      0.0001      25190   0.0011      144    
      [UFS Driver Grid Comp] IPDv05p1                                   53760  53760  1        0.0001      0.0000      51680   0.0011      29888  
      [OCN-TO-MED] RunPhase1                                            1440   1440   1        0.0037      0.0001      978     0.0291      272    
      [UFS Driver Grid Comp] IPDv05p6                                   53760  53760  1        0.0001      0.0000      53684   0.0009      5313   
      [UFS Driver Grid Comp] IPDv05p2                                   53760  53760  1        0.0001      0.0000      25213   0.0010      38564  
      [UFS Driver Grid Comp] IPDv05p4                                   53760  53760  1        0.0001      0.0000      53738   0.0010      27149  
      [UFS Driver Grid Comp] IPDv05p8                                   53760  53760  1        0.0000      0.0000      49398   0.0009      52258  
      [ICE-TO-MED] RunPhase1                                            1440   1440   1        0.0013      0.0001      102     0.0135      24     
      [WAV] IPDv01p4                                                    4000   4000   1        0.0003      0.0002      49785   0.0011      52075  
      [MED] IPDv03p3                                                    300    1200   1        0.0036      0.0033      1168    0.0045      1008   
      [WAV-TO-MED] Init 0                                               5200   5200   1        0.0002      0.0001      49639   0.0010      1135   
      [MED-TO-WAV] Init 0                                               5200   5200   1        0.0002      0.0001      49632   0.0011      50616  
      [WAV] Init 0                                                      4000   4000   1        0.0001      0.0001      49651   0.0010      49701  
      [OCN] IPDv03p7                                                    240    240    1        0.0014      0.0011      49189   0.0023      49210  
      [MED-TO-ICE] Init 0                                               1440   1440   1        0.0002      0.0001      49405   0.0002      270    
      [MED-TO-OCN] Init 0                                               1440   1440   1        0.0002      0.0001      49346   0.0002      482    
      [OCN-TO-MED] Init 0                                               1440   1440   1        0.0002      0.0001      1169    0.0003      49159  
      [ICE-TO-MED] Init 0                                               1440   1440   1        0.0002      0.0001      49600   0.0002      49496  
      [MED] IPDv03p6                                                    300    1200   1        0.0006      0.0005      280     0.0015      1088   
      [OCN] Init 0                                                      240    240    1        0.0006      0.0004      49280   0.0014      49347  
      [MED] Init 0                                                      300    1200   1        0.0004      0.0002      128     0.0445      0      
      [OCN] IPDv03p6                                                    240    240    1        0.0004      0.0003      49283   0.0006      49171  
      [ICE] IPDv01p4                                                    240    240    1        0.0004      0.0003      49401   0.0005      49566  
      [ICE] Init 0                                                      240    240    1        0.0001      0.0001      49479   0.0002      49553  
      [ICE] IPDv01p5                                                    240    240    1        0.0001      0.0001      49392   0.0002      49512  
    [UFS Driver Grid Comp] FinalizePhase1                               53760  53760  1        1.2979      0.0002      53692   2.6037      51074  
      [ATM] FinalizePhase1                                              49152  49152  1        1.2141      1.1288      2       1.2290      9569   
        [ufsatm_fcst] FinalizePhase1                                    12288  49152  1        1.2040      1.1271      0       1.2153      10872  
      [OCN] FinalizePhase1                                              240    240    1        0.1176      0.1168      49153   0.1182      49293  
      [MED-TO-ATM] FinalizePhase1                                       49152  49152  1        0.0002      0.0001      47872   0.0005      494    
      [ATM-TO-MED] FinalizePhase1                                       49152  49152  1        0.0001      0.0001      3920    0.0010      17040  
      [MED-TO-WAV] FinalizePhase1                                       5200   5200   1        0.0001      0.0001      236     0.0010      49680  
      [WAV-TO-MED] FinalizePhase1                                       5200   5200   1        0.0001      0.0001      800     0.0002      827    
      [MED-TO-OCN] FinalizePhase1                                       1440   1440   1        0.0002      0.0001      112     0.0003      675    
      [MED-TO-ICE] FinalizePhase1                                       1440   1440   1        0.0002      0.0001      144     0.0003      49392  
      [ICE-TO-MED] FinalizePhase1                                       1440   1440   1        0.0002      0.0001      49582   0.0003      49584  
      [OCN-TO-MED] FinalizePhase1                                       1440   1440   1        0.0002      0.0001      172     0.0003      1090   
      [WAV] FinalizePhase1                                              4000   4000   1        0.0001      0.0000      49654   0.0001      49722  
      [MED] FinalizePhase1                                              300    1200   1        0.0001      0.0000      836     0.0108      0      
      [ICE] FinalizePhase1                                              240    240    1        0.0001      0.0001      49505   0.0002      49392  
