{"name":"SetServices", "ph":"B", "ts":"2545343657", "pid":"1", "tid":"wave"},
{"name":"SetServices", "ph":"E", "ts":"2545399613", "pid":"1", "tid":"wave"},
{"name":"InitializeP0", "ph":"B", "ts":"2545403481", "pid":"1", "tid":"wave"},
{"name":"InitializeP0", "ph":"E", "ts":"2545403563", "pid":"1", "tid":"wave"},
{"name":"InitializeAdvertise", "ph":"B", "ts":"2569035625", "pid":"1", "tid":"wave"},
{"name":"InitializeAdvertise", "ph":"E", "ts":"2676786857", "pid":"1", "tid":"wave"},
{"name":"InitializeRealize", "ph":"B", "ts":"2754490901", "pid":"1", "tid":"wave"},
{"name":"InitializeRealize", "ph":"E", "ts":"2768248516", "pid":"1", "tid":"wave"},
{"name":"DataInitialize", "ph":"B", "ts":"2798010828", "pid":"1", "tid":"wave"},
{"name":"DataInitialize", "ph":"E", "ts":"2798014612", "pid":"1", "tid":"wave"},
{"name":"ModelSetRunClock", "ph":"B", "ts":"2852498714", "pid":"1", "tid":"wave"},
{"name":"ModelSetRunClock", "ph":"E", "ts":"2852511093", "pid":"1", "tid":"wave"},
{"name":"ModelAdvance", "ph":"B", "ts":"2852511299", "pid":"1", "tid":"wave"},
{"name":"ModelAdvance", "ph":"E", "ts":"2863968589", "pid":"1", "tid":"wave"},
{"name":"ModelSetRunClock", "ph":"B", "ts":"2864899292", "pid":"1", "tid":"wave"},
{"name":"ModelSetRunClock", "ph":"E", "ts":"2864899326", "pid":"1", "tid":"wave"},
{"name":"ModelAdvance", "ph":"B", "ts":"2864899403", "pid":"1", "tid":"wave"},
{"name":"ModelAdvance", "ph":"E", "ts":"2870798478", "pid":"1", "tid":"wave"},
{"name":"ModelSetRunClock", "ph":"B", "ts":"2872774015", "pid":"1", "tid":"wave"},
{"name":"ModelSetRunClock", "ph":"E", "ts":"2872774054", "pid":"1", "tid":"wave"},
{"name":"ModelAdvance", "ph":"B", "ts":"2872774137", "pid":"1", "tid":"wave"},
{"name":"ModelAdvance", "ph":"E", "ts":"2878538484", "pid":"1", "tid":"wave"},
{"name":"ModelSetRunClock", "ph":"B", "ts":"2881251735", "pid":"1", "tid":"wave"},
{"name":"ModelSetRunClock", "ph":"E", "ts":"2881251781", "pid":"1", "tid":"wave"},
{"name":"ModelAdvance", "ph":"B", "ts":"2881251868", "pid":"1", "tid":"wave"},
{"name":"ModelAdvance", "ph":"E", "ts":"2887027373", "pid":"1", "tid":"wave"},
{"name":"ModelSetRunClock", "ph":"B", "ts":"2889123514", "pid":"1", "tid":"wave"},
{"name":"ModelSetRunClock", "ph":"E", "ts":"2889123552", "pid":"1", "tid":"wave"},
{"name":"ModelAdvance", "ph":"B", "ts":"2889123636", "pid":"1", "tid":"wave"},
{"name":"ModelAdvance", "ph":"E", "ts":"2894895075", "pid":"1", "tid":"wave"},
{"name":"ModelSetRunClock", "ph":"B", "ts":"2897639912", "pid":"1", "tid":"wave"},
{"name":"ModelSetRunClock", "ph":"E", "ts":"2897639949", "pid":"1", "tid":"wave"},
{"name":"ModelAdvance", "ph":"B", "ts":"2897640029", "pid":"1", "tid":"wave"},
{"name":"ModelAdvance", "ph":"E", "ts":"2903415663", "pid":"1", "tid":"wave"},
{"name":"ModelSetRunClock", "ph":"B", "ts":"2923120881", "pid":"1", "tid":"wave"},
{"name":"ModelSetRunClock", "ph":"E", "ts":"2923120933", "pid":"1", "tid":"wave"},
{"name":"ModelAdvance", "ph":"B", "ts":"2923121016", "pid":"1", "tid":"wave"},
{"name":"ModelAdvance", "ph":"E", "ts":"2928897102", "pid":"1", "tid":"wave"},
{"name":"ModelSetRunClock", "ph":"B", "ts":"2931702819", "pid":"1", "tid":"wave"},
{"name":"ModelSetRunClock", "ph":"E", "ts":"2931702859", "pid":"1", "tid":"wave"},
{"name":"ModelAdvance", "ph":"B", "ts":"2931702945", "pid":"1", "tid":"wave"},
{"name":"ModelAdvance", "ph":"E", "ts":"2937574934", "pid":"1", "tid":"wave"},
{"name":"ModelSetRunClock", "ph":"B", "ts":"2939591146", "pid":"1", "tid":"wave"},
{"name":"ModelSetRunClock", "ph":"E", "ts":"2939591187", "pid":"1", "tid":"wave"},
{"name":"ModelAdvance", "ph":"B", "ts":"2939591273", "pid":"1", "tid":"wave"},
{"name":"ModelAdvance", "ph":"E", "ts":"2945411030", "pid":"1", "tid":"wave"},
{"name":"ModelSetRunClock", "ph":"B", "ts":"2948182895", "pid":"1", "tid":"wave"},
{"name":"ModelSetRunClock", "ph":"E", "ts":"2948182932", "pid":"1", "tid":"wave"},
{"name":"ModelAdvance", "ph":"B", "ts":"2948183012", "pid":"1", "tid":"wave"},
{"name":"ModelAdvance", "ph":"E", "ts":"2954075659", "pid":"1", "tid":"wave"},
{"name":"ModelSetRunClock", "ph":"B", "ts":"2956235474", "pid":"1", "tid":"wave"},
{"name":"ModelSetRunClock", "ph":"E", "ts":"2956235632", "pid":"1", "tid":"wave"},
{"name":"ModelAdvance", "ph":"B", "ts":"2956235721", "pid":"1", "tid":"wave"},
{"name":"ModelAdvance", "ph":"E", "ts":"2962003406", "pid":"1", "tid":"wave"},
{"name":"ModelSetRunClock", "ph":"B", "ts":"2964799698", "pid":"1", "tid":"wave"},
{"name":"ModelSetRunClock", "ph":"E", "ts":"2964799734", "pid":"1", "tid":"wave"},
{"name":"ModelAdvance", "ph":"B", "ts":"2964799816", "pid":"1", "tid":"wave"},
{"name":"ModelAdvance", "ph":"E", "ts":"2970550328", "pid":"1", "tid":"wave"},
{"name":"ModelSetRunClock", "ph":"B", "ts":"2972769123", "pid":"1", "tid":"wave"},
{"name":"ModelSetRunClock", "ph":"E", "ts":"2972769161", "pid":"1", "tid":"wave"},
{"name":"ModelAdvance", "ph":"B", "ts":"2972769243", "pid":"1", "tid":"wave"},
{"name":"ModelAdvance", "ph":"E", "ts":"2978650044", "pid":"1", "tid":"wave"},
{"name":"ModelSetRunClock", "ph":"B", "ts":"2981291409", "pid":"1", "tid":"wave"},
{"name":"ModelSetRunClock", "ph":"E", "ts":"2981291450", "pid":"1", "tid":"wave"},
{"name":"ModelAdvance", "ph":"B", "ts":"2981291538", "pid":"1", "tid":"wave"},
{"name":"ModelAdvance", "ph":"E", "ts":"2987071777", "pid":"1", "tid":"wave"},
{"name":"ModelSetRunClock", "ph":"B", "ts":"2989360402", "pid":"1", "tid":"wave"},
{"name":"ModelSetRunClock", "ph":"E", "ts":"2989360440", "pid":"1", "tid":"wave"},
{"name":"ModelAdvance", "ph":"B", "ts":"2989360519", "pid":"1", "tid":"wave"},
{"name":"ModelAdvance", "ph":"E", "ts":"2995090654", "pid":"1", "tid":"wave"},
{"name":"ModelSetRunClock", "ph":"B", "ts":"2998203363", "pid":"1", "tid":"wave"},
{"name":"ModelSetRunClock", "ph":"E", "ts":"2998203423", "pid":"1", "tid":"wave"},
{"name":"ModelAdvance", "ph":"B", "ts":"2998203516", "pid":"1", "tid":"wave"},
{"name":"ModelAdvance", "ph":"E", "ts":"3003916465", "pid":"1", "tid":"wave"},
{"name":"ModelSetRunClock", "ph":"B", "ts":"3006610527", "pid":"1", "tid":"wave"},
{"name":"ModelSetRunClock", "ph":"E", "ts":"3006610563", "pid":"1", "tid":"wave"},
{"name":"ModelAdvance", "ph":"B", "ts":"3006610655", "pid":"1", "tid":"wave"},
{"name":"ModelAdvance", "ph":"E", "ts":"3012212629", "pid":"1", "tid":"wave"},
{"name":"ModelSetRunClock", "ph":"B", "ts":"3015649371", "pid":"1", "tid":"wave"},
{"name":"ModelSetRunClock", "ph":"E", "ts":"3015649405", "pid":"1", "tid":"wave"},
{"name":"ModelAdvance", "ph":"B", "ts":"3015649485", "pid":"1", "tid":"wave"},
{"name":"ModelAdvance", "ph":"E", "ts":"3021163045", "pid":"1", "tid":"wave"},
{"name":"ModelSetRunClock", "ph":"B", "ts":"3024127568", "pid":"1", "tid":"wave"},
{"name":"ModelSetRunClock", "ph":"E", "ts":"3024127631", "pid":"1", "tid":"wave"},
{"name":"ModelAdvance", "ph":"B", "ts":"3024127722", "pid":"1", "tid":"wave"},
{"name":"ModelAdvance", "ph":"E", "ts":"3029634509", "pid":"1", "tid":"wave"},
{"name":"ModelSetRunClock", "ph":"B", "ts":"3033044810", "pid":"1", "tid":"wave"},
{"name":"ModelSetRunClock", "ph":"E", "ts":"3033044850", "pid":"1", "tid":"wave"},
{"name":"ModelAdvance", "ph":"B", "ts":"3033044936", "pid":"1", "tid":"wave"},
{"name":"ModelAdvance", "ph":"E", "ts":"3038469179", "pid":"1", "tid":"wave"},
{"name":"ModelSetRunClock", "ph":"B", "ts":"3041462930", "pid":"1", "tid":"wave"},
{"name":"ModelSetRunClock", "ph":"E", "ts":"3041462977", "pid":"1", "tid":"wave"},
{"name":"ModelAdvance", "ph":"B", "ts":"3041463057", "pid":"1", "tid":"wave"},
{"name":"ModelAdvance", "ph":"E", "ts":"3046864184", "pid":"1", "tid":"wave"},
{"name":"ModelSetRunClock", "ph":"B", "ts":"3050770219", "pid":"1", "tid":"wave"},
{"name":"ModelSetRunClock", "ph":"E", "ts":"3050770273", "pid":"1", "tid":"wave"},
{"name":"ModelAdvance", "ph":"B", "ts":"3050770367", "pid":"1", "tid":"wave"},
{"name":"ModelAdvance", "ph":"E", "ts":"3056257353", "pid":"1", "tid":"wave"},
{"name":"ModelSetRunClock", "ph":"B", "ts":"3059546078", "pid":"1", "tid":"wave"},
{"name":"ModelSetRunClock", "ph":"E", "ts":"3059546112", "pid":"1", "tid":"wave"},
{"name":"ModelAdvance", "ph":"B", "ts":"3059546191", "pid":"1", "tid":"wave"},
{"name":"ModelAdvance", "ph":"E", "ts":"3064951045", "pid":"1", "tid":"wave"},
{"name":"ModelSetRunClock", "ph":"B", "ts":"3068640458", "pid":"1", "tid":"wave"},
{"name":"ModelSetRunClock", "ph":"E", "ts":"3068640520", "pid":"1", "tid":"wave"},
{"name":"ModelAdvance", "ph":"B", "ts":"3068640616", "pid":"1", "tid":"wave"},
{"name":"ModelAdvance", "ph":"E", "ts":"3074021286", "pid":"1", "tid":"wave"},
{"name":"ModelSetRunClock", "ph":"B", "ts":"3076998561", "pid":"1", "tid":"wave"},
{"name":"ModelSetRunClock", "ph":"E", "ts":"3076998606", "pid":"1", "tid":"wave"},
{"name":"ModelAdvance", "ph":"B", "ts":"3076998695", "pid":"1", "tid":"wave"},
{"name":"ModelAdvance", "ph":"E", "ts":"3082357692", "pid":"1", "tid":"wave"},
{"name":"ModelSetRunClock", "ph":"B", "ts":"3085450665", "pid":"1", "tid":"wave"},
{"name":"ModelSetRunClock", "ph":"E", "ts":"3085450705", "pid":"1", "tid":"wave"},
{"name":"ModelAdvance", "ph":"B", "ts":"3085450787", "pid":"1", "tid":"wave"},
{"name":"ModelAdvance", "ph":"E", "ts":"3090870197", "pid":"1", "tid":"wave"},
{"name":"ModelSetRunClock", "ph":"B", "ts":"3093586732", "pid":"1", "tid":"wave"},
{"name":"ModelSetRunClock", "ph":"E", "ts":"3093586767", "pid":"1", "tid":"wave"},
{"name":"ModelAdvance", "ph":"B", "ts":"3093586848", "pid":"1", "tid":"wave"},
{"name":"ModelAdvance", "ph":"E", "ts":"3098991339", "pid":"1", "tid":"wave"},
{"name":"ModelSetRunClock", "ph":"B", "ts":"3101890771", "pid":"1", "tid":"wave"},
{"name":"ModelSetRunClock", "ph":"E", "ts":"3101890811", "pid":"1", "tid":"wave"},
{"name":"ModelAdvance", "ph":"B", "ts":"3101890898", "pid":"1", "tid":"wave"},
{"name":"ModelAdvance", "ph":"E", "ts":"3107281874", "pid":"1", "tid":"wave"},
{"name":"ModelSetRunClock", "ph":"B", "ts":"3109483079", "pid":"1", "tid":"wave"},
{"name":"ModelSetRunClock", "ph":"E", "ts":"3109483118", "pid":"1", "tid":"wave"},
{"name":"ModelAdvance", "ph":"B", "ts":"3109483200", "pid":"1", "tid":"wave"},
{"name":"ModelAdvance", "ph":"E", "ts":"3114884593", "pid":"1", "tid":"wave"},
{"name":"ModelSetRunClock", "ph":"B", "ts":"3117879241", "pid":"1", "tid":"wave"},
{"name":"ModelSetRunClock", "ph":"E", "ts":"3117879277", "pid":"1", "tid":"wave"},
{"name":"ModelAdvance", "ph":"B", "ts":"3117879367", "pid":"1", "tid":"wave"},
{"name":"ModelAdvance", "ph":"E", "ts":"3123329288", "pid":"1", "tid":"wave"},
{"name":"ModelSetRunClock", "ph":"B", "ts":"3126018157", "pid":"1", "tid":"wave"},
{"name":"ModelSetRunClock", "ph":"E", "ts":"3126018197", "pid":"1", "tid":"wave"},
{"name":"ModelAdvance", "ph":"B", "ts":"3126018286", "pid":"1", "tid":"wave"},
{"name":"ModelAdvance", "ph":"E", "ts":"3131439476", "pid":"1", "tid":"wave"},
{"name":"ModelSetRunClock", "ph":"B", "ts":"3134880338", "pid":"1", "tid":"wave"},
{"name":"ModelSetRunClock", "ph":"E", "ts":"3134880385", "pid":"1", "tid":"wave"},
{"name":"ModelAdvance", "ph":"B", "ts":"3134880483", "pid":"1", "tid":"wave"},
{"name":"ModelAdvance", "ph":"E", "ts":"3140331161", "pid":"1", "tid":"wave"},
{"name":"ModelSetRunClock", "ph":"B", "ts":"3142668760", "pid":"1", "tid":"wave"},
{"name":"ModelSetRunClock", "ph":"E", "ts":"3142668797", "pid":"1", "tid":"wave"},
{"name":"ModelAdvance", "ph":"B", "ts":"3142668891", "pid":"1", "tid":"wave"},
{"name":"ModelAdvance", "ph":"E", "ts":"3148056314", "pid":"1", "tid":"wave"},
{"name":"ModelSetRunClock", "ph":"B", "ts":"3151012095", "pid":"1", "tid":"wave"},
{"name":"ModelSetRunClock", "ph":"E", "ts":"3151012194", "pid":"1", "tid":"wave"},
{"name":"ModelAdvance", "ph":"B", "ts":"3151012280", "pid":"1", "tid":"wave"},
{"name":"ModelAdvance", "ph":"E", "ts":"3156348258", "pid":"1", "tid":"wave"},
{"name":"ModelSetRunClock", "ph":"B", "ts":"3159091183", "pid":"1", "tid":"wave"},
{"name":"ModelSetRunClock", "ph":"E", "ts":"3159091221", "pid":"1", "tid":"wave"},
{"name":"ModelAdvance", "ph":"B", "ts":"3159091300", "pid":"1", "tid":"wave"},
{"name":"ModelAdvance", "ph":"E", "ts":"3164430909", "pid":"1", "tid":"wave"},
{"name":"ModelSetRunClock", "ph":"B", "ts":"3167466584", "pid":"1", "tid":"wave"},
{"name":"ModelSetRunClock", "ph":"E", "ts":"3167466624", "pid":"1", "tid":"wave"},
{"name":"ModelAdvance", "ph":"B", "ts":"3167466815", "pid":"1", "tid":"wave"},
{"name":"ModelAdvance", "ph":"E", "ts":"3173204706", "pid":"1", "tid":"wave"},
{"name":"ModelSetRunClock", "ph":"B", "ts":"3175230439", "pid":"1", "tid":"wave"},
{"name":"ModelSetRunClock", "ph":"E", "ts":"3175230473", "pid":"1", "tid":"wave"},
{"name":"ModelAdvance", "ph":"B", "ts":"3175230555", "pid":"1", "tid":"wave"},
{"name":"ModelAdvance", "ph":"E", "ts":"3180463029", "pid":"1", "tid":"wave"},
{"name":"ModelSetRunClock", "ph":"B", "ts":"3183706647", "pid":"1", "tid":"wave"},
{"name":"ModelSetRunClock", "ph":"E", "ts":"3183706688", "pid":"1", "tid":"wave"},
{"name":"ModelAdvance", "ph":"B", "ts":"3183706767", "pid":"1", "tid":"wave"},
{"name":"ModelAdvance", "ph":"E", "ts":"3188931273", "pid":"1", "tid":"wave"},
{"name":"ModelSetRunClock", "ph":"B", "ts":"3191668420", "pid":"1", "tid":"wave"},
{"name":"ModelSetRunClock", "ph":"E", "ts":"3191668454", "pid":"1", "tid":"wave"},
{"name":"ModelAdvance", "ph":"B", "ts":"3191668536", "pid":"1", "tid":"wave"},
{"name":"ModelAdvance", "ph":"E", "ts":"3196862982", "pid":"1", "tid":"wave"},
{"name":"ModelSetRunClock", "ph":"B", "ts":"3200543086", "pid":"1", "tid":"wave"},
{"name":"ModelSetRunClock", "ph":"E", "ts":"3200543129", "pid":"1", "tid":"wave"},
{"name":"ModelAdvance", "ph":"B", "ts":"3200543218", "pid":"1", "tid":"wave"},
{"name":"ModelAdvance", "ph":"E", "ts":"3205656356", "pid":"1", "tid":"wave"},
{"name":"ModelSetRunClock", "ph":"B", "ts":"3208939909", "pid":"1", "tid":"wave"},
{"name":"ModelSetRunClock", "ph":"E", "ts":"3208939951", "pid":"1", "tid":"wave"},
{"name":"ModelAdvance", "ph":"B", "ts":"3208940035", "pid":"1", "tid":"wave"},
{"name":"ModelAdvance", "ph":"E", "ts":"3214034213", "pid":"1", "tid":"wave"},
{"name":"ModelSetRunClock", "ph":"B", "ts":"3218111208", "pid":"1", "tid":"wave"},
{"name":"ModelSetRunClock", "ph":"E", "ts":"3218111321", "pid":"1", "tid":"wave"},
{"name":"ModelAdvance", "ph":"B", "ts":"3218111415", "pid":"1", "tid":"wave"},
{"name":"ModelAdvance", "ph":"E", "ts":"3223175292", "pid":"1", "tid":"wave"},
{"name":"ModelSetRunClock", "ph":"B", "ts":"3226491285", "pid":"1", "tid":"wave"},
{"name":"ModelSetRunClock", "ph":"E", "ts":"3226491321", "pid":"1", "tid":"wave"},
{"name":"ModelAdvance", "ph":"B", "ts":"3226491404", "pid":"1", "tid":"wave"},
{"name":"ModelAdvance", "ph":"E", "ts":"3231553400", "pid":"1", "tid":"wave"},
{"name":"ModelSetRunClock", "ph":"B", "ts":"3249161359", "pid":"1", "tid":"wave"},
{"name":"ModelSetRunClock", "ph":"E", "ts":"3249161482", "pid":"1", "tid":"wave"},
{"name":"ModelAdvance", "ph":"B", "ts":"3249161561", "pid":"1", "tid":"wave"},
{"name":"ModelAdvance", "ph":"E", "ts":"3254146198", "pid":"1", "tid":"wave"},
{"name":"ModelSetRunClock", "ph":"B", "ts":"3257098590", "pid":"1", "tid":"wave"},
{"name":"ModelSetRunClock", "ph":"E", "ts":"3257098630", "pid":"1", "tid":"wave"},
{"name":"ModelAdvance", "ph":"B", "ts":"3257098713", "pid":"1", "tid":"wave"},
{"name":"ModelAdvance", "ph":"E", "ts":"3262047413", "pid":"1", "tid":"wave"},
{"name":"ModelSetRunClock", "ph":"B", "ts":"3265658221", "pid":"1", "tid":"wave"},
{"name":"ModelSetRunClock", "ph":"E", "ts":"3265658270", "pid":"1", "tid":"wave"},
{"name":"ModelAdvance", "ph":"B", "ts":"3265658356", "pid":"1", "tid":"wave"},
{"name":"ModelAdvance", "ph":"E", "ts":"3270510585", "pid":"1", "tid":"wave"},
{"name":"ModelSetRunClock", "ph":"B", "ts":"3273498873", "pid":"1", "tid":"wave"},
{"name":"ModelSetRunClock", "ph":"E", "ts":"3273498908", "pid":"1", "tid":"wave"},
{"name":"ModelAdvance", "ph":"B", "ts":"3273498985", "pid":"1", "tid":"wave"},
{"name":"ModelAdvance", "ph":"E", "ts":"3278293941", "pid":"1", "tid":"wave"},
{"name":"ModelSetRunClock", "ph":"B", "ts":"3281902485", "pid":"1", "tid":"wave"},
{"name":"ModelSetRunClock", "ph":"E", "ts":"3281902524", "pid":"1", "tid":"wave"},
{"name":"ModelAdvance", "ph":"B", "ts":"3281902611", "pid":"1", "tid":"wave"},
{"name":"ModelAdvance", "ph":"E", "ts":"3286675574", "pid":"1", "tid":"wave"},
{"name":"ModelSetRunClock", "ph":"B", "ts":"3289993019", "pid":"1", "tid":"wave"},
{"name":"ModelSetRunClock", "ph":"E", "ts":"3289993174", "pid":"1", "tid":"wave"},
{"name":"ModelAdvance", "ph":"B", "ts":"3289993253", "pid":"1", "tid":"wave"},
{"name":"ModelAdvance", "ph":"E", "ts":"3294732212", "pid":"1", "tid":"wave"},
{"name":"ModelSetRunClock", "ph":"B", "ts":"3298783752", "pid":"1", "tid":"wave"},
{"name":"ModelSetRunClock", "ph":"E", "ts":"3298783788", "pid":"1", "tid":"wave"},
{"name":"ModelAdvance", "ph":"B", "ts":"3298783867", "pid":"1", "tid":"wave"},
{"name":"ModelAdvance", "ph":"E", "ts":"3303576931", "pid":"1", "tid":"wave"},
{"name":"ModelSetRunClock", "ph":"B", "ts":"3306624797", "pid":"1", "tid":"wave"},
{"name":"ModelSetRunClock", "ph":"E", "ts":"3306624853", "pid":"1", "tid":"wave"},
{"name":"ModelAdvance", "ph":"B", "ts":"3306624935", "pid":"1", "tid":"wave"},
{"name":"ModelAdvance", "ph":"E", "ts":"3311365899", "pid":"1", "tid":"wave"},
{"name":"ModelSetRunClock", "ph":"B", "ts":"3315218541", "pid":"1", "tid":"wave"},
{"name":"ModelSetRunClock", "ph":"E", "ts":"3315218579", "pid":"1", "tid":"wave"},
{"name":"ModelAdvance", "ph":"B", "ts":"3315218659", "pid":"1", "tid":"wave"},
{"name":"ModelAdvance", "ph":"E", "ts":"3319952419", "pid":"1", "tid":"wave"},
{"name":"ModelSetRunClock", "ph":"B", "ts":"3323362417", "pid":"1", "tid":"wave"},
{"name":"ModelSetRunClock", "ph":"E", "ts":"3323362451", "pid":"1", "tid":"wave"},
{"name":"ModelAdvance", "ph":"B", "ts":"3323362531", "pid":"1", "tid":"wave"},
{"name":"ModelAdvance", "ph":"E", "ts":"3328077880", "pid":"1", "tid":"wave"},
{"name":"ModelSetRunClock", "ph":"B", "ts":"3331859670", "pid":"1", "tid":"wave"},
{"name":"ModelSetRunClock", "ph":"E", "ts":"3331859708", "pid":"1", "tid":"wave"},
{"name":"ModelAdvance", "ph":"B", "ts":"3331859789", "pid":"1", "tid":"wave"},
{"name":"ModelAdvance", "ph":"E", "ts":"3336515370", "pid":"1", "tid":"wave"},
{"name":"ModelSetRunClock", "ph":"B", "ts":"3339860674", "pid":"1", "tid":"wave"},
{"name":"ModelSetRunClock", "ph":"E", "ts":"3339860825", "pid":"1", "tid":"wave"},
{"name":"ModelAdvance", "ph":"B", "ts":"3339860914", "pid":"1", "tid":"wave"},
{"name":"ModelAdvance", "ph":"E", "ts":"3344482002", "pid":"1", "tid":"wave"},
{"name":"ModelSetRunClock", "ph":"B", "ts":"3348463619", "pid":"1", "tid":"wave"},
{"name":"ModelSetRunClock", "ph":"E", "ts":"3348463658", "pid":"1", "tid":"wave"},
{"name":"ModelAdvance", "ph":"B", "ts":"3348463739", "pid":"1", "tid":"wave"},
{"name":"ModelAdvance", "ph":"E", "ts":"3353046272", "pid":"1", "tid":"wave"},
{"name":"ModelSetRunClock", "ph":"B", "ts":"3356238333", "pid":"1", "tid":"wave"},
{"name":"ModelSetRunClock", "ph":"E", "ts":"3356238380", "pid":"1", "tid":"wave"},
{"name":"ModelAdvance", "ph":"B", "ts":"3356238462", "pid":"1", "tid":"wave"},
{"name":"ModelAdvance", "ph":"E", "ts":"3360799891", "pid":"1", "tid":"wave"},
{"name":"ModelSetRunClock", "ph":"B", "ts":"3364581600", "pid":"1", "tid":"wave"},
{"name":"ModelSetRunClock", "ph":"E", "ts":"3364581649", "pid":"1", "tid":"wave"},
{"name":"ModelAdvance", "ph":"B", "ts":"3364581736", "pid":"1", "tid":"wave"},
{"name":"ModelAdvance", "ph":"E", "ts":"3369122281", "pid":"1", "tid":"wave"},
{"name":"ModelSetRunClock", "ph":"B", "ts":"3372263919", "pid":"1", "tid":"wave"},
{"name":"ModelSetRunClock", "ph":"E", "ts":"3372264100", "pid":"1", "tid":"wave"},
{"name":"ModelAdvance", "ph":"B", "ts":"3372264202", "pid":"1", "tid":"wave"},
{"name":"ModelAdvance", "ph":"E", "ts":"3376815928", "pid":"1", "tid":"wave"},
{"name":"ModelSetRunClock", "ph":"B", "ts":"3380600841", "pid":"1", "tid":"wave"},
{"name":"ModelSetRunClock", "ph":"E", "ts":"3380600880", "pid":"1", "tid":"wave"},
{"name":"ModelAdvance", "ph":"B", "ts":"3380600966", "pid":"1", "tid":"wave"},
{"name":"ModelAdvance", "ph":"E", "ts":"3385147099", "pid":"1", "tid":"wave"},
{"name":"ModelSetRunClock", "ph":"B", "ts":"3388423790", "pid":"1", "tid":"wave"},
{"name":"ModelSetRunClock", "ph":"E", "ts":"3388423828", "pid":"1", "tid":"wave"},
{"name":"ModelAdvance", "ph":"B", "ts":"3388423907", "pid":"1", "tid":"wave"},
{"name":"ModelAdvance", "ph":"E", "ts":"3393055121", "pid":"1", "tid":"wave"},
{"name":"ModelSetRunClock", "ph":"B", "ts":"3396810296", "pid":"1", "tid":"wave"},
{"name":"ModelSetRunClock", "ph":"E", "ts":"3396810340", "pid":"1", "tid":"wave"},
{"name":"ModelAdvance", "ph":"B", "ts":"3396810434", "pid":"1", "tid":"wave"},
{"name":"ModelAdvance", "ph":"E", "ts":"3401377973", "pid":"1", "tid":"wave"},
{"name":"ModelSetRunClock", "ph":"B", "ts":"3404686362", "pid":"1", "tid":"wave"},
{"name":"ModelSetRunClock", "ph":"E", "ts":"3404686410", "pid":"1", "tid":"wave"},
{"name":"ModelAdvance", "ph":"B", "ts":"3404686504", "pid":"1", "tid":"wave"},
{"name":"ModelAdvance", "ph":"E", "ts":"3409287691", "pid":"1", "tid":"wave"},
{"name":"ModelSetRunClock", "ph":"B", "ts":"3413139843", "pid":"1", "tid":"wave"},
{"name":"ModelSetRunClock", "ph":"E", "ts":"3413139879", "pid":"1", "tid":"wave"},
{"name":"ModelAdvance", "ph":"B", "ts":"3413139965", "pid":"1", "tid":"wave"},
{"name":"ModelAdvance", "ph":"E", "ts":"3417723222", "pid":"1", "tid":"wave"},
{"name":"ModelSetRunClock", "ph":"B", "ts":"3420882955", "pid":"1", "tid":"wave"},
{"name":"ModelSetRunClock", "ph":"E", "ts":"3420882992", "pid":"1", "tid":"wave"},
{"name":"ModelAdvance", "ph":"B", "ts":"3420883077", "pid":"1", "tid":"wave"},
{"name":"ModelAdvance", "ph":"E", "ts":"3425410145", "pid":"1", "tid":"wave"},
{"name":"ModelSetRunClock", "ph":"B", "ts":"3429319776", "pid":"1", "tid":"wave"},
{"name":"ModelSetRunClock", "ph":"E", "ts":"3429319817", "pid":"1", "tid":"wave"},
{"name":"ModelAdvance", "ph":"B", "ts":"3429319898", "pid":"1", "tid":"wave"},
{"name":"ModelAdvance", "ph":"E", "ts":"3433882609", "pid":"1", "tid":"wave"},
{"name":"ModelSetRunClock", "ph":"B", "ts":"3437059172", "pid":"1", "tid":"wave"},
{"name":"ModelSetRunClock", "ph":"E", "ts":"3437059212", "pid":"1", "tid":"wave"},
{"name":"ModelAdvance", "ph":"B", "ts":"3437059296", "pid":"1", "tid":"wave"},
{"name":"ModelAdvance", "ph":"E", "ts":"3441656520", "pid":"1", "tid":"wave"},
{"name":"ModelSetRunClock", "ph":"B", "ts":"3445481178", "pid":"1", "tid":"wave"},
{"name":"ModelSetRunClock", "ph":"E", "ts":"3445481243", "pid":"1", "tid":"wave"},
{"name":"ModelAdvance", "ph":"B", "ts":"3445481343", "pid":"1", "tid":"wave"},
{"name":"ModelAdvance", "ph":"E", "ts":"3450099391", "pid":"1", "tid":"wave"},
{"name":"ModelSetRunClock", "ph":"B", "ts":"3453206952", "pid":"1", "tid":"wave"},
{"name":"ModelSetRunClock", "ph":"E", "ts":"3453206989", "pid":"1", "tid":"wave"},
{"name":"ModelAdvance", "ph":"B", "ts":"3453207074", "pid":"1", "tid":"wave"},
{"name":"ModelAdvance", "ph":"E", "ts":"3457873699", "pid":"1", "tid":"wave"},
{"name":"ModelSetRunClock", "ph":"B", "ts":"3461546193", "pid":"1", "tid":"wave"},
{"name":"ModelSetRunClock", "ph":"E", "ts":"3461546320", "pid":"1", "tid":"wave"},
{"name":"ModelAdvance", "ph":"B", "ts":"3461546405", "pid":"1", "tid":"wave"},
{"name":"ModelAdvance", "ph":"E", "ts":"3466304052", "pid":"1", "tid":"wave"},
{"name":"ModelSetRunClock", "ph":"B", "ts":"3469762679", "pid":"1", "tid":"wave"},
{"name":"ModelSetRunClock", "ph":"E", "ts":"3469762716", "pid":"1", "tid":"wave"},
{"name":"ModelAdvance", "ph":"B", "ts":"3469762797", "pid":"1", "tid":"wave"},
{"name":"ModelAdvance", "ph":"E", "ts":"3474609822", "pid":"1", "tid":"wave"},
{"name":"ModelSetRunClock", "ph":"B", "ts":"3478025604", "pid":"1", "tid":"wave"},
{"name":"ModelSetRunClock", "ph":"E", "ts":"3478025637", "pid":"1", "tid":"wave"},
{"name":"ModelAdvance", "ph":"B", "ts":"3478025719", "pid":"1", "tid":"wave"},
{"name":"ModelAdvance", "ph":"E", "ts":"3482915937", "pid":"1", "tid":"wave"},
{"name":"ModelSetRunClock", "ph":"B", "ts":"3485692198", "pid":"1", "tid":"wave"},
{"name":"ModelSetRunClock", "ph":"E", "ts":"3485693177", "pid":"1", "tid":"wave"},
{"name":"ModelAdvance", "ph":"B", "ts":"3485693298", "pid":"1", "tid":"wave"},
{"name":"ModelAdvance", "ph":"E", "ts":"3490578826", "pid":"1", "tid":"wave"},
{"name":"ModelSetRunClock", "ph":"B", "ts":"3494045728", "pid":"1", "tid":"wave"},
{"name":"ModelSetRunClock", "ph":"E", "ts":"3494045848", "pid":"1", "tid":"wave"},
{"name":"ModelAdvance", "ph":"B", "ts":"3494046003", "pid":"1", "tid":"wave"},
{"name":"ModelAdvance", "ph":"E", "ts":"3498926425", "pid":"1", "tid":"wave"},
{"name":"ModelSetRunClock", "ph":"B", "ts":"3501719296", "pid":"1", "tid":"wave"},
{"name":"ModelSetRunClock", "ph":"E", "ts":"3501719333", "pid":"1", "tid":"wave"},
{"name":"ModelAdvance", "ph":"B", "ts":"3501719413", "pid":"1", "tid":"wave"},
{"name":"ModelAdvance", "ph":"E", "ts":"3506515497", "pid":"1", "tid":"wave"},
{"name":"ModelSetRunClock", "ph":"B", "ts":"3510122865", "pid":"1", "tid":"wave"},
{"name":"ModelSetRunClock", "ph":"E", "ts":"3510122902", "pid":"1", "tid":"wave"},
{"name":"ModelAdvance", "ph":"B", "ts":"3510122986", "pid":"1", "tid":"wave"},
{"name":"ModelAdvance", "ph":"E", "ts":"3514848253", "pid":"1", "tid":"wave"},
{"name":"ModelSetRunClock", "ph":"B", "ts":"3518083621", "pid":"1", "tid":"wave"},
{"name":"ModelSetRunClock", "ph":"E", "ts":"3518083657", "pid":"1", "tid":"wave"},
{"name":"ModelAdvance", "ph":"B", "ts":"3518083738", "pid":"1", "tid":"wave"},
{"name":"ModelAdvance", "ph":"E", "ts":"3522661451", "pid":"1", "tid":"wave"},
{"name":"ModelSetRunClock", "ph":"B", "ts":"3526593161", "pid":"1", "tid":"wave"},
{"name":"ModelSetRunClock", "ph":"E", "ts":"3526593302", "pid":"1", "tid":"wave"},
{"name":"ModelAdvance", "ph":"B", "ts":"3526593432", "pid":"1", "tid":"wave"},
{"name":"ModelAdvance", "ph":"E", "ts":"3531266557", "pid":"1", "tid":"wave"},
{"name":"ModelSetRunClock", "ph":"B", "ts":"3534507089", "pid":"1", "tid":"wave"},
{"name":"ModelSetRunClock", "ph":"E", "ts":"3534507125", "pid":"1", "tid":"wave"},
{"name":"ModelAdvance", "ph":"B", "ts":"3534507209", "pid":"1", "tid":"wave"},
{"name":"ModelAdvance", "ph":"E", "ts":"3539326321", "pid":"1", "tid":"wave"},
{"name":"ModelSetRunClock", "ph":"B", "ts":"3542862448", "pid":"1", "tid":"wave"},
{"name":"ModelSetRunClock", "ph":"E", "ts":"3542862490", "pid":"1", "tid":"wave"},
{"name":"ModelAdvance", "ph":"B", "ts":"3542862571", "pid":"1", "tid":"wave"},
{"name":"ModelAdvance", "ph":"E", "ts":"3547793606", "pid":"1", "tid":"wave"},
{"name":"ModelSetRunClock", "ph":"B", "ts":"3550553057", "pid":"1", "tid":"wave"},
{"name":"ModelSetRunClock", "ph":"E", "ts":"3550553093", "pid":"1", "tid":"wave"},
{"name":"ModelAdvance", "ph":"B", "ts":"3550553173", "pid":"1", "tid":"wave"},
{"name":"ModelAdvance", "ph":"E", "ts":"3555636921", "pid":"1", "tid":"wave"},
{"name":"ModelSetRunClock", "ph":"B", "ts":"3558930236", "pid":"1", "tid":"wave"},
{"name":"ModelSetRunClock", "ph":"E", "ts":"3558930270", "pid":"1", "tid":"wave"},
{"name":"ModelAdvance", "ph":"B", "ts":"3558930351", "pid":"1", "tid":"wave"},
{"name":"ModelAdvance", "ph":"E", "ts":"3564260039", "pid":"1", "tid":"wave"},
{"name":"ModelSetRunClock", "ph":"B", "ts":"3566670684", "pid":"1", "tid":"wave"},
{"name":"ModelSetRunClock", "ph":"E", "ts":"3566670727", "pid":"1", "tid":"wave"},
{"name":"ModelAdvance", "ph":"B", "ts":"3566670814", "pid":"1", "tid":"wave"},
{"name":"ModelAdvance", "ph":"E", "ts":"3572234308", "pid":"1", "tid":"wave"},
{"name":"ModelSetRunClock", "ph":"B", "ts":"3575084195", "pid":"1", "tid":"wave"},
{"name":"ModelSetRunClock", "ph":"E", "ts":"3575084247", "pid":"1", "tid":"wave"},
{"name":"ModelAdvance", "ph":"B", "ts":"3575084336", "pid":"1", "tid":"wave"},
{"name":"ModelAdvance", "ph":"E", "ts":"3580729559", "pid":"1", "tid":"wave"},
{"name":"ModelSetRunClock", "ph":"B", "ts":"3582823585", "pid":"1", "tid":"wave"},
{"name":"ModelSetRunClock", "ph":"E", "ts":"3582823619", "pid":"1", "tid":"wave"},
{"name":"ModelAdvance", "ph":"B", "ts":"3582823707", "pid":"1", "tid":"wave"},
{"name":"ModelAdvance", "ph":"E", "ts":"3588453576", "pid":"1", "tid":"wave"},
{"name":"ModelSetRunClock", "ph":"B", "ts":"3591191680", "pid":"1", "tid":"wave"},
{"name":"ModelSetRunClock", "ph":"E", "ts":"3591191717", "pid":"1", "tid":"wave"},
{"name":"ModelAdvance", "ph":"B", "ts":"3591191799", "pid":"1", "tid":"wave"},
{"name":"ModelAdvance", "ph":"E", "ts":"3596802427", "pid":"1", "tid":"wave"},
{"name":"ModelSetRunClock", "ph":"B", "ts":"3598825690", "pid":"1", "tid":"wave"},
{"name":"ModelSetRunClock", "ph":"E", "ts":"3598825725", "pid":"1", "tid":"wave"},
{"name":"ModelAdvance", "ph":"B", "ts":"3598825813", "pid":"1", "tid":"wave"},
{"name":"ModelAdvance", "ph":"E", "ts":"3604179213", "pid":"1", "tid":"wave"},
{"name":"ModelSetRunClock", "ph":"B", "ts":"3607305647", "pid":"1", "tid":"wave"},
{"name":"ModelSetRunClock", "ph":"E", "ts":"3607305690", "pid":"1", "tid":"wave"},
{"name":"ModelAdvance", "ph":"B", "ts":"3607305778", "pid":"1", "tid":"wave"},
{"name":"ModelAdvance", "ph":"E", "ts":"3612758976", "pid":"1", "tid":"wave"},
{"name":"ModelSetRunClock", "ph":"B", "ts":"3615041944", "pid":"1", "tid":"wave"},
{"name":"ModelSetRunClock", "ph":"E", "ts":"3615042045", "pid":"1", "tid":"wave"},
{"name":"ModelAdvance", "ph":"B", "ts":"3615042121", "pid":"1", "tid":"wave"},
{"name":"ModelAdvance", "ph":"E", "ts":"3620704749", "pid":"1", "tid":"wave"},
{"name":"ModelSetRunClock", "ph":"B", "ts":"3623400541", "pid":"1", "tid":"wave"},
{"name":"ModelSetRunClock", "ph":"E", "ts":"3623400583", "pid":"1", "tid":"wave"},
{"name":"ModelAdvance", "ph":"B", "ts":"3623400677", "pid":"1", "tid":"wave"},
{"name":"ModelAdvance", "ph":"E", "ts":"3629196918", "pid":"1", "tid":"wave"},
{"name":"ModelFinalize", "ph":"B", "ts":"3629202865", "pid":"1", "tid":"wave"},
{"name":"ModelFinalize", "ph":"E", "ts":"3629202883", "pid":"1", "tid":"wave"},
