{"name":"SetServices", "ph":"B", "ts":"2544133625", "pid":"1", "tid":"mom"},
{"name":"SetServices", "ph":"E", "ts":"2544224464", "pid":"1", "tid":"mom"},
{"name":"InitializeP0", "ph":"B", "ts":"2545299286", "pid":"1", "tid":"mom"},
{"name":"InitializeP0", "ph":"E", "ts":"2545299709", "pid":"1", "tid":"mom"},
{"name":"InitializeAdvertise", "ph":"B", "ts":"2569035592", "pid":"1", "tid":"mom"},
{"name":"InitializeAdvertise", "ph":"E", "ts":"2626805426", "pid":"1", "tid":"mom"},
{"name":"InitializeRealize", "ph":"B", "ts":"2754316824", "pid":"1", "tid":"mom"},
{"name":"InitializeRealize", "ph":"E", "ts":"2759676051", "pid":"1", "tid":"mom"},
{"name":"DataInitialize", "ph":"B", "ts":"2796564645", "pid":"1", "tid":"mom"},
{"name":"DataInitialize", "ph":"E", "ts":"2796565757", "pid":"1", "tid":"mom"},
{"name":"ModelSetRunClock", "ph":"B", "ts":"2852506269", "pid":"1", "tid":"mom"},
{"name":"ModelSetRunClock", "ph":"E", "ts":"2852515418", "pid":"1", "tid":"mom"},
{"name":"ModelAdvance", "ph":"B", "ts":"2852515598", "pid":"1", "tid":"mom"},
{"name":"ModelAdvance", "ph":"E", "ts":"2858543852", "pid":"1", "tid":"mom"},
{"name":"ModelSetRunClock", "ph":"B", "ts":"2864903298", "pid":"1", "tid":"mom"},
{"name":"ModelSetRunClock", "ph":"E", "ts":"2864903367", "pid":"1", "tid":"mom"},
{"name":"ModelAdvance", "ph":"B", "ts":"2864903532", "pid":"1", "tid":"mom"},
{"name":"ModelAdvance", "ph":"E", "ts":"2870271842", "pid":"1", "tid":"mom"},
{"name":"ModelSetRunClock", "ph":"B", "ts":"2872783093", "pid":"1", "tid":"mom"},
{"name":"ModelSetRunClock", "ph":"E", "ts":"2872783162", "pid":"1", "tid":"mom"},
{"name":"ModelAdvance", "ph":"B", "ts":"2872783331", "pid":"1", "tid":"mom"},
{"name":"ModelAdvance", "ph":"E", "ts":"2878154598", "pid":"1", "tid":"mom"},
{"name":"ModelSetRunClock", "ph":"B", "ts":"2881261715", "pid":"1", "tid":"mom"},
{"name":"ModelSetRunClock", "ph":"E", "ts":"2881261788", "pid":"1", "tid":"mom"},
{"name":"ModelAdvance", "ph":"B", "ts":"2881261956", "pid":"1", "tid":"mom"},
{"name":"ModelAdvance", "ph":"E", "ts":"2886610978", "pid":"1", "tid":"mom"},
{"name":"ModelSetRunClock", "ph":"B", "ts":"2889135330", "pid":"1", "tid":"mom"},
{"name":"ModelSetRunClock", "ph":"E", "ts":"2889135421", "pid":"1", "tid":"mom"},
{"name":"ModelAdvance", "ph":"B", "ts":"2889135599", "pid":"1", "tid":"mom"},
{"name":"ModelAdvance", "ph":"E", "ts":"2894494432", "pid":"1", "tid":"mom"},
{"name":"ModelSetRunClock", "ph":"B", "ts":"2897650185", "pid":"1", "tid":"mom"},
{"name":"ModelSetRunClock", "ph":"E", "ts":"2897650249", "pid":"1", "tid":"mom"},
{"name":"ModelAdvance", "ph":"B", "ts":"2897650410", "pid":"1", "tid":"mom"},
{"name":"ModelAdvance", "ph":"E", "ts":"2903113933", "pid":"1", "tid":"mom"},
{"name":"ModelSetRunClock", "ph":"B", "ts":"2923132330", "pid":"1", "tid":"mom"},
{"name":"ModelSetRunClock", "ph":"E", "ts":"2923132633", "pid":"1", "tid":"mom"},
{"name":"ModelAdvance", "ph":"B", "ts":"2923132810", "pid":"1", "tid":"mom"},
{"name":"ModelAdvance", "ph":"E", "ts":"2928527568", "pid":"1", "tid":"mom"},
{"name":"ModelSetRunClock", "ph":"B", "ts":"2931713062", "pid":"1", "tid":"mom"},
{"name":"ModelSetRunClock", "ph":"E", "ts":"2931713124", "pid":"1", "tid":"mom"},
{"name":"ModelAdvance", "ph":"B", "ts":"2931713279", "pid":"1", "tid":"mom"},
{"name":"ModelAdvance", "ph":"E", "ts":"2937093707", "pid":"1", "tid":"mom"},
{"name":"ModelSetRunClock", "ph":"B", "ts":"2939602345", "pid":"1", "tid":"mom"},
{"name":"ModelSetRunClock", "ph":"E", "ts":"2939602420", "pid":"1", "tid":"mom"},
{"name":"ModelAdvance", "ph":"B", "ts":"2939602580", "pid":"1", "tid":"mom"},
{"name":"ModelAdvance", "ph":"E", "ts":"2945005285", "pid":"1", "tid":"mom"},
{"name":"ModelSetRunClock", "ph":"B", "ts":"2948185387", "pid":"1", "tid":"mom"},
{"name":"ModelSetRunClock", "ph":"E", "ts":"2948185447", "pid":"1", "tid":"mom"},
{"name":"ModelAdvance", "ph":"B", "ts":"2948185606", "pid":"1", "tid":"mom"},
{"name":"ModelAdvance", "ph":"E", "ts":"2953588684", "pid":"1", "tid":"mom"},
{"name":"ModelSetRunClock", "ph":"B", "ts":"2956246758", "pid":"1", "tid":"mom"},
{"name":"ModelSetRunClock", "ph":"E", "ts":"2956246994", "pid":"1", "tid":"mom"},
{"name":"ModelAdvance", "ph":"B", "ts":"2956247209", "pid":"1", "tid":"mom"},
{"name":"ModelAdvance", "ph":"E", "ts":"2961607282", "pid":"1", "tid":"mom"},
{"name":"ModelSetRunClock", "ph":"B", "ts":"2964809638", "pid":"1", "tid":"mom"},
{"name":"ModelSetRunClock", "ph":"E", "ts":"2964809705", "pid":"1", "tid":"mom"},
{"name":"ModelAdvance", "ph":"B", "ts":"2964809867", "pid":"1", "tid":"mom"},
{"name":"ModelAdvance", "ph":"E", "ts":"2970093655", "pid":"1", "tid":"mom"},
{"name":"ModelSetRunClock", "ph":"B", "ts":"2972781916", "pid":"1", "tid":"mom"},
{"name":"ModelSetRunClock", "ph":"E", "ts":"2972782028", "pid":"1", "tid":"mom"},
{"name":"ModelAdvance", "ph":"B", "ts":"2972782238", "pid":"1", "tid":"mom"},
{"name":"ModelAdvance", "ph":"E", "ts":"2978001637", "pid":"1", "tid":"mom"},
{"name":"ModelSetRunClock", "ph":"B", "ts":"2981300560", "pid":"1", "tid":"mom"},
{"name":"ModelSetRunClock", "ph":"E", "ts":"2981300628", "pid":"1", "tid":"mom"},
{"name":"ModelAdvance", "ph":"B", "ts":"2981300784", "pid":"1", "tid":"mom"},
{"name":"ModelAdvance", "ph":"E", "ts":"2986524564", "pid":"1", "tid":"mom"},
{"name":"ModelSetRunClock", "ph":"B", "ts":"2989373142", "pid":"1", "tid":"mom"},
{"name":"ModelSetRunClock", "ph":"E", "ts":"2989373252", "pid":"1", "tid":"mom"},
{"name":"ModelAdvance", "ph":"B", "ts":"2989373466", "pid":"1", "tid":"mom"},
{"name":"ModelAdvance", "ph":"E", "ts":"2994627510", "pid":"1", "tid":"mom"},
{"name":"ModelSetRunClock", "ph":"B", "ts":"2998213229", "pid":"1", "tid":"mom"},
{"name":"ModelSetRunClock", "ph":"E", "ts":"2998213295", "pid":"1", "tid":"mom"},
{"name":"ModelAdvance", "ph":"B", "ts":"2998213457", "pid":"1", "tid":"mom"},
{"name":"ModelAdvance", "ph":"E", "ts":"3003465985", "pid":"1", "tid":"mom"},
{"name":"ModelSetRunClock", "ph":"B", "ts":"3006620788", "pid":"1", "tid":"mom"},
{"name":"ModelSetRunClock", "ph":"E", "ts":"3006620862", "pid":"1", "tid":"mom"},
{"name":"ModelAdvance", "ph":"B", "ts":"3006621024", "pid":"1", "tid":"mom"},
{"name":"ModelAdvance", "ph":"E", "ts":"3011852754", "pid":"1", "tid":"mom"},
{"name":"ModelSetRunClock", "ph":"B", "ts":"3015660397", "pid":"1", "tid":"mom"},
{"name":"ModelSetRunClock", "ph":"E", "ts":"3015660485", "pid":"1", "tid":"mom"},
{"name":"ModelAdvance", "ph":"B", "ts":"3015660706", "pid":"1", "tid":"mom"},
{"name":"ModelAdvance", "ph":"E", "ts":"3020938463", "pid":"1", "tid":"mom"},
{"name":"ModelSetRunClock", "ph":"B", "ts":"3024139381", "pid":"1", "tid":"mom"},
{"name":"ModelSetRunClock", "ph":"E", "ts":"3024139502", "pid":"1", "tid":"mom"},
{"name":"ModelAdvance", "ph":"B", "ts":"3024139749", "pid":"1", "tid":"mom"},
{"name":"ModelAdvance", "ph":"E", "ts":"3029365462", "pid":"1", "tid":"mom"},
{"name":"ModelSetRunClock", "ph":"B", "ts":"3033054210", "pid":"1", "tid":"mom"},
{"name":"ModelSetRunClock", "ph":"E", "ts":"3033054275", "pid":"1", "tid":"mom"},
{"name":"ModelAdvance", "ph":"B", "ts":"3033054428", "pid":"1", "tid":"mom"},
{"name":"ModelAdvance", "ph":"E", "ts":"3038305773", "pid":"1", "tid":"mom"},
{"name":"ModelSetRunClock", "ph":"B", "ts":"3041474712", "pid":"1", "tid":"mom"},
{"name":"ModelSetRunClock", "ph":"E", "ts":"3041474805", "pid":"1", "tid":"mom"},
{"name":"ModelAdvance", "ph":"B", "ts":"3041475004", "pid":"1", "tid":"mom"},
{"name":"ModelAdvance", "ph":"E", "ts":"3046698267", "pid":"1", "tid":"mom"},
{"name":"ModelSetRunClock", "ph":"B", "ts":"3050781970", "pid":"1", "tid":"mom"},
{"name":"ModelSetRunClock", "ph":"E", "ts":"3050782169", "pid":"1", "tid":"mom"},
{"name":"ModelAdvance", "ph":"B", "ts":"3050782370", "pid":"1", "tid":"mom"},
{"name":"ModelAdvance", "ph":"E", "ts":"3056014482", "pid":"1", "tid":"mom"},
{"name":"ModelSetRunClock", "ph":"B", "ts":"3059558110", "pid":"1", "tid":"mom"},
{"name":"ModelSetRunClock", "ph":"E", "ts":"3059558395", "pid":"1", "tid":"mom"},
{"name":"ModelAdvance", "ph":"B", "ts":"3059558608", "pid":"1", "tid":"mom"},
{"name":"ModelAdvance", "ph":"E", "ts":"3064761034", "pid":"1", "tid":"mom"},
{"name":"ModelSetRunClock", "ph":"B", "ts":"3068651708", "pid":"1", "tid":"mom"},
{"name":"ModelSetRunClock", "ph":"E", "ts":"3068651947", "pid":"1", "tid":"mom"},
{"name":"ModelAdvance", "ph":"B", "ts":"3068652156", "pid":"1", "tid":"mom"},
{"name":"ModelAdvance", "ph":"E", "ts":"3073912555", "pid":"1", "tid":"mom"},
{"name":"ModelSetRunClock", "ph":"B", "ts":"3077008338", "pid":"1", "tid":"mom"},
{"name":"ModelSetRunClock", "ph":"E", "ts":"3077008399", "pid":"1", "tid":"mom"},
{"name":"ModelAdvance", "ph":"B", "ts":"3077008557", "pid":"1", "tid":"mom"},
{"name":"ModelAdvance", "ph":"E", "ts":"3082193129", "pid":"1", "tid":"mom"},
{"name":"ModelSetRunClock", "ph":"B", "ts":"3085452390", "pid":"1", "tid":"mom"},
{"name":"ModelSetRunClock", "ph":"E", "ts":"3085452442", "pid":"1", "tid":"mom"},
{"name":"ModelAdvance", "ph":"B", "ts":"3085452591", "pid":"1", "tid":"mom"},
{"name":"ModelAdvance", "ph":"E", "ts":"3090644581", "pid":"1", "tid":"mom"},
{"name":"ModelSetRunClock", "ph":"B", "ts":"3093597489", "pid":"1", "tid":"mom"},
{"name":"ModelSetRunClock", "ph":"E", "ts":"3093597559", "pid":"1", "tid":"mom"},
{"name":"ModelAdvance", "ph":"B", "ts":"3093597729", "pid":"1", "tid":"mom"},
{"name":"ModelAdvance", "ph":"E", "ts":"3098761135", "pid":"1", "tid":"mom"},
{"name":"ModelSetRunClock", "ph":"B", "ts":"3101900883", "pid":"1", "tid":"mom"},
{"name":"ModelSetRunClock", "ph":"E", "ts":"3101900954", "pid":"1", "tid":"mom"},
{"name":"ModelAdvance", "ph":"B", "ts":"3101901118", "pid":"1", "tid":"mom"},
{"name":"ModelAdvance", "ph":"E", "ts":"3107054640", "pid":"1", "tid":"mom"},
{"name":"ModelSetRunClock", "ph":"B", "ts":"3109493241", "pid":"1", "tid":"mom"},
{"name":"ModelSetRunClock", "ph":"E", "ts":"3109493309", "pid":"1", "tid":"mom"},
{"name":"ModelAdvance", "ph":"B", "ts":"3109493473", "pid":"1", "tid":"mom"},
{"name":"ModelAdvance", "ph":"E", "ts":"3114649120", "pid":"1", "tid":"mom"},
{"name":"ModelSetRunClock", "ph":"B", "ts":"3117888784", "pid":"1", "tid":"mom"},
{"name":"ModelSetRunClock", "ph":"E", "ts":"3117888856", "pid":"1", "tid":"mom"},
{"name":"ModelAdvance", "ph":"B", "ts":"3117889014", "pid":"1", "tid":"mom"},
{"name":"ModelAdvance", "ph":"E", "ts":"3123121278", "pid":"1", "tid":"mom"},
{"name":"ModelSetRunClock", "ph":"B", "ts":"3126028609", "pid":"1", "tid":"mom"},
{"name":"ModelSetRunClock", "ph":"E", "ts":"3126028672", "pid":"1", "tid":"mom"},
{"name":"ModelAdvance", "ph":"B", "ts":"3126028834", "pid":"1", "tid":"mom"},
{"name":"ModelAdvance", "ph":"E", "ts":"3131188111", "pid":"1", "tid":"mom"},
{"name":"ModelSetRunClock", "ph":"B", "ts":"3134890490", "pid":"1", "tid":"mom"},
{"name":"ModelSetRunClock", "ph":"E", "ts":"3134890564", "pid":"1", "tid":"mom"},
{"name":"ModelAdvance", "ph":"B", "ts":"3134890724", "pid":"1", "tid":"mom"},
{"name":"ModelAdvance", "ph":"E", "ts":"3140078219", "pid":"1", "tid":"mom"},
{"name":"ModelSetRunClock", "ph":"B", "ts":"3142679149", "pid":"1", "tid":"mom"},
{"name":"ModelSetRunClock", "ph":"E", "ts":"3142679223", "pid":"1", "tid":"mom"},
{"name":"ModelAdvance", "ph":"B", "ts":"3142679382", "pid":"1", "tid":"mom"},
{"name":"ModelAdvance", "ph":"E", "ts":"3147845022", "pid":"1", "tid":"mom"},
{"name":"ModelSetRunClock", "ph":"B", "ts":"3151024483", "pid":"1", "tid":"mom"},
{"name":"ModelSetRunClock", "ph":"E", "ts":"3151024581", "pid":"1", "tid":"mom"},
{"name":"ModelAdvance", "ph":"B", "ts":"3151024782", "pid":"1", "tid":"mom"},
{"name":"ModelAdvance", "ph":"E", "ts":"3156180008", "pid":"1", "tid":"mom"},
{"name":"ModelSetRunClock", "ph":"B", "ts":"3159103311", "pid":"1", "tid":"mom"},
{"name":"ModelSetRunClock", "ph":"E", "ts":"3159103400", "pid":"1", "tid":"mom"},
{"name":"ModelAdvance", "ph":"B", "ts":"3159103619", "pid":"1", "tid":"mom"},
{"name":"ModelAdvance", "ph":"E", "ts":"3164297861", "pid":"1", "tid":"mom"},
{"name":"ModelSetRunClock", "ph":"B", "ts":"3167476858", "pid":"1", "tid":"mom"},
{"name":"ModelSetRunClock", "ph":"E", "ts":"3167476924", "pid":"1", "tid":"mom"},
{"name":"ModelAdvance", "ph":"B", "ts":"3167477084", "pid":"1", "tid":"mom"},
{"name":"ModelAdvance", "ph":"E", "ts":"3172729907", "pid":"1", "tid":"mom"},
{"name":"ModelSetRunClock", "ph":"B", "ts":"3175243501", "pid":"1", "tid":"mom"},
{"name":"ModelSetRunClock", "ph":"E", "ts":"3175243611", "pid":"1", "tid":"mom"},
{"name":"ModelAdvance", "ph":"B", "ts":"3175243826", "pid":"1", "tid":"mom"},
{"name":"ModelAdvance", "ph":"E", "ts":"3180442642", "pid":"1", "tid":"mom"},
{"name":"ModelSetRunClock", "ph":"B", "ts":"3183719427", "pid":"1", "tid":"mom"},
{"name":"ModelSetRunClock", "ph":"E", "ts":"3183719522", "pid":"1", "tid":"mom"},
{"name":"ModelAdvance", "ph":"B", "ts":"3183719708", "pid":"1", "tid":"mom"},
{"name":"ModelAdvance", "ph":"E", "ts":"3188953234", "pid":"1", "tid":"mom"},
{"name":"ModelSetRunClock", "ph":"B", "ts":"3191678178", "pid":"1", "tid":"mom"},
{"name":"ModelSetRunClock", "ph":"E", "ts":"3191712557", "pid":"1", "tid":"mom"},
{"name":"ModelAdvance", "ph":"B", "ts":"3191712738", "pid":"1", "tid":"mom"},
{"name":"ModelAdvance", "ph":"E", "ts":"3196931508", "pid":"1", "tid":"mom"},
{"name":"ModelSetRunClock", "ph":"B", "ts":"3200554902", "pid":"1", "tid":"mom"},
{"name":"ModelSetRunClock", "ph":"E", "ts":"3200555023", "pid":"1", "tid":"mom"},
{"name":"ModelAdvance", "ph":"B", "ts":"3200555235", "pid":"1", "tid":"mom"},
{"name":"ModelAdvance", "ph":"E", "ts":"3205743584", "pid":"1", "tid":"mom"},
{"name":"ModelSetRunClock", "ph":"B", "ts":"3208949706", "pid":"1", "tid":"mom"},
{"name":"ModelSetRunClock", "ph":"E", "ts":"3208949769", "pid":"1", "tid":"mom"},
{"name":"ModelAdvance", "ph":"B", "ts":"3208949920", "pid":"1", "tid":"mom"},
{"name":"ModelAdvance", "ph":"E", "ts":"3214139696", "pid":"1", "tid":"mom"},
{"name":"ModelSetRunClock", "ph":"B", "ts":"3218123218", "pid":"1", "tid":"mom"},
{"name":"ModelSetRunClock", "ph":"E", "ts":"3218123333", "pid":"1", "tid":"mom"},
{"name":"ModelAdvance", "ph":"B", "ts":"3218123547", "pid":"1", "tid":"mom"},
{"name":"ModelAdvance", "ph":"E", "ts":"3223386399", "pid":"1", "tid":"mom"},
{"name":"ModelSetRunClock", "ph":"B", "ts":"3226503077", "pid":"1", "tid":"mom"},
{"name":"ModelSetRunClock", "ph":"E", "ts":"3226503167", "pid":"1", "tid":"mom"},
{"name":"ModelAdvance", "ph":"B", "ts":"3226503338", "pid":"1", "tid":"mom"},
{"name":"ModelAdvance", "ph":"E", "ts":"3231666500", "pid":"1", "tid":"mom"},
{"name":"ModelSetRunClock", "ph":"B", "ts":"3249173193", "pid":"1", "tid":"mom"},
{"name":"ModelSetRunClock", "ph":"E", "ts":"3249173534", "pid":"1", "tid":"mom"},
{"name":"ModelAdvance", "ph":"B", "ts":"3249173766", "pid":"1", "tid":"mom"},
{"name":"ModelAdvance", "ph":"E", "ts":"3254324225", "pid":"1", "tid":"mom"},
{"name":"ModelSetRunClock", "ph":"B", "ts":"3257103261", "pid":"1", "tid":"mom"},
{"name":"ModelSetRunClock", "ph":"E", "ts":"3257103324", "pid":"1", "tid":"mom"},
{"name":"ModelAdvance", "ph":"B", "ts":"3257103476", "pid":"1", "tid":"mom"},
{"name":"ModelAdvance", "ph":"E", "ts":"3262250713", "pid":"1", "tid":"mom"},
{"name":"ModelSetRunClock", "ph":"B", "ts":"3265671414", "pid":"1", "tid":"mom"},
{"name":"ModelSetRunClock", "ph":"E", "ts":"3265671528", "pid":"1", "tid":"mom"},
{"name":"ModelAdvance", "ph":"B", "ts":"3265671743", "pid":"1", "tid":"mom"},
{"name":"ModelAdvance", "ph":"E", "ts":"3270820728", "pid":"1", "tid":"mom"},
{"name":"ModelSetRunClock", "ph":"B", "ts":"3273504680", "pid":"1", "tid":"mom"},
{"name":"ModelSetRunClock", "ph":"E", "ts":"3273504739", "pid":"1", "tid":"mom"},
{"name":"ModelAdvance", "ph":"B", "ts":"3273504898", "pid":"1", "tid":"mom"},
{"name":"ModelAdvance", "ph":"E", "ts":"3278667713", "pid":"1", "tid":"mom"},
{"name":"ModelSetRunClock", "ph":"B", "ts":"3281913503", "pid":"1", "tid":"mom"},
{"name":"ModelSetRunClock", "ph":"E", "ts":"3281913574", "pid":"1", "tid":"mom"},
{"name":"ModelAdvance", "ph":"B", "ts":"3281913733", "pid":"1", "tid":"mom"},
{"name":"ModelAdvance", "ph":"E", "ts":"3287141856", "pid":"1", "tid":"mom"},
{"name":"ModelSetRunClock", "ph":"B", "ts":"3290005211", "pid":"1", "tid":"mom"},
{"name":"ModelSetRunClock", "ph":"E", "ts":"3290005313", "pid":"1", "tid":"mom"},
{"name":"ModelAdvance", "ph":"B", "ts":"3290005532", "pid":"1", "tid":"mom"},
{"name":"ModelAdvance", "ph":"E", "ts":"3295202313", "pid":"1", "tid":"mom"},
{"name":"ModelSetRunClock", "ph":"B", "ts":"3298794722", "pid":"1", "tid":"mom"},
{"name":"ModelSetRunClock", "ph":"E", "ts":"3298794795", "pid":"1", "tid":"mom"},
{"name":"ModelAdvance", "ph":"B", "ts":"3298794956", "pid":"1", "tid":"mom"},
{"name":"ModelAdvance", "ph":"E", "ts":"3303988415", "pid":"1", "tid":"mom"},
{"name":"ModelSetRunClock", "ph":"B", "ts":"3306631183", "pid":"1", "tid":"mom"},
{"name":"ModelSetRunClock", "ph":"E", "ts":"3306631246", "pid":"1", "tid":"mom"},
{"name":"ModelAdvance", "ph":"B", "ts":"3306631400", "pid":"1", "tid":"mom"},
{"name":"ModelAdvance", "ph":"E", "ts":"3311830971", "pid":"1", "tid":"mom"},
{"name":"ModelSetRunClock", "ph":"B", "ts":"3315230222", "pid":"1", "tid":"mom"},
{"name":"ModelSetRunClock", "ph":"E", "ts":"3315230479", "pid":"1", "tid":"mom"},
{"name":"ModelAdvance", "ph":"B", "ts":"3315230704", "pid":"1", "tid":"mom"},
{"name":"ModelAdvance", "ph":"E", "ts":"3320451249", "pid":"1", "tid":"mom"},
{"name":"ModelSetRunClock", "ph":"B", "ts":"3323374495", "pid":"1", "tid":"mom"},
{"name":"ModelSetRunClock", "ph":"E", "ts":"3323374615", "pid":"1", "tid":"mom"},
{"name":"ModelAdvance", "ph":"B", "ts":"3323374817", "pid":"1", "tid":"mom"},
{"name":"ModelAdvance", "ph":"E", "ts":"3328580861", "pid":"1", "tid":"mom"},
{"name":"ModelSetRunClock", "ph":"B", "ts":"3331871691", "pid":"1", "tid":"mom"},
{"name":"ModelSetRunClock", "ph":"E", "ts":"3331871780", "pid":"1", "tid":"mom"},
{"name":"ModelAdvance", "ph":"B", "ts":"3331871991", "pid":"1", "tid":"mom"},
{"name":"ModelAdvance", "ph":"E", "ts":"3337103728", "pid":"1", "tid":"mom"},
{"name":"ModelSetRunClock", "ph":"B", "ts":"3339871990", "pid":"1", "tid":"mom"},
{"name":"ModelSetRunClock", "ph":"E", "ts":"3339872077", "pid":"1", "tid":"mom"},
{"name":"ModelAdvance", "ph":"B", "ts":"3339872290", "pid":"1", "tid":"mom"},
{"name":"ModelAdvance", "ph":"E", "ts":"3345057263", "pid":"1", "tid":"mom"},
{"name":"ModelSetRunClock", "ph":"B", "ts":"3348475813", "pid":"1", "tid":"mom"},
{"name":"ModelSetRunClock", "ph":"E", "ts":"3348475917", "pid":"1", "tid":"mom"},
{"name":"ModelAdvance", "ph":"B", "ts":"3348476122", "pid":"1", "tid":"mom"},
{"name":"ModelAdvance", "ph":"E", "ts":"3353647406", "pid":"1", "tid":"mom"},
{"name":"ModelSetRunClock", "ph":"B", "ts":"3356240581", "pid":"1", "tid":"mom"},
{"name":"ModelSetRunClock", "ph":"E", "ts":"3356240724", "pid":"1", "tid":"mom"},
{"name":"ModelAdvance", "ph":"B", "ts":"3356240885", "pid":"1", "tid":"mom"},
{"name":"ModelAdvance", "ph":"E", "ts":"3361416017", "pid":"1", "tid":"mom"},
{"name":"ModelSetRunClock", "ph":"B", "ts":"3364593166", "pid":"1", "tid":"mom"},
{"name":"ModelSetRunClock", "ph":"E", "ts":"3364593257", "pid":"1", "tid":"mom"},
{"name":"ModelAdvance", "ph":"B", "ts":"3364593475", "pid":"1", "tid":"mom"},
{"name":"ModelAdvance", "ph":"E", "ts":"3369769941", "pid":"1", "tid":"mom"},
{"name":"ModelSetRunClock", "ph":"B", "ts":"3372274599", "pid":"1", "tid":"mom"},
{"name":"ModelSetRunClock", "ph":"E", "ts":"3372274680", "pid":"1", "tid":"mom"},
{"name":"ModelAdvance", "ph":"B", "ts":"3372274851", "pid":"1", "tid":"mom"},
{"name":"ModelAdvance", "ph":"E", "ts":"3377443603", "pid":"1", "tid":"mom"},
{"name":"ModelSetRunClock", "ph":"B", "ts":"3380612452", "pid":"1", "tid":"mom"},
{"name":"ModelSetRunClock", "ph":"E", "ts":"3380612538", "pid":"1", "tid":"mom"},
{"name":"ModelAdvance", "ph":"B", "ts":"3380612734", "pid":"1", "tid":"mom"},
{"name":"ModelAdvance", "ph":"E", "ts":"3385840782", "pid":"1", "tid":"mom"},
{"name":"ModelSetRunClock", "ph":"B", "ts":"3388434747", "pid":"1", "tid":"mom"},
{"name":"ModelSetRunClock", "ph":"E", "ts":"3388434939", "pid":"1", "tid":"mom"},
{"name":"ModelAdvance", "ph":"B", "ts":"3388435115", "pid":"1", "tid":"mom"},
{"name":"ModelAdvance", "ph":"E", "ts":"3393589763", "pid":"1", "tid":"mom"},
{"name":"ModelSetRunClock", "ph":"B", "ts":"3396820971", "pid":"1", "tid":"mom"},
{"name":"ModelSetRunClock", "ph":"E", "ts":"3396821051", "pid":"1", "tid":"mom"},
{"name":"ModelAdvance", "ph":"B", "ts":"3396821463", "pid":"1", "tid":"mom"},
{"name":"ModelAdvance", "ph":"E", "ts":"3401956060", "pid":"1", "tid":"mom"},
{"name":"ModelSetRunClock", "ph":"B", "ts":"3404698594", "pid":"1", "tid":"mom"},
{"name":"ModelSetRunClock", "ph":"E", "ts":"3404698707", "pid":"1", "tid":"mom"},
{"name":"ModelAdvance", "ph":"B", "ts":"3404698914", "pid":"1", "tid":"mom"},
{"name":"ModelAdvance", "ph":"E", "ts":"3409863964", "pid":"1", "tid":"mom"},
{"name":"ModelSetRunClock", "ph":"B", "ts":"3413150491", "pid":"1", "tid":"mom"},
{"name":"ModelSetRunClock", "ph":"E", "ts":"3413150556", "pid":"1", "tid":"mom"},
{"name":"ModelAdvance", "ph":"B", "ts":"3413150728", "pid":"1", "tid":"mom"},
{"name":"ModelAdvance", "ph":"E", "ts":"3418298601", "pid":"1", "tid":"mom"},
{"name":"ModelSetRunClock", "ph":"B", "ts":"3420894852", "pid":"1", "tid":"mom"},
{"name":"ModelSetRunClock", "ph":"E", "ts":"3420894949", "pid":"1", "tid":"mom"},
{"name":"ModelAdvance", "ph":"B", "ts":"3420895137", "pid":"1", "tid":"mom"},
{"name":"ModelAdvance", "ph":"E", "ts":"3426060900", "pid":"1", "tid":"mom"},
{"name":"ModelSetRunClock", "ph":"B", "ts":"3429330625", "pid":"1", "tid":"mom"},
{"name":"ModelSetRunClock", "ph":"E", "ts":"3429330694", "pid":"1", "tid":"mom"},
{"name":"ModelAdvance", "ph":"B", "ts":"3429330855", "pid":"1", "tid":"mom"},
{"name":"ModelAdvance", "ph":"E", "ts":"3434566630", "pid":"1", "tid":"mom"},
{"name":"ModelSetRunClock", "ph":"B", "ts":"3437069130", "pid":"1", "tid":"mom"},
{"name":"ModelSetRunClock", "ph":"E", "ts":"3437069196", "pid":"1", "tid":"mom"},
{"name":"ModelAdvance", "ph":"B", "ts":"3437069353", "pid":"1", "tid":"mom"},
{"name":"ModelAdvance", "ph":"E", "ts":"3442214227", "pid":"1", "tid":"mom"},
{"name":"ModelSetRunClock", "ph":"B", "ts":"3445487621", "pid":"1", "tid":"mom"},
{"name":"ModelSetRunClock", "ph":"E", "ts":"3445487691", "pid":"1", "tid":"mom"},
{"name":"ModelAdvance", "ph":"B", "ts":"3445487855", "pid":"1", "tid":"mom"},
{"name":"ModelAdvance", "ph":"E", "ts":"3450661184", "pid":"1", "tid":"mom"},
{"name":"ModelSetRunClock", "ph":"B", "ts":"3453217767", "pid":"1", "tid":"mom"},
{"name":"ModelSetRunClock", "ph":"E", "ts":"3453217839", "pid":"1", "tid":"mom"},
{"name":"ModelAdvance", "ph":"B", "ts":"3453218013", "pid":"1", "tid":"mom"},
{"name":"ModelAdvance", "ph":"E", "ts":"3458397089", "pid":"1", "tid":"mom"},
{"name":"ModelSetRunClock", "ph":"B", "ts":"3461548255", "pid":"1", "tid":"mom"},
{"name":"ModelSetRunClock", "ph":"E", "ts":"3461548322", "pid":"1", "tid":"mom"},
{"name":"ModelAdvance", "ph":"B", "ts":"3461548474", "pid":"1", "tid":"mom"},
{"name":"ModelAdvance", "ph":"E", "ts":"3466753702", "pid":"1", "tid":"mom"},
{"name":"ModelSetRunClock", "ph":"B", "ts":"3469774035", "pid":"1", "tid":"mom"},
{"name":"ModelSetRunClock", "ph":"E", "ts":"3469774106", "pid":"1", "tid":"mom"},
{"name":"ModelAdvance", "ph":"B", "ts":"3469774279", "pid":"1", "tid":"mom"},
{"name":"ModelAdvance", "ph":"E", "ts":"3474962592", "pid":"1", "tid":"mom"},
{"name":"ModelSetRunClock", "ph":"B", "ts":"3478036454", "pid":"1", "tid":"mom"},
{"name":"ModelSetRunClock", "ph":"E", "ts":"3478036527", "pid":"1", "tid":"mom"},
{"name":"ModelAdvance", "ph":"B", "ts":"3478036702", "pid":"1", "tid":"mom"},
{"name":"ModelAdvance", "ph":"E", "ts":"3483290069", "pid":"1", "tid":"mom"},
{"name":"ModelSetRunClock", "ph":"B", "ts":"3485703990", "pid":"1", "tid":"mom"},
{"name":"ModelSetRunClock", "ph":"E", "ts":"3485704080", "pid":"1", "tid":"mom"},
{"name":"ModelAdvance", "ph":"B", "ts":"3485704341", "pid":"1", "tid":"mom"},
{"name":"ModelAdvance", "ph":"E", "ts":"3490889252", "pid":"1", "tid":"mom"},
{"name":"ModelSetRunClock", "ph":"B", "ts":"3494056184", "pid":"1", "tid":"mom"},
{"name":"ModelSetRunClock", "ph":"E", "ts":"3494056268", "pid":"1", "tid":"mom"},
{"name":"ModelAdvance", "ph":"B", "ts":"3494056433", "pid":"1", "tid":"mom"},
{"name":"ModelAdvance", "ph":"E", "ts":"3499231408", "pid":"1", "tid":"mom"},
{"name":"ModelSetRunClock", "ph":"B", "ts":"3501730672", "pid":"1", "tid":"mom"},
{"name":"ModelSetRunClock", "ph":"E", "ts":"3501730737", "pid":"1", "tid":"mom"},
{"name":"ModelAdvance", "ph":"B", "ts":"3501731040", "pid":"1", "tid":"mom"},
{"name":"ModelAdvance", "ph":"E", "ts":"3506899655", "pid":"1", "tid":"mom"},
{"name":"ModelSetRunClock", "ph":"B", "ts":"3510135394", "pid":"1", "tid":"mom"},
{"name":"ModelSetRunClock", "ph":"E", "ts":"3510135490", "pid":"1", "tid":"mom"},
{"name":"ModelAdvance", "ph":"B", "ts":"3510135738", "pid":"1", "tid":"mom"},
{"name":"ModelAdvance", "ph":"E", "ts":"3515300360", "pid":"1", "tid":"mom"},
{"name":"ModelSetRunClock", "ph":"B", "ts":"3518094762", "pid":"1", "tid":"mom"},
{"name":"ModelSetRunClock", "ph":"E", "ts":"3518094846", "pid":"1", "tid":"mom"},
{"name":"ModelAdvance", "ph":"B", "ts":"3518095062", "pid":"1", "tid":"mom"},
{"name":"ModelAdvance", "ph":"E", "ts":"3523264660", "pid":"1", "tid":"mom"},
{"name":"ModelSetRunClock", "ph":"B", "ts":"3526604393", "pid":"1", "tid":"mom"},
{"name":"ModelSetRunClock", "ph":"E", "ts":"3526604484", "pid":"1", "tid":"mom"},
{"name":"ModelAdvance", "ph":"B", "ts":"3526604676", "pid":"1", "tid":"mom"},
{"name":"ModelAdvance", "ph":"E", "ts":"3531829987", "pid":"1", "tid":"mom"},
{"name":"ModelSetRunClock", "ph":"B", "ts":"3534517306", "pid":"1", "tid":"mom"},
{"name":"ModelSetRunClock", "ph":"E", "ts":"3534517377", "pid":"1", "tid":"mom"},
{"name":"ModelAdvance", "ph":"B", "ts":"3534517549", "pid":"1", "tid":"mom"},
{"name":"ModelAdvance", "ph":"E", "ts":"3539668710", "pid":"1", "tid":"mom"},
{"name":"ModelSetRunClock", "ph":"B", "ts":"3542873910", "pid":"1", "tid":"mom"},
{"name":"ModelSetRunClock", "ph":"E", "ts":"3542873990", "pid":"1", "tid":"mom"},
{"name":"ModelAdvance", "ph":"B", "ts":"3542874183", "pid":"1", "tid":"mom"},
{"name":"ModelAdvance", "ph":"E", "ts":"3548007134", "pid":"1", "tid":"mom"},
{"name":"ModelSetRunClock", "ph":"B", "ts":"3550565615", "pid":"1", "tid":"mom"},
{"name":"ModelSetRunClock", "ph":"E", "ts":"3550565876", "pid":"1", "tid":"mom"},
{"name":"ModelAdvance", "ph":"B", "ts":"3550566075", "pid":"1", "tid":"mom"},
{"name":"ModelAdvance", "ph":"E", "ts":"3555734614", "pid":"1", "tid":"mom"},
{"name":"ModelSetRunClock", "ph":"B", "ts":"3558939877", "pid":"1", "tid":"mom"},
{"name":"ModelSetRunClock", "ph":"E", "ts":"3558939941", "pid":"1", "tid":"mom"},
{"name":"ModelAdvance", "ph":"B", "ts":"3558940101", "pid":"1", "tid":"mom"},
{"name":"ModelAdvance", "ph":"E", "ts":"3564113454", "pid":"1", "tid":"mom"},
{"name":"ModelSetRunClock", "ph":"B", "ts":"3566681567", "pid":"1", "tid":"mom"},
{"name":"ModelSetRunClock", "ph":"E", "ts":"3566681632", "pid":"1", "tid":"mom"},
{"name":"ModelAdvance", "ph":"B", "ts":"3566681789", "pid":"1", "tid":"mom"},
{"name":"ModelAdvance", "ph":"E", "ts":"3571851174", "pid":"1", "tid":"mom"},
{"name":"ModelSetRunClock", "ph":"B", "ts":"3575095674", "pid":"1", "tid":"mom"},
{"name":"ModelSetRunClock", "ph":"E", "ts":"3575095751", "pid":"1", "tid":"mom"},
{"name":"ModelAdvance", "ph":"B", "ts":"3575095937", "pid":"1", "tid":"mom"},
{"name":"ModelAdvance", "ph":"E", "ts":"3580330553", "pid":"1", "tid":"mom"},
{"name":"ModelSetRunClock", "ph":"B", "ts":"3582834701", "pid":"1", "tid":"mom"},
{"name":"ModelSetRunClock", "ph":"E", "ts":"3582834775", "pid":"1", "tid":"mom"},
{"name":"ModelAdvance", "ph":"B", "ts":"3582834967", "pid":"1", "tid":"mom"},
{"name":"ModelAdvance", "ph":"E", "ts":"3587998037", "pid":"1", "tid":"mom"},
{"name":"ModelSetRunClock", "ph":"B", "ts":"3591202736", "pid":"1", "tid":"mom"},
{"name":"ModelSetRunClock", "ph":"E", "ts":"3591202807", "pid":"1", "tid":"mom"},
{"name":"ModelAdvance", "ph":"B", "ts":"3591202986", "pid":"1", "tid":"mom"},
{"name":"ModelAdvance", "ph":"E", "ts":"3596356971", "pid":"1", "tid":"mom"},
{"name":"ModelSetRunClock", "ph":"B", "ts":"3598835525", "pid":"1", "tid":"mom"},
{"name":"ModelSetRunClock", "ph":"E", "ts":"3598835588", "pid":"1", "tid":"mom"},
{"name":"ModelAdvance", "ph":"B", "ts":"3598835745", "pid":"1", "tid":"mom"},
{"name":"ModelAdvance", "ph":"E", "ts":"3603996465", "pid":"1", "tid":"mom"},
{"name":"ModelSetRunClock", "ph":"B", "ts":"3607309096", "pid":"1", "tid":"mom"},
{"name":"ModelSetRunClock", "ph":"E", "ts":"3607309286", "pid":"1", "tid":"mom"},
{"name":"ModelAdvance", "ph":"B", "ts":"3607309438", "pid":"1", "tid":"mom"},
{"name":"ModelAdvance", "ph":"E", "ts":"3612474250", "pid":"1", "tid":"mom"},
{"name":"ModelSetRunClock", "ph":"B", "ts":"3615053845", "pid":"1", "tid":"mom"},
{"name":"ModelSetRunClock", "ph":"E", "ts":"3615053943", "pid":"1", "tid":"mom"},
{"name":"ModelAdvance", "ph":"B", "ts":"3615054146", "pid":"1", "tid":"mom"},
{"name":"ModelAdvance", "ph":"E", "ts":"3620214619", "pid":"1", "tid":"mom"},
{"name":"ModelSetRunClock", "ph":"B", "ts":"3623411277", "pid":"1", "tid":"mom"},
{"name":"ModelSetRunClock", "ph":"E", "ts":"3623411342", "pid":"1", "tid":"mom"},
{"name":"ModelAdvance", "ph":"B", "ts":"3623411505", "pid":"1", "tid":"mom"},
{"name":"ModelAdvance", "ph":"E", "ts":"3628634234", "pid":"1", "tid":"mom"},
{"name":"ModelFinalize", "ph":"B", "ts":"3628640474", "pid":"1", "tid":"mom"},
{"name":"ModelFinalize", "ph":"E", "ts":"3628757779", "pid":"1", "tid":"mom"},
