{"name":"SetServices", "ph":"B", "ts":"3472268108", "pid":"1", "tid":"wave"},
{"name":"SetServices", "ph":"E", "ts":"3472269845", "pid":"1", "tid":"wave"},
{"name":"InitializeP0", "ph":"B", "ts":"3472273780", "pid":"1", "tid":"wave"},
{"name":"InitializeP0", "ph":"E", "ts":"3472273868", "pid":"1", "tid":"wave"},
{"name":"InitializeAdvertise", "ph":"B", "ts":"3503817241", "pid":"1", "tid":"wave"},
{"name":"InitializeAdvertise", "ph":"E", "ts":"3615428930", "pid":"1", "tid":"wave"},
{"name":"InitializeRealize", "ph":"B", "ts":"3697635433", "pid":"1", "tid":"wave"},
{"name":"InitializeRealize", "ph":"E", "ts":"3711782062", "pid":"1", "tid":"wave"},
{"name":"DataInitialize", "ph":"B", "ts":"3740494056", "pid":"1", "tid":"wave"},
{"name":"DataInitialize", "ph":"E", "ts":"3740497962", "pid":"1", "tid":"wave"},
{"name":"ModelSetRunClock", "ph":"B", "ts":"3788949762", "pid":"1", "tid":"wave"},
{"name":"ModelSetRunClock", "ph":"E", "ts":"3788958694", "pid":"1", "tid":"wave"},
{"name":"ModelAdvance", "ph":"B", "ts":"3788958790", "pid":"1", "tid":"wave"},
{"name":"ModelAdvance", "ph":"E", "ts":"3800372050", "pid":"1", "tid":"wave"},
{"name":"ModelSetRunClock", "ph":"B", "ts":"3801777366", "pid":"1", "tid":"wave"},
{"name":"ModelSetRunClock", "ph":"E", "ts":"3801777454", "pid":"1", "tid":"wave"},
{"name":"ModelAdvance", "ph":"B", "ts":"3801777604", "pid":"1", "tid":"wave"},
{"name":"ModelAdvance", "ph":"E", "ts":"3807606550", "pid":"1", "tid":"wave"},
{"name":"ModelSetRunClock", "ph":"B", "ts":"3809046512", "pid":"1", "tid":"wave"},
{"name":"ModelSetRunClock", "ph":"E", "ts":"3809046589", "pid":"1", "tid":"wave"},
{"name":"ModelAdvance", "ph":"B", "ts":"3809046689", "pid":"1", "tid":"wave"},
{"name":"ModelAdvance", "ph":"E", "ts":"3814466393", "pid":"1", "tid":"wave"},
{"name":"ModelSetRunClock", "ph":"B", "ts":"3816891952", "pid":"1", "tid":"wave"},
{"name":"ModelSetRunClock", "ph":"E", "ts":"3816892036", "pid":"1", "tid":"wave"},
{"name":"ModelAdvance", "ph":"B", "ts":"3816892202", "pid":"1", "tid":"wave"},
{"name":"ModelAdvance", "ph":"E", "ts":"3822354763", "pid":"1", "tid":"wave"},
{"name":"ModelSetRunClock", "ph":"B", "ts":"3824065597", "pid":"1", "tid":"wave"},
{"name":"ModelSetRunClock", "ph":"E", "ts":"3824065671", "pid":"1", "tid":"wave"},
{"name":"ModelAdvance", "ph":"B", "ts":"3824065812", "pid":"1", "tid":"wave"},
{"name":"ModelAdvance", "ph":"E", "ts":"3829532322", "pid":"1", "tid":"wave"},
{"name":"ModelSetRunClock", "ph":"B", "ts":"3832020142", "pid":"1", "tid":"wave"},
{"name":"ModelSetRunClock", "ph":"E", "ts":"3832020230", "pid":"1", "tid":"wave"},
{"name":"ModelAdvance", "ph":"B", "ts":"3832020388", "pid":"1", "tid":"wave"},
{"name":"ModelAdvance", "ph":"E", "ts":"3837464475", "pid":"1", "tid":"wave"},
{"name":"ModelSetRunClock", "ph":"B", "ts":"3855607609", "pid":"1", "tid":"wave"},
{"name":"ModelSetRunClock", "ph":"E", "ts":"3855607793", "pid":"1", "tid":"wave"},
{"name":"ModelAdvance", "ph":"B", "ts":"3855607921", "pid":"1", "tid":"wave"},
{"name":"ModelAdvance", "ph":"E", "ts":"3861064004", "pid":"1", "tid":"wave"},
{"name":"ModelSetRunClock", "ph":"B", "ts":"3863551829", "pid":"1", "tid":"wave"},
{"name":"ModelSetRunClock", "ph":"E", "ts":"3863551977", "pid":"1", "tid":"wave"},
{"name":"ModelAdvance", "ph":"B", "ts":"3863552103", "pid":"1", "tid":"wave"},
{"name":"ModelAdvance", "ph":"E", "ts":"3869020238", "pid":"1", "tid":"wave"},
{"name":"ModelSetRunClock", "ph":"B", "ts":"3870743648", "pid":"1", "tid":"wave"},
{"name":"ModelSetRunClock", "ph":"E", "ts":"3870743773", "pid":"1", "tid":"wave"},
{"name":"ModelAdvance", "ph":"B", "ts":"3870743888", "pid":"1", "tid":"wave"},
{"name":"ModelAdvance", "ph":"E", "ts":"3876210468", "pid":"1", "tid":"wave"},
{"name":"ModelSetRunClock", "ph":"B", "ts":"3878659195", "pid":"1", "tid":"wave"},
{"name":"ModelSetRunClock", "ph":"E", "ts":"3878659302", "pid":"1", "tid":"wave"},
{"name":"ModelAdvance", "ph":"B", "ts":"3878659474", "pid":"1", "tid":"wave"},
{"name":"ModelAdvance", "ph":"E", "ts":"3884151327", "pid":"1", "tid":"wave"},
{"name":"ModelSetRunClock", "ph":"B", "ts":"3885937879", "pid":"1", "tid":"wave"},
{"name":"ModelSetRunClock", "ph":"E", "ts":"3885938161", "pid":"1", "tid":"wave"},
{"name":"ModelAdvance", "ph":"B", "ts":"3885938416", "pid":"1", "tid":"wave"},
{"name":"ModelAdvance", "ph":"E", "ts":"3891340900", "pid":"1", "tid":"wave"},
{"name":"ModelSetRunClock", "ph":"B", "ts":"3893947520", "pid":"1", "tid":"wave"},
{"name":"ModelSetRunClock", "ph":"E", "ts":"3893947667", "pid":"1", "tid":"wave"},
{"name":"ModelAdvance", "ph":"B", "ts":"3893947853", "pid":"1", "tid":"wave"},
{"name":"ModelAdvance", "ph":"E", "ts":"3899348230", "pid":"1", "tid":"wave"},
{"name":"ModelSetRunClock", "ph":"B", "ts":"3901253475", "pid":"1", "tid":"wave"},
{"name":"ModelSetRunClock", "ph":"E", "ts":"3901253560", "pid":"1", "tid":"wave"},
{"name":"ModelAdvance", "ph":"B", "ts":"3901253704", "pid":"1", "tid":"wave"},
{"name":"ModelAdvance", "ph":"E", "ts":"3906590187", "pid":"1", "tid":"wave"},
{"name":"ModelSetRunClock", "ph":"B", "ts":"3909205727", "pid":"1", "tid":"wave"},
{"name":"ModelSetRunClock", "ph":"E", "ts":"3909205812", "pid":"1", "tid":"wave"},
{"name":"ModelAdvance", "ph":"B", "ts":"3909205966", "pid":"1", "tid":"wave"},
{"name":"ModelAdvance", "ph":"E", "ts":"3914531912", "pid":"1", "tid":"wave"},
{"name":"ModelSetRunClock", "ph":"B", "ts":"3916465261", "pid":"1", "tid":"wave"},
{"name":"ModelSetRunClock", "ph":"E", "ts":"3916465329", "pid":"1", "tid":"wave"},
{"name":"ModelAdvance", "ph":"B", "ts":"3916465433", "pid":"1", "tid":"wave"},
{"name":"ModelAdvance", "ph":"E", "ts":"3921746297", "pid":"1", "tid":"wave"},
{"name":"ModelSetRunClock", "ph":"B", "ts":"3924446688", "pid":"1", "tid":"wave"},
{"name":"ModelSetRunClock", "ph":"E", "ts":"3924446831", "pid":"1", "tid":"wave"},
{"name":"ModelAdvance", "ph":"B", "ts":"3924446994", "pid":"1", "tid":"wave"},
{"name":"ModelAdvance", "ph":"E", "ts":"3929665106", "pid":"1", "tid":"wave"},
{"name":"ModelSetRunClock", "ph":"B", "ts":"3932009222", "pid":"1", "tid":"wave"},
{"name":"ModelSetRunClock", "ph":"E", "ts":"3932009315", "pid":"1", "tid":"wave"},
{"name":"ModelAdvance", "ph":"B", "ts":"3932009467", "pid":"1", "tid":"wave"},
{"name":"ModelAdvance", "ph":"E", "ts":"3937165952", "pid":"1", "tid":"wave"},
{"name":"ModelSetRunClock", "ph":"B", "ts":"3940495785", "pid":"1", "tid":"wave"},
{"name":"ModelSetRunClock", "ph":"E", "ts":"3940495867", "pid":"1", "tid":"wave"},
{"name":"ModelAdvance", "ph":"B", "ts":"3940496004", "pid":"1", "tid":"wave"},
{"name":"ModelAdvance", "ph":"E", "ts":"3945583636", "pid":"1", "tid":"wave"},
{"name":"ModelSetRunClock", "ph":"B", "ts":"3948360321", "pid":"1", "tid":"wave"},
{"name":"ModelSetRunClock", "ph":"E", "ts":"3948360698", "pid":"1", "tid":"wave"},
{"name":"ModelAdvance", "ph":"B", "ts":"3948360839", "pid":"1", "tid":"wave"},
{"name":"ModelAdvance", "ph":"E", "ts":"3953453675", "pid":"1", "tid":"wave"},
{"name":"ModelSetRunClock", "ph":"B", "ts":"3956640826", "pid":"1", "tid":"wave"},
{"name":"ModelSetRunClock", "ph":"E", "ts":"3956640886", "pid":"1", "tid":"wave"},
{"name":"ModelAdvance", "ph":"B", "ts":"3956640969", "pid":"1", "tid":"wave"},
{"name":"ModelAdvance", "ph":"E", "ts":"3961687971", "pid":"1", "tid":"wave"},
{"name":"ModelSetRunClock", "ph":"B", "ts":"3964301174", "pid":"1", "tid":"wave"},
{"name":"ModelSetRunClock", "ph":"E", "ts":"3964301324", "pid":"1", "tid":"wave"},
{"name":"ModelAdvance", "ph":"B", "ts":"3964301436", "pid":"1", "tid":"wave"},
{"name":"ModelAdvance", "ph":"E", "ts":"3969288570", "pid":"1", "tid":"wave"},
{"name":"ModelSetRunClock", "ph":"B", "ts":"3972760437", "pid":"1", "tid":"wave"},
{"name":"ModelSetRunClock", "ph":"E", "ts":"3972760533", "pid":"1", "tid":"wave"},
{"name":"ModelAdvance", "ph":"B", "ts":"3972760695", "pid":"1", "tid":"wave"},
{"name":"ModelAdvance", "ph":"E", "ts":"3977791099", "pid":"1", "tid":"wave"},
{"name":"ModelSetRunClock", "ph":"B", "ts":"3981045760", "pid":"1", "tid":"wave"},
{"name":"ModelSetRunClock", "ph":"E", "ts":"3981046086", "pid":"1", "tid":"wave"},
{"name":"ModelAdvance", "ph":"B", "ts":"3981046222", "pid":"1", "tid":"wave"},
{"name":"ModelAdvance", "ph":"E", "ts":"3986027303", "pid":"1", "tid":"wave"},
{"name":"ModelSetRunClock", "ph":"B", "ts":"3989352002", "pid":"1", "tid":"wave"},
{"name":"ModelSetRunClock", "ph":"E", "ts":"3989352107", "pid":"1", "tid":"wave"},
{"name":"ModelAdvance", "ph":"B", "ts":"3989352229", "pid":"1", "tid":"wave"},
{"name":"ModelAdvance", "ph":"E", "ts":"3994312844", "pid":"1", "tid":"wave"},
{"name":"ModelSetRunClock", "ph":"B", "ts":"3996976636", "pid":"1", "tid":"wave"},
{"name":"ModelSetRunClock", "ph":"E", "ts":"3996976725", "pid":"1", "tid":"wave"},
{"name":"ModelAdvance", "ph":"B", "ts":"3996976910", "pid":"1", "tid":"wave"},
{"name":"ModelAdvance", "ph":"E", "ts":"4001924301", "pid":"1", "tid":"wave"},
{"name":"ModelSetRunClock", "ph":"B", "ts":"4004815628", "pid":"1", "tid":"wave"},
{"name":"ModelSetRunClock", "ph":"E", "ts":"4004815713", "pid":"1", "tid":"wave"},
{"name":"ModelAdvance", "ph":"B", "ts":"4004815856", "pid":"1", "tid":"wave"},
{"name":"ModelAdvance", "ph":"E", "ts":"4009794901", "pid":"1", "tid":"wave"},
{"name":"ModelSetRunClock", "ph":"B", "ts":"4011970738", "pid":"1", "tid":"wave"},
{"name":"ModelSetRunClock", "ph":"E", "ts":"4011970839", "pid":"1", "tid":"wave"},
{"name":"ModelAdvance", "ph":"B", "ts":"4011971002", "pid":"1", "tid":"wave"},
{"name":"ModelAdvance", "ph":"E", "ts":"4016921930", "pid":"1", "tid":"wave"},
{"name":"ModelSetRunClock", "ph":"B", "ts":"4019782136", "pid":"1", "tid":"wave"},
{"name":"ModelSetRunClock", "ph":"E", "ts":"4019782220", "pid":"1", "tid":"wave"},
{"name":"ModelAdvance", "ph":"B", "ts":"4019782387", "pid":"1", "tid":"wave"},
{"name":"ModelAdvance", "ph":"E", "ts":"4024960037", "pid":"1", "tid":"wave"},
{"name":"ModelSetRunClock", "ph":"B", "ts":"4026901581", "pid":"1", "tid":"wave"},
{"name":"ModelSetRunClock", "ph":"E", "ts":"4026901625", "pid":"1", "tid":"wave"},
{"name":"ModelAdvance", "ph":"B", "ts":"4026901735", "pid":"1", "tid":"wave"},
{"name":"ModelAdvance", "ph":"E", "ts":"4031752219", "pid":"1", "tid":"wave"},
{"name":"ModelSetRunClock", "ph":"B", "ts":"4034987961", "pid":"1", "tid":"wave"},
{"name":"ModelSetRunClock", "ph":"E", "ts":"4034988073", "pid":"1", "tid":"wave"},
{"name":"ModelAdvance", "ph":"B", "ts":"4034988221", "pid":"1", "tid":"wave"},
{"name":"ModelAdvance", "ph":"E", "ts":"4039824202", "pid":"1", "tid":"wave"},
{"name":"ModelSetRunClock", "ph":"B", "ts":"4042208357", "pid":"1", "tid":"wave"},
{"name":"ModelSetRunClock", "ph":"E", "ts":"4042208459", "pid":"1", "tid":"wave"},
{"name":"ModelAdvance", "ph":"B", "ts":"4042208572", "pid":"1", "tid":"wave"},
{"name":"ModelAdvance", "ph":"E", "ts":"4047069624", "pid":"1", "tid":"wave"},
{"name":"ModelSetRunClock", "ph":"B", "ts":"4049969074", "pid":"1", "tid":"wave"},
{"name":"ModelSetRunClock", "ph":"E", "ts":"4049969152", "pid":"1", "tid":"wave"},
{"name":"ModelAdvance", "ph":"B", "ts":"4049969351", "pid":"1", "tid":"wave"},
{"name":"ModelAdvance", "ph":"E", "ts":"4054768222", "pid":"1", "tid":"wave"},
{"name":"ModelSetRunClock", "ph":"B", "ts":"4057043281", "pid":"1", "tid":"wave"},
{"name":"ModelSetRunClock", "ph":"E", "ts":"4057043450", "pid":"1", "tid":"wave"},
{"name":"ModelAdvance", "ph":"B", "ts":"4057043615", "pid":"1", "tid":"wave"},
{"name":"ModelAdvance", "ph":"E", "ts":"4061801516", "pid":"1", "tid":"wave"},
{"name":"ModelSetRunClock", "ph":"B", "ts":"4065036728", "pid":"1", "tid":"wave"},
{"name":"ModelSetRunClock", "ph":"E", "ts":"4065036816", "pid":"1", "tid":"wave"},
{"name":"ModelAdvance", "ph":"B", "ts":"4065036949", "pid":"1", "tid":"wave"},
{"name":"ModelAdvance", "ph":"E", "ts":"4069805942", "pid":"1", "tid":"wave"},
{"name":"ModelSetRunClock", "ph":"B", "ts":"4072081068", "pid":"1", "tid":"wave"},
{"name":"ModelSetRunClock", "ph":"E", "ts":"4072081135", "pid":"1", "tid":"wave"},
{"name":"ModelAdvance", "ph":"B", "ts":"4072081241", "pid":"1", "tid":"wave"},
{"name":"ModelAdvance", "ph":"E", "ts":"4076875864", "pid":"1", "tid":"wave"},
{"name":"ModelSetRunClock", "ph":"B", "ts":"4079824982", "pid":"1", "tid":"wave"},
{"name":"ModelSetRunClock", "ph":"E", "ts":"4079825122", "pid":"1", "tid":"wave"},
{"name":"ModelAdvance", "ph":"B", "ts":"4079825494", "pid":"1", "tid":"wave"},
{"name":"ModelAdvance", "ph":"E", "ts":"4084679694", "pid":"1", "tid":"wave"},
{"name":"ModelSetRunClock", "ph":"B", "ts":"4086893853", "pid":"1", "tid":"wave"},
{"name":"ModelSetRunClock", "ph":"E", "ts":"4086893911", "pid":"1", "tid":"wave"},
{"name":"ModelAdvance", "ph":"B", "ts":"4086894002", "pid":"1", "tid":"wave"},
{"name":"ModelAdvance", "ph":"E", "ts":"4091692961", "pid":"1", "tid":"wave"},
{"name":"ModelSetRunClock", "ph":"B", "ts":"4094931231", "pid":"1", "tid":"wave"},
{"name":"ModelSetRunClock", "ph":"E", "ts":"4094931289", "pid":"1", "tid":"wave"},
{"name":"ModelAdvance", "ph":"B", "ts":"4094931377", "pid":"1", "tid":"wave"},
{"name":"ModelAdvance", "ph":"E", "ts":"4099728042", "pid":"1", "tid":"wave"},
{"name":"ModelSetRunClock", "ph":"B", "ts":"4102079376", "pid":"1", "tid":"wave"},
{"name":"ModelSetRunClock", "ph":"E", "ts":"4102079453", "pid":"1", "tid":"wave"},
{"name":"ModelAdvance", "ph":"B", "ts":"4102079570", "pid":"1", "tid":"wave"},
{"name":"ModelAdvance", "ph":"E", "ts":"4106869340", "pid":"1", "tid":"wave"},
{"name":"ModelSetRunClock", "ph":"B", "ts":"4110215658", "pid":"1", "tid":"wave"},
{"name":"ModelSetRunClock", "ph":"E", "ts":"4110215753", "pid":"1", "tid":"wave"},
{"name":"ModelAdvance", "ph":"B", "ts":"4110215914", "pid":"1", "tid":"wave"},
{"name":"ModelAdvance", "ph":"E", "ts":"4114947667", "pid":"1", "tid":"wave"},
{"name":"ModelSetRunClock", "ph":"B", "ts":"4117734960", "pid":"1", "tid":"wave"},
{"name":"ModelSetRunClock", "ph":"E", "ts":"4117735042", "pid":"1", "tid":"wave"},
{"name":"ModelAdvance", "ph":"B", "ts":"4117735161", "pid":"1", "tid":"wave"},
{"name":"ModelAdvance", "ph":"E", "ts":"4122476500", "pid":"1", "tid":"wave"},
{"name":"ModelSetRunClock", "ph":"B", "ts":"4126057403", "pid":"1", "tid":"wave"},
{"name":"ModelSetRunClock", "ph":"E", "ts":"4126057489", "pid":"1", "tid":"wave"},
{"name":"ModelAdvance", "ph":"B", "ts":"4126057605", "pid":"1", "tid":"wave"},
{"name":"ModelAdvance", "ph":"E", "ts":"4130808221", "pid":"1", "tid":"wave"},
{"name":"ModelSetRunClock", "ph":"B", "ts":"4134174539", "pid":"1", "tid":"wave"},
{"name":"ModelSetRunClock", "ph":"E", "ts":"4134174622", "pid":"1", "tid":"wave"},
{"name":"ModelAdvance", "ph":"B", "ts":"4134174759", "pid":"1", "tid":"wave"},
{"name":"ModelAdvance", "ph":"E", "ts":"4138946976", "pid":"1", "tid":"wave"},
{"name":"ModelSetRunClock", "ph":"B", "ts":"4153390369", "pid":"1", "tid":"wave"},
{"name":"ModelSetRunClock", "ph":"E", "ts":"4153390459", "pid":"1", "tid":"wave"},
{"name":"ModelAdvance", "ph":"B", "ts":"4153390568", "pid":"1", "tid":"wave"},
{"name":"ModelAdvance", "ph":"E", "ts":"4158162675", "pid":"1", "tid":"wave"},
{"name":"ModelSetRunClock", "ph":"B", "ts":"4160689497", "pid":"1", "tid":"wave"},
{"name":"ModelSetRunClock", "ph":"E", "ts":"4160689600", "pid":"1", "tid":"wave"},
{"name":"ModelAdvance", "ph":"B", "ts":"4160689763", "pid":"1", "tid":"wave"},
{"name":"ModelAdvance", "ph":"E", "ts":"4165470115", "pid":"1", "tid":"wave"},
{"name":"ModelSetRunClock", "ph":"B", "ts":"4168505306", "pid":"1", "tid":"wave"},
{"name":"ModelSetRunClock", "ph":"E", "ts":"4168505679", "pid":"1", "tid":"wave"},
{"name":"ModelAdvance", "ph":"B", "ts":"4168505814", "pid":"1", "tid":"wave"},
{"name":"ModelAdvance", "ph":"E", "ts":"4173229837", "pid":"1", "tid":"wave"},
{"name":"ModelSetRunClock", "ph":"B", "ts":"4175743261", "pid":"1", "tid":"wave"},
{"name":"ModelSetRunClock", "ph":"E", "ts":"4175743337", "pid":"1", "tid":"wave"},
{"name":"ModelAdvance", "ph":"B", "ts":"4175743450", "pid":"1", "tid":"wave"},
{"name":"ModelAdvance", "ph":"E", "ts":"4180464881", "pid":"1", "tid":"wave"},
{"name":"ModelSetRunClock", "ph":"B", "ts":"4183546566", "pid":"1", "tid":"wave"},
{"name":"ModelSetRunClock", "ph":"E", "ts":"4183546654", "pid":"1", "tid":"wave"},
{"name":"ModelAdvance", "ph":"B", "ts":"4183546757", "pid":"1", "tid":"wave"},
{"name":"ModelAdvance", "ph":"E", "ts":"4188182161", "pid":"1", "tid":"wave"},
{"name":"ModelSetRunClock", "ph":"B", "ts":"4190831904", "pid":"1", "tid":"wave"},
{"name":"ModelSetRunClock", "ph":"E", "ts":"4190832394", "pid":"1", "tid":"wave"},
{"name":"ModelAdvance", "ph":"B", "ts":"4190832531", "pid":"1", "tid":"wave"},
{"name":"ModelAdvance", "ph":"E", "ts":"4195522160", "pid":"1", "tid":"wave"},
{"name":"ModelSetRunClock", "ph":"B", "ts":"4198851811", "pid":"1", "tid":"wave"},
{"name":"ModelSetRunClock", "ph":"E", "ts":"4198852229", "pid":"1", "tid":"wave"},
{"name":"ModelAdvance", "ph":"B", "ts":"4198852369", "pid":"1", "tid":"wave"},
{"name":"ModelAdvance", "ph":"E", "ts":"4203530498", "pid":"1", "tid":"wave"},
{"name":"ModelSetRunClock", "ph":"B", "ts":"4206155731", "pid":"1", "tid":"wave"},
{"name":"ModelSetRunClock", "ph":"E", "ts":"4206155820", "pid":"1", "tid":"wave"},
{"name":"ModelAdvance", "ph":"B", "ts":"4206155947", "pid":"1", "tid":"wave"},
{"name":"ModelAdvance", "ph":"E", "ts":"4210833229", "pid":"1", "tid":"wave"},
{"name":"ModelSetRunClock", "ph":"B", "ts":"4214052811", "pid":"1", "tid":"wave"},
{"name":"ModelSetRunClock", "ph":"E", "ts":"4214052874", "pid":"1", "tid":"wave"},
{"name":"ModelAdvance", "ph":"B", "ts":"4214052978", "pid":"1", "tid":"wave"},
{"name":"ModelAdvance", "ph":"E", "ts":"4218736720", "pid":"1", "tid":"wave"},
{"name":"ModelSetRunClock", "ph":"B", "ts":"4222097832", "pid":"1", "tid":"wave"},
{"name":"ModelSetRunClock", "ph":"E", "ts":"4222097918", "pid":"1", "tid":"wave"},
{"name":"ModelAdvance", "ph":"B", "ts":"4222098031", "pid":"1", "tid":"wave"},
{"name":"ModelAdvance", "ph":"E", "ts":"4226856988", "pid":"1", "tid":"wave"},
{"name":"ModelSetRunClock", "ph":"B", "ts":"4230116614", "pid":"1", "tid":"wave"},
{"name":"ModelSetRunClock", "ph":"E", "ts":"4230116984", "pid":"1", "tid":"wave"},
{"name":"ModelAdvance", "ph":"B", "ts":"4230117132", "pid":"1", "tid":"wave"},
{"name":"ModelAdvance", "ph":"E", "ts":"4234755414", "pid":"1", "tid":"wave"},
{"name":"ModelSetRunClock", "ph":"B", "ts":"4237442289", "pid":"1", "tid":"wave"},
{"name":"ModelSetRunClock", "ph":"E", "ts":"4237442363", "pid":"1", "tid":"wave"},
{"name":"ModelAdvance", "ph":"B", "ts":"4237442531", "pid":"1", "tid":"wave"},
{"name":"ModelAdvance", "ph":"E", "ts":"4242082972", "pid":"1", "tid":"wave"},
{"name":"ModelSetRunClock", "ph":"B", "ts":"4245442076", "pid":"1", "tid":"wave"},
{"name":"ModelSetRunClock", "ph":"E", "ts":"4245442154", "pid":"1", "tid":"wave"},
{"name":"ModelAdvance", "ph":"B", "ts":"4245442267", "pid":"1", "tid":"wave"},
{"name":"ModelAdvance", "ph":"E", "ts":"4250091019", "pid":"1", "tid":"wave"},
{"name":"ModelSetRunClock", "ph":"B", "ts":"4252644121", "pid":"1", "tid":"wave"},
{"name":"ModelSetRunClock", "ph":"E", "ts":"4252644187", "pid":"1", "tid":"wave"},
{"name":"ModelAdvance", "ph":"B", "ts":"4252644369", "pid":"1", "tid":"wave"},
{"name":"ModelAdvance", "ph":"E", "ts":"4257295024", "pid":"1", "tid":"wave"},
{"name":"ModelSetRunClock", "ph":"B", "ts":"4261088631", "pid":"1", "tid":"wave"},
{"name":"ModelSetRunClock", "ph":"E", "ts":"4261088857", "pid":"1", "tid":"wave"},
{"name":"ModelAdvance", "ph":"B", "ts":"4261089044", "pid":"1", "tid":"wave"},
{"name":"ModelAdvance", "ph":"E", "ts":"4265744116", "pid":"1", "tid":"wave"},
{"name":"ModelSetRunClock", "ph":"B", "ts":"4268345594", "pid":"1", "tid":"wave"},
{"name":"ModelSetRunClock", "ph":"E", "ts":"4268345680", "pid":"1", "tid":"wave"},
{"name":"ModelAdvance", "ph":"B", "ts":"4268345788", "pid":"1", "tid":"wave"},
{"name":"ModelAdvance", "ph":"E", "ts":"4272984664", "pid":"1", "tid":"wave"},
{"name":"ModelSetRunClock", "ph":"B", "ts":"4276154725", "pid":"1", "tid":"wave"},
{"name":"ModelSetRunClock", "ph":"E", "ts":"4276154809", "pid":"1", "tid":"wave"},
{"name":"ModelAdvance", "ph":"B", "ts":"4276154926", "pid":"1", "tid":"wave"},
{"name":"ModelAdvance", "ph":"E", "ts":"4280802698", "pid":"1", "tid":"wave"},
{"name":"ModelSetRunClock", "ph":"B", "ts":"4283365919", "pid":"1", "tid":"wave"},
{"name":"ModelSetRunClock", "ph":"E", "ts":"4283366008", "pid":"1", "tid":"wave"},
{"name":"ModelAdvance", "ph":"B", "ts":"4283366115", "pid":"1", "tid":"wave"},
{"name":"ModelAdvance", "ph":"E", "ts":"4287990868", "pid":"1", "tid":"wave"},
{"name":"ModelSetRunClock", "ph":"B", "ts":"4291263868", "pid":"1", "tid":"wave"},
{"name":"ModelSetRunClock", "ph":"E", "ts":"4291263956", "pid":"1", "tid":"wave"},
{"name":"ModelAdvance", "ph":"B", "ts":"4291264104", "pid":"1", "tid":"wave"},
{"name":"ModelAdvance", "ph":"E", "ts":"4295906284", "pid":"1", "tid":"wave"},
{"name":"ModelSetRunClock", "ph":"B", "ts":"4298715250", "pid":"1", "tid":"wave"},
{"name":"ModelSetRunClock", "ph":"E", "ts":"4298715332", "pid":"1", "tid":"wave"},
{"name":"ModelAdvance", "ph":"B", "ts":"4298715483", "pid":"1", "tid":"wave"},
{"name":"ModelAdvance", "ph":"E", "ts":"4303384290", "pid":"1", "tid":"wave"},
{"name":"ModelSetRunClock", "ph":"B", "ts":"4306613885", "pid":"1", "tid":"wave"},
{"name":"ModelSetRunClock", "ph":"E", "ts":"4306613964", "pid":"1", "tid":"wave"},
{"name":"ModelAdvance", "ph":"B", "ts":"4306614132", "pid":"1", "tid":"wave"},
{"name":"ModelAdvance", "ph":"E", "ts":"4311333265", "pid":"1", "tid":"wave"},
{"name":"ModelSetRunClock", "ph":"B", "ts":"4313831894", "pid":"1", "tid":"wave"},
{"name":"ModelSetRunClock", "ph":"E", "ts":"4313832036", "pid":"1", "tid":"wave"},
{"name":"ModelAdvance", "ph":"B", "ts":"4313832163", "pid":"1", "tid":"wave"},
{"name":"ModelAdvance", "ph":"E", "ts":"4318498994", "pid":"1", "tid":"wave"},
{"name":"ModelSetRunClock", "ph":"B", "ts":"4323339119", "pid":"1", "tid":"wave"},
{"name":"ModelSetRunClock", "ph":"E", "ts":"4323339223", "pid":"1", "tid":"wave"},
{"name":"ModelAdvance", "ph":"B", "ts":"4323339361", "pid":"1", "tid":"wave"},
{"name":"ModelAdvance", "ph":"E", "ts":"4328037160", "pid":"1", "tid":"wave"},
{"name":"ModelSetRunClock", "ph":"B", "ts":"4330588820", "pid":"1", "tid":"wave"},
{"name":"ModelSetRunClock", "ph":"E", "ts":"4330588886", "pid":"1", "tid":"wave"},
{"name":"ModelAdvance", "ph":"B", "ts":"4330589022", "pid":"1", "tid":"wave"},
{"name":"ModelAdvance", "ph":"E", "ts":"4335301041", "pid":"1", "tid":"wave"},
{"name":"ModelSetRunClock", "ph":"B", "ts":"4338455875", "pid":"1", "tid":"wave"},
{"name":"ModelSetRunClock", "ph":"E", "ts":"4338455934", "pid":"1", "tid":"wave"},
{"name":"ModelAdvance", "ph":"B", "ts":"4338456019", "pid":"1", "tid":"wave"},
{"name":"ModelAdvance", "ph":"E", "ts":"4343154039", "pid":"1", "tid":"wave"},
{"name":"ModelSetRunClock", "ph":"B", "ts":"4345708450", "pid":"1", "tid":"wave"},
{"name":"ModelSetRunClock", "ph":"E", "ts":"4345708554", "pid":"1", "tid":"wave"},
{"name":"ModelAdvance", "ph":"B", "ts":"4345708733", "pid":"1", "tid":"wave"},
{"name":"ModelAdvance", "ph":"E", "ts":"4350349587", "pid":"1", "tid":"wave"},
{"name":"ModelSetRunClock", "ph":"B", "ts":"4353540819", "pid":"1", "tid":"wave"},
{"name":"ModelSetRunClock", "ph":"E", "ts":"4353540990", "pid":"1", "tid":"wave"},
{"name":"ModelAdvance", "ph":"B", "ts":"4353541130", "pid":"1", "tid":"wave"},
{"name":"ModelAdvance", "ph":"E", "ts":"4358200423", "pid":"1", "tid":"wave"},
{"name":"ModelSetRunClock", "ph":"B", "ts":"4360775471", "pid":"1", "tid":"wave"},
{"name":"ModelSetRunClock", "ph":"E", "ts":"4360775556", "pid":"1", "tid":"wave"},
{"name":"ModelAdvance", "ph":"B", "ts":"4360775681", "pid":"1", "tid":"wave"},
{"name":"ModelAdvance", "ph":"E", "ts":"4365454957", "pid":"1", "tid":"wave"},
{"name":"ModelSetRunClock", "ph":"B", "ts":"4368603235", "pid":"1", "tid":"wave"},
{"name":"ModelSetRunClock", "ph":"E", "ts":"4368603303", "pid":"1", "tid":"wave"},
{"name":"ModelAdvance", "ph":"B", "ts":"4368603400", "pid":"1", "tid":"wave"},
{"name":"ModelAdvance", "ph":"E", "ts":"4373252829", "pid":"1", "tid":"wave"},
{"name":"ModelSetRunClock", "ph":"B", "ts":"4375790501", "pid":"1", "tid":"wave"},
{"name":"ModelSetRunClock", "ph":"E", "ts":"4375790650", "pid":"1", "tid":"wave"},
{"name":"ModelAdvance", "ph":"B", "ts":"4375790797", "pid":"1", "tid":"wave"},
{"name":"ModelAdvance", "ph":"E", "ts":"4380405899", "pid":"1", "tid":"wave"},
{"name":"ModelSetRunClock", "ph":"B", "ts":"4383691071", "pid":"1", "tid":"wave"},
{"name":"ModelSetRunClock", "ph":"E", "ts":"4383691133", "pid":"1", "tid":"wave"},
{"name":"ModelAdvance", "ph":"B", "ts":"4383691537", "pid":"1", "tid":"wave"},
{"name":"ModelAdvance", "ph":"E", "ts":"4388369154", "pid":"1", "tid":"wave"},
{"name":"ModelSetRunClock", "ph":"B", "ts":"4390916155", "pid":"1", "tid":"wave"},
{"name":"ModelSetRunClock", "ph":"E", "ts":"4390916222", "pid":"1", "tid":"wave"},
{"name":"ModelAdvance", "ph":"B", "ts":"4390916385", "pid":"1", "tid":"wave"},
{"name":"ModelAdvance", "ph":"E", "ts":"4395513871", "pid":"1", "tid":"wave"},
{"name":"ModelSetRunClock", "ph":"B", "ts":"4398740574", "pid":"1", "tid":"wave"},
{"name":"ModelSetRunClock", "ph":"E", "ts":"4398740654", "pid":"1", "tid":"wave"},
{"name":"ModelAdvance", "ph":"B", "ts":"4398740806", "pid":"1", "tid":"wave"},
{"name":"ModelAdvance", "ph":"E", "ts":"4403325203", "pid":"1", "tid":"wave"},
{"name":"ModelSetRunClock", "ph":"B", "ts":"4405920596", "pid":"1", "tid":"wave"},
{"name":"ModelSetRunClock", "ph":"E", "ts":"4405920696", "pid":"1", "tid":"wave"},
{"name":"ModelAdvance", "ph":"B", "ts":"4405920816", "pid":"1", "tid":"wave"},
{"name":"ModelAdvance", "ph":"E", "ts":"4410508827", "pid":"1", "tid":"wave"},
{"name":"ModelSetRunClock", "ph":"B", "ts":"4413798321", "pid":"1", "tid":"wave"},
{"name":"ModelSetRunClock", "ph":"E", "ts":"4413798512", "pid":"1", "tid":"wave"},
{"name":"ModelAdvance", "ph":"B", "ts":"4413798665", "pid":"1", "tid":"wave"},
{"name":"ModelAdvance", "ph":"E", "ts":"4418520278", "pid":"1", "tid":"wave"},
{"name":"ModelSetRunClock", "ph":"B", "ts":"4421002932", "pid":"1", "tid":"wave"},
{"name":"ModelSetRunClock", "ph":"E", "ts":"4421003336", "pid":"1", "tid":"wave"},
{"name":"ModelAdvance", "ph":"B", "ts":"4421003473", "pid":"1", "tid":"wave"},
{"name":"ModelAdvance", "ph":"E", "ts":"4425803768", "pid":"1", "tid":"wave"},
{"name":"ModelSetRunClock", "ph":"B", "ts":"4428766763", "pid":"1", "tid":"wave"},
{"name":"ModelSetRunClock", "ph":"E", "ts":"4428766852", "pid":"1", "tid":"wave"},
{"name":"ModelAdvance", "ph":"B", "ts":"4428767005", "pid":"1", "tid":"wave"},
{"name":"ModelAdvance", "ph":"E", "ts":"4433561246", "pid":"1", "tid":"wave"},
{"name":"ModelSetRunClock", "ph":"B", "ts":"4435848122", "pid":"1", "tid":"wave"},
{"name":"ModelSetRunClock", "ph":"E", "ts":"4435848212", "pid":"1", "tid":"wave"},
{"name":"ModelAdvance", "ph":"B", "ts":"4435848339", "pid":"1", "tid":"wave"},
{"name":"ModelAdvance", "ph":"E", "ts":"4440580286", "pid":"1", "tid":"wave"},
{"name":"ModelSetRunClock", "ph":"B", "ts":"4443480104", "pid":"1", "tid":"wave"},
{"name":"ModelSetRunClock", "ph":"E", "ts":"4443480238", "pid":"1", "tid":"wave"},
{"name":"ModelAdvance", "ph":"B", "ts":"4443480355", "pid":"1", "tid":"wave"},
{"name":"ModelAdvance", "ph":"E", "ts":"4448355776", "pid":"1", "tid":"wave"},
{"name":"ModelSetRunClock", "ph":"B", "ts":"4450489300", "pid":"1", "tid":"wave"},
{"name":"ModelSetRunClock", "ph":"E", "ts":"4450489558", "pid":"1", "tid":"wave"},
{"name":"ModelAdvance", "ph":"B", "ts":"4450489686", "pid":"1", "tid":"wave"},
{"name":"ModelAdvance", "ph":"E", "ts":"4455569244", "pid":"1", "tid":"wave"},
{"name":"ModelSetRunClock", "ph":"B", "ts":"4458201974", "pid":"1", "tid":"wave"},
{"name":"ModelSetRunClock", "ph":"E", "ts":"4458202039", "pid":"1", "tid":"wave"},
{"name":"ModelAdvance", "ph":"B", "ts":"4458202149", "pid":"1", "tid":"wave"},
{"name":"ModelAdvance", "ph":"E", "ts":"4463427227", "pid":"1", "tid":"wave"},
{"name":"ModelSetRunClock", "ph":"B", "ts":"4465257215", "pid":"1", "tid":"wave"},
{"name":"ModelSetRunClock", "ph":"E", "ts":"4465257313", "pid":"1", "tid":"wave"},
{"name":"ModelAdvance", "ph":"B", "ts":"4465257491", "pid":"1", "tid":"wave"},
{"name":"ModelAdvance", "ph":"E", "ts":"4470820148", "pid":"1", "tid":"wave"},
{"name":"ModelSetRunClock", "ph":"B", "ts":"4472942329", "pid":"1", "tid":"wave"},
{"name":"ModelSetRunClock", "ph":"E", "ts":"4472942392", "pid":"1", "tid":"wave"},
{"name":"ModelAdvance", "ph":"B", "ts":"4472942471", "pid":"1", "tid":"wave"},
{"name":"ModelAdvance", "ph":"E", "ts":"4478627626", "pid":"1", "tid":"wave"},
{"name":"ModelSetRunClock", "ph":"B", "ts":"4480097182", "pid":"1", "tid":"wave"},
{"name":"ModelSetRunClock", "ph":"E", "ts":"4480097270", "pid":"1", "tid":"wave"},
{"name":"ModelAdvance", "ph":"B", "ts":"4480097408", "pid":"1", "tid":"wave"},
{"name":"ModelAdvance", "ph":"E", "ts":"4485717336", "pid":"1", "tid":"wave"},
{"name":"ModelSetRunClock", "ph":"B", "ts":"4487762373", "pid":"1", "tid":"wave"},
{"name":"ModelSetRunClock", "ph":"E", "ts":"4487762440", "pid":"1", "tid":"wave"},
{"name":"ModelAdvance", "ph":"B", "ts":"4487762577", "pid":"1", "tid":"wave"},
{"name":"ModelAdvance", "ph":"E", "ts":"4493474486", "pid":"1", "tid":"wave"},
{"name":"ModelSetRunClock", "ph":"B", "ts":"4495010606", "pid":"1", "tid":"wave"},
{"name":"ModelSetRunClock", "ph":"E", "ts":"4495010692", "pid":"1", "tid":"wave"},
{"name":"ModelAdvance", "ph":"B", "ts":"4495010826", "pid":"1", "tid":"wave"},
{"name":"ModelAdvance", "ph":"E", "ts":"4500766313", "pid":"1", "tid":"wave"},
{"name":"ModelSetRunClock", "ph":"B", "ts":"4502804281", "pid":"1", "tid":"wave"},
{"name":"ModelSetRunClock", "ph":"E", "ts":"4502804372", "pid":"1", "tid":"wave"},
{"name":"ModelAdvance", "ph":"B", "ts":"4502804532", "pid":"1", "tid":"wave"},
{"name":"ModelAdvance", "ph":"E", "ts":"4508565681", "pid":"1", "tid":"wave"},
{"name":"ModelFinalize", "ph":"B", "ts":"4508571558", "pid":"1", "tid":"wave"},
{"name":"ModelFinalize", "ph":"E", "ts":"4508571581", "pid":"1", "tid":"wave"},
