{"name":"SetServices", "ph":"B", "ts":"3470913171", "pid":"1", "tid":"mom"},
{"name":"SetServices", "ph":"E", "ts":"3470915007", "pid":"1", "tid":"mom"},
{"name":"InitializeP0", "ph":"B", "ts":"3472069195", "pid":"1", "tid":"mom"},
{"name":"InitializeP0", "ph":"E", "ts":"3472069606", "pid":"1", "tid":"mom"},
{"name":"InitializeAdvertise", "ph":"B", "ts":"3503817301", "pid":"1", "tid":"mom"},
{"name":"InitializeAdvertise", "ph":"E", "ts":"3564346722", "pid":"1", "tid":"mom"},
{"name":"InitializeRealize", "ph":"B", "ts":"3697418291", "pid":"1", "tid":"mom"},
{"name":"InitializeRealize", "ph":"E", "ts":"3702883987", "pid":"1", "tid":"mom"},
{"name":"DataInitialize", "ph":"B", "ts":"3738194724", "pid":"1", "tid":"mom"},
{"name":"DataInitialize", "ph":"E", "ts":"3738195822", "pid":"1", "tid":"mom"},
{"name":"ModelSetRunClock", "ph":"B", "ts":"3788956968", "pid":"1", "tid":"mom"},
{"name":"ModelSetRunClock", "ph":"E", "ts":"3788966773", "pid":"1", "tid":"mom"},
{"name":"ModelAdvance", "ph":"B", "ts":"3788966965", "pid":"1", "tid":"mom"},
{"name":"ModelAdvance", "ph":"E", "ts":"3795183542", "pid":"1", "tid":"mom"},
{"name":"ModelSetRunClock", "ph":"B", "ts":"3801780128", "pid":"1", "tid":"mom"},
{"name":"ModelSetRunClock", "ph":"E", "ts":"3801780310", "pid":"1", "tid":"mom"},
{"name":"ModelAdvance", "ph":"B", "ts":"3801780481", "pid":"1", "tid":"mom"},
{"name":"ModelAdvance", "ph":"E", "ts":"3807171579", "pid":"1", "tid":"mom"},
{"name":"ModelSetRunClock", "ph":"B", "ts":"3809054428", "pid":"1", "tid":"mom"},
{"name":"ModelSetRunClock", "ph":"E", "ts":"3809054501", "pid":"1", "tid":"mom"},
{"name":"ModelAdvance", "ph":"B", "ts":"3809054676", "pid":"1", "tid":"mom"},
{"name":"ModelAdvance", "ph":"E", "ts":"3814407352", "pid":"1", "tid":"mom"},
{"name":"ModelSetRunClock", "ph":"B", "ts":"3816900981", "pid":"1", "tid":"mom"},
{"name":"ModelSetRunClock", "ph":"E", "ts":"3816901053", "pid":"1", "tid":"mom"},
{"name":"ModelAdvance", "ph":"B", "ts":"3816901228", "pid":"1", "tid":"mom"},
{"name":"ModelAdvance", "ph":"E", "ts":"3822262039", "pid":"1", "tid":"mom"},
{"name":"ModelSetRunClock", "ph":"B", "ts":"3824076109", "pid":"1", "tid":"mom"},
{"name":"ModelSetRunClock", "ph":"E", "ts":"3824076194", "pid":"1", "tid":"mom"},
{"name":"ModelAdvance", "ph":"B", "ts":"3824076386", "pid":"1", "tid":"mom"},
{"name":"ModelAdvance", "ph":"E", "ts":"3829405719", "pid":"1", "tid":"mom"},
{"name":"ModelSetRunClock", "ph":"B", "ts":"3832030557", "pid":"1", "tid":"mom"},
{"name":"ModelSetRunClock", "ph":"E", "ts":"3832030790", "pid":"1", "tid":"mom"},
{"name":"ModelAdvance", "ph":"B", "ts":"3832030992", "pid":"1", "tid":"mom"},
{"name":"ModelAdvance", "ph":"E", "ts":"3837454758", "pid":"1", "tid":"mom"},
{"name":"ModelSetRunClock", "ph":"B", "ts":"3855617015", "pid":"1", "tid":"mom"},
{"name":"ModelSetRunClock", "ph":"E", "ts":"3855617075", "pid":"1", "tid":"mom"},
{"name":"ModelAdvance", "ph":"B", "ts":"3855617254", "pid":"1", "tid":"mom"},
{"name":"ModelAdvance", "ph":"E", "ts":"3860978076", "pid":"1", "tid":"mom"},
{"name":"ModelSetRunClock", "ph":"B", "ts":"3863561853", "pid":"1", "tid":"mom"},
{"name":"ModelSetRunClock", "ph":"E", "ts":"3863562088", "pid":"1", "tid":"mom"},
{"name":"ModelAdvance", "ph":"B", "ts":"3863562301", "pid":"1", "tid":"mom"},
{"name":"ModelAdvance", "ph":"E", "ts":"3868935300", "pid":"1", "tid":"mom"},
{"name":"ModelSetRunClock", "ph":"B", "ts":"3870753849", "pid":"1", "tid":"mom"},
{"name":"ModelSetRunClock", "ph":"E", "ts":"3870753927", "pid":"1", "tid":"mom"},
{"name":"ModelAdvance", "ph":"B", "ts":"3870754118", "pid":"1", "tid":"mom"},
{"name":"ModelAdvance", "ph":"E", "ts":"3876125347", "pid":"1", "tid":"mom"},
{"name":"ModelSetRunClock", "ph":"B", "ts":"3878667705", "pid":"1", "tid":"mom"},
{"name":"ModelSetRunClock", "ph":"E", "ts":"3878667774", "pid":"1", "tid":"mom"},
{"name":"ModelAdvance", "ph":"B", "ts":"3878667942", "pid":"1", "tid":"mom"},
{"name":"ModelAdvance", "ph":"E", "ts":"3884032284", "pid":"1", "tid":"mom"},
{"name":"ModelSetRunClock", "ph":"B", "ts":"3885946699", "pid":"1", "tid":"mom"},
{"name":"ModelSetRunClock", "ph":"E", "ts":"3885946767", "pid":"1", "tid":"mom"},
{"name":"ModelAdvance", "ph":"B", "ts":"3885947057", "pid":"1", "tid":"mom"},
{"name":"ModelAdvance", "ph":"E", "ts":"3891313982", "pid":"1", "tid":"mom"},
{"name":"ModelSetRunClock", "ph":"B", "ts":"3893957938", "pid":"1", "tid":"mom"},
{"name":"ModelSetRunClock", "ph":"E", "ts":"3893958206", "pid":"1", "tid":"mom"},
{"name":"ModelAdvance", "ph":"B", "ts":"3893958424", "pid":"1", "tid":"mom"},
{"name":"ModelAdvance", "ph":"E", "ts":"3899217784", "pid":"1", "tid":"mom"},
{"name":"ModelSetRunClock", "ph":"B", "ts":"3901266835", "pid":"1", "tid":"mom"},
{"name":"ModelSetRunClock", "ph":"E", "ts":"3901266927", "pid":"1", "tid":"mom"},
{"name":"ModelAdvance", "ph":"B", "ts":"3901267107", "pid":"1", "tid":"mom"},
{"name":"ModelAdvance", "ph":"E", "ts":"3906505240", "pid":"1", "tid":"mom"},
{"name":"ModelSetRunClock", "ph":"B", "ts":"3909215783", "pid":"1", "tid":"mom"},
{"name":"ModelSetRunClock", "ph":"E", "ts":"3909215851", "pid":"1", "tid":"mom"},
{"name":"ModelAdvance", "ph":"B", "ts":"3909216021", "pid":"1", "tid":"mom"},
{"name":"ModelAdvance", "ph":"E", "ts":"3914468078", "pid":"1", "tid":"mom"},
{"name":"ModelSetRunClock", "ph":"B", "ts":"3916475763", "pid":"1", "tid":"mom"},
{"name":"ModelSetRunClock", "ph":"E", "ts":"3916475840", "pid":"1", "tid":"mom"},
{"name":"ModelAdvance", "ph":"B", "ts":"3916476034", "pid":"1", "tid":"mom"},
{"name":"ModelAdvance", "ph":"E", "ts":"3921707252", "pid":"1", "tid":"mom"},
{"name":"ModelSetRunClock", "ph":"B", "ts":"3924457089", "pid":"1", "tid":"mom"},
{"name":"ModelSetRunClock", "ph":"E", "ts":"3924457315", "pid":"1", "tid":"mom"},
{"name":"ModelAdvance", "ph":"B", "ts":"3924457517", "pid":"1", "tid":"mom"},
{"name":"ModelAdvance", "ph":"E", "ts":"3929683798", "pid":"1", "tid":"mom"},
{"name":"ModelSetRunClock", "ph":"B", "ts":"3932017871", "pid":"1", "tid":"mom"},
{"name":"ModelSetRunClock", "ph":"E", "ts":"3932017944", "pid":"1", "tid":"mom"},
{"name":"ModelAdvance", "ph":"B", "ts":"3932018135", "pid":"1", "tid":"mom"},
{"name":"ModelAdvance", "ph":"E", "ts":"3937249899", "pid":"1", "tid":"mom"},
{"name":"ModelSetRunClock", "ph":"B", "ts":"3940506373", "pid":"1", "tid":"mom"},
{"name":"ModelSetRunClock", "ph":"E", "ts":"3940506447", "pid":"1", "tid":"mom"},
{"name":"ModelAdvance", "ph":"B", "ts":"3940506605", "pid":"1", "tid":"mom"},
{"name":"ModelAdvance", "ph":"E", "ts":"3945794919", "pid":"1", "tid":"mom"},
{"name":"ModelSetRunClock", "ph":"B", "ts":"3948370530", "pid":"1", "tid":"mom"},
{"name":"ModelSetRunClock", "ph":"E", "ts":"3948370617", "pid":"1", "tid":"mom"},
{"name":"ModelAdvance", "ph":"B", "ts":"3948370824", "pid":"1", "tid":"mom"},
{"name":"ModelAdvance", "ph":"E", "ts":"3953595074", "pid":"1", "tid":"mom"},
{"name":"ModelSetRunClock", "ph":"B", "ts":"3956651792", "pid":"1", "tid":"mom"},
{"name":"ModelSetRunClock", "ph":"E", "ts":"3956651867", "pid":"1", "tid":"mom"},
{"name":"ModelAdvance", "ph":"B", "ts":"3956652034", "pid":"1", "tid":"mom"},
{"name":"ModelAdvance", "ph":"E", "ts":"3961881663", "pid":"1", "tid":"mom"},
{"name":"ModelSetRunClock", "ph":"B", "ts":"3964312913", "pid":"1", "tid":"mom"},
{"name":"ModelSetRunClock", "ph":"E", "ts":"3964313007", "pid":"1", "tid":"mom"},
{"name":"ModelAdvance", "ph":"B", "ts":"3964313211", "pid":"1", "tid":"mom"},
{"name":"ModelAdvance", "ph":"E", "ts":"3969513325", "pid":"1", "tid":"mom"},
{"name":"ModelSetRunClock", "ph":"B", "ts":"3972770436", "pid":"1", "tid":"mom"},
{"name":"ModelSetRunClock", "ph":"E", "ts":"3972770507", "pid":"1", "tid":"mom"},
{"name":"ModelAdvance", "ph":"B", "ts":"3972770683", "pid":"1", "tid":"mom"},
{"name":"ModelAdvance", "ph":"E", "ts":"3977981153", "pid":"1", "tid":"mom"},
{"name":"ModelSetRunClock", "ph":"B", "ts":"3981055423", "pid":"1", "tid":"mom"},
{"name":"ModelSetRunClock", "ph":"E", "ts":"3981055493", "pid":"1", "tid":"mom"},
{"name":"ModelAdvance", "ph":"B", "ts":"3981055678", "pid":"1", "tid":"mom"},
{"name":"ModelAdvance", "ph":"E", "ts":"3986252411", "pid":"1", "tid":"mom"},
{"name":"ModelSetRunClock", "ph":"B", "ts":"3989361969", "pid":"1", "tid":"mom"},
{"name":"ModelSetRunClock", "ph":"E", "ts":"3989362208", "pid":"1", "tid":"mom"},
{"name":"ModelAdvance", "ph":"B", "ts":"3989362412", "pid":"1", "tid":"mom"},
{"name":"ModelAdvance", "ph":"E", "ts":"3994621316", "pid":"1", "tid":"mom"},
{"name":"ModelSetRunClock", "ph":"B", "ts":"3996986191", "pid":"1", "tid":"mom"},
{"name":"ModelSetRunClock", "ph":"E", "ts":"3996986266", "pid":"1", "tid":"mom"},
{"name":"ModelAdvance", "ph":"B", "ts":"3996986451", "pid":"1", "tid":"mom"},
{"name":"ModelAdvance", "ph":"E", "ts":"4002162446", "pid":"1", "tid":"mom"},
{"name":"ModelSetRunClock", "ph":"B", "ts":"4004824030", "pid":"1", "tid":"mom"},
{"name":"ModelSetRunClock", "ph":"E", "ts":"4004824101", "pid":"1", "tid":"mom"},
{"name":"ModelAdvance", "ph":"B", "ts":"4004824264", "pid":"1", "tid":"mom"},
{"name":"ModelAdvance", "ph":"E", "ts":"4010003646", "pid":"1", "tid":"mom"},
{"name":"ModelSetRunClock", "ph":"B", "ts":"4011982647", "pid":"1", "tid":"mom"},
{"name":"ModelSetRunClock", "ph":"E", "ts":"4011982747", "pid":"1", "tid":"mom"},
{"name":"ModelAdvance", "ph":"B", "ts":"4011982951", "pid":"1", "tid":"mom"},
{"name":"ModelAdvance", "ph":"E", "ts":"4017146265", "pid":"1", "tid":"mom"},
{"name":"ModelSetRunClock", "ph":"B", "ts":"4019790789", "pid":"1", "tid":"mom"},
{"name":"ModelSetRunClock", "ph":"E", "ts":"4019790859", "pid":"1", "tid":"mom"},
{"name":"ModelAdvance", "ph":"B", "ts":"4019791027", "pid":"1", "tid":"mom"},
{"name":"ModelAdvance", "ph":"E", "ts":"4024954120", "pid":"1", "tid":"mom"},
{"name":"ModelSetRunClock", "ph":"B", "ts":"4026913583", "pid":"1", "tid":"mom"},
{"name":"ModelSetRunClock", "ph":"E", "ts":"4026913679", "pid":"1", "tid":"mom"},
{"name":"ModelAdvance", "ph":"B", "ts":"4026913876", "pid":"1", "tid":"mom"},
{"name":"ModelAdvance", "ph":"E", "ts":"4032064066", "pid":"1", "tid":"mom"},
{"name":"ModelSetRunClock", "ph":"B", "ts":"4034994342", "pid":"1", "tid":"mom"},
{"name":"ModelSetRunClock", "ph":"E", "ts":"4034994411", "pid":"1", "tid":"mom"},
{"name":"ModelAdvance", "ph":"B", "ts":"4034994575", "pid":"1", "tid":"mom"},
{"name":"ModelAdvance", "ph":"E", "ts":"4040220515", "pid":"1", "tid":"mom"},
{"name":"ModelSetRunClock", "ph":"B", "ts":"4042217232", "pid":"1", "tid":"mom"},
{"name":"ModelSetRunClock", "ph":"E", "ts":"4042217296", "pid":"1", "tid":"mom"},
{"name":"ModelAdvance", "ph":"B", "ts":"4042217469", "pid":"1", "tid":"mom"},
{"name":"ModelAdvance", "ph":"E", "ts":"4047365931", "pid":"1", "tid":"mom"},
{"name":"ModelSetRunClock", "ph":"B", "ts":"4049980688", "pid":"1", "tid":"mom"},
{"name":"ModelSetRunClock", "ph":"E", "ts":"4049980758", "pid":"1", "tid":"mom"},
{"name":"ModelAdvance", "ph":"B", "ts":"4049980918", "pid":"1", "tid":"mom"},
{"name":"ModelAdvance", "ph":"E", "ts":"4055134469", "pid":"1", "tid":"mom"},
{"name":"ModelSetRunClock", "ph":"B", "ts":"4057054592", "pid":"1", "tid":"mom"},
{"name":"ModelSetRunClock", "ph":"E", "ts":"4057054718", "pid":"1", "tid":"mom"},
{"name":"ModelAdvance", "ph":"B", "ts":"4057054944", "pid":"1", "tid":"mom"},
{"name":"ModelAdvance", "ph":"E", "ts":"4062201291", "pid":"1", "tid":"mom"},
{"name":"ModelSetRunClock", "ph":"B", "ts":"4065047734", "pid":"1", "tid":"mom"},
{"name":"ModelSetRunClock", "ph":"E", "ts":"4065047805", "pid":"1", "tid":"mom"},
{"name":"ModelAdvance", "ph":"B", "ts":"4065047964", "pid":"1", "tid":"mom"},
{"name":"ModelAdvance", "ph":"E", "ts":"4070192358", "pid":"1", "tid":"mom"},
{"name":"ModelSetRunClock", "ph":"B", "ts":"4072091592", "pid":"1", "tid":"mom"},
{"name":"ModelSetRunClock", "ph":"E", "ts":"4072091670", "pid":"1", "tid":"mom"},
{"name":"ModelAdvance", "ph":"B", "ts":"4072091862", "pid":"1", "tid":"mom"},
{"name":"ModelAdvance", "ph":"E", "ts":"4077259212", "pid":"1", "tid":"mom"},
{"name":"ModelSetRunClock", "ph":"B", "ts":"4079834196", "pid":"1", "tid":"mom"},
{"name":"ModelSetRunClock", "ph":"E", "ts":"4079834271", "pid":"1", "tid":"mom"},
{"name":"ModelAdvance", "ph":"B", "ts":"4079834447", "pid":"1", "tid":"mom"},
{"name":"ModelAdvance", "ph":"E", "ts":"4085103258", "pid":"1", "tid":"mom"},
{"name":"ModelSetRunClock", "ph":"B", "ts":"4086902728", "pid":"1", "tid":"mom"},
{"name":"ModelSetRunClock", "ph":"E", "ts":"4086902793", "pid":"1", "tid":"mom"},
{"name":"ModelAdvance", "ph":"B", "ts":"4086902964", "pid":"1", "tid":"mom"},
{"name":"ModelAdvance", "ph":"E", "ts":"4092095343", "pid":"1", "tid":"mom"},
{"name":"ModelSetRunClock", "ph":"B", "ts":"4094942723", "pid":"1", "tid":"mom"},
{"name":"ModelSetRunClock", "ph":"E", "ts":"4094942840", "pid":"1", "tid":"mom"},
{"name":"ModelAdvance", "ph":"B", "ts":"4094943051", "pid":"1", "tid":"mom"},
{"name":"ModelAdvance", "ph":"E", "ts":"4100136002", "pid":"1", "tid":"mom"},
{"name":"ModelSetRunClock", "ph":"B", "ts":"4102089965", "pid":"1", "tid":"mom"},
{"name":"ModelSetRunClock", "ph":"E", "ts":"4102090050", "pid":"1", "tid":"mom"},
{"name":"ModelAdvance", "ph":"B", "ts":"4102090588", "pid":"1", "tid":"mom"},
{"name":"ModelAdvance", "ph":"E", "ts":"4107295470", "pid":"1", "tid":"mom"},
{"name":"ModelSetRunClock", "ph":"B", "ts":"4110226022", "pid":"1", "tid":"mom"},
{"name":"ModelSetRunClock", "ph":"E", "ts":"4110226091", "pid":"1", "tid":"mom"},
{"name":"ModelAdvance", "ph":"B", "ts":"4110226286", "pid":"1", "tid":"mom"},
{"name":"ModelAdvance", "ph":"E", "ts":"4115416036", "pid":"1", "tid":"mom"},
{"name":"ModelSetRunClock", "ph":"B", "ts":"4117746372", "pid":"1", "tid":"mom"},
{"name":"ModelSetRunClock", "ph":"E", "ts":"4117746447", "pid":"1", "tid":"mom"},
{"name":"ModelAdvance", "ph":"B", "ts":"4117746663", "pid":"1", "tid":"mom"},
{"name":"ModelAdvance", "ph":"E", "ts":"4122925706", "pid":"1", "tid":"mom"},
{"name":"ModelSetRunClock", "ph":"B", "ts":"4126066774", "pid":"1", "tid":"mom"},
{"name":"ModelSetRunClock", "ph":"E", "ts":"4126066853", "pid":"1", "tid":"mom"},
{"name":"ModelAdvance", "ph":"B", "ts":"4126067032", "pid":"1", "tid":"mom"},
{"name":"ModelAdvance", "ph":"E", "ts":"4131302627", "pid":"1", "tid":"mom"},
{"name":"ModelSetRunClock", "ph":"B", "ts":"4134184013", "pid":"1", "tid":"mom"},
{"name":"ModelSetRunClock", "ph":"E", "ts":"4134184082", "pid":"1", "tid":"mom"},
{"name":"ModelAdvance", "ph":"B", "ts":"4134184250", "pid":"1", "tid":"mom"},
{"name":"ModelAdvance", "ph":"E", "ts":"4139325831", "pid":"1", "tid":"mom"},
{"name":"ModelSetRunClock", "ph":"B", "ts":"4153401149", "pid":"1", "tid":"mom"},
{"name":"ModelSetRunClock", "ph":"E", "ts":"4153401472", "pid":"1", "tid":"mom"},
{"name":"ModelAdvance", "ph":"B", "ts":"4153401667", "pid":"1", "tid":"mom"},
{"name":"ModelAdvance", "ph":"E", "ts":"4158538331", "pid":"1", "tid":"mom"},
{"name":"ModelSetRunClock", "ph":"B", "ts":"4160698877", "pid":"1", "tid":"mom"},
{"name":"ModelSetRunClock", "ph":"E", "ts":"4160698949", "pid":"1", "tid":"mom"},
{"name":"ModelAdvance", "ph":"B", "ts":"4160699129", "pid":"1", "tid":"mom"},
{"name":"ModelAdvance", "ph":"E", "ts":"4165840594", "pid":"1", "tid":"mom"},
{"name":"ModelSetRunClock", "ph":"B", "ts":"4168515506", "pid":"1", "tid":"mom"},
{"name":"ModelSetRunClock", "ph":"E", "ts":"4168515576", "pid":"1", "tid":"mom"},
{"name":"ModelAdvance", "ph":"B", "ts":"4168515737", "pid":"1", "tid":"mom"},
{"name":"ModelAdvance", "ph":"E", "ts":"4173661289", "pid":"1", "tid":"mom"},
{"name":"ModelSetRunClock", "ph":"B", "ts":"4175752479", "pid":"1", "tid":"mom"},
{"name":"ModelSetRunClock", "ph":"E", "ts":"4175752558", "pid":"1", "tid":"mom"},
{"name":"ModelAdvance", "ph":"B", "ts":"4175752737", "pid":"1", "tid":"mom"},
{"name":"ModelAdvance", "ph":"E", "ts":"4180899298", "pid":"1", "tid":"mom"},
{"name":"ModelSetRunClock", "ph":"B", "ts":"4183556306", "pid":"1", "tid":"mom"},
{"name":"ModelSetRunClock", "ph":"E", "ts":"4183556383", "pid":"1", "tid":"mom"},
{"name":"ModelAdvance", "ph":"B", "ts":"4183556566", "pid":"1", "tid":"mom"},
{"name":"ModelAdvance", "ph":"E", "ts":"4188781507", "pid":"1", "tid":"mom"},
{"name":"ModelSetRunClock", "ph":"B", "ts":"4190841810", "pid":"1", "tid":"mom"},
{"name":"ModelSetRunClock", "ph":"E", "ts":"4190841884", "pid":"1", "tid":"mom"},
{"name":"ModelAdvance", "ph":"B", "ts":"4190842056", "pid":"1", "tid":"mom"},
{"name":"ModelAdvance", "ph":"E", "ts":"4195988472", "pid":"1", "tid":"mom"},
{"name":"ModelSetRunClock", "ph":"B", "ts":"4198862878", "pid":"1", "tid":"mom"},
{"name":"ModelSetRunClock", "ph":"E", "ts":"4198862960", "pid":"1", "tid":"mom"},
{"name":"ModelAdvance", "ph":"B", "ts":"4198863148", "pid":"1", "tid":"mom"},
{"name":"ModelAdvance", "ph":"E", "ts":"4204034489", "pid":"1", "tid":"mom"},
{"name":"ModelSetRunClock", "ph":"B", "ts":"4206164924", "pid":"1", "tid":"mom"},
{"name":"ModelSetRunClock", "ph":"E", "ts":"4206164998", "pid":"1", "tid":"mom"},
{"name":"ModelAdvance", "ph":"B", "ts":"4206165167", "pid":"1", "tid":"mom"},
{"name":"ModelAdvance", "ph":"E", "ts":"4211362334", "pid":"1", "tid":"mom"},
{"name":"ModelSetRunClock", "ph":"B", "ts":"4214062171", "pid":"1", "tid":"mom"},
{"name":"ModelSetRunClock", "ph":"E", "ts":"4214062249", "pid":"1", "tid":"mom"},
{"name":"ModelAdvance", "ph":"B", "ts":"4214062430", "pid":"1", "tid":"mom"},
{"name":"ModelAdvance", "ph":"E", "ts":"4219261288", "pid":"1", "tid":"mom"},
{"name":"ModelSetRunClock", "ph":"B", "ts":"4222108088", "pid":"1", "tid":"mom"},
{"name":"ModelSetRunClock", "ph":"E", "ts":"4222108179", "pid":"1", "tid":"mom"},
{"name":"ModelAdvance", "ph":"B", "ts":"4222108378", "pid":"1", "tid":"mom"},
{"name":"ModelAdvance", "ph":"E", "ts":"4227294789", "pid":"1", "tid":"mom"},
{"name":"ModelSetRunClock", "ph":"B", "ts":"4230125981", "pid":"1", "tid":"mom"},
{"name":"ModelSetRunClock", "ph":"E", "ts":"4230126052", "pid":"1", "tid":"mom"},
{"name":"ModelAdvance", "ph":"B", "ts":"4230126243", "pid":"1", "tid":"mom"},
{"name":"ModelAdvance", "ph":"E", "ts":"4235372332", "pid":"1", "tid":"mom"},
{"name":"ModelSetRunClock", "ph":"B", "ts":"4237453065", "pid":"1", "tid":"mom"},
{"name":"ModelSetRunClock", "ph":"E", "ts":"4237453151", "pid":"1", "tid":"mom"},
{"name":"ModelAdvance", "ph":"B", "ts":"4237453344", "pid":"1", "tid":"mom"},
{"name":"ModelAdvance", "ph":"E", "ts":"4242634358", "pid":"1", "tid":"mom"},
{"name":"ModelSetRunClock", "ph":"B", "ts":"4245452381", "pid":"1", "tid":"mom"},
{"name":"ModelSetRunClock", "ph":"E", "ts":"4245452466", "pid":"1", "tid":"mom"},
{"name":"ModelAdvance", "ph":"B", "ts":"4245452661", "pid":"1", "tid":"mom"},
{"name":"ModelAdvance", "ph":"E", "ts":"4250627296", "pid":"1", "tid":"mom"},
{"name":"ModelSetRunClock", "ph":"B", "ts":"4252653657", "pid":"1", "tid":"mom"},
{"name":"ModelSetRunClock", "ph":"E", "ts":"4252653731", "pid":"1", "tid":"mom"},
{"name":"ModelAdvance", "ph":"B", "ts":"4252653908", "pid":"1", "tid":"mom"},
{"name":"ModelAdvance", "ph":"E", "ts":"4257812039", "pid":"1", "tid":"mom"},
{"name":"ModelSetRunClock", "ph":"B", "ts":"4261101158", "pid":"1", "tid":"mom"},
{"name":"ModelSetRunClock", "ph":"E", "ts":"4261101256", "pid":"1", "tid":"mom"},
{"name":"ModelAdvance", "ph":"B", "ts":"4261101454", "pid":"1", "tid":"mom"},
{"name":"ModelAdvance", "ph":"E", "ts":"4266266696", "pid":"1", "tid":"mom"},
{"name":"ModelSetRunClock", "ph":"B", "ts":"4268354456", "pid":"1", "tid":"mom"},
{"name":"ModelSetRunClock", "ph":"E", "ts":"4268354528", "pid":"1", "tid":"mom"},
{"name":"ModelAdvance", "ph":"B", "ts":"4268354697", "pid":"1", "tid":"mom"},
{"name":"ModelAdvance", "ph":"E", "ts":"4273514712", "pid":"1", "tid":"mom"},
{"name":"ModelSetRunClock", "ph":"B", "ts":"4276162879", "pid":"1", "tid":"mom"},
{"name":"ModelSetRunClock", "ph":"E", "ts":"4276162955", "pid":"1", "tid":"mom"},
{"name":"ModelAdvance", "ph":"B", "ts":"4276163131", "pid":"1", "tid":"mom"},
{"name":"ModelAdvance", "ph":"E", "ts":"4281386858", "pid":"1", "tid":"mom"},
{"name":"ModelSetRunClock", "ph":"B", "ts":"4283375963", "pid":"1", "tid":"mom"},
{"name":"ModelSetRunClock", "ph":"E", "ts":"4283376033", "pid":"1", "tid":"mom"},
{"name":"ModelAdvance", "ph":"B", "ts":"4283376193", "pid":"1", "tid":"mom"},
{"name":"ModelAdvance", "ph":"E", "ts":"4288529934", "pid":"1", "tid":"mom"},
{"name":"ModelSetRunClock", "ph":"B", "ts":"4291275970", "pid":"1", "tid":"mom"},
{"name":"ModelSetRunClock", "ph":"E", "ts":"4291276061", "pid":"1", "tid":"mom"},
{"name":"ModelAdvance", "ph":"B", "ts":"4291276478", "pid":"1", "tid":"mom"},
{"name":"ModelAdvance", "ph":"E", "ts":"4296422900", "pid":"1", "tid":"mom"},
{"name":"ModelSetRunClock", "ph":"B", "ts":"4298726020", "pid":"1", "tid":"mom"},
{"name":"ModelSetRunClock", "ph":"E", "ts":"4298726132", "pid":"1", "tid":"mom"},
{"name":"ModelAdvance", "ph":"B", "ts":"4298726397", "pid":"1", "tid":"mom"},
{"name":"ModelAdvance", "ph":"E", "ts":"4303889925", "pid":"1", "tid":"mom"},
{"name":"ModelSetRunClock", "ph":"B", "ts":"4306624063", "pid":"1", "tid":"mom"},
{"name":"ModelSetRunClock", "ph":"E", "ts":"4306624139", "pid":"1", "tid":"mom"},
{"name":"ModelAdvance", "ph":"B", "ts":"4306624299", "pid":"1", "tid":"mom"},
{"name":"ModelAdvance", "ph":"E", "ts":"4311787768", "pid":"1", "tid":"mom"},
{"name":"ModelSetRunClock", "ph":"B", "ts":"4313841543", "pid":"1", "tid":"mom"},
{"name":"ModelSetRunClock", "ph":"E", "ts":"4313841765", "pid":"1", "tid":"mom"},
{"name":"ModelAdvance", "ph":"B", "ts":"4313841940", "pid":"1", "tid":"mom"},
{"name":"ModelAdvance", "ph":"E", "ts":"4318992861", "pid":"1", "tid":"mom"},
{"name":"ModelSetRunClock", "ph":"B", "ts":"4323349320", "pid":"1", "tid":"mom"},
{"name":"ModelSetRunClock", "ph":"E", "ts":"4323349390", "pid":"1", "tid":"mom"},
{"name":"ModelAdvance", "ph":"B", "ts":"4323349555", "pid":"1", "tid":"mom"},
{"name":"ModelAdvance", "ph":"E", "ts":"4328571512", "pid":"1", "tid":"mom"},
{"name":"ModelSetRunClock", "ph":"B", "ts":"4330598525", "pid":"1", "tid":"mom"},
{"name":"ModelSetRunClock", "ph":"E", "ts":"4330598591", "pid":"1", "tid":"mom"},
{"name":"ModelAdvance", "ph":"B", "ts":"4330598766", "pid":"1", "tid":"mom"},
{"name":"ModelAdvance", "ph":"E", "ts":"4335753649", "pid":"1", "tid":"mom"},
{"name":"ModelSetRunClock", "ph":"B", "ts":"4338464725", "pid":"1", "tid":"mom"},
{"name":"ModelSetRunClock", "ph":"E", "ts":"4338464798", "pid":"1", "tid":"mom"},
{"name":"ModelAdvance", "ph":"B", "ts":"4338464968", "pid":"1", "tid":"mom"},
{"name":"ModelAdvance", "ph":"E", "ts":"4343633303", "pid":"1", "tid":"mom"},
{"name":"ModelSetRunClock", "ph":"B", "ts":"4345714798", "pid":"1", "tid":"mom"},
{"name":"ModelSetRunClock", "ph":"E", "ts":"4345714866", "pid":"1", "tid":"mom"},
{"name":"ModelAdvance", "ph":"B", "ts":"4345715031", "pid":"1", "tid":"mom"},
{"name":"ModelAdvance", "ph":"E", "ts":"4350877320", "pid":"1", "tid":"mom"},
{"name":"ModelSetRunClock", "ph":"B", "ts":"4353553666", "pid":"1", "tid":"mom"},
{"name":"ModelSetRunClock", "ph":"E", "ts":"4353553781", "pid":"1", "tid":"mom"},
{"name":"ModelAdvance", "ph":"B", "ts":"4353553999", "pid":"1", "tid":"mom"},
{"name":"ModelAdvance", "ph":"E", "ts":"4358743315", "pid":"1", "tid":"mom"},
{"name":"ModelSetRunClock", "ph":"B", "ts":"4360788234", "pid":"1", "tid":"mom"},
{"name":"ModelSetRunClock", "ph":"E", "ts":"4360788329", "pid":"1", "tid":"mom"},
{"name":"ModelAdvance", "ph":"B", "ts":"4360788548", "pid":"1", "tid":"mom"},
{"name":"ModelAdvance", "ph":"E", "ts":"4365970320", "pid":"1", "tid":"mom"},
{"name":"ModelSetRunClock", "ph":"B", "ts":"4368615693", "pid":"1", "tid":"mom"},
{"name":"ModelSetRunClock", "ph":"E", "ts":"4368615792", "pid":"1", "tid":"mom"},
{"name":"ModelAdvance", "ph":"B", "ts":"4368615989", "pid":"1", "tid":"mom"},
{"name":"ModelAdvance", "ph":"E", "ts":"4373879221", "pid":"1", "tid":"mom"},
{"name":"ModelSetRunClock", "ph":"B", "ts":"4375803028", "pid":"1", "tid":"mom"},
{"name":"ModelSetRunClock", "ph":"E", "ts":"4375803128", "pid":"1", "tid":"mom"},
{"name":"ModelAdvance", "ph":"B", "ts":"4375803332", "pid":"1", "tid":"mom"},
{"name":"ModelAdvance", "ph":"E", "ts":"4380989594", "pid":"1", "tid":"mom"},
{"name":"ModelSetRunClock", "ph":"B", "ts":"4383702077", "pid":"1", "tid":"mom"},
{"name":"ModelSetRunClock", "ph":"E", "ts":"4383702219", "pid":"1", "tid":"mom"},
{"name":"ModelAdvance", "ph":"B", "ts":"4383702436", "pid":"1", "tid":"mom"},
{"name":"ModelAdvance", "ph":"E", "ts":"4388879412", "pid":"1", "tid":"mom"},
{"name":"ModelSetRunClock", "ph":"B", "ts":"4390928755", "pid":"1", "tid":"mom"},
{"name":"ModelSetRunClock", "ph":"E", "ts":"4390928858", "pid":"1", "tid":"mom"},
{"name":"ModelAdvance", "ph":"B", "ts":"4390929259", "pid":"1", "tid":"mom"},
{"name":"ModelAdvance", "ph":"E", "ts":"4396096686", "pid":"1", "tid":"mom"},
{"name":"ModelSetRunClock", "ph":"B", "ts":"4398749449", "pid":"1", "tid":"mom"},
{"name":"ModelSetRunClock", "ph":"E", "ts":"4398749519", "pid":"1", "tid":"mom"},
{"name":"ModelAdvance", "ph":"B", "ts":"4398749684", "pid":"1", "tid":"mom"},
{"name":"ModelAdvance", "ph":"E", "ts":"4403945017", "pid":"1", "tid":"mom"},
{"name":"ModelSetRunClock", "ph":"B", "ts":"4405930311", "pid":"1", "tid":"mom"},
{"name":"ModelSetRunClock", "ph":"E", "ts":"4405930392", "pid":"1", "tid":"mom"},
{"name":"ModelAdvance", "ph":"B", "ts":"4405930594", "pid":"1", "tid":"mom"},
{"name":"ModelAdvance", "ph":"E", "ts":"4411128454", "pid":"1", "tid":"mom"},
{"name":"ModelSetRunClock", "ph":"B", "ts":"4413802973", "pid":"1", "tid":"mom"},
{"name":"ModelSetRunClock", "ph":"E", "ts":"4413803038", "pid":"1", "tid":"mom"},
{"name":"ModelAdvance", "ph":"B", "ts":"4413803205", "pid":"1", "tid":"mom"},
{"name":"ModelAdvance", "ph":"E", "ts":"4419035093", "pid":"1", "tid":"mom"},
{"name":"ModelSetRunClock", "ph":"B", "ts":"4421012606", "pid":"1", "tid":"mom"},
{"name":"ModelSetRunClock", "ph":"E", "ts":"4421012678", "pid":"1", "tid":"mom"},
{"name":"ModelAdvance", "ph":"B", "ts":"4421012852", "pid":"1", "tid":"mom"},
{"name":"ModelAdvance", "ph":"E", "ts":"4426164791", "pid":"1", "tid":"mom"},
{"name":"ModelSetRunClock", "ph":"B", "ts":"4428776201", "pid":"1", "tid":"mom"},
{"name":"ModelSetRunClock", "ph":"E", "ts":"4428776271", "pid":"1", "tid":"mom"},
{"name":"ModelAdvance", "ph":"B", "ts":"4428776433", "pid":"1", "tid":"mom"},
{"name":"ModelAdvance", "ph":"E", "ts":"4433945832", "pid":"1", "tid":"mom"},
{"name":"ModelSetRunClock", "ph":"B", "ts":"4435857833", "pid":"1", "tid":"mom"},
{"name":"ModelSetRunClock", "ph":"E", "ts":"4435857905", "pid":"1", "tid":"mom"},
{"name":"ModelAdvance", "ph":"B", "ts":"4435858076", "pid":"1", "tid":"mom"},
{"name":"ModelAdvance", "ph":"E", "ts":"4441019178", "pid":"1", "tid":"mom"},
{"name":"ModelSetRunClock", "ph":"B", "ts":"4443490880", "pid":"1", "tid":"mom"},
{"name":"ModelSetRunClock", "ph":"E", "ts":"4443490949", "pid":"1", "tid":"mom"},
{"name":"ModelAdvance", "ph":"B", "ts":"4443491117", "pid":"1", "tid":"mom"},
{"name":"ModelAdvance", "ph":"E", "ts":"4448669318", "pid":"1", "tid":"mom"},
{"name":"ModelSetRunClock", "ph":"B", "ts":"4450498669", "pid":"1", "tid":"mom"},
{"name":"ModelSetRunClock", "ph":"E", "ts":"4450498743", "pid":"1", "tid":"mom"},
{"name":"ModelAdvance", "ph":"B", "ts":"4450498916", "pid":"1", "tid":"mom"},
{"name":"ModelAdvance", "ph":"E", "ts":"4455676686", "pid":"1", "tid":"mom"},
{"name":"ModelSetRunClock", "ph":"B", "ts":"4458212043", "pid":"1", "tid":"mom"},
{"name":"ModelSetRunClock", "ph":"E", "ts":"4458212113", "pid":"1", "tid":"mom"},
{"name":"ModelAdvance", "ph":"B", "ts":"4458212279", "pid":"1", "tid":"mom"},
{"name":"ModelAdvance", "ph":"E", "ts":"4463447128", "pid":"1", "tid":"mom"},
{"name":"ModelSetRunClock", "ph":"B", "ts":"4465268030", "pid":"1", "tid":"mom"},
{"name":"ModelSetRunClock", "ph":"E", "ts":"4465268155", "pid":"1", "tid":"mom"},
{"name":"ModelAdvance", "ph":"B", "ts":"4465268382", "pid":"1", "tid":"mom"},
{"name":"ModelAdvance", "ph":"E", "ts":"4470431321", "pid":"1", "tid":"mom"},
{"name":"ModelSetRunClock", "ph":"B", "ts":"4472953414", "pid":"1", "tid":"mom"},
{"name":"ModelSetRunClock", "ph":"E", "ts":"4472953717", "pid":"1", "tid":"mom"},
{"name":"ModelAdvance", "ph":"B", "ts":"4472953911", "pid":"1", "tid":"mom"},
{"name":"ModelAdvance", "ph":"E", "ts":"4478129979", "pid":"1", "tid":"mom"},
{"name":"ModelSetRunClock", "ph":"B", "ts":"4480106739", "pid":"1", "tid":"mom"},
{"name":"ModelSetRunClock", "ph":"E", "ts":"4480106814", "pid":"1", "tid":"mom"},
{"name":"ModelAdvance", "ph":"B", "ts":"4480106986", "pid":"1", "tid":"mom"},
{"name":"ModelAdvance", "ph":"E", "ts":"4485263246", "pid":"1", "tid":"mom"},
{"name":"ModelSetRunClock", "ph":"B", "ts":"4487772166", "pid":"1", "tid":"mom"},
{"name":"ModelSetRunClock", "ph":"E", "ts":"4487772357", "pid":"1", "tid":"mom"},
{"name":"ModelAdvance", "ph":"B", "ts":"4487772518", "pid":"1", "tid":"mom"},
{"name":"ModelAdvance", "ph":"E", "ts":"4492926187", "pid":"1", "tid":"mom"},
{"name":"ModelSetRunClock", "ph":"B", "ts":"4495020264", "pid":"1", "tid":"mom"},
{"name":"ModelSetRunClock", "ph":"E", "ts":"4495020337", "pid":"1", "tid":"mom"},
{"name":"ModelAdvance", "ph":"B", "ts":"4495020505", "pid":"1", "tid":"mom"},
{"name":"ModelAdvance", "ph":"E", "ts":"4500190841", "pid":"1", "tid":"mom"},
{"name":"ModelSetRunClock", "ph":"B", "ts":"4502814603", "pid":"1", "tid":"mom"},
{"name":"ModelSetRunClock", "ph":"E", "ts":"4502814830", "pid":"1", "tid":"mom"},
{"name":"ModelAdvance", "ph":"B", "ts":"4502815006", "pid":"1", "tid":"mom"},
{"name":"ModelAdvance", "ph":"E", "ts":"4508027677", "pid":"1", "tid":"mom"},
{"name":"ModelFinalize", "ph":"B", "ts":"4508033752", "pid":"1", "tid":"mom"},
{"name":"ModelFinalize", "ph":"E", "ts":"4508175195", "pid":"1", "tid":"mom"},
