{"name":"SetServices", "ph":"B", "ts":"3092520224", "pid":"1", "tid":"wave"},
{"name":"SetServices", "ph":"E", "ts":"3092522662", "pid":"1", "tid":"wave"},
{"name":"InitializeP0", "ph":"B", "ts":"3092526609", "pid":"1", "tid":"wave"},
{"name":"InitializeP0", "ph":"E", "ts":"3092526696", "pid":"1", "tid":"wave"},
{"name":"InitializeAdvertise", "ph":"B", "ts":"3132875697", "pid":"1", "tid":"wave"},
{"name":"InitializeAdvertise", "ph":"E", "ts":"3232464248", "pid":"1", "tid":"wave"},
{"name":"InitializeRealize", "ph":"B", "ts":"3329056153", "pid":"1", "tid":"wave"},
{"name":"InitializeRealize", "ph":"E", "ts":"3341897363", "pid":"1", "tid":"wave"},
{"name":"DataInitialize", "ph":"B", "ts":"3374595777", "pid":"1", "tid":"wave"},
{"name":"DataInitialize", "ph":"E", "ts":"3374599593", "pid":"1", "tid":"wave"},
{"name":"ModelSetRunClock", "ph":"B", "ts":"3406930190", "pid":"1", "tid":"wave"},
{"name":"ModelSetRunClock", "ph":"E", "ts":"3406938931", "pid":"1", "tid":"wave"},
{"name":"ModelAdvance", "ph":"B", "ts":"3406939019", "pid":"1", "tid":"wave"},
{"name":"ModelAdvance", "ph":"E", "ts":"3418242335", "pid":"1", "tid":"wave"},
{"name":"ModelSetRunClock", "ph":"B", "ts":"3419717044", "pid":"1", "tid":"wave"},
{"name":"ModelSetRunClock", "ph":"E", "ts":"3419717161", "pid":"1", "tid":"wave"},
{"name":"ModelAdvance", "ph":"B", "ts":"3419717275", "pid":"1", "tid":"wave"},
{"name":"ModelAdvance", "ph":"E", "ts":"3429881649", "pid":"1", "tid":"wave"},
{"name":"ModelSetRunClock", "ph":"B", "ts":"3433452248", "pid":"1", "tid":"wave"},
{"name":"ModelSetRunClock", "ph":"E", "ts":"3433452323", "pid":"1", "tid":"wave"},
{"name":"ModelAdvance", "ph":"B", "ts":"3433452426", "pid":"1", "tid":"wave"},
{"name":"ModelAdvance", "ph":"E", "ts":"3444334491", "pid":"1", "tid":"wave"},
{"name":"ModelSetRunClock", "ph":"B", "ts":"3447907345", "pid":"1", "tid":"wave"},
{"name":"ModelSetRunClock", "ph":"E", "ts":"3447907442", "pid":"1", "tid":"wave"},
{"name":"ModelAdvance", "ph":"B", "ts":"3447907562", "pid":"1", "tid":"wave"},
{"name":"ModelAdvance", "ph":"E", "ts":"3458151530", "pid":"1", "tid":"wave"},
{"name":"ModelSetRunClock", "ph":"B", "ts":"3461575905", "pid":"1", "tid":"wave"},
{"name":"ModelSetRunClock", "ph":"E", "ts":"3461575985", "pid":"1", "tid":"wave"},
{"name":"ModelAdvance", "ph":"B", "ts":"3461576106", "pid":"1", "tid":"wave"},
{"name":"ModelAdvance", "ph":"E", "ts":"3471180015", "pid":"1", "tid":"wave"},
{"name":"ModelSetRunClock", "ph":"B", "ts":"3473296173", "pid":"1", "tid":"wave"},
{"name":"ModelSetRunClock", "ph":"E", "ts":"3473296259", "pid":"1", "tid":"wave"},
{"name":"ModelAdvance", "ph":"B", "ts":"3473296349", "pid":"1", "tid":"wave"},
{"name":"ModelAdvance", "ph":"E", "ts":"3481051451", "pid":"1", "tid":"wave"},
{"name":"ModelSetRunClock", "ph":"B", "ts":"3495732494", "pid":"1", "tid":"wave"},
{"name":"ModelSetRunClock", "ph":"E", "ts":"3495732575", "pid":"1", "tid":"wave"},
{"name":"ModelAdvance", "ph":"B", "ts":"3495732669", "pid":"1", "tid":"wave"},
{"name":"ModelAdvance", "ph":"E", "ts":"3502518887", "pid":"1", "tid":"wave"},
{"name":"ModelSetRunClock", "ph":"B", "ts":"3503954806", "pid":"1", "tid":"wave"},
{"name":"ModelSetRunClock", "ph":"E", "ts":"3503954905", "pid":"1", "tid":"wave"},
{"name":"ModelAdvance", "ph":"B", "ts":"3503955023", "pid":"1", "tid":"wave"},
{"name":"ModelAdvance", "ph":"E", "ts":"3510050998", "pid":"1", "tid":"wave"},
{"name":"ModelSetRunClock", "ph":"B", "ts":"3511643727", "pid":"1", "tid":"wave"},
{"name":"ModelSetRunClock", "ph":"E", "ts":"3511643840", "pid":"1", "tid":"wave"},
{"name":"ModelAdvance", "ph":"B", "ts":"3511643959", "pid":"1", "tid":"wave"},
{"name":"ModelAdvance", "ph":"E", "ts":"3517195069", "pid":"1", "tid":"wave"},
{"name":"ModelSetRunClock", "ph":"B", "ts":"3519728702", "pid":"1", "tid":"wave"},
{"name":"ModelSetRunClock", "ph":"E", "ts":"3519728834", "pid":"1", "tid":"wave"},
{"name":"ModelAdvance", "ph":"B", "ts":"3519728969", "pid":"1", "tid":"wave"},
{"name":"ModelAdvance", "ph":"E", "ts":"3525134645", "pid":"1", "tid":"wave"},
{"name":"ModelSetRunClock", "ph":"B", "ts":"3527039451", "pid":"1", "tid":"wave"},
{"name":"ModelSetRunClock", "ph":"E", "ts":"3527039842", "pid":"1", "tid":"wave"},
{"name":"ModelAdvance", "ph":"B", "ts":"3527039993", "pid":"1", "tid":"wave"},
{"name":"ModelAdvance", "ph":"E", "ts":"3532434390", "pid":"1", "tid":"wave"},
{"name":"ModelSetRunClock", "ph":"B", "ts":"3535270016", "pid":"1", "tid":"wave"},
{"name":"ModelSetRunClock", "ph":"E", "ts":"3535270089", "pid":"1", "tid":"wave"},
{"name":"ModelAdvance", "ph":"B", "ts":"3535270218", "pid":"1", "tid":"wave"},
{"name":"ModelAdvance", "ph":"E", "ts":"3540640789", "pid":"1", "tid":"wave"},
{"name":"ModelSetRunClock", "ph":"B", "ts":"3542592115", "pid":"1", "tid":"wave"},
{"name":"ModelSetRunClock", "ph":"E", "ts":"3542592349", "pid":"1", "tid":"wave"},
{"name":"ModelAdvance", "ph":"B", "ts":"3542592486", "pid":"1", "tid":"wave"},
{"name":"ModelAdvance", "ph":"E", "ts":"3547886256", "pid":"1", "tid":"wave"},
{"name":"ModelSetRunClock", "ph":"B", "ts":"3550573683", "pid":"1", "tid":"wave"},
{"name":"ModelSetRunClock", "ph":"E", "ts":"3550573812", "pid":"1", "tid":"wave"},
{"name":"ModelAdvance", "ph":"B", "ts":"3550573950", "pid":"1", "tid":"wave"},
{"name":"ModelAdvance", "ph":"E", "ts":"3555829003", "pid":"1", "tid":"wave"},
{"name":"ModelSetRunClock", "ph":"B", "ts":"3557822848", "pid":"1", "tid":"wave"},
{"name":"ModelSetRunClock", "ph":"E", "ts":"3557822936", "pid":"1", "tid":"wave"},
{"name":"ModelAdvance", "ph":"B", "ts":"3557823115", "pid":"1", "tid":"wave"},
{"name":"ModelAdvance", "ph":"E", "ts":"3563066419", "pid":"1", "tid":"wave"},
{"name":"ModelSetRunClock", "ph":"B", "ts":"3565906025", "pid":"1", "tid":"wave"},
{"name":"ModelSetRunClock", "ph":"E", "ts":"3565906165", "pid":"1", "tid":"wave"},
{"name":"ModelAdvance", "ph":"B", "ts":"3565906331", "pid":"1", "tid":"wave"},
{"name":"ModelAdvance", "ph":"E", "ts":"3571144808", "pid":"1", "tid":"wave"},
{"name":"ModelSetRunClock", "ph":"B", "ts":"3573704841", "pid":"1", "tid":"wave"},
{"name":"ModelSetRunClock", "ph":"E", "ts":"3573704920", "pid":"1", "tid":"wave"},
{"name":"ModelAdvance", "ph":"B", "ts":"3573705071", "pid":"1", "tid":"wave"},
{"name":"ModelAdvance", "ph":"E", "ts":"3579028047", "pid":"1", "tid":"wave"},
{"name":"ModelSetRunClock", "ph":"B", "ts":"3582009918", "pid":"1", "tid":"wave"},
{"name":"ModelSetRunClock", "ph":"E", "ts":"3582010028", "pid":"1", "tid":"wave"},
{"name":"ModelAdvance", "ph":"B", "ts":"3582010186", "pid":"1", "tid":"wave"},
{"name":"ModelAdvance", "ph":"E", "ts":"3587296640", "pid":"1", "tid":"wave"},
{"name":"ModelSetRunClock", "ph":"B", "ts":"3589998033", "pid":"1", "tid":"wave"},
{"name":"ModelSetRunClock", "ph":"E", "ts":"3589998098", "pid":"1", "tid":"wave"},
{"name":"ModelAdvance", "ph":"B", "ts":"3589998178", "pid":"1", "tid":"wave"},
{"name":"ModelAdvance", "ph":"E", "ts":"3595250727", "pid":"1", "tid":"wave"},
{"name":"ModelSetRunClock", "ph":"B", "ts":"3598089152", "pid":"1", "tid":"wave"},
{"name":"ModelSetRunClock", "ph":"E", "ts":"3598089240", "pid":"1", "tid":"wave"},
{"name":"ModelAdvance", "ph":"B", "ts":"3598089399", "pid":"1", "tid":"wave"},
{"name":"ModelAdvance", "ph":"E", "ts":"3603275425", "pid":"1", "tid":"wave"},
{"name":"ModelSetRunClock", "ph":"B", "ts":"3605838657", "pid":"1", "tid":"wave"},
{"name":"ModelSetRunClock", "ph":"E", "ts":"3605838724", "pid":"1", "tid":"wave"},
{"name":"ModelAdvance", "ph":"B", "ts":"3605838820", "pid":"1", "tid":"wave"},
{"name":"ModelAdvance", "ph":"E", "ts":"3611069572", "pid":"1", "tid":"wave"},
{"name":"ModelSetRunClock", "ph":"B", "ts":"3614353345", "pid":"1", "tid":"wave"},
{"name":"ModelSetRunClock", "ph":"E", "ts":"3614353410", "pid":"1", "tid":"wave"},
{"name":"ModelAdvance", "ph":"B", "ts":"3614353488", "pid":"1", "tid":"wave"},
{"name":"ModelAdvance", "ph":"E", "ts":"3619592213", "pid":"1", "tid":"wave"},
{"name":"ModelSetRunClock", "ph":"B", "ts":"3622296453", "pid":"1", "tid":"wave"},
{"name":"ModelSetRunClock", "ph":"E", "ts":"3622296516", "pid":"1", "tid":"wave"},
{"name":"ModelAdvance", "ph":"B", "ts":"3622296606", "pid":"1", "tid":"wave"},
{"name":"ModelAdvance", "ph":"E", "ts":"3627412349", "pid":"1", "tid":"wave"},
{"name":"ModelSetRunClock", "ph":"B", "ts":"3630577934", "pid":"1", "tid":"wave"},
{"name":"ModelSetRunClock", "ph":"E", "ts":"3630578138", "pid":"1", "tid":"wave"},
{"name":"ModelAdvance", "ph":"B", "ts":"3630578258", "pid":"1", "tid":"wave"},
{"name":"ModelAdvance", "ph":"E", "ts":"3635594372", "pid":"1", "tid":"wave"},
{"name":"ModelSetRunClock", "ph":"B", "ts":"3638225563", "pid":"1", "tid":"wave"},
{"name":"ModelSetRunClock", "ph":"E", "ts":"3638225730", "pid":"1", "tid":"wave"},
{"name":"ModelAdvance", "ph":"B", "ts":"3638225854", "pid":"1", "tid":"wave"},
{"name":"ModelAdvance", "ph":"E", "ts":"3643199714", "pid":"1", "tid":"wave"},
{"name":"ModelSetRunClock", "ph":"B", "ts":"3646294267", "pid":"1", "tid":"wave"},
{"name":"ModelSetRunClock", "ph":"E", "ts":"3646294345", "pid":"1", "tid":"wave"},
{"name":"ModelAdvance", "ph":"B", "ts":"3646294558", "pid":"1", "tid":"wave"},
{"name":"ModelAdvance", "ph":"E", "ts":"3651388018", "pid":"1", "tid":"wave"},
{"name":"ModelSetRunClock", "ph":"B", "ts":"3653467747", "pid":"1", "tid":"wave"},
{"name":"ModelSetRunClock", "ph":"E", "ts":"3653467828", "pid":"1", "tid":"wave"},
{"name":"ModelAdvance", "ph":"B", "ts":"3653467963", "pid":"1", "tid":"wave"},
{"name":"ModelAdvance", "ph":"E", "ts":"3658401772", "pid":"1", "tid":"wave"},
{"name":"ModelSetRunClock", "ph":"B", "ts":"3661339927", "pid":"1", "tid":"wave"},
{"name":"ModelSetRunClock", "ph":"E", "ts":"3661340011", "pid":"1", "tid":"wave"},
{"name":"ModelAdvance", "ph":"B", "ts":"3661340183", "pid":"1", "tid":"wave"},
{"name":"ModelAdvance", "ph":"E", "ts":"3666304277", "pid":"1", "tid":"wave"},
{"name":"ModelSetRunClock", "ph":"B", "ts":"3668505320", "pid":"1", "tid":"wave"},
{"name":"ModelSetRunClock", "ph":"E", "ts":"3668505430", "pid":"1", "tid":"wave"},
{"name":"ModelAdvance", "ph":"B", "ts":"3668505560", "pid":"1", "tid":"wave"},
{"name":"ModelAdvance", "ph":"E", "ts":"3673305035", "pid":"1", "tid":"wave"},
{"name":"ModelSetRunClock", "ph":"B", "ts":"3676373072", "pid":"1", "tid":"wave"},
{"name":"ModelSetRunClock", "ph":"E", "ts":"3676373158", "pid":"1", "tid":"wave"},
{"name":"ModelAdvance", "ph":"B", "ts":"3676373307", "pid":"1", "tid":"wave"},
{"name":"ModelAdvance", "ph":"E", "ts":"3681131623", "pid":"1", "tid":"wave"},
{"name":"ModelSetRunClock", "ph":"B", "ts":"3683640895", "pid":"1", "tid":"wave"},
{"name":"ModelSetRunClock", "ph":"E", "ts":"3683641013", "pid":"1", "tid":"wave"},
{"name":"ModelAdvance", "ph":"B", "ts":"3683641149", "pid":"1", "tid":"wave"},
{"name":"ModelAdvance", "ph":"E", "ts":"3688396255", "pid":"1", "tid":"wave"},
{"name":"ModelSetRunClock", "ph":"B", "ts":"3691493892", "pid":"1", "tid":"wave"},
{"name":"ModelSetRunClock", "ph":"E", "ts":"3691494052", "pid":"1", "tid":"wave"},
{"name":"ModelAdvance", "ph":"B", "ts":"3691494185", "pid":"1", "tid":"wave"},
{"name":"ModelAdvance", "ph":"E", "ts":"3696260810", "pid":"1", "tid":"wave"},
{"name":"ModelSetRunClock", "ph":"B", "ts":"3698639799", "pid":"1", "tid":"wave"},
{"name":"ModelSetRunClock", "ph":"E", "ts":"3698640120", "pid":"1", "tid":"wave"},
{"name":"ModelAdvance", "ph":"B", "ts":"3698640246", "pid":"1", "tid":"wave"},
{"name":"ModelAdvance", "ph":"E", "ts":"3703458811", "pid":"1", "tid":"wave"},
{"name":"ModelSetRunClock", "ph":"B", "ts":"3706462567", "pid":"1", "tid":"wave"},
{"name":"ModelSetRunClock", "ph":"E", "ts":"3706462658", "pid":"1", "tid":"wave"},
{"name":"ModelAdvance", "ph":"B", "ts":"3706462815", "pid":"1", "tid":"wave"},
{"name":"ModelAdvance", "ph":"E", "ts":"3711290504", "pid":"1", "tid":"wave"},
{"name":"ModelSetRunClock", "ph":"B", "ts":"3713623795", "pid":"1", "tid":"wave"},
{"name":"ModelSetRunClock", "ph":"E", "ts":"3713623897", "pid":"1", "tid":"wave"},
{"name":"ModelAdvance", "ph":"B", "ts":"3713624008", "pid":"1", "tid":"wave"},
{"name":"ModelAdvance", "ph":"E", "ts":"3718461122", "pid":"1", "tid":"wave"},
{"name":"ModelSetRunClock", "ph":"B", "ts":"3721385732", "pid":"1", "tid":"wave"},
{"name":"ModelSetRunClock", "ph":"E", "ts":"3721385908", "pid":"1", "tid":"wave"},
{"name":"ModelAdvance", "ph":"B", "ts":"3721386280", "pid":"1", "tid":"wave"},
{"name":"ModelAdvance", "ph":"E", "ts":"3726224978", "pid":"1", "tid":"wave"},
{"name":"ModelSetRunClock", "ph":"B", "ts":"3728543430", "pid":"1", "tid":"wave"},
{"name":"ModelSetRunClock", "ph":"E", "ts":"3728543640", "pid":"1", "tid":"wave"},
{"name":"ModelAdvance", "ph":"B", "ts":"3728543788", "pid":"1", "tid":"wave"},
{"name":"ModelAdvance", "ph":"E", "ts":"3733353128", "pid":"1", "tid":"wave"},
{"name":"ModelSetRunClock", "ph":"B", "ts":"3736504799", "pid":"1", "tid":"wave"},
{"name":"ModelSetRunClock", "ph":"E", "ts":"3736505094", "pid":"1", "tid":"wave"},
{"name":"ModelAdvance", "ph":"B", "ts":"3736505300", "pid":"1", "tid":"wave"},
{"name":"ModelAdvance", "ph":"E", "ts":"3741286143", "pid":"1", "tid":"wave"},
{"name":"ModelSetRunClock", "ph":"B", "ts":"3743794666", "pid":"1", "tid":"wave"},
{"name":"ModelSetRunClock", "ph":"E", "ts":"3743794740", "pid":"1", "tid":"wave"},
{"name":"ModelAdvance", "ph":"B", "ts":"3743794843", "pid":"1", "tid":"wave"},
{"name":"ModelAdvance", "ph":"E", "ts":"3748683906", "pid":"1", "tid":"wave"},
{"name":"ModelSetRunClock", "ph":"B", "ts":"3751886542", "pid":"1", "tid":"wave"},
{"name":"ModelSetRunClock", "ph":"E", "ts":"3751886749", "pid":"1", "tid":"wave"},
{"name":"ModelAdvance", "ph":"B", "ts":"3751886863", "pid":"1", "tid":"wave"},
{"name":"ModelAdvance", "ph":"E", "ts":"3756660662", "pid":"1", "tid":"wave"},
{"name":"ModelSetRunClock", "ph":"B", "ts":"3759692742", "pid":"1", "tid":"wave"},
{"name":"ModelSetRunClock", "ph":"E", "ts":"3759692844", "pid":"1", "tid":"wave"},
{"name":"ModelAdvance", "ph":"B", "ts":"3759693018", "pid":"1", "tid":"wave"},
{"name":"ModelAdvance", "ph":"E", "ts":"3764429287", "pid":"1", "tid":"wave"},
{"name":"ModelSetRunClock", "ph":"B", "ts":"3768058719", "pid":"1", "tid":"wave"},
{"name":"ModelSetRunClock", "ph":"E", "ts":"3768058884", "pid":"1", "tid":"wave"},
{"name":"ModelAdvance", "ph":"B", "ts":"3768059024", "pid":"1", "tid":"wave"},
{"name":"ModelAdvance", "ph":"E", "ts":"3772800417", "pid":"1", "tid":"wave"},
{"name":"ModelSetRunClock", "ph":"B", "ts":"3775967721", "pid":"1", "tid":"wave"},
{"name":"ModelSetRunClock", "ph":"E", "ts":"3775967783", "pid":"1", "tid":"wave"},
{"name":"ModelAdvance", "ph":"B", "ts":"3775967866", "pid":"1", "tid":"wave"},
{"name":"ModelAdvance", "ph":"E", "ts":"3780675396", "pid":"1", "tid":"wave"},
{"name":"ModelSetRunClock", "ph":"B", "ts":"3795679019", "pid":"1", "tid":"wave"},
{"name":"ModelSetRunClock", "ph":"E", "ts":"3795679480", "pid":"1", "tid":"wave"},
{"name":"ModelAdvance", "ph":"B", "ts":"3795679603", "pid":"1", "tid":"wave"},
{"name":"ModelAdvance", "ph":"E", "ts":"3800411775", "pid":"1", "tid":"wave"},
{"name":"ModelSetRunClock", "ph":"B", "ts":"3803299406", "pid":"1", "tid":"wave"},
{"name":"ModelSetRunClock", "ph":"E", "ts":"3803299468", "pid":"1", "tid":"wave"},
{"name":"ModelAdvance", "ph":"B", "ts":"3803299553", "pid":"1", "tid":"wave"},
{"name":"ModelAdvance", "ph":"E", "ts":"3808024081", "pid":"1", "tid":"wave"},
{"name":"ModelSetRunClock", "ph":"B", "ts":"3811345104", "pid":"1", "tid":"wave"},
{"name":"ModelSetRunClock", "ph":"E", "ts":"3811345239", "pid":"1", "tid":"wave"},
{"name":"ModelAdvance", "ph":"B", "ts":"3811345359", "pid":"1", "tid":"wave"},
{"name":"ModelAdvance", "ph":"E", "ts":"3816022938", "pid":"1", "tid":"wave"},
{"name":"ModelSetRunClock", "ph":"B", "ts":"3818531661", "pid":"1", "tid":"wave"},
{"name":"ModelSetRunClock", "ph":"E", "ts":"3818531844", "pid":"1", "tid":"wave"},
{"name":"ModelAdvance", "ph":"B", "ts":"3818531960", "pid":"1", "tid":"wave"},
{"name":"ModelAdvance", "ph":"E", "ts":"3823210064", "pid":"1", "tid":"wave"},
{"name":"ModelSetRunClock", "ph":"B", "ts":"3826329135", "pid":"1", "tid":"wave"},
{"name":"ModelSetRunClock", "ph":"E", "ts":"3826329608", "pid":"1", "tid":"wave"},
{"name":"ModelAdvance", "ph":"B", "ts":"3826329744", "pid":"1", "tid":"wave"},
{"name":"ModelAdvance", "ph":"E", "ts":"3831022705", "pid":"1", "tid":"wave"},
{"name":"ModelSetRunClock", "ph":"B", "ts":"3833872655", "pid":"1", "tid":"wave"},
{"name":"ModelSetRunClock", "ph":"E", "ts":"3833873076", "pid":"1", "tid":"wave"},
{"name":"ModelAdvance", "ph":"B", "ts":"3833873219", "pid":"1", "tid":"wave"},
{"name":"ModelAdvance", "ph":"E", "ts":"3838534092", "pid":"1", "tid":"wave"},
{"name":"ModelSetRunClock", "ph":"B", "ts":"3841959083", "pid":"1", "tid":"wave"},
{"name":"ModelSetRunClock", "ph":"E", "ts":"3841959145", "pid":"1", "tid":"wave"},
{"name":"ModelAdvance", "ph":"B", "ts":"3841959233", "pid":"1", "tid":"wave"},
{"name":"ModelAdvance", "ph":"E", "ts":"3846659433", "pid":"1", "tid":"wave"},
{"name":"ModelSetRunClock", "ph":"B", "ts":"3849467127", "pid":"1", "tid":"wave"},
{"name":"ModelSetRunClock", "ph":"E", "ts":"3849467189", "pid":"1", "tid":"wave"},
{"name":"ModelAdvance", "ph":"B", "ts":"3849467268", "pid":"1", "tid":"wave"},
{"name":"ModelAdvance", "ph":"E", "ts":"3854148452", "pid":"1", "tid":"wave"},
{"name":"ModelSetRunClock", "ph":"B", "ts":"3857361633", "pid":"1", "tid":"wave"},
{"name":"ModelSetRunClock", "ph":"E", "ts":"3857361836", "pid":"1", "tid":"wave"},
{"name":"ModelAdvance", "ph":"B", "ts":"3857361926", "pid":"1", "tid":"wave"},
{"name":"ModelAdvance", "ph":"E", "ts":"3862010588", "pid":"1", "tid":"wave"},
{"name":"ModelSetRunClock", "ph":"B", "ts":"3864602248", "pid":"1", "tid":"wave"},
{"name":"ModelSetRunClock", "ph":"E", "ts":"3864602310", "pid":"1", "tid":"wave"},
{"name":"ModelAdvance", "ph":"B", "ts":"3864602430", "pid":"1", "tid":"wave"},
{"name":"ModelAdvance", "ph":"E", "ts":"3869238632", "pid":"1", "tid":"wave"},
{"name":"ModelSetRunClock", "ph":"B", "ts":"3872558662", "pid":"1", "tid":"wave"},
{"name":"ModelSetRunClock", "ph":"E", "ts":"3872558804", "pid":"1", "tid":"wave"},
{"name":"ModelAdvance", "ph":"B", "ts":"3872558967", "pid":"1", "tid":"wave"},
{"name":"ModelAdvance", "ph":"E", "ts":"3877173938", "pid":"1", "tid":"wave"},
{"name":"ModelSetRunClock", "ph":"B", "ts":"3880036476", "pid":"1", "tid":"wave"},
{"name":"ModelSetRunClock", "ph":"E", "ts":"3880036548", "pid":"1", "tid":"wave"},
{"name":"ModelAdvance", "ph":"B", "ts":"3880036706", "pid":"1", "tid":"wave"},
{"name":"ModelAdvance", "ph":"E", "ts":"3884640393", "pid":"1", "tid":"wave"},
{"name":"ModelSetRunClock", "ph":"B", "ts":"3888072921", "pid":"1", "tid":"wave"},
{"name":"ModelSetRunClock", "ph":"E", "ts":"3888073300", "pid":"1", "tid":"wave"},
{"name":"ModelAdvance", "ph":"B", "ts":"3888073434", "pid":"1", "tid":"wave"},
{"name":"ModelAdvance", "ph":"E", "ts":"3892703060", "pid":"1", "tid":"wave"},
{"name":"ModelSetRunClock", "ph":"B", "ts":"3895514314", "pid":"1", "tid":"wave"},
{"name":"ModelSetRunClock", "ph":"E", "ts":"3895514375", "pid":"1", "tid":"wave"},
{"name":"ModelAdvance", "ph":"B", "ts":"3895514456", "pid":"1", "tid":"wave"},
{"name":"ModelAdvance", "ph":"E", "ts":"3900137656", "pid":"1", "tid":"wave"},
{"name":"ModelSetRunClock", "ph":"B", "ts":"3903564743", "pid":"1", "tid":"wave"},
{"name":"ModelSetRunClock", "ph":"E", "ts":"3903564813", "pid":"1", "tid":"wave"},
{"name":"ModelAdvance", "ph":"B", "ts":"3903564937", "pid":"1", "tid":"wave"},
{"name":"ModelAdvance", "ph":"E", "ts":"3908186185", "pid":"1", "tid":"wave"},
{"name":"ModelSetRunClock", "ph":"B", "ts":"3910815508", "pid":"1", "tid":"wave"},
{"name":"ModelSetRunClock", "ph":"E", "ts":"3910815576", "pid":"1", "tid":"wave"},
{"name":"ModelAdvance", "ph":"B", "ts":"3910815661", "pid":"1", "tid":"wave"},
{"name":"ModelAdvance", "ph":"E", "ts":"3915430771", "pid":"1", "tid":"wave"},
{"name":"ModelSetRunClock", "ph":"B", "ts":"3918691704", "pid":"1", "tid":"wave"},
{"name":"ModelSetRunClock", "ph":"E", "ts":"3918691956", "pid":"1", "tid":"wave"},
{"name":"ModelAdvance", "ph":"B", "ts":"3918692157", "pid":"1", "tid":"wave"},
{"name":"ModelAdvance", "ph":"E", "ts":"3923283812", "pid":"1", "tid":"wave"},
{"name":"ModelSetRunClock", "ph":"B", "ts":"3925941658", "pid":"1", "tid":"wave"},
{"name":"ModelSetRunClock", "ph":"E", "ts":"3925941753", "pid":"1", "tid":"wave"},
{"name":"ModelAdvance", "ph":"B", "ts":"3925941975", "pid":"1", "tid":"wave"},
{"name":"ModelAdvance", "ph":"E", "ts":"3930554032", "pid":"1", "tid":"wave"},
{"name":"ModelSetRunClock", "ph":"B", "ts":"3933870840", "pid":"1", "tid":"wave"},
{"name":"ModelSetRunClock", "ph":"E", "ts":"3933871000", "pid":"1", "tid":"wave"},
{"name":"ModelAdvance", "ph":"B", "ts":"3933871114", "pid":"1", "tid":"wave"},
{"name":"ModelAdvance", "ph":"E", "ts":"3938507139", "pid":"1", "tid":"wave"},
{"name":"ModelSetRunClock", "ph":"B", "ts":"3941155075", "pid":"1", "tid":"wave"},
{"name":"ModelSetRunClock", "ph":"E", "ts":"3941155142", "pid":"1", "tid":"wave"},
{"name":"ModelAdvance", "ph":"B", "ts":"3941155263", "pid":"1", "tid":"wave"},
{"name":"ModelAdvance", "ph":"E", "ts":"3945760206", "pid":"1", "tid":"wave"},
{"name":"ModelSetRunClock", "ph":"B", "ts":"3949080927", "pid":"1", "tid":"wave"},
{"name":"ModelSetRunClock", "ph":"E", "ts":"3949081170", "pid":"1", "tid":"wave"},
{"name":"ModelAdvance", "ph":"B", "ts":"3949081382", "pid":"1", "tid":"wave"},
{"name":"ModelAdvance", "ph":"E", "ts":"3953697511", "pid":"1", "tid":"wave"},
{"name":"ModelSetRunClock", "ph":"B", "ts":"3956354784", "pid":"1", "tid":"wave"},
{"name":"ModelSetRunClock", "ph":"E", "ts":"3956355019", "pid":"1", "tid":"wave"},
{"name":"ModelAdvance", "ph":"B", "ts":"3956355153", "pid":"1", "tid":"wave"},
{"name":"ModelAdvance", "ph":"E", "ts":"3961007741", "pid":"1", "tid":"wave"},
{"name":"ModelSetRunClock", "ph":"B", "ts":"3964377055", "pid":"1", "tid":"wave"},
{"name":"ModelSetRunClock", "ph":"E", "ts":"3964377139", "pid":"1", "tid":"wave"},
{"name":"ModelAdvance", "ph":"B", "ts":"3964377253", "pid":"1", "tid":"wave"},
{"name":"ModelAdvance", "ph":"E", "ts":"3969007565", "pid":"1", "tid":"wave"},
{"name":"ModelSetRunClock", "ph":"B", "ts":"3971662260", "pid":"1", "tid":"wave"},
{"name":"ModelSetRunClock", "ph":"E", "ts":"3971662333", "pid":"1", "tid":"wave"},
{"name":"ModelAdvance", "ph":"B", "ts":"3971662502", "pid":"1", "tid":"wave"},
{"name":"ModelAdvance", "ph":"E", "ts":"3976308635", "pid":"1", "tid":"wave"},
{"name":"ModelSetRunClock", "ph":"B", "ts":"3979634147", "pid":"1", "tid":"wave"},
{"name":"ModelSetRunClock", "ph":"E", "ts":"3979634499", "pid":"1", "tid":"wave"},
{"name":"ModelAdvance", "ph":"B", "ts":"3979634616", "pid":"1", "tid":"wave"},
{"name":"ModelAdvance", "ph":"E", "ts":"3984358725", "pid":"1", "tid":"wave"},
{"name":"ModelSetRunClock", "ph":"B", "ts":"3986888979", "pid":"1", "tid":"wave"},
{"name":"ModelSetRunClock", "ph":"E", "ts":"3986889050", "pid":"1", "tid":"wave"},
{"name":"ModelAdvance", "ph":"B", "ts":"3986889168", "pid":"1", "tid":"wave"},
{"name":"ModelAdvance", "ph":"E", "ts":"3991668740", "pid":"1", "tid":"wave"},
{"name":"ModelSetRunClock", "ph":"B", "ts":"3994884715", "pid":"1", "tid":"wave"},
{"name":"ModelSetRunClock", "ph":"E", "ts":"3994884827", "pid":"1", "tid":"wave"},
{"name":"ModelAdvance", "ph":"B", "ts":"3994884952", "pid":"1", "tid":"wave"},
{"name":"ModelAdvance", "ph":"E", "ts":"3999740830", "pid":"1", "tid":"wave"},
{"name":"ModelSetRunClock", "ph":"B", "ts":"4002149606", "pid":"1", "tid":"wave"},
{"name":"ModelSetRunClock", "ph":"E", "ts":"4002149678", "pid":"1", "tid":"wave"},
{"name":"ModelAdvance", "ph":"B", "ts":"4002149776", "pid":"1", "tid":"wave"},
{"name":"ModelAdvance", "ph":"E", "ts":"4007005838", "pid":"1", "tid":"wave"},
{"name":"ModelSetRunClock", "ph":"B", "ts":"4010081756", "pid":"1", "tid":"wave"},
{"name":"ModelSetRunClock", "ph":"E", "ts":"4010082027", "pid":"1", "tid":"wave"},
{"name":"ModelAdvance", "ph":"B", "ts":"4010082146", "pid":"1", "tid":"wave"},
{"name":"ModelAdvance", "ph":"E", "ts":"4014904310", "pid":"1", "tid":"wave"},
{"name":"ModelSetRunClock", "ph":"B", "ts":"4017290229", "pid":"1", "tid":"wave"},
{"name":"ModelSetRunClock", "ph":"E", "ts":"4017290295", "pid":"1", "tid":"wave"},
{"name":"ModelAdvance", "ph":"B", "ts":"4017290382", "pid":"1", "tid":"wave"},
{"name":"ModelAdvance", "ph":"E", "ts":"4022119404", "pid":"1", "tid":"wave"},
{"name":"ModelSetRunClock", "ph":"B", "ts":"4025262111", "pid":"1", "tid":"wave"},
{"name":"ModelSetRunClock", "ph":"E", "ts":"4025262192", "pid":"1", "tid":"wave"},
{"name":"ModelAdvance", "ph":"B", "ts":"4025262607", "pid":"1", "tid":"wave"},
{"name":"ModelAdvance", "ph":"E", "ts":"4030123099", "pid":"1", "tid":"wave"},
{"name":"ModelSetRunClock", "ph":"B", "ts":"4032449916", "pid":"1", "tid":"wave"},
{"name":"ModelSetRunClock", "ph":"E", "ts":"4032450018", "pid":"1", "tid":"wave"},
{"name":"ModelAdvance", "ph":"B", "ts":"4032450147", "pid":"1", "tid":"wave"},
{"name":"ModelAdvance", "ph":"E", "ts":"4037350690", "pid":"1", "tid":"wave"},
{"name":"ModelSetRunClock", "ph":"B", "ts":"4040350996", "pid":"1", "tid":"wave"},
{"name":"ModelSetRunClock", "ph":"E", "ts":"4040351061", "pid":"1", "tid":"wave"},
{"name":"ModelAdvance", "ph":"B", "ts":"4040351146", "pid":"1", "tid":"wave"},
{"name":"ModelAdvance", "ph":"E", "ts":"4045317341", "pid":"1", "tid":"wave"},
{"name":"ModelSetRunClock", "ph":"B", "ts":"4047583701", "pid":"1", "tid":"wave"},
{"name":"ModelSetRunClock", "ph":"E", "ts":"4047583966", "pid":"1", "tid":"wave"},
{"name":"ModelAdvance", "ph":"B", "ts":"4047584092", "pid":"1", "tid":"wave"},
{"name":"ModelAdvance", "ph":"E", "ts":"4052614565", "pid":"1", "tid":"wave"},
{"name":"ModelSetRunClock", "ph":"B", "ts":"4055476864", "pid":"1", "tid":"wave"},
{"name":"ModelSetRunClock", "ph":"E", "ts":"4055476931", "pid":"1", "tid":"wave"},
{"name":"ModelAdvance", "ph":"B", "ts":"4055477039", "pid":"1", "tid":"wave"},
{"name":"ModelAdvance", "ph":"E", "ts":"4060538813", "pid":"1", "tid":"wave"},
{"name":"ModelSetRunClock", "ph":"B", "ts":"4062665049", "pid":"1", "tid":"wave"},
{"name":"ModelSetRunClock", "ph":"E", "ts":"4062665164", "pid":"1", "tid":"wave"},
{"name":"ModelAdvance", "ph":"B", "ts":"4062665383", "pid":"1", "tid":"wave"},
{"name":"ModelAdvance", "ph":"E", "ts":"4067771454", "pid":"1", "tid":"wave"},
{"name":"ModelSetRunClock", "ph":"B", "ts":"4070435955", "pid":"1", "tid":"wave"},
{"name":"ModelSetRunClock", "ph":"E", "ts":"4070436118", "pid":"1", "tid":"wave"},
{"name":"ModelAdvance", "ph":"B", "ts":"4070436242", "pid":"1", "tid":"wave"},
{"name":"ModelAdvance", "ph":"E", "ts":"4075601950", "pid":"1", "tid":"wave"},
{"name":"ModelSetRunClock", "ph":"B", "ts":"4077586907", "pid":"1", "tid":"wave"},
{"name":"ModelSetRunClock", "ph":"E", "ts":"4077587002", "pid":"1", "tid":"wave"},
{"name":"ModelAdvance", "ph":"B", "ts":"4077587229", "pid":"1", "tid":"wave"},
{"name":"ModelAdvance", "ph":"E", "ts":"4082738117", "pid":"1", "tid":"wave"},
{"name":"ModelSetRunClock", "ph":"B", "ts":"4085259522", "pid":"1", "tid":"wave"},
{"name":"ModelSetRunClock", "ph":"E", "ts":"4085259583", "pid":"1", "tid":"wave"},
{"name":"ModelAdvance", "ph":"B", "ts":"4085259668", "pid":"1", "tid":"wave"},
{"name":"ModelAdvance", "ph":"E", "ts":"4090387809", "pid":"1", "tid":"wave"},
{"name":"ModelSetRunClock", "ph":"B", "ts":"4092379556", "pid":"1", "tid":"wave"},
{"name":"ModelSetRunClock", "ph":"E", "ts":"4092379634", "pid":"1", "tid":"wave"},
{"name":"ModelAdvance", "ph":"B", "ts":"4092379763", "pid":"1", "tid":"wave"},
{"name":"ModelAdvance", "ph":"E", "ts":"4097532069", "pid":"1", "tid":"wave"},
{"name":"ModelSetRunClock", "ph":"B", "ts":"4100159106", "pid":"1", "tid":"wave"},
{"name":"ModelSetRunClock", "ph":"E", "ts":"4100159197", "pid":"1", "tid":"wave"},
{"name":"ModelAdvance", "ph":"B", "ts":"4100159311", "pid":"1", "tid":"wave"},
{"name":"ModelAdvance", "ph":"E", "ts":"4105353929", "pid":"1", "tid":"wave"},
{"name":"ModelSetRunClock", "ph":"B", "ts":"4107290057", "pid":"1", "tid":"wave"},
{"name":"ModelSetRunClock", "ph":"E", "ts":"4107290173", "pid":"1", "tid":"wave"},
{"name":"ModelAdvance", "ph":"B", "ts":"4107290305", "pid":"1", "tid":"wave"},
{"name":"ModelAdvance", "ph":"E", "ts":"4112522923", "pid":"1", "tid":"wave"},
{"name":"ModelSetRunClock", "ph":"B", "ts":"4115116884", "pid":"1", "tid":"wave"},
{"name":"ModelSetRunClock", "ph":"E", "ts":"4115116946", "pid":"1", "tid":"wave"},
{"name":"ModelAdvance", "ph":"B", "ts":"4115117026", "pid":"1", "tid":"wave"},
{"name":"ModelAdvance", "ph":"E", "ts":"4120328302", "pid":"1", "tid":"wave"},
{"name":"ModelSetRunClock", "ph":"B", "ts":"4122314749", "pid":"1", "tid":"wave"},
{"name":"ModelSetRunClock", "ph":"E", "ts":"4122314851", "pid":"1", "tid":"wave"},
{"name":"ModelAdvance", "ph":"B", "ts":"4122315036", "pid":"1", "tid":"wave"},
{"name":"ModelAdvance", "ph":"E", "ts":"4127499299", "pid":"1", "tid":"wave"},
{"name":"ModelSetRunClock", "ph":"B", "ts":"4130047062", "pid":"1", "tid":"wave"},
{"name":"ModelSetRunClock", "ph":"E", "ts":"4130047127", "pid":"1", "tid":"wave"},
{"name":"ModelAdvance", "ph":"B", "ts":"4130047208", "pid":"1", "tid":"wave"},
{"name":"ModelAdvance", "ph":"E", "ts":"4135218195", "pid":"1", "tid":"wave"},
{"name":"ModelSetRunClock", "ph":"B", "ts":"4137163224", "pid":"1", "tid":"wave"},
{"name":"ModelSetRunClock", "ph":"E", "ts":"4137163288", "pid":"1", "tid":"wave"},
{"name":"ModelAdvance", "ph":"B", "ts":"4137163400", "pid":"1", "tid":"wave"},
{"name":"ModelAdvance", "ph":"E", "ts":"4142298096", "pid":"1", "tid":"wave"},
{"name":"ModelSetRunClock", "ph":"B", "ts":"4144925027", "pid":"1", "tid":"wave"},
{"name":"ModelSetRunClock", "ph":"E", "ts":"4144925152", "pid":"1", "tid":"wave"},
{"name":"ModelAdvance", "ph":"B", "ts":"4144925321", "pid":"1", "tid":"wave"},
{"name":"ModelAdvance", "ph":"E", "ts":"4150045651", "pid":"1", "tid":"wave"},
{"name":"ModelFinalize", "ph":"B", "ts":"4150051413", "pid":"1", "tid":"wave"},
{"name":"ModelFinalize", "ph":"E", "ts":"4150051441", "pid":"1", "tid":"wave"},
