{"name":"SetServices", "ph":"B", "ts":"3091103337", "pid":"1", "tid":"mom"},
{"name":"SetServices", "ph":"E", "ts":"3091105921", "pid":"1", "tid":"mom"},
{"name":"InitializeP0", "ph":"B", "ts":"3092491267", "pid":"1", "tid":"mom"},
{"name":"InitializeP0", "ph":"E", "ts":"3092491727", "pid":"1", "tid":"mom"},
{"name":"InitializeAdvertise", "ph":"B", "ts":"3132875700", "pid":"1", "tid":"mom"},
{"name":"InitializeAdvertise", "ph":"E", "ts":"3210969460", "pid":"1", "tid":"mom"},
{"name":"InitializeRealize", "ph":"B", "ts":"3328779538", "pid":"1", "tid":"mom"},
{"name":"InitializeRealize", "ph":"E", "ts":"3334007423", "pid":"1", "tid":"mom"},
{"name":"DataInitialize", "ph":"B", "ts":"3371938471", "pid":"1", "tid":"mom"},
{"name":"DataInitialize", "ph":"E", "ts":"3371939723", "pid":"1", "tid":"mom"},
{"name":"ModelSetRunClock", "ph":"B", "ts":"3406941674", "pid":"1", "tid":"mom"},
{"name":"ModelSetRunClock", "ph":"E", "ts":"3406953746", "pid":"1", "tid":"mom"},
{"name":"ModelAdvance", "ph":"B", "ts":"3406953948", "pid":"1", "tid":"mom"},
{"name":"ModelAdvance", "ph":"E", "ts":"3413032926", "pid":"1", "tid":"mom"},
{"name":"ModelSetRunClock", "ph":"B", "ts":"3419724275", "pid":"1", "tid":"mom"},
{"name":"ModelSetRunClock", "ph":"E", "ts":"3419724342", "pid":"1", "tid":"mom"},
{"name":"ModelAdvance", "ph":"B", "ts":"3419724507", "pid":"1", "tid":"mom"},
{"name":"ModelAdvance", "ph":"E", "ts":"3425111938", "pid":"1", "tid":"mom"},
{"name":"ModelSetRunClock", "ph":"B", "ts":"3433457688", "pid":"1", "tid":"mom"},
{"name":"ModelSetRunClock", "ph":"E", "ts":"3433457743", "pid":"1", "tid":"mom"},
{"name":"ModelAdvance", "ph":"B", "ts":"3433457899", "pid":"1", "tid":"mom"},
{"name":"ModelAdvance", "ph":"E", "ts":"3439270284", "pid":"1", "tid":"mom"},
{"name":"ModelSetRunClock", "ph":"B", "ts":"3447934575", "pid":"1", "tid":"mom"},
{"name":"ModelSetRunClock", "ph":"E", "ts":"3447934627", "pid":"1", "tid":"mom"},
{"name":"ModelAdvance", "ph":"B", "ts":"3447934777", "pid":"1", "tid":"mom"},
{"name":"ModelAdvance", "ph":"E", "ts":"3453775387", "pid":"1", "tid":"mom"},
{"name":"ModelSetRunClock", "ph":"B", "ts":"3461802073", "pid":"1", "tid":"mom"},
{"name":"ModelSetRunClock", "ph":"E", "ts":"3461802136", "pid":"1", "tid":"mom"},
{"name":"ModelAdvance", "ph":"B", "ts":"3461802283", "pid":"1", "tid":"mom"},
{"name":"ModelAdvance", "ph":"E", "ts":"3467198567", "pid":"1", "tid":"mom"},
{"name":"ModelSetRunClock", "ph":"B", "ts":"3473644640", "pid":"1", "tid":"mom"},
{"name":"ModelSetRunClock", "ph":"E", "ts":"3473644705", "pid":"1", "tid":"mom"},
{"name":"ModelAdvance", "ph":"B", "ts":"3473644857", "pid":"1", "tid":"mom"},
{"name":"ModelAdvance", "ph":"E", "ts":"3479130209", "pid":"1", "tid":"mom"},
{"name":"ModelSetRunClock", "ph":"B", "ts":"3495734489", "pid":"1", "tid":"mom"},
{"name":"ModelSetRunClock", "ph":"E", "ts":"3495734664", "pid":"1", "tid":"mom"},
{"name":"ModelAdvance", "ph":"B", "ts":"3495734813", "pid":"1", "tid":"mom"},
{"name":"ModelAdvance", "ph":"E", "ts":"3501293733", "pid":"1", "tid":"mom"},
{"name":"ModelSetRunClock", "ph":"B", "ts":"3504267998", "pid":"1", "tid":"mom"},
{"name":"ModelSetRunClock", "ph":"E", "ts":"3504268064", "pid":"1", "tid":"mom"},
{"name":"ModelAdvance", "ph":"B", "ts":"3504268216", "pid":"1", "tid":"mom"},
{"name":"ModelAdvance", "ph":"E", "ts":"3509773005", "pid":"1", "tid":"mom"},
{"name":"ModelSetRunClock", "ph":"B", "ts":"3511652707", "pid":"1", "tid":"mom"},
{"name":"ModelSetRunClock", "ph":"E", "ts":"3511652786", "pid":"1", "tid":"mom"},
{"name":"ModelAdvance", "ph":"B", "ts":"3511652964", "pid":"1", "tid":"mom"},
{"name":"ModelAdvance", "ph":"E", "ts":"3517112649", "pid":"1", "tid":"mom"},
{"name":"ModelSetRunClock", "ph":"B", "ts":"3519737855", "pid":"1", "tid":"mom"},
{"name":"ModelSetRunClock", "ph":"E", "ts":"3519737935", "pid":"1", "tid":"mom"},
{"name":"ModelAdvance", "ph":"B", "ts":"3519738109", "pid":"1", "tid":"mom"},
{"name":"ModelAdvance", "ph":"E", "ts":"3525170777", "pid":"1", "tid":"mom"},
{"name":"ModelSetRunClock", "ph":"B", "ts":"3527047652", "pid":"1", "tid":"mom"},
{"name":"ModelSetRunClock", "ph":"E", "ts":"3527047710", "pid":"1", "tid":"mom"},
{"name":"ModelAdvance", "ph":"B", "ts":"3527047988", "pid":"1", "tid":"mom"},
{"name":"ModelAdvance", "ph":"E", "ts":"3532482085", "pid":"1", "tid":"mom"},
{"name":"ModelSetRunClock", "ph":"B", "ts":"3535275748", "pid":"1", "tid":"mom"},
{"name":"ModelSetRunClock", "ph":"E", "ts":"3535275804", "pid":"1", "tid":"mom"},
{"name":"ModelAdvance", "ph":"B", "ts":"3535275955", "pid":"1", "tid":"mom"},
{"name":"ModelAdvance", "ph":"E", "ts":"3540610725", "pid":"1", "tid":"mom"},
{"name":"ModelSetRunClock", "ph":"B", "ts":"3542600946", "pid":"1", "tid":"mom"},
{"name":"ModelSetRunClock", "ph":"E", "ts":"3542601007", "pid":"1", "tid":"mom"},
{"name":"ModelAdvance", "ph":"B", "ts":"3542601161", "pid":"1", "tid":"mom"},
{"name":"ModelAdvance", "ph":"E", "ts":"3547857619", "pid":"1", "tid":"mom"},
{"name":"ModelSetRunClock", "ph":"B", "ts":"3550585989", "pid":"1", "tid":"mom"},
{"name":"ModelSetRunClock", "ph":"E", "ts":"3550586057", "pid":"1", "tid":"mom"},
{"name":"ModelAdvance", "ph":"B", "ts":"3550586217", "pid":"1", "tid":"mom"},
{"name":"ModelAdvance", "ph":"E", "ts":"3555841902", "pid":"1", "tid":"mom"},
{"name":"ModelSetRunClock", "ph":"B", "ts":"3557831924", "pid":"1", "tid":"mom"},
{"name":"ModelSetRunClock", "ph":"E", "ts":"3557831983", "pid":"1", "tid":"mom"},
{"name":"ModelAdvance", "ph":"B", "ts":"3557832129", "pid":"1", "tid":"mom"},
{"name":"ModelAdvance", "ph":"E", "ts":"3563074529", "pid":"1", "tid":"mom"},
{"name":"ModelSetRunClock", "ph":"B", "ts":"3565911518", "pid":"1", "tid":"mom"},
{"name":"ModelSetRunClock", "ph":"E", "ts":"3565911576", "pid":"1", "tid":"mom"},
{"name":"ModelAdvance", "ph":"B", "ts":"3565911734", "pid":"1", "tid":"mom"},
{"name":"ModelAdvance", "ph":"E", "ts":"3571203706", "pid":"1", "tid":"mom"},
{"name":"ModelSetRunClock", "ph":"B", "ts":"3573715425", "pid":"1", "tid":"mom"},
{"name":"ModelSetRunClock", "ph":"E", "ts":"3573715487", "pid":"1", "tid":"mom"},
{"name":"ModelAdvance", "ph":"B", "ts":"3573715651", "pid":"1", "tid":"mom"},
{"name":"ModelAdvance", "ph":"E", "ts":"3578964471", "pid":"1", "tid":"mom"},
{"name":"ModelSetRunClock", "ph":"B", "ts":"3582019460", "pid":"1", "tid":"mom"},
{"name":"ModelSetRunClock", "ph":"E", "ts":"3582019524", "pid":"1", "tid":"mom"},
{"name":"ModelAdvance", "ph":"B", "ts":"3582019684", "pid":"1", "tid":"mom"},
{"name":"ModelAdvance", "ph":"E", "ts":"3587346378", "pid":"1", "tid":"mom"},
{"name":"ModelSetRunClock", "ph":"B", "ts":"3590007110", "pid":"1", "tid":"mom"},
{"name":"ModelSetRunClock", "ph":"E", "ts":"3590016876", "pid":"1", "tid":"mom"},
{"name":"ModelAdvance", "ph":"B", "ts":"3590017053", "pid":"1", "tid":"mom"},
{"name":"ModelAdvance", "ph":"E", "ts":"3595259590", "pid":"1", "tid":"mom"},
{"name":"ModelSetRunClock", "ph":"B", "ts":"3598097832", "pid":"1", "tid":"mom"},
{"name":"ModelSetRunClock", "ph":"E", "ts":"3598097892", "pid":"1", "tid":"mom"},
{"name":"ModelAdvance", "ph":"B", "ts":"3598098046", "pid":"1", "tid":"mom"},
{"name":"ModelAdvance", "ph":"E", "ts":"3603348289", "pid":"1", "tid":"mom"},
{"name":"ModelSetRunClock", "ph":"B", "ts":"3605848994", "pid":"1", "tid":"mom"},
{"name":"ModelSetRunClock", "ph":"E", "ts":"3605849062", "pid":"1", "tid":"mom"},
{"name":"ModelAdvance", "ph":"B", "ts":"3605849241", "pid":"1", "tid":"mom"},
{"name":"ModelAdvance", "ph":"E", "ts":"3611094561", "pid":"1", "tid":"mom"},
{"name":"ModelSetRunClock", "ph":"B", "ts":"3614362893", "pid":"1", "tid":"mom"},
{"name":"ModelSetRunClock", "ph":"E", "ts":"3614362980", "pid":"1", "tid":"mom"},
{"name":"ModelAdvance", "ph":"B", "ts":"3614363154", "pid":"1", "tid":"mom"},
{"name":"ModelAdvance", "ph":"E", "ts":"3619606039", "pid":"1", "tid":"mom"},
{"name":"ModelSetRunClock", "ph":"B", "ts":"3622309012", "pid":"1", "tid":"mom"},
{"name":"ModelSetRunClock", "ph":"E", "ts":"3622309286", "pid":"1", "tid":"mom"},
{"name":"ModelAdvance", "ph":"B", "ts":"3622309471", "pid":"1", "tid":"mom"},
{"name":"ModelAdvance", "ph":"E", "ts":"3627566110", "pid":"1", "tid":"mom"},
{"name":"ModelSetRunClock", "ph":"B", "ts":"3630589813", "pid":"1", "tid":"mom"},
{"name":"ModelSetRunClock", "ph":"E", "ts":"3630590105", "pid":"1", "tid":"mom"},
{"name":"ModelAdvance", "ph":"B", "ts":"3630590331", "pid":"1", "tid":"mom"},
{"name":"ModelAdvance", "ph":"E", "ts":"3635860103", "pid":"1", "tid":"mom"},
{"name":"ModelSetRunClock", "ph":"B", "ts":"3638230196", "pid":"1", "tid":"mom"},
{"name":"ModelSetRunClock", "ph":"E", "ts":"3638230259", "pid":"1", "tid":"mom"},
{"name":"ModelAdvance", "ph":"B", "ts":"3638230423", "pid":"1", "tid":"mom"},
{"name":"ModelAdvance", "ph":"E", "ts":"3643436918", "pid":"1", "tid":"mom"},
{"name":"ModelSetRunClock", "ph":"B", "ts":"3646308574", "pid":"1", "tid":"mom"},
{"name":"ModelSetRunClock", "ph":"E", "ts":"3646308670", "pid":"1", "tid":"mom"},
{"name":"ModelAdvance", "ph":"B", "ts":"3646308867", "pid":"1", "tid":"mom"},
{"name":"ModelAdvance", "ph":"E", "ts":"3651502470", "pid":"1", "tid":"mom"},
{"name":"ModelSetRunClock", "ph":"B", "ts":"3653478197", "pid":"1", "tid":"mom"},
{"name":"ModelSetRunClock", "ph":"E", "ts":"3653478248", "pid":"1", "tid":"mom"},
{"name":"ModelAdvance", "ph":"B", "ts":"3653478402", "pid":"1", "tid":"mom"},
{"name":"ModelAdvance", "ph":"E", "ts":"3658679639", "pid":"1", "tid":"mom"},
{"name":"ModelSetRunClock", "ph":"B", "ts":"3661350226", "pid":"1", "tid":"mom"},
{"name":"ModelSetRunClock", "ph":"E", "ts":"3661350289", "pid":"1", "tid":"mom"},
{"name":"ModelAdvance", "ph":"B", "ts":"3661350449", "pid":"1", "tid":"mom"},
{"name":"ModelAdvance", "ph":"E", "ts":"3666548027", "pid":"1", "tid":"mom"},
{"name":"ModelSetRunClock", "ph":"B", "ts":"3668511343", "pid":"1", "tid":"mom"},
{"name":"ModelSetRunClock", "ph":"E", "ts":"3668511400", "pid":"1", "tid":"mom"},
{"name":"ModelAdvance", "ph":"B", "ts":"3668511545", "pid":"1", "tid":"mom"},
{"name":"ModelAdvance", "ph":"E", "ts":"3673693863", "pid":"1", "tid":"mom"},
{"name":"ModelSetRunClock", "ph":"B", "ts":"3676383087", "pid":"1", "tid":"mom"},
{"name":"ModelSetRunClock", "ph":"E", "ts":"3676383166", "pid":"1", "tid":"mom"},
{"name":"ModelAdvance", "ph":"B", "ts":"3676383348", "pid":"1", "tid":"mom"},
{"name":"ModelAdvance", "ph":"E", "ts":"3681647634", "pid":"1", "tid":"mom"},
{"name":"ModelSetRunClock", "ph":"B", "ts":"3683648094", "pid":"1", "tid":"mom"},
{"name":"ModelSetRunClock", "ph":"E", "ts":"3683648222", "pid":"1", "tid":"mom"},
{"name":"ModelAdvance", "ph":"B", "ts":"3683648368", "pid":"1", "tid":"mom"},
{"name":"ModelAdvance", "ph":"E", "ts":"3688843173", "pid":"1", "tid":"mom"},
{"name":"ModelSetRunClock", "ph":"B", "ts":"3691499867", "pid":"1", "tid":"mom"},
{"name":"ModelSetRunClock", "ph":"E", "ts":"3691499930", "pid":"1", "tid":"mom"},
{"name":"ModelAdvance", "ph":"B", "ts":"3691500088", "pid":"1", "tid":"mom"},
{"name":"ModelAdvance", "ph":"E", "ts":"3696698848", "pid":"1", "tid":"mom"},
{"name":"ModelSetRunClock", "ph":"B", "ts":"3698648387", "pid":"1", "tid":"mom"},
{"name":"ModelSetRunClock", "ph":"E", "ts":"3698648451", "pid":"1", "tid":"mom"},
{"name":"ModelAdvance", "ph":"B", "ts":"3698648612", "pid":"1", "tid":"mom"},
{"name":"ModelAdvance", "ph":"E", "ts":"3703825841", "pid":"1", "tid":"mom"},
{"name":"ModelSetRunClock", "ph":"B", "ts":"3706468604", "pid":"1", "tid":"mom"},
{"name":"ModelSetRunClock", "ph":"E", "ts":"3706468665", "pid":"1", "tid":"mom"},
{"name":"ModelAdvance", "ph":"B", "ts":"3706468828", "pid":"1", "tid":"mom"},
{"name":"ModelAdvance", "ph":"E", "ts":"3711670861", "pid":"1", "tid":"mom"},
{"name":"ModelSetRunClock", "ph":"B", "ts":"3713631160", "pid":"1", "tid":"mom"},
{"name":"ModelSetRunClock", "ph":"E", "ts":"3713631339", "pid":"1", "tid":"mom"},
{"name":"ModelAdvance", "ph":"B", "ts":"3713631495", "pid":"1", "tid":"mom"},
{"name":"ModelAdvance", "ph":"E", "ts":"3718821827", "pid":"1", "tid":"mom"},
{"name":"ModelSetRunClock", "ph":"B", "ts":"3721394352", "pid":"1", "tid":"mom"},
{"name":"ModelSetRunClock", "ph":"E", "ts":"3721394417", "pid":"1", "tid":"mom"},
{"name":"ModelAdvance", "ph":"B", "ts":"3721394575", "pid":"1", "tid":"mom"},
{"name":"ModelAdvance", "ph":"E", "ts":"3726692010", "pid":"1", "tid":"mom"},
{"name":"ModelSetRunClock", "ph":"B", "ts":"3728555037", "pid":"1", "tid":"mom"},
{"name":"ModelSetRunClock", "ph":"E", "ts":"3728555106", "pid":"1", "tid":"mom"},
{"name":"ModelAdvance", "ph":"B", "ts":"3728555279", "pid":"1", "tid":"mom"},
{"name":"ModelAdvance", "ph":"E", "ts":"3733771086", "pid":"1", "tid":"mom"},
{"name":"ModelSetRunClock", "ph":"B", "ts":"3736515372", "pid":"1", "tid":"mom"},
{"name":"ModelSetRunClock", "ph":"E", "ts":"3736515438", "pid":"1", "tid":"mom"},
{"name":"ModelAdvance", "ph":"B", "ts":"3736515613", "pid":"1", "tid":"mom"},
{"name":"ModelAdvance", "ph":"E", "ts":"3741739505", "pid":"1", "tid":"mom"},
{"name":"ModelSetRunClock", "ph":"B", "ts":"3743804297", "pid":"1", "tid":"mom"},
{"name":"ModelSetRunClock", "ph":"E", "ts":"3743804479", "pid":"1", "tid":"mom"},
{"name":"ModelAdvance", "ph":"B", "ts":"3743804664", "pid":"1", "tid":"mom"},
{"name":"ModelAdvance", "ph":"E", "ts":"3749009230", "pid":"1", "tid":"mom"},
{"name":"ModelSetRunClock", "ph":"B", "ts":"3751897567", "pid":"1", "tid":"mom"},
{"name":"ModelSetRunClock", "ph":"E", "ts":"3751897628", "pid":"1", "tid":"mom"},
{"name":"ModelAdvance", "ph":"B", "ts":"3751897786", "pid":"1", "tid":"mom"},
{"name":"ModelAdvance", "ph":"E", "ts":"3757129427", "pid":"1", "tid":"mom"},
{"name":"ModelSetRunClock", "ph":"B", "ts":"3759701681", "pid":"1", "tid":"mom"},
{"name":"ModelSetRunClock", "ph":"E", "ts":"3759701744", "pid":"1", "tid":"mom"},
{"name":"ModelAdvance", "ph":"B", "ts":"3759701901", "pid":"1", "tid":"mom"},
{"name":"ModelAdvance", "ph":"E", "ts":"3764912855", "pid":"1", "tid":"mom"},
{"name":"ModelSetRunClock", "ph":"B", "ts":"3768065822", "pid":"1", "tid":"mom"},
{"name":"ModelSetRunClock", "ph":"E", "ts":"3768065886", "pid":"1", "tid":"mom"},
{"name":"ModelAdvance", "ph":"B", "ts":"3768066039", "pid":"1", "tid":"mom"},
{"name":"ModelAdvance", "ph":"E", "ts":"3773313259", "pid":"1", "tid":"mom"},
{"name":"ModelSetRunClock", "ph":"B", "ts":"3775976765", "pid":"1", "tid":"mom"},
{"name":"ModelSetRunClock", "ph":"E", "ts":"3775976911", "pid":"1", "tid":"mom"},
{"name":"ModelAdvance", "ph":"B", "ts":"3775977072", "pid":"1", "tid":"mom"},
{"name":"ModelAdvance", "ph":"E", "ts":"3781172325", "pid":"1", "tid":"mom"},
{"name":"ModelSetRunClock", "ph":"B", "ts":"3795690655", "pid":"1", "tid":"mom"},
{"name":"ModelSetRunClock", "ph":"E", "ts":"3795690754", "pid":"1", "tid":"mom"},
{"name":"ModelAdvance", "ph":"B", "ts":"3795690993", "pid":"1", "tid":"mom"},
{"name":"ModelAdvance", "ph":"E", "ts":"3800883550", "pid":"1", "tid":"mom"},
{"name":"ModelSetRunClock", "ph":"B", "ts":"3803306394", "pid":"1", "tid":"mom"},
{"name":"ModelSetRunClock", "ph":"E", "ts":"3803306449", "pid":"1", "tid":"mom"},
{"name":"ModelAdvance", "ph":"B", "ts":"3803306602", "pid":"1", "tid":"mom"},
{"name":"ModelAdvance", "ph":"E", "ts":"3808479474", "pid":"1", "tid":"mom"},
{"name":"ModelSetRunClock", "ph":"B", "ts":"3811355362", "pid":"1", "tid":"mom"},
{"name":"ModelSetRunClock", "ph":"E", "ts":"3811355472", "pid":"1", "tid":"mom"},
{"name":"ModelAdvance", "ph":"B", "ts":"3811355694", "pid":"1", "tid":"mom"},
{"name":"ModelAdvance", "ph":"E", "ts":"3816539323", "pid":"1", "tid":"mom"},
{"name":"ModelSetRunClock", "ph":"B", "ts":"3818540281", "pid":"1", "tid":"mom"},
{"name":"ModelSetRunClock", "ph":"E", "ts":"3818540342", "pid":"1", "tid":"mom"},
{"name":"ModelAdvance", "ph":"B", "ts":"3818540495", "pid":"1", "tid":"mom"},
{"name":"ModelAdvance", "ph":"E", "ts":"3823741053", "pid":"1", "tid":"mom"},
{"name":"ModelSetRunClock", "ph":"B", "ts":"3826340924", "pid":"1", "tid":"mom"},
{"name":"ModelSetRunClock", "ph":"E", "ts":"3826341014", "pid":"1", "tid":"mom"},
{"name":"ModelAdvance", "ph":"B", "ts":"3826341222", "pid":"1", "tid":"mom"},
{"name":"ModelAdvance", "ph":"E", "ts":"3831630068", "pid":"1", "tid":"mom"},
{"name":"ModelSetRunClock", "ph":"B", "ts":"3833884359", "pid":"1", "tid":"mom"},
{"name":"ModelSetRunClock", "ph":"E", "ts":"3833884426", "pid":"1", "tid":"mom"},
{"name":"ModelAdvance", "ph":"B", "ts":"3833884601", "pid":"1", "tid":"mom"},
{"name":"ModelAdvance", "ph":"E", "ts":"3839095853", "pid":"1", "tid":"mom"},
{"name":"ModelSetRunClock", "ph":"B", "ts":"3841969725", "pid":"1", "tid":"mom"},
{"name":"ModelSetRunClock", "ph":"E", "ts":"3841969810", "pid":"1", "tid":"mom"},
{"name":"ModelAdvance", "ph":"B", "ts":"3841970007", "pid":"1", "tid":"mom"},
{"name":"ModelAdvance", "ph":"E", "ts":"3847190563", "pid":"1", "tid":"mom"},
{"name":"ModelSetRunClock", "ph":"B", "ts":"3849477768", "pid":"1", "tid":"mom"},
{"name":"ModelSetRunClock", "ph":"E", "ts":"3849477842", "pid":"1", "tid":"mom"},
{"name":"ModelAdvance", "ph":"B", "ts":"3849478030", "pid":"1", "tid":"mom"},
{"name":"ModelAdvance", "ph":"E", "ts":"3854727557", "pid":"1", "tid":"mom"},
{"name":"ModelSetRunClock", "ph":"B", "ts":"3857375394", "pid":"1", "tid":"mom"},
{"name":"ModelSetRunClock", "ph":"E", "ts":"3857375491", "pid":"1", "tid":"mom"},
{"name":"ModelAdvance", "ph":"B", "ts":"3857375704", "pid":"1", "tid":"mom"},
{"name":"ModelAdvance", "ph":"E", "ts":"3862607575", "pid":"1", "tid":"mom"},
{"name":"ModelSetRunClock", "ph":"B", "ts":"3864603741", "pid":"1", "tid":"mom"},
{"name":"ModelSetRunClock", "ph":"E", "ts":"3864603790", "pid":"1", "tid":"mom"},
{"name":"ModelAdvance", "ph":"B", "ts":"3864603935", "pid":"1", "tid":"mom"},
{"name":"ModelAdvance", "ph":"E", "ts":"3869865217", "pid":"1", "tid":"mom"},
{"name":"ModelSetRunClock", "ph":"B", "ts":"3872569676", "pid":"1", "tid":"mom"},
{"name":"ModelSetRunClock", "ph":"E", "ts":"3872569779", "pid":"1", "tid":"mom"},
{"name":"ModelAdvance", "ph":"B", "ts":"3872570001", "pid":"1", "tid":"mom"},
{"name":"ModelAdvance", "ph":"E", "ts":"3877851746", "pid":"1", "tid":"mom"},
{"name":"ModelSetRunClock", "ph":"B", "ts":"3880043021", "pid":"1", "tid":"mom"},
{"name":"ModelSetRunClock", "ph":"E", "ts":"3880043074", "pid":"1", "tid":"mom"},
{"name":"ModelAdvance", "ph":"B", "ts":"3880043233", "pid":"1", "tid":"mom"},
{"name":"ModelAdvance", "ph":"E", "ts":"3885270675", "pid":"1", "tid":"mom"},
{"name":"ModelSetRunClock", "ph":"B", "ts":"3888080738", "pid":"1", "tid":"mom"},
{"name":"ModelSetRunClock", "ph":"E", "ts":"3888080798", "pid":"1", "tid":"mom"},
{"name":"ModelAdvance", "ph":"B", "ts":"3888080953", "pid":"1", "tid":"mom"},
{"name":"ModelAdvance", "ph":"E", "ts":"3893296745", "pid":"1", "tid":"mom"},
{"name":"ModelSetRunClock", "ph":"B", "ts":"3895524357", "pid":"1", "tid":"mom"},
{"name":"ModelSetRunClock", "ph":"E", "ts":"3895524422", "pid":"1", "tid":"mom"},
{"name":"ModelAdvance", "ph":"B", "ts":"3895524583", "pid":"1", "tid":"mom"},
{"name":"ModelAdvance", "ph":"E", "ts":"3900733833", "pid":"1", "tid":"mom"},
{"name":"ModelSetRunClock", "ph":"B", "ts":"3903571924", "pid":"1", "tid":"mom"},
{"name":"ModelSetRunClock", "ph":"E", "ts":"3903571992", "pid":"1", "tid":"mom"},
{"name":"ModelAdvance", "ph":"B", "ts":"3903572153", "pid":"1", "tid":"mom"},
{"name":"ModelAdvance", "ph":"E", "ts":"3908776594", "pid":"1", "tid":"mom"},
{"name":"ModelSetRunClock", "ph":"B", "ts":"3910824707", "pid":"1", "tid":"mom"},
{"name":"ModelSetRunClock", "ph":"E", "ts":"3910824774", "pid":"1", "tid":"mom"},
{"name":"ModelAdvance", "ph":"B", "ts":"3910824937", "pid":"1", "tid":"mom"},
{"name":"ModelAdvance", "ph":"E", "ts":"3916008209", "pid":"1", "tid":"mom"},
{"name":"ModelSetRunClock", "ph":"B", "ts":"3918694173", "pid":"1", "tid":"mom"},
{"name":"ModelSetRunClock", "ph":"E", "ts":"3918694248", "pid":"1", "tid":"mom"},
{"name":"ModelAdvance", "ph":"B", "ts":"3918694503", "pid":"1", "tid":"mom"},
{"name":"ModelAdvance", "ph":"E", "ts":"3923950874", "pid":"1", "tid":"mom"},
{"name":"ModelSetRunClock", "ph":"B", "ts":"3925953620", "pid":"1", "tid":"mom"},
{"name":"ModelSetRunClock", "ph":"E", "ts":"3925953684", "pid":"1", "tid":"mom"},
{"name":"ModelAdvance", "ph":"B", "ts":"3925953853", "pid":"1", "tid":"mom"},
{"name":"ModelAdvance", "ph":"E", "ts":"3931109697", "pid":"1", "tid":"mom"},
{"name":"ModelSetRunClock", "ph":"B", "ts":"3933881031", "pid":"1", "tid":"mom"},
{"name":"ModelSetRunClock", "ph":"E", "ts":"3933881103", "pid":"1", "tid":"mom"},
{"name":"ModelAdvance", "ph":"B", "ts":"3933881365", "pid":"1", "tid":"mom"},
{"name":"ModelAdvance", "ph":"E", "ts":"3939066208", "pid":"1", "tid":"mom"},
{"name":"ModelSetRunClock", "ph":"B", "ts":"3941157654", "pid":"1", "tid":"mom"},
{"name":"ModelSetRunClock", "ph":"E", "ts":"3941157709", "pid":"1", "tid":"mom"},
{"name":"ModelAdvance", "ph":"B", "ts":"3941157859", "pid":"1", "tid":"mom"},
{"name":"ModelAdvance", "ph":"E", "ts":"3946343225", "pid":"1", "tid":"mom"},
{"name":"ModelSetRunClock", "ph":"B", "ts":"3949093590", "pid":"1", "tid":"mom"},
{"name":"ModelSetRunClock", "ph":"E", "ts":"3949093658", "pid":"1", "tid":"mom"},
{"name":"ModelAdvance", "ph":"B", "ts":"3949093820", "pid":"1", "tid":"mom"},
{"name":"ModelAdvance", "ph":"E", "ts":"3954278580", "pid":"1", "tid":"mom"},
{"name":"ModelSetRunClock", "ph":"B", "ts":"3956367063", "pid":"1", "tid":"mom"},
{"name":"ModelSetRunClock", "ph":"E", "ts":"3956367146", "pid":"1", "tid":"mom"},
{"name":"ModelAdvance", "ph":"B", "ts":"3956367358", "pid":"1", "tid":"mom"},
{"name":"ModelAdvance", "ph":"E", "ts":"3961559902", "pid":"1", "tid":"mom"},
{"name":"ModelSetRunClock", "ph":"B", "ts":"3964389094", "pid":"1", "tid":"mom"},
{"name":"ModelSetRunClock", "ph":"E", "ts":"3964389156", "pid":"1", "tid":"mom"},
{"name":"ModelAdvance", "ph":"B", "ts":"3964389335", "pid":"1", "tid":"mom"},
{"name":"ModelAdvance", "ph":"E", "ts":"3969657902", "pid":"1", "tid":"mom"},
{"name":"ModelSetRunClock", "ph":"B", "ts":"3971674779", "pid":"1", "tid":"mom"},
{"name":"ModelSetRunClock", "ph":"E", "ts":"3971674851", "pid":"1", "tid":"mom"},
{"name":"ModelAdvance", "ph":"B", "ts":"3971675077", "pid":"1", "tid":"mom"},
{"name":"ModelAdvance", "ph":"E", "ts":"3976851372", "pid":"1", "tid":"mom"},
{"name":"ModelSetRunClock", "ph":"B", "ts":"3979644049", "pid":"1", "tid":"mom"},
{"name":"ModelSetRunClock", "ph":"E", "ts":"3979644114", "pid":"1", "tid":"mom"},
{"name":"ModelAdvance", "ph":"B", "ts":"3979644281", "pid":"1", "tid":"mom"},
{"name":"ModelAdvance", "ph":"E", "ts":"3984827124", "pid":"1", "tid":"mom"},
{"name":"ModelSetRunClock", "ph":"B", "ts":"3986900460", "pid":"1", "tid":"mom"},
{"name":"ModelSetRunClock", "ph":"E", "ts":"3986900528", "pid":"1", "tid":"mom"},
{"name":"ModelAdvance", "ph":"B", "ts":"3986900706", "pid":"1", "tid":"mom"},
{"name":"ModelAdvance", "ph":"E", "ts":"3992115172", "pid":"1", "tid":"mom"},
{"name":"ModelSetRunClock", "ph":"B", "ts":"3994893473", "pid":"1", "tid":"mom"},
{"name":"ModelSetRunClock", "ph":"E", "ts":"3994893538", "pid":"1", "tid":"mom"},
{"name":"ModelAdvance", "ph":"B", "ts":"3994893701", "pid":"1", "tid":"mom"},
{"name":"ModelAdvance", "ph":"E", "ts":"4000116490", "pid":"1", "tid":"mom"},
{"name":"ModelSetRunClock", "ph":"B", "ts":"4002159319", "pid":"1", "tid":"mom"},
{"name":"ModelSetRunClock", "ph":"E", "ts":"4002159396", "pid":"1", "tid":"mom"},
{"name":"ModelAdvance", "ph":"B", "ts":"4002159575", "pid":"1", "tid":"mom"},
{"name":"ModelAdvance", "ph":"E", "ts":"4007374505", "pid":"1", "tid":"mom"},
{"name":"ModelSetRunClock", "ph":"B", "ts":"4010089656", "pid":"1", "tid":"mom"},
{"name":"ModelSetRunClock", "ph":"E", "ts":"4010089717", "pid":"1", "tid":"mom"},
{"name":"ModelAdvance", "ph":"B", "ts":"4010089871", "pid":"1", "tid":"mom"},
{"name":"ModelAdvance", "ph":"E", "ts":"4015380717", "pid":"1", "tid":"mom"},
{"name":"ModelSetRunClock", "ph":"B", "ts":"4017303913", "pid":"1", "tid":"mom"},
{"name":"ModelSetRunClock", "ph":"E", "ts":"4017303990", "pid":"1", "tid":"mom"},
{"name":"ModelAdvance", "ph":"B", "ts":"4017304163", "pid":"1", "tid":"mom"},
{"name":"ModelAdvance", "ph":"E", "ts":"4022511578", "pid":"1", "tid":"mom"},
{"name":"ModelSetRunClock", "ph":"B", "ts":"4025275661", "pid":"1", "tid":"mom"},
{"name":"ModelSetRunClock", "ph":"E", "ts":"4025275746", "pid":"1", "tid":"mom"},
{"name":"ModelAdvance", "ph":"B", "ts":"4025275943", "pid":"1", "tid":"mom"},
{"name":"ModelAdvance", "ph":"E", "ts":"4030481465", "pid":"1", "tid":"mom"},
{"name":"ModelSetRunClock", "ph":"B", "ts":"4032458629", "pid":"1", "tid":"mom"},
{"name":"ModelSetRunClock", "ph":"E", "ts":"4032458697", "pid":"1", "tid":"mom"},
{"name":"ModelAdvance", "ph":"B", "ts":"4032459011", "pid":"1", "tid":"mom"},
{"name":"ModelAdvance", "ph":"E", "ts":"4037633727", "pid":"1", "tid":"mom"},
{"name":"ModelSetRunClock", "ph":"B", "ts":"4040362790", "pid":"1", "tid":"mom"},
{"name":"ModelSetRunClock", "ph":"E", "ts":"4040362860", "pid":"1", "tid":"mom"},
{"name":"ModelAdvance", "ph":"B", "ts":"4040363067", "pid":"1", "tid":"mom"},
{"name":"ModelAdvance", "ph":"E", "ts":"4045562099", "pid":"1", "tid":"mom"},
{"name":"ModelSetRunClock", "ph":"B", "ts":"4047593834", "pid":"1", "tid":"mom"},
{"name":"ModelSetRunClock", "ph":"E", "ts":"4047593896", "pid":"1", "tid":"mom"},
{"name":"ModelAdvance", "ph":"B", "ts":"4047594068", "pid":"1", "tid":"mom"},
{"name":"ModelAdvance", "ph":"E", "ts":"4052780191", "pid":"1", "tid":"mom"},
{"name":"ModelSetRunClock", "ph":"B", "ts":"4055487428", "pid":"1", "tid":"mom"},
{"name":"ModelSetRunClock", "ph":"E", "ts":"4055487494", "pid":"1", "tid":"mom"},
{"name":"ModelAdvance", "ph":"B", "ts":"4055487660", "pid":"1", "tid":"mom"},
{"name":"ModelAdvance", "ph":"E", "ts":"4060729220", "pid":"1", "tid":"mom"},
{"name":"ModelSetRunClock", "ph":"B", "ts":"4062674933", "pid":"1", "tid":"mom"},
{"name":"ModelSetRunClock", "ph":"E", "ts":"4062675016", "pid":"1", "tid":"mom"},
{"name":"ModelAdvance", "ph":"B", "ts":"4062675203", "pid":"1", "tid":"mom"},
{"name":"ModelAdvance", "ph":"E", "ts":"4067850808", "pid":"1", "tid":"mom"},
{"name":"ModelSetRunClock", "ph":"B", "ts":"4070446979", "pid":"1", "tid":"mom"},
{"name":"ModelSetRunClock", "ph":"E", "ts":"4070447041", "pid":"1", "tid":"mom"},
{"name":"ModelAdvance", "ph":"B", "ts":"4070447195", "pid":"1", "tid":"mom"},
{"name":"ModelAdvance", "ph":"E", "ts":"4075636669", "pid":"1", "tid":"mom"},
{"name":"ModelSetRunClock", "ph":"B", "ts":"4077599912", "pid":"1", "tid":"mom"},
{"name":"ModelSetRunClock", "ph":"E", "ts":"4077599995", "pid":"1", "tid":"mom"},
{"name":"ModelAdvance", "ph":"B", "ts":"4077600265", "pid":"1", "tid":"mom"},
{"name":"ModelAdvance", "ph":"E", "ts":"4082799954", "pid":"1", "tid":"mom"},
{"name":"ModelSetRunClock", "ph":"B", "ts":"4085269825", "pid":"1", "tid":"mom"},
{"name":"ModelSetRunClock", "ph":"E", "ts":"4085269892", "pid":"1", "tid":"mom"},
{"name":"ModelAdvance", "ph":"B", "ts":"4085270078", "pid":"1", "tid":"mom"},
{"name":"ModelAdvance", "ph":"E", "ts":"4090486488", "pid":"1", "tid":"mom"},
{"name":"ModelSetRunClock", "ph":"B", "ts":"4092391247", "pid":"1", "tid":"mom"},
{"name":"ModelSetRunClock", "ph":"E", "ts":"4092391373", "pid":"1", "tid":"mom"},
{"name":"ModelAdvance", "ph":"B", "ts":"4092391601", "pid":"1", "tid":"mom"},
{"name":"ModelAdvance", "ph":"E", "ts":"4097616822", "pid":"1", "tid":"mom"},
{"name":"ModelSetRunClock", "ph":"B", "ts":"4100162114", "pid":"1", "tid":"mom"},
{"name":"ModelSetRunClock", "ph":"E", "ts":"4100162166", "pid":"1", "tid":"mom"},
{"name":"ModelAdvance", "ph":"B", "ts":"4100162314", "pid":"1", "tid":"mom"},
{"name":"ModelAdvance", "ph":"E", "ts":"4105445953", "pid":"1", "tid":"mom"},
{"name":"ModelSetRunClock", "ph":"B", "ts":"4107294136", "pid":"1", "tid":"mom"},
{"name":"ModelSetRunClock", "ph":"E", "ts":"4107294189", "pid":"1", "tid":"mom"},
{"name":"ModelAdvance", "ph":"B", "ts":"4107294529", "pid":"1", "tid":"mom"},
{"name":"ModelAdvance", "ph":"E", "ts":"4112490067", "pid":"1", "tid":"mom"},
{"name":"ModelSetRunClock", "ph":"B", "ts":"4115127154", "pid":"1", "tid":"mom"},
{"name":"ModelSetRunClock", "ph":"E", "ts":"4115127219", "pid":"1", "tid":"mom"},
{"name":"ModelAdvance", "ph":"B", "ts":"4115127377", "pid":"1", "tid":"mom"},
{"name":"ModelAdvance", "ph":"E", "ts":"4120329309", "pid":"1", "tid":"mom"},
{"name":"ModelSetRunClock", "ph":"B", "ts":"4122324339", "pid":"1", "tid":"mom"},
{"name":"ModelSetRunClock", "ph":"E", "ts":"4122324404", "pid":"1", "tid":"mom"},
{"name":"ModelAdvance", "ph":"B", "ts":"4122324566", "pid":"1", "tid":"mom"},
{"name":"ModelAdvance", "ph":"E", "ts":"4127506336", "pid":"1", "tid":"mom"},
{"name":"ModelSetRunClock", "ph":"B", "ts":"4130057046", "pid":"1", "tid":"mom"},
{"name":"ModelSetRunClock", "ph":"E", "ts":"4130057230", "pid":"1", "tid":"mom"},
{"name":"ModelAdvance", "ph":"B", "ts":"4130057402", "pid":"1", "tid":"mom"},
{"name":"ModelAdvance", "ph":"E", "ts":"4135255080", "pid":"1", "tid":"mom"},
{"name":"ModelSetRunClock", "ph":"B", "ts":"4137172252", "pid":"1", "tid":"mom"},
{"name":"ModelSetRunClock", "ph":"E", "ts":"4137172318", "pid":"1", "tid":"mom"},
{"name":"ModelAdvance", "ph":"B", "ts":"4137172487", "pid":"1", "tid":"mom"},
{"name":"ModelAdvance", "ph":"E", "ts":"4142346983", "pid":"1", "tid":"mom"},
{"name":"ModelSetRunClock", "ph":"B", "ts":"4144933929", "pid":"1", "tid":"mom"},
{"name":"ModelSetRunClock", "ph":"E", "ts":"4144934115", "pid":"1", "tid":"mom"},
{"name":"ModelAdvance", "ph":"B", "ts":"4144934273", "pid":"1", "tid":"mom"},
{"name":"ModelAdvance", "ph":"E", "ts":"4150219151", "pid":"1", "tid":"mom"},
{"name":"ModelFinalize", "ph":"B", "ts":"4150225228", "pid":"1", "tid":"mom"},
{"name":"ModelFinalize", "ph":"E", "ts":"4150341191", "pid":"1", "tid":"mom"},
