{"name":"SetServices", "ph":"B", "ts":"1046705937", "pid":"1", "tid":"wave"},
{"name":"SetServices", "ph":"E", "ts":"1046708421", "pid":"1", "tid":"wave"},
{"name":"InitializeP0", "ph":"B", "ts":"1046712364", "pid":"1", "tid":"wave"},
{"name":"InitializeP0", "ph":"E", "ts":"1046712446", "pid":"1", "tid":"wave"},
{"name":"InitializeAdvertise", "ph":"B", "ts":"1077144851", "pid":"1", "tid":"wave"},
{"name":"InitializeAdvertise", "ph":"E", "ts":"1180124925", "pid":"1", "tid":"wave"},
{"name":"InitializeRealize", "ph":"B", "ts":"1253223991", "pid":"1", "tid":"wave"},
{"name":"InitializeRealize", "ph":"E", "ts":"1266395013", "pid":"1", "tid":"wave"},
{"name":"DataInitialize", "ph":"B", "ts":"1296067639", "pid":"1", "tid":"wave"},
{"name":"DataInitialize", "ph":"E", "ts":"1296071503", "pid":"1", "tid":"wave"},
{"name":"ModelSetRunClock", "ph":"B", "ts":"1319521136", "pid":"1", "tid":"wave"},
{"name":"ModelSetRunClock", "ph":"E", "ts":"1319529824", "pid":"1", "tid":"wave"},
{"name":"ModelAdvance", "ph":"B", "ts":"1319529916", "pid":"1", "tid":"wave"},
{"name":"ModelAdvance", "ph":"E", "ts":"1330332238", "pid":"1", "tid":"wave"},
{"name":"ModelSetRunClock", "ph":"B", "ts":"1331808467", "pid":"1", "tid":"wave"},
{"name":"ModelSetRunClock", "ph":"E", "ts":"1331808579", "pid":"1", "tid":"wave"},
{"name":"ModelAdvance", "ph":"B", "ts":"1331808702", "pid":"1", "tid":"wave"},
{"name":"ModelAdvance", "ph":"E", "ts":"1342623395", "pid":"1", "tid":"wave"},
{"name":"ModelSetRunClock", "ph":"B", "ts":"1346681958", "pid":"1", "tid":"wave"},
{"name":"ModelSetRunClock", "ph":"E", "ts":"1346681992", "pid":"1", "tid":"wave"},
{"name":"ModelAdvance", "ph":"B", "ts":"1346682107", "pid":"1", "tid":"wave"},
{"name":"ModelAdvance", "ph":"E", "ts":"1360831745", "pid":"1", "tid":"wave"},
{"name":"ModelSetRunClock", "ph":"B", "ts":"1363658355", "pid":"1", "tid":"wave"},
{"name":"ModelSetRunClock", "ph":"E", "ts":"1363658537", "pid":"1", "tid":"wave"},
{"name":"ModelAdvance", "ph":"B", "ts":"1363658626", "pid":"1", "tid":"wave"},
{"name":"ModelAdvance", "ph":"E", "ts":"1374820802", "pid":"1", "tid":"wave"},
{"name":"ModelSetRunClock", "ph":"B", "ts":"1378185595", "pid":"1", "tid":"wave"},
{"name":"ModelSetRunClock", "ph":"E", "ts":"1378185632", "pid":"1", "tid":"wave"},
{"name":"ModelAdvance", "ph":"B", "ts":"1378185707", "pid":"1", "tid":"wave"},
{"name":"ModelAdvance", "ph":"E", "ts":"1387314510", "pid":"1", "tid":"wave"},
{"name":"ModelSetRunClock", "ph":"B", "ts":"1390126990", "pid":"1", "tid":"wave"},
{"name":"ModelSetRunClock", "ph":"E", "ts":"1390127036", "pid":"1", "tid":"wave"},
{"name":"ModelAdvance", "ph":"B", "ts":"1390127113", "pid":"1", "tid":"wave"},
{"name":"ModelAdvance", "ph":"E", "ts":"1399848602", "pid":"1", "tid":"wave"},
{"name":"ModelSetRunClock", "ph":"B", "ts":"1412424252", "pid":"1", "tid":"wave"},
{"name":"ModelSetRunClock", "ph":"E", "ts":"1412424322", "pid":"1", "tid":"wave"},
{"name":"ModelAdvance", "ph":"B", "ts":"1412424400", "pid":"1", "tid":"wave"},
{"name":"ModelAdvance", "ph":"E", "ts":"1419061857", "pid":"1", "tid":"wave"},
{"name":"ModelSetRunClock", "ph":"B", "ts":"1420607665", "pid":"1", "tid":"wave"},
{"name":"ModelSetRunClock", "ph":"E", "ts":"1420607736", "pid":"1", "tid":"wave"},
{"name":"ModelAdvance", "ph":"B", "ts":"1420607814", "pid":"1", "tid":"wave"},
{"name":"ModelAdvance", "ph":"E", "ts":"1426982387", "pid":"1", "tid":"wave"},
{"name":"ModelSetRunClock", "ph":"B", "ts":"1428466227", "pid":"1", "tid":"wave"},
{"name":"ModelSetRunClock", "ph":"E", "ts":"1428466416", "pid":"1", "tid":"wave"},
{"name":"ModelAdvance", "ph":"B", "ts":"1428466501", "pid":"1", "tid":"wave"},
{"name":"ModelAdvance", "ph":"E", "ts":"1434503311", "pid":"1", "tid":"wave"},
{"name":"ModelSetRunClock", "ph":"B", "ts":"1436516994", "pid":"1", "tid":"wave"},
{"name":"ModelSetRunClock", "ph":"E", "ts":"1436517070", "pid":"1", "tid":"wave"},
{"name":"ModelAdvance", "ph":"B", "ts":"1436517203", "pid":"1", "tid":"wave"},
{"name":"ModelAdvance", "ph":"E", "ts":"1442217157", "pid":"1", "tid":"wave"},
{"name":"ModelSetRunClock", "ph":"B", "ts":"1443836776", "pid":"1", "tid":"wave"},
{"name":"ModelSetRunClock", "ph":"E", "ts":"1443837165", "pid":"1", "tid":"wave"},
{"name":"ModelAdvance", "ph":"B", "ts":"1443837292", "pid":"1", "tid":"wave"},
{"name":"ModelAdvance", "ph":"E", "ts":"1449411732", "pid":"1", "tid":"wave"},
{"name":"ModelSetRunClock", "ph":"B", "ts":"1451821599", "pid":"1", "tid":"wave"},
{"name":"ModelSetRunClock", "ph":"E", "ts":"1451821670", "pid":"1", "tid":"wave"},
{"name":"ModelAdvance", "ph":"B", "ts":"1451821765", "pid":"1", "tid":"wave"},
{"name":"ModelAdvance", "ph":"E", "ts":"1457339387", "pid":"1", "tid":"wave"},
{"name":"ModelSetRunClock", "ph":"B", "ts":"1459100688", "pid":"1", "tid":"wave"},
{"name":"ModelSetRunClock", "ph":"E", "ts":"1459100893", "pid":"1", "tid":"wave"},
{"name":"ModelAdvance", "ph":"B", "ts":"1459101095", "pid":"1", "tid":"wave"},
{"name":"ModelAdvance", "ph":"E", "ts":"1464582743", "pid":"1", "tid":"wave"},
{"name":"ModelSetRunClock", "ph":"B", "ts":"1466993933", "pid":"1", "tid":"wave"},
{"name":"ModelSetRunClock", "ph":"E", "ts":"1466994014", "pid":"1", "tid":"wave"},
{"name":"ModelAdvance", "ph":"B", "ts":"1466994179", "pid":"1", "tid":"wave"},
{"name":"ModelAdvance", "ph":"E", "ts":"1472680881", "pid":"1", "tid":"wave"},
{"name":"ModelSetRunClock", "ph":"B", "ts":"1474253031", "pid":"1", "tid":"wave"},
{"name":"ModelSetRunClock", "ph":"E", "ts":"1474253115", "pid":"1", "tid":"wave"},
{"name":"ModelAdvance", "ph":"B", "ts":"1474253300", "pid":"1", "tid":"wave"},
{"name":"ModelAdvance", "ph":"E", "ts":"1480057870", "pid":"1", "tid":"wave"},
{"name":"ModelSetRunClock", "ph":"B", "ts":"1482275604", "pid":"1", "tid":"wave"},
{"name":"ModelSetRunClock", "ph":"E", "ts":"1482275678", "pid":"1", "tid":"wave"},
{"name":"ModelAdvance", "ph":"B", "ts":"1482275781", "pid":"1", "tid":"wave"},
{"name":"ModelAdvance", "ph":"E", "ts":"1488189716", "pid":"1", "tid":"wave"},
{"name":"ModelSetRunClock", "ph":"B", "ts":"1489684439", "pid":"1", "tid":"wave"},
{"name":"ModelSetRunClock", "ph":"E", "ts":"1489684882", "pid":"1", "tid":"wave"},
{"name":"ModelAdvance", "ph":"B", "ts":"1489685016", "pid":"1", "tid":"wave"},
{"name":"ModelAdvance", "ph":"E", "ts":"1495398562", "pid":"1", "tid":"wave"},
{"name":"ModelSetRunClock", "ph":"B", "ts":"1497863998", "pid":"1", "tid":"wave"},
{"name":"ModelSetRunClock", "ph":"E", "ts":"1497864077", "pid":"1", "tid":"wave"},
{"name":"ModelAdvance", "ph":"B", "ts":"1497864183", "pid":"1", "tid":"wave"},
{"name":"ModelAdvance", "ph":"E", "ts":"1503431544", "pid":"1", "tid":"wave"},
{"name":"ModelSetRunClock", "ph":"B", "ts":"1505572906", "pid":"1", "tid":"wave"},
{"name":"ModelSetRunClock", "ph":"E", "ts":"1505573007", "pid":"1", "tid":"wave"},
{"name":"ModelAdvance", "ph":"B", "ts":"1505573174", "pid":"1", "tid":"wave"},
{"name":"ModelAdvance", "ph":"E", "ts":"1511071802", "pid":"1", "tid":"wave"},
{"name":"ModelSetRunClock", "ph":"B", "ts":"1513708989", "pid":"1", "tid":"wave"},
{"name":"ModelSetRunClock", "ph":"E", "ts":"1513709083", "pid":"1", "tid":"wave"},
{"name":"ModelAdvance", "ph":"B", "ts":"1513709249", "pid":"1", "tid":"wave"},
{"name":"ModelAdvance", "ph":"E", "ts":"1519177842", "pid":"1", "tid":"wave"},
{"name":"ModelSetRunClock", "ph":"B", "ts":"1521293102", "pid":"1", "tid":"wave"},
{"name":"ModelSetRunClock", "ph":"E", "ts":"1521293431", "pid":"1", "tid":"wave"},
{"name":"ModelAdvance", "ph":"B", "ts":"1521293651", "pid":"1", "tid":"wave"},
{"name":"ModelAdvance", "ph":"E", "ts":"1526607949", "pid":"1", "tid":"wave"},
{"name":"ModelSetRunClock", "ph":"B", "ts":"1529788038", "pid":"1", "tid":"wave"},
{"name":"ModelSetRunClock", "ph":"E", "ts":"1529788104", "pid":"1", "tid":"wave"},
{"name":"ModelAdvance", "ph":"B", "ts":"1529788233", "pid":"1", "tid":"wave"},
{"name":"ModelAdvance", "ph":"E", "ts":"1535042281", "pid":"1", "tid":"wave"},
{"name":"ModelSetRunClock", "ph":"B", "ts":"1537668888", "pid":"1", "tid":"wave"},
{"name":"ModelSetRunClock", "ph":"E", "ts":"1537668968", "pid":"1", "tid":"wave"},
{"name":"ModelAdvance", "ph":"B", "ts":"1537669160", "pid":"1", "tid":"wave"},
{"name":"ModelAdvance", "ph":"E", "ts":"1543057187", "pid":"1", "tid":"wave"},
{"name":"ModelSetRunClock", "ph":"B", "ts":"1545942047", "pid":"1", "tid":"wave"},
{"name":"ModelSetRunClock", "ph":"E", "ts":"1545942187", "pid":"1", "tid":"wave"},
{"name":"ModelAdvance", "ph":"B", "ts":"1545942354", "pid":"1", "tid":"wave"},
{"name":"ModelAdvance", "ph":"E", "ts":"1551445751", "pid":"1", "tid":"wave"},
{"name":"ModelSetRunClock", "ph":"B", "ts":"1553430234", "pid":"1", "tid":"wave"},
{"name":"ModelSetRunClock", "ph":"E", "ts":"1553430297", "pid":"1", "tid":"wave"},
{"name":"ModelAdvance", "ph":"B", "ts":"1553430384", "pid":"1", "tid":"wave"},
{"name":"ModelAdvance", "ph":"E", "ts":"1559097927", "pid":"1", "tid":"wave"},
{"name":"ModelSetRunClock", "ph":"B", "ts":"1561471911", "pid":"1", "tid":"wave"},
{"name":"ModelSetRunClock", "ph":"E", "ts":"1561471983", "pid":"1", "tid":"wave"},
{"name":"ModelAdvance", "ph":"B", "ts":"1561472133", "pid":"1", "tid":"wave"},
{"name":"ModelAdvance", "ph":"E", "ts":"1567230752", "pid":"1", "tid":"wave"},
{"name":"ModelSetRunClock", "ph":"B", "ts":"1568601300", "pid":"1", "tid":"wave"},
{"name":"ModelSetRunClock", "ph":"E", "ts":"1568601362", "pid":"1", "tid":"wave"},
{"name":"ModelAdvance", "ph":"B", "ts":"1568601462", "pid":"1", "tid":"wave"},
{"name":"ModelAdvance", "ph":"E", "ts":"1574731647", "pid":"1", "tid":"wave"},
{"name":"ModelSetRunClock", "ph":"B", "ts":"1576634365", "pid":"1", "tid":"wave"},
{"name":"ModelSetRunClock", "ph":"E", "ts":"1576634424", "pid":"1", "tid":"wave"},
{"name":"ModelAdvance", "ph":"B", "ts":"1576634576", "pid":"1", "tid":"wave"},
{"name":"ModelAdvance", "ph":"E", "ts":"1582578389", "pid":"1", "tid":"wave"},
{"name":"ModelSetRunClock", "ph":"B", "ts":"1583754417", "pid":"1", "tid":"wave"},
{"name":"ModelSetRunClock", "ph":"E", "ts":"1583754504", "pid":"1", "tid":"wave"},
{"name":"ModelAdvance", "ph":"B", "ts":"1583754676", "pid":"1", "tid":"wave"},
{"name":"ModelAdvance", "ph":"E", "ts":"1590298608", "pid":"1", "tid":"wave"},
{"name":"ModelSetRunClock", "ph":"B", "ts":"1592100403", "pid":"1", "tid":"wave"},
{"name":"ModelSetRunClock", "ph":"E", "ts":"1592100475", "pid":"1", "tid":"wave"},
{"name":"ModelAdvance", "ph":"B", "ts":"1592100571", "pid":"1", "tid":"wave"},
{"name":"ModelAdvance", "ph":"E", "ts":"1598120201", "pid":"1", "tid":"wave"},
{"name":"ModelSetRunClock", "ph":"B", "ts":"1599240581", "pid":"1", "tid":"wave"},
{"name":"ModelSetRunClock", "ph":"E", "ts":"1599240658", "pid":"1", "tid":"wave"},
{"name":"ModelAdvance", "ph":"B", "ts":"1599240810", "pid":"1", "tid":"wave"},
{"name":"ModelAdvance", "ph":"E", "ts":"1605889557", "pid":"1", "tid":"wave"},
{"name":"ModelSetRunClock", "ph":"B", "ts":"1607615253", "pid":"1", "tid":"wave"},
{"name":"ModelSetRunClock", "ph":"E", "ts":"1607615325", "pid":"1", "tid":"wave"},
{"name":"ModelAdvance", "ph":"B", "ts":"1607615545", "pid":"1", "tid":"wave"},
{"name":"ModelAdvance", "ph":"E", "ts":"1613738610", "pid":"1", "tid":"wave"},
{"name":"ModelSetRunClock", "ph":"B", "ts":"1614829649", "pid":"1", "tid":"wave"},
{"name":"ModelSetRunClock", "ph":"E", "ts":"1614829711", "pid":"1", "tid":"wave"},
{"name":"ModelAdvance", "ph":"B", "ts":"1614829799", "pid":"1", "tid":"wave"},
{"name":"ModelAdvance", "ph":"E", "ts":"1621605162", "pid":"1", "tid":"wave"},
{"name":"ModelSetRunClock", "ph":"B", "ts":"1623200216", "pid":"1", "tid":"wave"},
{"name":"ModelSetRunClock", "ph":"E", "ts":"1623200281", "pid":"1", "tid":"wave"},
{"name":"ModelAdvance", "ph":"B", "ts":"1623200411", "pid":"1", "tid":"wave"},
{"name":"ModelAdvance", "ph":"E", "ts":"1629471498", "pid":"1", "tid":"wave"},
{"name":"ModelSetRunClock", "ph":"B", "ts":"1630586413", "pid":"1", "tid":"wave"},
{"name":"ModelSetRunClock", "ph":"E", "ts":"1630586476", "pid":"1", "tid":"wave"},
{"name":"ModelAdvance", "ph":"B", "ts":"1630586588", "pid":"1", "tid":"wave"},
{"name":"ModelAdvance", "ph":"E", "ts":"1637353845", "pid":"1", "tid":"wave"},
{"name":"ModelSetRunClock", "ph":"B", "ts":"1638923749", "pid":"1", "tid":"wave"},
{"name":"ModelSetRunClock", "ph":"E", "ts":"1638923810", "pid":"1", "tid":"wave"},
{"name":"ModelAdvance", "ph":"B", "ts":"1638924373", "pid":"1", "tid":"wave"},
{"name":"ModelAdvance", "ph":"E", "ts":"1645236965", "pid":"1", "tid":"wave"},
{"name":"ModelSetRunClock", "ph":"B", "ts":"1646381717", "pid":"1", "tid":"wave"},
{"name":"ModelSetRunClock", "ph":"E", "ts":"1646381824", "pid":"1", "tid":"wave"},
{"name":"ModelAdvance", "ph":"B", "ts":"1646381975", "pid":"1", "tid":"wave"},
{"name":"ModelAdvance", "ph":"E", "ts":"1653064564", "pid":"1", "tid":"wave"},
{"name":"ModelSetRunClock", "ph":"B", "ts":"1654772155", "pid":"1", "tid":"wave"},
{"name":"ModelSetRunClock", "ph":"E", "ts":"1654772246", "pid":"1", "tid":"wave"},
{"name":"ModelAdvance", "ph":"B", "ts":"1654772420", "pid":"1", "tid":"wave"},
{"name":"ModelAdvance", "ph":"E", "ts":"1660806464", "pid":"1", "tid":"wave"},
{"name":"ModelSetRunClock", "ph":"B", "ts":"1661976242", "pid":"1", "tid":"wave"},
{"name":"ModelSetRunClock", "ph":"E", "ts":"1661976358", "pid":"1", "tid":"wave"},
{"name":"ModelAdvance", "ph":"B", "ts":"1661976531", "pid":"1", "tid":"wave"},
{"name":"ModelAdvance", "ph":"E", "ts":"1668435297", "pid":"1", "tid":"wave"},
{"name":"ModelSetRunClock", "ph":"B", "ts":"1670602343", "pid":"1", "tid":"wave"},
{"name":"ModelSetRunClock", "ph":"E", "ts":"1670602409", "pid":"1", "tid":"wave"},
{"name":"ModelAdvance", "ph":"B", "ts":"1670602542", "pid":"1", "tid":"wave"},
{"name":"ModelAdvance", "ph":"E", "ts":"1676454176", "pid":"1", "tid":"wave"},
{"name":"ModelSetRunClock", "ph":"B", "ts":"1678284504", "pid":"1", "tid":"wave"},
{"name":"ModelSetRunClock", "ph":"E", "ts":"1678284601", "pid":"1", "tid":"wave"},
{"name":"ModelAdvance", "ph":"B", "ts":"1678284751", "pid":"1", "tid":"wave"},
{"name":"ModelAdvance", "ph":"E", "ts":"1684108501", "pid":"1", "tid":"wave"},
{"name":"ModelSetRunClock", "ph":"B", "ts":"1686375644", "pid":"1", "tid":"wave"},
{"name":"ModelSetRunClock", "ph":"E", "ts":"1686375714", "pid":"1", "tid":"wave"},
{"name":"ModelAdvance", "ph":"B", "ts":"1686375823", "pid":"1", "tid":"wave"},
{"name":"ModelAdvance", "ph":"E", "ts":"1692206226", "pid":"1", "tid":"wave"},
{"name":"ModelSetRunClock", "ph":"B", "ts":"1693861170", "pid":"1", "tid":"wave"},
{"name":"ModelSetRunClock", "ph":"E", "ts":"1693861255", "pid":"1", "tid":"wave"},
{"name":"ModelAdvance", "ph":"B", "ts":"1693861375", "pid":"1", "tid":"wave"},
{"name":"ModelAdvance", "ph":"E", "ts":"1699594193", "pid":"1", "tid":"wave"},
{"name":"ModelSetRunClock", "ph":"B", "ts":"1712769329", "pid":"1", "tid":"wave"},
{"name":"ModelSetRunClock", "ph":"E", "ts":"1712769557", "pid":"1", "tid":"wave"},
{"name":"ModelAdvance", "ph":"B", "ts":"1712769782", "pid":"1", "tid":"wave"},
{"name":"ModelAdvance", "ph":"E", "ts":"1718479189", "pid":"1", "tid":"wave"},
{"name":"ModelSetRunClock", "ph":"B", "ts":"1720097906", "pid":"1", "tid":"wave"},
{"name":"ModelSetRunClock", "ph":"E", "ts":"1720097967", "pid":"1", "tid":"wave"},
{"name":"ModelAdvance", "ph":"B", "ts":"1720098053", "pid":"1", "tid":"wave"},
{"name":"ModelAdvance", "ph":"E", "ts":"1725879630", "pid":"1", "tid":"wave"},
{"name":"ModelSetRunClock", "ph":"B", "ts":"1727975711", "pid":"1", "tid":"wave"},
{"name":"ModelSetRunClock", "ph":"E", "ts":"1727975790", "pid":"1", "tid":"wave"},
{"name":"ModelAdvance", "ph":"B", "ts":"1727975889", "pid":"1", "tid":"wave"},
{"name":"ModelAdvance", "ph":"E", "ts":"1733836854", "pid":"1", "tid":"wave"},
{"name":"ModelSetRunClock", "ph":"B", "ts":"1735229464", "pid":"1", "tid":"wave"},
{"name":"ModelSetRunClock", "ph":"E", "ts":"1735229894", "pid":"1", "tid":"wave"},
{"name":"ModelAdvance", "ph":"B", "ts":"1735230189", "pid":"1", "tid":"wave"},
{"name":"ModelAdvance", "ph":"E", "ts":"1741436828", "pid":"1", "tid":"wave"},
{"name":"ModelSetRunClock", "ph":"B", "ts":"1743313389", "pid":"1", "tid":"wave"},
{"name":"ModelSetRunClock", "ph":"E", "ts":"1743313474", "pid":"1", "tid":"wave"},
{"name":"ModelAdvance", "ph":"B", "ts":"1743313660", "pid":"1", "tid":"wave"},
{"name":"ModelAdvance", "ph":"E", "ts":"1749323744", "pid":"1", "tid":"wave"},
{"name":"ModelSetRunClock", "ph":"B", "ts":"1750595749", "pid":"1", "tid":"wave"},
{"name":"ModelSetRunClock", "ph":"E", "ts":"1750596190", "pid":"1", "tid":"wave"},
{"name":"ModelAdvance", "ph":"B", "ts":"1750596437", "pid":"1", "tid":"wave"},
{"name":"ModelAdvance", "ph":"E", "ts":"1757038933", "pid":"1", "tid":"wave"},
{"name":"ModelSetRunClock", "ph":"B", "ts":"1759128160", "pid":"1", "tid":"wave"},
{"name":"ModelSetRunClock", "ph":"E", "ts":"1759128247", "pid":"1", "tid":"wave"},
{"name":"ModelAdvance", "ph":"B", "ts":"1759128406", "pid":"1", "tid":"wave"},
{"name":"ModelAdvance", "ph":"E", "ts":"1765163297", "pid":"1", "tid":"wave"},
{"name":"ModelSetRunClock", "ph":"B", "ts":"1766335162", "pid":"1", "tid":"wave"},
{"name":"ModelSetRunClock", "ph":"E", "ts":"1766335455", "pid":"1", "tid":"wave"},
{"name":"ModelAdvance", "ph":"B", "ts":"1766335686", "pid":"1", "tid":"wave"},
{"name":"ModelAdvance", "ph":"E", "ts":"1772916903", "pid":"1", "tid":"wave"},
{"name":"ModelSetRunClock", "ph":"B", "ts":"1774701137", "pid":"1", "tid":"wave"},
{"name":"ModelSetRunClock", "ph":"E", "ts":"1774701208", "pid":"1", "tid":"wave"},
{"name":"ModelAdvance", "ph":"B", "ts":"1774701290", "pid":"1", "tid":"wave"},
{"name":"ModelAdvance", "ph":"E", "ts":"1780704908", "pid":"1", "tid":"wave"},
{"name":"ModelSetRunClock", "ph":"B", "ts":"1781875949", "pid":"1", "tid":"wave"},
{"name":"ModelSetRunClock", "ph":"E", "ts":"1781876013", "pid":"1", "tid":"wave"},
{"name":"ModelAdvance", "ph":"B", "ts":"1781876137", "pid":"1", "tid":"wave"},
{"name":"ModelAdvance", "ph":"E", "ts":"1788371264", "pid":"1", "tid":"wave"},
{"name":"ModelSetRunClock", "ph":"B", "ts":"1790364537", "pid":"1", "tid":"wave"},
{"name":"ModelSetRunClock", "ph":"E", "ts":"1790364613", "pid":"1", "tid":"wave"},
{"name":"ModelAdvance", "ph":"B", "ts":"1790364811", "pid":"1", "tid":"wave"},
{"name":"ModelAdvance", "ph":"E", "ts":"1796261479", "pid":"1", "tid":"wave"},
{"name":"ModelSetRunClock", "ph":"B", "ts":"1797653471", "pid":"1", "tid":"wave"},
{"name":"ModelSetRunClock", "ph":"E", "ts":"1797653551", "pid":"1", "tid":"wave"},
{"name":"ModelAdvance", "ph":"B", "ts":"1797653685", "pid":"1", "tid":"wave"},
{"name":"ModelAdvance", "ph":"E", "ts":"1803757147", "pid":"1", "tid":"wave"},
{"name":"ModelSetRunClock", "ph":"B", "ts":"1805844594", "pid":"1", "tid":"wave"},
{"name":"ModelSetRunClock", "ph":"E", "ts":"1805844652", "pid":"1", "tid":"wave"},
{"name":"ModelAdvance", "ph":"B", "ts":"1805844752", "pid":"1", "tid":"wave"},
{"name":"ModelAdvance", "ph":"E", "ts":"1811673053", "pid":"1", "tid":"wave"},
{"name":"ModelSetRunClock", "ph":"B", "ts":"1813210329", "pid":"1", "tid":"wave"},
{"name":"ModelSetRunClock", "ph":"E", "ts":"1813210402", "pid":"1", "tid":"wave"},
{"name":"ModelAdvance", "ph":"B", "ts":"1813210523", "pid":"1", "tid":"wave"},
{"name":"ModelAdvance", "ph":"E", "ts":"1819060432", "pid":"1", "tid":"wave"},
{"name":"ModelSetRunClock", "ph":"B", "ts":"1821235288", "pid":"1", "tid":"wave"},
{"name":"ModelSetRunClock", "ph":"E", "ts":"1821235374", "pid":"1", "tid":"wave"},
{"name":"ModelAdvance", "ph":"B", "ts":"1821235487", "pid":"1", "tid":"wave"},
{"name":"ModelAdvance", "ph":"E", "ts":"1826987841", "pid":"1", "tid":"wave"},
{"name":"ModelSetRunClock", "ph":"B", "ts":"1828445505", "pid":"1", "tid":"wave"},
{"name":"ModelSetRunClock", "ph":"E", "ts":"1828445564", "pid":"1", "tid":"wave"},
{"name":"ModelAdvance", "ph":"B", "ts":"1828445650", "pid":"1", "tid":"wave"},
{"name":"ModelAdvance", "ph":"E", "ts":"1834306113", "pid":"1", "tid":"wave"},
{"name":"ModelSetRunClock", "ph":"B", "ts":"1836430179", "pid":"1", "tid":"wave"},
{"name":"ModelSetRunClock", "ph":"E", "ts":"1836430247", "pid":"1", "tid":"wave"},
{"name":"ModelAdvance", "ph":"B", "ts":"1836430334", "pid":"1", "tid":"wave"},
{"name":"ModelAdvance", "ph":"E", "ts":"1842170332", "pid":"1", "tid":"wave"},
{"name":"ModelSetRunClock", "ph":"B", "ts":"1843706125", "pid":"1", "tid":"wave"},
{"name":"ModelSetRunClock", "ph":"E", "ts":"1843706191", "pid":"1", "tid":"wave"},
{"name":"ModelAdvance", "ph":"B", "ts":"1843706300", "pid":"1", "tid":"wave"},
{"name":"ModelAdvance", "ph":"E", "ts":"1849449299", "pid":"1", "tid":"wave"},
{"name":"ModelSetRunClock", "ph":"B", "ts":"1851581708", "pid":"1", "tid":"wave"},
{"name":"ModelSetRunClock", "ph":"E", "ts":"1851581772", "pid":"1", "tid":"wave"},
{"name":"ModelAdvance", "ph":"B", "ts":"1851581917", "pid":"1", "tid":"wave"},
{"name":"ModelAdvance", "ph":"E", "ts":"1857273933", "pid":"1", "tid":"wave"},
{"name":"ModelSetRunClock", "ph":"B", "ts":"1858798031", "pid":"1", "tid":"wave"},
{"name":"ModelSetRunClock", "ph":"E", "ts":"1858798328", "pid":"1", "tid":"wave"},
{"name":"ModelAdvance", "ph":"B", "ts":"1858798546", "pid":"1", "tid":"wave"},
{"name":"ModelAdvance", "ph":"E", "ts":"1864477886", "pid":"1", "tid":"wave"},
{"name":"ModelSetRunClock", "ph":"B", "ts":"1867062701", "pid":"1", "tid":"wave"},
{"name":"ModelSetRunClock", "ph":"E", "ts":"1867062768", "pid":"1", "tid":"wave"},
{"name":"ModelAdvance", "ph":"B", "ts":"1867062905", "pid":"1", "tid":"wave"},
{"name":"ModelAdvance", "ph":"E", "ts":"1872677600", "pid":"1", "tid":"wave"},
{"name":"ModelSetRunClock", "ph":"B", "ts":"1874266767", "pid":"1", "tid":"wave"},
{"name":"ModelSetRunClock", "ph":"E", "ts":"1874266925", "pid":"1", "tid":"wave"},
{"name":"ModelAdvance", "ph":"B", "ts":"1874267058", "pid":"1", "tid":"wave"},
{"name":"ModelAdvance", "ph":"E", "ts":"1879821852", "pid":"1", "tid":"wave"},
{"name":"ModelSetRunClock", "ph":"B", "ts":"1882173362", "pid":"1", "tid":"wave"},
{"name":"ModelSetRunClock", "ph":"E", "ts":"1882173537", "pid":"1", "tid":"wave"},
{"name":"ModelAdvance", "ph":"B", "ts":"1882173715", "pid":"1", "tid":"wave"},
{"name":"ModelAdvance", "ph":"E", "ts":"1887708901", "pid":"1", "tid":"wave"},
{"name":"ModelSetRunClock", "ph":"B", "ts":"1889404908", "pid":"1", "tid":"wave"},
{"name":"ModelSetRunClock", "ph":"E", "ts":"1889405086", "pid":"1", "tid":"wave"},
{"name":"ModelAdvance", "ph":"B", "ts":"1889405174", "pid":"1", "tid":"wave"},
{"name":"ModelAdvance", "ph":"E", "ts":"1894871835", "pid":"1", "tid":"wave"},
{"name":"ModelSetRunClock", "ph":"B", "ts":"1897357289", "pid":"1", "tid":"wave"},
{"name":"ModelSetRunClock", "ph":"E", "ts":"1897357369", "pid":"1", "tid":"wave"},
{"name":"ModelAdvance", "ph":"B", "ts":"1897357493", "pid":"1", "tid":"wave"},
{"name":"ModelAdvance", "ph":"E", "ts":"1902778808", "pid":"1", "tid":"wave"},
{"name":"ModelSetRunClock", "ph":"B", "ts":"1904549195", "pid":"1", "tid":"wave"},
{"name":"ModelSetRunClock", "ph":"E", "ts":"1904549289", "pid":"1", "tid":"wave"},
{"name":"ModelAdvance", "ph":"B", "ts":"1904549449", "pid":"1", "tid":"wave"},
{"name":"ModelAdvance", "ph":"E", "ts":"1909927268", "pid":"1", "tid":"wave"},
{"name":"ModelSetRunClock", "ph":"B", "ts":"1912494257", "pid":"1", "tid":"wave"},
{"name":"ModelSetRunClock", "ph":"E", "ts":"1912494399", "pid":"1", "tid":"wave"},
{"name":"ModelAdvance", "ph":"B", "ts":"1912494514", "pid":"1", "tid":"wave"},
{"name":"ModelAdvance", "ph":"E", "ts":"1917855548", "pid":"1", "tid":"wave"},
{"name":"ModelSetRunClock", "ph":"B", "ts":"1919679147", "pid":"1", "tid":"wave"},
{"name":"ModelSetRunClock", "ph":"E", "ts":"1919679484", "pid":"1", "tid":"wave"},
{"name":"ModelAdvance", "ph":"B", "ts":"1919679623", "pid":"1", "tid":"wave"},
{"name":"ModelAdvance", "ph":"E", "ts":"1925061601", "pid":"1", "tid":"wave"},
{"name":"ModelSetRunClock", "ph":"B", "ts":"1927544347", "pid":"1", "tid":"wave"},
{"name":"ModelSetRunClock", "ph":"E", "ts":"1927544418", "pid":"1", "tid":"wave"},
{"name":"ModelAdvance", "ph":"B", "ts":"1927544605", "pid":"1", "tid":"wave"},
{"name":"ModelAdvance", "ph":"E", "ts":"1932949620", "pid":"1", "tid":"wave"},
{"name":"ModelSetRunClock", "ph":"B", "ts":"1934710986", "pid":"1", "tid":"wave"},
{"name":"ModelSetRunClock", "ph":"E", "ts":"1934711052", "pid":"1", "tid":"wave"},
{"name":"ModelAdvance", "ph":"B", "ts":"1934711182", "pid":"1", "tid":"wave"},
{"name":"ModelAdvance", "ph":"E", "ts":"1940133971", "pid":"1", "tid":"wave"},
{"name":"ModelSetRunClock", "ph":"B", "ts":"1942520001", "pid":"1", "tid":"wave"},
{"name":"ModelSetRunClock", "ph":"E", "ts":"1942520125", "pid":"1", "tid":"wave"},
{"name":"ModelAdvance", "ph":"B", "ts":"1942520527", "pid":"1", "tid":"wave"},
{"name":"ModelAdvance", "ph":"E", "ts":"1947902223", "pid":"1", "tid":"wave"},
{"name":"ModelSetRunClock", "ph":"B", "ts":"1949667274", "pid":"1", "tid":"wave"},
{"name":"ModelSetRunClock", "ph":"E", "ts":"1949667588", "pid":"1", "tid":"wave"},
{"name":"ModelAdvance", "ph":"B", "ts":"1949667721", "pid":"1", "tid":"wave"},
{"name":"ModelAdvance", "ph":"E", "ts":"1955033717", "pid":"1", "tid":"wave"},
{"name":"ModelSetRunClock", "ph":"B", "ts":"1957462861", "pid":"1", "tid":"wave"},
{"name":"ModelSetRunClock", "ph":"E", "ts":"1957462932", "pid":"1", "tid":"wave"},
{"name":"ModelAdvance", "ph":"B", "ts":"1957463015", "pid":"1", "tid":"wave"},
{"name":"ModelAdvance", "ph":"E", "ts":"1962842493", "pid":"1", "tid":"wave"},
{"name":"ModelSetRunClock", "ph":"B", "ts":"1964669279", "pid":"1", "tid":"wave"},
{"name":"ModelSetRunClock", "ph":"E", "ts":"1964669399", "pid":"1", "tid":"wave"},
{"name":"ModelAdvance", "ph":"B", "ts":"1964669561", "pid":"1", "tid":"wave"},
{"name":"ModelAdvance", "ph":"E", "ts":"1970109855", "pid":"1", "tid":"wave"},
{"name":"ModelSetRunClock", "ph":"B", "ts":"1972500156", "pid":"1", "tid":"wave"},
{"name":"ModelSetRunClock", "ph":"E", "ts":"1972500227", "pid":"1", "tid":"wave"},
{"name":"ModelAdvance", "ph":"B", "ts":"1972500335", "pid":"1", "tid":"wave"},
{"name":"ModelAdvance", "ph":"E", "ts":"1977833015", "pid":"1", "tid":"wave"},
{"name":"ModelSetRunClock", "ph":"B", "ts":"1979688779", "pid":"1", "tid":"wave"},
{"name":"ModelSetRunClock", "ph":"E", "ts":"1979688850", "pid":"1", "tid":"wave"},
{"name":"ModelAdvance", "ph":"B", "ts":"1979689031", "pid":"1", "tid":"wave"},
{"name":"ModelAdvance", "ph":"E", "ts":"1985017485", "pid":"1", "tid":"wave"},
{"name":"ModelSetRunClock", "ph":"B", "ts":"1987417350", "pid":"1", "tid":"wave"},
{"name":"ModelSetRunClock", "ph":"E", "ts":"1987417458", "pid":"1", "tid":"wave"},
{"name":"ModelAdvance", "ph":"B", "ts":"1987417617", "pid":"1", "tid":"wave"},
{"name":"ModelAdvance", "ph":"E", "ts":"1992810861", "pid":"1", "tid":"wave"},
{"name":"ModelSetRunClock", "ph":"B", "ts":"1994515415", "pid":"1", "tid":"wave"},
{"name":"ModelSetRunClock", "ph":"E", "ts":"1994515535", "pid":"1", "tid":"wave"},
{"name":"ModelAdvance", "ph":"B", "ts":"1994515645", "pid":"1", "tid":"wave"},
{"name":"ModelAdvance", "ph":"E", "ts":"1999900134", "pid":"1", "tid":"wave"},
{"name":"ModelSetRunClock", "ph":"B", "ts":"2002217093", "pid":"1", "tid":"wave"},
{"name":"ModelSetRunClock", "ph":"E", "ts":"2002217164", "pid":"1", "tid":"wave"},
{"name":"ModelAdvance", "ph":"B", "ts":"2002217359", "pid":"1", "tid":"wave"},
{"name":"ModelAdvance", "ph":"E", "ts":"2007589888", "pid":"1", "tid":"wave"},
{"name":"ModelSetRunClock", "ph":"B", "ts":"2009252483", "pid":"1", "tid":"wave"},
{"name":"ModelSetRunClock", "ph":"E", "ts":"2009252555", "pid":"1", "tid":"wave"},
{"name":"ModelAdvance", "ph":"B", "ts":"2009252679", "pid":"1", "tid":"wave"},
{"name":"ModelAdvance", "ph":"E", "ts":"2014609663", "pid":"1", "tid":"wave"},
{"name":"ModelSetRunClock", "ph":"B", "ts":"2016879258", "pid":"1", "tid":"wave"},
{"name":"ModelSetRunClock", "ph":"E", "ts":"2016879339", "pid":"1", "tid":"wave"},
{"name":"ModelAdvance", "ph":"B", "ts":"2016879455", "pid":"1", "tid":"wave"},
{"name":"ModelAdvance", "ph":"E", "ts":"2022220594", "pid":"1", "tid":"wave"},
{"name":"ModelSetRunClock", "ph":"B", "ts":"2023942690", "pid":"1", "tid":"wave"},
{"name":"ModelSetRunClock", "ph":"E", "ts":"2023942798", "pid":"1", "tid":"wave"},
{"name":"ModelAdvance", "ph":"B", "ts":"2023943024", "pid":"1", "tid":"wave"},
{"name":"ModelAdvance", "ph":"E", "ts":"2029249161", "pid":"1", "tid":"wave"},
{"name":"ModelSetRunClock", "ph":"B", "ts":"2031606452", "pid":"1", "tid":"wave"},
{"name":"ModelSetRunClock", "ph":"E", "ts":"2031606533", "pid":"1", "tid":"wave"},
{"name":"ModelAdvance", "ph":"B", "ts":"2031606741", "pid":"1", "tid":"wave"},
{"name":"ModelAdvance", "ph":"E", "ts":"2036886998", "pid":"1", "tid":"wave"},
{"name":"ModelSetRunClock", "ph":"B", "ts":"2038645171", "pid":"1", "tid":"wave"},
{"name":"ModelSetRunClock", "ph":"E", "ts":"2038645235", "pid":"1", "tid":"wave"},
{"name":"ModelAdvance", "ph":"B", "ts":"2038645320", "pid":"1", "tid":"wave"},
{"name":"ModelAdvance", "ph":"E", "ts":"2043865871", "pid":"1", "tid":"wave"},
{"name":"ModelSetRunClock", "ph":"B", "ts":"2046318258", "pid":"1", "tid":"wave"},
{"name":"ModelSetRunClock", "ph":"E", "ts":"2046318319", "pid":"1", "tid":"wave"},
{"name":"ModelAdvance", "ph":"B", "ts":"2046318397", "pid":"1", "tid":"wave"},
{"name":"ModelAdvance", "ph":"E", "ts":"2051518729", "pid":"1", "tid":"wave"},
{"name":"ModelSetRunClock", "ph":"B", "ts":"2053391811", "pid":"1", "tid":"wave"},
{"name":"ModelSetRunClock", "ph":"E", "ts":"2053391876", "pid":"1", "tid":"wave"},
{"name":"ModelAdvance", "ph":"B", "ts":"2053391959", "pid":"1", "tid":"wave"},
{"name":"ModelAdvance", "ph":"E", "ts":"2058592499", "pid":"1", "tid":"wave"},
{"name":"ModelSetRunClock", "ph":"B", "ts":"2061158475", "pid":"1", "tid":"wave"},
{"name":"ModelSetRunClock", "ph":"E", "ts":"2061158540", "pid":"1", "tid":"wave"},
{"name":"ModelAdvance", "ph":"B", "ts":"2061158621", "pid":"1", "tid":"wave"},
{"name":"ModelAdvance", "ph":"E", "ts":"2066384659", "pid":"1", "tid":"wave"},
{"name":"ModelFinalize", "ph":"B", "ts":"2066390979", "pid":"1", "tid":"wave"},
{"name":"ModelFinalize", "ph":"E", "ts":"2066391005", "pid":"1", "tid":"wave"},
