{"name":"SetServices", "ph":"B", "ts":"1045504686", "pid":"1", "tid":"mom"},
{"name":"SetServices", "ph":"E", "ts":"1045506582", "pid":"1", "tid":"mom"},
{"name":"InitializeP0", "ph":"B", "ts":"1046670356", "pid":"1", "tid":"mom"},
{"name":"InitializeP0", "ph":"E", "ts":"1046670758", "pid":"1", "tid":"mom"},
{"name":"InitializeAdvertise", "ph":"B", "ts":"1077144777", "pid":"1", "tid":"mom"},
{"name":"InitializeAdvertise", "ph":"E", "ts":"1130411438", "pid":"1", "tid":"mom"},
{"name":"InitializeRealize", "ph":"B", "ts":"1252999518", "pid":"1", "tid":"mom"},
{"name":"InitializeRealize", "ph":"E", "ts":"1258407322", "pid":"1", "tid":"mom"},
{"name":"DataInitialize", "ph":"B", "ts":"1293700628", "pid":"1", "tid":"mom"},
{"name":"DataInitialize", "ph":"E", "ts":"1293701607", "pid":"1", "tid":"mom"},
{"name":"ModelSetRunClock", "ph":"B", "ts":"1319534839", "pid":"1", "tid":"mom"},
{"name":"ModelSetRunClock", "ph":"E", "ts":"1319543947", "pid":"1", "tid":"mom"},
{"name":"ModelAdvance", "ph":"B", "ts":"1319544145", "pid":"1", "tid":"mom"},
{"name":"ModelAdvance", "ph":"E", "ts":"1325875155", "pid":"1", "tid":"mom"},
{"name":"ModelSetRunClock", "ph":"B", "ts":"1331817724", "pid":"1", "tid":"mom"},
{"name":"ModelSetRunClock", "ph":"E", "ts":"1331817789", "pid":"1", "tid":"mom"},
{"name":"ModelAdvance", "ph":"B", "ts":"1331817969", "pid":"1", "tid":"mom"},
{"name":"ModelAdvance", "ph":"E", "ts":"1337212642", "pid":"1", "tid":"mom"},
{"name":"ModelSetRunClock", "ph":"B", "ts":"1346685588", "pid":"1", "tid":"mom"},
{"name":"ModelSetRunClock", "ph":"E", "ts":"1346685717", "pid":"1", "tid":"mom"},
{"name":"ModelAdvance", "ph":"B", "ts":"1346685869", "pid":"1", "tid":"mom"},
{"name":"ModelAdvance", "ph":"E", "ts":"1352072826", "pid":"1", "tid":"mom"},
{"name":"ModelSetRunClock", "ph":"B", "ts":"1363893489", "pid":"1", "tid":"mom"},
{"name":"ModelSetRunClock", "ph":"E", "ts":"1363893536", "pid":"1", "tid":"mom"},
{"name":"ModelAdvance", "ph":"B", "ts":"1363893687", "pid":"1", "tid":"mom"},
{"name":"ModelAdvance", "ph":"E", "ts":"1369352668", "pid":"1", "tid":"mom"},
{"name":"ModelSetRunClock", "ph":"B", "ts":"1378188418", "pid":"1", "tid":"mom"},
{"name":"ModelSetRunClock", "ph":"E", "ts":"1378188466", "pid":"1", "tid":"mom"},
{"name":"ModelAdvance", "ph":"B", "ts":"1378188630", "pid":"1", "tid":"mom"},
{"name":"ModelAdvance", "ph":"E", "ts":"1383695367", "pid":"1", "tid":"mom"},
{"name":"ModelSetRunClock", "ph":"B", "ts":"1390301779", "pid":"1", "tid":"mom"},
{"name":"ModelSetRunClock", "ph":"E", "ts":"1390301835", "pid":"1", "tid":"mom"},
{"name":"ModelAdvance", "ph":"B", "ts":"1390301991", "pid":"1", "tid":"mom"},
{"name":"ModelAdvance", "ph":"E", "ts":"1395731334", "pid":"1", "tid":"mom"},
{"name":"ModelSetRunClock", "ph":"B", "ts":"1412426612", "pid":"1", "tid":"mom"},
{"name":"ModelSetRunClock", "ph":"E", "ts":"1413184942", "pid":"1", "tid":"mom"},
{"name":"ModelAdvance", "ph":"B", "ts":"1413185113", "pid":"1", "tid":"mom"},
{"name":"ModelAdvance", "ph":"E", "ts":"1418566076", "pid":"1", "tid":"mom"},
{"name":"ModelSetRunClock", "ph":"B", "ts":"1420857124", "pid":"1", "tid":"mom"},
{"name":"ModelSetRunClock", "ph":"E", "ts":"1420857174", "pid":"1", "tid":"mom"},
{"name":"ModelAdvance", "ph":"B", "ts":"1420857333", "pid":"1", "tid":"mom"},
{"name":"ModelAdvance", "ph":"E", "ts":"1426279080", "pid":"1", "tid":"mom"},
{"name":"ModelSetRunClock", "ph":"B", "ts":"1428610261", "pid":"1", "tid":"mom"},
{"name":"ModelSetRunClock", "ph":"E", "ts":"1428610322", "pid":"1", "tid":"mom"},
{"name":"ModelAdvance", "ph":"B", "ts":"1428610503", "pid":"1", "tid":"mom"},
{"name":"ModelAdvance", "ph":"E", "ts":"1434051092", "pid":"1", "tid":"mom"},
{"name":"ModelSetRunClock", "ph":"B", "ts":"1436525024", "pid":"1", "tid":"mom"},
{"name":"ModelSetRunClock", "ph":"E", "ts":"1436525080", "pid":"1", "tid":"mom"},
{"name":"ModelAdvance", "ph":"B", "ts":"1436525241", "pid":"1", "tid":"mom"},
{"name":"ModelAdvance", "ph":"E", "ts":"1441929384", "pid":"1", "tid":"mom"},
{"name":"ModelSetRunClock", "ph":"B", "ts":"1443845879", "pid":"1", "tid":"mom"},
{"name":"ModelSetRunClock", "ph":"E", "ts":"1443846044", "pid":"1", "tid":"mom"},
{"name":"ModelAdvance", "ph":"B", "ts":"1443846297", "pid":"1", "tid":"mom"},
{"name":"ModelAdvance", "ph":"E", "ts":"1449248328", "pid":"1", "tid":"mom"},
{"name":"ModelSetRunClock", "ph":"B", "ts":"1451831315", "pid":"1", "tid":"mom"},
{"name":"ModelSetRunClock", "ph":"E", "ts":"1451831372", "pid":"1", "tid":"mom"},
{"name":"ModelAdvance", "ph":"B", "ts":"1451831544", "pid":"1", "tid":"mom"},
{"name":"ModelAdvance", "ph":"E", "ts":"1457115576", "pid":"1", "tid":"mom"},
{"name":"ModelSetRunClock", "ph":"B", "ts":"1459109337", "pid":"1", "tid":"mom"},
{"name":"ModelSetRunClock", "ph":"E", "ts":"1459109395", "pid":"1", "tid":"mom"},
{"name":"ModelAdvance", "ph":"B", "ts":"1459109567", "pid":"1", "tid":"mom"},
{"name":"ModelAdvance", "ph":"E", "ts":"1464341522", "pid":"1", "tid":"mom"},
{"name":"ModelSetRunClock", "ph":"B", "ts":"1467002530", "pid":"1", "tid":"mom"},
{"name":"ModelSetRunClock", "ph":"E", "ts":"1467002584", "pid":"1", "tid":"mom"},
{"name":"ModelAdvance", "ph":"B", "ts":"1467002737", "pid":"1", "tid":"mom"},
{"name":"ModelAdvance", "ph":"E", "ts":"1472245235", "pid":"1", "tid":"mom"},
{"name":"ModelSetRunClock", "ph":"B", "ts":"1474259860", "pid":"1", "tid":"mom"},
{"name":"ModelSetRunClock", "ph":"E", "ts":"1474260028", "pid":"1", "tid":"mom"},
{"name":"ModelAdvance", "ph":"B", "ts":"1474260176", "pid":"1", "tid":"mom"},
{"name":"ModelAdvance", "ph":"E", "ts":"1479513982", "pid":"1", "tid":"mom"},
{"name":"ModelSetRunClock", "ph":"B", "ts":"1482288005", "pid":"1", "tid":"mom"},
{"name":"ModelSetRunClock", "ph":"E", "ts":"1482288105", "pid":"1", "tid":"mom"},
{"name":"ModelAdvance", "ph":"B", "ts":"1482288308", "pid":"1", "tid":"mom"},
{"name":"ModelAdvance", "ph":"E", "ts":"1487549347", "pid":"1", "tid":"mom"},
{"name":"ModelSetRunClock", "ph":"B", "ts":"1489695133", "pid":"1", "tid":"mom"},
{"name":"ModelSetRunClock", "ph":"E", "ts":"1489695196", "pid":"1", "tid":"mom"},
{"name":"ModelAdvance", "ph":"B", "ts":"1489695352", "pid":"1", "tid":"mom"},
{"name":"ModelAdvance", "ph":"E", "ts":"1494945503", "pid":"1", "tid":"mom"},
{"name":"ModelSetRunClock", "ph":"B", "ts":"1497874148", "pid":"1", "tid":"mom"},
{"name":"ModelSetRunClock", "ph":"E", "ts":"1497874252", "pid":"1", "tid":"mom"},
{"name":"ModelAdvance", "ph":"B", "ts":"1497874463", "pid":"1", "tid":"mom"},
{"name":"ModelAdvance", "ph":"E", "ts":"1503175953", "pid":"1", "tid":"mom"},
{"name":"ModelSetRunClock", "ph":"B", "ts":"1505583075", "pid":"1", "tid":"mom"},
{"name":"ModelSetRunClock", "ph":"E", "ts":"1505583263", "pid":"1", "tid":"mom"},
{"name":"ModelAdvance", "ph":"B", "ts":"1505583431", "pid":"1", "tid":"mom"},
{"name":"ModelAdvance", "ph":"E", "ts":"1510829749", "pid":"1", "tid":"mom"},
{"name":"ModelSetRunClock", "ph":"B", "ts":"1513718836", "pid":"1", "tid":"mom"},
{"name":"ModelSetRunClock", "ph":"E", "ts":"1513718902", "pid":"1", "tid":"mom"},
{"name":"ModelAdvance", "ph":"B", "ts":"1513719082", "pid":"1", "tid":"mom"},
{"name":"ModelAdvance", "ph":"E", "ts":"1518955198", "pid":"1", "tid":"mom"},
{"name":"ModelSetRunClock", "ph":"B", "ts":"1521303406", "pid":"1", "tid":"mom"},
{"name":"ModelSetRunClock", "ph":"E", "ts":"1521303471", "pid":"1", "tid":"mom"},
{"name":"ModelAdvance", "ph":"B", "ts":"1521303633", "pid":"1", "tid":"mom"},
{"name":"ModelAdvance", "ph":"E", "ts":"1526556880", "pid":"1", "tid":"mom"},
{"name":"ModelSetRunClock", "ph":"B", "ts":"1529792631", "pid":"1", "tid":"mom"},
{"name":"ModelSetRunClock", "ph":"E", "ts":"1529792684", "pid":"1", "tid":"mom"},
{"name":"ModelAdvance", "ph":"B", "ts":"1529792836", "pid":"1", "tid":"mom"},
{"name":"ModelAdvance", "ph":"E", "ts":"1535014667", "pid":"1", "tid":"mom"},
{"name":"ModelSetRunClock", "ph":"B", "ts":"1537681582", "pid":"1", "tid":"mom"},
{"name":"ModelSetRunClock", "ph":"E", "ts":"1537681849", "pid":"1", "tid":"mom"},
{"name":"ModelAdvance", "ph":"B", "ts":"1537682048", "pid":"1", "tid":"mom"},
{"name":"ModelAdvance", "ph":"E", "ts":"1542878354", "pid":"1", "tid":"mom"},
{"name":"ModelSetRunClock", "ph":"B", "ts":"1545950859", "pid":"1", "tid":"mom"},
{"name":"ModelSetRunClock", "ph":"E", "ts":"1545951021", "pid":"1", "tid":"mom"},
{"name":"ModelAdvance", "ph":"B", "ts":"1545951179", "pid":"1", "tid":"mom"},
{"name":"ModelAdvance", "ph":"E", "ts":"1551224124", "pid":"1", "tid":"mom"},
{"name":"ModelSetRunClock", "ph":"B", "ts":"1553437391", "pid":"1", "tid":"mom"},
{"name":"ModelSetRunClock", "ph":"E", "ts":"1553437438", "pid":"1", "tid":"mom"},
{"name":"ModelAdvance", "ph":"B", "ts":"1553437590", "pid":"1", "tid":"mom"},
{"name":"ModelAdvance", "ph":"E", "ts":"1558631931", "pid":"1", "tid":"mom"},
{"name":"ModelSetRunClock", "ph":"B", "ts":"1561482301", "pid":"1", "tid":"mom"},
{"name":"ModelSetRunClock", "ph":"E", "ts":"1561482371", "pid":"1", "tid":"mom"},
{"name":"ModelAdvance", "ph":"B", "ts":"1561482618", "pid":"1", "tid":"mom"},
{"name":"ModelAdvance", "ph":"E", "ts":"1566671188", "pid":"1", "tid":"mom"},
{"name":"ModelSetRunClock", "ph":"B", "ts":"1568603031", "pid":"1", "tid":"mom"},
{"name":"ModelSetRunClock", "ph":"E", "ts":"1568603082", "pid":"1", "tid":"mom"},
{"name":"ModelAdvance", "ph":"B", "ts":"1568603236", "pid":"1", "tid":"mom"},
{"name":"ModelAdvance", "ph":"E", "ts":"1574020164", "pid":"1", "tid":"mom"},
{"name":"ModelSetRunClock", "ph":"B", "ts":"1576643831", "pid":"1", "tid":"mom"},
{"name":"ModelSetRunClock", "ph":"E", "ts":"1576643898", "pid":"1", "tid":"mom"},
{"name":"ModelAdvance", "ph":"B", "ts":"1576644087", "pid":"1", "tid":"mom"},
{"name":"ModelAdvance", "ph":"E", "ts":"1581812604", "pid":"1", "tid":"mom"},
{"name":"ModelSetRunClock", "ph":"B", "ts":"1583905321", "pid":"1", "tid":"mom"},
{"name":"ModelSetRunClock", "ph":"E", "ts":"1583905366", "pid":"1", "tid":"mom"},
{"name":"ModelAdvance", "ph":"B", "ts":"1583905512", "pid":"1", "tid":"mom"},
{"name":"ModelAdvance", "ph":"E", "ts":"1589470142", "pid":"1", "tid":"mom"},
{"name":"ModelSetRunClock", "ph":"B", "ts":"1592107805", "pid":"1", "tid":"mom"},
{"name":"ModelSetRunClock", "ph":"E", "ts":"1592107857", "pid":"1", "tid":"mom"},
{"name":"ModelAdvance", "ph":"B", "ts":"1592108011", "pid":"1", "tid":"mom"},
{"name":"ModelAdvance", "ph":"E", "ts":"1597346059", "pid":"1", "tid":"mom"},
{"name":"ModelSetRunClock", "ph":"B", "ts":"1599665640", "pid":"1", "tid":"mom"},
{"name":"ModelSetRunClock", "ph":"E", "ts":"1599665701", "pid":"1", "tid":"mom"},
{"name":"ModelAdvance", "ph":"B", "ts":"1599665861", "pid":"1", "tid":"mom"},
{"name":"ModelAdvance", "ph":"E", "ts":"1605036754", "pid":"1", "tid":"mom"},
{"name":"ModelSetRunClock", "ph":"B", "ts":"1607616565", "pid":"1", "tid":"mom"},
{"name":"ModelSetRunClock", "ph":"E", "ts":"1607616625", "pid":"1", "tid":"mom"},
{"name":"ModelAdvance", "ph":"B", "ts":"1607616788", "pid":"1", "tid":"mom"},
{"name":"ModelAdvance", "ph":"E", "ts":"1612823422", "pid":"1", "tid":"mom"},
{"name":"ModelSetRunClock", "ph":"B", "ts":"1615435275", "pid":"1", "tid":"mom"},
{"name":"ModelSetRunClock", "ph":"E", "ts":"1615435333", "pid":"1", "tid":"mom"},
{"name":"ModelAdvance", "ph":"B", "ts":"1615435493", "pid":"1", "tid":"mom"},
{"name":"ModelAdvance", "ph":"E", "ts":"1620676024", "pid":"1", "tid":"mom"},
{"name":"ModelSetRunClock", "ph":"B", "ts":"1623314990", "pid":"1", "tid":"mom"},
{"name":"ModelSetRunClock", "ph":"E", "ts":"1623315043", "pid":"1", "tid":"mom"},
{"name":"ModelAdvance", "ph":"B", "ts":"1623315210", "pid":"1", "tid":"mom"},
{"name":"ModelAdvance", "ph":"E", "ts":"1628577054", "pid":"1", "tid":"mom"},
{"name":"ModelSetRunClock", "ph":"B", "ts":"1631193969", "pid":"1", "tid":"mom"},
{"name":"ModelSetRunClock", "ph":"E", "ts":"1631194027", "pid":"1", "tid":"mom"},
{"name":"ModelAdvance", "ph":"B", "ts":"1631194197", "pid":"1", "tid":"mom"},
{"name":"ModelAdvance", "ph":"E", "ts":"1636438457", "pid":"1", "tid":"mom"},
{"name":"ModelSetRunClock", "ph":"B", "ts":"1639082735", "pid":"1", "tid":"mom"},
{"name":"ModelSetRunClock", "ph":"E", "ts":"1639082802", "pid":"1", "tid":"mom"},
{"name":"ModelAdvance", "ph":"B", "ts":"1639082965", "pid":"1", "tid":"mom"},
{"name":"ModelAdvance", "ph":"E", "ts":"1644414663", "pid":"1", "tid":"mom"},
{"name":"ModelSetRunClock", "ph":"B", "ts":"1646975078", "pid":"1", "tid":"mom"},
{"name":"ModelSetRunClock", "ph":"E", "ts":"1646975125", "pid":"1", "tid":"mom"},
{"name":"ModelAdvance", "ph":"B", "ts":"1646975281", "pid":"1", "tid":"mom"},
{"name":"ModelAdvance", "ph":"E", "ts":"1652230561", "pid":"1", "tid":"mom"},
{"name":"ModelSetRunClock", "ph":"B", "ts":"1654785866", "pid":"1", "tid":"mom"},
{"name":"ModelSetRunClock", "ph":"E", "ts":"1654785926", "pid":"1", "tid":"mom"},
{"name":"ModelAdvance", "ph":"B", "ts":"1654786090", "pid":"1", "tid":"mom"},
{"name":"ModelAdvance", "ph":"E", "ts":"1660065709", "pid":"1", "tid":"mom"},
{"name":"ModelSetRunClock", "ph":"B", "ts":"1662517756", "pid":"1", "tid":"mom"},
{"name":"ModelSetRunClock", "ph":"E", "ts":"1662517810", "pid":"1", "tid":"mom"},
{"name":"ModelAdvance", "ph":"B", "ts":"1662517970", "pid":"1", "tid":"mom"},
{"name":"ModelAdvance", "ph":"E", "ts":"1667751488", "pid":"1", "tid":"mom"},
{"name":"ModelSetRunClock", "ph":"B", "ts":"1670613484", "pid":"1", "tid":"mom"},
{"name":"ModelSetRunClock", "ph":"E", "ts":"1670613547", "pid":"1", "tid":"mom"},
{"name":"ModelAdvance", "ph":"B", "ts":"1670613718", "pid":"1", "tid":"mom"},
{"name":"ModelAdvance", "ph":"E", "ts":"1675799104", "pid":"1", "tid":"mom"},
{"name":"ModelSetRunClock", "ph":"B", "ts":"1678294893", "pid":"1", "tid":"mom"},
{"name":"ModelSetRunClock", "ph":"E", "ts":"1678294959", "pid":"1", "tid":"mom"},
{"name":"ModelAdvance", "ph":"B", "ts":"1678295164", "pid":"1", "tid":"mom"},
{"name":"ModelAdvance", "ph":"E", "ts":"1683489713", "pid":"1", "tid":"mom"},
{"name":"ModelSetRunClock", "ph":"B", "ts":"1686382919", "pid":"1", "tid":"mom"},
{"name":"ModelSetRunClock", "ph":"E", "ts":"1686382974", "pid":"1", "tid":"mom"},
{"name":"ModelAdvance", "ph":"B", "ts":"1686383131", "pid":"1", "tid":"mom"},
{"name":"ModelAdvance", "ph":"E", "ts":"1691637537", "pid":"1", "tid":"mom"},
{"name":"ModelSetRunClock", "ph":"B", "ts":"1693869224", "pid":"1", "tid":"mom"},
{"name":"ModelSetRunClock", "ph":"E", "ts":"1693869282", "pid":"1", "tid":"mom"},
{"name":"ModelAdvance", "ph":"B", "ts":"1693869455", "pid":"1", "tid":"mom"},
{"name":"ModelAdvance", "ph":"E", "ts":"1699034031", "pid":"1", "tid":"mom"},
{"name":"ModelSetRunClock", "ph":"B", "ts":"1712777390", "pid":"1", "tid":"mom"},
{"name":"ModelSetRunClock", "ph":"E", "ts":"1712777450", "pid":"1", "tid":"mom"},
{"name":"ModelAdvance", "ph":"B", "ts":"1712777606", "pid":"1", "tid":"mom"},
{"name":"ModelAdvance", "ph":"E", "ts":"1717947865", "pid":"1", "tid":"mom"},
{"name":"ModelSetRunClock", "ph":"B", "ts":"1720103971", "pid":"1", "tid":"mom"},
{"name":"ModelSetRunClock", "ph":"E", "ts":"1720104100", "pid":"1", "tid":"mom"},
{"name":"ModelAdvance", "ph":"B", "ts":"1720104251", "pid":"1", "tid":"mom"},
{"name":"ModelAdvance", "ph":"E", "ts":"1725250998", "pid":"1", "tid":"mom"},
{"name":"ModelSetRunClock", "ph":"B", "ts":"1727984275", "pid":"1", "tid":"mom"},
{"name":"ModelSetRunClock", "ph":"E", "ts":"1727984332", "pid":"1", "tid":"mom"},
{"name":"ModelAdvance", "ph":"B", "ts":"1727984509", "pid":"1", "tid":"mom"},
{"name":"ModelAdvance", "ph":"E", "ts":"1733149755", "pid":"1", "tid":"mom"},
{"name":"ModelSetRunClock", "ph":"B", "ts":"1735471938", "pid":"1", "tid":"mom"},
{"name":"ModelSetRunClock", "ph":"E", "ts":"1735471993", "pid":"1", "tid":"mom"},
{"name":"ModelAdvance", "ph":"B", "ts":"1735472149", "pid":"1", "tid":"mom"},
{"name":"ModelAdvance", "ph":"E", "ts":"1740668357", "pid":"1", "tid":"mom"},
{"name":"ModelSetRunClock", "ph":"B", "ts":"1743322142", "pid":"1", "tid":"mom"},
{"name":"ModelSetRunClock", "ph":"E", "ts":"1743322227", "pid":"1", "tid":"mom"},
{"name":"ModelAdvance", "ph":"B", "ts":"1743322396", "pid":"1", "tid":"mom"},
{"name":"ModelAdvance", "ph":"E", "ts":"1748585829", "pid":"1", "tid":"mom"},
{"name":"ModelSetRunClock", "ph":"B", "ts":"1751032832", "pid":"1", "tid":"mom"},
{"name":"ModelSetRunClock", "ph":"E", "ts":"1751032940", "pid":"1", "tid":"mom"},
{"name":"ModelAdvance", "ph":"B", "ts":"1751033087", "pid":"1", "tid":"mom"},
{"name":"ModelAdvance", "ph":"E", "ts":"1756245130", "pid":"1", "tid":"mom"},
{"name":"ModelSetRunClock", "ph":"B", "ts":"1759135429", "pid":"1", "tid":"mom"},
{"name":"ModelSetRunClock", "ph":"E", "ts":"1759135490", "pid":"1", "tid":"mom"},
{"name":"ModelAdvance", "ph":"B", "ts":"1759135652", "pid":"1", "tid":"mom"},
{"name":"ModelAdvance", "ph":"E", "ts":"1764332419", "pid":"1", "tid":"mom"},
{"name":"ModelSetRunClock", "ph":"B", "ts":"1766885924", "pid":"1", "tid":"mom"},
{"name":"ModelSetRunClock", "ph":"E", "ts":"1766885968", "pid":"1", "tid":"mom"},
{"name":"ModelAdvance", "ph":"B", "ts":"1766886116", "pid":"1", "tid":"mom"},
{"name":"ModelAdvance", "ph":"E", "ts":"1772091674", "pid":"1", "tid":"mom"},
{"name":"ModelSetRunClock", "ph":"B", "ts":"1774703485", "pid":"1", "tid":"mom"},
{"name":"ModelSetRunClock", "ph":"E", "ts":"1774703571", "pid":"1", "tid":"mom"},
{"name":"ModelAdvance", "ph":"B", "ts":"1774703782", "pid":"1", "tid":"mom"},
{"name":"ModelAdvance", "ph":"E", "ts":"1779927003", "pid":"1", "tid":"mom"},
{"name":"ModelSetRunClock", "ph":"B", "ts":"1782403577", "pid":"1", "tid":"mom"},
{"name":"ModelSetRunClock", "ph":"E", "ts":"1782403715", "pid":"1", "tid":"mom"},
{"name":"ModelAdvance", "ph":"B", "ts":"1782403862", "pid":"1", "tid":"mom"},
{"name":"ModelAdvance", "ph":"E", "ts":"1787634169", "pid":"1", "tid":"mom"},
{"name":"ModelSetRunClock", "ph":"B", "ts":"1790374494", "pid":"1", "tid":"mom"},
{"name":"ModelSetRunClock", "ph":"E", "ts":"1790374561", "pid":"1", "tid":"mom"},
{"name":"ModelAdvance", "ph":"B", "ts":"1790374735", "pid":"1", "tid":"mom"},
{"name":"ModelAdvance", "ph":"E", "ts":"1795653172", "pid":"1", "tid":"mom"},
{"name":"ModelSetRunClock", "ph":"B", "ts":"1797897127", "pid":"1", "tid":"mom"},
{"name":"ModelSetRunClock", "ph":"E", "ts":"1797897169", "pid":"1", "tid":"mom"},
{"name":"ModelAdvance", "ph":"B", "ts":"1797897325", "pid":"1", "tid":"mom"},
{"name":"ModelAdvance", "ph":"E", "ts":"1803130767", "pid":"1", "tid":"mom"},
{"name":"ModelSetRunClock", "ph":"B", "ts":"1805854897", "pid":"1", "tid":"mom"},
{"name":"ModelSetRunClock", "ph":"E", "ts":"1805854973", "pid":"1", "tid":"mom"},
{"name":"ModelAdvance", "ph":"B", "ts":"1805855157", "pid":"1", "tid":"mom"},
{"name":"ModelAdvance", "ph":"E", "ts":"1811048972", "pid":"1", "tid":"mom"},
{"name":"ModelSetRunClock", "ph":"B", "ts":"1813276943", "pid":"1", "tid":"mom"},
{"name":"ModelSetRunClock", "ph":"E", "ts":"1813277100", "pid":"1", "tid":"mom"},
{"name":"ModelAdvance", "ph":"B", "ts":"1813277257", "pid":"1", "tid":"mom"},
{"name":"ModelAdvance", "ph":"E", "ts":"1818472798", "pid":"1", "tid":"mom"},
{"name":"ModelSetRunClock", "ph":"B", "ts":"1821247043", "pid":"1", "tid":"mom"},
{"name":"ModelSetRunClock", "ph":"E", "ts":"1821247109", "pid":"1", "tid":"mom"},
{"name":"ModelAdvance", "ph":"B", "ts":"1821247301", "pid":"1", "tid":"mom"},
{"name":"ModelAdvance", "ph":"E", "ts":"1826418591", "pid":"1", "tid":"mom"},
{"name":"ModelSetRunClock", "ph":"B", "ts":"1828555147", "pid":"1", "tid":"mom"},
{"name":"ModelSetRunClock", "ph":"E", "ts":"1828555200", "pid":"1", "tid":"mom"},
{"name":"ModelAdvance", "ph":"B", "ts":"1828555379", "pid":"1", "tid":"mom"},
{"name":"ModelAdvance", "ph":"E", "ts":"1833797764", "pid":"1", "tid":"mom"},
{"name":"ModelSetRunClock", "ph":"B", "ts":"1836439560", "pid":"1", "tid":"mom"},
{"name":"ModelSetRunClock", "ph":"E", "ts":"1836439628", "pid":"1", "tid":"mom"},
{"name":"ModelAdvance", "ph":"B", "ts":"1836439808", "pid":"1", "tid":"mom"},
{"name":"ModelAdvance", "ph":"E", "ts":"1841667631", "pid":"1", "tid":"mom"},
{"name":"ModelSetRunClock", "ph":"B", "ts":"1843735336", "pid":"1", "tid":"mom"},
{"name":"ModelSetRunClock", "ph":"E", "ts":"1843735481", "pid":"1", "tid":"mom"},
{"name":"ModelAdvance", "ph":"B", "ts":"1843735635", "pid":"1", "tid":"mom"},
{"name":"ModelAdvance", "ph":"E", "ts":"1848897083", "pid":"1", "tid":"mom"},
{"name":"ModelSetRunClock", "ph":"B", "ts":"1851593624", "pid":"1", "tid":"mom"},
{"name":"ModelSetRunClock", "ph":"E", "ts":"1851593720", "pid":"1", "tid":"mom"},
{"name":"ModelAdvance", "ph":"B", "ts":"1851594108", "pid":"1", "tid":"mom"},
{"name":"ModelAdvance", "ph":"E", "ts":"1856750729", "pid":"1", "tid":"mom"},
{"name":"ModelSetRunClock", "ph":"B", "ts":"1858808394", "pid":"1", "tid":"mom"},
{"name":"ModelSetRunClock", "ph":"E", "ts":"1858808443", "pid":"1", "tid":"mom"},
{"name":"ModelAdvance", "ph":"B", "ts":"1858808598", "pid":"1", "tid":"mom"},
{"name":"ModelAdvance", "ph":"E", "ts":"1864000782", "pid":"1", "tid":"mom"},
{"name":"ModelSetRunClock", "ph":"B", "ts":"1867071070", "pid":"1", "tid":"mom"},
{"name":"ModelSetRunClock", "ph":"E", "ts":"1867071124", "pid":"1", "tid":"mom"},
{"name":"ModelAdvance", "ph":"B", "ts":"1867071284", "pid":"1", "tid":"mom"},
{"name":"ModelAdvance", "ph":"E", "ts":"1872217843", "pid":"1", "tid":"mom"},
{"name":"ModelSetRunClock", "ph":"B", "ts":"1874278780", "pid":"1", "tid":"mom"},
{"name":"ModelSetRunClock", "ph":"E", "ts":"1874278975", "pid":"1", "tid":"mom"},
{"name":"ModelAdvance", "ph":"B", "ts":"1874279151", "pid":"1", "tid":"mom"},
{"name":"ModelAdvance", "ph":"E", "ts":"1879422420", "pid":"1", "tid":"mom"},
{"name":"ModelSetRunClock", "ph":"B", "ts":"1882185536", "pid":"1", "tid":"mom"},
{"name":"ModelSetRunClock", "ph":"E", "ts":"1882185625", "pid":"1", "tid":"mom"},
{"name":"ModelAdvance", "ph":"B", "ts":"1882185829", "pid":"1", "tid":"mom"},
{"name":"ModelAdvance", "ph":"E", "ts":"1887420590", "pid":"1", "tid":"mom"},
{"name":"ModelSetRunClock", "ph":"B", "ts":"1889412106", "pid":"1", "tid":"mom"},
{"name":"ModelSetRunClock", "ph":"E", "ts":"1889412165", "pid":"1", "tid":"mom"},
{"name":"ModelAdvance", "ph":"B", "ts":"1889412319", "pid":"1", "tid":"mom"},
{"name":"ModelAdvance", "ph":"E", "ts":"1894577592", "pid":"1", "tid":"mom"},
{"name":"ModelSetRunClock", "ph":"B", "ts":"1897365035", "pid":"1", "tid":"mom"},
{"name":"ModelSetRunClock", "ph":"E", "ts":"1897365092", "pid":"1", "tid":"mom"},
{"name":"ModelAdvance", "ph":"B", "ts":"1897365256", "pid":"1", "tid":"mom"},
{"name":"ModelAdvance", "ph":"E", "ts":"1902551758", "pid":"1", "tid":"mom"},
{"name":"ModelSetRunClock", "ph":"B", "ts":"1904559243", "pid":"1", "tid":"mom"},
{"name":"ModelSetRunClock", "ph":"E", "ts":"1904559416", "pid":"1", "tid":"mom"},
{"name":"ModelAdvance", "ph":"B", "ts":"1904559584", "pid":"1", "tid":"mom"},
{"name":"ModelAdvance", "ph":"E", "ts":"1909740061", "pid":"1", "tid":"mom"},
{"name":"ModelSetRunClock", "ph":"B", "ts":"1912499263", "pid":"1", "tid":"mom"},
{"name":"ModelSetRunClock", "ph":"E", "ts":"1912499311", "pid":"1", "tid":"mom"},
{"name":"ModelAdvance", "ph":"B", "ts":"1912499462", "pid":"1", "tid":"mom"},
{"name":"ModelAdvance", "ph":"E", "ts":"1917690281", "pid":"1", "tid":"mom"},
{"name":"ModelSetRunClock", "ph":"B", "ts":"1919686434", "pid":"1", "tid":"mom"},
{"name":"ModelSetRunClock", "ph":"E", "ts":"1919686490", "pid":"1", "tid":"mom"},
{"name":"ModelAdvance", "ph":"B", "ts":"1919686649", "pid":"1", "tid":"mom"},
{"name":"ModelAdvance", "ph":"E", "ts":"1924886114", "pid":"1", "tid":"mom"},
{"name":"ModelSetRunClock", "ph":"B", "ts":"1927550714", "pid":"1", "tid":"mom"},
{"name":"ModelSetRunClock", "ph":"E", "ts":"1927550765", "pid":"1", "tid":"mom"},
{"name":"ModelAdvance", "ph":"B", "ts":"1927550918", "pid":"1", "tid":"mom"},
{"name":"ModelAdvance", "ph":"E", "ts":"1932815011", "pid":"1", "tid":"mom"},
{"name":"ModelSetRunClock", "ph":"B", "ts":"1934719899", "pid":"1", "tid":"mom"},
{"name":"ModelSetRunClock", "ph":"E", "ts":"1934720073", "pid":"1", "tid":"mom"},
{"name":"ModelAdvance", "ph":"B", "ts":"1934720250", "pid":"1", "tid":"mom"},
{"name":"ModelAdvance", "ph":"E", "ts":"1939889632", "pid":"1", "tid":"mom"},
{"name":"ModelSetRunClock", "ph":"B", "ts":"1942529057", "pid":"1", "tid":"mom"},
{"name":"ModelSetRunClock", "ph":"E", "ts":"1942529115", "pid":"1", "tid":"mom"},
{"name":"ModelAdvance", "ph":"B", "ts":"1942529275", "pid":"1", "tid":"mom"},
{"name":"ModelAdvance", "ph":"E", "ts":"1947704455", "pid":"1", "tid":"mom"},
{"name":"ModelSetRunClock", "ph":"B", "ts":"1949679148", "pid":"1", "tid":"mom"},
{"name":"ModelSetRunClock", "ph":"E", "ts":"1949679218", "pid":"1", "tid":"mom"},
{"name":"ModelAdvance", "ph":"B", "ts":"1949679513", "pid":"1", "tid":"mom"},
{"name":"ModelAdvance", "ph":"E", "ts":"1954863008", "pid":"1", "tid":"mom"},
{"name":"ModelSetRunClock", "ph":"B", "ts":"1957469311", "pid":"1", "tid":"mom"},
{"name":"ModelSetRunClock", "ph":"E", "ts":"1957469360", "pid":"1", "tid":"mom"},
{"name":"ModelAdvance", "ph":"B", "ts":"1957469511", "pid":"1", "tid":"mom"},
{"name":"ModelAdvance", "ph":"E", "ts":"1962654984", "pid":"1", "tid":"mom"},
{"name":"ModelSetRunClock", "ph":"B", "ts":"1964678831", "pid":"1", "tid":"mom"},
{"name":"ModelSetRunClock", "ph":"E", "ts":"1964678887", "pid":"1", "tid":"mom"},
{"name":"ModelAdvance", "ph":"B", "ts":"1964679053", "pid":"1", "tid":"mom"},
{"name":"ModelAdvance", "ph":"E", "ts":"1969837884", "pid":"1", "tid":"mom"},
{"name":"ModelSetRunClock", "ph":"B", "ts":"1972505849", "pid":"1", "tid":"mom"},
{"name":"ModelSetRunClock", "ph":"E", "ts":"1972505902", "pid":"1", "tid":"mom"},
{"name":"ModelAdvance", "ph":"B", "ts":"1972506052", "pid":"1", "tid":"mom"},
{"name":"ModelAdvance", "ph":"E", "ts":"1977732924", "pid":"1", "tid":"mom"},
{"name":"ModelSetRunClock", "ph":"B", "ts":"1979698418", "pid":"1", "tid":"mom"},
{"name":"ModelSetRunClock", "ph":"E", "ts":"1979698489", "pid":"1", "tid":"mom"},
{"name":"ModelAdvance", "ph":"B", "ts":"1979698663", "pid":"1", "tid":"mom"},
{"name":"ModelAdvance", "ph":"E", "ts":"1984842607", "pid":"1", "tid":"mom"},
{"name":"ModelSetRunClock", "ph":"B", "ts":"1987423678", "pid":"1", "tid":"mom"},
{"name":"ModelSetRunClock", "ph":"E", "ts":"1987423733", "pid":"1", "tid":"mom"},
{"name":"ModelAdvance", "ph":"B", "ts":"1987423890", "pid":"1", "tid":"mom"},
{"name":"ModelAdvance", "ph":"E", "ts":"1992576203", "pid":"1", "tid":"mom"},
{"name":"ModelSetRunClock", "ph":"B", "ts":"1994522360", "pid":"1", "tid":"mom"},
{"name":"ModelSetRunClock", "ph":"E", "ts":"1994522417", "pid":"1", "tid":"mom"},
{"name":"ModelAdvance", "ph":"B", "ts":"1994522576", "pid":"1", "tid":"mom"},
{"name":"ModelAdvance", "ph":"E", "ts":"1999699934", "pid":"1", "tid":"mom"},
{"name":"ModelSetRunClock", "ph":"B", "ts":"2002226613", "pid":"1", "tid":"mom"},
{"name":"ModelSetRunClock", "ph":"E", "ts":"2002226679", "pid":"1", "tid":"mom"},
{"name":"ModelAdvance", "ph":"B", "ts":"2002226860", "pid":"1", "tid":"mom"},
{"name":"ModelAdvance", "ph":"E", "ts":"2007415277", "pid":"1", "tid":"mom"},
{"name":"ModelSetRunClock", "ph":"B", "ts":"2009257432", "pid":"1", "tid":"mom"},
{"name":"ModelSetRunClock", "ph":"E", "ts":"2009257490", "pid":"1", "tid":"mom"},
{"name":"ModelAdvance", "ph":"B", "ts":"2009257643", "pid":"1", "tid":"mom"},
{"name":"ModelAdvance", "ph":"E", "ts":"2014447471", "pid":"1", "tid":"mom"},
{"name":"ModelSetRunClock", "ph":"B", "ts":"2016885233", "pid":"1", "tid":"mom"},
{"name":"ModelSetRunClock", "ph":"E", "ts":"2016885284", "pid":"1", "tid":"mom"},
{"name":"ModelAdvance", "ph":"B", "ts":"2016885443", "pid":"1", "tid":"mom"},
{"name":"ModelAdvance", "ph":"E", "ts":"2022138801", "pid":"1", "tid":"mom"},
{"name":"ModelSetRunClock", "ph":"B", "ts":"2023952680", "pid":"1", "tid":"mom"},
{"name":"ModelSetRunClock", "ph":"E", "ts":"2023952746", "pid":"1", "tid":"mom"},
{"name":"ModelAdvance", "ph":"B", "ts":"2023952929", "pid":"1", "tid":"mom"},
{"name":"ModelAdvance", "ph":"E", "ts":"2029121662", "pid":"1", "tid":"mom"},
{"name":"ModelSetRunClock", "ph":"B", "ts":"2031619459", "pid":"1", "tid":"mom"},
{"name":"ModelSetRunClock", "ph":"E", "ts":"2031619564", "pid":"1", "tid":"mom"},
{"name":"ModelAdvance", "ph":"B", "ts":"2031619774", "pid":"1", "tid":"mom"},
{"name":"ModelAdvance", "ph":"E", "ts":"2036779398", "pid":"1", "tid":"mom"},
{"name":"ModelSetRunClock", "ph":"B", "ts":"2038656227", "pid":"1", "tid":"mom"},
{"name":"ModelSetRunClock", "ph":"E", "ts":"2038656300", "pid":"1", "tid":"mom"},
{"name":"ModelAdvance", "ph":"B", "ts":"2038656483", "pid":"1", "tid":"mom"},
{"name":"ModelAdvance", "ph":"E", "ts":"2043827500", "pid":"1", "tid":"mom"},
{"name":"ModelSetRunClock", "ph":"B", "ts":"2046331068", "pid":"1", "tid":"mom"},
{"name":"ModelSetRunClock", "ph":"E", "ts":"2046331373", "pid":"1", "tid":"mom"},
{"name":"ModelAdvance", "ph":"B", "ts":"2046331543", "pid":"1", "tid":"mom"},
{"name":"ModelAdvance", "ph":"E", "ts":"2051494165", "pid":"1", "tid":"mom"},
{"name":"ModelSetRunClock", "ph":"B", "ts":"2053403158", "pid":"1", "tid":"mom"},
{"name":"ModelSetRunClock", "ph":"E", "ts":"2053403228", "pid":"1", "tid":"mom"},
{"name":"ModelAdvance", "ph":"B", "ts":"2053403419", "pid":"1", "tid":"mom"},
{"name":"ModelAdvance", "ph":"E", "ts":"2058570444", "pid":"1", "tid":"mom"},
{"name":"ModelSetRunClock", "ph":"B", "ts":"2061167571", "pid":"1", "tid":"mom"},
{"name":"ModelSetRunClock", "ph":"E", "ts":"2061167626", "pid":"1", "tid":"mom"},
{"name":"ModelAdvance", "ph":"B", "ts":"2061167786", "pid":"1", "tid":"mom"},
{"name":"ModelAdvance", "ph":"E", "ts":"2066396356", "pid":"1", "tid":"mom"},
{"name":"ModelFinalize", "ph":"B", "ts":"2066402452", "pid":"1", "tid":"mom"},
{"name":"ModelFinalize", "ph":"E", "ts":"2066506398", "pid":"1", "tid":"mom"},
