{"name":"SetServices", "ph":"B", "ts":"1985334332", "pid":"1", "tid":"wave"},
{"name":"SetServices", "ph":"E", "ts":"1985336933", "pid":"1", "tid":"wave"},
{"name":"InitializeP0", "ph":"B", "ts":"1985340841", "pid":"1", "tid":"wave"},
{"name":"InitializeP0", "ph":"E", "ts":"1985340923", "pid":"1", "tid":"wave"},
{"name":"InitializeAdvertise", "ph":"B", "ts":"2012512696", "pid":"1", "tid":"wave"},
{"name":"InitializeAdvertise", "ph":"E", "ts":"2122814602", "pid":"1", "tid":"wave"},
{"name":"InitializeRealize", "ph":"B", "ts":"2205759995", "pid":"1", "tid":"wave"},
{"name":"InitializeRealize", "ph":"E", "ts":"2220106917", "pid":"1", "tid":"wave"},
{"name":"DataInitialize", "ph":"B", "ts":"2247431944", "pid":"1", "tid":"wave"},
{"name":"DataInitialize", "ph":"E", "ts":"2247435885", "pid":"1", "tid":"wave"},
{"name":"ModelSetRunClock", "ph":"B", "ts":"2298143325", "pid":"1", "tid":"wave"},
{"name":"ModelSetRunClock", "ph":"E", "ts":"2298155389", "pid":"1", "tid":"wave"},
{"name":"ModelAdvance", "ph":"B", "ts":"2298155482", "pid":"1", "tid":"wave"},
{"name":"ModelAdvance", "ph":"E", "ts":"2308880938", "pid":"1", "tid":"wave"},
{"name":"ModelSetRunClock", "ph":"B", "ts":"2309925132", "pid":"1", "tid":"wave"},
{"name":"ModelSetRunClock", "ph":"E", "ts":"2309925163", "pid":"1", "tid":"wave"},
{"name":"ModelAdvance", "ph":"B", "ts":"2309925238", "pid":"1", "tid":"wave"},
{"name":"ModelAdvance", "ph":"E", "ts":"2315876318", "pid":"1", "tid":"wave"},
{"name":"ModelSetRunClock", "ph":"B", "ts":"2317230959", "pid":"1", "tid":"wave"},
{"name":"ModelSetRunClock", "ph":"E", "ts":"2317230994", "pid":"1", "tid":"wave"},
{"name":"ModelAdvance", "ph":"B", "ts":"2317231077", "pid":"1", "tid":"wave"},
{"name":"ModelAdvance", "ph":"E", "ts":"2323062082", "pid":"1", "tid":"wave"},
{"name":"ModelSetRunClock", "ph":"B", "ts":"2325190865", "pid":"1", "tid":"wave"},
{"name":"ModelSetRunClock", "ph":"E", "ts":"2325190902", "pid":"1", "tid":"wave"},
{"name":"ModelAdvance", "ph":"B", "ts":"2325190986", "pid":"1", "tid":"wave"},
{"name":"ModelAdvance", "ph":"E", "ts":"2331004716", "pid":"1", "tid":"wave"},
{"name":"ModelSetRunClock", "ph":"B", "ts":"2332448242", "pid":"1", "tid":"wave"},
{"name":"ModelSetRunClock", "ph":"E", "ts":"2332448322", "pid":"1", "tid":"wave"},
{"name":"ModelAdvance", "ph":"B", "ts":"2332448420", "pid":"1", "tid":"wave"},
{"name":"ModelAdvance", "ph":"E", "ts":"2338451677", "pid":"1", "tid":"wave"},
{"name":"ModelSetRunClock", "ph":"B", "ts":"2340478291", "pid":"1", "tid":"wave"},
{"name":"ModelSetRunClock", "ph":"E", "ts":"2340478469", "pid":"1", "tid":"wave"},
{"name":"ModelAdvance", "ph":"B", "ts":"2340478590", "pid":"1", "tid":"wave"},
{"name":"ModelAdvance", "ph":"E", "ts":"2346604026", "pid":"1", "tid":"wave"},
{"name":"ModelSetRunClock", "ph":"B", "ts":"2364821014", "pid":"1", "tid":"wave"},
{"name":"ModelSetRunClock", "ph":"E", "ts":"2364821065", "pid":"1", "tid":"wave"},
{"name":"ModelAdvance", "ph":"B", "ts":"2364821159", "pid":"1", "tid":"wave"},
{"name":"ModelAdvance", "ph":"E", "ts":"2370632503", "pid":"1", "tid":"wave"},
{"name":"ModelSetRunClock", "ph":"B", "ts":"2372838608", "pid":"1", "tid":"wave"},
{"name":"ModelSetRunClock", "ph":"E", "ts":"2372838645", "pid":"1", "tid":"wave"},
{"name":"ModelAdvance", "ph":"B", "ts":"2372838751", "pid":"1", "tid":"wave"},
{"name":"ModelAdvance", "ph":"E", "ts":"2378639754", "pid":"1", "tid":"wave"},
{"name":"ModelSetRunClock", "ph":"B", "ts":"2380175225", "pid":"1", "tid":"wave"},
{"name":"ModelSetRunClock", "ph":"E", "ts":"2380175271", "pid":"1", "tid":"wave"},
{"name":"ModelAdvance", "ph":"B", "ts":"2380175372", "pid":"1", "tid":"wave"},
{"name":"ModelAdvance", "ph":"E", "ts":"2386217746", "pid":"1", "tid":"wave"},
{"name":"ModelSetRunClock", "ph":"B", "ts":"2388233720", "pid":"1", "tid":"wave"},
{"name":"ModelSetRunClock", "ph":"E", "ts":"2388233756", "pid":"1", "tid":"wave"},
{"name":"ModelAdvance", "ph":"B", "ts":"2388233850", "pid":"1", "tid":"wave"},
{"name":"ModelAdvance", "ph":"E", "ts":"2393983268", "pid":"1", "tid":"wave"},
{"name":"ModelSetRunClock", "ph":"B", "ts":"2395625949", "pid":"1", "tid":"wave"},
{"name":"ModelSetRunClock", "ph":"E", "ts":"2395626165", "pid":"1", "tid":"wave"},
{"name":"ModelAdvance", "ph":"B", "ts":"2395626293", "pid":"1", "tid":"wave"},
{"name":"ModelAdvance", "ph":"E", "ts":"2401337917", "pid":"1", "tid":"wave"},
{"name":"ModelSetRunClock", "ph":"B", "ts":"2403709765", "pid":"1", "tid":"wave"},
{"name":"ModelSetRunClock", "ph":"E", "ts":"2403709814", "pid":"1", "tid":"wave"},
{"name":"ModelAdvance", "ph":"B", "ts":"2403709902", "pid":"1", "tid":"wave"},
{"name":"ModelAdvance", "ph":"E", "ts":"2409341773", "pid":"1", "tid":"wave"},
{"name":"ModelSetRunClock", "ph":"B", "ts":"2411163479", "pid":"1", "tid":"wave"},
{"name":"ModelSetRunClock", "ph":"E", "ts":"2411163532", "pid":"1", "tid":"wave"},
{"name":"ModelAdvance", "ph":"B", "ts":"2411163632", "pid":"1", "tid":"wave"},
{"name":"ModelAdvance", "ph":"E", "ts":"2416793398", "pid":"1", "tid":"wave"},
{"name":"ModelSetRunClock", "ph":"B", "ts":"2419194876", "pid":"1", "tid":"wave"},
{"name":"ModelSetRunClock", "ph":"E", "ts":"2419194936", "pid":"1", "tid":"wave"},
{"name":"ModelAdvance", "ph":"B", "ts":"2419195024", "pid":"1", "tid":"wave"},
{"name":"ModelAdvance", "ph":"E", "ts":"2424810816", "pid":"1", "tid":"wave"},
{"name":"ModelSetRunClock", "ph":"B", "ts":"2426506745", "pid":"1", "tid":"wave"},
{"name":"ModelSetRunClock", "ph":"E", "ts":"2426506787", "pid":"1", "tid":"wave"},
{"name":"ModelAdvance", "ph":"B", "ts":"2426506864", "pid":"1", "tid":"wave"},
{"name":"ModelAdvance", "ph":"E", "ts":"2432040681", "pid":"1", "tid":"wave"},
{"name":"ModelSetRunClock", "ph":"B", "ts":"2434691450", "pid":"1", "tid":"wave"},
{"name":"ModelSetRunClock", "ph":"E", "ts":"2434691508", "pid":"1", "tid":"wave"},
{"name":"ModelAdvance", "ph":"B", "ts":"2434691602", "pid":"1", "tid":"wave"},
{"name":"ModelAdvance", "ph":"E", "ts":"2440119050", "pid":"1", "tid":"wave"},
{"name":"ModelSetRunClock", "ph":"B", "ts":"2442520994", "pid":"1", "tid":"wave"},
{"name":"ModelSetRunClock", "ph":"E", "ts":"2442521086", "pid":"1", "tid":"wave"},
{"name":"ModelAdvance", "ph":"B", "ts":"2442521196", "pid":"1", "tid":"wave"},
{"name":"ModelAdvance", "ph":"E", "ts":"2447863052", "pid":"1", "tid":"wave"},
{"name":"ModelSetRunClock", "ph":"B", "ts":"2450935566", "pid":"1", "tid":"wave"},
{"name":"ModelSetRunClock", "ph":"E", "ts":"2450935612", "pid":"1", "tid":"wave"},
{"name":"ModelAdvance", "ph":"B", "ts":"2450935686", "pid":"1", "tid":"wave"},
{"name":"ModelAdvance", "ph":"E", "ts":"2456185059", "pid":"1", "tid":"wave"},
{"name":"ModelSetRunClock", "ph":"B", "ts":"2458835479", "pid":"1", "tid":"wave"},
{"name":"ModelSetRunClock", "ph":"E", "ts":"2458835524", "pid":"1", "tid":"wave"},
{"name":"ModelAdvance", "ph":"B", "ts":"2458835605", "pid":"1", "tid":"wave"},
{"name":"ModelAdvance", "ph":"E", "ts":"2464000971", "pid":"1", "tid":"wave"},
{"name":"ModelSetRunClock", "ph":"B", "ts":"2467234985", "pid":"1", "tid":"wave"},
{"name":"ModelSetRunClock", "ph":"E", "ts":"2467235033", "pid":"1", "tid":"wave"},
{"name":"ModelAdvance", "ph":"B", "ts":"2467235113", "pid":"1", "tid":"wave"},
{"name":"ModelAdvance", "ph":"E", "ts":"2472374479", "pid":"1", "tid":"wave"},
{"name":"ModelSetRunClock", "ph":"B", "ts":"2474939291", "pid":"1", "tid":"wave"},
{"name":"ModelSetRunClock", "ph":"E", "ts":"2474939343", "pid":"1", "tid":"wave"},
{"name":"ModelAdvance", "ph":"B", "ts":"2474939434", "pid":"1", "tid":"wave"},
{"name":"ModelAdvance", "ph":"E", "ts":"2480013583", "pid":"1", "tid":"wave"},
{"name":"ModelSetRunClock", "ph":"B", "ts":"2483699708", "pid":"1", "tid":"wave"},
{"name":"ModelSetRunClock", "ph":"E", "ts":"2483699808", "pid":"1", "tid":"wave"},
{"name":"ModelAdvance", "ph":"B", "ts":"2483699912", "pid":"1", "tid":"wave"},
{"name":"ModelAdvance", "ph":"E", "ts":"2488773492", "pid":"1", "tid":"wave"},
{"name":"ModelSetRunClock", "ph":"B", "ts":"2491876353", "pid":"1", "tid":"wave"},
{"name":"ModelSetRunClock", "ph":"E", "ts":"2491876408", "pid":"1", "tid":"wave"},
{"name":"ModelAdvance", "ph":"B", "ts":"2491876512", "pid":"1", "tid":"wave"},
{"name":"ModelAdvance", "ph":"E", "ts":"2498927493", "pid":"1", "tid":"wave"},
{"name":"ModelSetRunClock", "ph":"B", "ts":"2500223270", "pid":"1", "tid":"wave"},
{"name":"ModelSetRunClock", "ph":"E", "ts":"2500223323", "pid":"1", "tid":"wave"},
{"name":"ModelAdvance", "ph":"B", "ts":"2500223408", "pid":"1", "tid":"wave"},
{"name":"ModelAdvance", "ph":"E", "ts":"2505285180", "pid":"1", "tid":"wave"},
{"name":"ModelSetRunClock", "ph":"B", "ts":"2507844454", "pid":"1", "tid":"wave"},
{"name":"ModelSetRunClock", "ph":"E", "ts":"2507844495", "pid":"1", "tid":"wave"},
{"name":"ModelAdvance", "ph":"B", "ts":"2507844570", "pid":"1", "tid":"wave"},
{"name":"ModelAdvance", "ph":"E", "ts":"2512869566", "pid":"1", "tid":"wave"},
{"name":"ModelSetRunClock", "ph":"B", "ts":"2515808391", "pid":"1", "tid":"wave"},
{"name":"ModelSetRunClock", "ph":"E", "ts":"2515808445", "pid":"1", "tid":"wave"},
{"name":"ModelAdvance", "ph":"B", "ts":"2515808535", "pid":"1", "tid":"wave"},
{"name":"ModelAdvance", "ph":"E", "ts":"2520879976", "pid":"1", "tid":"wave"},
{"name":"ModelSetRunClock", "ph":"B", "ts":"2522974285", "pid":"1", "tid":"wave"},
{"name":"ModelSetRunClock", "ph":"E", "ts":"2522974338", "pid":"1", "tid":"wave"},
{"name":"ModelAdvance", "ph":"B", "ts":"2522974431", "pid":"1", "tid":"wave"},
{"name":"ModelAdvance", "ph":"E", "ts":"2528032119", "pid":"1", "tid":"wave"},
{"name":"ModelSetRunClock", "ph":"B", "ts":"2530751354", "pid":"1", "tid":"wave"},
{"name":"ModelSetRunClock", "ph":"E", "ts":"2530751428", "pid":"1", "tid":"wave"},
{"name":"ModelAdvance", "ph":"B", "ts":"2530751521", "pid":"1", "tid":"wave"},
{"name":"ModelAdvance", "ph":"E", "ts":"2535745220", "pid":"1", "tid":"wave"},
{"name":"ModelSetRunClock", "ph":"B", "ts":"2537877603", "pid":"1", "tid":"wave"},
{"name":"ModelSetRunClock", "ph":"E", "ts":"2537877666", "pid":"1", "tid":"wave"},
{"name":"ModelAdvance", "ph":"B", "ts":"2537877756", "pid":"1", "tid":"wave"},
{"name":"ModelAdvance", "ph":"E", "ts":"2542855745", "pid":"1", "tid":"wave"},
{"name":"ModelSetRunClock", "ph":"B", "ts":"2545655404", "pid":"1", "tid":"wave"},
{"name":"ModelSetRunClock", "ph":"E", "ts":"2545655461", "pid":"1", "tid":"wave"},
{"name":"ModelAdvance", "ph":"B", "ts":"2545655554", "pid":"1", "tid":"wave"},
{"name":"ModelAdvance", "ph":"E", "ts":"2550762646", "pid":"1", "tid":"wave"},
{"name":"ModelSetRunClock", "ph":"B", "ts":"2552919879", "pid":"1", "tid":"wave"},
{"name":"ModelSetRunClock", "ph":"E", "ts":"2552919936", "pid":"1", "tid":"wave"},
{"name":"ModelAdvance", "ph":"B", "ts":"2552920026", "pid":"1", "tid":"wave"},
{"name":"ModelAdvance", "ph":"E", "ts":"2557882933", "pid":"1", "tid":"wave"},
{"name":"ModelSetRunClock", "ph":"B", "ts":"2560806781", "pid":"1", "tid":"wave"},
{"name":"ModelSetRunClock", "ph":"E", "ts":"2560806840", "pid":"1", "tid":"wave"},
{"name":"ModelAdvance", "ph":"B", "ts":"2560806927", "pid":"1", "tid":"wave"},
{"name":"ModelAdvance", "ph":"E", "ts":"2565797276", "pid":"1", "tid":"wave"},
{"name":"ModelSetRunClock", "ph":"B", "ts":"2567999731", "pid":"1", "tid":"wave"},
{"name":"ModelSetRunClock", "ph":"E", "ts":"2567999776", "pid":"1", "tid":"wave"},
{"name":"ModelAdvance", "ph":"B", "ts":"2567999858", "pid":"1", "tid":"wave"},
{"name":"ModelAdvance", "ph":"E", "ts":"2572964001", "pid":"1", "tid":"wave"},
{"name":"ModelSetRunClock", "ph":"B", "ts":"2575881281", "pid":"1", "tid":"wave"},
{"name":"ModelSetRunClock", "ph":"E", "ts":"2575881331", "pid":"1", "tid":"wave"},
{"name":"ModelAdvance", "ph":"B", "ts":"2575881417", "pid":"1", "tid":"wave"},
{"name":"ModelAdvance", "ph":"E", "ts":"2580834020", "pid":"1", "tid":"wave"},
{"name":"ModelSetRunClock", "ph":"B", "ts":"2583023696", "pid":"1", "tid":"wave"},
{"name":"ModelSetRunClock", "ph":"E", "ts":"2583023741", "pid":"1", "tid":"wave"},
{"name":"ModelAdvance", "ph":"B", "ts":"2583023825", "pid":"1", "tid":"wave"},
{"name":"ModelAdvance", "ph":"E", "ts":"2587951354", "pid":"1", "tid":"wave"},
{"name":"ModelSetRunClock", "ph":"B", "ts":"2590933131", "pid":"1", "tid":"wave"},
{"name":"ModelSetRunClock", "ph":"E", "ts":"2590933209", "pid":"1", "tid":"wave"},
{"name":"ModelAdvance", "ph":"B", "ts":"2590933451", "pid":"1", "tid":"wave"},
{"name":"ModelAdvance", "ph":"E", "ts":"2595851993", "pid":"1", "tid":"wave"},
{"name":"ModelSetRunClock", "ph":"B", "ts":"2598220178", "pid":"1", "tid":"wave"},
{"name":"ModelSetRunClock", "ph":"E", "ts":"2598220231", "pid":"1", "tid":"wave"},
{"name":"ModelAdvance", "ph":"B", "ts":"2598220321", "pid":"1", "tid":"wave"},
{"name":"ModelAdvance", "ph":"E", "ts":"2603097404", "pid":"1", "tid":"wave"},
{"name":"ModelSetRunClock", "ph":"B", "ts":"2606158297", "pid":"1", "tid":"wave"},
{"name":"ModelSetRunClock", "ph":"E", "ts":"2606158347", "pid":"1", "tid":"wave"},
{"name":"ModelAdvance", "ph":"B", "ts":"2606158434", "pid":"1", "tid":"wave"},
{"name":"ModelAdvance", "ph":"E", "ts":"2611000352", "pid":"1", "tid":"wave"},
{"name":"ModelSetRunClock", "ph":"B", "ts":"2613485470", "pid":"1", "tid":"wave"},
{"name":"ModelSetRunClock", "ph":"E", "ts":"2613485531", "pid":"1", "tid":"wave"},
{"name":"ModelAdvance", "ph":"B", "ts":"2613485623", "pid":"1", "tid":"wave"},
{"name":"ModelAdvance", "ph":"E", "ts":"2618228334", "pid":"1", "tid":"wave"},
{"name":"ModelSetRunClock", "ph":"B", "ts":"2621770911", "pid":"1", "tid":"wave"},
{"name":"ModelSetRunClock", "ph":"E", "ts":"2621770964", "pid":"1", "tid":"wave"},
{"name":"ModelAdvance", "ph":"B", "ts":"2621771051", "pid":"1", "tid":"wave"},
{"name":"ModelAdvance", "ph":"E", "ts":"2626473047", "pid":"1", "tid":"wave"},
{"name":"ModelSetRunClock", "ph":"B", "ts":"2629516641", "pid":"1", "tid":"wave"},
{"name":"ModelSetRunClock", "ph":"E", "ts":"2629516694", "pid":"1", "tid":"wave"},
{"name":"ModelAdvance", "ph":"B", "ts":"2629516786", "pid":"1", "tid":"wave"},
{"name":"ModelAdvance", "ph":"E", "ts":"2634243415", "pid":"1", "tid":"wave"},
{"name":"ModelSetRunClock", "ph":"B", "ts":"2641683447", "pid":"1", "tid":"wave"},
{"name":"ModelSetRunClock", "ph":"E", "ts":"2641683529", "pid":"1", "tid":"wave"},
{"name":"ModelAdvance", "ph":"B", "ts":"2641683623", "pid":"1", "tid":"wave"},
{"name":"ModelAdvance", "ph":"E", "ts":"2646421119", "pid":"1", "tid":"wave"},
{"name":"ModelSetRunClock", "ph":"B", "ts":"2649259116", "pid":"1", "tid":"wave"},
{"name":"ModelSetRunClock", "ph":"E", "ts":"2649259166", "pid":"1", "tid":"wave"},
{"name":"ModelAdvance", "ph":"B", "ts":"2649259250", "pid":"1", "tid":"wave"},
{"name":"ModelAdvance", "ph":"E", "ts":"2653978748", "pid":"1", "tid":"wave"},
{"name":"ModelSetRunClock", "ph":"B", "ts":"2670351312", "pid":"1", "tid":"wave"},
{"name":"ModelSetRunClock", "ph":"E", "ts":"2670351495", "pid":"1", "tid":"wave"},
{"name":"ModelAdvance", "ph":"B", "ts":"2670351612", "pid":"1", "tid":"wave"},
{"name":"ModelAdvance", "ph":"E", "ts":"2675075629", "pid":"1", "tid":"wave"},
{"name":"ModelSetRunClock", "ph":"B", "ts":"2677836305", "pid":"1", "tid":"wave"},
{"name":"ModelSetRunClock", "ph":"E", "ts":"2677836359", "pid":"1", "tid":"wave"},
{"name":"ModelAdvance", "ph":"B", "ts":"2677836449", "pid":"1", "tid":"wave"},
{"name":"ModelAdvance", "ph":"E", "ts":"2682603082", "pid":"1", "tid":"wave"},
{"name":"ModelSetRunClock", "ph":"B", "ts":"2685802247", "pid":"1", "tid":"wave"},
{"name":"ModelSetRunClock", "ph":"E", "ts":"2685802304", "pid":"1", "tid":"wave"},
{"name":"ModelAdvance", "ph":"B", "ts":"2685802390", "pid":"1", "tid":"wave"},
{"name":"ModelAdvance", "ph":"E", "ts":"2690503147", "pid":"1", "tid":"wave"},
{"name":"ModelSetRunClock", "ph":"B", "ts":"2693319843", "pid":"1", "tid":"wave"},
{"name":"ModelSetRunClock", "ph":"E", "ts":"2693319899", "pid":"1", "tid":"wave"},
{"name":"ModelAdvance", "ph":"B", "ts":"2693319994", "pid":"1", "tid":"wave"},
{"name":"ModelAdvance", "ph":"E", "ts":"2697971243", "pid":"1", "tid":"wave"},
{"name":"ModelSetRunClock", "ph":"B", "ts":"2701207385", "pid":"1", "tid":"wave"},
{"name":"ModelSetRunClock", "ph":"E", "ts":"2701207614", "pid":"1", "tid":"wave"},
{"name":"ModelAdvance", "ph":"B", "ts":"2701207773", "pid":"1", "tid":"wave"},
{"name":"ModelAdvance", "ph":"E", "ts":"2705822010", "pid":"1", "tid":"wave"},
{"name":"ModelSetRunClock", "ph":"B", "ts":"2708643112", "pid":"1", "tid":"wave"},
{"name":"ModelSetRunClock", "ph":"E", "ts":"2708643333", "pid":"1", "tid":"wave"},
{"name":"ModelAdvance", "ph":"B", "ts":"2708643478", "pid":"1", "tid":"wave"},
{"name":"ModelAdvance", "ph":"E", "ts":"2713270880", "pid":"1", "tid":"wave"},
{"name":"ModelSetRunClock", "ph":"B", "ts":"2716735530", "pid":"1", "tid":"wave"},
{"name":"ModelSetRunClock", "ph":"E", "ts":"2716735593", "pid":"1", "tid":"wave"},
{"name":"ModelAdvance", "ph":"B", "ts":"2716735685", "pid":"1", "tid":"wave"},
{"name":"ModelAdvance", "ph":"E", "ts":"2721379903", "pid":"1", "tid":"wave"},
{"name":"ModelSetRunClock", "ph":"B", "ts":"2724063013", "pid":"1", "tid":"wave"},
{"name":"ModelSetRunClock", "ph":"E", "ts":"2724063075", "pid":"1", "tid":"wave"},
{"name":"ModelAdvance", "ph":"B", "ts":"2724063195", "pid":"1", "tid":"wave"},
{"name":"ModelAdvance", "ph":"E", "ts":"2728726539", "pid":"1", "tid":"wave"},
{"name":"ModelSetRunClock", "ph":"B", "ts":"2732011116", "pid":"1", "tid":"wave"},
{"name":"ModelSetRunClock", "ph":"E", "ts":"2732011364", "pid":"1", "tid":"wave"},
{"name":"ModelAdvance", "ph":"B", "ts":"2732011513", "pid":"1", "tid":"wave"},
{"name":"ModelAdvance", "ph":"E", "ts":"2736712331", "pid":"1", "tid":"wave"},
{"name":"ModelSetRunClock", "ph":"B", "ts":"2739395545", "pid":"1", "tid":"wave"},
{"name":"ModelSetRunClock", "ph":"E", "ts":"2739395608", "pid":"1", "tid":"wave"},
{"name":"ModelAdvance", "ph":"B", "ts":"2739395710", "pid":"1", "tid":"wave"},
{"name":"ModelAdvance", "ph":"E", "ts":"2744104937", "pid":"1", "tid":"wave"},
{"name":"ModelSetRunClock", "ph":"B", "ts":"2747348316", "pid":"1", "tid":"wave"},
{"name":"ModelSetRunClock", "ph":"E", "ts":"2747348395", "pid":"1", "tid":"wave"},
{"name":"ModelAdvance", "ph":"B", "ts":"2747348504", "pid":"1", "tid":"wave"},
{"name":"ModelAdvance", "ph":"E", "ts":"2752030310", "pid":"1", "tid":"wave"},
{"name":"ModelSetRunClock", "ph":"B", "ts":"2754804618", "pid":"1", "tid":"wave"},
{"name":"ModelSetRunClock", "ph":"E", "ts":"2754804685", "pid":"1", "tid":"wave"},
{"name":"ModelAdvance", "ph":"B", "ts":"2754804780", "pid":"1", "tid":"wave"},
{"name":"ModelAdvance", "ph":"E", "ts":"2759500851", "pid":"1", "tid":"wave"},
{"name":"ModelSetRunClock", "ph":"B", "ts":"2762792378", "pid":"1", "tid":"wave"},
{"name":"ModelSetRunClock", "ph":"E", "ts":"2762792585", "pid":"1", "tid":"wave"},
{"name":"ModelAdvance", "ph":"B", "ts":"2762792794", "pid":"1", "tid":"wave"},
{"name":"ModelAdvance", "ph":"E", "ts":"2767506469", "pid":"1", "tid":"wave"},
{"name":"ModelSetRunClock", "ph":"B", "ts":"2770185977", "pid":"1", "tid":"wave"},
{"name":"ModelSetRunClock", "ph":"E", "ts":"2770186024", "pid":"1", "tid":"wave"},
{"name":"ModelAdvance", "ph":"B", "ts":"2770186097", "pid":"1", "tid":"wave"},
{"name":"ModelAdvance", "ph":"E", "ts":"2774856043", "pid":"1", "tid":"wave"},
{"name":"ModelSetRunClock", "ph":"B", "ts":"2778042940", "pid":"1", "tid":"wave"},
{"name":"ModelSetRunClock", "ph":"E", "ts":"2778042978", "pid":"1", "tid":"wave"},
{"name":"ModelAdvance", "ph":"B", "ts":"2778043070", "pid":"1", "tid":"wave"},
{"name":"ModelAdvance", "ph":"E", "ts":"2782748722", "pid":"1", "tid":"wave"},
{"name":"ModelSetRunClock", "ph":"B", "ts":"2785279261", "pid":"1", "tid":"wave"},
{"name":"ModelSetRunClock", "ph":"E", "ts":"2785279302", "pid":"1", "tid":"wave"},
{"name":"ModelAdvance", "ph":"B", "ts":"2785279390", "pid":"1", "tid":"wave"},
{"name":"ModelAdvance", "ph":"E", "ts":"2789969165", "pid":"1", "tid":"wave"},
{"name":"ModelSetRunClock", "ph":"B", "ts":"2793186902", "pid":"1", "tid":"wave"},
{"name":"ModelSetRunClock", "ph":"E", "ts":"2793186938", "pid":"1", "tid":"wave"},
{"name":"ModelAdvance", "ph":"B", "ts":"2793187016", "pid":"1", "tid":"wave"},
{"name":"ModelAdvance", "ph":"E", "ts":"2797925736", "pid":"1", "tid":"wave"},
{"name":"ModelSetRunClock", "ph":"B", "ts":"2800992500", "pid":"1", "tid":"wave"},
{"name":"ModelSetRunClock", "ph":"E", "ts":"2800992540", "pid":"1", "tid":"wave"},
{"name":"ModelAdvance", "ph":"B", "ts":"2800992617", "pid":"1", "tid":"wave"},
{"name":"ModelAdvance", "ph":"E", "ts":"2805784768", "pid":"1", "tid":"wave"},
{"name":"ModelSetRunClock", "ph":"B", "ts":"2808944362", "pid":"1", "tid":"wave"},
{"name":"ModelSetRunClock", "ph":"E", "ts":"2808944397", "pid":"1", "tid":"wave"},
{"name":"ModelAdvance", "ph":"B", "ts":"2808944493", "pid":"1", "tid":"wave"},
{"name":"ModelAdvance", "ph":"E", "ts":"2813798631", "pid":"1", "tid":"wave"},
{"name":"ModelSetRunClock", "ph":"B", "ts":"2816236253", "pid":"1", "tid":"wave"},
{"name":"ModelSetRunClock", "ph":"E", "ts":"2816236288", "pid":"1", "tid":"wave"},
{"name":"ModelAdvance", "ph":"B", "ts":"2816236369", "pid":"1", "tid":"wave"},
{"name":"ModelAdvance", "ph":"E", "ts":"2821138251", "pid":"1", "tid":"wave"},
{"name":"ModelSetRunClock", "ph":"B", "ts":"2824098576", "pid":"1", "tid":"wave"},
{"name":"ModelSetRunClock", "ph":"E", "ts":"2824098719", "pid":"1", "tid":"wave"},
{"name":"ModelAdvance", "ph":"B", "ts":"2824098808", "pid":"1", "tid":"wave"},
{"name":"ModelAdvance", "ph":"E", "ts":"2829012101", "pid":"1", "tid":"wave"},
{"name":"ModelSetRunClock", "ph":"B", "ts":"2831371216", "pid":"1", "tid":"wave"},
{"name":"ModelSetRunClock", "ph":"E", "ts":"2831371257", "pid":"1", "tid":"wave"},
{"name":"ModelAdvance", "ph":"B", "ts":"2831371355", "pid":"1", "tid":"wave"},
{"name":"ModelAdvance", "ph":"E", "ts":"2836311613", "pid":"1", "tid":"wave"},
{"name":"ModelSetRunClock", "ph":"B", "ts":"2839276361", "pid":"1", "tid":"wave"},
{"name":"ModelSetRunClock", "ph":"E", "ts":"2839276399", "pid":"1", "tid":"wave"},
{"name":"ModelAdvance", "ph":"B", "ts":"2839276476", "pid":"1", "tid":"wave"},
{"name":"ModelAdvance", "ph":"E", "ts":"2844254647", "pid":"1", "tid":"wave"},
{"name":"ModelSetRunClock", "ph":"B", "ts":"2846574968", "pid":"1", "tid":"wave"},
{"name":"ModelSetRunClock", "ph":"E", "ts":"2846575002", "pid":"1", "tid":"wave"},
{"name":"ModelAdvance", "ph":"B", "ts":"2846575091", "pid":"1", "tid":"wave"},
{"name":"ModelAdvance", "ph":"E", "ts":"2851575712", "pid":"1", "tid":"wave"},
{"name":"ModelSetRunClock", "ph":"B", "ts":"2854460965", "pid":"1", "tid":"wave"},
{"name":"ModelSetRunClock", "ph":"E", "ts":"2854461016", "pid":"1", "tid":"wave"},
{"name":"ModelAdvance", "ph":"B", "ts":"2854461112", "pid":"1", "tid":"wave"},
{"name":"ModelAdvance", "ph":"E", "ts":"2859532280", "pid":"1", "tid":"wave"},
{"name":"ModelSetRunClock", "ph":"B", "ts":"2861668400", "pid":"1", "tid":"wave"},
{"name":"ModelSetRunClock", "ph":"E", "ts":"2861668437", "pid":"1", "tid":"wave"},
{"name":"ModelAdvance", "ph":"B", "ts":"2861668537", "pid":"1", "tid":"wave"},
{"name":"ModelAdvance", "ph":"E", "ts":"2866800020", "pid":"1", "tid":"wave"},
{"name":"ModelSetRunClock", "ph":"B", "ts":"2869579883", "pid":"1", "tid":"wave"},
{"name":"ModelSetRunClock", "ph":"E", "ts":"2869579922", "pid":"1", "tid":"wave"},
{"name":"ModelAdvance", "ph":"B", "ts":"2869580016", "pid":"1", "tid":"wave"},
{"name":"ModelAdvance", "ph":"E", "ts":"2874724046", "pid":"1", "tid":"wave"},
{"name":"ModelSetRunClock", "ph":"B", "ts":"2876748681", "pid":"1", "tid":"wave"},
{"name":"ModelSetRunClock", "ph":"E", "ts":"2876748714", "pid":"1", "tid":"wave"},
{"name":"ModelAdvance", "ph":"B", "ts":"2876748802", "pid":"1", "tid":"wave"},
{"name":"ModelAdvance", "ph":"E", "ts":"2881957009", "pid":"1", "tid":"wave"},
{"name":"ModelSetRunClock", "ph":"B", "ts":"2884712985", "pid":"1", "tid":"wave"},
{"name":"ModelSetRunClock", "ph":"E", "ts":"2884713027", "pid":"1", "tid":"wave"},
{"name":"ModelAdvance", "ph":"B", "ts":"2884713125", "pid":"1", "tid":"wave"},
{"name":"ModelAdvance", "ph":"E", "ts":"2889950546", "pid":"1", "tid":"wave"},
{"name":"ModelSetRunClock", "ph":"B", "ts":"2891918074", "pid":"1", "tid":"wave"},
{"name":"ModelSetRunClock", "ph":"E", "ts":"2891918116", "pid":"1", "tid":"wave"},
{"name":"ModelAdvance", "ph":"B", "ts":"2891918196", "pid":"1", "tid":"wave"},
{"name":"ModelAdvance", "ph":"E", "ts":"2897116982", "pid":"1", "tid":"wave"},
{"name":"ModelSetRunClock", "ph":"B", "ts":"2899760046", "pid":"1", "tid":"wave"},
{"name":"ModelSetRunClock", "ph":"E", "ts":"2899760081", "pid":"1", "tid":"wave"},
{"name":"ModelAdvance", "ph":"B", "ts":"2899760249", "pid":"1", "tid":"wave"},
{"name":"ModelAdvance", "ph":"E", "ts":"2904867217", "pid":"1", "tid":"wave"},
{"name":"ModelSetRunClock", "ph":"B", "ts":"2906978639", "pid":"1", "tid":"wave"},
{"name":"ModelSetRunClock", "ph":"E", "ts":"2906978681", "pid":"1", "tid":"wave"},
{"name":"ModelAdvance", "ph":"B", "ts":"2906978758", "pid":"1", "tid":"wave"},
{"name":"ModelAdvance", "ph":"E", "ts":"2912071288", "pid":"1", "tid":"wave"},
{"name":"ModelSetRunClock", "ph":"B", "ts":"2914858078", "pid":"1", "tid":"wave"},
{"name":"ModelSetRunClock", "ph":"E", "ts":"2914858134", "pid":"1", "tid":"wave"},
{"name":"ModelAdvance", "ph":"B", "ts":"2914858241", "pid":"1", "tid":"wave"},
{"name":"ModelAdvance", "ph":"E", "ts":"2919906968", "pid":"1", "tid":"wave"},
{"name":"ModelSetRunClock", "ph":"B", "ts":"2922179157", "pid":"1", "tid":"wave"},
{"name":"ModelSetRunClock", "ph":"E", "ts":"2922179197", "pid":"1", "tid":"wave"},
{"name":"ModelAdvance", "ph":"B", "ts":"2922179295", "pid":"1", "tid":"wave"},
{"name":"ModelAdvance", "ph":"E", "ts":"2927195906", "pid":"1", "tid":"wave"},
{"name":"ModelSetRunClock", "ph":"B", "ts":"2930204559", "pid":"1", "tid":"wave"},
{"name":"ModelSetRunClock", "ph":"E", "ts":"2930204612", "pid":"1", "tid":"wave"},
{"name":"ModelAdvance", "ph":"B", "ts":"2930204709", "pid":"1", "tid":"wave"},
{"name":"ModelAdvance", "ph":"E", "ts":"2935279775", "pid":"1", "tid":"wave"},
{"name":"ModelSetRunClock", "ph":"B", "ts":"2937529466", "pid":"1", "tid":"wave"},
{"name":"ModelSetRunClock", "ph":"E", "ts":"2937529500", "pid":"1", "tid":"wave"},
{"name":"ModelAdvance", "ph":"B", "ts":"2937529585", "pid":"1", "tid":"wave"},
{"name":"ModelAdvance", "ph":"E", "ts":"2942783593", "pid":"1", "tid":"wave"},
{"name":"ModelSetRunClock", "ph":"B", "ts":"2945353880", "pid":"1", "tid":"wave"},
{"name":"ModelSetRunClock", "ph":"E", "ts":"2945353924", "pid":"1", "tid":"wave"},
{"name":"ModelAdvance", "ph":"B", "ts":"2945354021", "pid":"1", "tid":"wave"},
{"name":"ModelAdvance", "ph":"E", "ts":"2950757986", "pid":"1", "tid":"wave"},
{"name":"ModelSetRunClock", "ph":"B", "ts":"2952520346", "pid":"1", "tid":"wave"},
{"name":"ModelSetRunClock", "ph":"E", "ts":"2952520382", "pid":"1", "tid":"wave"},
{"name":"ModelAdvance", "ph":"B", "ts":"2952520482", "pid":"1", "tid":"wave"},
{"name":"ModelAdvance", "ph":"E", "ts":"2958007372", "pid":"1", "tid":"wave"},
{"name":"ModelSetRunClock", "ph":"B", "ts":"2960376533", "pid":"1", "tid":"wave"},
{"name":"ModelSetRunClock", "ph":"E", "ts":"2960376573", "pid":"1", "tid":"wave"},
{"name":"ModelAdvance", "ph":"B", "ts":"2960376659", "pid":"1", "tid":"wave"},
{"name":"ModelAdvance", "ph":"E", "ts":"2966019976", "pid":"1", "tid":"wave"},
{"name":"ModelSetRunClock", "ph":"B", "ts":"2967613596", "pid":"1", "tid":"wave"},
{"name":"ModelSetRunClock", "ph":"E", "ts":"2967613636", "pid":"1", "tid":"wave"},
{"name":"ModelAdvance", "ph":"B", "ts":"2967613740", "pid":"1", "tid":"wave"},
{"name":"ModelAdvance", "ph":"E", "ts":"2973369551", "pid":"1", "tid":"wave"},
{"name":"ModelSetRunClock", "ph":"B", "ts":"2975502564", "pid":"1", "tid":"wave"},
{"name":"ModelSetRunClock", "ph":"E", "ts":"2975502603", "pid":"1", "tid":"wave"},
{"name":"ModelAdvance", "ph":"B", "ts":"2975502714", "pid":"1", "tid":"wave"},
{"name":"ModelAdvance", "ph":"E", "ts":"2981220982", "pid":"1", "tid":"wave"},
{"name":"ModelSetRunClock", "ph":"B", "ts":"2982799679", "pid":"1", "tid":"wave"},
{"name":"ModelSetRunClock", "ph":"E", "ts":"2982856170", "pid":"1", "tid":"wave"},
{"name":"ModelAdvance", "ph":"B", "ts":"2982856301", "pid":"1", "tid":"wave"},
{"name":"ModelAdvance", "ph":"E", "ts":"2988520925", "pid":"1", "tid":"wave"},
{"name":"ModelSetRunClock", "ph":"B", "ts":"2990631453", "pid":"1", "tid":"wave"},
{"name":"ModelSetRunClock", "ph":"E", "ts":"2990631490", "pid":"1", "tid":"wave"},
{"name":"ModelAdvance", "ph":"B", "ts":"2990631588", "pid":"1", "tid":"wave"},
{"name":"ModelAdvance", "ph":"E", "ts":"2996303766", "pid":"1", "tid":"wave"},
{"name":"ModelSetRunClock", "ph":"B", "ts":"2997790267", "pid":"1", "tid":"wave"},
{"name":"ModelSetRunClock", "ph":"E", "ts":"2997790312", "pid":"1", "tid":"wave"},
{"name":"ModelAdvance", "ph":"B", "ts":"2997790413", "pid":"1", "tid":"wave"},
{"name":"ModelAdvance", "ph":"E", "ts":"3003174141", "pid":"1", "tid":"wave"},
{"name":"ModelSetRunClock", "ph":"B", "ts":"3005676058", "pid":"1", "tid":"wave"},
{"name":"ModelSetRunClock", "ph":"E", "ts":"3005676097", "pid":"1", "tid":"wave"},
{"name":"ModelAdvance", "ph":"B", "ts":"3005676193", "pid":"1", "tid":"wave"},
{"name":"ModelAdvance", "ph":"E", "ts":"3011036811", "pid":"1", "tid":"wave"},
{"name":"ModelSetRunClock", "ph":"B", "ts":"3012860164", "pid":"1", "tid":"wave"},
{"name":"ModelSetRunClock", "ph":"E", "ts":"3012860206", "pid":"1", "tid":"wave"},
{"name":"ModelAdvance", "ph":"B", "ts":"3012860300", "pid":"1", "tid":"wave"},
{"name":"ModelAdvance", "ph":"E", "ts":"3018418972", "pid":"1", "tid":"wave"},
{"name":"ModelSetRunClock", "ph":"B", "ts":"3020659218", "pid":"1", "tid":"wave"},
{"name":"ModelSetRunClock", "ph":"E", "ts":"3020659251", "pid":"1", "tid":"wave"},
{"name":"ModelAdvance", "ph":"B", "ts":"3020659329", "pid":"1", "tid":"wave"},
{"name":"ModelAdvance", "ph":"E", "ts":"3026332738", "pid":"1", "tid":"wave"},
{"name":"ModelFinalize", "ph":"B", "ts":"3026338107", "pid":"1", "tid":"wave"},
{"name":"ModelFinalize", "ph":"E", "ts":"3026338125", "pid":"1", "tid":"wave"},
