{"name":"SetServices", "ph":"B", "ts":"1983964616", "pid":"1", "tid":"mom"},
{"name":"SetServices", "ph":"E", "ts":"1983966392", "pid":"1", "tid":"mom"},
{"name":"InitializeP0", "ph":"B", "ts":"1985271028", "pid":"1", "tid":"mom"},
{"name":"InitializeP0", "ph":"E", "ts":"1985271439", "pid":"1", "tid":"mom"},
{"name":"InitializeAdvertise", "ph":"B", "ts":"2012512903", "pid":"1", "tid":"mom"},
{"name":"InitializeAdvertise", "ph":"E", "ts":"2077261550", "pid":"1", "tid":"mom"},
{"name":"InitializeRealize", "ph":"B", "ts":"2205556101", "pid":"1", "tid":"mom"},
{"name":"InitializeRealize", "ph":"E", "ts":"2210930665", "pid":"1", "tid":"mom"},
{"name":"DataInitialize", "ph":"B", "ts":"2245736208", "pid":"1", "tid":"mom"},
{"name":"DataInitialize", "ph":"E", "ts":"2245737395", "pid":"1", "tid":"mom"},
{"name":"ModelSetRunClock", "ph":"B", "ts":"2298153593", "pid":"1", "tid":"mom"},
{"name":"ModelSetRunClock", "ph":"E", "ts":"2298162984", "pid":"1", "tid":"mom"},
{"name":"ModelAdvance", "ph":"B", "ts":"2298163180", "pid":"1", "tid":"mom"},
{"name":"ModelAdvance", "ph":"E", "ts":"2304313532", "pid":"1", "tid":"mom"},
{"name":"ModelSetRunClock", "ph":"B", "ts":"2309932457", "pid":"1", "tid":"mom"},
{"name":"ModelSetRunClock", "ph":"E", "ts":"2309932526", "pid":"1", "tid":"mom"},
{"name":"ModelAdvance", "ph":"B", "ts":"2309932689", "pid":"1", "tid":"mom"},
{"name":"ModelAdvance", "ph":"E", "ts":"2315316553", "pid":"1", "tid":"mom"},
{"name":"ModelSetRunClock", "ph":"B", "ts":"2317240575", "pid":"1", "tid":"mom"},
{"name":"ModelSetRunClock", "ph":"E", "ts":"2317240641", "pid":"1", "tid":"mom"},
{"name":"ModelAdvance", "ph":"B", "ts":"2317240809", "pid":"1", "tid":"mom"},
{"name":"ModelAdvance", "ph":"E", "ts":"2322596791", "pid":"1", "tid":"mom"},
{"name":"ModelSetRunClock", "ph":"B", "ts":"2325201133", "pid":"1", "tid":"mom"},
{"name":"ModelSetRunClock", "ph":"E", "ts":"2325201224", "pid":"1", "tid":"mom"},
{"name":"ModelAdvance", "ph":"B", "ts":"2325201531", "pid":"1", "tid":"mom"},
{"name":"ModelAdvance", "ph":"E", "ts":"2330554989", "pid":"1", "tid":"mom"},
{"name":"ModelSetRunClock", "ph":"B", "ts":"2332454053", "pid":"1", "tid":"mom"},
{"name":"ModelSetRunClock", "ph":"E", "ts":"2332454123", "pid":"1", "tid":"mom"},
{"name":"ModelAdvance", "ph":"B", "ts":"2332454282", "pid":"1", "tid":"mom"},
{"name":"ModelAdvance", "ph":"E", "ts":"2337812707", "pid":"1", "tid":"mom"},
{"name":"ModelSetRunClock", "ph":"B", "ts":"2340484813", "pid":"1", "tid":"mom"},
{"name":"ModelSetRunClock", "ph":"E", "ts":"2340484878", "pid":"1", "tid":"mom"},
{"name":"ModelAdvance", "ph":"B", "ts":"2340485039", "pid":"1", "tid":"mom"},
{"name":"ModelAdvance", "ph":"E", "ts":"2345929449", "pid":"1", "tid":"mom"},
{"name":"ModelSetRunClock", "ph":"B", "ts":"2364830086", "pid":"1", "tid":"mom"},
{"name":"ModelSetRunClock", "ph":"E", "ts":"2364830313", "pid":"1", "tid":"mom"},
{"name":"ModelAdvance", "ph":"B", "ts":"2364830479", "pid":"1", "tid":"mom"},
{"name":"ModelAdvance", "ph":"E", "ts":"2370213809", "pid":"1", "tid":"mom"},
{"name":"ModelSetRunClock", "ph":"B", "ts":"2372844413", "pid":"1", "tid":"mom"},
{"name":"ModelSetRunClock", "ph":"E", "ts":"2372844489", "pid":"1", "tid":"mom"},
{"name":"ModelAdvance", "ph":"B", "ts":"2372844669", "pid":"1", "tid":"mom"},
{"name":"ModelAdvance", "ph":"E", "ts":"2378224369", "pid":"1", "tid":"mom"},
{"name":"ModelSetRunClock", "ph":"B", "ts":"2380181986", "pid":"1", "tid":"mom"},
{"name":"ModelSetRunClock", "ph":"E", "ts":"2380182051", "pid":"1", "tid":"mom"},
{"name":"ModelAdvance", "ph":"B", "ts":"2380182216", "pid":"1", "tid":"mom"},
{"name":"ModelAdvance", "ph":"E", "ts":"2385558048", "pid":"1", "tid":"mom"},
{"name":"ModelSetRunClock", "ph":"B", "ts":"2388241451", "pid":"1", "tid":"mom"},
{"name":"ModelSetRunClock", "ph":"E", "ts":"2388241521", "pid":"1", "tid":"mom"},
{"name":"ModelAdvance", "ph":"B", "ts":"2388241685", "pid":"1", "tid":"mom"},
{"name":"ModelAdvance", "ph":"E", "ts":"2393625033", "pid":"1", "tid":"mom"},
{"name":"ModelSetRunClock", "ph":"B", "ts":"2395627182", "pid":"1", "tid":"mom"},
{"name":"ModelSetRunClock", "ph":"E", "ts":"2395627380", "pid":"1", "tid":"mom"},
{"name":"ModelAdvance", "ph":"B", "ts":"2395627585", "pid":"1", "tid":"mom"},
{"name":"ModelAdvance", "ph":"E", "ts":"2401042252", "pid":"1", "tid":"mom"},
{"name":"ModelSetRunClock", "ph":"B", "ts":"2403717002", "pid":"1", "tid":"mom"},
{"name":"ModelSetRunClock", "ph":"E", "ts":"2403717065", "pid":"1", "tid":"mom"},
{"name":"ModelAdvance", "ph":"B", "ts":"2403717238", "pid":"1", "tid":"mom"},
{"name":"ModelAdvance", "ph":"E", "ts":"2408992222", "pid":"1", "tid":"mom"},
{"name":"ModelSetRunClock", "ph":"B", "ts":"2411172599", "pid":"1", "tid":"mom"},
{"name":"ModelSetRunClock", "ph":"E", "ts":"2411172683", "pid":"1", "tid":"mom"},
{"name":"ModelAdvance", "ph":"B", "ts":"2411172875", "pid":"1", "tid":"mom"},
{"name":"ModelAdvance", "ph":"E", "ts":"2416382623", "pid":"1", "tid":"mom"},
{"name":"ModelSetRunClock", "ph":"B", "ts":"2419205387", "pid":"1", "tid":"mom"},
{"name":"ModelSetRunClock", "ph":"E", "ts":"2419205508", "pid":"1", "tid":"mom"},
{"name":"ModelAdvance", "ph":"B", "ts":"2419205813", "pid":"1", "tid":"mom"},
{"name":"ModelAdvance", "ph":"E", "ts":"2424441934", "pid":"1", "tid":"mom"},
{"name":"ModelSetRunClock", "ph":"B", "ts":"2426518339", "pid":"1", "tid":"mom"},
{"name":"ModelSetRunClock", "ph":"E", "ts":"2426518641", "pid":"1", "tid":"mom"},
{"name":"ModelAdvance", "ph":"B", "ts":"2426518820", "pid":"1", "tid":"mom"},
{"name":"ModelAdvance", "ph":"E", "ts":"2431750522", "pid":"1", "tid":"mom"},
{"name":"ModelSetRunClock", "ph":"B", "ts":"2434698307", "pid":"1", "tid":"mom"},
{"name":"ModelSetRunClock", "ph":"E", "ts":"2434698376", "pid":"1", "tid":"mom"},
{"name":"ModelAdvance", "ph":"B", "ts":"2434698547", "pid":"1", "tid":"mom"},
{"name":"ModelAdvance", "ph":"E", "ts":"2439936479", "pid":"1", "tid":"mom"},
{"name":"ModelSetRunClock", "ph":"B", "ts":"2442528749", "pid":"1", "tid":"mom"},
{"name":"ModelSetRunClock", "ph":"E", "ts":"2442528819", "pid":"1", "tid":"mom"},
{"name":"ModelAdvance", "ph":"B", "ts":"2442528979", "pid":"1", "tid":"mom"},
{"name":"ModelAdvance", "ph":"E", "ts":"2447764574", "pid":"1", "tid":"mom"},
{"name":"ModelSetRunClock", "ph":"B", "ts":"2450945238", "pid":"1", "tid":"mom"},
{"name":"ModelSetRunClock", "ph":"E", "ts":"2450945304", "pid":"1", "tid":"mom"},
{"name":"ModelAdvance", "ph":"B", "ts":"2450945468", "pid":"1", "tid":"mom"},
{"name":"ModelAdvance", "ph":"E", "ts":"2456241263", "pid":"1", "tid":"mom"},
{"name":"ModelSetRunClock", "ph":"B", "ts":"2458842508", "pid":"1", "tid":"mom"},
{"name":"ModelSetRunClock", "ph":"E", "ts":"2458842667", "pid":"1", "tid":"mom"},
{"name":"ModelAdvance", "ph":"B", "ts":"2458842831", "pid":"1", "tid":"mom"},
{"name":"ModelAdvance", "ph":"E", "ts":"2464068468", "pid":"1", "tid":"mom"},
{"name":"ModelSetRunClock", "ph":"B", "ts":"2467241122", "pid":"1", "tid":"mom"},
{"name":"ModelSetRunClock", "ph":"E", "ts":"2467241184", "pid":"1", "tid":"mom"},
{"name":"ModelAdvance", "ph":"B", "ts":"2467241342", "pid":"1", "tid":"mom"},
{"name":"ModelAdvance", "ph":"E", "ts":"2472490886", "pid":"1", "tid":"mom"},
{"name":"ModelSetRunClock", "ph":"B", "ts":"2474945451", "pid":"1", "tid":"mom"},
{"name":"ModelSetRunClock", "ph":"E", "ts":"2474945510", "pid":"1", "tid":"mom"},
{"name":"ModelAdvance", "ph":"B", "ts":"2474945661", "pid":"1", "tid":"mom"},
{"name":"ModelAdvance", "ph":"E", "ts":"2480240440", "pid":"1", "tid":"mom"},
{"name":"ModelSetRunClock", "ph":"B", "ts":"2483706111", "pid":"1", "tid":"mom"},
{"name":"ModelSetRunClock", "ph":"E", "ts":"2483706171", "pid":"1", "tid":"mom"},
{"name":"ModelAdvance", "ph":"B", "ts":"2483706330", "pid":"1", "tid":"mom"},
{"name":"ModelAdvance", "ph":"E", "ts":"2488901228", "pid":"1", "tid":"mom"},
{"name":"ModelSetRunClock", "ph":"B", "ts":"2491883606", "pid":"1", "tid":"mom"},
{"name":"ModelSetRunClock", "ph":"E", "ts":"2491883675", "pid":"1", "tid":"mom"},
{"name":"ModelAdvance", "ph":"B", "ts":"2491883853", "pid":"1", "tid":"mom"},
{"name":"ModelAdvance", "ph":"E", "ts":"2497097106", "pid":"1", "tid":"mom"},
{"name":"ModelSetRunClock", "ph":"B", "ts":"2500231964", "pid":"1", "tid":"mom"},
{"name":"ModelSetRunClock", "ph":"E", "ts":"2500232163", "pid":"1", "tid":"mom"},
{"name":"ModelAdvance", "ph":"B", "ts":"2500232341", "pid":"1", "tid":"mom"},
{"name":"ModelAdvance", "ph":"E", "ts":"2505472685", "pid":"1", "tid":"mom"},
{"name":"ModelSetRunClock", "ph":"B", "ts":"2507853214", "pid":"1", "tid":"mom"},
{"name":"ModelSetRunClock", "ph":"E", "ts":"2507853285", "pid":"1", "tid":"mom"},
{"name":"ModelAdvance", "ph":"B", "ts":"2507853456", "pid":"1", "tid":"mom"},
{"name":"ModelAdvance", "ph":"E", "ts":"2513054254", "pid":"1", "tid":"mom"},
{"name":"ModelSetRunClock", "ph":"B", "ts":"2515814913", "pid":"1", "tid":"mom"},
{"name":"ModelSetRunClock", "ph":"E", "ts":"2515814976", "pid":"1", "tid":"mom"},
{"name":"ModelAdvance", "ph":"B", "ts":"2515815136", "pid":"1", "tid":"mom"},
{"name":"ModelAdvance", "ph":"E", "ts":"2521000565", "pid":"1", "tid":"mom"},
{"name":"ModelSetRunClock", "ph":"B", "ts":"2522985604", "pid":"1", "tid":"mom"},
{"name":"ModelSetRunClock", "ph":"E", "ts":"2522985698", "pid":"1", "tid":"mom"},
{"name":"ModelAdvance", "ph":"B", "ts":"2522985992", "pid":"1", "tid":"mom"},
{"name":"ModelAdvance", "ph":"E", "ts":"2528154544", "pid":"1", "tid":"mom"},
{"name":"ModelSetRunClock", "ph":"B", "ts":"2530758659", "pid":"1", "tid":"mom"},
{"name":"ModelSetRunClock", "ph":"E", "ts":"2530758726", "pid":"1", "tid":"mom"},
{"name":"ModelAdvance", "ph":"B", "ts":"2530758886", "pid":"1", "tid":"mom"},
{"name":"ModelAdvance", "ph":"E", "ts":"2535931237", "pid":"1", "tid":"mom"},
{"name":"ModelSetRunClock", "ph":"B", "ts":"2537887292", "pid":"1", "tid":"mom"},
{"name":"ModelSetRunClock", "ph":"E", "ts":"2537887385", "pid":"1", "tid":"mom"},
{"name":"ModelAdvance", "ph":"B", "ts":"2537887621", "pid":"1", "tid":"mom"},
{"name":"ModelAdvance", "ph":"E", "ts":"2543047937", "pid":"1", "tid":"mom"},
{"name":"ModelSetRunClock", "ph":"B", "ts":"2545662126", "pid":"1", "tid":"mom"},
{"name":"ModelSetRunClock", "ph":"E", "ts":"2545662197", "pid":"1", "tid":"mom"},
{"name":"ModelAdvance", "ph":"B", "ts":"2545662364", "pid":"1", "tid":"mom"},
{"name":"ModelAdvance", "ph":"E", "ts":"2550906933", "pid":"1", "tid":"mom"},
{"name":"ModelSetRunClock", "ph":"B", "ts":"2552921554", "pid":"1", "tid":"mom"},
{"name":"ModelSetRunClock", "ph":"E", "ts":"2552921600", "pid":"1", "tid":"mom"},
{"name":"ModelAdvance", "ph":"B", "ts":"2552921772", "pid":"1", "tid":"mom"},
{"name":"ModelAdvance", "ph":"E", "ts":"2558059508", "pid":"1", "tid":"mom"},
{"name":"ModelSetRunClock", "ph":"B", "ts":"2560810341", "pid":"1", "tid":"mom"},
{"name":"ModelSetRunClock", "ph":"E", "ts":"2560810404", "pid":"1", "tid":"mom"},
{"name":"ModelAdvance", "ph":"B", "ts":"2560810553", "pid":"1", "tid":"mom"},
{"name":"ModelAdvance", "ph":"E", "ts":"2565981304", "pid":"1", "tid":"mom"},
{"name":"ModelSetRunClock", "ph":"B", "ts":"2568006958", "pid":"1", "tid":"mom"},
{"name":"ModelSetRunClock", "ph":"E", "ts":"2568007026", "pid":"1", "tid":"mom"},
{"name":"ModelAdvance", "ph":"B", "ts":"2568007201", "pid":"1", "tid":"mom"},
{"name":"ModelAdvance", "ph":"E", "ts":"2573190171", "pid":"1", "tid":"mom"},
{"name":"ModelSetRunClock", "ph":"B", "ts":"2575892758", "pid":"1", "tid":"mom"},
{"name":"ModelSetRunClock", "ph":"E", "ts":"2575892859", "pid":"1", "tid":"mom"},
{"name":"ModelAdvance", "ph":"B", "ts":"2575893051", "pid":"1", "tid":"mom"},
{"name":"ModelAdvance", "ph":"E", "ts":"2581063122", "pid":"1", "tid":"mom"},
{"name":"ModelSetRunClock", "ph":"B", "ts":"2583030044", "pid":"1", "tid":"mom"},
{"name":"ModelSetRunClock", "ph":"E", "ts":"2583030113", "pid":"1", "tid":"mom"},
{"name":"ModelAdvance", "ph":"B", "ts":"2583030277", "pid":"1", "tid":"mom"},
{"name":"ModelAdvance", "ph":"E", "ts":"2588197962", "pid":"1", "tid":"mom"},
{"name":"ModelSetRunClock", "ph":"B", "ts":"2590940183", "pid":"1", "tid":"mom"},
{"name":"ModelSetRunClock", "ph":"E", "ts":"2590940253", "pid":"1", "tid":"mom"},
{"name":"ModelAdvance", "ph":"B", "ts":"2590940414", "pid":"1", "tid":"mom"},
{"name":"ModelAdvance", "ph":"E", "ts":"2596191055", "pid":"1", "tid":"mom"},
{"name":"ModelSetRunClock", "ph":"B", "ts":"2598226832", "pid":"1", "tid":"mom"},
{"name":"ModelSetRunClock", "ph":"E", "ts":"2598226909", "pid":"1", "tid":"mom"},
{"name":"ModelAdvance", "ph":"B", "ts":"2598227079", "pid":"1", "tid":"mom"},
{"name":"ModelAdvance", "ph":"E", "ts":"2603420026", "pid":"1", "tid":"mom"},
{"name":"ModelSetRunClock", "ph":"B", "ts":"2606164399", "pid":"1", "tid":"mom"},
{"name":"ModelSetRunClock", "ph":"E", "ts":"2606164463", "pid":"1", "tid":"mom"},
{"name":"ModelAdvance", "ph":"B", "ts":"2606164619", "pid":"1", "tid":"mom"},
{"name":"ModelAdvance", "ph":"E", "ts":"2611358164", "pid":"1", "tid":"mom"},
{"name":"ModelSetRunClock", "ph":"B", "ts":"2613495192", "pid":"1", "tid":"mom"},
{"name":"ModelSetRunClock", "ph":"E", "ts":"2613495276", "pid":"1", "tid":"mom"},
{"name":"ModelAdvance", "ph":"B", "ts":"2613495470", "pid":"1", "tid":"mom"},
{"name":"ModelAdvance", "ph":"E", "ts":"2618675782", "pid":"1", "tid":"mom"},
{"name":"ModelSetRunClock", "ph":"B", "ts":"2621774947", "pid":"1", "tid":"mom"},
{"name":"ModelSetRunClock", "ph":"E", "ts":"2621775129", "pid":"1", "tid":"mom"},
{"name":"ModelAdvance", "ph":"B", "ts":"2621775288", "pid":"1", "tid":"mom"},
{"name":"ModelAdvance", "ph":"E", "ts":"2626972265", "pid":"1", "tid":"mom"},
{"name":"ModelSetRunClock", "ph":"B", "ts":"2629523282", "pid":"1", "tid":"mom"},
{"name":"ModelSetRunClock", "ph":"E", "ts":"2629523345", "pid":"1", "tid":"mom"},
{"name":"ModelAdvance", "ph":"B", "ts":"2629523509", "pid":"1", "tid":"mom"},
{"name":"ModelAdvance", "ph":"E", "ts":"2634704522", "pid":"1", "tid":"mom"},
{"name":"ModelSetRunClock", "ph":"B", "ts":"2641690575", "pid":"1", "tid":"mom"},
{"name":"ModelSetRunClock", "ph":"E", "ts":"2641690636", "pid":"1", "tid":"mom"},
{"name":"ModelAdvance", "ph":"B", "ts":"2641690801", "pid":"1", "tid":"mom"},
{"name":"ModelAdvance", "ph":"E", "ts":"2646916626", "pid":"1", "tid":"mom"},
{"name":"ModelSetRunClock", "ph":"B", "ts":"2649266782", "pid":"1", "tid":"mom"},
{"name":"ModelSetRunClock", "ph":"E", "ts":"2649266853", "pid":"1", "tid":"mom"},
{"name":"ModelAdvance", "ph":"B", "ts":"2649267016", "pid":"1", "tid":"mom"},
{"name":"ModelAdvance", "ph":"E", "ts":"2654419652", "pid":"1", "tid":"mom"},
{"name":"ModelSetRunClock", "ph":"B", "ts":"2670359668", "pid":"1", "tid":"mom"},
{"name":"ModelSetRunClock", "ph":"E", "ts":"2670359882", "pid":"1", "tid":"mom"},
{"name":"ModelAdvance", "ph":"B", "ts":"2670360060", "pid":"1", "tid":"mom"},
{"name":"ModelAdvance", "ph":"E", "ts":"2675478219", "pid":"1", "tid":"mom"},
{"name":"ModelSetRunClock", "ph":"B", "ts":"2677841820", "pid":"1", "tid":"mom"},
{"name":"ModelSetRunClock", "ph":"E", "ts":"2677841888", "pid":"1", "tid":"mom"},
{"name":"ModelAdvance", "ph":"B", "ts":"2677842046", "pid":"1", "tid":"mom"},
{"name":"ModelAdvance", "ph":"E", "ts":"2682983151", "pid":"1", "tid":"mom"},
{"name":"ModelSetRunClock", "ph":"B", "ts":"2685811476", "pid":"1", "tid":"mom"},
{"name":"ModelSetRunClock", "ph":"E", "ts":"2685811546", "pid":"1", "tid":"mom"},
{"name":"ModelAdvance", "ph":"B", "ts":"2685811711", "pid":"1", "tid":"mom"},
{"name":"ModelAdvance", "ph":"E", "ts":"2690944811", "pid":"1", "tid":"mom"},
{"name":"ModelSetRunClock", "ph":"B", "ts":"2693329967", "pid":"1", "tid":"mom"},
{"name":"ModelSetRunClock", "ph":"E", "ts":"2693330068", "pid":"1", "tid":"mom"},
{"name":"ModelAdvance", "ph":"B", "ts":"2693330293", "pid":"1", "tid":"mom"},
{"name":"ModelAdvance", "ph":"E", "ts":"2698476065", "pid":"1", "tid":"mom"},
{"name":"ModelSetRunClock", "ph":"B", "ts":"2701214882", "pid":"1", "tid":"mom"},
{"name":"ModelSetRunClock", "ph":"E", "ts":"2701215068", "pid":"1", "tid":"mom"},
{"name":"ModelAdvance", "ph":"B", "ts":"2701215229", "pid":"1", "tid":"mom"},
{"name":"ModelAdvance", "ph":"E", "ts":"2706445967", "pid":"1", "tid":"mom"},
{"name":"ModelSetRunClock", "ph":"B", "ts":"2708652444", "pid":"1", "tid":"mom"},
{"name":"ModelSetRunClock", "ph":"E", "ts":"2708652527", "pid":"1", "tid":"mom"},
{"name":"ModelAdvance", "ph":"B", "ts":"2708652709", "pid":"1", "tid":"mom"},
{"name":"ModelAdvance", "ph":"E", "ts":"2713818402", "pid":"1", "tid":"mom"},
{"name":"ModelSetRunClock", "ph":"B", "ts":"2716742377", "pid":"1", "tid":"mom"},
{"name":"ModelSetRunClock", "ph":"E", "ts":"2716742447", "pid":"1", "tid":"mom"},
{"name":"ModelAdvance", "ph":"B", "ts":"2716742610", "pid":"1", "tid":"mom"},
{"name":"ModelAdvance", "ph":"E", "ts":"2721920171", "pid":"1", "tid":"mom"},
{"name":"ModelSetRunClock", "ph":"B", "ts":"2724071928", "pid":"1", "tid":"mom"},
{"name":"ModelSetRunClock", "ph":"E", "ts":"2724071998", "pid":"1", "tid":"mom"},
{"name":"ModelAdvance", "ph":"B", "ts":"2724072160", "pid":"1", "tid":"mom"},
{"name":"ModelAdvance", "ph":"E", "ts":"2729249034", "pid":"1", "tid":"mom"},
{"name":"ModelSetRunClock", "ph":"B", "ts":"2732020948", "pid":"1", "tid":"mom"},
{"name":"ModelSetRunClock", "ph":"E", "ts":"2732021190", "pid":"1", "tid":"mom"},
{"name":"ModelAdvance", "ph":"B", "ts":"2732021374", "pid":"1", "tid":"mom"},
{"name":"ModelAdvance", "ph":"E", "ts":"2737214666", "pid":"1", "tid":"mom"},
{"name":"ModelSetRunClock", "ph":"B", "ts":"2739404931", "pid":"1", "tid":"mom"},
{"name":"ModelSetRunClock", "ph":"E", "ts":"2739405015", "pid":"1", "tid":"mom"},
{"name":"ModelAdvance", "ph":"B", "ts":"2739405205", "pid":"1", "tid":"mom"},
{"name":"ModelAdvance", "ph":"E", "ts":"2744580053", "pid":"1", "tid":"mom"},
{"name":"ModelSetRunClock", "ph":"B", "ts":"2747357438", "pid":"1", "tid":"mom"},
{"name":"ModelSetRunClock", "ph":"E", "ts":"2747357526", "pid":"1", "tid":"mom"},
{"name":"ModelAdvance", "ph":"B", "ts":"2747357747", "pid":"1", "tid":"mom"},
{"name":"ModelAdvance", "ph":"E", "ts":"2752584724", "pid":"1", "tid":"mom"},
{"name":"ModelSetRunClock", "ph":"B", "ts":"2754812769", "pid":"1", "tid":"mom"},
{"name":"ModelSetRunClock", "ph":"E", "ts":"2754812837", "pid":"1", "tid":"mom"},
{"name":"ModelAdvance", "ph":"B", "ts":"2754812998", "pid":"1", "tid":"mom"},
{"name":"ModelAdvance", "ph":"E", "ts":"2759989784", "pid":"1", "tid":"mom"},
{"name":"ModelSetRunClock", "ph":"B", "ts":"2762802217", "pid":"1", "tid":"mom"},
{"name":"ModelSetRunClock", "ph":"E", "ts":"2762802525", "pid":"1", "tid":"mom"},
{"name":"ModelAdvance", "ph":"B", "ts":"2762802738", "pid":"1", "tid":"mom"},
{"name":"ModelAdvance", "ph":"E", "ts":"2767974228", "pid":"1", "tid":"mom"},
{"name":"ModelSetRunClock", "ph":"B", "ts":"2770195615", "pid":"1", "tid":"mom"},
{"name":"ModelSetRunClock", "ph":"E", "ts":"2770195688", "pid":"1", "tid":"mom"},
{"name":"ModelAdvance", "ph":"B", "ts":"2770195868", "pid":"1", "tid":"mom"},
{"name":"ModelAdvance", "ph":"E", "ts":"2775347968", "pid":"1", "tid":"mom"},
{"name":"ModelSetRunClock", "ph":"B", "ts":"2778051169", "pid":"1", "tid":"mom"},
{"name":"ModelSetRunClock", "ph":"E", "ts":"2778051237", "pid":"1", "tid":"mom"},
{"name":"ModelAdvance", "ph":"B", "ts":"2778051398", "pid":"1", "tid":"mom"},
{"name":"ModelAdvance", "ph":"E", "ts":"2783205804", "pid":"1", "tid":"mom"},
{"name":"ModelSetRunClock", "ph":"B", "ts":"2785283296", "pid":"1", "tid":"mom"},
{"name":"ModelSetRunClock", "ph":"E", "ts":"2785283357", "pid":"1", "tid":"mom"},
{"name":"ModelAdvance", "ph":"B", "ts":"2785283512", "pid":"1", "tid":"mom"},
{"name":"ModelAdvance", "ph":"E", "ts":"2790451486", "pid":"1", "tid":"mom"},
{"name":"ModelSetRunClock", "ph":"B", "ts":"2793196933", "pid":"1", "tid":"mom"},
{"name":"ModelSetRunClock", "ph":"E", "ts":"2793197195", "pid":"1", "tid":"mom"},
{"name":"ModelAdvance", "ph":"B", "ts":"2793197415", "pid":"1", "tid":"mom"},
{"name":"ModelAdvance", "ph":"E", "ts":"2798419258", "pid":"1", "tid":"mom"},
{"name":"ModelSetRunClock", "ph":"B", "ts":"2801001289", "pid":"1", "tid":"mom"},
{"name":"ModelSetRunClock", "ph":"E", "ts":"2801001359", "pid":"1", "tid":"mom"},
{"name":"ModelAdvance", "ph":"B", "ts":"2801001525", "pid":"1", "tid":"mom"},
{"name":"ModelAdvance", "ph":"E", "ts":"2806159765", "pid":"1", "tid":"mom"},
{"name":"ModelSetRunClock", "ph":"B", "ts":"2808953658", "pid":"1", "tid":"mom"},
{"name":"ModelSetRunClock", "ph":"E", "ts":"2808953739", "pid":"1", "tid":"mom"},
{"name":"ModelAdvance", "ph":"B", "ts":"2808954041", "pid":"1", "tid":"mom"},
{"name":"ModelAdvance", "ph":"E", "ts":"2814110614", "pid":"1", "tid":"mom"},
{"name":"ModelSetRunClock", "ph":"B", "ts":"2816247717", "pid":"1", "tid":"mom"},
{"name":"ModelSetRunClock", "ph":"E", "ts":"2816247830", "pid":"1", "tid":"mom"},
{"name":"ModelAdvance", "ph":"B", "ts":"2816248063", "pid":"1", "tid":"mom"},
{"name":"ModelAdvance", "ph":"E", "ts":"2821401926", "pid":"1", "tid":"mom"},
{"name":"ModelSetRunClock", "ph":"B", "ts":"2824107062", "pid":"1", "tid":"mom"},
{"name":"ModelSetRunClock", "ph":"E", "ts":"2824107278", "pid":"1", "tid":"mom"},
{"name":"ModelAdvance", "ph":"B", "ts":"2824107460", "pid":"1", "tid":"mom"},
{"name":"ModelAdvance", "ph":"E", "ts":"2829260061", "pid":"1", "tid":"mom"},
{"name":"ModelSetRunClock", "ph":"B", "ts":"2831380513", "pid":"1", "tid":"mom"},
{"name":"ModelSetRunClock", "ph":"E", "ts":"2831380588", "pid":"1", "tid":"mom"},
{"name":"ModelAdvance", "ph":"B", "ts":"2831380774", "pid":"1", "tid":"mom"},
{"name":"ModelAdvance", "ph":"E", "ts":"2836523933", "pid":"1", "tid":"mom"},
{"name":"ModelSetRunClock", "ph":"B", "ts":"2839287210", "pid":"1", "tid":"mom"},
{"name":"ModelSetRunClock", "ph":"E", "ts":"2839287285", "pid":"1", "tid":"mom"},
{"name":"ModelAdvance", "ph":"B", "ts":"2839287468", "pid":"1", "tid":"mom"},
{"name":"ModelAdvance", "ph":"E", "ts":"2844523128", "pid":"1", "tid":"mom"},
{"name":"ModelSetRunClock", "ph":"B", "ts":"2846586190", "pid":"1", "tid":"mom"},
{"name":"ModelSetRunClock", "ph":"E", "ts":"2846586284", "pid":"1", "tid":"mom"},
{"name":"ModelAdvance", "ph":"B", "ts":"2846586492", "pid":"1", "tid":"mom"},
{"name":"ModelAdvance", "ph":"E", "ts":"2851740006", "pid":"1", "tid":"mom"},
{"name":"ModelSetRunClock", "ph":"B", "ts":"2854470839", "pid":"1", "tid":"mom"},
{"name":"ModelSetRunClock", "ph":"E", "ts":"2854565959", "pid":"1", "tid":"mom"},
{"name":"ModelAdvance", "ph":"B", "ts":"2854566138", "pid":"1", "tid":"mom"},
{"name":"ModelAdvance", "ph":"E", "ts":"2859720108", "pid":"1", "tid":"mom"},
{"name":"ModelSetRunClock", "ph":"B", "ts":"2861673531", "pid":"1", "tid":"mom"},
{"name":"ModelSetRunClock", "ph":"E", "ts":"2861673599", "pid":"1", "tid":"mom"},
{"name":"ModelAdvance", "ph":"B", "ts":"2861673776", "pid":"1", "tid":"mom"},
{"name":"ModelAdvance", "ph":"E", "ts":"2866842980", "pid":"1", "tid":"mom"},
{"name":"ModelSetRunClock", "ph":"B", "ts":"2869586415", "pid":"1", "tid":"mom"},
{"name":"ModelSetRunClock", "ph":"E", "ts":"2869586478", "pid":"1", "tid":"mom"},
{"name":"ModelAdvance", "ph":"B", "ts":"2869586639", "pid":"1", "tid":"mom"},
{"name":"ModelAdvance", "ph":"E", "ts":"2874762383", "pid":"1", "tid":"mom"},
{"name":"ModelSetRunClock", "ph":"B", "ts":"2876757257", "pid":"1", "tid":"mom"},
{"name":"ModelSetRunClock", "ph":"E", "ts":"2876757325", "pid":"1", "tid":"mom"},
{"name":"ModelAdvance", "ph":"B", "ts":"2876757495", "pid":"1", "tid":"mom"},
{"name":"ModelAdvance", "ph":"E", "ts":"2881952886", "pid":"1", "tid":"mom"},
{"name":"ModelSetRunClock", "ph":"B", "ts":"2884723473", "pid":"1", "tid":"mom"},
{"name":"ModelSetRunClock", "ph":"E", "ts":"2884723556", "pid":"1", "tid":"mom"},
{"name":"ModelAdvance", "ph":"B", "ts":"2884723784", "pid":"1", "tid":"mom"},
{"name":"ModelAdvance", "ph":"E", "ts":"2889966417", "pid":"1", "tid":"mom"},
{"name":"ModelSetRunClock", "ph":"B", "ts":"2891928929", "pid":"1", "tid":"mom"},
{"name":"ModelSetRunClock", "ph":"E", "ts":"2891929048", "pid":"1", "tid":"mom"},
{"name":"ModelAdvance", "ph":"B", "ts":"2891929267", "pid":"1", "tid":"mom"},
{"name":"ModelAdvance", "ph":"E", "ts":"2897114580", "pid":"1", "tid":"mom"},
{"name":"ModelSetRunClock", "ph":"B", "ts":"2899769080", "pid":"1", "tid":"mom"},
{"name":"ModelSetRunClock", "ph":"E", "ts":"2899769158", "pid":"1", "tid":"mom"},
{"name":"ModelAdvance", "ph":"B", "ts":"2899769331", "pid":"1", "tid":"mom"},
{"name":"ModelAdvance", "ph":"E", "ts":"2904931258", "pid":"1", "tid":"mom"},
{"name":"ModelSetRunClock", "ph":"B", "ts":"2906988053", "pid":"1", "tid":"mom"},
{"name":"ModelSetRunClock", "ph":"E", "ts":"2906988125", "pid":"1", "tid":"mom"},
{"name":"ModelAdvance", "ph":"B", "ts":"2906988447", "pid":"1", "tid":"mom"},
{"name":"ModelAdvance", "ph":"E", "ts":"2912139352", "pid":"1", "tid":"mom"},
{"name":"ModelSetRunClock", "ph":"B", "ts":"2914866290", "pid":"1", "tid":"mom"},
{"name":"ModelSetRunClock", "ph":"E", "ts":"2914866362", "pid":"1", "tid":"mom"},
{"name":"ModelAdvance", "ph":"B", "ts":"2914866548", "pid":"1", "tid":"mom"},
{"name":"ModelAdvance", "ph":"E", "ts":"2920025779", "pid":"1", "tid":"mom"},
{"name":"ModelSetRunClock", "ph":"B", "ts":"2922181027", "pid":"1", "tid":"mom"},
{"name":"ModelSetRunClock", "ph":"E", "ts":"2922181090", "pid":"1", "tid":"mom"},
{"name":"ModelAdvance", "ph":"B", "ts":"2922181239", "pid":"1", "tid":"mom"},
{"name":"ModelAdvance", "ph":"E", "ts":"2927327202", "pid":"1", "tid":"mom"},
{"name":"ModelSetRunClock", "ph":"B", "ts":"2930210740", "pid":"1", "tid":"mom"},
{"name":"ModelSetRunClock", "ph":"E", "ts":"2930210808", "pid":"1", "tid":"mom"},
{"name":"ModelAdvance", "ph":"B", "ts":"2930210961", "pid":"1", "tid":"mom"},
{"name":"ModelAdvance", "ph":"E", "ts":"2935429483", "pid":"1", "tid":"mom"},
{"name":"ModelSetRunClock", "ph":"B", "ts":"2937534839", "pid":"1", "tid":"mom"},
{"name":"ModelSetRunClock", "ph":"E", "ts":"2937534903", "pid":"1", "tid":"mom"},
{"name":"ModelAdvance", "ph":"B", "ts":"2937535054", "pid":"1", "tid":"mom"},
{"name":"ModelAdvance", "ph":"E", "ts":"2942692742", "pid":"1", "tid":"mom"},
{"name":"ModelSetRunClock", "ph":"B", "ts":"2945364124", "pid":"1", "tid":"mom"},
{"name":"ModelSetRunClock", "ph":"E", "ts":"2945364212", "pid":"1", "tid":"mom"},
{"name":"ModelAdvance", "ph":"B", "ts":"2945364414", "pid":"1", "tid":"mom"},
{"name":"ModelAdvance", "ph":"E", "ts":"2950511025", "pid":"1", "tid":"mom"},
{"name":"ModelSetRunClock", "ph":"B", "ts":"2952526890", "pid":"1", "tid":"mom"},
{"name":"ModelSetRunClock", "ph":"E", "ts":"2952526954", "pid":"1", "tid":"mom"},
{"name":"ModelAdvance", "ph":"B", "ts":"2952527115", "pid":"1", "tid":"mom"},
{"name":"ModelAdvance", "ph":"E", "ts":"2957670949", "pid":"1", "tid":"mom"},
{"name":"ModelSetRunClock", "ph":"B", "ts":"2960386119", "pid":"1", "tid":"mom"},
{"name":"ModelSetRunClock", "ph":"E", "ts":"2960386196", "pid":"1", "tid":"mom"},
{"name":"ModelAdvance", "ph":"B", "ts":"2960386405", "pid":"1", "tid":"mom"},
{"name":"ModelAdvance", "ph":"E", "ts":"2965560942", "pid":"1", "tid":"mom"},
{"name":"ModelSetRunClock", "ph":"B", "ts":"2967619596", "pid":"1", "tid":"mom"},
{"name":"ModelSetRunClock", "ph":"E", "ts":"2967619663", "pid":"1", "tid":"mom"},
{"name":"ModelAdvance", "ph":"B", "ts":"2967619826", "pid":"1", "tid":"mom"},
{"name":"ModelAdvance", "ph":"E", "ts":"2972799060", "pid":"1", "tid":"mom"},
{"name":"ModelSetRunClock", "ph":"B", "ts":"2975509501", "pid":"1", "tid":"mom"},
{"name":"ModelSetRunClock", "ph":"E", "ts":"2975509566", "pid":"1", "tid":"mom"},
{"name":"ModelAdvance", "ph":"B", "ts":"2975509746", "pid":"1", "tid":"mom"},
{"name":"ModelAdvance", "ph":"E", "ts":"2980761412", "pid":"1", "tid":"mom"},
{"name":"ModelSetRunClock", "ph":"B", "ts":"2982803063", "pid":"1", "tid":"mom"},
{"name":"ModelSetRunClock", "ph":"E", "ts":"2982803116", "pid":"1", "tid":"mom"},
{"name":"ModelAdvance", "ph":"B", "ts":"2982803267", "pid":"1", "tid":"mom"},
{"name":"ModelAdvance", "ph":"E", "ts":"2987966371", "pid":"1", "tid":"mom"},
{"name":"ModelSetRunClock", "ph":"B", "ts":"2990641172", "pid":"1", "tid":"mom"},
{"name":"ModelSetRunClock", "ph":"E", "ts":"2990641252", "pid":"1", "tid":"mom"},
{"name":"ModelAdvance", "ph":"B", "ts":"2990641428", "pid":"1", "tid":"mom"},
{"name":"ModelAdvance", "ph":"E", "ts":"2995785978", "pid":"1", "tid":"mom"},
{"name":"ModelSetRunClock", "ph":"B", "ts":"2997799732", "pid":"1", "tid":"mom"},
{"name":"ModelSetRunClock", "ph":"E", "ts":"2997799809", "pid":"1", "tid":"mom"},
{"name":"ModelAdvance", "ph":"B", "ts":"2997800002", "pid":"1", "tid":"mom"},
{"name":"ModelAdvance", "ph":"E", "ts":"3002939436", "pid":"1", "tid":"mom"},
{"name":"ModelSetRunClock", "ph":"B", "ts":"3005687632", "pid":"1", "tid":"mom"},
{"name":"ModelSetRunClock", "ph":"E", "ts":"3005687963", "pid":"1", "tid":"mom"},
{"name":"ModelAdvance", "ph":"B", "ts":"3005688159", "pid":"1", "tid":"mom"},
{"name":"ModelAdvance", "ph":"E", "ts":"3010827594", "pid":"1", "tid":"mom"},
{"name":"ModelSetRunClock", "ph":"B", "ts":"3012870041", "pid":"1", "tid":"mom"},
{"name":"ModelSetRunClock", "ph":"E", "ts":"3012870145", "pid":"1", "tid":"mom"},
{"name":"ModelAdvance", "ph":"B", "ts":"3012870356", "pid":"1", "tid":"mom"},
{"name":"ModelAdvance", "ph":"E", "ts":"3018024844", "pid":"1", "tid":"mom"},
{"name":"ModelSetRunClock", "ph":"B", "ts":"3020668238", "pid":"1", "tid":"mom"},
{"name":"ModelSetRunClock", "ph":"E", "ts":"3020668307", "pid":"1", "tid":"mom"},
{"name":"ModelAdvance", "ph":"B", "ts":"3020668480", "pid":"1", "tid":"mom"},
{"name":"ModelAdvance", "ph":"E", "ts":"3025876290", "pid":"1", "tid":"mom"},
{"name":"ModelFinalize", "ph":"B", "ts":"3025882610", "pid":"1", "tid":"mom"},
{"name":"ModelFinalize", "ph":"E", "ts":"3025991738", "pid":"1", "tid":"mom"},
