{"name":"SetServices", "ph":"B", "ts":"2033634148", "pid":"1", "tid":"mom"},
{"name":"SetServices", "ph":"E", "ts":"2033637127", "pid":"1", "tid":"mom"},
{"name":"InitializeP0", "ph":"B", "ts":"2034833428", "pid":"1", "tid":"mom"},
{"name":"InitializeP0", "ph":"E", "ts":"2034833844", "pid":"1", "tid":"mom"},
{"name":"InitializeAdvertise", "ph":"B", "ts":"2075214531", "pid":"1", "tid":"mom"},
{"name":"InitializeAdvertise", "ph":"E", "ts":"2133696375", "pid":"1", "tid":"mom"},
{"name":"InitializeRealize", "ph":"B", "ts":"2269439881", "pid":"1", "tid":"mom"},
{"name":"InitializeRealize", "ph":"E", "ts":"2274627019", "pid":"1", "tid":"mom"},
{"name":"DataInitialize", "ph":"B", "ts":"2313536931", "pid":"1", "tid":"mom"},
{"name":"DataInitialize", "ph":"E", "ts":"2313537996", "pid":"1", "tid":"mom"},
{"name":"ModelSetRunClock", "ph":"B", "ts":"2386004866", "pid":"1", "tid":"mom"},
{"name":"ModelSetRunClock", "ph":"E", "ts":"2386013635", "pid":"1", "tid":"mom"},
{"name":"ModelAdvance", "ph":"B", "ts":"2386013818", "pid":"1", "tid":"mom"},
{"name":"ModelAdvance", "ph":"E", "ts":"2392024441", "pid":"1", "tid":"mom"},
{"name":"ModelSetRunClock", "ph":"B", "ts":"2398269317", "pid":"1", "tid":"mom"},
{"name":"ModelSetRunClock", "ph":"E", "ts":"2398269389", "pid":"1", "tid":"mom"},
{"name":"ModelAdvance", "ph":"B", "ts":"2398269565", "pid":"1", "tid":"mom"},
{"name":"ModelAdvance", "ph":"E", "ts":"2403635095", "pid":"1", "tid":"mom"},
{"name":"ModelSetRunClock", "ph":"B", "ts":"2405647113", "pid":"1", "tid":"mom"},
{"name":"ModelSetRunClock", "ph":"E", "ts":"2405647205", "pid":"1", "tid":"mom"},
{"name":"ModelAdvance", "ph":"B", "ts":"2405647433", "pid":"1", "tid":"mom"},
{"name":"ModelAdvance", "ph":"E", "ts":"2410987823", "pid":"1", "tid":"mom"},
{"name":"ModelSetRunClock", "ph":"B", "ts":"2413596379", "pid":"1", "tid":"mom"},
{"name":"ModelSetRunClock", "ph":"E", "ts":"2413596466", "pid":"1", "tid":"mom"},
{"name":"ModelAdvance", "ph":"B", "ts":"2413596653", "pid":"1", "tid":"mom"},
{"name":"ModelAdvance", "ph":"E", "ts":"2418928058", "pid":"1", "tid":"mom"},
{"name":"ModelSetRunClock", "ph":"B", "ts":"2420914231", "pid":"1", "tid":"mom"},
{"name":"ModelSetRunClock", "ph":"E", "ts":"2420914300", "pid":"1", "tid":"mom"},
{"name":"ModelAdvance", "ph":"B", "ts":"2420914499", "pid":"1", "tid":"mom"},
{"name":"ModelAdvance", "ph":"E", "ts":"2426298621", "pid":"1", "tid":"mom"},
{"name":"ModelSetRunClock", "ph":"B", "ts":"2428884669", "pid":"1", "tid":"mom"},
{"name":"ModelSetRunClock", "ph":"E", "ts":"2428884737", "pid":"1", "tid":"mom"},
{"name":"ModelAdvance", "ph":"B", "ts":"2428884898", "pid":"1", "tid":"mom"},
{"name":"ModelAdvance", "ph":"E", "ts":"2434313057", "pid":"1", "tid":"mom"},
{"name":"ModelSetRunClock", "ph":"B", "ts":"2451561391", "pid":"1", "tid":"mom"},
{"name":"ModelSetRunClock", "ph":"E", "ts":"2451561699", "pid":"1", "tid":"mom"},
{"name":"ModelAdvance", "ph":"B", "ts":"2451561890", "pid":"1", "tid":"mom"},
{"name":"ModelAdvance", "ph":"E", "ts":"2456956846", "pid":"1", "tid":"mom"},
{"name":"ModelSetRunClock", "ph":"B", "ts":"2459587601", "pid":"1", "tid":"mom"},
{"name":"ModelSetRunClock", "ph":"E", "ts":"2459587675", "pid":"1", "tid":"mom"},
{"name":"ModelAdvance", "ph":"B", "ts":"2459587855", "pid":"1", "tid":"mom"},
{"name":"ModelAdvance", "ph":"E", "ts":"2464984726", "pid":"1", "tid":"mom"},
{"name":"ModelSetRunClock", "ph":"B", "ts":"2466917075", "pid":"1", "tid":"mom"},
{"name":"ModelSetRunClock", "ph":"E", "ts":"2466917149", "pid":"1", "tid":"mom"},
{"name":"ModelAdvance", "ph":"B", "ts":"2466917335", "pid":"1", "tid":"mom"},
{"name":"ModelAdvance", "ph":"E", "ts":"2472314143", "pid":"1", "tid":"mom"},
{"name":"ModelSetRunClock", "ph":"B", "ts":"2474910719", "pid":"1", "tid":"mom"},
{"name":"ModelSetRunClock", "ph":"E", "ts":"2474910793", "pid":"1", "tid":"mom"},
{"name":"ModelAdvance", "ph":"B", "ts":"2474910960", "pid":"1", "tid":"mom"},
{"name":"ModelAdvance", "ph":"E", "ts":"2480286675", "pid":"1", "tid":"mom"},
{"name":"ModelSetRunClock", "ph":"B", "ts":"2482316553", "pid":"1", "tid":"mom"},
{"name":"ModelSetRunClock", "ph":"E", "ts":"2482316620", "pid":"1", "tid":"mom"},
{"name":"ModelAdvance", "ph":"B", "ts":"2482316928", "pid":"1", "tid":"mom"},
{"name":"ModelAdvance", "ph":"E", "ts":"2487697862", "pid":"1", "tid":"mom"},
{"name":"ModelSetRunClock", "ph":"B", "ts":"2490438167", "pid":"1", "tid":"mom"},
{"name":"ModelSetRunClock", "ph":"E", "ts":"2490438255", "pid":"1", "tid":"mom"},
{"name":"ModelAdvance", "ph":"B", "ts":"2490438433", "pid":"1", "tid":"mom"},
{"name":"ModelAdvance", "ph":"E", "ts":"2495715003", "pid":"1", "tid":"mom"},
{"name":"ModelSetRunClock", "ph":"B", "ts":"2497884496", "pid":"1", "tid":"mom"},
{"name":"ModelSetRunClock", "ph":"E", "ts":"2497884559", "pid":"1", "tid":"mom"},
{"name":"ModelAdvance", "ph":"B", "ts":"2497884713", "pid":"1", "tid":"mom"},
{"name":"ModelAdvance", "ph":"E", "ts":"2503091364", "pid":"1", "tid":"mom"},
{"name":"ModelSetRunClock", "ph":"B", "ts":"2505949340", "pid":"1", "tid":"mom"},
{"name":"ModelSetRunClock", "ph":"E", "ts":"2505949401", "pid":"1", "tid":"mom"},
{"name":"ModelAdvance", "ph":"B", "ts":"2505949557", "pid":"1", "tid":"mom"},
{"name":"ModelAdvance", "ph":"E", "ts":"2511173615", "pid":"1", "tid":"mom"},
{"name":"ModelSetRunClock", "ph":"B", "ts":"2513332735", "pid":"1", "tid":"mom"},
{"name":"ModelSetRunClock", "ph":"E", "ts":"2513332811", "pid":"1", "tid":"mom"},
{"name":"ModelAdvance", "ph":"B", "ts":"2513333009", "pid":"1", "tid":"mom"},
{"name":"ModelAdvance", "ph":"E", "ts":"2518568783", "pid":"1", "tid":"mom"},
{"name":"ModelSetRunClock", "ph":"B", "ts":"2521389170", "pid":"1", "tid":"mom"},
{"name":"ModelSetRunClock", "ph":"E", "ts":"2521389255", "pid":"1", "tid":"mom"},
{"name":"ModelAdvance", "ph":"B", "ts":"2521389442", "pid":"1", "tid":"mom"},
{"name":"ModelAdvance", "ph":"E", "ts":"2526634386", "pid":"1", "tid":"mom"},
{"name":"ModelSetRunClock", "ph":"B", "ts":"2529011489", "pid":"1", "tid":"mom"},
{"name":"ModelSetRunClock", "ph":"E", "ts":"2529011564", "pid":"1", "tid":"mom"},
{"name":"ModelAdvance", "ph":"B", "ts":"2529011737", "pid":"1", "tid":"mom"},
{"name":"ModelAdvance", "ph":"E", "ts":"2534243553", "pid":"1", "tid":"mom"},
{"name":"ModelSetRunClock", "ph":"B", "ts":"2537342251", "pid":"1", "tid":"mom"},
{"name":"ModelSetRunClock", "ph":"E", "ts":"2537342327", "pid":"1", "tid":"mom"},
{"name":"ModelAdvance", "ph":"B", "ts":"2537342527", "pid":"1", "tid":"mom"},
{"name":"ModelAdvance", "ph":"E", "ts":"2542669465", "pid":"1", "tid":"mom"},
{"name":"ModelSetRunClock", "ph":"B", "ts":"2545012203", "pid":"1", "tid":"mom"},
{"name":"ModelSetRunClock", "ph":"E", "ts":"2545012280", "pid":"1", "tid":"mom"},
{"name":"ModelAdvance", "ph":"B", "ts":"2545012469", "pid":"1", "tid":"mom"},
{"name":"ModelAdvance", "ph":"E", "ts":"2550228882", "pid":"1", "tid":"mom"},
{"name":"ModelSetRunClock", "ph":"B", "ts":"2553364071", "pid":"1", "tid":"mom"},
{"name":"ModelSetRunClock", "ph":"E", "ts":"2553364139", "pid":"1", "tid":"mom"},
{"name":"ModelAdvance", "ph":"B", "ts":"2553364301", "pid":"1", "tid":"mom"},
{"name":"ModelAdvance", "ph":"E", "ts":"2558560252", "pid":"1", "tid":"mom"},
{"name":"ModelSetRunClock", "ph":"B", "ts":"2560959837", "pid":"1", "tid":"mom"},
{"name":"ModelSetRunClock", "ph":"E", "ts":"2560959913", "pid":"1", "tid":"mom"},
{"name":"ModelAdvance", "ph":"B", "ts":"2560960110", "pid":"1", "tid":"mom"},
{"name":"ModelAdvance", "ph":"E", "ts":"2566197883", "pid":"1", "tid":"mom"},
{"name":"ModelSetRunClock", "ph":"B", "ts":"2569617415", "pid":"1", "tid":"mom"},
{"name":"ModelSetRunClock", "ph":"E", "ts":"2569617487", "pid":"1", "tid":"mom"},
{"name":"ModelAdvance", "ph":"B", "ts":"2569617654", "pid":"1", "tid":"mom"},
{"name":"ModelAdvance", "ph":"E", "ts":"2574806623", "pid":"1", "tid":"mom"},
{"name":"ModelSetRunClock", "ph":"B", "ts":"2577629379", "pid":"1", "tid":"mom"},
{"name":"ModelSetRunClock", "ph":"E", "ts":"2577629482", "pid":"1", "tid":"mom"},
{"name":"ModelAdvance", "ph":"B", "ts":"2577629687", "pid":"1", "tid":"mom"},
{"name":"ModelAdvance", "ph":"E", "ts":"2582830486", "pid":"1", "tid":"mom"},
{"name":"ModelSetRunClock", "ph":"B", "ts":"2585983862", "pid":"1", "tid":"mom"},
{"name":"ModelSetRunClock", "ph":"E", "ts":"2585984097", "pid":"1", "tid":"mom"},
{"name":"ModelAdvance", "ph":"B", "ts":"2585984276", "pid":"1", "tid":"mom"},
{"name":"ModelAdvance", "ph":"E", "ts":"2591248959", "pid":"1", "tid":"mom"},
{"name":"ModelSetRunClock", "ph":"B", "ts":"2593596713", "pid":"1", "tid":"mom"},
{"name":"ModelSetRunClock", "ph":"E", "ts":"2593596780", "pid":"1", "tid":"mom"},
{"name":"ModelAdvance", "ph":"B", "ts":"2593596952", "pid":"1", "tid":"mom"},
{"name":"ModelAdvance", "ph":"E", "ts":"2598763019", "pid":"1", "tid":"mom"},
{"name":"ModelSetRunClock", "ph":"B", "ts":"2601541380", "pid":"1", "tid":"mom"},
{"name":"ModelSetRunClock", "ph":"E", "ts":"2601541462", "pid":"1", "tid":"mom"},
{"name":"ModelAdvance", "ph":"B", "ts":"2601541651", "pid":"1", "tid":"mom"},
{"name":"ModelAdvance", "ph":"E", "ts":"2606689277", "pid":"1", "tid":"mom"},
{"name":"ModelSetRunClock", "ph":"B", "ts":"2608782922", "pid":"1", "tid":"mom"},
{"name":"ModelSetRunClock", "ph":"E", "ts":"2608782990", "pid":"1", "tid":"mom"},
{"name":"ModelAdvance", "ph":"B", "ts":"2608783153", "pid":"1", "tid":"mom"},
{"name":"ModelAdvance", "ph":"E", "ts":"2613955975", "pid":"1", "tid":"mom"},
{"name":"ModelSetRunClock", "ph":"B", "ts":"2616695821", "pid":"1", "tid":"mom"},
{"name":"ModelSetRunClock", "ph":"E", "ts":"2616695891", "pid":"1", "tid":"mom"},
{"name":"ModelAdvance", "ph":"B", "ts":"2616696095", "pid":"1", "tid":"mom"},
{"name":"ModelAdvance", "ph":"E", "ts":"2621855273", "pid":"1", "tid":"mom"},
{"name":"ModelSetRunClock", "ph":"B", "ts":"2623938062", "pid":"1", "tid":"mom"},
{"name":"ModelSetRunClock", "ph":"E", "ts":"2623938133", "pid":"1", "tid":"mom"},
{"name":"ModelAdvance", "ph":"B", "ts":"2623938306", "pid":"1", "tid":"mom"},
{"name":"ModelAdvance", "ph":"E", "ts":"2629097196", "pid":"1", "tid":"mom"},
{"name":"ModelSetRunClock", "ph":"B", "ts":"2631776939", "pid":"1", "tid":"mom"},
{"name":"ModelSetRunClock", "ph":"E", "ts":"2631777005", "pid":"1", "tid":"mom"},
{"name":"ModelAdvance", "ph":"B", "ts":"2631777169", "pid":"1", "tid":"mom"},
{"name":"ModelAdvance", "ph":"E", "ts":"2637026411", "pid":"1", "tid":"mom"},
{"name":"ModelSetRunClock", "ph":"B", "ts":"2639035117", "pid":"1", "tid":"mom"},
{"name":"ModelSetRunClock", "ph":"E", "ts":"2639035177", "pid":"1", "tid":"mom"},
{"name":"ModelAdvance", "ph":"B", "ts":"2639035338", "pid":"1", "tid":"mom"},
{"name":"ModelAdvance", "ph":"E", "ts":"2644183832", "pid":"1", "tid":"mom"},
{"name":"ModelSetRunClock", "ph":"B", "ts":"2646914364", "pid":"1", "tid":"mom"},
{"name":"ModelSetRunClock", "ph":"E", "ts":"2646914434", "pid":"1", "tid":"mom"},
{"name":"ModelAdvance", "ph":"B", "ts":"2646914600", "pid":"1", "tid":"mom"},
{"name":"ModelAdvance", "ph":"E", "ts":"2652079638", "pid":"1", "tid":"mom"},
{"name":"ModelSetRunClock", "ph":"B", "ts":"2654085009", "pid":"1", "tid":"mom"},
{"name":"ModelSetRunClock", "ph":"E", "ts":"2654085080", "pid":"1", "tid":"mom"},
{"name":"ModelAdvance", "ph":"B", "ts":"2654085244", "pid":"1", "tid":"mom"},
{"name":"ModelAdvance", "ph":"E", "ts":"2659241815", "pid":"1", "tid":"mom"},
{"name":"ModelSetRunClock", "ph":"B", "ts":"2661866257", "pid":"1", "tid":"mom"},
{"name":"ModelSetRunClock", "ph":"E", "ts":"2661866346", "pid":"1", "tid":"mom"},
{"name":"ModelAdvance", "ph":"B", "ts":"2661866534", "pid":"1", "tid":"mom"},
{"name":"ModelAdvance", "ph":"E", "ts":"2667011245", "pid":"1", "tid":"mom"},
{"name":"ModelSetRunClock", "ph":"B", "ts":"2668976787", "pid":"1", "tid":"mom"},
{"name":"ModelSetRunClock", "ph":"E", "ts":"2668976855", "pid":"1", "tid":"mom"},
{"name":"ModelAdvance", "ph":"B", "ts":"2668977031", "pid":"1", "tid":"mom"},
{"name":"ModelAdvance", "ph":"E", "ts":"2674133522", "pid":"1", "tid":"mom"},
{"name":"ModelSetRunClock", "ph":"B", "ts":"2676793235", "pid":"1", "tid":"mom"},
{"name":"ModelSetRunClock", "ph":"E", "ts":"2676793311", "pid":"1", "tid":"mom"},
{"name":"ModelAdvance", "ph":"B", "ts":"2676793476", "pid":"1", "tid":"mom"},
{"name":"ModelAdvance", "ph":"E", "ts":"2682030155", "pid":"1", "tid":"mom"},
{"name":"ModelSetRunClock", "ph":"B", "ts":"2684028635", "pid":"1", "tid":"mom"},
{"name":"ModelSetRunClock", "ph":"E", "ts":"2684028698", "pid":"1", "tid":"mom"},
{"name":"ModelAdvance", "ph":"B", "ts":"2684028860", "pid":"1", "tid":"mom"},
{"name":"ModelAdvance", "ph":"E", "ts":"2689218278", "pid":"1", "tid":"mom"},
{"name":"ModelSetRunClock", "ph":"B", "ts":"2691814473", "pid":"1", "tid":"mom"},
{"name":"ModelSetRunClock", "ph":"E", "ts":"2691814541", "pid":"1", "tid":"mom"},
{"name":"ModelAdvance", "ph":"B", "ts":"2691814706", "pid":"1", "tid":"mom"},
{"name":"ModelAdvance", "ph":"E", "ts":"2697035372", "pid":"1", "tid":"mom"},
{"name":"ModelSetRunClock", "ph":"B", "ts":"2699071335", "pid":"1", "tid":"mom"},
{"name":"ModelSetRunClock", "ph":"E", "ts":"2699071405", "pid":"1", "tid":"mom"},
{"name":"ModelAdvance", "ph":"B", "ts":"2699071567", "pid":"1", "tid":"mom"},
{"name":"ModelAdvance", "ph":"E", "ts":"2704283386", "pid":"1", "tid":"mom"},
{"name":"ModelSetRunClock", "ph":"B", "ts":"2707208429", "pid":"1", "tid":"mom"},
{"name":"ModelSetRunClock", "ph":"E", "ts":"2707208502", "pid":"1", "tid":"mom"},
{"name":"ModelAdvance", "ph":"B", "ts":"2707208671", "pid":"1", "tid":"mom"},
{"name":"ModelAdvance", "ph":"E", "ts":"2712410616", "pid":"1", "tid":"mom"},
{"name":"ModelSetRunClock", "ph":"B", "ts":"2714927911", "pid":"1", "tid":"mom"},
{"name":"ModelSetRunClock", "ph":"E", "ts":"2714927987", "pid":"1", "tid":"mom"},
{"name":"ModelAdvance", "ph":"B", "ts":"2714928154", "pid":"1", "tid":"mom"},
{"name":"ModelAdvance", "ph":"E", "ts":"2720118918", "pid":"1", "tid":"mom"},
{"name":"ModelSetRunClock", "ph":"B", "ts":"2723200417", "pid":"1", "tid":"mom"},
{"name":"ModelSetRunClock", "ph":"E", "ts":"2723200483", "pid":"1", "tid":"mom"},
{"name":"ModelAdvance", "ph":"B", "ts":"2723200644", "pid":"1", "tid":"mom"},
{"name":"ModelAdvance", "ph":"E", "ts":"2728428113", "pid":"1", "tid":"mom"},
{"name":"ModelSetRunClock", "ph":"B", "ts":"2730885710", "pid":"1", "tid":"mom"},
{"name":"ModelSetRunClock", "ph":"E", "ts":"2730885777", "pid":"1", "tid":"mom"},
{"name":"ModelAdvance", "ph":"B", "ts":"2730885940", "pid":"1", "tid":"mom"},
{"name":"ModelAdvance", "ph":"E", "ts":"2736028670", "pid":"1", "tid":"mom"},
{"name":"ModelSetRunClock", "ph":"B", "ts":"2751012847", "pid":"1", "tid":"mom"},
{"name":"ModelSetRunClock", "ph":"E", "ts":"2751012917", "pid":"1", "tid":"mom"},
{"name":"ModelAdvance", "ph":"B", "ts":"2751013089", "pid":"1", "tid":"mom"},
{"name":"ModelAdvance", "ph":"E", "ts":"2756147061", "pid":"1", "tid":"mom"},
{"name":"ModelSetRunClock", "ph":"B", "ts":"2758544433", "pid":"1", "tid":"mom"},
{"name":"ModelSetRunClock", "ph":"E", "ts":"2758544640", "pid":"1", "tid":"mom"},
{"name":"ModelAdvance", "ph":"B", "ts":"2758544811", "pid":"1", "tid":"mom"},
{"name":"ModelAdvance", "ph":"E", "ts":"2763674002", "pid":"1", "tid":"mom"},
{"name":"ModelSetRunClock", "ph":"B", "ts":"2766480419", "pid":"1", "tid":"mom"},
{"name":"ModelSetRunClock", "ph":"E", "ts":"2766480486", "pid":"1", "tid":"mom"},
{"name":"ModelAdvance", "ph":"B", "ts":"2766480655", "pid":"1", "tid":"mom"},
{"name":"ModelAdvance", "ph":"E", "ts":"2771636676", "pid":"1", "tid":"mom"},
{"name":"ModelSetRunClock", "ph":"B", "ts":"2773737658", "pid":"1", "tid":"mom"},
{"name":"ModelSetRunClock", "ph":"E", "ts":"2773737724", "pid":"1", "tid":"mom"},
{"name":"ModelAdvance", "ph":"B", "ts":"2773737894", "pid":"1", "tid":"mom"},
{"name":"ModelAdvance", "ph":"E", "ts":"2778895178", "pid":"1", "tid":"mom"},
{"name":"ModelSetRunClock", "ph":"B", "ts":"2781632657", "pid":"1", "tid":"mom"},
{"name":"ModelSetRunClock", "ph":"E", "ts":"2781632729", "pid":"1", "tid":"mom"},
{"name":"ModelAdvance", "ph":"B", "ts":"2781632887", "pid":"1", "tid":"mom"},
{"name":"ModelAdvance", "ph":"E", "ts":"2786853820", "pid":"1", "tid":"mom"},
{"name":"ModelSetRunClock", "ph":"B", "ts":"2789034827", "pid":"1", "tid":"mom"},
{"name":"ModelSetRunClock", "ph":"E", "ts":"2789034907", "pid":"1", "tid":"mom"},
{"name":"ModelAdvance", "ph":"B", "ts":"2789035091", "pid":"1", "tid":"mom"},
{"name":"ModelAdvance", "ph":"E", "ts":"2794222481", "pid":"1", "tid":"mom"},
{"name":"ModelSetRunClock", "ph":"B", "ts":"2797037880", "pid":"1", "tid":"mom"},
{"name":"ModelSetRunClock", "ph":"E", "ts":"2797037949", "pid":"1", "tid":"mom"},
{"name":"ModelAdvance", "ph":"B", "ts":"2797038111", "pid":"1", "tid":"mom"},
{"name":"ModelAdvance", "ph":"E", "ts":"2802214463", "pid":"1", "tid":"mom"},
{"name":"ModelSetRunClock", "ph":"B", "ts":"2804330601", "pid":"1", "tid":"mom"},
{"name":"ModelSetRunClock", "ph":"E", "ts":"2804330680", "pid":"1", "tid":"mom"},
{"name":"ModelAdvance", "ph":"B", "ts":"2804330851", "pid":"1", "tid":"mom"},
{"name":"ModelAdvance", "ph":"E", "ts":"2809506141", "pid":"1", "tid":"mom"},
{"name":"ModelSetRunClock", "ph":"B", "ts":"2812388181", "pid":"1", "tid":"mom"},
{"name":"ModelSetRunClock", "ph":"E", "ts":"2812388257", "pid":"1", "tid":"mom"},
{"name":"ModelAdvance", "ph":"B", "ts":"2812388429", "pid":"1", "tid":"mom"},
{"name":"ModelAdvance", "ph":"E", "ts":"2817561212", "pid":"1", "tid":"mom"},
{"name":"ModelSetRunClock", "ph":"B", "ts":"2819842347", "pid":"1", "tid":"mom"},
{"name":"ModelSetRunClock", "ph":"E", "ts":"2819842413", "pid":"1", "tid":"mom"},
{"name":"ModelAdvance", "ph":"B", "ts":"2819842580", "pid":"1", "tid":"mom"},
{"name":"ModelAdvance", "ph":"E", "ts":"2825016435", "pid":"1", "tid":"mom"},
{"name":"ModelSetRunClock", "ph":"B", "ts":"2827773162", "pid":"1", "tid":"mom"},
{"name":"ModelSetRunClock", "ph":"E", "ts":"2827773326", "pid":"1", "tid":"mom"},
{"name":"ModelAdvance", "ph":"B", "ts":"2827773556", "pid":"1", "tid":"mom"},
{"name":"ModelAdvance", "ph":"E", "ts":"2833021710", "pid":"1", "tid":"mom"},
{"name":"ModelSetRunClock", "ph":"B", "ts":"2835210128", "pid":"1", "tid":"mom"},
{"name":"ModelSetRunClock", "ph":"E", "ts":"2835210195", "pid":"1", "tid":"mom"},
{"name":"ModelAdvance", "ph":"B", "ts":"2835210358", "pid":"1", "tid":"mom"},
{"name":"ModelAdvance", "ph":"E", "ts":"2840386254", "pid":"1", "tid":"mom"},
{"name":"ModelSetRunClock", "ph":"B", "ts":"2843286023", "pid":"1", "tid":"mom"},
{"name":"ModelSetRunClock", "ph":"E", "ts":"2843286106", "pid":"1", "tid":"mom"},
{"name":"ModelAdvance", "ph":"B", "ts":"2843286288", "pid":"1", "tid":"mom"},
{"name":"ModelAdvance", "ph":"E", "ts":"2848441952", "pid":"1", "tid":"mom"},
{"name":"ModelSetRunClock", "ph":"B", "ts":"2850595254", "pid":"1", "tid":"mom"},
{"name":"ModelSetRunClock", "ph":"E", "ts":"2850595322", "pid":"1", "tid":"mom"},
{"name":"ModelAdvance", "ph":"B", "ts":"2850595496", "pid":"1", "tid":"mom"},
{"name":"ModelAdvance", "ph":"E", "ts":"2855759229", "pid":"1", "tid":"mom"},
{"name":"ModelSetRunClock", "ph":"B", "ts":"2858556284", "pid":"1", "tid":"mom"},
{"name":"ModelSetRunClock", "ph":"E", "ts":"2858556364", "pid":"1", "tid":"mom"},
{"name":"ModelAdvance", "ph":"B", "ts":"2858556528", "pid":"1", "tid":"mom"},
{"name":"ModelAdvance", "ph":"E", "ts":"2863726796", "pid":"1", "tid":"mom"},
{"name":"ModelSetRunClock", "ph":"B", "ts":"2865865442", "pid":"1", "tid":"mom"},
{"name":"ModelSetRunClock", "ph":"E", "ts":"2865865708", "pid":"1", "tid":"mom"},
{"name":"ModelAdvance", "ph":"B", "ts":"2865865878", "pid":"1", "tid":"mom"},
{"name":"ModelAdvance", "ph":"E", "ts":"2871025822", "pid":"1", "tid":"mom"},
{"name":"ModelSetRunClock", "ph":"B", "ts":"2873791503", "pid":"1", "tid":"mom"},
{"name":"ModelSetRunClock", "ph":"E", "ts":"2873791569", "pid":"1", "tid":"mom"},
{"name":"ModelAdvance", "ph":"B", "ts":"2873791732", "pid":"1", "tid":"mom"},
{"name":"ModelAdvance", "ph":"E", "ts":"2879018058", "pid":"1", "tid":"mom"},
{"name":"ModelSetRunClock", "ph":"B", "ts":"2881120946", "pid":"1", "tid":"mom"},
{"name":"ModelSetRunClock", "ph":"E", "ts":"2881121023", "pid":"1", "tid":"mom"},
{"name":"ModelAdvance", "ph":"B", "ts":"2881121214", "pid":"1", "tid":"mom"},
{"name":"ModelAdvance", "ph":"E", "ts":"2886279443", "pid":"1", "tid":"mom"},
{"name":"ModelSetRunClock", "ph":"B", "ts":"2889051596", "pid":"1", "tid":"mom"},
{"name":"ModelSetRunClock", "ph":"E", "ts":"2889051676", "pid":"1", "tid":"mom"},
{"name":"ModelAdvance", "ph":"B", "ts":"2889052032", "pid":"1", "tid":"mom"},
{"name":"ModelAdvance", "ph":"E", "ts":"2894225198", "pid":"1", "tid":"mom"},
{"name":"ModelSetRunClock", "ph":"B", "ts":"2896381335", "pid":"1", "tid":"mom"},
{"name":"ModelSetRunClock", "ph":"E", "ts":"2896381563", "pid":"1", "tid":"mom"},
{"name":"ModelAdvance", "ph":"B", "ts":"2896381747", "pid":"1", "tid":"mom"},
{"name":"ModelAdvance", "ph":"E", "ts":"2901542498", "pid":"1", "tid":"mom"},
{"name":"ModelSetRunClock", "ph":"B", "ts":"2904285995", "pid":"1", "tid":"mom"},
{"name":"ModelSetRunClock", "ph":"E", "ts":"2904286064", "pid":"1", "tid":"mom"},
{"name":"ModelAdvance", "ph":"B", "ts":"2904286233", "pid":"1", "tid":"mom"},
{"name":"ModelAdvance", "ph":"E", "ts":"2909437065", "pid":"1", "tid":"mom"},
{"name":"ModelSetRunClock", "ph":"B", "ts":"2911705346", "pid":"1", "tid":"mom"},
{"name":"ModelSetRunClock", "ph":"E", "ts":"2911705414", "pid":"1", "tid":"mom"},
{"name":"ModelAdvance", "ph":"B", "ts":"2911705582", "pid":"1", "tid":"mom"},
{"name":"ModelAdvance", "ph":"E", "ts":"2916883593", "pid":"1", "tid":"mom"},
{"name":"ModelSetRunClock", "ph":"B", "ts":"2919693135", "pid":"1", "tid":"mom"},
{"name":"ModelSetRunClock", "ph":"E", "ts":"2919693205", "pid":"1", "tid":"mom"},
{"name":"ModelAdvance", "ph":"B", "ts":"2919693369", "pid":"1", "tid":"mom"},
{"name":"ModelAdvance", "ph":"E", "ts":"2924946716", "pid":"1", "tid":"mom"},
{"name":"ModelSetRunClock", "ph":"B", "ts":"2927045133", "pid":"1", "tid":"mom"},
{"name":"ModelSetRunClock", "ph":"E", "ts":"2927045371", "pid":"1", "tid":"mom"},
{"name":"ModelAdvance", "ph":"B", "ts":"2927045555", "pid":"1", "tid":"mom"},
{"name":"ModelAdvance", "ph":"E", "ts":"2932213300", "pid":"1", "tid":"mom"},
{"name":"ModelSetRunClock", "ph":"B", "ts":"2935052255", "pid":"1", "tid":"mom"},
{"name":"ModelSetRunClock", "ph":"E", "ts":"2935052325", "pid":"1", "tid":"mom"},
{"name":"ModelAdvance", "ph":"B", "ts":"2935052486", "pid":"1", "tid":"mom"},
{"name":"ModelAdvance", "ph":"E", "ts":"2940233743", "pid":"1", "tid":"mom"},
{"name":"ModelSetRunClock", "ph":"B", "ts":"2942370692", "pid":"1", "tid":"mom"},
{"name":"ModelSetRunClock", "ph":"E", "ts":"2942370757", "pid":"1", "tid":"mom"},
{"name":"ModelAdvance", "ph":"B", "ts":"2942370918", "pid":"1", "tid":"mom"},
{"name":"ModelAdvance", "ph":"E", "ts":"2947532624", "pid":"1", "tid":"mom"},
{"name":"ModelSetRunClock", "ph":"B", "ts":"2950354025", "pid":"1", "tid":"mom"},
{"name":"ModelSetRunClock", "ph":"E", "ts":"2950354104", "pid":"1", "tid":"mom"},
{"name":"ModelAdvance", "ph":"B", "ts":"2950354303", "pid":"1", "tid":"mom"},
{"name":"ModelAdvance", "ph":"E", "ts":"2955538456", "pid":"1", "tid":"mom"},
{"name":"ModelSetRunClock", "ph":"B", "ts":"2957647066", "pid":"1", "tid":"mom"},
{"name":"ModelSetRunClock", "ph":"E", "ts":"2957647305", "pid":"1", "tid":"mom"},
{"name":"ModelAdvance", "ph":"B", "ts":"2957647514", "pid":"1", "tid":"mom"},
{"name":"ModelAdvance", "ph":"E", "ts":"2962844127", "pid":"1", "tid":"mom"},
{"name":"ModelSetRunClock", "ph":"B", "ts":"2965541186", "pid":"1", "tid":"mom"},
{"name":"ModelSetRunClock", "ph":"E", "ts":"2965541252", "pid":"1", "tid":"mom"},
{"name":"ModelAdvance", "ph":"B", "ts":"2965541411", "pid":"1", "tid":"mom"},
{"name":"ModelAdvance", "ph":"E", "ts":"2970806805", "pid":"1", "tid":"mom"},
{"name":"ModelSetRunClock", "ph":"B", "ts":"2972853968", "pid":"1", "tid":"mom"},
{"name":"ModelSetRunClock", "ph":"E", "ts":"2972854031", "pid":"1", "tid":"mom"},
{"name":"ModelAdvance", "ph":"B", "ts":"2972854206", "pid":"1", "tid":"mom"},
{"name":"ModelAdvance", "ph":"E", "ts":"2978040248", "pid":"1", "tid":"mom"},
{"name":"ModelSetRunClock", "ph":"B", "ts":"2980792544", "pid":"1", "tid":"mom"},
{"name":"ModelSetRunClock", "ph":"E", "ts":"2980792633", "pid":"1", "tid":"mom"},
{"name":"ModelAdvance", "ph":"B", "ts":"2980792832", "pid":"1", "tid":"mom"},
{"name":"ModelAdvance", "ph":"E", "ts":"2985978387", "pid":"1", "tid":"mom"},
{"name":"ModelSetRunClock", "ph":"B", "ts":"2988086091", "pid":"1", "tid":"mom"},
{"name":"ModelSetRunClock", "ph":"E", "ts":"2988086175", "pid":"1", "tid":"mom"},
{"name":"ModelAdvance", "ph":"B", "ts":"2988086502", "pid":"1", "tid":"mom"},
{"name":"ModelAdvance", "ph":"E", "ts":"2993239565", "pid":"1", "tid":"mom"},
{"name":"ModelSetRunClock", "ph":"B", "ts":"2995962090", "pid":"1", "tid":"mom"},
{"name":"ModelSetRunClock", "ph":"E", "ts":"2995962167", "pid":"1", "tid":"mom"},
{"name":"ModelAdvance", "ph":"B", "ts":"2995962335", "pid":"1", "tid":"mom"},
{"name":"ModelAdvance", "ph":"E", "ts":"3001150835", "pid":"1", "tid":"mom"},
{"name":"ModelSetRunClock", "ph":"B", "ts":"3003263408", "pid":"1", "tid":"mom"},
{"name":"ModelSetRunClock", "ph":"E", "ts":"3003263492", "pid":"1", "tid":"mom"},
{"name":"ModelAdvance", "ph":"B", "ts":"3003263683", "pid":"1", "tid":"mom"},
{"name":"ModelAdvance", "ph":"E", "ts":"3008429893", "pid":"1", "tid":"mom"},
{"name":"ModelSetRunClock", "ph":"B", "ts":"3011204024", "pid":"1", "tid":"mom"},
{"name":"ModelSetRunClock", "ph":"E", "ts":"3011204096", "pid":"1", "tid":"mom"},
{"name":"ModelAdvance", "ph":"B", "ts":"3011204271", "pid":"1", "tid":"mom"},
{"name":"ModelAdvance", "ph":"E", "ts":"3016425549", "pid":"1", "tid":"mom"},
{"name":"ModelSetRunClock", "ph":"B", "ts":"3018476030", "pid":"1", "tid":"mom"},
{"name":"ModelSetRunClock", "ph":"E", "ts":"3018476106", "pid":"1", "tid":"mom"},
{"name":"ModelAdvance", "ph":"B", "ts":"3018476291", "pid":"1", "tid":"mom"},
{"name":"ModelAdvance", "ph":"E", "ts":"3023630818", "pid":"1", "tid":"mom"},
{"name":"ModelSetRunClock", "ph":"B", "ts":"3026375941", "pid":"1", "tid":"mom"},
{"name":"ModelSetRunClock", "ph":"E", "ts":"3026376028", "pid":"1", "tid":"mom"},
{"name":"ModelAdvance", "ph":"B", "ts":"3026376221", "pid":"1", "tid":"mom"},
{"name":"ModelAdvance", "ph":"E", "ts":"3031524100", "pid":"1", "tid":"mom"},
{"name":"ModelSetRunClock", "ph":"B", "ts":"3033533931", "pid":"1", "tid":"mom"},
{"name":"ModelSetRunClock", "ph":"E", "ts":"3033534014", "pid":"1", "tid":"mom"},
{"name":"ModelAdvance", "ph":"B", "ts":"3033534206", "pid":"1", "tid":"mom"},
{"name":"ModelAdvance", "ph":"E", "ts":"3038709462", "pid":"1", "tid":"mom"},
{"name":"ModelSetRunClock", "ph":"B", "ts":"3041352744", "pid":"1", "tid":"mom"},
{"name":"ModelSetRunClock", "ph":"E", "ts":"3041352813", "pid":"1", "tid":"mom"},
{"name":"ModelAdvance", "ph":"B", "ts":"3041352980", "pid":"1", "tid":"mom"},
{"name":"ModelAdvance", "ph":"E", "ts":"3046528695", "pid":"1", "tid":"mom"},
{"name":"ModelSetRunClock", "ph":"B", "ts":"3048471834", "pid":"1", "tid":"mom"},
{"name":"ModelSetRunClock", "ph":"E", "ts":"3048471916", "pid":"1", "tid":"mom"},
{"name":"ModelAdvance", "ph":"B", "ts":"3048472100", "pid":"1", "tid":"mom"},
{"name":"ModelAdvance", "ph":"E", "ts":"3053650528", "pid":"1", "tid":"mom"},
{"name":"ModelSetRunClock", "ph":"B", "ts":"3056250965", "pid":"1", "tid":"mom"},
{"name":"ModelSetRunClock", "ph":"E", "ts":"3056251033", "pid":"1", "tid":"mom"},
{"name":"ModelAdvance", "ph":"B", "ts":"3056251194", "pid":"1", "tid":"mom"},
{"name":"ModelAdvance", "ph":"E", "ts":"3061485819", "pid":"1", "tid":"mom"},
{"name":"ModelSetRunClock", "ph":"B", "ts":"3063420031", "pid":"1", "tid":"mom"},
{"name":"ModelSetRunClock", "ph":"E", "ts":"3063420129", "pid":"1", "tid":"mom"},
{"name":"ModelAdvance", "ph":"B", "ts":"3063420338", "pid":"1", "tid":"mom"},
{"name":"ModelAdvance", "ph":"E", "ts":"3068579560", "pid":"1", "tid":"mom"},
{"name":"ModelSetRunClock", "ph":"B", "ts":"3071232369", "pid":"1", "tid":"mom"},
{"name":"ModelSetRunClock", "ph":"E", "ts":"3071232433", "pid":"1", "tid":"mom"},
{"name":"ModelAdvance", "ph":"B", "ts":"3071232596", "pid":"1", "tid":"mom"},
{"name":"ModelAdvance", "ph":"E", "ts":"3076383562", "pid":"1", "tid":"mom"},
{"name":"ModelSetRunClock", "ph":"B", "ts":"3078382502", "pid":"1", "tid":"mom"},
{"name":"ModelSetRunClock", "ph":"E", "ts":"3078382590", "pid":"1", "tid":"mom"},
{"name":"ModelAdvance", "ph":"B", "ts":"3078382757", "pid":"1", "tid":"mom"},
{"name":"ModelAdvance", "ph":"E", "ts":"3083545486", "pid":"1", "tid":"mom"},
{"name":"ModelSetRunClock", "ph":"B", "ts":"3086186747", "pid":"1", "tid":"mom"},
{"name":"ModelSetRunClock", "ph":"E", "ts":"3086186971", "pid":"1", "tid":"mom"},
{"name":"ModelAdvance", "ph":"B", "ts":"3086187134", "pid":"1", "tid":"mom"},
{"name":"ModelAdvance", "ph":"E", "ts":"3091342438", "pid":"1", "tid":"mom"},
{"name":"ModelSetRunClock", "ph":"B", "ts":"3093377816", "pid":"1", "tid":"mom"},
{"name":"ModelSetRunClock", "ph":"E", "ts":"3093377891", "pid":"1", "tid":"mom"},
{"name":"ModelAdvance", "ph":"B", "ts":"3093378065", "pid":"1", "tid":"mom"},
{"name":"ModelAdvance", "ph":"E", "ts":"3098532153", "pid":"1", "tid":"mom"},
{"name":"ModelSetRunClock", "ph":"B", "ts":"3101249116", "pid":"1", "tid":"mom"},
{"name":"ModelSetRunClock", "ph":"E", "ts":"3101249193", "pid":"1", "tid":"mom"},
{"name":"ModelAdvance", "ph":"B", "ts":"3101249372", "pid":"1", "tid":"mom"},
{"name":"ModelAdvance", "ph":"E", "ts":"3106462761", "pid":"1", "tid":"mom"},
{"name":"ModelFinalize", "ph":"B", "ts":"3106469274", "pid":"1", "tid":"mom"},
{"name":"ModelFinalize", "ph":"E", "ts":"3106573349", "pid":"1", "tid":"mom"},
