{"name":"SetServices", "ph":"B", "ts":"2035002874", "pid":"1", "tid":"wave"},
{"name":"SetServices", "ph":"E", "ts":"2035004644", "pid":"1", "tid":"wave"},
{"name":"InitializeP0", "ph":"B", "ts":"2035008580", "pid":"1", "tid":"wave"},
{"name":"InitializeP0", "ph":"E", "ts":"2035008670", "pid":"1", "tid":"wave"},
{"name":"InitializeAdvertise", "ph":"B", "ts":"2075214816", "pid":"1", "tid":"wave"},
{"name":"InitializeAdvertise", "ph":"E", "ts":"2176750746", "pid":"1", "tid":"wave"},
{"name":"InitializeRealize", "ph":"B", "ts":"2269729010", "pid":"1", "tid":"wave"},
{"name":"InitializeRealize", "ph":"E", "ts":"2283834037", "pid":"1", "tid":"wave"},
{"name":"DataInitialize", "ph":"B", "ts":"2316036036", "pid":"1", "tid":"wave"},
{"name":"DataInitialize", "ph":"E", "ts":"2316039987", "pid":"1", "tid":"wave"},
{"name":"ModelSetRunClock", "ph":"B", "ts":"2385961703", "pid":"1", "tid":"wave"},
{"name":"ModelSetRunClock", "ph":"E", "ts":"2385971535", "pid":"1", "tid":"wave"},
{"name":"ModelAdvance", "ph":"B", "ts":"2385971627", "pid":"1", "tid":"wave"},
{"name":"ModelAdvance", "ph":"E", "ts":"2396938274", "pid":"1", "tid":"wave"},
{"name":"ModelSetRunClock", "ph":"B", "ts":"2398258401", "pid":"1", "tid":"wave"},
{"name":"ModelSetRunClock", "ph":"E", "ts":"2398258439", "pid":"1", "tid":"wave"},
{"name":"ModelAdvance", "ph":"B", "ts":"2398258520", "pid":"1", "tid":"wave"},
{"name":"ModelAdvance", "ph":"E", "ts":"2403707398", "pid":"1", "tid":"wave"},
{"name":"ModelSetRunClock", "ph":"B", "ts":"2405634732", "pid":"1", "tid":"wave"},
{"name":"ModelSetRunClock", "ph":"E", "ts":"2405634770", "pid":"1", "tid":"wave"},
{"name":"ModelAdvance", "ph":"B", "ts":"2405634854", "pid":"1", "tid":"wave"},
{"name":"ModelAdvance", "ph":"E", "ts":"2410967220", "pid":"1", "tid":"wave"},
{"name":"ModelSetRunClock", "ph":"B", "ts":"2413585188", "pid":"1", "tid":"wave"},
{"name":"ModelSetRunClock", "ph":"E", "ts":"2413585232", "pid":"1", "tid":"wave"},
{"name":"ModelAdvance", "ph":"B", "ts":"2413585339", "pid":"1", "tid":"wave"},
{"name":"ModelAdvance", "ph":"E", "ts":"2418937690", "pid":"1", "tid":"wave"},
{"name":"ModelSetRunClock", "ph":"B", "ts":"2420903369", "pid":"1", "tid":"wave"},
{"name":"ModelSetRunClock", "ph":"E", "ts":"2420903426", "pid":"1", "tid":"wave"},
{"name":"ModelAdvance", "ph":"B", "ts":"2420903515", "pid":"1", "tid":"wave"},
{"name":"ModelAdvance", "ph":"E", "ts":"2426280532", "pid":"1", "tid":"wave"},
{"name":"ModelSetRunClock", "ph":"B", "ts":"2428877269", "pid":"1", "tid":"wave"},
{"name":"ModelSetRunClock", "ph":"E", "ts":"2428877321", "pid":"1", "tid":"wave"},
{"name":"ModelAdvance", "ph":"B", "ts":"2428877417", "pid":"1", "tid":"wave"},
{"name":"ModelAdvance", "ph":"E", "ts":"2434259737", "pid":"1", "tid":"wave"},
{"name":"ModelSetRunClock", "ph":"B", "ts":"2451549727", "pid":"1", "tid":"wave"},
{"name":"ModelSetRunClock", "ph":"E", "ts":"2451549922", "pid":"1", "tid":"wave"},
{"name":"ModelAdvance", "ph":"B", "ts":"2451550147", "pid":"1", "tid":"wave"},
{"name":"ModelAdvance", "ph":"E", "ts":"2456945674", "pid":"1", "tid":"wave"},
{"name":"ModelSetRunClock", "ph":"B", "ts":"2459574094", "pid":"1", "tid":"wave"},
{"name":"ModelSetRunClock", "ph":"E", "ts":"2459574275", "pid":"1", "tid":"wave"},
{"name":"ModelAdvance", "ph":"B", "ts":"2459574405", "pid":"1", "tid":"wave"},
{"name":"ModelAdvance", "ph":"E", "ts":"2464972719", "pid":"1", "tid":"wave"},
{"name":"ModelSetRunClock", "ph":"B", "ts":"2466906395", "pid":"1", "tid":"wave"},
{"name":"ModelSetRunClock", "ph":"E", "ts":"2466906459", "pid":"1", "tid":"wave"},
{"name":"ModelAdvance", "ph":"B", "ts":"2466906644", "pid":"1", "tid":"wave"},
{"name":"ModelAdvance", "ph":"E", "ts":"2472267917", "pid":"1", "tid":"wave"},
{"name":"ModelSetRunClock", "ph":"B", "ts":"2474899057", "pid":"1", "tid":"wave"},
{"name":"ModelSetRunClock", "ph":"E", "ts":"2474899132", "pid":"1", "tid":"wave"},
{"name":"ModelAdvance", "ph":"B", "ts":"2474899245", "pid":"1", "tid":"wave"},
{"name":"ModelAdvance", "ph":"E", "ts":"2480236522", "pid":"1", "tid":"wave"},
{"name":"ModelSetRunClock", "ph":"B", "ts":"2482309337", "pid":"1", "tid":"wave"},
{"name":"ModelSetRunClock", "ph":"E", "ts":"2482309763", "pid":"1", "tid":"wave"},
{"name":"ModelAdvance", "ph":"B", "ts":"2482309895", "pid":"1", "tid":"wave"},
{"name":"ModelAdvance", "ph":"E", "ts":"2487565172", "pid":"1", "tid":"wave"},
{"name":"ModelSetRunClock", "ph":"B", "ts":"2490426003", "pid":"1", "tid":"wave"},
{"name":"ModelSetRunClock", "ph":"E", "ts":"2490426074", "pid":"1", "tid":"wave"},
{"name":"ModelAdvance", "ph":"B", "ts":"2490426175", "pid":"1", "tid":"wave"},
{"name":"ModelAdvance", "ph":"E", "ts":"2495618111", "pid":"1", "tid":"wave"},
{"name":"ModelSetRunClock", "ph":"B", "ts":"2497874588", "pid":"1", "tid":"wave"},
{"name":"ModelSetRunClock", "ph":"E", "ts":"2497874671", "pid":"1", "tid":"wave"},
{"name":"ModelAdvance", "ph":"B", "ts":"2497874817", "pid":"1", "tid":"wave"},
{"name":"ModelAdvance", "ph":"E", "ts":"2502975075", "pid":"1", "tid":"wave"},
{"name":"ModelSetRunClock", "ph":"B", "ts":"2505939416", "pid":"1", "tid":"wave"},
{"name":"ModelSetRunClock", "ph":"E", "ts":"2505939473", "pid":"1", "tid":"wave"},
{"name":"ModelAdvance", "ph":"B", "ts":"2505939582", "pid":"1", "tid":"wave"},
{"name":"ModelAdvance", "ph":"E", "ts":"2511024993", "pid":"1", "tid":"wave"},
{"name":"ModelSetRunClock", "ph":"B", "ts":"2513319577", "pid":"1", "tid":"wave"},
{"name":"ModelSetRunClock", "ph":"E", "ts":"2513319639", "pid":"1", "tid":"wave"},
{"name":"ModelAdvance", "ph":"B", "ts":"2513319784", "pid":"1", "tid":"wave"},
{"name":"ModelAdvance", "ph":"E", "ts":"2518624704", "pid":"1", "tid":"wave"},
{"name":"ModelSetRunClock", "ph":"B", "ts":"2521379116", "pid":"1", "tid":"wave"},
{"name":"ModelSetRunClock", "ph":"E", "ts":"2521379175", "pid":"1", "tid":"wave"},
{"name":"ModelAdvance", "ph":"B", "ts":"2521379328", "pid":"1", "tid":"wave"},
{"name":"ModelAdvance", "ph":"E", "ts":"2526407957", "pid":"1", "tid":"wave"},
{"name":"ModelSetRunClock", "ph":"B", "ts":"2529001067", "pid":"1", "tid":"wave"},
{"name":"ModelSetRunClock", "ph":"E", "ts":"2529001128", "pid":"1", "tid":"wave"},
{"name":"ModelAdvance", "ph":"B", "ts":"2529001240", "pid":"1", "tid":"wave"},
{"name":"ModelAdvance", "ph":"E", "ts":"2533875000", "pid":"1", "tid":"wave"},
{"name":"ModelSetRunClock", "ph":"B", "ts":"2537331316", "pid":"1", "tid":"wave"},
{"name":"ModelSetRunClock", "ph":"E", "ts":"2537331370", "pid":"1", "tid":"wave"},
{"name":"ModelAdvance", "ph":"B", "ts":"2537331453", "pid":"1", "tid":"wave"},
{"name":"ModelAdvance", "ph":"E", "ts":"2542277644", "pid":"1", "tid":"wave"},
{"name":"ModelSetRunClock", "ph":"B", "ts":"2545000926", "pid":"1", "tid":"wave"},
{"name":"ModelSetRunClock", "ph":"E", "ts":"2545000983", "pid":"1", "tid":"wave"},
{"name":"ModelAdvance", "ph":"B", "ts":"2545001152", "pid":"1", "tid":"wave"},
{"name":"ModelAdvance", "ph":"E", "ts":"2549786434", "pid":"1", "tid":"wave"},
{"name":"ModelSetRunClock", "ph":"B", "ts":"2553355275", "pid":"1", "tid":"wave"},
{"name":"ModelSetRunClock", "ph":"E", "ts":"2553355335", "pid":"1", "tid":"wave"},
{"name":"ModelAdvance", "ph":"B", "ts":"2553355419", "pid":"1", "tid":"wave"},
{"name":"ModelAdvance", "ph":"E", "ts":"2558127270", "pid":"1", "tid":"wave"},
{"name":"ModelSetRunClock", "ph":"B", "ts":"2560952013", "pid":"1", "tid":"wave"},
{"name":"ModelSetRunClock", "ph":"E", "ts":"2560952086", "pid":"1", "tid":"wave"},
{"name":"ModelAdvance", "ph":"B", "ts":"2560952204", "pid":"1", "tid":"wave"},
{"name":"ModelAdvance", "ph":"E", "ts":"2565690340", "pid":"1", "tid":"wave"},
{"name":"ModelSetRunClock", "ph":"B", "ts":"2569607982", "pid":"1", "tid":"wave"},
{"name":"ModelSetRunClock", "ph":"E", "ts":"2569608045", "pid":"1", "tid":"wave"},
{"name":"ModelAdvance", "ph":"B", "ts":"2569608126", "pid":"1", "tid":"wave"},
{"name":"ModelAdvance", "ph":"E", "ts":"2574373875", "pid":"1", "tid":"wave"},
{"name":"ModelSetRunClock", "ph":"B", "ts":"2577618075", "pid":"1", "tid":"wave"},
{"name":"ModelSetRunClock", "ph":"E", "ts":"2577618185", "pid":"1", "tid":"wave"},
{"name":"ModelAdvance", "ph":"B", "ts":"2577618306", "pid":"1", "tid":"wave"},
{"name":"ModelAdvance", "ph":"E", "ts":"2582308496", "pid":"1", "tid":"wave"},
{"name":"ModelSetRunClock", "ph":"B", "ts":"2585973983", "pid":"1", "tid":"wave"},
{"name":"ModelSetRunClock", "ph":"E", "ts":"2585974088", "pid":"1", "tid":"wave"},
{"name":"ModelAdvance", "ph":"B", "ts":"2585974211", "pid":"1", "tid":"wave"},
{"name":"ModelAdvance", "ph":"E", "ts":"2590665790", "pid":"1", "tid":"wave"},
{"name":"ModelSetRunClock", "ph":"B", "ts":"2593586026", "pid":"1", "tid":"wave"},
{"name":"ModelSetRunClock", "ph":"E", "ts":"2593586083", "pid":"1", "tid":"wave"},
{"name":"ModelAdvance", "ph":"B", "ts":"2593586164", "pid":"1", "tid":"wave"},
{"name":"ModelAdvance", "ph":"E", "ts":"2598268892", "pid":"1", "tid":"wave"},
{"name":"ModelSetRunClock", "ph":"B", "ts":"2601527020", "pid":"1", "tid":"wave"},
{"name":"ModelSetRunClock", "ph":"E", "ts":"2601527322", "pid":"1", "tid":"wave"},
{"name":"ModelAdvance", "ph":"B", "ts":"2601527454", "pid":"1", "tid":"wave"},
{"name":"ModelAdvance", "ph":"E", "ts":"2606198831", "pid":"1", "tid":"wave"},
{"name":"ModelSetRunClock", "ph":"B", "ts":"2608769940", "pid":"1", "tid":"wave"},
{"name":"ModelSetRunClock", "ph":"E", "ts":"2608770006", "pid":"1", "tid":"wave"},
{"name":"ModelAdvance", "ph":"B", "ts":"2608770115", "pid":"1", "tid":"wave"},
{"name":"ModelAdvance", "ph":"E", "ts":"2613432260", "pid":"1", "tid":"wave"},
{"name":"ModelSetRunClock", "ph":"B", "ts":"2616685222", "pid":"1", "tid":"wave"},
{"name":"ModelSetRunClock", "ph":"E", "ts":"2616685285", "pid":"1", "tid":"wave"},
{"name":"ModelAdvance", "ph":"B", "ts":"2616685440", "pid":"1", "tid":"wave"},
{"name":"ModelAdvance", "ph":"E", "ts":"2621296190", "pid":"1", "tid":"wave"},
{"name":"ModelSetRunClock", "ph":"B", "ts":"2623925713", "pid":"1", "tid":"wave"},
{"name":"ModelSetRunClock", "ph":"E", "ts":"2623925766", "pid":"1", "tid":"wave"},
{"name":"ModelAdvance", "ph":"B", "ts":"2623925847", "pid":"1", "tid":"wave"},
{"name":"ModelAdvance", "ph":"E", "ts":"2628520371", "pid":"1", "tid":"wave"},
{"name":"ModelSetRunClock", "ph":"B", "ts":"2631767233", "pid":"1", "tid":"wave"},
{"name":"ModelSetRunClock", "ph":"E", "ts":"2631767419", "pid":"1", "tid":"wave"},
{"name":"ModelAdvance", "ph":"B", "ts":"2631767540", "pid":"1", "tid":"wave"},
{"name":"ModelAdvance", "ph":"E", "ts":"2636382151", "pid":"1", "tid":"wave"},
{"name":"ModelSetRunClock", "ph":"B", "ts":"2639027194", "pid":"1", "tid":"wave"},
{"name":"ModelSetRunClock", "ph":"E", "ts":"2639027340", "pid":"1", "tid":"wave"},
{"name":"ModelAdvance", "ph":"B", "ts":"2639027463", "pid":"1", "tid":"wave"},
{"name":"ModelAdvance", "ph":"E", "ts":"2643672542", "pid":"1", "tid":"wave"},
{"name":"ModelSetRunClock", "ph":"B", "ts":"2646904142", "pid":"1", "tid":"wave"},
{"name":"ModelSetRunClock", "ph":"E", "ts":"2646904208", "pid":"1", "tid":"wave"},
{"name":"ModelAdvance", "ph":"B", "ts":"2646904328", "pid":"1", "tid":"wave"},
{"name":"ModelAdvance", "ph":"E", "ts":"2651617650", "pid":"1", "tid":"wave"},
{"name":"ModelSetRunClock", "ph":"B", "ts":"2654074490", "pid":"1", "tid":"wave"},
{"name":"ModelSetRunClock", "ph":"E", "ts":"2654074590", "pid":"1", "tid":"wave"},
{"name":"ModelAdvance", "ph":"B", "ts":"2654074724", "pid":"1", "tid":"wave"},
{"name":"ModelAdvance", "ph":"E", "ts":"2658802340", "pid":"1", "tid":"wave"},
{"name":"ModelSetRunClock", "ph":"B", "ts":"2661852600", "pid":"1", "tid":"wave"},
{"name":"ModelSetRunClock", "ph":"E", "ts":"2661852686", "pid":"1", "tid":"wave"},
{"name":"ModelAdvance", "ph":"B", "ts":"2661852790", "pid":"1", "tid":"wave"},
{"name":"ModelAdvance", "ph":"E", "ts":"2666619895", "pid":"1", "tid":"wave"},
{"name":"ModelSetRunClock", "ph":"B", "ts":"2668966122", "pid":"1", "tid":"wave"},
{"name":"ModelSetRunClock", "ph":"E", "ts":"2668966203", "pid":"1", "tid":"wave"},
{"name":"ModelAdvance", "ph":"B", "ts":"2668966344", "pid":"1", "tid":"wave"},
{"name":"ModelAdvance", "ph":"E", "ts":"2673770134", "pid":"1", "tid":"wave"},
{"name":"ModelSetRunClock", "ph":"B", "ts":"2676781396", "pid":"1", "tid":"wave"},
{"name":"ModelSetRunClock", "ph":"E", "ts":"2676781516", "pid":"1", "tid":"wave"},
{"name":"ModelAdvance", "ph":"B", "ts":"2676781931", "pid":"1", "tid":"wave"},
{"name":"ModelAdvance", "ph":"E", "ts":"2681651452", "pid":"1", "tid":"wave"},
{"name":"ModelSetRunClock", "ph":"B", "ts":"2684020009", "pid":"1", "tid":"wave"},
{"name":"ModelSetRunClock", "ph":"E", "ts":"2684020069", "pid":"1", "tid":"wave"},
{"name":"ModelAdvance", "ph":"B", "ts":"2684020172", "pid":"1", "tid":"wave"},
{"name":"ModelAdvance", "ph":"E", "ts":"2688840720", "pid":"1", "tid":"wave"},
{"name":"ModelSetRunClock", "ph":"B", "ts":"2691804163", "pid":"1", "tid":"wave"},
{"name":"ModelSetRunClock", "ph":"E", "ts":"2691804227", "pid":"1", "tid":"wave"},
{"name":"ModelAdvance", "ph":"B", "ts":"2691804330", "pid":"1", "tid":"wave"},
{"name":"ModelAdvance", "ph":"E", "ts":"2696615023", "pid":"1", "tid":"wave"},
{"name":"ModelSetRunClock", "ph":"B", "ts":"2699061972", "pid":"1", "tid":"wave"},
{"name":"ModelSetRunClock", "ph":"E", "ts":"2699062069", "pid":"1", "tid":"wave"},
{"name":"ModelAdvance", "ph":"B", "ts":"2699062244", "pid":"1", "tid":"wave"},
{"name":"ModelAdvance", "ph":"E", "ts":"2703850817", "pid":"1", "tid":"wave"},
{"name":"ModelSetRunClock", "ph":"B", "ts":"2707199551", "pid":"1", "tid":"wave"},
{"name":"ModelSetRunClock", "ph":"E", "ts":"2707199666", "pid":"1", "tid":"wave"},
{"name":"ModelAdvance", "ph":"B", "ts":"2707199784", "pid":"1", "tid":"wave"},
{"name":"ModelAdvance", "ph":"E", "ts":"2711955255", "pid":"1", "tid":"wave"},
{"name":"ModelSetRunClock", "ph":"B", "ts":"2714919483", "pid":"1", "tid":"wave"},
{"name":"ModelSetRunClock", "ph":"E", "ts":"2714919556", "pid":"1", "tid":"wave"},
{"name":"ModelAdvance", "ph":"B", "ts":"2714919696", "pid":"1", "tid":"wave"},
{"name":"ModelAdvance", "ph":"E", "ts":"2719681018", "pid":"1", "tid":"wave"},
{"name":"ModelSetRunClock", "ph":"B", "ts":"2723191649", "pid":"1", "tid":"wave"},
{"name":"ModelSetRunClock", "ph":"E", "ts":"2723191760", "pid":"1", "tid":"wave"},
{"name":"ModelAdvance", "ph":"B", "ts":"2723191883", "pid":"1", "tid":"wave"},
{"name":"ModelAdvance", "ph":"E", "ts":"2727973419", "pid":"1", "tid":"wave"},
{"name":"ModelSetRunClock", "ph":"B", "ts":"2730877900", "pid":"1", "tid":"wave"},
{"name":"ModelSetRunClock", "ph":"E", "ts":"2730878174", "pid":"1", "tid":"wave"},
{"name":"ModelAdvance", "ph":"B", "ts":"2730878305", "pid":"1", "tid":"wave"},
{"name":"ModelAdvance", "ph":"E", "ts":"2735651239", "pid":"1", "tid":"wave"},
{"name":"ModelSetRunClock", "ph":"B", "ts":"2751004130", "pid":"1", "tid":"wave"},
{"name":"ModelSetRunClock", "ph":"E", "ts":"2751004203", "pid":"1", "tid":"wave"},
{"name":"ModelAdvance", "ph":"B", "ts":"2751004367", "pid":"1", "tid":"wave"},
{"name":"ModelAdvance", "ph":"E", "ts":"2755780304", "pid":"1", "tid":"wave"},
{"name":"ModelSetRunClock", "ph":"B", "ts":"2758533709", "pid":"1", "tid":"wave"},
{"name":"ModelSetRunClock", "ph":"E", "ts":"2758533771", "pid":"1", "tid":"wave"},
{"name":"ModelAdvance", "ph":"B", "ts":"2758533851", "pid":"1", "tid":"wave"},
{"name":"ModelAdvance", "ph":"E", "ts":"2763342704", "pid":"1", "tid":"wave"},
{"name":"ModelSetRunClock", "ph":"B", "ts":"2766471211", "pid":"1", "tid":"wave"},
{"name":"ModelSetRunClock", "ph":"E", "ts":"2766471290", "pid":"1", "tid":"wave"},
{"name":"ModelAdvance", "ph":"B", "ts":"2766471472", "pid":"1", "tid":"wave"},
{"name":"ModelAdvance", "ph":"E", "ts":"2771260281", "pid":"1", "tid":"wave"},
{"name":"ModelSetRunClock", "ph":"B", "ts":"2773727648", "pid":"1", "tid":"wave"},
{"name":"ModelSetRunClock", "ph":"E", "ts":"2773727805", "pid":"1", "tid":"wave"},
{"name":"ModelAdvance", "ph":"B", "ts":"2773728039", "pid":"1", "tid":"wave"},
{"name":"ModelAdvance", "ph":"E", "ts":"2778524820", "pid":"1", "tid":"wave"},
{"name":"ModelSetRunClock", "ph":"B", "ts":"2781622651", "pid":"1", "tid":"wave"},
{"name":"ModelSetRunClock", "ph":"E", "ts":"2781622694", "pid":"1", "tid":"wave"},
{"name":"ModelAdvance", "ph":"B", "ts":"2781622791", "pid":"1", "tid":"wave"},
{"name":"ModelAdvance", "ph":"E", "ts":"2786421016", "pid":"1", "tid":"wave"},
{"name":"ModelSetRunClock", "ph":"B", "ts":"2789020765", "pid":"1", "tid":"wave"},
{"name":"ModelSetRunClock", "ph":"E", "ts":"2789020964", "pid":"1", "tid":"wave"},
{"name":"ModelAdvance", "ph":"B", "ts":"2789021176", "pid":"1", "tid":"wave"},
{"name":"ModelAdvance", "ph":"E", "ts":"2793888571", "pid":"1", "tid":"wave"},
{"name":"ModelSetRunClock", "ph":"B", "ts":"2797029027", "pid":"1", "tid":"wave"},
{"name":"ModelSetRunClock", "ph":"E", "ts":"2797029199", "pid":"1", "tid":"wave"},
{"name":"ModelAdvance", "ph":"B", "ts":"2797029348", "pid":"1", "tid":"wave"},
{"name":"ModelAdvance", "ph":"E", "ts":"2801969593", "pid":"1", "tid":"wave"},
{"name":"ModelSetRunClock", "ph":"B", "ts":"2804320454", "pid":"1", "tid":"wave"},
{"name":"ModelSetRunClock", "ph":"E", "ts":"2804320500", "pid":"1", "tid":"wave"},
{"name":"ModelAdvance", "ph":"B", "ts":"2804320614", "pid":"1", "tid":"wave"},
{"name":"ModelAdvance", "ph":"E", "ts":"2809339940", "pid":"1", "tid":"wave"},
{"name":"ModelSetRunClock", "ph":"B", "ts":"2812375224", "pid":"1", "tid":"wave"},
{"name":"ModelSetRunClock", "ph":"E", "ts":"2812375258", "pid":"1", "tid":"wave"},
{"name":"ModelAdvance", "ph":"B", "ts":"2812375342", "pid":"1", "tid":"wave"},
{"name":"ModelAdvance", "ph":"E", "ts":"2817426366", "pid":"1", "tid":"wave"},
{"name":"ModelSetRunClock", "ph":"B", "ts":"2819831949", "pid":"1", "tid":"wave"},
{"name":"ModelSetRunClock", "ph":"E", "ts":"2819831985", "pid":"1", "tid":"wave"},
{"name":"ModelAdvance", "ph":"B", "ts":"2819832070", "pid":"1", "tid":"wave"},
{"name":"ModelAdvance", "ph":"E", "ts":"2824919516", "pid":"1", "tid":"wave"},
{"name":"ModelSetRunClock", "ph":"B", "ts":"2827760922", "pid":"1", "tid":"wave"},
{"name":"ModelSetRunClock", "ph":"E", "ts":"2827761041", "pid":"1", "tid":"wave"},
{"name":"ModelAdvance", "ph":"B", "ts":"2827761264", "pid":"1", "tid":"wave"},
{"name":"ModelAdvance", "ph":"E", "ts":"2832819067", "pid":"1", "tid":"wave"},
{"name":"ModelSetRunClock", "ph":"B", "ts":"2835200418", "pid":"1", "tid":"wave"},
{"name":"ModelSetRunClock", "ph":"E", "ts":"2835200454", "pid":"1", "tid":"wave"},
{"name":"ModelAdvance", "ph":"B", "ts":"2835200543", "pid":"1", "tid":"wave"},
{"name":"ModelAdvance", "ph":"E", "ts":"2840338723", "pid":"1", "tid":"wave"},
{"name":"ModelSetRunClock", "ph":"B", "ts":"2843271898", "pid":"1", "tid":"wave"},
{"name":"ModelSetRunClock", "ph":"E", "ts":"2843271932", "pid":"1", "tid":"wave"},
{"name":"ModelAdvance", "ph":"B", "ts":"2843272047", "pid":"1", "tid":"wave"},
{"name":"ModelAdvance", "ph":"E", "ts":"2848368085", "pid":"1", "tid":"wave"},
{"name":"ModelSetRunClock", "ph":"B", "ts":"2850584082", "pid":"1", "tid":"wave"},
{"name":"ModelSetRunClock", "ph":"E", "ts":"2850584114", "pid":"1", "tid":"wave"},
{"name":"ModelAdvance", "ph":"B", "ts":"2850584186", "pid":"1", "tid":"wave"},
{"name":"ModelAdvance", "ph":"E", "ts":"2855579300", "pid":"1", "tid":"wave"},
{"name":"ModelSetRunClock", "ph":"B", "ts":"2858542610", "pid":"1", "tid":"wave"},
{"name":"ModelSetRunClock", "ph":"E", "ts":"2858542741", "pid":"1", "tid":"wave"},
{"name":"ModelAdvance", "ph":"B", "ts":"2858542896", "pid":"1", "tid":"wave"},
{"name":"ModelAdvance", "ph":"E", "ts":"2863488983", "pid":"1", "tid":"wave"},
{"name":"ModelSetRunClock", "ph":"B", "ts":"2865851734", "pid":"1", "tid":"wave"},
{"name":"ModelSetRunClock", "ph":"E", "ts":"2865851767", "pid":"1", "tid":"wave"},
{"name":"ModelAdvance", "ph":"B", "ts":"2865851849", "pid":"1", "tid":"wave"},
{"name":"ModelAdvance", "ph":"E", "ts":"2870672089", "pid":"1", "tid":"wave"},
{"name":"ModelSetRunClock", "ph":"B", "ts":"2873779575", "pid":"1", "tid":"wave"},
{"name":"ModelSetRunClock", "ph":"E", "ts":"2873779608", "pid":"1", "tid":"wave"},
{"name":"ModelAdvance", "ph":"B", "ts":"2873779691", "pid":"1", "tid":"wave"},
{"name":"ModelAdvance", "ph":"E", "ts":"2878522984", "pid":"1", "tid":"wave"},
{"name":"ModelSetRunClock", "ph":"B", "ts":"2881107612", "pid":"1", "tid":"wave"},
{"name":"ModelSetRunClock", "ph":"E", "ts":"2881107645", "pid":"1", "tid":"wave"},
{"name":"ModelAdvance", "ph":"B", "ts":"2881107719", "pid":"1", "tid":"wave"},
{"name":"ModelAdvance", "ph":"E", "ts":"2885791043", "pid":"1", "tid":"wave"},
{"name":"ModelSetRunClock", "ph":"B", "ts":"2889039071", "pid":"1", "tid":"wave"},
{"name":"ModelSetRunClock", "ph":"E", "ts":"2889039235", "pid":"1", "tid":"wave"},
{"name":"ModelAdvance", "ph":"B", "ts":"2889039358", "pid":"1", "tid":"wave"},
{"name":"ModelAdvance", "ph":"E", "ts":"2893663034", "pid":"1", "tid":"wave"},
{"name":"ModelSetRunClock", "ph":"B", "ts":"2896369606", "pid":"1", "tid":"wave"},
{"name":"ModelSetRunClock", "ph":"E", "ts":"2896369651", "pid":"1", "tid":"wave"},
{"name":"ModelAdvance", "ph":"B", "ts":"2896369796", "pid":"1", "tid":"wave"},
{"name":"ModelAdvance", "ph":"E", "ts":"2900966550", "pid":"1", "tid":"wave"},
{"name":"ModelSetRunClock", "ph":"B", "ts":"2904273992", "pid":"1", "tid":"wave"},
{"name":"ModelSetRunClock", "ph":"E", "ts":"2904274081", "pid":"1", "tid":"wave"},
{"name":"ModelAdvance", "ph":"B", "ts":"2904274222", "pid":"1", "tid":"wave"},
{"name":"ModelAdvance", "ph":"E", "ts":"2908953448", "pid":"1", "tid":"wave"},
{"name":"ModelSetRunClock", "ph":"B", "ts":"2911692446", "pid":"1", "tid":"wave"},
{"name":"ModelSetRunClock", "ph":"E", "ts":"2911692483", "pid":"1", "tid":"wave"},
{"name":"ModelAdvance", "ph":"B", "ts":"2911692573", "pid":"1", "tid":"wave"},
{"name":"ModelAdvance", "ph":"E", "ts":"2916426430", "pid":"1", "tid":"wave"},
{"name":"ModelSetRunClock", "ph":"B", "ts":"2919683970", "pid":"1", "tid":"wave"},
{"name":"ModelSetRunClock", "ph":"E", "ts":"2919684239", "pid":"1", "tid":"wave"},
{"name":"ModelAdvance", "ph":"B", "ts":"2919684342", "pid":"1", "tid":"wave"},
{"name":"ModelAdvance", "ph":"E", "ts":"2924363977", "pid":"1", "tid":"wave"},
{"name":"ModelSetRunClock", "ph":"B", "ts":"2927032100", "pid":"1", "tid":"wave"},
{"name":"ModelSetRunClock", "ph":"E", "ts":"2927032145", "pid":"1", "tid":"wave"},
{"name":"ModelAdvance", "ph":"B", "ts":"2927032242", "pid":"1", "tid":"wave"},
{"name":"ModelAdvance", "ph":"E", "ts":"2931680908", "pid":"1", "tid":"wave"},
{"name":"ModelSetRunClock", "ph":"B", "ts":"2935046593", "pid":"1", "tid":"wave"},
{"name":"ModelSetRunClock", "ph":"E", "ts":"2935046641", "pid":"1", "tid":"wave"},
{"name":"ModelAdvance", "ph":"B", "ts":"2935046765", "pid":"1", "tid":"wave"},
{"name":"ModelAdvance", "ph":"E", "ts":"2939651031", "pid":"1", "tid":"wave"},
{"name":"ModelSetRunClock", "ph":"B", "ts":"2942360891", "pid":"1", "tid":"wave"},
{"name":"ModelSetRunClock", "ph":"E", "ts":"2942360950", "pid":"1", "tid":"wave"},
{"name":"ModelAdvance", "ph":"B", "ts":"2942361086", "pid":"1", "tid":"wave"},
{"name":"ModelAdvance", "ph":"E", "ts":"2946957140", "pid":"1", "tid":"wave"},
{"name":"ModelSetRunClock", "ph":"B", "ts":"2950341341", "pid":"1", "tid":"wave"},
{"name":"ModelSetRunClock", "ph":"E", "ts":"2950341640", "pid":"1", "tid":"wave"},
{"name":"ModelAdvance", "ph":"B", "ts":"2950341739", "pid":"1", "tid":"wave"},
{"name":"ModelAdvance", "ph":"E", "ts":"2955007030", "pid":"1", "tid":"wave"},
{"name":"ModelSetRunClock", "ph":"B", "ts":"2957637156", "pid":"1", "tid":"wave"},
{"name":"ModelSetRunClock", "ph":"E", "ts":"2957637193", "pid":"1", "tid":"wave"},
{"name":"ModelAdvance", "ph":"B", "ts":"2957637279", "pid":"1", "tid":"wave"},
{"name":"ModelAdvance", "ph":"E", "ts":"2962324640", "pid":"1", "tid":"wave"},
{"name":"ModelSetRunClock", "ph":"B", "ts":"2965531430", "pid":"1", "tid":"wave"},
{"name":"ModelSetRunClock", "ph":"E", "ts":"2965531477", "pid":"1", "tid":"wave"},
{"name":"ModelAdvance", "ph":"B", "ts":"2965531574", "pid":"1", "tid":"wave"},
{"name":"ModelAdvance", "ph":"E", "ts":"2970243996", "pid":"1", "tid":"wave"},
{"name":"ModelSetRunClock", "ph":"B", "ts":"2972841982", "pid":"1", "tid":"wave"},
{"name":"ModelSetRunClock", "ph":"E", "ts":"2972842040", "pid":"1", "tid":"wave"},
{"name":"ModelAdvance", "ph":"B", "ts":"2972842128", "pid":"1", "tid":"wave"},
{"name":"ModelAdvance", "ph":"E", "ts":"2977465298", "pid":"1", "tid":"wave"},
{"name":"ModelSetRunClock", "ph":"B", "ts":"2980778621", "pid":"1", "tid":"wave"},
{"name":"ModelSetRunClock", "ph":"E", "ts":"2980778966", "pid":"1", "tid":"wave"},
{"name":"ModelAdvance", "ph":"B", "ts":"2980779125", "pid":"1", "tid":"wave"},
{"name":"ModelAdvance", "ph":"E", "ts":"2985332878", "pid":"1", "tid":"wave"},
{"name":"ModelSetRunClock", "ph":"B", "ts":"2988074944", "pid":"1", "tid":"wave"},
{"name":"ModelSetRunClock", "ph":"E", "ts":"2988075011", "pid":"1", "tid":"wave"},
{"name":"ModelAdvance", "ph":"B", "ts":"2988075117", "pid":"1", "tid":"wave"},
{"name":"ModelAdvance", "ph":"E", "ts":"2992599775", "pid":"1", "tid":"wave"},
{"name":"ModelSetRunClock", "ph":"B", "ts":"2995951524", "pid":"1", "tid":"wave"},
{"name":"ModelSetRunClock", "ph":"E", "ts":"2995951640", "pid":"1", "tid":"wave"},
{"name":"ModelAdvance", "ph":"B", "ts":"2995951748", "pid":"1", "tid":"wave"},
{"name":"ModelAdvance", "ph":"E", "ts":"3000451348", "pid":"1", "tid":"wave"},
{"name":"ModelSetRunClock", "ph":"B", "ts":"3003249468", "pid":"1", "tid":"wave"},
{"name":"ModelSetRunClock", "ph":"E", "ts":"3003249632", "pid":"1", "tid":"wave"},
{"name":"ModelAdvance", "ph":"B", "ts":"3003249746", "pid":"1", "tid":"wave"},
{"name":"ModelAdvance", "ph":"E", "ts":"3007766016", "pid":"1", "tid":"wave"},
{"name":"ModelSetRunClock", "ph":"B", "ts":"3011195264", "pid":"1", "tid":"wave"},
{"name":"ModelSetRunClock", "ph":"E", "ts":"3011195603", "pid":"1", "tid":"wave"},
{"name":"ModelAdvance", "ph":"B", "ts":"3011195769", "pid":"1", "tid":"wave"},
{"name":"ModelAdvance", "ph":"E", "ts":"3015793301", "pid":"1", "tid":"wave"},
{"name":"ModelSetRunClock", "ph":"B", "ts":"3018465868", "pid":"1", "tid":"wave"},
{"name":"ModelSetRunClock", "ph":"E", "ts":"3018465932", "pid":"1", "tid":"wave"},
{"name":"ModelAdvance", "ph":"B", "ts":"3018466093", "pid":"1", "tid":"wave"},
{"name":"ModelAdvance", "ph":"E", "ts":"3023182609", "pid":"1", "tid":"wave"},
{"name":"ModelSetRunClock", "ph":"B", "ts":"3026361183", "pid":"1", "tid":"wave"},
{"name":"ModelSetRunClock", "ph":"E", "ts":"3026361260", "pid":"1", "tid":"wave"},
{"name":"ModelAdvance", "ph":"B", "ts":"3026361349", "pid":"1", "tid":"wave"},
{"name":"ModelAdvance", "ph":"E", "ts":"3031219321", "pid":"1", "tid":"wave"},
{"name":"ModelSetRunClock", "ph":"B", "ts":"3033521369", "pid":"1", "tid":"wave"},
{"name":"ModelSetRunClock", "ph":"E", "ts":"3033521490", "pid":"1", "tid":"wave"},
{"name":"ModelAdvance", "ph":"B", "ts":"3033521657", "pid":"1", "tid":"wave"},
{"name":"ModelAdvance", "ph":"E", "ts":"3038517171", "pid":"1", "tid":"wave"},
{"name":"ModelSetRunClock", "ph":"B", "ts":"3041344372", "pid":"1", "tid":"wave"},
{"name":"ModelSetRunClock", "ph":"E", "ts":"3041344572", "pid":"1", "tid":"wave"},
{"name":"ModelAdvance", "ph":"B", "ts":"3041344673", "pid":"1", "tid":"wave"},
{"name":"ModelAdvance", "ph":"E", "ts":"3046489477", "pid":"1", "tid":"wave"},
{"name":"ModelSetRunClock", "ph":"B", "ts":"3048463651", "pid":"1", "tid":"wave"},
{"name":"ModelSetRunClock", "ph":"E", "ts":"3048463762", "pid":"1", "tid":"wave"},
{"name":"ModelAdvance", "ph":"B", "ts":"3048463886", "pid":"1", "tid":"wave"},
{"name":"ModelAdvance", "ph":"E", "ts":"3053702006", "pid":"1", "tid":"wave"},
{"name":"ModelSetRunClock", "ph":"B", "ts":"3056242416", "pid":"1", "tid":"wave"},
{"name":"ModelSetRunClock", "ph":"E", "ts":"3056242547", "pid":"1", "tid":"wave"},
{"name":"ModelAdvance", "ph":"B", "ts":"3056242663", "pid":"1", "tid":"wave"},
{"name":"ModelAdvance", "ph":"E", "ts":"3061468612", "pid":"1", "tid":"wave"},
{"name":"ModelSetRunClock", "ph":"B", "ts":"3063408599", "pid":"1", "tid":"wave"},
{"name":"ModelSetRunClock", "ph":"E", "ts":"3063408681", "pid":"1", "tid":"wave"},
{"name":"ModelAdvance", "ph":"B", "ts":"3063408791", "pid":"1", "tid":"wave"},
{"name":"ModelAdvance", "ph":"E", "ts":"3068606631", "pid":"1", "tid":"wave"},
{"name":"ModelSetRunClock", "ph":"B", "ts":"3071223645", "pid":"1", "tid":"wave"},
{"name":"ModelSetRunClock", "ph":"E", "ts":"3071223723", "pid":"1", "tid":"wave"},
{"name":"ModelAdvance", "ph":"B", "ts":"3071223821", "pid":"1", "tid":"wave"},
{"name":"ModelAdvance", "ph":"E", "ts":"3076397175", "pid":"1", "tid":"wave"},
{"name":"ModelSetRunClock", "ph":"B", "ts":"3078371425", "pid":"1", "tid":"wave"},
{"name":"ModelSetRunClock", "ph":"E", "ts":"3078371536", "pid":"1", "tid":"wave"},
{"name":"ModelAdvance", "ph":"B", "ts":"3078371656", "pid":"1", "tid":"wave"},
{"name":"ModelAdvance", "ph":"E", "ts":"3083303451", "pid":"1", "tid":"wave"},
{"name":"ModelSetRunClock", "ph":"B", "ts":"3086174837", "pid":"1", "tid":"wave"},
{"name":"ModelSetRunClock", "ph":"E", "ts":"3086175032", "pid":"1", "tid":"wave"},
{"name":"ModelAdvance", "ph":"B", "ts":"3086175227", "pid":"1", "tid":"wave"},
{"name":"ModelAdvance", "ph":"E", "ts":"3091007762", "pid":"1", "tid":"wave"},
{"name":"ModelSetRunClock", "ph":"B", "ts":"3093368259", "pid":"1", "tid":"wave"},
{"name":"ModelSetRunClock", "ph":"E", "ts":"3093368323", "pid":"1", "tid":"wave"},
{"name":"ModelAdvance", "ph":"B", "ts":"3093368419", "pid":"1", "tid":"wave"},
{"name":"ModelAdvance", "ph":"E", "ts":"3098227112", "pid":"1", "tid":"wave"},
{"name":"ModelSetRunClock", "ph":"B", "ts":"3101237078", "pid":"1", "tid":"wave"},
{"name":"ModelSetRunClock", "ph":"E", "ts":"3101237150", "pid":"1", "tid":"wave"},
{"name":"ModelAdvance", "ph":"B", "ts":"3101237287", "pid":"1", "tid":"wave"},
{"name":"ModelAdvance", "ph":"E", "ts":"3106262134", "pid":"1", "tid":"wave"},
{"name":"ModelFinalize", "ph":"B", "ts":"3106268266", "pid":"1", "tid":"wave"},
{"name":"ModelFinalize", "ph":"E", "ts":"3106268287", "pid":"1", "tid":"wave"},
