{"name":"SetServices", "ph":"B", "ts":"1195843426", "pid":"1", "tid":"wave"},
{"name":"SetServices", "ph":"E", "ts":"1195845047", "pid":"1", "tid":"wave"},
{"name":"InitializeP0", "ph":"B", "ts":"1195849010", "pid":"1", "tid":"wave"},
{"name":"InitializeP0", "ph":"E", "ts":"1195849108", "pid":"1", "tid":"wave"},
{"name":"InitializeAdvertise", "ph":"B", "ts":"1219433200", "pid":"1", "tid":"wave"},
{"name":"InitializeAdvertise", "ph":"E", "ts":"1318007939", "pid":"1", "tid":"wave"},
{"name":"InitializeRealize", "ph":"B", "ts":"1429573917", "pid":"1", "tid":"wave"},
{"name":"InitializeRealize", "ph":"E", "ts":"1443455200", "pid":"1", "tid":"wave"},
{"name":"DataInitialize", "ph":"B", "ts":"1471002941", "pid":"1", "tid":"wave"},
{"name":"DataInitialize", "ph":"E", "ts":"1471006860", "pid":"1", "tid":"wave"},
{"name":"ModelSetRunClock", "ph":"B", "ts":"1491201938", "pid":"1", "tid":"wave"},
{"name":"ModelSetRunClock", "ph":"E", "ts":"1491210576", "pid":"1", "tid":"wave"},
{"name":"ModelAdvance", "ph":"B", "ts":"1491210666", "pid":"1", "tid":"wave"},
{"name":"ModelAdvance", "ph":"E", "ts":"1502527697", "pid":"1", "tid":"wave"},
{"name":"ModelSetRunClock", "ph":"B", "ts":"1503850157", "pid":"1", "tid":"wave"},
{"name":"ModelSetRunClock", "ph":"E", "ts":"1503850218", "pid":"1", "tid":"wave"},
{"name":"ModelAdvance", "ph":"B", "ts":"1503850307", "pid":"1", "tid":"wave"},
{"name":"ModelAdvance", "ph":"E", "ts":"1516707314", "pid":"1", "tid":"wave"},
{"name":"ModelSetRunClock", "ph":"B", "ts":"1517655928", "pid":"1", "tid":"wave"},
{"name":"ModelSetRunClock", "ph":"E", "ts":"1517655961", "pid":"1", "tid":"wave"},
{"name":"ModelAdvance", "ph":"B", "ts":"1517656044", "pid":"1", "tid":"wave"},
{"name":"ModelAdvance", "ph":"E", "ts":"1531370108", "pid":"1", "tid":"wave"},
{"name":"ModelSetRunClock", "ph":"B", "ts":"1533228011", "pid":"1", "tid":"wave"},
{"name":"ModelSetRunClock", "ph":"E", "ts":"1533228185", "pid":"1", "tid":"wave"},
{"name":"ModelAdvance", "ph":"B", "ts":"1533228296", "pid":"1", "tid":"wave"},
{"name":"ModelAdvance", "ph":"E", "ts":"1544813601", "pid":"1", "tid":"wave"},
{"name":"ModelSetRunClock", "ph":"B", "ts":"1546860831", "pid":"1", "tid":"wave"},
{"name":"ModelSetRunClock", "ph":"E", "ts":"1546860869", "pid":"1", "tid":"wave"},
{"name":"ModelAdvance", "ph":"B", "ts":"1546860952", "pid":"1", "tid":"wave"},
{"name":"ModelAdvance", "ph":"E", "ts":"1557231019", "pid":"1", "tid":"wave"},
{"name":"ModelSetRunClock", "ph":"B", "ts":"1560243854", "pid":"1", "tid":"wave"},
{"name":"ModelSetRunClock", "ph":"E", "ts":"1560243889", "pid":"1", "tid":"wave"},
{"name":"ModelAdvance", "ph":"B", "ts":"1560243977", "pid":"1", "tid":"wave"},
{"name":"ModelAdvance", "ph":"E", "ts":"1570570031", "pid":"1", "tid":"wave"},
{"name":"ModelSetRunClock", "ph":"B", "ts":"1583998027", "pid":"1", "tid":"wave"},
{"name":"ModelSetRunClock", "ph":"E", "ts":"1583998071", "pid":"1", "tid":"wave"},
{"name":"ModelAdvance", "ph":"B", "ts":"1583998158", "pid":"1", "tid":"wave"},
{"name":"ModelAdvance", "ph":"E", "ts":"1592536951", "pid":"1", "tid":"wave"},
{"name":"ModelSetRunClock", "ph":"B", "ts":"1592999389", "pid":"1", "tid":"wave"},
{"name":"ModelSetRunClock", "ph":"E", "ts":"1592999422", "pid":"1", "tid":"wave"},
{"name":"ModelAdvance", "ph":"B", "ts":"1592999505", "pid":"1", "tid":"wave"},
{"name":"ModelAdvance", "ph":"E", "ts":"1600174595", "pid":"1", "tid":"wave"},
{"name":"ModelSetRunClock", "ph":"B", "ts":"1600627400", "pid":"1", "tid":"wave"},
{"name":"ModelSetRunClock", "ph":"E", "ts":"1600627433", "pid":"1", "tid":"wave"},
{"name":"ModelAdvance", "ph":"B", "ts":"1600627522", "pid":"1", "tid":"wave"},
{"name":"ModelAdvance", "ph":"E", "ts":"1607650149", "pid":"1", "tid":"wave"},
{"name":"ModelSetRunClock", "ph":"B", "ts":"1608901889", "pid":"1", "tid":"wave"},
{"name":"ModelSetRunClock", "ph":"E", "ts":"1608901923", "pid":"1", "tid":"wave"},
{"name":"ModelAdvance", "ph":"B", "ts":"1608902008", "pid":"1", "tid":"wave"},
{"name":"ModelAdvance", "ph":"E", "ts":"1615726152", "pid":"1", "tid":"wave"},
{"name":"ModelSetRunClock", "ph":"B", "ts":"1616598314", "pid":"1", "tid":"wave"},
{"name":"ModelSetRunClock", "ph":"E", "ts":"1616598482", "pid":"1", "tid":"wave"},
{"name":"ModelAdvance", "ph":"B", "ts":"1616598568", "pid":"1", "tid":"wave"},
{"name":"ModelAdvance", "ph":"E", "ts":"1623276274", "pid":"1", "tid":"wave"},
{"name":"ModelSetRunClock", "ph":"B", "ts":"1624967653", "pid":"1", "tid":"wave"},
{"name":"ModelSetRunClock", "ph":"E", "ts":"1624967689", "pid":"1", "tid":"wave"},
{"name":"ModelAdvance", "ph":"B", "ts":"1624967784", "pid":"1", "tid":"wave"},
{"name":"ModelAdvance", "ph":"E", "ts":"1631398513", "pid":"1", "tid":"wave"},
{"name":"ModelSetRunClock", "ph":"B", "ts":"1632697685", "pid":"1", "tid":"wave"},
{"name":"ModelSetRunClock", "ph":"E", "ts":"1632697718", "pid":"1", "tid":"wave"},
{"name":"ModelAdvance", "ph":"B", "ts":"1632697801", "pid":"1", "tid":"wave"},
{"name":"ModelAdvance", "ph":"E", "ts":"1638874868", "pid":"1", "tid":"wave"},
{"name":"ModelSetRunClock", "ph":"B", "ts":"1640946143", "pid":"1", "tid":"wave"},
{"name":"ModelSetRunClock", "ph":"E", "ts":"1640946176", "pid":"1", "tid":"wave"},
{"name":"ModelAdvance", "ph":"B", "ts":"1640946254", "pid":"1", "tid":"wave"},
{"name":"ModelAdvance", "ph":"E", "ts":"1646922616", "pid":"1", "tid":"wave"},
{"name":"ModelSetRunClock", "ph":"B", "ts":"1648552172", "pid":"1", "tid":"wave"},
{"name":"ModelSetRunClock", "ph":"E", "ts":"1648552207", "pid":"1", "tid":"wave"},
{"name":"ModelAdvance", "ph":"B", "ts":"1648552289", "pid":"1", "tid":"wave"},
{"name":"ModelAdvance", "ph":"E", "ts":"1654404745", "pid":"1", "tid":"wave"},
{"name":"ModelSetRunClock", "ph":"B", "ts":"1656981137", "pid":"1", "tid":"wave"},
{"name":"ModelSetRunClock", "ph":"E", "ts":"1656981174", "pid":"1", "tid":"wave"},
{"name":"ModelAdvance", "ph":"B", "ts":"1656981265", "pid":"1", "tid":"wave"},
{"name":"ModelAdvance", "ph":"E", "ts":"1662748575", "pid":"1", "tid":"wave"},
{"name":"ModelSetRunClock", "ph":"B", "ts":"1665017305", "pid":"1", "tid":"wave"},
{"name":"ModelSetRunClock", "ph":"E", "ts":"1665017337", "pid":"1", "tid":"wave"},
{"name":"ModelAdvance", "ph":"B", "ts":"1665017413", "pid":"1", "tid":"wave"},
{"name":"ModelAdvance", "ph":"E", "ts":"1670737414", "pid":"1", "tid":"wave"},
{"name":"ModelSetRunClock", "ph":"B", "ts":"1673737189", "pid":"1", "tid":"wave"},
{"name":"ModelSetRunClock", "ph":"E", "ts":"1673737222", "pid":"1", "tid":"wave"},
{"name":"ModelAdvance", "ph":"B", "ts":"1673737305", "pid":"1", "tid":"wave"},
{"name":"ModelAdvance", "ph":"E", "ts":"1679497349", "pid":"1", "tid":"wave"},
{"name":"ModelSetRunClock", "ph":"B", "ts":"1681754225", "pid":"1", "tid":"wave"},
{"name":"ModelSetRunClock", "ph":"E", "ts":"1681754259", "pid":"1", "tid":"wave"},
{"name":"ModelAdvance", "ph":"B", "ts":"1681754350", "pid":"1", "tid":"wave"},
{"name":"ModelAdvance", "ph":"E", "ts":"1687496837", "pid":"1", "tid":"wave"},
{"name":"ModelSetRunClock", "ph":"B", "ts":"1690301470", "pid":"1", "tid":"wave"},
{"name":"ModelSetRunClock", "ph":"E", "ts":"1690301504", "pid":"1", "tid":"wave"},
{"name":"ModelAdvance", "ph":"B", "ts":"1690301581", "pid":"1", "tid":"wave"},
{"name":"ModelAdvance", "ph":"E", "ts":"1696057480", "pid":"1", "tid":"wave"},
{"name":"ModelSetRunClock", "ph":"B", "ts":"1698264749", "pid":"1", "tid":"wave"},
{"name":"ModelSetRunClock", "ph":"E", "ts":"1698264789", "pid":"1", "tid":"wave"},
{"name":"ModelAdvance", "ph":"B", "ts":"1698264875", "pid":"1", "tid":"wave"},
{"name":"ModelAdvance", "ph":"E", "ts":"1704061081", "pid":"1", "tid":"wave"},
{"name":"ModelSetRunClock", "ph":"B", "ts":"1707094230", "pid":"1", "tid":"wave"},
{"name":"ModelSetRunClock", "ph":"E", "ts":"1707094278", "pid":"1", "tid":"wave"},
{"name":"ModelAdvance", "ph":"B", "ts":"1707094371", "pid":"1", "tid":"wave"},
{"name":"ModelAdvance", "ph":"E", "ts":"1712855019", "pid":"1", "tid":"wave"},
{"name":"ModelSetRunClock", "ph":"B", "ts":"1715376120", "pid":"1", "tid":"wave"},
{"name":"ModelSetRunClock", "ph":"E", "ts":"1715376208", "pid":"1", "tid":"wave"},
{"name":"ModelAdvance", "ph":"B", "ts":"1715376315", "pid":"1", "tid":"wave"},
{"name":"ModelAdvance", "ph":"E", "ts":"1721095182", "pid":"1", "tid":"wave"},
{"name":"ModelSetRunClock", "ph":"B", "ts":"1724016072", "pid":"1", "tid":"wave"},
{"name":"ModelSetRunClock", "ph":"E", "ts":"1724016127", "pid":"1", "tid":"wave"},
{"name":"ModelAdvance", "ph":"B", "ts":"1724016236", "pid":"1", "tid":"wave"},
{"name":"ModelAdvance", "ph":"E", "ts":"1729725838", "pid":"1", "tid":"wave"},
{"name":"ModelSetRunClock", "ph":"B", "ts":"1732000512", "pid":"1", "tid":"wave"},
{"name":"ModelSetRunClock", "ph":"E", "ts":"1732000660", "pid":"1", "tid":"wave"},
{"name":"ModelAdvance", "ph":"B", "ts":"1732000786", "pid":"1", "tid":"wave"},
{"name":"ModelAdvance", "ph":"E", "ts":"1737680256", "pid":"1", "tid":"wave"},
{"name":"ModelSetRunClock", "ph":"B", "ts":"1740248076", "pid":"1", "tid":"wave"},
{"name":"ModelSetRunClock", "ph":"E", "ts":"1740248133", "pid":"1", "tid":"wave"},
{"name":"ModelAdvance", "ph":"B", "ts":"1740248241", "pid":"1", "tid":"wave"},
{"name":"ModelAdvance", "ph":"E", "ts":"1745929457", "pid":"1", "tid":"wave"},
{"name":"ModelSetRunClock", "ph":"B", "ts":"1747694670", "pid":"1", "tid":"wave"},
{"name":"ModelSetRunClock", "ph":"E", "ts":"1747694708", "pid":"1", "tid":"wave"},
{"name":"ModelAdvance", "ph":"B", "ts":"1747694799", "pid":"1", "tid":"wave"},
{"name":"ModelAdvance", "ph":"E", "ts":"1753357142", "pid":"1", "tid":"wave"},
{"name":"ModelSetRunClock", "ph":"B", "ts":"1755667623", "pid":"1", "tid":"wave"},
{"name":"ModelSetRunClock", "ph":"E", "ts":"1755667670", "pid":"1", "tid":"wave"},
{"name":"ModelAdvance", "ph":"B", "ts":"1755667765", "pid":"1", "tid":"wave"},
{"name":"ModelAdvance", "ph":"E", "ts":"1761300530", "pid":"1", "tid":"wave"},
{"name":"ModelSetRunClock", "ph":"B", "ts":"1762931697", "pid":"1", "tid":"wave"},
{"name":"ModelSetRunClock", "ph":"E", "ts":"1762931814", "pid":"1", "tid":"wave"},
{"name":"ModelAdvance", "ph":"B", "ts":"1762931916", "pid":"1", "tid":"wave"},
{"name":"ModelAdvance", "ph":"E", "ts":"1768551069", "pid":"1", "tid":"wave"},
{"name":"ModelSetRunClock", "ph":"B", "ts":"1770927604", "pid":"1", "tid":"wave"},
{"name":"ModelSetRunClock", "ph":"E", "ts":"1770927654", "pid":"1", "tid":"wave"},
{"name":"ModelAdvance", "ph":"B", "ts":"1770927744", "pid":"1", "tid":"wave"},
{"name":"ModelAdvance", "ph":"E", "ts":"1776528510", "pid":"1", "tid":"wave"},
{"name":"ModelSetRunClock", "ph":"B", "ts":"1778402594", "pid":"1", "tid":"wave"},
{"name":"ModelSetRunClock", "ph":"E", "ts":"1778402641", "pid":"1", "tid":"wave"},
{"name":"ModelAdvance", "ph":"B", "ts":"1778402724", "pid":"1", "tid":"wave"},
{"name":"ModelAdvance", "ph":"E", "ts":"1784021046", "pid":"1", "tid":"wave"},
{"name":"ModelSetRunClock", "ph":"B", "ts":"1786547931", "pid":"1", "tid":"wave"},
{"name":"ModelSetRunClock", "ph":"E", "ts":"1786547984", "pid":"1", "tid":"wave"},
{"name":"ModelAdvance", "ph":"B", "ts":"1786548081", "pid":"1", "tid":"wave"},
{"name":"ModelAdvance", "ph":"E", "ts":"1792242936", "pid":"1", "tid":"wave"},
{"name":"ModelSetRunClock", "ph":"B", "ts":"1793971261", "pid":"1", "tid":"wave"},
{"name":"ModelSetRunClock", "ph":"E", "ts":"1793971374", "pid":"1", "tid":"wave"},
{"name":"ModelAdvance", "ph":"B", "ts":"1793971492", "pid":"1", "tid":"wave"},
{"name":"ModelAdvance", "ph":"E", "ts":"1799735289", "pid":"1", "tid":"wave"},
{"name":"ModelSetRunClock", "ph":"B", "ts":"1802003654", "pid":"1", "tid":"wave"},
{"name":"ModelSetRunClock", "ph":"E", "ts":"1802003711", "pid":"1", "tid":"wave"},
{"name":"ModelAdvance", "ph":"B", "ts":"1802003804", "pid":"1", "tid":"wave"},
{"name":"ModelAdvance", "ph":"E", "ts":"1807795612", "pid":"1", "tid":"wave"},
{"name":"ModelSetRunClock", "ph":"B", "ts":"1809376105", "pid":"1", "tid":"wave"},
{"name":"ModelSetRunClock", "ph":"E", "ts":"1809376168", "pid":"1", "tid":"wave"},
{"name":"ModelAdvance", "ph":"B", "ts":"1809376273", "pid":"1", "tid":"wave"},
{"name":"ModelAdvance", "ph":"E", "ts":"1815168648", "pid":"1", "tid":"wave"},
{"name":"ModelSetRunClock", "ph":"B", "ts":"1817524989", "pid":"1", "tid":"wave"},
{"name":"ModelSetRunClock", "ph":"E", "ts":"1817525040", "pid":"1", "tid":"wave"},
{"name":"ModelAdvance", "ph":"B", "ts":"1817525256", "pid":"1", "tid":"wave"},
{"name":"ModelAdvance", "ph":"E", "ts":"1823273291", "pid":"1", "tid":"wave"},
{"name":"ModelSetRunClock", "ph":"B", "ts":"1825058200", "pid":"1", "tid":"wave"},
{"name":"ModelSetRunClock", "ph":"E", "ts":"1825058311", "pid":"1", "tid":"wave"},
{"name":"ModelAdvance", "ph":"B", "ts":"1825058397", "pid":"1", "tid":"wave"},
{"name":"ModelAdvance", "ph":"E", "ts":"1830833890", "pid":"1", "tid":"wave"},
{"name":"ModelSetRunClock", "ph":"B", "ts":"1833105455", "pid":"1", "tid":"wave"},
{"name":"ModelSetRunClock", "ph":"E", "ts":"1833105494", "pid":"1", "tid":"wave"},
{"name":"ModelAdvance", "ph":"B", "ts":"1833105585", "pid":"1", "tid":"wave"},
{"name":"ModelAdvance", "ph":"E", "ts":"1838798670", "pid":"1", "tid":"wave"},
{"name":"ModelSetRunClock", "ph":"B", "ts":"1840555279", "pid":"1", "tid":"wave"},
{"name":"ModelSetRunClock", "ph":"E", "ts":"1840555318", "pid":"1", "tid":"wave"},
{"name":"ModelAdvance", "ph":"B", "ts":"1840555404", "pid":"1", "tid":"wave"},
{"name":"ModelAdvance", "ph":"E", "ts":"1846251458", "pid":"1", "tid":"wave"},
{"name":"ModelSetRunClock", "ph":"B", "ts":"1848914646", "pid":"1", "tid":"wave"},
{"name":"ModelSetRunClock", "ph":"E", "ts":"1848914687", "pid":"1", "tid":"wave"},
{"name":"ModelAdvance", "ph":"B", "ts":"1848914775", "pid":"1", "tid":"wave"},
{"name":"ModelAdvance", "ph":"E", "ts":"1854664261", "pid":"1", "tid":"wave"},
{"name":"ModelSetRunClock", "ph":"B", "ts":"1856982751", "pid":"1", "tid":"wave"},
{"name":"ModelSetRunClock", "ph":"E", "ts":"1856982791", "pid":"1", "tid":"wave"},
{"name":"ModelAdvance", "ph":"B", "ts":"1856982880", "pid":"1", "tid":"wave"},
{"name":"ModelAdvance", "ph":"E", "ts":"1862683746", "pid":"1", "tid":"wave"},
{"name":"ModelSetRunClock", "ph":"B", "ts":"1865754855", "pid":"1", "tid":"wave"},
{"name":"ModelSetRunClock", "ph":"E", "ts":"1865754897", "pid":"1", "tid":"wave"},
{"name":"ModelAdvance", "ph":"B", "ts":"1865754992", "pid":"1", "tid":"wave"},
{"name":"ModelAdvance", "ph":"E", "ts":"1871335490", "pid":"1", "tid":"wave"},
{"name":"ModelSetRunClock", "ph":"B", "ts":"1873676136", "pid":"1", "tid":"wave"},
{"name":"ModelSetRunClock", "ph":"E", "ts":"1873676174", "pid":"1", "tid":"wave"},
{"name":"ModelAdvance", "ph":"B", "ts":"1873676258", "pid":"1", "tid":"wave"},
{"name":"ModelAdvance", "ph":"E", "ts":"1879246429", "pid":"1", "tid":"wave"},
{"name":"ModelSetRunClock", "ph":"B", "ts":"1894651385", "pid":"1", "tid":"wave"},
{"name":"ModelSetRunClock", "ph":"E", "ts":"1894651506", "pid":"1", "tid":"wave"},
{"name":"ModelAdvance", "ph":"B", "ts":"1894651597", "pid":"1", "tid":"wave"},
{"name":"ModelAdvance", "ph":"E", "ts":"1900145217", "pid":"1", "tid":"wave"},
{"name":"ModelSetRunClock", "ph":"B", "ts":"1902264106", "pid":"1", "tid":"wave"},
{"name":"ModelSetRunClock", "ph":"E", "ts":"1902264142", "pid":"1", "tid":"wave"},
{"name":"ModelAdvance", "ph":"B", "ts":"1902264232", "pid":"1", "tid":"wave"},
{"name":"ModelAdvance", "ph":"E", "ts":"1907700057", "pid":"1", "tid":"wave"},
{"name":"ModelSetRunClock", "ph":"B", "ts":"1910386255", "pid":"1", "tid":"wave"},
{"name":"ModelSetRunClock", "ph":"E", "ts":"1910386293", "pid":"1", "tid":"wave"},
{"name":"ModelAdvance", "ph":"B", "ts":"1910386375", "pid":"1", "tid":"wave"},
{"name":"ModelAdvance", "ph":"E", "ts":"1915844047", "pid":"1", "tid":"wave"},
{"name":"ModelSetRunClock", "ph":"B", "ts":"1917708187", "pid":"1", "tid":"wave"},
{"name":"ModelSetRunClock", "ph":"E", "ts":"1917708224", "pid":"1", "tid":"wave"},
{"name":"ModelAdvance", "ph":"B", "ts":"1917708314", "pid":"1", "tid":"wave"},
{"name":"ModelAdvance", "ph":"E", "ts":"1923194634", "pid":"1", "tid":"wave"},
{"name":"ModelSetRunClock", "ph":"B", "ts":"1925695151", "pid":"1", "tid":"wave"},
{"name":"ModelSetRunClock", "ph":"E", "ts":"1925695191", "pid":"1", "tid":"wave"},
{"name":"ModelAdvance", "ph":"B", "ts":"1925695279", "pid":"1", "tid":"wave"},
{"name":"ModelAdvance", "ph":"E", "ts":"1931359398", "pid":"1", "tid":"wave"},
{"name":"ModelSetRunClock", "ph":"B", "ts":"1933134586", "pid":"1", "tid":"wave"},
{"name":"ModelSetRunClock", "ph":"E", "ts":"1933134657", "pid":"1", "tid":"wave"},
{"name":"ModelAdvance", "ph":"B", "ts":"1933134738", "pid":"1", "tid":"wave"},
{"name":"ModelAdvance", "ph":"E", "ts":"1938867723", "pid":"1", "tid":"wave"},
{"name":"ModelSetRunClock", "ph":"B", "ts":"1941355655", "pid":"1", "tid":"wave"},
{"name":"ModelSetRunClock", "ph":"E", "ts":"1941355690", "pid":"1", "tid":"wave"},
{"name":"ModelAdvance", "ph":"B", "ts":"1941355766", "pid":"1", "tid":"wave"},
{"name":"ModelAdvance", "ph":"E", "ts":"1947063078", "pid":"1", "tid":"wave"},
{"name":"ModelSetRunClock", "ph":"B", "ts":"1948852282", "pid":"1", "tid":"wave"},
{"name":"ModelSetRunClock", "ph":"E", "ts":"1948852317", "pid":"1", "tid":"wave"},
{"name":"ModelAdvance", "ph":"B", "ts":"1948852400", "pid":"1", "tid":"wave"},
{"name":"ModelAdvance", "ph":"E", "ts":"1954474290", "pid":"1", "tid":"wave"},
{"name":"ModelSetRunClock", "ph":"B", "ts":"1957075426", "pid":"1", "tid":"wave"},
{"name":"ModelSetRunClock", "ph":"E", "ts":"1957075463", "pid":"1", "tid":"wave"},
{"name":"ModelAdvance", "ph":"B", "ts":"1957075549", "pid":"1", "tid":"wave"},
{"name":"ModelAdvance", "ph":"E", "ts":"1962666797", "pid":"1", "tid":"wave"},
{"name":"ModelSetRunClock", "ph":"B", "ts":"1964719321", "pid":"1", "tid":"wave"},
{"name":"ModelSetRunClock", "ph":"E", "ts":"1964719357", "pid":"1", "tid":"wave"},
{"name":"ModelAdvance", "ph":"B", "ts":"1964719443", "pid":"1", "tid":"wave"},
{"name":"ModelAdvance", "ph":"E", "ts":"1970335734", "pid":"1", "tid":"wave"},
{"name":"ModelSetRunClock", "ph":"B", "ts":"1973114357", "pid":"1", "tid":"wave"},
{"name":"ModelSetRunClock", "ph":"E", "ts":"1973114399", "pid":"1", "tid":"wave"},
{"name":"ModelAdvance", "ph":"B", "ts":"1973114479", "pid":"1", "tid":"wave"},
{"name":"ModelAdvance", "ph":"E", "ts":"1978693416", "pid":"1", "tid":"wave"},
{"name":"ModelSetRunClock", "ph":"B", "ts":"1980828519", "pid":"1", "tid":"wave"},
{"name":"ModelSetRunClock", "ph":"E", "ts":"1980828565", "pid":"1", "tid":"wave"},
{"name":"ModelAdvance", "ph":"B", "ts":"1980828641", "pid":"1", "tid":"wave"},
{"name":"ModelAdvance", "ph":"E", "ts":"1986420794", "pid":"1", "tid":"wave"},
{"name":"ModelSetRunClock", "ph":"B", "ts":"1989180652", "pid":"1", "tid":"wave"},
{"name":"ModelSetRunClock", "ph":"E", "ts":"1989180698", "pid":"1", "tid":"wave"},
{"name":"ModelAdvance", "ph":"B", "ts":"1989180771", "pid":"1", "tid":"wave"},
{"name":"ModelAdvance", "ph":"E", "ts":"1994837827", "pid":"1", "tid":"wave"},
{"name":"ModelSetRunClock", "ph":"B", "ts":"1996954771", "pid":"1", "tid":"wave"},
{"name":"ModelSetRunClock", "ph":"E", "ts":"1996954816", "pid":"1", "tid":"wave"},
{"name":"ModelAdvance", "ph":"B", "ts":"1996954895", "pid":"1", "tid":"wave"},
{"name":"ModelAdvance", "ph":"E", "ts":"2002569816", "pid":"1", "tid":"wave"},
{"name":"ModelSetRunClock", "ph":"B", "ts":"2005081889", "pid":"1", "tid":"wave"},
{"name":"ModelSetRunClock", "ph":"E", "ts":"2005081934", "pid":"1", "tid":"wave"},
{"name":"ModelAdvance", "ph":"B", "ts":"2005082011", "pid":"1", "tid":"wave"},
{"name":"ModelAdvance", "ph":"E", "ts":"2010743464", "pid":"1", "tid":"wave"},
{"name":"ModelSetRunClock", "ph":"B", "ts":"2012370440", "pid":"1", "tid":"wave"},
{"name":"ModelSetRunClock", "ph":"E", "ts":"2012370482", "pid":"1", "tid":"wave"},
{"name":"ModelAdvance", "ph":"B", "ts":"2012370557", "pid":"1", "tid":"wave"},
{"name":"ModelAdvance", "ph":"E", "ts":"2017953461", "pid":"1", "tid":"wave"},
{"name":"ModelSetRunClock", "ph":"B", "ts":"2020309533", "pid":"1", "tid":"wave"},
{"name":"ModelSetRunClock", "ph":"E", "ts":"2020309576", "pid":"1", "tid":"wave"},
{"name":"ModelAdvance", "ph":"B", "ts":"2020309652", "pid":"1", "tid":"wave"},
{"name":"ModelAdvance", "ph":"E", "ts":"2025921626", "pid":"1", "tid":"wave"},
{"name":"ModelSetRunClock", "ph":"B", "ts":"2027712614", "pid":"1", "tid":"wave"},
{"name":"ModelSetRunClock", "ph":"E", "ts":"2027712656", "pid":"1", "tid":"wave"},
{"name":"ModelAdvance", "ph":"B", "ts":"2027712738", "pid":"1", "tid":"wave"},
{"name":"ModelAdvance", "ph":"E", "ts":"2033314601", "pid":"1", "tid":"wave"},
{"name":"ModelSetRunClock", "ph":"B", "ts":"2035790631", "pid":"1", "tid":"wave"},
{"name":"ModelSetRunClock", "ph":"E", "ts":"2035790673", "pid":"1", "tid":"wave"},
{"name":"ModelAdvance", "ph":"B", "ts":"2035790748", "pid":"1", "tid":"wave"},
{"name":"ModelAdvance", "ph":"E", "ts":"2041351498", "pid":"1", "tid":"wave"},
{"name":"ModelSetRunClock", "ph":"B", "ts":"2043404196", "pid":"1", "tid":"wave"},
{"name":"ModelSetRunClock", "ph":"E", "ts":"2043404235", "pid":"1", "tid":"wave"},
{"name":"ModelAdvance", "ph":"B", "ts":"2043404313", "pid":"1", "tid":"wave"},
{"name":"ModelAdvance", "ph":"E", "ts":"2048910108", "pid":"1", "tid":"wave"},
{"name":"ModelSetRunClock", "ph":"B", "ts":"2051573212", "pid":"1", "tid":"wave"},
{"name":"ModelSetRunClock", "ph":"E", "ts":"2051573250", "pid":"1", "tid":"wave"},
{"name":"ModelAdvance", "ph":"B", "ts":"2051573328", "pid":"1", "tid":"wave"},
{"name":"ModelAdvance", "ph":"E", "ts":"2057078660", "pid":"1", "tid":"wave"},
{"name":"ModelSetRunClock", "ph":"B", "ts":"2059043647", "pid":"1", "tid":"wave"},
{"name":"ModelSetRunClock", "ph":"E", "ts":"2059043684", "pid":"1", "tid":"wave"},
{"name":"ModelAdvance", "ph":"B", "ts":"2059043768", "pid":"1", "tid":"wave"},
{"name":"ModelAdvance", "ph":"E", "ts":"2064570324", "pid":"1", "tid":"wave"},
{"name":"ModelSetRunClock", "ph":"B", "ts":"2067099514", "pid":"1", "tid":"wave"},
{"name":"ModelSetRunClock", "ph":"E", "ts":"2067099547", "pid":"1", "tid":"wave"},
{"name":"ModelAdvance", "ph":"B", "ts":"2067099624", "pid":"1", "tid":"wave"},
{"name":"ModelAdvance", "ph":"E", "ts":"2072597048", "pid":"1", "tid":"wave"},
{"name":"ModelSetRunClock", "ph":"B", "ts":"2074597279", "pid":"1", "tid":"wave"},
{"name":"ModelSetRunClock", "ph":"E", "ts":"2074597311", "pid":"1", "tid":"wave"},
{"name":"ModelAdvance", "ph":"B", "ts":"2074597388", "pid":"1", "tid":"wave"},
{"name":"ModelAdvance", "ph":"E", "ts":"2080091261", "pid":"1", "tid":"wave"},
{"name":"ModelSetRunClock", "ph":"B", "ts":"2082746856", "pid":"1", "tid":"wave"},
{"name":"ModelSetRunClock", "ph":"E", "ts":"2082746893", "pid":"1", "tid":"wave"},
{"name":"ModelAdvance", "ph":"B", "ts":"2082746982", "pid":"1", "tid":"wave"},
{"name":"ModelAdvance", "ph":"E", "ts":"2088309437", "pid":"1", "tid":"wave"},
{"name":"ModelSetRunClock", "ph":"B", "ts":"2090142564", "pid":"1", "tid":"wave"},
{"name":"ModelSetRunClock", "ph":"E", "ts":"2090142598", "pid":"1", "tid":"wave"},
{"name":"ModelAdvance", "ph":"B", "ts":"2090142674", "pid":"1", "tid":"wave"},
{"name":"ModelAdvance", "ph":"E", "ts":"2095717098", "pid":"1", "tid":"wave"},
{"name":"ModelSetRunClock", "ph":"B", "ts":"2098180168", "pid":"1", "tid":"wave"},
{"name":"ModelSetRunClock", "ph":"E", "ts":"2098180204", "pid":"1", "tid":"wave"},
{"name":"ModelAdvance", "ph":"B", "ts":"2098180292", "pid":"1", "tid":"wave"},
{"name":"ModelAdvance", "ph":"E", "ts":"2103788988", "pid":"1", "tid":"wave"},
{"name":"ModelSetRunClock", "ph":"B", "ts":"2105530402", "pid":"1", "tid":"wave"},
{"name":"ModelSetRunClock", "ph":"E", "ts":"2105530435", "pid":"1", "tid":"wave"},
{"name":"ModelAdvance", "ph":"B", "ts":"2105530511", "pid":"1", "tid":"wave"},
{"name":"ModelAdvance", "ph":"E", "ts":"2111127130", "pid":"1", "tid":"wave"},
{"name":"ModelSetRunClock", "ph":"B", "ts":"2113554828", "pid":"1", "tid":"wave"},
{"name":"ModelSetRunClock", "ph":"E", "ts":"2113554861", "pid":"1", "tid":"wave"},
{"name":"ModelAdvance", "ph":"B", "ts":"2113554945", "pid":"1", "tid":"wave"},
{"name":"ModelAdvance", "ph":"E", "ts":"2119159870", "pid":"1", "tid":"wave"},
{"name":"ModelSetRunClock", "ph":"B", "ts":"2120915764", "pid":"1", "tid":"wave"},
{"name":"ModelSetRunClock", "ph":"E", "ts":"2120915808", "pid":"1", "tid":"wave"},
{"name":"ModelAdvance", "ph":"B", "ts":"2120915883", "pid":"1", "tid":"wave"},
{"name":"ModelAdvance", "ph":"E", "ts":"2126536609", "pid":"1", "tid":"wave"},
{"name":"ModelSetRunClock", "ph":"B", "ts":"2128913895", "pid":"1", "tid":"wave"},
{"name":"ModelSetRunClock", "ph":"E", "ts":"2128913937", "pid":"1", "tid":"wave"},
{"name":"ModelAdvance", "ph":"B", "ts":"2128914123", "pid":"1", "tid":"wave"},
{"name":"ModelAdvance", "ph":"E", "ts":"2134518664", "pid":"1", "tid":"wave"},
{"name":"ModelSetRunClock", "ph":"B", "ts":"2136309954", "pid":"1", "tid":"wave"},
{"name":"ModelSetRunClock", "ph":"E", "ts":"2136309997", "pid":"1", "tid":"wave"},
{"name":"ModelAdvance", "ph":"B", "ts":"2136310072", "pid":"1", "tid":"wave"},
{"name":"ModelAdvance", "ph":"E", "ts":"2141934356", "pid":"1", "tid":"wave"},
{"name":"ModelSetRunClock", "ph":"B", "ts":"2144314158", "pid":"1", "tid":"wave"},
{"name":"ModelSetRunClock", "ph":"E", "ts":"2144314203", "pid":"1", "tid":"wave"},
{"name":"ModelAdvance", "ph":"B", "ts":"2144314287", "pid":"1", "tid":"wave"},
{"name":"ModelAdvance", "ph":"E", "ts":"2149961825", "pid":"1", "tid":"wave"},
{"name":"ModelSetRunClock", "ph":"B", "ts":"2151696881", "pid":"1", "tid":"wave"},
{"name":"ModelSetRunClock", "ph":"E", "ts":"2151696929", "pid":"1", "tid":"wave"},
{"name":"ModelAdvance", "ph":"B", "ts":"2151697013", "pid":"1", "tid":"wave"},
{"name":"ModelAdvance", "ph":"E", "ts":"2157371785", "pid":"1", "tid":"wave"},
{"name":"ModelSetRunClock", "ph":"B", "ts":"2159818032", "pid":"1", "tid":"wave"},
{"name":"ModelSetRunClock", "ph":"E", "ts":"2159818084", "pid":"1", "tid":"wave"},
{"name":"ModelAdvance", "ph":"B", "ts":"2159818171", "pid":"1", "tid":"wave"},
{"name":"ModelAdvance", "ph":"E", "ts":"2165524132", "pid":"1", "tid":"wave"},
{"name":"ModelSetRunClock", "ph":"B", "ts":"2167200728", "pid":"1", "tid":"wave"},
{"name":"ModelSetRunClock", "ph":"E", "ts":"2167200769", "pid":"1", "tid":"wave"},
{"name":"ModelAdvance", "ph":"B", "ts":"2167200848", "pid":"1", "tid":"wave"},
{"name":"ModelAdvance", "ph":"E", "ts":"2172947286", "pid":"1", "tid":"wave"},
{"name":"ModelSetRunClock", "ph":"B", "ts":"2175321691", "pid":"1", "tid":"wave"},
{"name":"ModelSetRunClock", "ph":"E", "ts":"2175321738", "pid":"1", "tid":"wave"},
{"name":"ModelAdvance", "ph":"B", "ts":"2175321819", "pid":"1", "tid":"wave"},
{"name":"ModelAdvance", "ph":"E", "ts":"2181068728", "pid":"1", "tid":"wave"},
{"name":"ModelSetRunClock", "ph":"B", "ts":"2182609461", "pid":"1", "tid":"wave"},
{"name":"ModelSetRunClock", "ph":"E", "ts":"2182609504", "pid":"1", "tid":"wave"},
{"name":"ModelAdvance", "ph":"B", "ts":"2182609578", "pid":"1", "tid":"wave"},
{"name":"ModelAdvance", "ph":"E", "ts":"2188378097", "pid":"1", "tid":"wave"},
{"name":"ModelSetRunClock", "ph":"B", "ts":"2190526589", "pid":"1", "tid":"wave"},
{"name":"ModelSetRunClock", "ph":"E", "ts":"2190526630", "pid":"1", "tid":"wave"},
{"name":"ModelAdvance", "ph":"B", "ts":"2190526709", "pid":"1", "tid":"wave"},
{"name":"ModelAdvance", "ph":"E", "ts":"2196310208", "pid":"1", "tid":"wave"},
{"name":"ModelSetRunClock", "ph":"B", "ts":"2197953971", "pid":"1", "tid":"wave"},
{"name":"ModelSetRunClock", "ph":"E", "ts":"2197954016", "pid":"1", "tid":"wave"},
{"name":"ModelAdvance", "ph":"B", "ts":"2197954112", "pid":"1", "tid":"wave"},
{"name":"ModelAdvance", "ph":"E", "ts":"2203733884", "pid":"1", "tid":"wave"},
{"name":"ModelSetRunClock", "ph":"B", "ts":"2205978840", "pid":"1", "tid":"wave"},
{"name":"ModelSetRunClock", "ph":"E", "ts":"2205978884", "pid":"1", "tid":"wave"},
{"name":"ModelAdvance", "ph":"B", "ts":"2205978977", "pid":"1", "tid":"wave"},
{"name":"ModelAdvance", "ph":"E", "ts":"2211781566", "pid":"1", "tid":"wave"},
{"name":"ModelSetRunClock", "ph":"B", "ts":"2213433448", "pid":"1", "tid":"wave"},
{"name":"ModelSetRunClock", "ph":"E", "ts":"2213433494", "pid":"1", "tid":"wave"},
{"name":"ModelAdvance", "ph":"B", "ts":"2213433579", "pid":"1", "tid":"wave"},
{"name":"ModelAdvance", "ph":"E", "ts":"2219222037", "pid":"1", "tid":"wave"},
{"name":"ModelSetRunClock", "ph":"B", "ts":"2221526050", "pid":"1", "tid":"wave"},
{"name":"ModelSetRunClock", "ph":"E", "ts":"2221526091", "pid":"1", "tid":"wave"},
{"name":"ModelAdvance", "ph":"B", "ts":"2221526167", "pid":"1", "tid":"wave"},
{"name":"ModelAdvance", "ph":"E", "ts":"2227330082", "pid":"1", "tid":"wave"},
{"name":"ModelSetRunClock", "ph":"B", "ts":"2228847789", "pid":"1", "tid":"wave"},
{"name":"ModelSetRunClock", "ph":"E", "ts":"2228847827", "pid":"1", "tid":"wave"},
{"name":"ModelAdvance", "ph":"B", "ts":"2228847900", "pid":"1", "tid":"wave"},
{"name":"ModelAdvance", "ph":"E", "ts":"2234677767", "pid":"1", "tid":"wave"},
{"name":"ModelSetRunClock", "ph":"B", "ts":"2236834862", "pid":"1", "tid":"wave"},
{"name":"ModelSetRunClock", "ph":"E", "ts":"2236834895", "pid":"1", "tid":"wave"},
{"name":"ModelAdvance", "ph":"B", "ts":"2236834980", "pid":"1", "tid":"wave"},
{"name":"ModelAdvance", "ph":"E", "ts":"2242671773", "pid":"1", "tid":"wave"},
{"name":"ModelSetRunClock", "ph":"B", "ts":"2244173831", "pid":"1", "tid":"wave"},
{"name":"ModelSetRunClock", "ph":"E", "ts":"2244173868", "pid":"1", "tid":"wave"},
{"name":"ModelAdvance", "ph":"B", "ts":"2244173954", "pid":"1", "tid":"wave"},
{"name":"ModelAdvance", "ph":"E", "ts":"2250004522", "pid":"1", "tid":"wave"},
{"name":"ModelSetRunClock", "ph":"B", "ts":"2252162161", "pid":"1", "tid":"wave"},
{"name":"ModelSetRunClock", "ph":"E", "ts":"2252162196", "pid":"1", "tid":"wave"},
{"name":"ModelAdvance", "ph":"B", "ts":"2252162274", "pid":"1", "tid":"wave"},
{"name":"ModelAdvance", "ph":"E", "ts":"2257979842", "pid":"1", "tid":"wave"},
{"name":"ModelFinalize", "ph":"B", "ts":"2257985417", "pid":"1", "tid":"wave"},
{"name":"ModelFinalize", "ph":"E", "ts":"2257985434", "pid":"1", "tid":"wave"},
