{"name":"SetServices", "ph":"B", "ts":"1194620559", "pid":"1", "tid":"mom"},
{"name":"SetServices", "ph":"E", "ts":"1194622327", "pid":"1", "tid":"mom"},
{"name":"InitializeP0", "ph":"B", "ts":"1195815681", "pid":"1", "tid":"mom"},
{"name":"InitializeP0", "ph":"E", "ts":"1195816100", "pid":"1", "tid":"mom"},
{"name":"InitializeAdvertise", "ph":"B", "ts":"1219433325", "pid":"1", "tid":"mom"},
{"name":"InitializeAdvertise", "ph":"E", "ts":"1315865480", "pid":"1", "tid":"mom"},
{"name":"InitializeRealize", "ph":"B", "ts":"1429387369", "pid":"1", "tid":"mom"},
{"name":"InitializeRealize", "ph":"E", "ts":"1434688469", "pid":"1", "tid":"mom"},
{"name":"DataInitialize", "ph":"B", "ts":"1469401444", "pid":"1", "tid":"mom"},
{"name":"DataInitialize", "ph":"E", "ts":"1469402593", "pid":"1", "tid":"mom"},
{"name":"ModelSetRunClock", "ph":"B", "ts":"1491229719", "pid":"1", "tid":"mom"},
{"name":"ModelSetRunClock", "ph":"E", "ts":"1491238552", "pid":"1", "tid":"mom"},
{"name":"ModelAdvance", "ph":"B", "ts":"1491238753", "pid":"1", "tid":"mom"},
{"name":"ModelAdvance", "ph":"E", "ts":"1497467045", "pid":"1", "tid":"mom"},
{"name":"ModelSetRunClock", "ph":"B", "ts":"1503868031", "pid":"1", "tid":"mom"},
{"name":"ModelSetRunClock", "ph":"E", "ts":"1503868114", "pid":"1", "tid":"mom"},
{"name":"ModelAdvance", "ph":"B", "ts":"1503868401", "pid":"1", "tid":"mom"},
{"name":"ModelAdvance", "ph":"E", "ts":"1509260199", "pid":"1", "tid":"mom"},
{"name":"ModelSetRunClock", "ph":"B", "ts":"1517718217", "pid":"1", "tid":"mom"},
{"name":"ModelSetRunClock", "ph":"E", "ts":"1517718283", "pid":"1", "tid":"mom"},
{"name":"ModelAdvance", "ph":"B", "ts":"1517718435", "pid":"1", "tid":"mom"},
{"name":"ModelAdvance", "ph":"E", "ts":"1523120424", "pid":"1", "tid":"mom"},
{"name":"ModelSetRunClock", "ph":"B", "ts":"1533317382", "pid":"1", "tid":"mom"},
{"name":"ModelSetRunClock", "ph":"E", "ts":"1533317448", "pid":"1", "tid":"mom"},
{"name":"ModelAdvance", "ph":"B", "ts":"1533317599", "pid":"1", "tid":"mom"},
{"name":"ModelAdvance", "ph":"E", "ts":"1538723939", "pid":"1", "tid":"mom"},
{"name":"ModelSetRunClock", "ph":"B", "ts":"1546928080", "pid":"1", "tid":"mom"},
{"name":"ModelSetRunClock", "ph":"E", "ts":"1546928145", "pid":"1", "tid":"mom"},
{"name":"ModelAdvance", "ph":"B", "ts":"1546928294", "pid":"1", "tid":"mom"},
{"name":"ModelAdvance", "ph":"E", "ts":"1552301630", "pid":"1", "tid":"mom"},
{"name":"ModelSetRunClock", "ph":"B", "ts":"1560251952", "pid":"1", "tid":"mom"},
{"name":"ModelSetRunClock", "ph":"E", "ts":"1560252021", "pid":"1", "tid":"mom"},
{"name":"ModelAdvance", "ph":"B", "ts":"1560252186", "pid":"1", "tid":"mom"},
{"name":"ModelAdvance", "ph":"E", "ts":"1565718414", "pid":"1", "tid":"mom"},
{"name":"ModelSetRunClock", "ph":"B", "ts":"1584014618", "pid":"1", "tid":"mom"},
{"name":"ModelSetRunClock", "ph":"E", "ts":"1584014828", "pid":"1", "tid":"mom"},
{"name":"ModelAdvance", "ph":"B", "ts":"1584015035", "pid":"1", "tid":"mom"},
{"name":"ModelAdvance", "ph":"E", "ts":"1589422414", "pid":"1", "tid":"mom"},
{"name":"ModelSetRunClock", "ph":"B", "ts":"1593009632", "pid":"1", "tid":"mom"},
{"name":"ModelSetRunClock", "ph":"E", "ts":"1593009703", "pid":"1", "tid":"mom"},
{"name":"ModelAdvance", "ph":"B", "ts":"1593009883", "pid":"1", "tid":"mom"},
{"name":"ModelAdvance", "ph":"E", "ts":"1598444557", "pid":"1", "tid":"mom"},
{"name":"ModelSetRunClock", "ph":"B", "ts":"1600639158", "pid":"1", "tid":"mom"},
{"name":"ModelSetRunClock", "ph":"E", "ts":"1600639254", "pid":"1", "tid":"mom"},
{"name":"ModelAdvance", "ph":"B", "ts":"1600639463", "pid":"1", "tid":"mom"},
{"name":"ModelAdvance", "ph":"E", "ts":"1606061125", "pid":"1", "tid":"mom"},
{"name":"ModelSetRunClock", "ph":"B", "ts":"1608910683", "pid":"1", "tid":"mom"},
{"name":"ModelSetRunClock", "ph":"E", "ts":"1608910751", "pid":"1", "tid":"mom"},
{"name":"ModelAdvance", "ph":"B", "ts":"1608910949", "pid":"1", "tid":"mom"},
{"name":"ModelAdvance", "ph":"E", "ts":"1614323631", "pid":"1", "tid":"mom"},
{"name":"ModelSetRunClock", "ph":"B", "ts":"1616606049", "pid":"1", "tid":"mom"},
{"name":"ModelSetRunClock", "ph":"E", "ts":"1616606111", "pid":"1", "tid":"mom"},
{"name":"ModelAdvance", "ph":"B", "ts":"1616606403", "pid":"1", "tid":"mom"},
{"name":"ModelAdvance", "ph":"E", "ts":"1622032069", "pid":"1", "tid":"mom"},
{"name":"ModelSetRunClock", "ph":"B", "ts":"1624976876", "pid":"1", "tid":"mom"},
{"name":"ModelSetRunClock", "ph":"E", "ts":"1624976940", "pid":"1", "tid":"mom"},
{"name":"ModelAdvance", "ph":"B", "ts":"1624977106", "pid":"1", "tid":"mom"},
{"name":"ModelAdvance", "ph":"E", "ts":"1630310867", "pid":"1", "tid":"mom"},
{"name":"ModelSetRunClock", "ph":"B", "ts":"1632707443", "pid":"1", "tid":"mom"},
{"name":"ModelSetRunClock", "ph":"E", "ts":"1632707516", "pid":"1", "tid":"mom"},
{"name":"ModelAdvance", "ph":"B", "ts":"1632707694", "pid":"1", "tid":"mom"},
{"name":"ModelAdvance", "ph":"E", "ts":"1637962202", "pid":"1", "tid":"mom"},
{"name":"ModelSetRunClock", "ph":"B", "ts":"1640955879", "pid":"1", "tid":"mom"},
{"name":"ModelSetRunClock", "ph":"E", "ts":"1640955963", "pid":"1", "tid":"mom"},
{"name":"ModelAdvance", "ph":"B", "ts":"1640956145", "pid":"1", "tid":"mom"},
{"name":"ModelAdvance", "ph":"E", "ts":"1646218263", "pid":"1", "tid":"mom"},
{"name":"ModelSetRunClock", "ph":"B", "ts":"1648559429", "pid":"1", "tid":"mom"},
{"name":"ModelSetRunClock", "ph":"E", "ts":"1648559494", "pid":"1", "tid":"mom"},
{"name":"ModelAdvance", "ph":"B", "ts":"1648559660", "pid":"1", "tid":"mom"},
{"name":"ModelAdvance", "ph":"E", "ts":"1653815415", "pid":"1", "tid":"mom"},
{"name":"ModelSetRunClock", "ph":"B", "ts":"1656990150", "pid":"1", "tid":"mom"},
{"name":"ModelSetRunClock", "ph":"E", "ts":"1656990213", "pid":"1", "tid":"mom"},
{"name":"ModelAdvance", "ph":"B", "ts":"1656990379", "pid":"1", "tid":"mom"},
{"name":"ModelAdvance", "ph":"E", "ts":"1662265562", "pid":"1", "tid":"mom"},
{"name":"ModelSetRunClock", "ph":"B", "ts":"1665029291", "pid":"1", "tid":"mom"},
{"name":"ModelSetRunClock", "ph":"E", "ts":"1665029408", "pid":"1", "tid":"mom"},
{"name":"ModelAdvance", "ph":"B", "ts":"1665029637", "pid":"1", "tid":"mom"},
{"name":"ModelAdvance", "ph":"E", "ts":"1670295976", "pid":"1", "tid":"mom"},
{"name":"ModelSetRunClock", "ph":"B", "ts":"1673747125", "pid":"1", "tid":"mom"},
{"name":"ModelSetRunClock", "ph":"E", "ts":"1673747196", "pid":"1", "tid":"mom"},
{"name":"ModelAdvance", "ph":"B", "ts":"1673747413", "pid":"1", "tid":"mom"},
{"name":"ModelAdvance", "ph":"E", "ts":"1679074271", "pid":"1", "tid":"mom"},
{"name":"ModelSetRunClock", "ph":"B", "ts":"1681762886", "pid":"1", "tid":"mom"},
{"name":"ModelSetRunClock", "ph":"E", "ts":"1681762957", "pid":"1", "tid":"mom"},
{"name":"ModelAdvance", "ph":"B", "ts":"1681763141", "pid":"1", "tid":"mom"},
{"name":"ModelAdvance", "ph":"E", "ts":"1687028294", "pid":"1", "tid":"mom"},
{"name":"ModelSetRunClock", "ph":"B", "ts":"1690308213", "pid":"1", "tid":"mom"},
{"name":"ModelSetRunClock", "ph":"E", "ts":"1690308275", "pid":"1", "tid":"mom"},
{"name":"ModelAdvance", "ph":"B", "ts":"1690308439", "pid":"1", "tid":"mom"},
{"name":"ModelAdvance", "ph":"E", "ts":"1695564875", "pid":"1", "tid":"mom"},
{"name":"ModelSetRunClock", "ph":"B", "ts":"1698275066", "pid":"1", "tid":"mom"},
{"name":"ModelSetRunClock", "ph":"E", "ts":"1698275154", "pid":"1", "tid":"mom"},
{"name":"ModelAdvance", "ph":"B", "ts":"1698275342", "pid":"1", "tid":"mom"},
{"name":"ModelAdvance", "ph":"E", "ts":"1703521032", "pid":"1", "tid":"mom"},
{"name":"ModelSetRunClock", "ph":"B", "ts":"1707105931", "pid":"1", "tid":"mom"},
{"name":"ModelSetRunClock", "ph":"E", "ts":"1707106222", "pid":"1", "tid":"mom"},
{"name":"ModelAdvance", "ph":"B", "ts":"1707106448", "pid":"1", "tid":"mom"},
{"name":"ModelAdvance", "ph":"E", "ts":"1712343287", "pid":"1", "tid":"mom"},
{"name":"ModelSetRunClock", "ph":"B", "ts":"1715381957", "pid":"1", "tid":"mom"},
{"name":"ModelSetRunClock", "ph":"E", "ts":"1715382037", "pid":"1", "tid":"mom"},
{"name":"ModelAdvance", "ph":"B", "ts":"1715382220", "pid":"1", "tid":"mom"},
{"name":"ModelAdvance", "ph":"E", "ts":"1720619947", "pid":"1", "tid":"mom"},
{"name":"ModelSetRunClock", "ph":"B", "ts":"1724026000", "pid":"1", "tid":"mom"},
{"name":"ModelSetRunClock", "ph":"E", "ts":"1724026337", "pid":"1", "tid":"mom"},
{"name":"ModelAdvance", "ph":"B", "ts":"1724026568", "pid":"1", "tid":"mom"},
{"name":"ModelAdvance", "ph":"E", "ts":"1729300799", "pid":"1", "tid":"mom"},
{"name":"ModelSetRunClock", "ph":"B", "ts":"1732009506", "pid":"1", "tid":"mom"},
{"name":"ModelSetRunClock", "ph":"E", "ts":"1732009577", "pid":"1", "tid":"mom"},
{"name":"ModelAdvance", "ph":"B", "ts":"1732009744", "pid":"1", "tid":"mom"},
{"name":"ModelAdvance", "ph":"E", "ts":"1737219420", "pid":"1", "tid":"mom"},
{"name":"ModelSetRunClock", "ph":"B", "ts":"1740255389", "pid":"1", "tid":"mom"},
{"name":"ModelSetRunClock", "ph":"E", "ts":"1740255449", "pid":"1", "tid":"mom"},
{"name":"ModelAdvance", "ph":"B", "ts":"1740255624", "pid":"1", "tid":"mom"},
{"name":"ModelAdvance", "ph":"E", "ts":"1745460012", "pid":"1", "tid":"mom"},
{"name":"ModelSetRunClock", "ph":"B", "ts":"1747703497", "pid":"1", "tid":"mom"},
{"name":"ModelSetRunClock", "ph":"E", "ts":"1747703563", "pid":"1", "tid":"mom"},
{"name":"ModelAdvance", "ph":"B", "ts":"1747703734", "pid":"1", "tid":"mom"},
{"name":"ModelAdvance", "ph":"E", "ts":"1752896752", "pid":"1", "tid":"mom"},
{"name":"ModelSetRunClock", "ph":"B", "ts":"1755676507", "pid":"1", "tid":"mom"},
{"name":"ModelSetRunClock", "ph":"E", "ts":"1755676575", "pid":"1", "tid":"mom"},
{"name":"ModelAdvance", "ph":"B", "ts":"1755676748", "pid":"1", "tid":"mom"},
{"name":"ModelAdvance", "ph":"E", "ts":"1760863773", "pid":"1", "tid":"mom"},
{"name":"ModelSetRunClock", "ph":"B", "ts":"1762941497", "pid":"1", "tid":"mom"},
{"name":"ModelSetRunClock", "ph":"E", "ts":"1762941566", "pid":"1", "tid":"mom"},
{"name":"ModelAdvance", "ph":"B", "ts":"1762941769", "pid":"1", "tid":"mom"},
{"name":"ModelAdvance", "ph":"E", "ts":"1768134640", "pid":"1", "tid":"mom"},
{"name":"ModelSetRunClock", "ph":"B", "ts":"1770931180", "pid":"1", "tid":"mom"},
{"name":"ModelSetRunClock", "ph":"E", "ts":"1770931246", "pid":"1", "tid":"mom"},
{"name":"ModelAdvance", "ph":"B", "ts":"1770931402", "pid":"1", "tid":"mom"},
{"name":"ModelAdvance", "ph":"E", "ts":"1776190462", "pid":"1", "tid":"mom"},
{"name":"ModelSetRunClock", "ph":"B", "ts":"1778411870", "pid":"1", "tid":"mom"},
{"name":"ModelSetRunClock", "ph":"E", "ts":"1778411933", "pid":"1", "tid":"mom"},
{"name":"ModelAdvance", "ph":"B", "ts":"1778412091", "pid":"1", "tid":"mom"},
{"name":"ModelAdvance", "ph":"E", "ts":"1783597531", "pid":"1", "tid":"mom"},
{"name":"ModelSetRunClock", "ph":"B", "ts":"1786560521", "pid":"1", "tid":"mom"},
{"name":"ModelSetRunClock", "ph":"E", "ts":"1786560611", "pid":"1", "tid":"mom"},
{"name":"ModelAdvance", "ph":"B", "ts":"1786560815", "pid":"1", "tid":"mom"},
{"name":"ModelAdvance", "ph":"E", "ts":"1791760522", "pid":"1", "tid":"mom"},
{"name":"ModelSetRunClock", "ph":"B", "ts":"1793979817", "pid":"1", "tid":"mom"},
{"name":"ModelSetRunClock", "ph":"E", "ts":"1793979882", "pid":"1", "tid":"mom"},
{"name":"ModelAdvance", "ph":"B", "ts":"1793980045", "pid":"1", "tid":"mom"},
{"name":"ModelAdvance", "ph":"E", "ts":"1799182451", "pid":"1", "tid":"mom"},
{"name":"ModelSetRunClock", "ph":"B", "ts":"1802012844", "pid":"1", "tid":"mom"},
{"name":"ModelSetRunClock", "ph":"E", "ts":"1802012908", "pid":"1", "tid":"mom"},
{"name":"ModelAdvance", "ph":"B", "ts":"1802013065", "pid":"1", "tid":"mom"},
{"name":"ModelAdvance", "ph":"E", "ts":"1807219607", "pid":"1", "tid":"mom"},
{"name":"ModelSetRunClock", "ph":"B", "ts":"1809383981", "pid":"1", "tid":"mom"},
{"name":"ModelSetRunClock", "ph":"E", "ts":"1809384050", "pid":"1", "tid":"mom"},
{"name":"ModelAdvance", "ph":"B", "ts":"1809384238", "pid":"1", "tid":"mom"},
{"name":"ModelAdvance", "ph":"E", "ts":"1814586957", "pid":"1", "tid":"mom"},
{"name":"ModelSetRunClock", "ph":"B", "ts":"1817534438", "pid":"1", "tid":"mom"},
{"name":"ModelSetRunClock", "ph":"E", "ts":"1817534505", "pid":"1", "tid":"mom"},
{"name":"ModelAdvance", "ph":"B", "ts":"1817534662", "pid":"1", "tid":"mom"},
{"name":"ModelAdvance", "ph":"E", "ts":"1822817052", "pid":"1", "tid":"mom"},
{"name":"ModelSetRunClock", "ph":"B", "ts":"1825068077", "pid":"1", "tid":"mom"},
{"name":"ModelSetRunClock", "ph":"E", "ts":"1825068139", "pid":"1", "tid":"mom"},
{"name":"ModelAdvance", "ph":"B", "ts":"1825068303", "pid":"1", "tid":"mom"},
{"name":"ModelAdvance", "ph":"E", "ts":"1830300284", "pid":"1", "tid":"mom"},
{"name":"ModelSetRunClock", "ph":"B", "ts":"1833116817", "pid":"1", "tid":"mom"},
{"name":"ModelSetRunClock", "ph":"E", "ts":"1833116927", "pid":"1", "tid":"mom"},
{"name":"ModelAdvance", "ph":"B", "ts":"1833117124", "pid":"1", "tid":"mom"},
{"name":"ModelAdvance", "ph":"E", "ts":"1838353565", "pid":"1", "tid":"mom"},
{"name":"ModelSetRunClock", "ph":"B", "ts":"1840563893", "pid":"1", "tid":"mom"},
{"name":"ModelSetRunClock", "ph":"E", "ts":"1840563963", "pid":"1", "tid":"mom"},
{"name":"ModelAdvance", "ph":"B", "ts":"1840564132", "pid":"1", "tid":"mom"},
{"name":"ModelAdvance", "ph":"E", "ts":"1845811853", "pid":"1", "tid":"mom"},
{"name":"ModelSetRunClock", "ph":"B", "ts":"1848925011", "pid":"1", "tid":"mom"},
{"name":"ModelSetRunClock", "ph":"E", "ts":"1848925087", "pid":"1", "tid":"mom"},
{"name":"ModelAdvance", "ph":"B", "ts":"1848925262", "pid":"1", "tid":"mom"},
{"name":"ModelAdvance", "ph":"E", "ts":"1854164371", "pid":"1", "tid":"mom"},
{"name":"ModelSetRunClock", "ph":"B", "ts":"1856991941", "pid":"1", "tid":"mom"},
{"name":"ModelSetRunClock", "ph":"E", "ts":"1856992007", "pid":"1", "tid":"mom"},
{"name":"ModelAdvance", "ph":"B", "ts":"1856992172", "pid":"1", "tid":"mom"},
{"name":"ModelAdvance", "ph":"E", "ts":"1862224881", "pid":"1", "tid":"mom"},
{"name":"ModelSetRunClock", "ph":"B", "ts":"1865763646", "pid":"1", "tid":"mom"},
{"name":"ModelSetRunClock", "ph":"E", "ts":"1865763841", "pid":"1", "tid":"mom"},
{"name":"ModelAdvance", "ph":"B", "ts":"1865764007", "pid":"1", "tid":"mom"},
{"name":"ModelAdvance", "ph":"E", "ts":"1871023484", "pid":"1", "tid":"mom"},
{"name":"ModelSetRunClock", "ph":"B", "ts":"1873682707", "pid":"1", "tid":"mom"},
{"name":"ModelSetRunClock", "ph":"E", "ts":"1873682783", "pid":"1", "tid":"mom"},
{"name":"ModelAdvance", "ph":"B", "ts":"1873682976", "pid":"1", "tid":"mom"},
{"name":"ModelAdvance", "ph":"E", "ts":"1878866248", "pid":"1", "tid":"mom"},
{"name":"ModelSetRunClock", "ph":"B", "ts":"1894655481", "pid":"1", "tid":"mom"},
{"name":"ModelSetRunClock", "ph":"E", "ts":"1894655558", "pid":"1", "tid":"mom"},
{"name":"ModelAdvance", "ph":"B", "ts":"1894655746", "pid":"1", "tid":"mom"},
{"name":"ModelAdvance", "ph":"E", "ts":"1899830992", "pid":"1", "tid":"mom"},
{"name":"ModelSetRunClock", "ph":"B", "ts":"1902272117", "pid":"1", "tid":"mom"},
{"name":"ModelSetRunClock", "ph":"E", "ts":"1902272186", "pid":"1", "tid":"mom"},
{"name":"ModelAdvance", "ph":"B", "ts":"1902272348", "pid":"1", "tid":"mom"},
{"name":"ModelAdvance", "ph":"E", "ts":"1907442129", "pid":"1", "tid":"mom"},
{"name":"ModelSetRunClock", "ph":"B", "ts":"1910397546", "pid":"1", "tid":"mom"},
{"name":"ModelSetRunClock", "ph":"E", "ts":"1910397634", "pid":"1", "tid":"mom"},
{"name":"ModelAdvance", "ph":"B", "ts":"1910397820", "pid":"1", "tid":"mom"},
{"name":"ModelAdvance", "ph":"E", "ts":"1915575969", "pid":"1", "tid":"mom"},
{"name":"ModelSetRunClock", "ph":"B", "ts":"1917716890", "pid":"1", "tid":"mom"},
{"name":"ModelSetRunClock", "ph":"E", "ts":"1917716955", "pid":"1", "tid":"mom"},
{"name":"ModelAdvance", "ph":"B", "ts":"1917717117", "pid":"1", "tid":"mom"},
{"name":"ModelAdvance", "ph":"E", "ts":"1922915211", "pid":"1", "tid":"mom"},
{"name":"ModelSetRunClock", "ph":"B", "ts":"1925706372", "pid":"1", "tid":"mom"},
{"name":"ModelSetRunClock", "ph":"E", "ts":"1925706492", "pid":"1", "tid":"mom"},
{"name":"ModelAdvance", "ph":"B", "ts":"1925706702", "pid":"1", "tid":"mom"},
{"name":"ModelAdvance", "ph":"E", "ts":"1930982074", "pid":"1", "tid":"mom"},
{"name":"ModelSetRunClock", "ph":"B", "ts":"1933144286", "pid":"1", "tid":"mom"},
{"name":"ModelSetRunClock", "ph":"E", "ts":"1933144351", "pid":"1", "tid":"mom"},
{"name":"ModelAdvance", "ph":"B", "ts":"1933144525", "pid":"1", "tid":"mom"},
{"name":"ModelAdvance", "ph":"E", "ts":"1938361866", "pid":"1", "tid":"mom"},
{"name":"ModelSetRunClock", "ph":"B", "ts":"1941364263", "pid":"1", "tid":"mom"},
{"name":"ModelSetRunClock", "ph":"E", "ts":"1941364327", "pid":"1", "tid":"mom"},
{"name":"ModelAdvance", "ph":"B", "ts":"1941364494", "pid":"1", "tid":"mom"},
{"name":"ModelAdvance", "ph":"E", "ts":"1946577972", "pid":"1", "tid":"mom"},
{"name":"ModelSetRunClock", "ph":"B", "ts":"1948861046", "pid":"1", "tid":"mom"},
{"name":"ModelSetRunClock", "ph":"E", "ts":"1948861108", "pid":"1", "tid":"mom"},
{"name":"ModelAdvance", "ph":"B", "ts":"1948861267", "pid":"1", "tid":"mom"},
{"name":"ModelAdvance", "ph":"E", "ts":"1954089953", "pid":"1", "tid":"mom"},
{"name":"ModelSetRunClock", "ph":"B", "ts":"1957084784", "pid":"1", "tid":"mom"},
{"name":"ModelSetRunClock", "ph":"E", "ts":"1957084965", "pid":"1", "tid":"mom"},
{"name":"ModelAdvance", "ph":"B", "ts":"1957085127", "pid":"1", "tid":"mom"},
{"name":"ModelAdvance", "ph":"E", "ts":"1962326157", "pid":"1", "tid":"mom"},
{"name":"ModelSetRunClock", "ph":"B", "ts":"1964725448", "pid":"1", "tid":"mom"},
{"name":"ModelSetRunClock", "ph":"E", "ts":"1964725514", "pid":"1", "tid":"mom"},
{"name":"ModelAdvance", "ph":"B", "ts":"1964725700", "pid":"1", "tid":"mom"},
{"name":"ModelAdvance", "ph":"E", "ts":"1969966607", "pid":"1", "tid":"mom"},
{"name":"ModelSetRunClock", "ph":"B", "ts":"1973121748", "pid":"1", "tid":"mom"},
{"name":"ModelSetRunClock", "ph":"E", "ts":"1973121812", "pid":"1", "tid":"mom"},
{"name":"ModelAdvance", "ph":"B", "ts":"1973121977", "pid":"1", "tid":"mom"},
{"name":"ModelAdvance", "ph":"E", "ts":"1978424109", "pid":"1", "tid":"mom"},
{"name":"ModelSetRunClock", "ph":"B", "ts":"1980836665", "pid":"1", "tid":"mom"},
{"name":"ModelSetRunClock", "ph":"E", "ts":"1980836736", "pid":"1", "tid":"mom"},
{"name":"ModelAdvance", "ph":"B", "ts":"1980836925", "pid":"1", "tid":"mom"},
{"name":"ModelAdvance", "ph":"E", "ts":"1986057285", "pid":"1", "tid":"mom"},
{"name":"ModelSetRunClock", "ph":"B", "ts":"1989190369", "pid":"1", "tid":"mom"},
{"name":"ModelSetRunClock", "ph":"E", "ts":"1989190546", "pid":"1", "tid":"mom"},
{"name":"ModelAdvance", "ph":"B", "ts":"1989190729", "pid":"1", "tid":"mom"},
{"name":"ModelAdvance", "ph":"E", "ts":"1994410550", "pid":"1", "tid":"mom"},
{"name":"ModelSetRunClock", "ph":"B", "ts":"1996959273", "pid":"1", "tid":"mom"},
{"name":"ModelSetRunClock", "ph":"E", "ts":"1996959334", "pid":"1", "tid":"mom"},
{"name":"ModelAdvance", "ph":"B", "ts":"1996959500", "pid":"1", "tid":"mom"},
{"name":"ModelAdvance", "ph":"E", "ts":"2002180796", "pid":"1", "tid":"mom"},
{"name":"ModelSetRunClock", "ph":"B", "ts":"2005088887", "pid":"1", "tid":"mom"},
{"name":"ModelSetRunClock", "ph":"E", "ts":"2005088953", "pid":"1", "tid":"mom"},
{"name":"ModelAdvance", "ph":"B", "ts":"2005089122", "pid":"1", "tid":"mom"},
{"name":"ModelAdvance", "ph":"E", "ts":"2010308821", "pid":"1", "tid":"mom"},
{"name":"ModelSetRunClock", "ph":"B", "ts":"2012379212", "pid":"1", "tid":"mom"},
{"name":"ModelSetRunClock", "ph":"E", "ts":"2012379276", "pid":"1", "tid":"mom"},
{"name":"ModelAdvance", "ph":"B", "ts":"2012379440", "pid":"1", "tid":"mom"},
{"name":"ModelAdvance", "ph":"E", "ts":"2017584117", "pid":"1", "tid":"mom"},
{"name":"ModelSetRunClock", "ph":"B", "ts":"2020316131", "pid":"1", "tid":"mom"},
{"name":"ModelSetRunClock", "ph":"E", "ts":"2020316331", "pid":"1", "tid":"mom"},
{"name":"ModelAdvance", "ph":"B", "ts":"2020316494", "pid":"1", "tid":"mom"},
{"name":"ModelAdvance", "ph":"E", "ts":"2025576386", "pid":"1", "tid":"mom"},
{"name":"ModelSetRunClock", "ph":"B", "ts":"2027723099", "pid":"1", "tid":"mom"},
{"name":"ModelSetRunClock", "ph":"E", "ts":"2027723172", "pid":"1", "tid":"mom"},
{"name":"ModelAdvance", "ph":"B", "ts":"2027723341", "pid":"1", "tid":"mom"},
{"name":"ModelAdvance", "ph":"E", "ts":"2032907661", "pid":"1", "tid":"mom"},
{"name":"ModelSetRunClock", "ph":"B", "ts":"2035799956", "pid":"1", "tid":"mom"},
{"name":"ModelSetRunClock", "ph":"E", "ts":"2035800022", "pid":"1", "tid":"mom"},
{"name":"ModelAdvance", "ph":"B", "ts":"2035800317", "pid":"1", "tid":"mom"},
{"name":"ModelAdvance", "ph":"E", "ts":"2040986632", "pid":"1", "tid":"mom"},
{"name":"ModelSetRunClock", "ph":"B", "ts":"2043410059", "pid":"1", "tid":"mom"},
{"name":"ModelSetRunClock", "ph":"E", "ts":"2043410122", "pid":"1", "tid":"mom"},
{"name":"ModelAdvance", "ph":"B", "ts":"2043410289", "pid":"1", "tid":"mom"},
{"name":"ModelAdvance", "ph":"E", "ts":"2048592617", "pid":"1", "tid":"mom"},
{"name":"ModelSetRunClock", "ph":"B", "ts":"2051575508", "pid":"1", "tid":"mom"},
{"name":"ModelSetRunClock", "ph":"E", "ts":"2051575696", "pid":"1", "tid":"mom"},
{"name":"ModelAdvance", "ph":"B", "ts":"2051575859", "pid":"1", "tid":"mom"},
{"name":"ModelAdvance", "ph":"E", "ts":"2056763150", "pid":"1", "tid":"mom"},
{"name":"ModelSetRunClock", "ph":"B", "ts":"2059054656", "pid":"1", "tid":"mom"},
{"name":"ModelSetRunClock", "ph":"E", "ts":"2059054751", "pid":"1", "tid":"mom"},
{"name":"ModelAdvance", "ph":"B", "ts":"2059055003", "pid":"1", "tid":"mom"},
{"name":"ModelAdvance", "ph":"E", "ts":"2064238549", "pid":"1", "tid":"mom"},
{"name":"ModelSetRunClock", "ph":"B", "ts":"2067107952", "pid":"1", "tid":"mom"},
{"name":"ModelSetRunClock", "ph":"E", "ts":"2067108022", "pid":"1", "tid":"mom"},
{"name":"ModelAdvance", "ph":"B", "ts":"2067108198", "pid":"1", "tid":"mom"},
{"name":"ModelAdvance", "ph":"E", "ts":"2072363943", "pid":"1", "tid":"mom"},
{"name":"ModelSetRunClock", "ph":"B", "ts":"2074604642", "pid":"1", "tid":"mom"},
{"name":"ModelSetRunClock", "ph":"E", "ts":"2074604704", "pid":"1", "tid":"mom"},
{"name":"ModelAdvance", "ph":"B", "ts":"2074604860", "pid":"1", "tid":"mom"},
{"name":"ModelAdvance", "ph":"E", "ts":"2079798354", "pid":"1", "tid":"mom"},
{"name":"ModelSetRunClock", "ph":"B", "ts":"2082756232", "pid":"1", "tid":"mom"},
{"name":"ModelSetRunClock", "ph":"E", "ts":"2082756302", "pid":"1", "tid":"mom"},
{"name":"ModelAdvance", "ph":"B", "ts":"2082756479", "pid":"1", "tid":"mom"},
{"name":"ModelAdvance", "ph":"E", "ts":"2087942330", "pid":"1", "tid":"mom"},
{"name":"ModelSetRunClock", "ph":"B", "ts":"2090143807", "pid":"1", "tid":"mom"},
{"name":"ModelSetRunClock", "ph":"E", "ts":"2090143858", "pid":"1", "tid":"mom"},
{"name":"ModelAdvance", "ph":"B", "ts":"2090144015", "pid":"1", "tid":"mom"},
{"name":"ModelAdvance", "ph":"E", "ts":"2095335575", "pid":"1", "tid":"mom"},
{"name":"ModelSetRunClock", "ph":"B", "ts":"2098189425", "pid":"1", "tid":"mom"},
{"name":"ModelSetRunClock", "ph":"E", "ts":"2098189494", "pid":"1", "tid":"mom"},
{"name":"ModelAdvance", "ph":"B", "ts":"2098189668", "pid":"1", "tid":"mom"},
{"name":"ModelAdvance", "ph":"E", "ts":"2103379528", "pid":"1", "tid":"mom"},
{"name":"ModelSetRunClock", "ph":"B", "ts":"2105541983", "pid":"1", "tid":"mom"},
{"name":"ModelSetRunClock", "ph":"E", "ts":"2105542085", "pid":"1", "tid":"mom"},
{"name":"ModelAdvance", "ph":"B", "ts":"2105542284", "pid":"1", "tid":"mom"},
{"name":"ModelAdvance", "ph":"E", "ts":"2110743869", "pid":"1", "tid":"mom"},
{"name":"ModelSetRunClock", "ph":"B", "ts":"2113564403", "pid":"1", "tid":"mom"},
{"name":"ModelSetRunClock", "ph":"E", "ts":"2113564474", "pid":"1", "tid":"mom"},
{"name":"ModelAdvance", "ph":"B", "ts":"2113564656", "pid":"1", "tid":"mom"},
{"name":"ModelAdvance", "ph":"E", "ts":"2118830287", "pid":"1", "tid":"mom"},
{"name":"ModelSetRunClock", "ph":"B", "ts":"2120922029", "pid":"1", "tid":"mom"},
{"name":"ModelSetRunClock", "ph":"E", "ts":"2120922087", "pid":"1", "tid":"mom"},
{"name":"ModelAdvance", "ph":"B", "ts":"2120922248", "pid":"1", "tid":"mom"},
{"name":"ModelAdvance", "ph":"E", "ts":"2126127606", "pid":"1", "tid":"mom"},
{"name":"ModelSetRunClock", "ph":"B", "ts":"2128916144", "pid":"1", "tid":"mom"},
{"name":"ModelSetRunClock", "ph":"E", "ts":"2128916201", "pid":"1", "tid":"mom"},
{"name":"ModelAdvance", "ph":"B", "ts":"2128916363", "pid":"1", "tid":"mom"},
{"name":"ModelAdvance", "ph":"E", "ts":"2134095085", "pid":"1", "tid":"mom"},
{"name":"ModelSetRunClock", "ph":"B", "ts":"2136319150", "pid":"1", "tid":"mom"},
{"name":"ModelSetRunClock", "ph":"E", "ts":"2136319213", "pid":"1", "tid":"mom"},
{"name":"ModelAdvance", "ph":"B", "ts":"2136319498", "pid":"1", "tid":"mom"},
{"name":"ModelAdvance", "ph":"E", "ts":"2141486183", "pid":"1", "tid":"mom"},
{"name":"ModelSetRunClock", "ph":"B", "ts":"2144324967", "pid":"1", "tid":"mom"},
{"name":"ModelSetRunClock", "ph":"E", "ts":"2144325037", "pid":"1", "tid":"mom"},
{"name":"ModelAdvance", "ph":"B", "ts":"2144325212", "pid":"1", "tid":"mom"},
{"name":"ModelAdvance", "ph":"E", "ts":"2149494652", "pid":"1", "tid":"mom"},
{"name":"ModelSetRunClock", "ph":"B", "ts":"2151706039", "pid":"1", "tid":"mom"},
{"name":"ModelSetRunClock", "ph":"E", "ts":"2151706103", "pid":"1", "tid":"mom"},
{"name":"ModelAdvance", "ph":"B", "ts":"2151706264", "pid":"1", "tid":"mom"},
{"name":"ModelAdvance", "ph":"E", "ts":"2156877022", "pid":"1", "tid":"mom"},
{"name":"ModelSetRunClock", "ph":"B", "ts":"2159823715", "pid":"1", "tid":"mom"},
{"name":"ModelSetRunClock", "ph":"E", "ts":"2159823775", "pid":"1", "tid":"mom"},
{"name":"ModelAdvance", "ph":"B", "ts":"2159823939", "pid":"1", "tid":"mom"},
{"name":"ModelAdvance", "ph":"E", "ts":"2165058426", "pid":"1", "tid":"mom"},
{"name":"ModelSetRunClock", "ph":"B", "ts":"2167209119", "pid":"1", "tid":"mom"},
{"name":"ModelSetRunClock", "ph":"E", "ts":"2167209181", "pid":"1", "tid":"mom"},
{"name":"ModelAdvance", "ph":"B", "ts":"2167209348", "pid":"1", "tid":"mom"},
{"name":"ModelAdvance", "ph":"E", "ts":"2172379861", "pid":"1", "tid":"mom"},
{"name":"ModelSetRunClock", "ph":"B", "ts":"2175330734", "pid":"1", "tid":"mom"},
{"name":"ModelSetRunClock", "ph":"E", "ts":"2175330813", "pid":"1", "tid":"mom"},
{"name":"ModelAdvance", "ph":"B", "ts":"2175330981", "pid":"1", "tid":"mom"},
{"name":"ModelAdvance", "ph":"E", "ts":"2180516903", "pid":"1", "tid":"mom"},
{"name":"ModelSetRunClock", "ph":"B", "ts":"2182614644", "pid":"1", "tid":"mom"},
{"name":"ModelSetRunClock", "ph":"E", "ts":"2182614706", "pid":"1", "tid":"mom"},
{"name":"ModelAdvance", "ph":"B", "ts":"2182614891", "pid":"1", "tid":"mom"},
{"name":"ModelAdvance", "ph":"E", "ts":"2187823196", "pid":"1", "tid":"mom"},
{"name":"ModelSetRunClock", "ph":"B", "ts":"2190537329", "pid":"1", "tid":"mom"},
{"name":"ModelSetRunClock", "ph":"E", "ts":"2190537419", "pid":"1", "tid":"mom"},
{"name":"ModelAdvance", "ph":"B", "ts":"2190537641", "pid":"1", "tid":"mom"},
{"name":"ModelAdvance", "ph":"E", "ts":"2195741841", "pid":"1", "tid":"mom"},
{"name":"ModelSetRunClock", "ph":"B", "ts":"2197964903", "pid":"1", "tid":"mom"},
{"name":"ModelSetRunClock", "ph":"E", "ts":"2197964977", "pid":"1", "tid":"mom"},
{"name":"ModelAdvance", "ph":"B", "ts":"2197965158", "pid":"1", "tid":"mom"},
{"name":"ModelAdvance", "ph":"E", "ts":"2203172813", "pid":"1", "tid":"mom"},
{"name":"ModelSetRunClock", "ph":"B", "ts":"2205988497", "pid":"1", "tid":"mom"},
{"name":"ModelSetRunClock", "ph":"E", "ts":"2205988561", "pid":"1", "tid":"mom"},
{"name":"ModelAdvance", "ph":"B", "ts":"2205988724", "pid":"1", "tid":"mom"},
{"name":"ModelAdvance", "ph":"E", "ts":"2211256503", "pid":"1", "tid":"mom"},
{"name":"ModelSetRunClock", "ph":"B", "ts":"2213435559", "pid":"1", "tid":"mom"},
{"name":"ModelSetRunClock", "ph":"E", "ts":"2213435618", "pid":"1", "tid":"mom"},
{"name":"ModelAdvance", "ph":"B", "ts":"2213435774", "pid":"1", "tid":"mom"},
{"name":"ModelAdvance", "ph":"E", "ts":"2218623068", "pid":"1", "tid":"mom"},
{"name":"ModelSetRunClock", "ph":"B", "ts":"2221537277", "pid":"1", "tid":"mom"},
{"name":"ModelSetRunClock", "ph":"E", "ts":"2221537354", "pid":"1", "tid":"mom"},
{"name":"ModelAdvance", "ph":"B", "ts":"2221537528", "pid":"1", "tid":"mom"},
{"name":"ModelAdvance", "ph":"E", "ts":"2226706826", "pid":"1", "tid":"mom"},
{"name":"ModelSetRunClock", "ph":"B", "ts":"2228855722", "pid":"1", "tid":"mom"},
{"name":"ModelSetRunClock", "ph":"E", "ts":"2228855783", "pid":"1", "tid":"mom"},
{"name":"ModelAdvance", "ph":"B", "ts":"2228855947", "pid":"1", "tid":"mom"},
{"name":"ModelAdvance", "ph":"E", "ts":"2234027332", "pid":"1", "tid":"mom"},
{"name":"ModelSetRunClock", "ph":"B", "ts":"2236837227", "pid":"1", "tid":"mom"},
{"name":"ModelSetRunClock", "ph":"E", "ts":"2236837403", "pid":"1", "tid":"mom"},
{"name":"ModelAdvance", "ph":"B", "ts":"2236837574", "pid":"1", "tid":"mom"},
{"name":"ModelAdvance", "ph":"E", "ts":"2242031443", "pid":"1", "tid":"mom"},
{"name":"ModelSetRunClock", "ph":"B", "ts":"2244182664", "pid":"1", "tid":"mom"},
{"name":"ModelSetRunClock", "ph":"E", "ts":"2244182736", "pid":"1", "tid":"mom"},
{"name":"ModelAdvance", "ph":"B", "ts":"2244182939", "pid":"1", "tid":"mom"},
{"name":"ModelAdvance", "ph":"E", "ts":"2249376752", "pid":"1", "tid":"mom"},
{"name":"ModelSetRunClock", "ph":"B", "ts":"2252170030", "pid":"1", "tid":"mom"},
{"name":"ModelSetRunClock", "ph":"E", "ts":"2252170101", "pid":"1", "tid":"mom"},
{"name":"ModelAdvance", "ph":"B", "ts":"2252170273", "pid":"1", "tid":"mom"},
{"name":"ModelAdvance", "ph":"E", "ts":"2257427812", "pid":"1", "tid":"mom"},
{"name":"ModelFinalize", "ph":"B", "ts":"2257433868", "pid":"1", "tid":"mom"},
{"name":"ModelFinalize", "ph":"E", "ts":"2257523878", "pid":"1", "tid":"mom"},
