{"name":"SetServices", "ph":"B", "ts":"1235410981", "pid":"1", "tid":"wave"},
{"name":"SetServices", "ph":"E", "ts":"1235413029", "pid":"1", "tid":"wave"},
{"name":"InitializeP0", "ph":"B", "ts":"1235417209", "pid":"1", "tid":"wave"},
{"name":"InitializeP0", "ph":"E", "ts":"1235417300", "pid":"1", "tid":"wave"},
{"name":"InitializeAdvertise", "ph":"B", "ts":"1260314124", "pid":"1", "tid":"wave"},
{"name":"InitializeAdvertise", "ph":"E", "ts":"1362266948", "pid":"1", "tid":"wave"},
{"name":"InitializeRealize", "ph":"B", "ts":"1709943840", "pid":"1", "tid":"wave"},
{"name":"InitializeRealize", "ph":"E", "ts":"1744722299", "pid":"1", "tid":"wave"},
{"name":"DataInitialize", "ph":"B", "ts":"1771963169", "pid":"1", "tid":"wave"},
{"name":"DataInitialize", "ph":"E", "ts":"1771967076", "pid":"1", "tid":"wave"},
{"name":"ModelSetRunClock", "ph":"B", "ts":"1820338443", "pid":"1", "tid":"wave"},
{"name":"ModelSetRunClock", "ph":"E", "ts":"1820347301", "pid":"1", "tid":"wave"},
{"name":"ModelAdvance", "ph":"B", "ts":"1820347387", "pid":"1", "tid":"wave"},
{"name":"ModelAdvance", "ph":"E", "ts":"1831679478", "pid":"1", "tid":"wave"},
{"name":"ModelSetRunClock", "ph":"B", "ts":"1833031193", "pid":"1", "tid":"wave"},
{"name":"ModelSetRunClock", "ph":"E", "ts":"1833031234", "pid":"1", "tid":"wave"},
{"name":"ModelAdvance", "ph":"B", "ts":"1833031317", "pid":"1", "tid":"wave"},
{"name":"ModelAdvance", "ph":"E", "ts":"1843804897", "pid":"1", "tid":"wave"},
{"name":"ModelSetRunClock", "ph":"B", "ts":"1846793506", "pid":"1", "tid":"wave"},
{"name":"ModelSetRunClock", "ph":"E", "ts":"1846793540", "pid":"1", "tid":"wave"},
{"name":"ModelAdvance", "ph":"B", "ts":"1846793620", "pid":"1", "tid":"wave"},
{"name":"ModelAdvance", "ph":"E", "ts":"1858557284", "pid":"1", "tid":"wave"},
{"name":"ModelSetRunClock", "ph":"B", "ts":"1861089592", "pid":"1", "tid":"wave"},
{"name":"ModelSetRunClock", "ph":"E", "ts":"1861089626", "pid":"1", "tid":"wave"},
{"name":"ModelAdvance", "ph":"B", "ts":"1861089708", "pid":"1", "tid":"wave"},
{"name":"ModelAdvance", "ph":"E", "ts":"1872185273", "pid":"1", "tid":"wave"},
{"name":"ModelSetRunClock", "ph":"B", "ts":"1875330654", "pid":"1", "tid":"wave"},
{"name":"ModelSetRunClock", "ph":"E", "ts":"1875330693", "pid":"1", "tid":"wave"},
{"name":"ModelAdvance", "ph":"B", "ts":"1875330790", "pid":"1", "tid":"wave"},
{"name":"ModelAdvance", "ph":"E", "ts":"1886790786", "pid":"1", "tid":"wave"},
{"name":"ModelSetRunClock", "ph":"B", "ts":"1890529300", "pid":"1", "tid":"wave"},
{"name":"ModelSetRunClock", "ph":"E", "ts":"1890529336", "pid":"1", "tid":"wave"},
{"name":"ModelAdvance", "ph":"B", "ts":"1890529425", "pid":"1", "tid":"wave"},
{"name":"ModelAdvance", "ph":"E", "ts":"1899402188", "pid":"1", "tid":"wave"},
{"name":"ModelSetRunClock", "ph":"B", "ts":"1924791234", "pid":"1", "tid":"wave"},
{"name":"ModelSetRunClock", "ph":"E", "ts":"1924791275", "pid":"1", "tid":"wave"},
{"name":"ModelAdvance", "ph":"B", "ts":"1924791360", "pid":"1", "tid":"wave"},
{"name":"ModelAdvance", "ph":"E", "ts":"1932195411", "pid":"1", "tid":"wave"},
{"name":"ModelSetRunClock", "ph":"B", "ts":"1933173881", "pid":"1", "tid":"wave"},
{"name":"ModelSetRunClock", "ph":"E", "ts":"1933173915", "pid":"1", "tid":"wave"},
{"name":"ModelAdvance", "ph":"B", "ts":"1933173994", "pid":"1", "tid":"wave"},
{"name":"ModelAdvance", "ph":"E", "ts":"1940249077", "pid":"1", "tid":"wave"},
{"name":"ModelSetRunClock", "ph":"B", "ts":"1941105349", "pid":"1", "tid":"wave"},
{"name":"ModelSetRunClock", "ph":"E", "ts":"1941105387", "pid":"1", "tid":"wave"},
{"name":"ModelAdvance", "ph":"B", "ts":"1941105483", "pid":"1", "tid":"wave"},
{"name":"ModelAdvance", "ph":"E", "ts":"1947828479", "pid":"1", "tid":"wave"},
{"name":"ModelSetRunClock", "ph":"B", "ts":"1949343255", "pid":"1", "tid":"wave"},
{"name":"ModelSetRunClock", "ph":"E", "ts":"1949343288", "pid":"1", "tid":"wave"},
{"name":"ModelAdvance", "ph":"B", "ts":"1949343369", "pid":"1", "tid":"wave"},
{"name":"ModelAdvance", "ph":"E", "ts":"1956057037", "pid":"1", "tid":"wave"},
{"name":"ModelSetRunClock", "ph":"B", "ts":"1957104902", "pid":"1", "tid":"wave"},
{"name":"ModelSetRunClock", "ph":"E", "ts":"1957105104", "pid":"1", "tid":"wave"},
{"name":"ModelAdvance", "ph":"B", "ts":"1957105216", "pid":"1", "tid":"wave"},
{"name":"ModelAdvance", "ph":"E", "ts":"1963781293", "pid":"1", "tid":"wave"},
{"name":"ModelSetRunClock", "ph":"B", "ts":"1965379051", "pid":"1", "tid":"wave"},
{"name":"ModelSetRunClock", "ph":"E", "ts":"1965379089", "pid":"1", "tid":"wave"},
{"name":"ModelAdvance", "ph":"B", "ts":"1965379183", "pid":"1", "tid":"wave"},
{"name":"ModelAdvance", "ph":"E", "ts":"1971804659", "pid":"1", "tid":"wave"},
{"name":"ModelSetRunClock", "ph":"B", "ts":"1972937923", "pid":"1", "tid":"wave"},
{"name":"ModelSetRunClock", "ph":"E", "ts":"1972937955", "pid":"1", "tid":"wave"},
{"name":"ModelAdvance", "ph":"B", "ts":"1972938027", "pid":"1", "tid":"wave"},
{"name":"ModelAdvance", "ph":"E", "ts":"1979311950", "pid":"1", "tid":"wave"},
{"name":"ModelSetRunClock", "ph":"B", "ts":"1981163985", "pid":"1", "tid":"wave"},
{"name":"ModelSetRunClock", "ph":"E", "ts":"1981164020", "pid":"1", "tid":"wave"},
{"name":"ModelAdvance", "ph":"B", "ts":"1981164107", "pid":"1", "tid":"wave"},
{"name":"ModelAdvance", "ph":"E", "ts":"1987389322", "pid":"1", "tid":"wave"},
{"name":"ModelSetRunClock", "ph":"B", "ts":"1988678698", "pid":"1", "tid":"wave"},
{"name":"ModelSetRunClock", "ph":"E", "ts":"1988678730", "pid":"1", "tid":"wave"},
{"name":"ModelAdvance", "ph":"B", "ts":"1988678816", "pid":"1", "tid":"wave"},
{"name":"ModelAdvance", "ph":"E", "ts":"1995066038", "pid":"1", "tid":"wave"},
{"name":"ModelSetRunClock", "ph":"B", "ts":"1997031792", "pid":"1", "tid":"wave"},
{"name":"ModelSetRunClock", "ph":"E", "ts":"1997031823", "pid":"1", "tid":"wave"},
{"name":"ModelAdvance", "ph":"B", "ts":"1997031900", "pid":"1", "tid":"wave"},
{"name":"ModelAdvance", "ph":"E", "ts":"2003170984", "pid":"1", "tid":"wave"},
{"name":"ModelSetRunClock", "ph":"B", "ts":"2004755599", "pid":"1", "tid":"wave"},
{"name":"ModelSetRunClock", "ph":"E", "ts":"2004755633", "pid":"1", "tid":"wave"},
{"name":"ModelAdvance", "ph":"B", "ts":"2004755715", "pid":"1", "tid":"wave"},
{"name":"ModelAdvance", "ph":"E", "ts":"2010859693", "pid":"1", "tid":"wave"},
{"name":"ModelSetRunClock", "ph":"B", "ts":"2013207740", "pid":"1", "tid":"wave"},
{"name":"ModelSetRunClock", "ph":"E", "ts":"2013207778", "pid":"1", "tid":"wave"},
{"name":"ModelAdvance", "ph":"B", "ts":"2013207861", "pid":"1", "tid":"wave"},
{"name":"ModelAdvance", "ph":"E", "ts":"2019279208", "pid":"1", "tid":"wave"},
{"name":"ModelSetRunClock", "ph":"B", "ts":"2021092476", "pid":"1", "tid":"wave"},
{"name":"ModelSetRunClock", "ph":"E", "ts":"2021092510", "pid":"1", "tid":"wave"},
{"name":"ModelAdvance", "ph":"B", "ts":"2021092594", "pid":"1", "tid":"wave"},
{"name":"ModelAdvance", "ph":"E", "ts":"2027155138", "pid":"1", "tid":"wave"},
{"name":"ModelSetRunClock", "ph":"B", "ts":"2029622614", "pid":"1", "tid":"wave"},
{"name":"ModelSetRunClock", "ph":"E", "ts":"2029622649", "pid":"1", "tid":"wave"},
{"name":"ModelAdvance", "ph":"B", "ts":"2029622741", "pid":"1", "tid":"wave"},
{"name":"ModelAdvance", "ph":"E", "ts":"2035868520", "pid":"1", "tid":"wave"},
{"name":"ModelSetRunClock", "ph":"B", "ts":"2037504658", "pid":"1", "tid":"wave"},
{"name":"ModelSetRunClock", "ph":"E", "ts":"2037504693", "pid":"1", "tid":"wave"},
{"name":"ModelAdvance", "ph":"B", "ts":"2037504775", "pid":"1", "tid":"wave"},
{"name":"ModelAdvance", "ph":"E", "ts":"2043929352", "pid":"1", "tid":"wave"},
{"name":"ModelSetRunClock", "ph":"B", "ts":"2046282616", "pid":"1", "tid":"wave"},
{"name":"ModelSetRunClock", "ph":"E", "ts":"2046282652", "pid":"1", "tid":"wave"},
{"name":"ModelAdvance", "ph":"B", "ts":"2046282733", "pid":"1", "tid":"wave"},
{"name":"ModelAdvance", "ph":"E", "ts":"2052750722", "pid":"1", "tid":"wave"},
{"name":"ModelSetRunClock", "ph":"B", "ts":"2054374595", "pid":"1", "tid":"wave"},
{"name":"ModelSetRunClock", "ph":"E", "ts":"2054374767", "pid":"1", "tid":"wave"},
{"name":"ModelAdvance", "ph":"B", "ts":"2054374864", "pid":"1", "tid":"wave"},
{"name":"ModelAdvance", "ph":"E", "ts":"2060921940", "pid":"1", "tid":"wave"},
{"name":"ModelSetRunClock", "ph":"B", "ts":"2062929272", "pid":"1", "tid":"wave"},
{"name":"ModelSetRunClock", "ph":"E", "ts":"2062929306", "pid":"1", "tid":"wave"},
{"name":"ModelAdvance", "ph":"B", "ts":"2062929389", "pid":"1", "tid":"wave"},
{"name":"ModelAdvance", "ph":"E", "ts":"2069473391", "pid":"1", "tid":"wave"},
{"name":"ModelSetRunClock", "ph":"B", "ts":"2070704363", "pid":"1", "tid":"wave"},
{"name":"ModelSetRunClock", "ph":"E", "ts":"2070704396", "pid":"1", "tid":"wave"},
{"name":"ModelAdvance", "ph":"B", "ts":"2070704475", "pid":"1", "tid":"wave"},
{"name":"ModelAdvance", "ph":"E", "ts":"2077228382", "pid":"1", "tid":"wave"},
{"name":"ModelSetRunClock", "ph":"B", "ts":"2078826774", "pid":"1", "tid":"wave"},
{"name":"ModelSetRunClock", "ph":"E", "ts":"2078826809", "pid":"1", "tid":"wave"},
{"name":"ModelAdvance", "ph":"B", "ts":"2078826893", "pid":"1", "tid":"wave"},
{"name":"ModelAdvance", "ph":"E", "ts":"2085208018", "pid":"1", "tid":"wave"},
{"name":"ModelSetRunClock", "ph":"B", "ts":"2086165585", "pid":"1", "tid":"wave"},
{"name":"ModelSetRunClock", "ph":"E", "ts":"2086165620", "pid":"1", "tid":"wave"},
{"name":"ModelAdvance", "ph":"B", "ts":"2086165712", "pid":"1", "tid":"wave"},
{"name":"ModelAdvance", "ph":"E", "ts":"2092459864", "pid":"1", "tid":"wave"},
{"name":"ModelSetRunClock", "ph":"B", "ts":"2094111003", "pid":"1", "tid":"wave"},
{"name":"ModelSetRunClock", "ph":"E", "ts":"2094111041", "pid":"1", "tid":"wave"},
{"name":"ModelAdvance", "ph":"B", "ts":"2094111138", "pid":"1", "tid":"wave"},
{"name":"ModelAdvance", "ph":"E", "ts":"2100402073", "pid":"1", "tid":"wave"},
{"name":"ModelSetRunClock", "ph":"B", "ts":"2101327973", "pid":"1", "tid":"wave"},
{"name":"ModelSetRunClock", "ph":"E", "ts":"2101328005", "pid":"1", "tid":"wave"},
{"name":"ModelAdvance", "ph":"B", "ts":"2101328094", "pid":"1", "tid":"wave"},
{"name":"ModelAdvance", "ph":"E", "ts":"2107574391", "pid":"1", "tid":"wave"},
{"name":"ModelSetRunClock", "ph":"B", "ts":"2109323046", "pid":"1", "tid":"wave"},
{"name":"ModelSetRunClock", "ph":"E", "ts":"2109323080", "pid":"1", "tid":"wave"},
{"name":"ModelAdvance", "ph":"B", "ts":"2109323161", "pid":"1", "tid":"wave"},
{"name":"ModelAdvance", "ph":"E", "ts":"2115499726", "pid":"1", "tid":"wave"},
{"name":"ModelSetRunClock", "ph":"B", "ts":"2116784357", "pid":"1", "tid":"wave"},
{"name":"ModelSetRunClock", "ph":"E", "ts":"2116784390", "pid":"1", "tid":"wave"},
{"name":"ModelAdvance", "ph":"B", "ts":"2116784479", "pid":"1", "tid":"wave"},
{"name":"ModelAdvance", "ph":"E", "ts":"2122872083", "pid":"1", "tid":"wave"},
{"name":"ModelSetRunClock", "ph":"B", "ts":"2124854731", "pid":"1", "tid":"wave"},
{"name":"ModelSetRunClock", "ph":"E", "ts":"2124854765", "pid":"1", "tid":"wave"},
{"name":"ModelAdvance", "ph":"B", "ts":"2124854852", "pid":"1", "tid":"wave"},
{"name":"ModelAdvance", "ph":"E", "ts":"2130860236", "pid":"1", "tid":"wave"},
{"name":"ModelSetRunClock", "ph":"B", "ts":"2132237833", "pid":"1", "tid":"wave"},
{"name":"ModelSetRunClock", "ph":"E", "ts":"2132237870", "pid":"1", "tid":"wave"},
{"name":"ModelAdvance", "ph":"B", "ts":"2132237967", "pid":"1", "tid":"wave"},
{"name":"ModelAdvance", "ph":"E", "ts":"2138180303", "pid":"1", "tid":"wave"},
{"name":"ModelSetRunClock", "ph":"B", "ts":"2140240131", "pid":"1", "tid":"wave"},
{"name":"ModelSetRunClock", "ph":"E", "ts":"2140240165", "pid":"1", "tid":"wave"},
{"name":"ModelAdvance", "ph":"B", "ts":"2140240248", "pid":"1", "tid":"wave"},
{"name":"ModelAdvance", "ph":"E", "ts":"2146124987", "pid":"1", "tid":"wave"},
{"name":"ModelSetRunClock", "ph":"B", "ts":"2147519468", "pid":"1", "tid":"wave"},
{"name":"ModelSetRunClock", "ph":"E", "ts":"2147519503", "pid":"1", "tid":"wave"},
{"name":"ModelAdvance", "ph":"B", "ts":"2147519587", "pid":"1", "tid":"wave"},
{"name":"ModelAdvance", "ph":"E", "ts":"2153376064", "pid":"1", "tid":"wave"},
{"name":"ModelSetRunClock", "ph":"B", "ts":"2155620429", "pid":"1", "tid":"wave"},
{"name":"ModelSetRunClock", "ph":"E", "ts":"2155620469", "pid":"1", "tid":"wave"},
{"name":"ModelAdvance", "ph":"B", "ts":"2155620738", "pid":"1", "tid":"wave"},
{"name":"ModelAdvance", "ph":"E", "ts":"2161445009", "pid":"1", "tid":"wave"},
{"name":"ModelSetRunClock", "ph":"B", "ts":"2163078355", "pid":"1", "tid":"wave"},
{"name":"ModelSetRunClock", "ph":"E", "ts":"2163078389", "pid":"1", "tid":"wave"},
{"name":"ModelAdvance", "ph":"B", "ts":"2163078474", "pid":"1", "tid":"wave"},
{"name":"ModelAdvance", "ph":"E", "ts":"2168941921", "pid":"1", "tid":"wave"},
{"name":"ModelSetRunClock", "ph":"B", "ts":"2171147059", "pid":"1", "tid":"wave"},
{"name":"ModelSetRunClock", "ph":"E", "ts":"2171147092", "pid":"1", "tid":"wave"},
{"name":"ModelAdvance", "ph":"B", "ts":"2171147168", "pid":"1", "tid":"wave"},
{"name":"ModelAdvance", "ph":"E", "ts":"2177236893", "pid":"1", "tid":"wave"},
{"name":"ModelSetRunClock", "ph":"B", "ts":"2179924735", "pid":"1", "tid":"wave"},
{"name":"ModelSetRunClock", "ph":"E", "ts":"2179924773", "pid":"1", "tid":"wave"},
{"name":"ModelAdvance", "ph":"B", "ts":"2179924867", "pid":"1", "tid":"wave"},
{"name":"ModelAdvance", "ph":"E", "ts":"2186097646", "pid":"1", "tid":"wave"},
{"name":"ModelSetRunClock", "ph":"B", "ts":"2188332861", "pid":"1", "tid":"wave"},
{"name":"ModelSetRunClock", "ph":"E", "ts":"2188332897", "pid":"1", "tid":"wave"},
{"name":"ModelAdvance", "ph":"B", "ts":"2188332981", "pid":"1", "tid":"wave"},
{"name":"ModelAdvance", "ph":"E", "ts":"2194530699", "pid":"1", "tid":"wave"},
{"name":"ModelSetRunClock", "ph":"B", "ts":"2196421254", "pid":"1", "tid":"wave"},
{"name":"ModelSetRunClock", "ph":"E", "ts":"2196421292", "pid":"1", "tid":"wave"},
{"name":"ModelAdvance", "ph":"B", "ts":"2196421374", "pid":"1", "tid":"wave"},
{"name":"ModelAdvance", "ph":"E", "ts":"2202579836", "pid":"1", "tid":"wave"},
{"name":"ModelSetRunClock", "ph":"B", "ts":"2205024080", "pid":"1", "tid":"wave"},
{"name":"ModelSetRunClock", "ph":"E", "ts":"2205024112", "pid":"1", "tid":"wave"},
{"name":"ModelAdvance", "ph":"B", "ts":"2205024191", "pid":"1", "tid":"wave"},
{"name":"ModelAdvance", "ph":"E", "ts":"2211063444", "pid":"1", "tid":"wave"},
{"name":"ModelSetRunClock", "ph":"B", "ts":"2212844137", "pid":"1", "tid":"wave"},
{"name":"ModelSetRunClock", "ph":"E", "ts":"2212844170", "pid":"1", "tid":"wave"},
{"name":"ModelAdvance", "ph":"B", "ts":"2212844250", "pid":"1", "tid":"wave"},
{"name":"ModelAdvance", "ph":"E", "ts":"2218791868", "pid":"1", "tid":"wave"},
{"name":"ModelSetRunClock", "ph":"B", "ts":"2236368761", "pid":"1", "tid":"wave"},
{"name":"ModelSetRunClock", "ph":"E", "ts":"2236368901", "pid":"1", "tid":"wave"},
{"name":"ModelAdvance", "ph":"B", "ts":"2236368980", "pid":"1", "tid":"wave"},
{"name":"ModelAdvance", "ph":"E", "ts":"2242231240", "pid":"1", "tid":"wave"},
{"name":"ModelSetRunClock", "ph":"B", "ts":"2243997479", "pid":"1", "tid":"wave"},
{"name":"ModelSetRunClock", "ph":"E", "ts":"2243997511", "pid":"1", "tid":"wave"},
{"name":"ModelAdvance", "ph":"B", "ts":"2243997586", "pid":"1", "tid":"wave"},
{"name":"ModelAdvance", "ph":"E", "ts":"2249803778", "pid":"1", "tid":"wave"},
{"name":"ModelSetRunClock", "ph":"B", "ts":"2252261308", "pid":"1", "tid":"wave"},
{"name":"ModelSetRunClock", "ph":"E", "ts":"2252261343", "pid":"1", "tid":"wave"},
{"name":"ModelAdvance", "ph":"B", "ts":"2252261424", "pid":"1", "tid":"wave"},
{"name":"ModelAdvance", "ph":"E", "ts":"2258069845", "pid":"1", "tid":"wave"},
{"name":"ModelSetRunClock", "ph":"B", "ts":"2259864204", "pid":"1", "tid":"wave"},
{"name":"ModelSetRunClock", "ph":"E", "ts":"2259864239", "pid":"1", "tid":"wave"},
{"name":"ModelAdvance", "ph":"B", "ts":"2259864330", "pid":"1", "tid":"wave"},
{"name":"ModelAdvance", "ph":"E", "ts":"2265687770", "pid":"1", "tid":"wave"},
{"name":"ModelSetRunClock", "ph":"B", "ts":"2267864165", "pid":"1", "tid":"wave"},
{"name":"ModelSetRunClock", "ph":"E", "ts":"2267864200", "pid":"1", "tid":"wave"},
{"name":"ModelAdvance", "ph":"B", "ts":"2267864284", "pid":"1", "tid":"wave"},
{"name":"ModelAdvance", "ph":"E", "ts":"2273712483", "pid":"1", "tid":"wave"},
{"name":"ModelSetRunClock", "ph":"B", "ts":"2275478698", "pid":"1", "tid":"wave"},
{"name":"ModelSetRunClock", "ph":"E", "ts":"2275478848", "pid":"1", "tid":"wave"},
{"name":"ModelAdvance", "ph":"B", "ts":"2275478940", "pid":"1", "tid":"wave"},
{"name":"ModelAdvance", "ph":"E", "ts":"2281383012", "pid":"1", "tid":"wave"},
{"name":"ModelSetRunClock", "ph":"B", "ts":"2283777521", "pid":"1", "tid":"wave"},
{"name":"ModelSetRunClock", "ph":"E", "ts":"2283777661", "pid":"1", "tid":"wave"},
{"name":"ModelAdvance", "ph":"B", "ts":"2283777773", "pid":"1", "tid":"wave"},
{"name":"ModelAdvance", "ph":"E", "ts":"2289706307", "pid":"1", "tid":"wave"},
{"name":"ModelSetRunClock", "ph":"B", "ts":"2291275460", "pid":"1", "tid":"wave"},
{"name":"ModelSetRunClock", "ph":"E", "ts":"2291275494", "pid":"1", "tid":"wave"},
{"name":"ModelAdvance", "ph":"B", "ts":"2291275578", "pid":"1", "tid":"wave"},
{"name":"ModelAdvance", "ph":"E", "ts":"2297240764", "pid":"1", "tid":"wave"},
{"name":"ModelSetRunClock", "ph":"B", "ts":"2299301556", "pid":"1", "tid":"wave"},
{"name":"ModelSetRunClock", "ph":"E", "ts":"2299301589", "pid":"1", "tid":"wave"},
{"name":"ModelAdvance", "ph":"B", "ts":"2299301677", "pid":"1", "tid":"wave"},
{"name":"ModelAdvance", "ph":"E", "ts":"2305166104", "pid":"1", "tid":"wave"},
{"name":"ModelSetRunClock", "ph":"B", "ts":"2306794257", "pid":"1", "tid":"wave"},
{"name":"ModelSetRunClock", "ph":"E", "ts":"2306794292", "pid":"1", "tid":"wave"},
{"name":"ModelAdvance", "ph":"B", "ts":"2306794392", "pid":"1", "tid":"wave"},
{"name":"ModelAdvance", "ph":"E", "ts":"2312580974", "pid":"1", "tid":"wave"},
{"name":"ModelSetRunClock", "ph":"B", "ts":"2314983135", "pid":"1", "tid":"wave"},
{"name":"ModelSetRunClock", "ph":"E", "ts":"2319580438", "pid":"1", "tid":"wave"},
{"name":"ModelAdvance", "ph":"B", "ts":"2319580599", "pid":"1", "tid":"wave"},
{"name":"ModelAdvance", "ph":"E", "ts":"2325328448", "pid":"1", "tid":"wave"},
{"name":"ModelSetRunClock", "ph":"B", "ts":"2326097587", "pid":"1", "tid":"wave"},
{"name":"ModelSetRunClock", "ph":"E", "ts":"2326097620", "pid":"1", "tid":"wave"},
{"name":"ModelAdvance", "ph":"B", "ts":"2326097704", "pid":"1", "tid":"wave"},
{"name":"ModelAdvance", "ph":"E", "ts":"2331849199", "pid":"1", "tid":"wave"},
{"name":"ModelSetRunClock", "ph":"B", "ts":"2334401680", "pid":"1", "tid":"wave"},
{"name":"ModelSetRunClock", "ph":"E", "ts":"2334401712", "pid":"1", "tid":"wave"},
{"name":"ModelAdvance", "ph":"B", "ts":"2334401783", "pid":"1", "tid":"wave"},
{"name":"ModelAdvance", "ph":"E", "ts":"2340079487", "pid":"1", "tid":"wave"},
{"name":"ModelSetRunClock", "ph":"B", "ts":"2342305269", "pid":"1", "tid":"wave"},
{"name":"ModelSetRunClock", "ph":"E", "ts":"2342305305", "pid":"1", "tid":"wave"},
{"name":"ModelAdvance", "ph":"B", "ts":"2342305385", "pid":"1", "tid":"wave"},
{"name":"ModelAdvance", "ph":"E", "ts":"2347966560", "pid":"1", "tid":"wave"},
{"name":"ModelSetRunClock", "ph":"B", "ts":"2350523501", "pid":"1", "tid":"wave"},
{"name":"ModelSetRunClock", "ph":"E", "ts":"2350523544", "pid":"1", "tid":"wave"},
{"name":"ModelAdvance", "ph":"B", "ts":"2350523618", "pid":"1", "tid":"wave"},
{"name":"ModelAdvance", "ph":"E", "ts":"2356174785", "pid":"1", "tid":"wave"},
{"name":"ModelSetRunClock", "ph":"B", "ts":"2357943665", "pid":"1", "tid":"wave"},
{"name":"ModelSetRunClock", "ph":"E", "ts":"2357943707", "pid":"1", "tid":"wave"},
{"name":"ModelAdvance", "ph":"B", "ts":"2357943782", "pid":"1", "tid":"wave"},
{"name":"ModelAdvance", "ph":"E", "ts":"2363544933", "pid":"1", "tid":"wave"},
{"name":"ModelSetRunClock", "ph":"B", "ts":"2367501112", "pid":"1", "tid":"wave"},
{"name":"ModelSetRunClock", "ph":"E", "ts":"2367501154", "pid":"1", "tid":"wave"},
{"name":"ModelAdvance", "ph":"B", "ts":"2367501229", "pid":"1", "tid":"wave"},
{"name":"ModelAdvance", "ph":"E", "ts":"2373148393", "pid":"1", "tid":"wave"},
{"name":"ModelSetRunClock", "ph":"B", "ts":"2374855964", "pid":"1", "tid":"wave"},
{"name":"ModelSetRunClock", "ph":"E", "ts":"2374856008", "pid":"1", "tid":"wave"},
{"name":"ModelAdvance", "ph":"B", "ts":"2374856083", "pid":"1", "tid":"wave"},
{"name":"ModelAdvance", "ph":"E", "ts":"2380501913", "pid":"1", "tid":"wave"},
{"name":"ModelSetRunClock", "ph":"B", "ts":"2382895620", "pid":"1", "tid":"wave"},
{"name":"ModelSetRunClock", "ph":"E", "ts":"2382895787", "pid":"1", "tid":"wave"},
{"name":"ModelAdvance", "ph":"B", "ts":"2382895892", "pid":"1", "tid":"wave"},
{"name":"ModelAdvance", "ph":"E", "ts":"2388540932", "pid":"1", "tid":"wave"},
{"name":"ModelSetRunClock", "ph":"B", "ts":"2390233656", "pid":"1", "tid":"wave"},
{"name":"ModelSetRunClock", "ph":"E", "ts":"2390233709", "pid":"1", "tid":"wave"},
{"name":"ModelAdvance", "ph":"B", "ts":"2390233798", "pid":"1", "tid":"wave"},
{"name":"ModelAdvance", "ph":"E", "ts":"2395892061", "pid":"1", "tid":"wave"},
{"name":"ModelSetRunClock", "ph":"B", "ts":"2398200913", "pid":"1", "tid":"wave"},
{"name":"ModelSetRunClock", "ph":"E", "ts":"2398200957", "pid":"1", "tid":"wave"},
{"name":"ModelAdvance", "ph":"B", "ts":"2398201051", "pid":"1", "tid":"wave"},
{"name":"ModelAdvance", "ph":"E", "ts":"2403861767", "pid":"1", "tid":"wave"},
{"name":"ModelSetRunClock", "ph":"B", "ts":"2405565137", "pid":"1", "tid":"wave"},
{"name":"ModelSetRunClock", "ph":"E", "ts":"2405565178", "pid":"1", "tid":"wave"},
{"name":"ModelAdvance", "ph":"B", "ts":"2405565265", "pid":"1", "tid":"wave"},
{"name":"ModelAdvance", "ph":"E", "ts":"2411273763", "pid":"1", "tid":"wave"},
{"name":"ModelSetRunClock", "ph":"B", "ts":"2413686241", "pid":"1", "tid":"wave"},
{"name":"ModelSetRunClock", "ph":"E", "ts":"2413686389", "pid":"1", "tid":"wave"},
{"name":"ModelAdvance", "ph":"B", "ts":"2413686493", "pid":"1", "tid":"wave"},
{"name":"ModelAdvance", "ph":"E", "ts":"2419593857", "pid":"1", "tid":"wave"},
{"name":"ModelSetRunClock", "ph":"B", "ts":"2421169963", "pid":"1", "tid":"wave"},
{"name":"ModelSetRunClock", "ph":"E", "ts":"2421170002", "pid":"1", "tid":"wave"},
{"name":"ModelAdvance", "ph":"B", "ts":"2421170075", "pid":"1", "tid":"wave"},
{"name":"ModelAdvance", "ph":"E", "ts":"2427058940", "pid":"1", "tid":"wave"},
{"name":"ModelSetRunClock", "ph":"B", "ts":"2429266515", "pid":"1", "tid":"wave"},
{"name":"ModelSetRunClock", "ph":"E", "ts":"2429266558", "pid":"1", "tid":"wave"},
{"name":"ModelAdvance", "ph":"B", "ts":"2429266644", "pid":"1", "tid":"wave"},
{"name":"ModelAdvance", "ph":"E", "ts":"2435162340", "pid":"1", "tid":"wave"},
{"name":"ModelSetRunClock", "ph":"B", "ts":"2436565925", "pid":"1", "tid":"wave"},
{"name":"ModelSetRunClock", "ph":"E", "ts":"2436565980", "pid":"1", "tid":"wave"},
{"name":"ModelAdvance", "ph":"B", "ts":"2436566065", "pid":"1", "tid":"wave"},
{"name":"ModelAdvance", "ph":"E", "ts":"2442477975", "pid":"1", "tid":"wave"},
{"name":"ModelSetRunClock", "ph":"B", "ts":"2444546084", "pid":"1", "tid":"wave"},
{"name":"ModelSetRunClock", "ph":"E", "ts":"2444546127", "pid":"1", "tid":"wave"},
{"name":"ModelAdvance", "ph":"B", "ts":"2444546205", "pid":"1", "tid":"wave"},
{"name":"ModelAdvance", "ph":"E", "ts":"2450454032", "pid":"1", "tid":"wave"},
{"name":"ModelSetRunClock", "ph":"B", "ts":"2451858268", "pid":"1", "tid":"wave"},
{"name":"ModelSetRunClock", "ph":"E", "ts":"2451858310", "pid":"1", "tid":"wave"},
{"name":"ModelAdvance", "ph":"B", "ts":"2451858394", "pid":"1", "tid":"wave"},
{"name":"ModelAdvance", "ph":"E", "ts":"2457781339", "pid":"1", "tid":"wave"},
{"name":"ModelSetRunClock", "ph":"B", "ts":"2459808675", "pid":"1", "tid":"wave"},
{"name":"ModelSetRunClock", "ph":"E", "ts":"2459808718", "pid":"1", "tid":"wave"},
{"name":"ModelAdvance", "ph":"B", "ts":"2459808795", "pid":"1", "tid":"wave"},
{"name":"ModelAdvance", "ph":"E", "ts":"2465738677", "pid":"1", "tid":"wave"},
{"name":"ModelSetRunClock", "ph":"B", "ts":"2467137773", "pid":"1", "tid":"wave"},
{"name":"ModelSetRunClock", "ph":"E", "ts":"2467137816", "pid":"1", "tid":"wave"},
{"name":"ModelAdvance", "ph":"B", "ts":"2467137897", "pid":"1", "tid":"wave"},
{"name":"ModelAdvance", "ph":"E", "ts":"2473089251", "pid":"1", "tid":"wave"},
{"name":"ModelSetRunClock", "ph":"B", "ts":"2475082269", "pid":"1", "tid":"wave"},
{"name":"ModelSetRunClock", "ph":"E", "ts":"2475082397", "pid":"1", "tid":"wave"},
{"name":"ModelAdvance", "ph":"B", "ts":"2475082561", "pid":"1", "tid":"wave"},
{"name":"ModelAdvance", "ph":"E", "ts":"2481000785", "pid":"1", "tid":"wave"},
{"name":"ModelSetRunClock", "ph":"B", "ts":"2482384451", "pid":"1", "tid":"wave"},
{"name":"ModelSetRunClock", "ph":"E", "ts":"2482384499", "pid":"1", "tid":"wave"},
{"name":"ModelAdvance", "ph":"B", "ts":"2482384589", "pid":"1", "tid":"wave"},
{"name":"ModelAdvance", "ph":"E", "ts":"2488269070", "pid":"1", "tid":"wave"},
{"name":"ModelSetRunClock", "ph":"B", "ts":"2490269348", "pid":"1", "tid":"wave"},
{"name":"ModelSetRunClock", "ph":"E", "ts":"2490269398", "pid":"1", "tid":"wave"},
{"name":"ModelAdvance", "ph":"B", "ts":"2490269488", "pid":"1", "tid":"wave"},
{"name":"ModelAdvance", "ph":"E", "ts":"2496133189", "pid":"1", "tid":"wave"},
{"name":"ModelSetRunClock", "ph":"B", "ts":"2497531821", "pid":"1", "tid":"wave"},
{"name":"ModelSetRunClock", "ph":"E", "ts":"2497531873", "pid":"1", "tid":"wave"},
{"name":"ModelAdvance", "ph":"B", "ts":"2497531962", "pid":"1", "tid":"wave"},
{"name":"ModelAdvance", "ph":"E", "ts":"2503396464", "pid":"1", "tid":"wave"},
{"name":"ModelSetRunClock", "ph":"B", "ts":"2505431833", "pid":"1", "tid":"wave"},
{"name":"ModelSetRunClock", "ph":"E", "ts":"2505432034", "pid":"1", "tid":"wave"},
{"name":"ModelAdvance", "ph":"B", "ts":"2505432139", "pid":"1", "tid":"wave"},
{"name":"ModelAdvance", "ph":"E", "ts":"2511354593", "pid":"1", "tid":"wave"},
{"name":"ModelSetRunClock", "ph":"B", "ts":"2512798715", "pid":"1", "tid":"wave"},
{"name":"ModelSetRunClock", "ph":"E", "ts":"2512798761", "pid":"1", "tid":"wave"},
{"name":"ModelAdvance", "ph":"B", "ts":"2512798832", "pid":"1", "tid":"wave"},
{"name":"ModelAdvance", "ph":"E", "ts":"2518912872", "pid":"1", "tid":"wave"},
{"name":"ModelSetRunClock", "ph":"B", "ts":"2520819427", "pid":"1", "tid":"wave"},
{"name":"ModelSetRunClock", "ph":"E", "ts":"2520819470", "pid":"1", "tid":"wave"},
{"name":"ModelAdvance", "ph":"B", "ts":"2520819546", "pid":"1", "tid":"wave"},
{"name":"ModelAdvance", "ph":"E", "ts":"2527003082", "pid":"1", "tid":"wave"},
{"name":"ModelSetRunClock", "ph":"B", "ts":"2528242366", "pid":"1", "tid":"wave"},
{"name":"ModelSetRunClock", "ph":"E", "ts":"2528242406", "pid":"1", "tid":"wave"},
{"name":"ModelAdvance", "ph":"B", "ts":"2528242487", "pid":"1", "tid":"wave"},
{"name":"ModelAdvance", "ph":"E", "ts":"2534473436", "pid":"1", "tid":"wave"},
{"name":"ModelSetRunClock", "ph":"B", "ts":"2536184241", "pid":"1", "tid":"wave"},
{"name":"ModelSetRunClock", "ph":"E", "ts":"2536184413", "pid":"1", "tid":"wave"},
{"name":"ModelAdvance", "ph":"B", "ts":"2536184561", "pid":"1", "tid":"wave"},
{"name":"ModelAdvance", "ph":"E", "ts":"2542441567", "pid":"1", "tid":"wave"},
{"name":"ModelSetRunClock", "ph":"B", "ts":"2543548639", "pid":"1", "tid":"wave"},
{"name":"ModelSetRunClock", "ph":"E", "ts":"2543548682", "pid":"1", "tid":"wave"},
{"name":"ModelAdvance", "ph":"B", "ts":"2543548768", "pid":"1", "tid":"wave"},
{"name":"ModelAdvance", "ph":"E", "ts":"2549793303", "pid":"1", "tid":"wave"},
{"name":"ModelSetRunClock", "ph":"B", "ts":"2551591692", "pid":"1", "tid":"wave"},
{"name":"ModelSetRunClock", "ph":"E", "ts":"2551591734", "pid":"1", "tid":"wave"},
{"name":"ModelAdvance", "ph":"B", "ts":"2551591818", "pid":"1", "tid":"wave"},
{"name":"ModelAdvance", "ph":"E", "ts":"2558069094", "pid":"1", "tid":"wave"},
{"name":"ModelSetRunClock", "ph":"B", "ts":"2559046947", "pid":"1", "tid":"wave"},
{"name":"ModelSetRunClock", "ph":"E", "ts":"2559046981", "pid":"1", "tid":"wave"},
{"name":"ModelAdvance", "ph":"B", "ts":"2559047066", "pid":"1", "tid":"wave"},
{"name":"ModelAdvance", "ph":"E", "ts":"2565329828", "pid":"1", "tid":"wave"},
{"name":"ModelSetRunClock", "ph":"B", "ts":"2567088112", "pid":"1", "tid":"wave"},
{"name":"ModelSetRunClock", "ph":"E", "ts":"2567088243", "pid":"1", "tid":"wave"},
{"name":"ModelAdvance", "ph":"B", "ts":"2567088341", "pid":"1", "tid":"wave"},
{"name":"ModelAdvance", "ph":"E", "ts":"2573336010", "pid":"1", "tid":"wave"},
{"name":"ModelSetRunClock", "ph":"B", "ts":"2574449321", "pid":"1", "tid":"wave"},
{"name":"ModelSetRunClock", "ph":"E", "ts":"2574449370", "pid":"1", "tid":"wave"},
{"name":"ModelAdvance", "ph":"B", "ts":"2574449468", "pid":"1", "tid":"wave"},
{"name":"ModelAdvance", "ph":"E", "ts":"2580637574", "pid":"1", "tid":"wave"},
{"name":"ModelSetRunClock", "ph":"B", "ts":"2582489323", "pid":"1", "tid":"wave"},
{"name":"ModelSetRunClock", "ph":"E", "ts":"2582489366", "pid":"1", "tid":"wave"},
{"name":"ModelAdvance", "ph":"B", "ts":"2582489441", "pid":"1", "tid":"wave"},
{"name":"ModelAdvance", "ph":"E", "ts":"2588619259", "pid":"1", "tid":"wave"},
{"name":"ModelSetRunClock", "ph":"B", "ts":"2589855839", "pid":"1", "tid":"wave"},
{"name":"ModelSetRunClock", "ph":"E", "ts":"2589855879", "pid":"1", "tid":"wave"},
{"name":"ModelAdvance", "ph":"B", "ts":"2589855964", "pid":"1", "tid":"wave"},
{"name":"ModelAdvance", "ph":"E", "ts":"2596208313", "pid":"1", "tid":"wave"},
{"name":"ModelSetRunClock", "ph":"B", "ts":"2597897351", "pid":"1", "tid":"wave"},
{"name":"ModelSetRunClock", "ph":"E", "ts":"2597897385", "pid":"1", "tid":"wave"},
{"name":"ModelAdvance", "ph":"B", "ts":"2597897467", "pid":"1", "tid":"wave"},
{"name":"ModelAdvance", "ph":"E", "ts":"2608363847", "pid":"1", "tid":"wave"},
{"name":"ModelFinalize", "ph":"B", "ts":"2608369027", "pid":"1", "tid":"wave"},
{"name":"ModelFinalize", "ph":"E", "ts":"2608369042", "pid":"1", "tid":"wave"},
