{"name":"SetServices", "ph":"B", "ts":"1234045554", "pid":"1", "tid":"mom"},
{"name":"SetServices", "ph":"E", "ts":"1234048424", "pid":"1", "tid":"mom"},
{"name":"InitializeP0", "ph":"B", "ts":"1235379517", "pid":"1", "tid":"mom"},
{"name":"InitializeP0", "ph":"E", "ts":"1235379931", "pid":"1", "tid":"mom"},
{"name":"InitializeAdvertise", "ph":"B", "ts":"1260314134", "pid":"1", "tid":"mom"},
{"name":"InitializeAdvertise", "ph":"E", "ts":"1405833847", "pid":"1", "tid":"mom"},
{"name":"InitializeRealize", "ph":"B", "ts":"1709756798", "pid":"1", "tid":"mom"},
{"name":"InitializeRealize", "ph":"E", "ts":"1715246336", "pid":"1", "tid":"mom"},
{"name":"DataInitialize", "ph":"B", "ts":"1770333219", "pid":"1", "tid":"mom"},
{"name":"DataInitialize", "ph":"E", "ts":"1770334359", "pid":"1", "tid":"mom"},
{"name":"ModelSetRunClock", "ph":"B", "ts":"1820367513", "pid":"1", "tid":"mom"},
{"name":"ModelSetRunClock", "ph":"E", "ts":"1820376175", "pid":"1", "tid":"mom"},
{"name":"ModelAdvance", "ph":"B", "ts":"1820376367", "pid":"1", "tid":"mom"},
{"name":"ModelAdvance", "ph":"E", "ts":"1826439692", "pid":"1", "tid":"mom"},
{"name":"ModelSetRunClock", "ph":"B", "ts":"1833064633", "pid":"1", "tid":"mom"},
{"name":"ModelSetRunClock", "ph":"E", "ts":"1833064706", "pid":"1", "tid":"mom"},
{"name":"ModelAdvance", "ph":"B", "ts":"1833064879", "pid":"1", "tid":"mom"},
{"name":"ModelAdvance", "ph":"E", "ts":"1838422369", "pid":"1", "tid":"mom"},
{"name":"ModelSetRunClock", "ph":"B", "ts":"1846863498", "pid":"1", "tid":"mom"},
{"name":"ModelSetRunClock", "ph":"E", "ts":"1846863564", "pid":"1", "tid":"mom"},
{"name":"ModelAdvance", "ph":"B", "ts":"1846863710", "pid":"1", "tid":"mom"},
{"name":"ModelAdvance", "ph":"E", "ts":"1852239132", "pid":"1", "tid":"mom"},
{"name":"ModelSetRunClock", "ph":"B", "ts":"1861172251", "pid":"1", "tid":"mom"},
{"name":"ModelSetRunClock", "ph":"E", "ts":"1861172318", "pid":"1", "tid":"mom"},
{"name":"ModelAdvance", "ph":"B", "ts":"1861172464", "pid":"1", "tid":"mom"},
{"name":"ModelAdvance", "ph":"E", "ts":"1866560648", "pid":"1", "tid":"mom"},
{"name":"ModelSetRunClock", "ph":"B", "ts":"1875338631", "pid":"1", "tid":"mom"},
{"name":"ModelSetRunClock", "ph":"E", "ts":"1875338697", "pid":"1", "tid":"mom"},
{"name":"ModelAdvance", "ph":"B", "ts":"1875338851", "pid":"1", "tid":"mom"},
{"name":"ModelAdvance", "ph":"E", "ts":"1880724591", "pid":"1", "tid":"mom"},
{"name":"ModelSetRunClock", "ph":"B", "ts":"1890537257", "pid":"1", "tid":"mom"},
{"name":"ModelSetRunClock", "ph":"E", "ts":"1890537464", "pid":"1", "tid":"mom"},
{"name":"ModelAdvance", "ph":"B", "ts":"1890537639", "pid":"1", "tid":"mom"},
{"name":"ModelAdvance", "ph":"E", "ts":"1896000655", "pid":"1", "tid":"mom"},
{"name":"ModelSetRunClock", "ph":"B", "ts":"1924793274", "pid":"1", "tid":"mom"},
{"name":"ModelSetRunClock", "ph":"E", "ts":"1924793478", "pid":"1", "tid":"mom"},
{"name":"ModelAdvance", "ph":"B", "ts":"1924793632", "pid":"1", "tid":"mom"},
{"name":"ModelAdvance", "ph":"E", "ts":"1930200493", "pid":"1", "tid":"mom"},
{"name":"ModelSetRunClock", "ph":"B", "ts":"1933184916", "pid":"1", "tid":"mom"},
{"name":"ModelSetRunClock", "ph":"E", "ts":"1933185000", "pid":"1", "tid":"mom"},
{"name":"ModelAdvance", "ph":"B", "ts":"1933185183", "pid":"1", "tid":"mom"},
{"name":"ModelAdvance", "ph":"E", "ts":"1938599558", "pid":"1", "tid":"mom"},
{"name":"ModelSetRunClock", "ph":"B", "ts":"1941112045", "pid":"1", "tid":"mom"},
{"name":"ModelSetRunClock", "ph":"E", "ts":"1941112113", "pid":"1", "tid":"mom"},
{"name":"ModelAdvance", "ph":"B", "ts":"1941112282", "pid":"1", "tid":"mom"},
{"name":"ModelAdvance", "ph":"E", "ts":"1946546678", "pid":"1", "tid":"mom"},
{"name":"ModelSetRunClock", "ph":"B", "ts":"1949350249", "pid":"1", "tid":"mom"},
{"name":"ModelSetRunClock", "ph":"E", "ts":"1949350327", "pid":"1", "tid":"mom"},
{"name":"ModelAdvance", "ph":"B", "ts":"1949350504", "pid":"1", "tid":"mom"},
{"name":"ModelAdvance", "ph":"E", "ts":"1954774240", "pid":"1", "tid":"mom"},
{"name":"ModelSetRunClock", "ph":"B", "ts":"1957116317", "pid":"1", "tid":"mom"},
{"name":"ModelSetRunClock", "ph":"E", "ts":"1957116407", "pid":"1", "tid":"mom"},
{"name":"ModelAdvance", "ph":"B", "ts":"1957116819", "pid":"1", "tid":"mom"},
{"name":"ModelAdvance", "ph":"E", "ts":"1962533089", "pid":"1", "tid":"mom"},
{"name":"ModelSetRunClock", "ph":"B", "ts":"1965384450", "pid":"1", "tid":"mom"},
{"name":"ModelSetRunClock", "ph":"E", "ts":"1965384524", "pid":"1", "tid":"mom"},
{"name":"ModelAdvance", "ph":"B", "ts":"1965384698", "pid":"1", "tid":"mom"},
{"name":"ModelAdvance", "ph":"E", "ts":"1970690990", "pid":"1", "tid":"mom"},
{"name":"ModelSetRunClock", "ph":"B", "ts":"1972939181", "pid":"1", "tid":"mom"},
{"name":"ModelSetRunClock", "ph":"E", "ts":"1972939250", "pid":"1", "tid":"mom"},
{"name":"ModelAdvance", "ph":"B", "ts":"1972939432", "pid":"1", "tid":"mom"},
{"name":"ModelAdvance", "ph":"E", "ts":"1978188446", "pid":"1", "tid":"mom"},
{"name":"ModelSetRunClock", "ph":"B", "ts":"1981172503", "pid":"1", "tid":"mom"},
{"name":"ModelSetRunClock", "ph":"E", "ts":"1981172565", "pid":"1", "tid":"mom"},
{"name":"ModelAdvance", "ph":"B", "ts":"1981172734", "pid":"1", "tid":"mom"},
{"name":"ModelAdvance", "ph":"E", "ts":"1986426750", "pid":"1", "tid":"mom"},
{"name":"ModelSetRunClock", "ph":"B", "ts":"1988682709", "pid":"1", "tid":"mom"},
{"name":"ModelSetRunClock", "ph":"E", "ts":"1988682771", "pid":"1", "tid":"mom"},
{"name":"ModelAdvance", "ph":"B", "ts":"1988682925", "pid":"1", "tid":"mom"},
{"name":"ModelAdvance", "ph":"E", "ts":"1993959767", "pid":"1", "tid":"mom"},
{"name":"ModelSetRunClock", "ph":"B", "ts":"1997037101", "pid":"1", "tid":"mom"},
{"name":"ModelSetRunClock", "ph":"E", "ts":"1997037170", "pid":"1", "tid":"mom"},
{"name":"ModelAdvance", "ph":"B", "ts":"1997037340", "pid":"1", "tid":"mom"},
{"name":"ModelAdvance", "ph":"E", "ts":"2002308242", "pid":"1", "tid":"mom"},
{"name":"ModelSetRunClock", "ph":"B", "ts":"2004763699", "pid":"1", "tid":"mom"},
{"name":"ModelSetRunClock", "ph":"E", "ts":"2004763763", "pid":"1", "tid":"mom"},
{"name":"ModelAdvance", "ph":"B", "ts":"2004763924", "pid":"1", "tid":"mom"},
{"name":"ModelAdvance", "ph":"E", "ts":"2010031416", "pid":"1", "tid":"mom"},
{"name":"ModelSetRunClock", "ph":"B", "ts":"2013218420", "pid":"1", "tid":"mom"},
{"name":"ModelSetRunClock", "ph":"E", "ts":"2013218502", "pid":"1", "tid":"mom"},
{"name":"ModelAdvance", "ph":"B", "ts":"2013218716", "pid":"1", "tid":"mom"},
{"name":"ModelAdvance", "ph":"E", "ts":"2018535343", "pid":"1", "tid":"mom"},
{"name":"ModelSetRunClock", "ph":"B", "ts":"2021102076", "pid":"1", "tid":"mom"},
{"name":"ModelSetRunClock", "ph":"E", "ts":"2021102269", "pid":"1", "tid":"mom"},
{"name":"ModelAdvance", "ph":"B", "ts":"2021102460", "pid":"1", "tid":"mom"},
{"name":"ModelAdvance", "ph":"E", "ts":"2026351093", "pid":"1", "tid":"mom"},
{"name":"ModelSetRunClock", "ph":"B", "ts":"2029630555", "pid":"1", "tid":"mom"},
{"name":"ModelSetRunClock", "ph":"E", "ts":"2029630621", "pid":"1", "tid":"mom"},
{"name":"ModelAdvance", "ph":"B", "ts":"2029630781", "pid":"1", "tid":"mom"},
{"name":"ModelAdvance", "ph":"E", "ts":"2034883951", "pid":"1", "tid":"mom"},
{"name":"ModelSetRunClock", "ph":"B", "ts":"2037509673", "pid":"1", "tid":"mom"},
{"name":"ModelSetRunClock", "ph":"E", "ts":"2037509747", "pid":"1", "tid":"mom"},
{"name":"ModelAdvance", "ph":"B", "ts":"2037509921", "pid":"1", "tid":"mom"},
{"name":"ModelAdvance", "ph":"E", "ts":"2042758274", "pid":"1", "tid":"mom"},
{"name":"ModelSetRunClock", "ph":"B", "ts":"2046294487", "pid":"1", "tid":"mom"},
{"name":"ModelSetRunClock", "ph":"E", "ts":"2046294577", "pid":"1", "tid":"mom"},
{"name":"ModelAdvance", "ph":"B", "ts":"2046294759", "pid":"1", "tid":"mom"},
{"name":"ModelAdvance", "ph":"E", "ts":"2051532743", "pid":"1", "tid":"mom"},
{"name":"ModelSetRunClock", "ph":"B", "ts":"2054379644", "pid":"1", "tid":"mom"},
{"name":"ModelSetRunClock", "ph":"E", "ts":"2054379720", "pid":"1", "tid":"mom"},
{"name":"ModelAdvance", "ph":"B", "ts":"2054379893", "pid":"1", "tid":"mom"},
{"name":"ModelAdvance", "ph":"E", "ts":"2059609849", "pid":"1", "tid":"mom"},
{"name":"ModelSetRunClock", "ph":"B", "ts":"2062940510", "pid":"1", "tid":"mom"},
{"name":"ModelSetRunClock", "ph":"E", "ts":"2062940769", "pid":"1", "tid":"mom"},
{"name":"ModelAdvance", "ph":"B", "ts":"2062940984", "pid":"1", "tid":"mom"},
{"name":"ModelAdvance", "ph":"E", "ts":"2068236981", "pid":"1", "tid":"mom"},
{"name":"ModelSetRunClock", "ph":"B", "ts":"2070705713", "pid":"1", "tid":"mom"},
{"name":"ModelSetRunClock", "ph":"E", "ts":"2070705775", "pid":"1", "tid":"mom"},
{"name":"ModelAdvance", "ph":"B", "ts":"2070705940", "pid":"1", "tid":"mom"},
{"name":"ModelAdvance", "ph":"E", "ts":"2075927686", "pid":"1", "tid":"mom"},
{"name":"ModelSetRunClock", "ph":"B", "ts":"2078835553", "pid":"1", "tid":"mom"},
{"name":"ModelSetRunClock", "ph":"E", "ts":"2078835619", "pid":"1", "tid":"mom"},
{"name":"ModelAdvance", "ph":"B", "ts":"2078835788", "pid":"1", "tid":"mom"},
{"name":"ModelAdvance", "ph":"E", "ts":"2084023717", "pid":"1", "tid":"mom"},
{"name":"ModelSetRunClock", "ph":"B", "ts":"2086177641", "pid":"1", "tid":"mom"},
{"name":"ModelSetRunClock", "ph":"E", "ts":"2086177751", "pid":"1", "tid":"mom"},
{"name":"ModelAdvance", "ph":"B", "ts":"2086177966", "pid":"1", "tid":"mom"},
{"name":"ModelAdvance", "ph":"E", "ts":"2091367890", "pid":"1", "tid":"mom"},
{"name":"ModelSetRunClock", "ph":"B", "ts":"2094121821", "pid":"1", "tid":"mom"},
{"name":"ModelSetRunClock", "ph":"E", "ts":"2094121908", "pid":"1", "tid":"mom"},
{"name":"ModelAdvance", "ph":"B", "ts":"2094122119", "pid":"1", "tid":"mom"},
{"name":"ModelAdvance", "ph":"E", "ts":"2099299860", "pid":"1", "tid":"mom"},
{"name":"ModelSetRunClock", "ph":"B", "ts":"2101337129", "pid":"1", "tid":"mom"},
{"name":"ModelSetRunClock", "ph":"E", "ts":"2101337195", "pid":"1", "tid":"mom"},
{"name":"ModelAdvance", "ph":"B", "ts":"2101337356", "pid":"1", "tid":"mom"},
{"name":"ModelAdvance", "ph":"E", "ts":"2106499688", "pid":"1", "tid":"mom"},
{"name":"ModelSetRunClock", "ph":"B", "ts":"2109329232", "pid":"1", "tid":"mom"},
{"name":"ModelSetRunClock", "ph":"E", "ts":"2109329304", "pid":"1", "tid":"mom"},
{"name":"ModelAdvance", "ph":"B", "ts":"2109329475", "pid":"1", "tid":"mom"},
{"name":"ModelAdvance", "ph":"E", "ts":"2114575033", "pid":"1", "tid":"mom"},
{"name":"ModelSetRunClock", "ph":"B", "ts":"2116793852", "pid":"1", "tid":"mom"},
{"name":"ModelSetRunClock", "ph":"E", "ts":"2116793922", "pid":"1", "tid":"mom"},
{"name":"ModelAdvance", "ph":"B", "ts":"2116794103", "pid":"1", "tid":"mom"},
{"name":"ModelAdvance", "ph":"E", "ts":"2121971131", "pid":"1", "tid":"mom"},
{"name":"ModelSetRunClock", "ph":"B", "ts":"2124859519", "pid":"1", "tid":"mom"},
{"name":"ModelSetRunClock", "ph":"E", "ts":"2124859589", "pid":"1", "tid":"mom"},
{"name":"ModelAdvance", "ph":"B", "ts":"2124859760", "pid":"1", "tid":"mom"},
{"name":"ModelAdvance", "ph":"E", "ts":"2130045126", "pid":"1", "tid":"mom"},
{"name":"ModelSetRunClock", "ph":"B", "ts":"2132248928", "pid":"1", "tid":"mom"},
{"name":"ModelSetRunClock", "ph":"E", "ts":"2132249012", "pid":"1", "tid":"mom"},
{"name":"ModelAdvance", "ph":"B", "ts":"2132249212", "pid":"1", "tid":"mom"},
{"name":"ModelAdvance", "ph":"E", "ts":"2137435775", "pid":"1", "tid":"mom"},
{"name":"ModelSetRunClock", "ph":"B", "ts":"2140249763", "pid":"1", "tid":"mom"},
{"name":"ModelSetRunClock", "ph":"E", "ts":"2140249832", "pid":"1", "tid":"mom"},
{"name":"ModelAdvance", "ph":"B", "ts":"2140249988", "pid":"1", "tid":"mom"},
{"name":"ModelAdvance", "ph":"E", "ts":"2145441464", "pid":"1", "tid":"mom"},
{"name":"ModelSetRunClock", "ph":"B", "ts":"2147528744", "pid":"1", "tid":"mom"},
{"name":"ModelSetRunClock", "ph":"E", "ts":"2147528810", "pid":"1", "tid":"mom"},
{"name":"ModelAdvance", "ph":"B", "ts":"2147528969", "pid":"1", "tid":"mom"},
{"name":"ModelAdvance", "ph":"E", "ts":"2152719414", "pid":"1", "tid":"mom"},
{"name":"ModelSetRunClock", "ph":"B", "ts":"2155625547", "pid":"1", "tid":"mom"},
{"name":"ModelSetRunClock", "ph":"E", "ts":"2155625751", "pid":"1", "tid":"mom"},
{"name":"ModelAdvance", "ph":"B", "ts":"2155625915", "pid":"1", "tid":"mom"},
{"name":"ModelAdvance", "ph":"E", "ts":"2160901967", "pid":"1", "tid":"mom"},
{"name":"ModelSetRunClock", "ph":"B", "ts":"2163084853", "pid":"1", "tid":"mom"},
{"name":"ModelSetRunClock", "ph":"E", "ts":"2163084923", "pid":"1", "tid":"mom"},
{"name":"ModelAdvance", "ph":"B", "ts":"2163085097", "pid":"1", "tid":"mom"},
{"name":"ModelAdvance", "ph":"E", "ts":"2168304218", "pid":"1", "tid":"mom"},
{"name":"ModelSetRunClock", "ph":"B", "ts":"2171155695", "pid":"1", "tid":"mom"},
{"name":"ModelSetRunClock", "ph":"E", "ts":"2171155766", "pid":"1", "tid":"mom"},
{"name":"ModelAdvance", "ph":"B", "ts":"2171155932", "pid":"1", "tid":"mom"},
{"name":"ModelAdvance", "ph":"E", "ts":"2176374696", "pid":"1", "tid":"mom"},
{"name":"ModelSetRunClock", "ph":"B", "ts":"2179935187", "pid":"1", "tid":"mom"},
{"name":"ModelSetRunClock", "ph":"E", "ts":"2179935284", "pid":"1", "tid":"mom"},
{"name":"ModelAdvance", "ph":"B", "ts":"2179935488", "pid":"1", "tid":"mom"},
{"name":"ModelAdvance", "ph":"E", "ts":"2185162120", "pid":"1", "tid":"mom"},
{"name":"ModelSetRunClock", "ph":"B", "ts":"2188340516", "pid":"1", "tid":"mom"},
{"name":"ModelSetRunClock", "ph":"E", "ts":"2188340581", "pid":"1", "tid":"mom"},
{"name":"ModelAdvance", "ph":"B", "ts":"2188340760", "pid":"1", "tid":"mom"},
{"name":"ModelAdvance", "ph":"E", "ts":"2193562510", "pid":"1", "tid":"mom"},
{"name":"ModelSetRunClock", "ph":"B", "ts":"2196431794", "pid":"1", "tid":"mom"},
{"name":"ModelSetRunClock", "ph":"E", "ts":"2196431868", "pid":"1", "tid":"mom"},
{"name":"ModelAdvance", "ph":"B", "ts":"2196432050", "pid":"1", "tid":"mom"},
{"name":"ModelAdvance", "ph":"E", "ts":"2201627068", "pid":"1", "tid":"mom"},
{"name":"ModelSetRunClock", "ph":"B", "ts":"2205034931", "pid":"1", "tid":"mom"},
{"name":"ModelSetRunClock", "ph":"E", "ts":"2205035013", "pid":"1", "tid":"mom"},
{"name":"ModelAdvance", "ph":"B", "ts":"2205035259", "pid":"1", "tid":"mom"},
{"name":"ModelAdvance", "ph":"E", "ts":"2210287471", "pid":"1", "tid":"mom"},
{"name":"ModelSetRunClock", "ph":"B", "ts":"2212849131", "pid":"1", "tid":"mom"},
{"name":"ModelSetRunClock", "ph":"E", "ts":"2212849202", "pid":"1", "tid":"mom"},
{"name":"ModelAdvance", "ph":"B", "ts":"2212849379", "pid":"1", "tid":"mom"},
{"name":"ModelAdvance", "ph":"E", "ts":"2218020261", "pid":"1", "tid":"mom"},
{"name":"ModelSetRunClock", "ph":"B", "ts":"2236380965", "pid":"1", "tid":"mom"},
{"name":"ModelSetRunClock", "ph":"E", "ts":"2236381064", "pid":"1", "tid":"mom"},
{"name":"ModelAdvance", "ph":"B", "ts":"2236381256", "pid":"1", "tid":"mom"},
{"name":"ModelAdvance", "ph":"E", "ts":"2241546645", "pid":"1", "tid":"mom"},
{"name":"ModelSetRunClock", "ph":"B", "ts":"2244003648", "pid":"1", "tid":"mom"},
{"name":"ModelSetRunClock", "ph":"E", "ts":"2244003713", "pid":"1", "tid":"mom"},
{"name":"ModelAdvance", "ph":"B", "ts":"2244003873", "pid":"1", "tid":"mom"},
{"name":"ModelAdvance", "ph":"E", "ts":"2249175387", "pid":"1", "tid":"mom"},
{"name":"ModelSetRunClock", "ph":"B", "ts":"2252263864", "pid":"1", "tid":"mom"},
{"name":"ModelSetRunClock", "ph":"E", "ts":"2252263929", "pid":"1", "tid":"mom"},
{"name":"ModelAdvance", "ph":"B", "ts":"2252264080", "pid":"1", "tid":"mom"},
{"name":"ModelAdvance", "ph":"E", "ts":"2257453835", "pid":"1", "tid":"mom"},
{"name":"ModelSetRunClock", "ph":"B", "ts":"2259869882", "pid":"1", "tid":"mom"},
{"name":"ModelSetRunClock", "ph":"E", "ts":"2259869946", "pid":"1", "tid":"mom"},
{"name":"ModelAdvance", "ph":"B", "ts":"2259870106", "pid":"1", "tid":"mom"},
{"name":"ModelAdvance", "ph":"E", "ts":"2265063884", "pid":"1", "tid":"mom"},
{"name":"ModelSetRunClock", "ph":"B", "ts":"2267871696", "pid":"1", "tid":"mom"},
{"name":"ModelSetRunClock", "ph":"E", "ts":"2267871778", "pid":"1", "tid":"mom"},
{"name":"ModelAdvance", "ph":"B", "ts":"2267871954", "pid":"1", "tid":"mom"},
{"name":"ModelAdvance", "ph":"E", "ts":"2273137210", "pid":"1", "tid":"mom"},
{"name":"ModelSetRunClock", "ph":"B", "ts":"2275490329", "pid":"1", "tid":"mom"},
{"name":"ModelSetRunClock", "ph":"E", "ts":"2275490413", "pid":"1", "tid":"mom"},
{"name":"ModelAdvance", "ph":"B", "ts":"2275490596", "pid":"1", "tid":"mom"},
{"name":"ModelAdvance", "ph":"E", "ts":"2280687425", "pid":"1", "tid":"mom"},
{"name":"ModelSetRunClock", "ph":"B", "ts":"2283788109", "pid":"1", "tid":"mom"},
{"name":"ModelSetRunClock", "ph":"E", "ts":"2283788195", "pid":"1", "tid":"mom"},
{"name":"ModelAdvance", "ph":"B", "ts":"2283788406", "pid":"1", "tid":"mom"},
{"name":"ModelAdvance", "ph":"E", "ts":"2288995704", "pid":"1", "tid":"mom"},
{"name":"ModelSetRunClock", "ph":"B", "ts":"2291283721", "pid":"1", "tid":"mom"},
{"name":"ModelSetRunClock", "ph":"E", "ts":"2291283790", "pid":"1", "tid":"mom"},
{"name":"ModelAdvance", "ph":"B", "ts":"2291283959", "pid":"1", "tid":"mom"},
{"name":"ModelAdvance", "ph":"E", "ts":"2296500708", "pid":"1", "tid":"mom"},
{"name":"ModelSetRunClock", "ph":"B", "ts":"2299311087", "pid":"1", "tid":"mom"},
{"name":"ModelSetRunClock", "ph":"E", "ts":"2299311184", "pid":"1", "tid":"mom"},
{"name":"ModelAdvance", "ph":"B", "ts":"2299311401", "pid":"1", "tid":"mom"},
{"name":"ModelAdvance", "ph":"E", "ts":"2304541133", "pid":"1", "tid":"mom"},
{"name":"ModelSetRunClock", "ph":"B", "ts":"2306805582", "pid":"1", "tid":"mom"},
{"name":"ModelSetRunClock", "ph":"E", "ts":"2306805692", "pid":"1", "tid":"mom"},
{"name":"ModelAdvance", "ph":"B", "ts":"2306805901", "pid":"1", "tid":"mom"},
{"name":"ModelAdvance", "ph":"E", "ts":"2312025095", "pid":"1", "tid":"mom"},
{"name":"ModelSetRunClock", "ph":"B", "ts":"2314992099", "pid":"1", "tid":"mom"},
{"name":"ModelSetRunClock", "ph":"E", "ts":"2314992171", "pid":"1", "tid":"mom"},
{"name":"ModelAdvance", "ph":"B", "ts":"2314992335", "pid":"1", "tid":"mom"},
{"name":"ModelAdvance", "ph":"E", "ts":"2320280568", "pid":"1", "tid":"mom"},
{"name":"ModelSetRunClock", "ph":"B", "ts":"2326106467", "pid":"1", "tid":"mom"},
{"name":"ModelSetRunClock", "ph":"E", "ts":"2326106532", "pid":"1", "tid":"mom"},
{"name":"ModelAdvance", "ph":"B", "ts":"2326106686", "pid":"1", "tid":"mom"},
{"name":"ModelAdvance", "ph":"E", "ts":"2331330775", "pid":"1", "tid":"mom"},
{"name":"ModelSetRunClock", "ph":"B", "ts":"2334405697", "pid":"1", "tid":"mom"},
{"name":"ModelSetRunClock", "ph":"E", "ts":"2334405760", "pid":"1", "tid":"mom"},
{"name":"ModelAdvance", "ph":"B", "ts":"2334405921", "pid":"1", "tid":"mom"},
{"name":"ModelAdvance", "ph":"E", "ts":"2339636344", "pid":"1", "tid":"mom"},
{"name":"ModelSetRunClock", "ph":"B", "ts":"2342317174", "pid":"1", "tid":"mom"},
{"name":"ModelSetRunClock", "ph":"E", "ts":"2342317269", "pid":"1", "tid":"mom"},
{"name":"ModelAdvance", "ph":"B", "ts":"2342317483", "pid":"1", "tid":"mom"},
{"name":"ModelAdvance", "ph":"E", "ts":"2347517612", "pid":"1", "tid":"mom"},
{"name":"ModelSetRunClock", "ph":"B", "ts":"2350532210", "pid":"1", "tid":"mom"},
{"name":"ModelSetRunClock", "ph":"E", "ts":"2350532284", "pid":"1", "tid":"mom"},
{"name":"ModelAdvance", "ph":"B", "ts":"2350532457", "pid":"1", "tid":"mom"},
{"name":"ModelAdvance", "ph":"E", "ts":"2355744036", "pid":"1", "tid":"mom"},
{"name":"ModelSetRunClock", "ph":"B", "ts":"2357955213", "pid":"1", "tid":"mom"},
{"name":"ModelSetRunClock", "ph":"E", "ts":"2357955313", "pid":"1", "tid":"mom"},
{"name":"ModelAdvance", "ph":"B", "ts":"2357955518", "pid":"1", "tid":"mom"},
{"name":"ModelAdvance", "ph":"E", "ts":"2363133051", "pid":"1", "tid":"mom"},
{"name":"ModelSetRunClock", "ph":"B", "ts":"2367513292", "pid":"1", "tid":"mom"},
{"name":"ModelSetRunClock", "ph":"E", "ts":"2367513395", "pid":"1", "tid":"mom"},
{"name":"ModelAdvance", "ph":"B", "ts":"2367513601", "pid":"1", "tid":"mom"},
{"name":"ModelAdvance", "ph":"E", "ts":"2372775449", "pid":"1", "tid":"mom"},
{"name":"ModelSetRunClock", "ph":"B", "ts":"2374864688", "pid":"1", "tid":"mom"},
{"name":"ModelSetRunClock", "ph":"E", "ts":"2374864758", "pid":"1", "tid":"mom"},
{"name":"ModelAdvance", "ph":"B", "ts":"2374864927", "pid":"1", "tid":"mom"},
{"name":"ModelAdvance", "ph":"E", "ts":"2380042624", "pid":"1", "tid":"mom"},
{"name":"ModelSetRunClock", "ph":"B", "ts":"2382906559", "pid":"1", "tid":"mom"},
{"name":"ModelSetRunClock", "ph":"E", "ts":"2382906650", "pid":"1", "tid":"mom"},
{"name":"ModelAdvance", "ph":"B", "ts":"2382907018", "pid":"1", "tid":"mom"},
{"name":"ModelAdvance", "ph":"E", "ts":"2388079624", "pid":"1", "tid":"mom"},
{"name":"ModelSetRunClock", "ph":"B", "ts":"2390241563", "pid":"1", "tid":"mom"},
{"name":"ModelSetRunClock", "ph":"E", "ts":"2390241634", "pid":"1", "tid":"mom"},
{"name":"ModelAdvance", "ph":"B", "ts":"2390241801", "pid":"1", "tid":"mom"},
{"name":"ModelAdvance", "ph":"E", "ts":"2395405806", "pid":"1", "tid":"mom"},
{"name":"ModelSetRunClock", "ph":"B", "ts":"2398210647", "pid":"1", "tid":"mom"},
{"name":"ModelSetRunClock", "ph":"E", "ts":"2398210718", "pid":"1", "tid":"mom"},
{"name":"ModelAdvance", "ph":"B", "ts":"2398210882", "pid":"1", "tid":"mom"},
{"name":"ModelAdvance", "ph":"E", "ts":"2403388922", "pid":"1", "tid":"mom"},
{"name":"ModelSetRunClock", "ph":"B", "ts":"2405575960", "pid":"1", "tid":"mom"},
{"name":"ModelSetRunClock", "ph":"E", "ts":"2405576045", "pid":"1", "tid":"mom"},
{"name":"ModelAdvance", "ph":"B", "ts":"2405576238", "pid":"1", "tid":"mom"},
{"name":"ModelAdvance", "ph":"E", "ts":"2410757076", "pid":"1", "tid":"mom"},
{"name":"ModelSetRunClock", "ph":"B", "ts":"2413694777", "pid":"1", "tid":"mom"},
{"name":"ModelSetRunClock", "ph":"E", "ts":"2413694843", "pid":"1", "tid":"mom"},
{"name":"ModelAdvance", "ph":"B", "ts":"2413695004", "pid":"1", "tid":"mom"},
{"name":"ModelAdvance", "ph":"E", "ts":"2418949005", "pid":"1", "tid":"mom"},
{"name":"ModelSetRunClock", "ph":"B", "ts":"2421178708", "pid":"1", "tid":"mom"},
{"name":"ModelSetRunClock", "ph":"E", "ts":"2421178777", "pid":"1", "tid":"mom"},
{"name":"ModelAdvance", "ph":"B", "ts":"2421178942", "pid":"1", "tid":"mom"},
{"name":"ModelAdvance", "ph":"E", "ts":"2426365255", "pid":"1", "tid":"mom"},
{"name":"ModelSetRunClock", "ph":"B", "ts":"2429277790", "pid":"1", "tid":"mom"},
{"name":"ModelSetRunClock", "ph":"E", "ts":"2429277889", "pid":"1", "tid":"mom"},
{"name":"ModelAdvance", "ph":"B", "ts":"2429278098", "pid":"1", "tid":"mom"},
{"name":"ModelAdvance", "ph":"E", "ts":"2434450678", "pid":"1", "tid":"mom"},
{"name":"ModelSetRunClock", "ph":"B", "ts":"2436574211", "pid":"1", "tid":"mom"},
{"name":"ModelSetRunClock", "ph":"E", "ts":"2436574291", "pid":"1", "tid":"mom"},
{"name":"ModelAdvance", "ph":"B", "ts":"2436574465", "pid":"1", "tid":"mom"},
{"name":"ModelAdvance", "ph":"E", "ts":"2441759460", "pid":"1", "tid":"mom"},
{"name":"ModelSetRunClock", "ph":"B", "ts":"2444556241", "pid":"1", "tid":"mom"},
{"name":"ModelSetRunClock", "ph":"E", "ts":"2444556322", "pid":"1", "tid":"mom"},
{"name":"ModelAdvance", "ph":"B", "ts":"2444556504", "pid":"1", "tid":"mom"},
{"name":"ModelAdvance", "ph":"E", "ts":"2449741608", "pid":"1", "tid":"mom"},
{"name":"ModelSetRunClock", "ph":"B", "ts":"2451869174", "pid":"1", "tid":"mom"},
{"name":"ModelSetRunClock", "ph":"E", "ts":"2451869251", "pid":"1", "tid":"mom"},
{"name":"ModelAdvance", "ph":"B", "ts":"2451869432", "pid":"1", "tid":"mom"},
{"name":"ModelAdvance", "ph":"E", "ts":"2457074431", "pid":"1", "tid":"mom"},
{"name":"ModelSetRunClock", "ph":"B", "ts":"2459819180", "pid":"1", "tid":"mom"},
{"name":"ModelSetRunClock", "ph":"E", "ts":"2459819265", "pid":"1", "tid":"mom"},
{"name":"ModelAdvance", "ph":"B", "ts":"2459819454", "pid":"1", "tid":"mom"},
{"name":"ModelAdvance", "ph":"E", "ts":"2465101264", "pid":"1", "tid":"mom"},
{"name":"ModelSetRunClock", "ph":"B", "ts":"2467146814", "pid":"1", "tid":"mom"},
{"name":"ModelSetRunClock", "ph":"E", "ts":"2467146878", "pid":"1", "tid":"mom"},
{"name":"ModelAdvance", "ph":"B", "ts":"2467147039", "pid":"1", "tid":"mom"},
{"name":"ModelAdvance", "ph":"E", "ts":"2472334911", "pid":"1", "tid":"mom"},
{"name":"ModelSetRunClock", "ph":"B", "ts":"2475090537", "pid":"1", "tid":"mom"},
{"name":"ModelSetRunClock", "ph":"E", "ts":"2475090608", "pid":"1", "tid":"mom"},
{"name":"ModelAdvance", "ph":"B", "ts":"2475090766", "pid":"1", "tid":"mom"},
{"name":"ModelAdvance", "ph":"E", "ts":"2480277386", "pid":"1", "tid":"mom"},
{"name":"ModelSetRunClock", "ph":"B", "ts":"2482393604", "pid":"1", "tid":"mom"},
{"name":"ModelSetRunClock", "ph":"E", "ts":"2482393670", "pid":"1", "tid":"mom"},
{"name":"ModelAdvance", "ph":"B", "ts":"2482393987", "pid":"1", "tid":"mom"},
{"name":"ModelAdvance", "ph":"E", "ts":"2487571371", "pid":"1", "tid":"mom"},
{"name":"ModelSetRunClock", "ph":"B", "ts":"2490278273", "pid":"1", "tid":"mom"},
{"name":"ModelSetRunClock", "ph":"E", "ts":"2490278342", "pid":"1", "tid":"mom"},
{"name":"ModelAdvance", "ph":"B", "ts":"2490278503", "pid":"1", "tid":"mom"},
{"name":"ModelAdvance", "ph":"E", "ts":"2495450869", "pid":"1", "tid":"mom"},
{"name":"ModelSetRunClock", "ph":"B", "ts":"2497536897", "pid":"1", "tid":"mom"},
{"name":"ModelSetRunClock", "ph":"E", "ts":"2497536963", "pid":"1", "tid":"mom"},
{"name":"ModelAdvance", "ph":"B", "ts":"2497537114", "pid":"1", "tid":"mom"},
{"name":"ModelAdvance", "ph":"E", "ts":"2502718508", "pid":"1", "tid":"mom"},
{"name":"ModelSetRunClock", "ph":"B", "ts":"2505441149", "pid":"1", "tid":"mom"},
{"name":"ModelSetRunClock", "ph":"E", "ts":"2505441218", "pid":"1", "tid":"mom"},
{"name":"ModelAdvance", "ph":"B", "ts":"2505441384", "pid":"1", "tid":"mom"},
{"name":"ModelAdvance", "ph":"E", "ts":"2510673175", "pid":"1", "tid":"mom"},
{"name":"ModelSetRunClock", "ph":"B", "ts":"2512808731", "pid":"1", "tid":"mom"},
{"name":"ModelSetRunClock", "ph":"E", "ts":"2512808799", "pid":"1", "tid":"mom"},
{"name":"ModelAdvance", "ph":"B", "ts":"2512808959", "pid":"1", "tid":"mom"},
{"name":"ModelAdvance", "ph":"E", "ts":"2517985004", "pid":"1", "tid":"mom"},
{"name":"ModelSetRunClock", "ph":"B", "ts":"2520828273", "pid":"1", "tid":"mom"},
{"name":"ModelSetRunClock", "ph":"E", "ts":"2520828350", "pid":"1", "tid":"mom"},
{"name":"ModelAdvance", "ph":"B", "ts":"2520828531", "pid":"1", "tid":"mom"},
{"name":"ModelAdvance", "ph":"E", "ts":"2526018036", "pid":"1", "tid":"mom"},
{"name":"ModelSetRunClock", "ph":"B", "ts":"2528251393", "pid":"1", "tid":"mom"},
{"name":"ModelSetRunClock", "ph":"E", "ts":"2528251459", "pid":"1", "tid":"mom"},
{"name":"ModelAdvance", "ph":"B", "ts":"2528251618", "pid":"1", "tid":"mom"},
{"name":"ModelAdvance", "ph":"E", "ts":"2533446066", "pid":"1", "tid":"mom"},
{"name":"ModelSetRunClock", "ph":"B", "ts":"2536194016", "pid":"1", "tid":"mom"},
{"name":"ModelSetRunClock", "ph":"E", "ts":"2536194095", "pid":"1", "tid":"mom"},
{"name":"ModelAdvance", "ph":"B", "ts":"2536194276", "pid":"1", "tid":"mom"},
{"name":"ModelAdvance", "ph":"E", "ts":"2541396745", "pid":"1", "tid":"mom"},
{"name":"ModelSetRunClock", "ph":"B", "ts":"2543558528", "pid":"1", "tid":"mom"},
{"name":"ModelSetRunClock", "ph":"E", "ts":"2543558600", "pid":"1", "tid":"mom"},
{"name":"ModelAdvance", "ph":"B", "ts":"2543558768", "pid":"1", "tid":"mom"},
{"name":"ModelAdvance", "ph":"E", "ts":"2548773755", "pid":"1", "tid":"mom"},
{"name":"ModelSetRunClock", "ph":"B", "ts":"2551603170", "pid":"1", "tid":"mom"},
{"name":"ModelSetRunClock", "ph":"E", "ts":"2551603273", "pid":"1", "tid":"mom"},
{"name":"ModelAdvance", "ph":"B", "ts":"2551603481", "pid":"1", "tid":"mom"},
{"name":"ModelAdvance", "ph":"E", "ts":"2556885178", "pid":"1", "tid":"mom"},
{"name":"ModelSetRunClock", "ph":"B", "ts":"2559058659", "pid":"1", "tid":"mom"},
{"name":"ModelSetRunClock", "ph":"E", "ts":"2559058749", "pid":"1", "tid":"mom"},
{"name":"ModelAdvance", "ph":"B", "ts":"2559058943", "pid":"1", "tid":"mom"},
{"name":"ModelAdvance", "ph":"E", "ts":"2564251261", "pid":"1", "tid":"mom"},
{"name":"ModelSetRunClock", "ph":"B", "ts":"2567100363", "pid":"1", "tid":"mom"},
{"name":"ModelSetRunClock", "ph":"E", "ts":"2567100467", "pid":"1", "tid":"mom"},
{"name":"ModelAdvance", "ph":"B", "ts":"2567100676", "pid":"1", "tid":"mom"},
{"name":"ModelAdvance", "ph":"E", "ts":"2572280774", "pid":"1", "tid":"mom"},
{"name":"ModelSetRunClock", "ph":"B", "ts":"2574459599", "pid":"1", "tid":"mom"},
{"name":"ModelSetRunClock", "ph":"E", "ts":"2574459710", "pid":"1", "tid":"mom"},
{"name":"ModelAdvance", "ph":"B", "ts":"2574459947", "pid":"1", "tid":"mom"},
{"name":"ModelAdvance", "ph":"E", "ts":"2579620904", "pid":"1", "tid":"mom"},
{"name":"ModelSetRunClock", "ph":"B", "ts":"2582498674", "pid":"1", "tid":"mom"},
{"name":"ModelSetRunClock", "ph":"E", "ts":"2582498865", "pid":"1", "tid":"mom"},
{"name":"ModelAdvance", "ph":"B", "ts":"2582499027", "pid":"1", "tid":"mom"},
{"name":"ModelAdvance", "ph":"E", "ts":"2587659556", "pid":"1", "tid":"mom"},
{"name":"ModelSetRunClock", "ph":"B", "ts":"2589867968", "pid":"1", "tid":"mom"},
{"name":"ModelSetRunClock", "ph":"E", "ts":"2589868055", "pid":"1", "tid":"mom"},
{"name":"ModelAdvance", "ph":"B", "ts":"2589868241", "pid":"1", "tid":"mom"},
{"name":"ModelAdvance", "ph":"E", "ts":"2595033425", "pid":"1", "tid":"mom"},
{"name":"ModelSetRunClock", "ph":"B", "ts":"2597907016", "pid":"1", "tid":"mom"},
{"name":"ModelSetRunClock", "ph":"E", "ts":"2597907085", "pid":"1", "tid":"mom"},
{"name":"ModelAdvance", "ph":"B", "ts":"2597907283", "pid":"1", "tid":"mom"},
{"name":"ModelAdvance", "ph":"E", "ts":"2603141170", "pid":"1", "tid":"mom"},
{"name":"ModelFinalize", "ph":"B", "ts":"2603147203", "pid":"1", "tid":"mom"},
{"name":"ModelFinalize", "ph":"E", "ts":"2603327646", "pid":"1", "tid":"mom"},
