********
IMPORTANT: Large deviations between Connector times on different PETs
are typically indicators of load imbalance in the system. The following
Connectors in this profile may indicate a load imbalance:
	 - [MED-TO-WAV] RunPhase1
	 - [MED-TO-ATM] RunPhase1
	 - [MED-TO-OCN] RunPhase1
	 - [MED-TO-ICE] RunPhase1
********

Region                                                                  PETs   PEs    Count    Mean (s)    Min (s)     Min PET Max (s)     Max PET
  [ESMF]                                                                53760  53760  1        1130.3194   396.0394    53746   1132.1952   18725  
    [UFS Driver Grid Comp] RunPhase1                                    53760  53760  1        733.4268    0.4601      53746   735.3417    7198   
      [ATM] RunPhase1                                                   49152  49152  1080     706.3686    678.7887    45008   734.2560    21153  
        [ufsatm_fcst] RunPhase1                                         12288  49152  1080     462.2480    418.9455    7548    542.3919    38992  
        [ufsatm_fcst] phase1                                            12288  49152  1080     216.6884    136.4992    38992   259.9146    7548   
      [WAV] RunPhase1                                                   4000   4000   90       466.8270    430.9746    53515   560.7858    51931  
      [MED-TO-WAV] RunPhase1                                            23200  23200  90       45.8995     0.0087      2433    301.6062    53515  
      [MED-TO-ATM] RunPhase1                                            49152  49152  1080     8.9110      0.1607      31669   55.0711     32272  
      [ICE] RunPhase1                                                   240    240    1080     555.7933    502.6328    49512   613.5809    49599  
      [OCN] RunPhase1                                                   240    240    90       471.3620    471.1120    49198   471.6911    49298  
      [MED] med_phases_post_ice                                         4800   19200  1080     15.8493     4.5746      6932    23.9508     976    
        MED:(med_phases_post_ice)                                       4800   19200  1080     15.7413     4.4630      6932    23.8451     976    
          MED: (med_fraction_set)                                       4800   19200  1080     15.0404     3.8455      6932    22.9116     568    
            MED: (med_fraction_set) fbfrac(compocn)                     4800   19200  1080     11.9288     1.4119      10900   22.3100     880    
            MED: (med_fraction_set) fbfrac(compatm)                     4800   19200  1080     3.0992      0.2231      4984    7.7216      19116  
          MED:(med_phases_post_ice) map_ice2ocn                         4800   19200  1080     0.3556      0.1579      2900    0.8014      4828   
            MED: (med_map_mod:med_map_field_packed)                     4800   19200  1080     0.3546      0.1570      2900    0.8003      4828   
              MED: (med_map_mod:med_map_field_packed) map               4800   19200  1080     0.2677      0.0704      2900    0.7098      4828   
              MED: (med_map_mod:med_map_field_packed) copy from src     4800   19200  1080     0.0134      0.0120      16708   0.0209      9088   
              MED: (med_map_mod:med_map_field_packed) copy to dest      4800   19200  1080     0.0125      0.0113      5696    0.0226      11392  
          MED:(med_phases_post_ice) map_ice2wav                         4800   19200  1080     0.3358      0.1087      8600    0.6528      4548   
            MED: (med_map_mod:med_map_field_packed)                     4800   19200  1080     0.3349      0.1077      8600    0.6519      4548   
              MED: (med_map_mod:med_map_field_packed) map               4800   19200  1080     0.2825      0.0552      8600    0.5993      4548   
              MED: (med_map_mod:med_map_field_packed) copy from src     4800   19200  1080     0.0022      0.0018      15912   0.0041      17920  
              MED: (med_map_mod:med_map_field_packed) copy to dest      4800   19200  1080     0.0020      0.0017      11104   0.0035      14208  
          MED:(med_phases_history_write_comp_aux)                       4800   19200  1080     0.0006      0.0005      13076   0.0015      2752   
          MED:(med_phases_history_write_inst_comp)                      4800   19200  1080     0.0005      0.0004      4716    0.0015      7680   
          MED:(med_phases_history_write_comp_avg)                       4800   19200  1080     0.0004      0.0004      15144   0.0013      9472   
      [MED-TO-OCN] RunPhase1                                            19440  19440  90       3.2387      0.0110      12163   261.6553    49241  
      [MED] med_phases_post_atm                                         4800   19200  1080     10.3648     5.2551      2664    12.4660     13848  
        MED:(med_phases_post_atm)                                       4800   19200  1080     10.2182     5.1068      2664    12.3239     13848  
          MED:(med_phases_post_atm) map_atm2ocn                         4800   19200  1080     6.4301      0.5748      2508    10.3809     10404  
            MED: (med_map_mod:med_map_field_packed)                     4800   19200  1080     6.4275      0.5729      2508    10.3787     10404  
              MED: (med_map_mod:med_map_field_packed) map               4800   19200  3240     5.1536      0.1111      2508    9.1611      10404  
              MED: (med_map_mod:med_map_field_packed) copy from src     4800   19200  3240     0.0812      0.0580      15644   0.1380      256    
              MED: (med_map_mod:med_map_field_packed) copy to dest      4800   19200  3240     0.0297      0.0248      11352   0.0438      17920  
          MED:(med_phases_post_atm) map_atm2ice                         4800   19200  1080     2.4289      0.3480      2412    10.2789     15924  
            MED: (med_map_mod:med_map_field_packed)                     4800   19200  1080     2.4277      0.3470      2412    10.2777     15924  
              MED: (med_map_mod:med_map_field_packed) map               4800   19200  2160     1.7271      0.0434      2412    9.6247      15924  
              MED: (med_map_mod:med_map_field_packed) copy from src     4800   19200  2160     0.0323      0.0219      14588   0.0583      16640  
              MED: (med_map_mod:med_map_field_packed) copy to dest      4800   19200  2160     0.0160      0.0138      8492    0.0269      17920  
          MED:(med_phases_post_atm) map_atm2wav                         4800   19200  1080     1.3447      0.2635      5244    9.7054      17524  
            MED: (med_map_mod:med_map_field_packed)                     4800   19200  1080     1.3437      0.2624      5244    9.7044      17524  
              MED: (med_map_mod:med_map_field_packed) map               4800   19200  1080     1.2808      0.2017      5244    9.6426      17524  
              MED: (med_map_mod:med_map_field_packed) copy from src     4800   19200  1080     0.0075      0.0050      7920    0.0158      16256  
              MED: (med_map_mod:med_map_field_packed) copy to dest      4800   19200  1080     0.0049      0.0041      8016    0.0081      16128  
          MED:(med_phases_history_write_comp_aux)                       4800   19200  1080     0.0012      0.0009      2564    0.0022      16032  
          MED:(med_phases_history_write_inst_comp)                      4800   19200  1080     0.0007      0.0005      9540    0.0017      18356  
          MED:(med_phases_history_write_comp_avg)                       4800   19200  1080     0.0006      0.0005      7524    0.0016      1820   
      [ATM-TO-MED] RunPhase1                                            49152  49152  1080     0.9788      0.2366      20255   11.0260     1176   
      [MED-TO-ICE] RunPhase1                                            19440  19440  1080     2.3498      0.1472      5378    230.7122    49512  
      [ICE-TO-MED] RunPhase1                                            19440  19440  1080     2.2962      0.1762      2375    19.8038     6932   
      [MED] med_phases_prep_atm                                         4800   19200  1080     3.1707      2.5316      3940    4.0935      16060  
        MED:(med_phases_prep_atm)                                       4800   19200  1080     3.0716      2.4325      3940    3.9920      16060  
          MED: (med_map_mod:med_map_field_packed)                       4800   19200  2160     2.8988      2.2486      3940    3.7916      16060  
            MED: (med_map_mod:med_map_field_packed) map                 4800   19200  2160     2.7109      2.0363      3940    3.5750      16060  
            MED: (med_map_mod:med_map_field_packed) copy to dest        4800   19200  2160     0.0471      0.0333      9076    0.1059      7296   
            MED: (med_map_mod:med_map_field_packed) copy from src       4800   19200  2160     0.0205      0.0191      6472    0.0273      13184  
          MED: (module_med_merge_mod: med_merge_auto)                   4800   19200  1080     0.1590      0.1384      6256    0.2237      10624  
      [MED] med_phases_prep_ocn_accum                                   4800   19200  1080     0.8585      0.8407      5496    0.9341      8832   
        MED:(med_phases_prep_ocn_accum)                                 4800   19200  1080     0.7699      0.7528      5496    0.8419      8832   
          MED:(med_phases_prep_ocn_custom)                              4800   19200  1080     0.2539      0.2476      1524    0.2714      8832   
          MED: (module_med_merge_mod: med_merge_auto)                   4800   19200  1080     0.1074      0.1029      5496    0.1343      6912   
      [MED] med_phases_post_wav                                         4800   19200  90       0.8464      0.0645      2512    1.2950      9152   
        MED:(med_phases_post_wav)                                       4800   19200  90       0.8381      0.0563      2512    1.2867      9152   
          MED: (med_map_mod:med_map_field_packed)                       4800   19200  270      0.8373      0.0556      2512    1.2859      9152   
            MED: (med_map_mod:med_map_field_packed) map                 4800   19200  180      0.8282      0.0469      2512    1.2768      9152   
            MED: (med_map_mod:med_map_field_packed) copy from src       4800   19200  180      0.0008      0.0007      5808    0.0017      15196  
            MED: (med_map_mod:med_map_field_packed) copy to dest        4800   19200  180      0.0005      0.0004      8016    0.0014      16828  
          MED:(med_phases_history_write_comp_aux)                       4800   19200  90       0.0001      0.0001      6092    0.0009      1148   
          MED:(med_phases_history_write_inst_comp)                      4800   19200  90       0.0001      0.0000      14616   0.0009      9100   
          MED:(med_phases_history_write_comp_avg)                       4800   19200  90       0.0000      0.0000      11068   0.0002      13536  
      [MED] med_phases_post_ocn                                         4800   19200  90       0.6842      0.0818      11500   1.5977      1680   
        MED:(med_phases_post_ocn)                                       4800   19200  90       0.6759      0.0735      11500   1.5893      1680   
          MED:(med_phases_post_ocn) map_ocn2wav                         4800   19200  90       0.3417      0.0220      16760   1.4064      14300  
            MED: (med_map_mod:med_map_field_packed)                     4800   19200  90       0.3416      0.0219      16760   1.4063      14300  
              MED: (med_map_mod:med_map_field_packed) map               4800   19200  90       0.3376      0.0180      16760   1.4023      14300  
              MED: (med_map_mod:med_map_field_packed) copy from src     4800   19200  90       0.0003      0.0003      11228   0.0012      13432  
              MED: (med_map_mod:med_map_field_packed) copy to dest      4800   19200  90       0.0002      0.0002      9320    0.0011      3664   
          MED:(med_phases_post_ocn) map_ocn2ice                         4800   19200  90       0.3334      0.0223      14544   1.5388      15052  
            MED: (med_map_mod:med_map_field_packed)                     4800   19200  90       0.3333      0.0222      14544   1.5387      15052  
              MED: (med_map_mod:med_map_field_packed) map               4800   19200  90       0.3273      0.0162      14544   1.5329      15052  
              MED: (med_map_mod:med_map_field_packed) copy from src     4800   19200  90       0.0009      0.0008      11760   0.0020      6296   
              MED: (med_map_mod:med_map_field_packed) copy to dest      4800   19200  90       0.0009      0.0008      15264   0.0018      17044  
          MED:(med_phases_history_write_comp_aux)                       4800   19200  90       0.0001      0.0001      7684    0.0010      9000   
          MED:(med_phases_history_write_inst_comp)                      4800   19200  90       0.0001      0.0001      6724    0.0009      10812  
          MED:(med_phases_history_write_comp_avg)                       4800   19200  90       0.0000      0.0000      18276   0.0002      5248   
      [MED] med_phases_prep_wav_accum                                   4800   19200  1080     0.3008      0.2937      11740   0.3275      0      
        MED:(med_phases_prep_wav_accum)                                 4800   19200  1080     0.2101      0.2046      7292    0.2310      8832   
          MED: (module_med_merge_mod: med_merge_auto)                   4800   19200  1080     0.0415      0.0393      5624    0.0523      7296   
      [MED] med_phases_prep_ice                                         4800   19200  1080     0.2099      0.1992      5820    0.2477      14720  
        MED:(med_phases_prep_ice)                                       4800   19200  1080     0.1129      0.1033      5820    0.1485      14720  
          MED: (module_med_merge_mod: med_merge_auto)                   4800   19200  1080     0.1111      0.1015      5820    0.1462      14720  
      [WAV-TO-MED] RunPhase1                                            23200  23200  90       0.0376      0.0072      6274    1.4883      11012  
      [MED] med_phases_ocnalb_run                                       4800   19200  1080     0.1589      0.1452      18028   0.1873      0      
        MED:(med_phases_ocnalb_run)                                     4800   19200  1080     0.0595      0.0472      18868   0.0742      1924   
      [MED] med_phases_prep_ocn_avg                                     4800   19200  90       0.0727      0.0713      1232    0.0770      3388   
        MED:(med_phases_prep_ocn_avg)                                   4800   19200  90       0.0647      0.0635      1232    0.0690      3388   
      [OCN-TO-MED] RunPhase1                                            19440  19440  90       0.0124      0.0099      1666    0.2051      49261  
      [MED] med_phases_prep_wav_avg                                     4800   19200  90       0.0352      0.0346      5840    0.0384      3376   
        MED:(med_phases_prep_wav_avg)                                   4800   19200  90       0.0274      0.0269      7524    0.0304      10132  
      [MED] med_phases_restart_write                                    4800   19200  90       0.0187      0.0172      11364   0.0256      12488  
        MED:(med_phases_restart_write)                                  4800   19200  90       0.0110      0.0096      2316    0.0179      12488  
    [UFS Driver Grid Comp] Init 1                                       53760  53760  1        383.7252    383.7065    33234   383.7411    96     
      [ATM] IPDvXp01                                                    49152  49152  1        225.2801    225.1926    13451   225.3316    42811  
        [ufsatm_fcst] Init 1                                            12288  49152  1        221.6315    221.5924    30120   221.6454    42368  
        [ufsatm_fcst] Init 2                                            12288  49152  1        0.0420      0.0407      40136   0.0613      42808  
          [global] Init 3                                               12288  49152  1        0.0420      0.0407      40136   0.0613      42808  
      [WAV] IPDv01p1                                                    4000   4000   1        96.1100     95.7906     49636   97.2972     53421  
      [ATM-TO-MED] IPDv05p5                                             49152  49152  1        5.9289      3.3635      16190   7.5780      38947  
      [MED] IPDv03p7                                                    4800   19200  2        48.8811     48.6693     11652   49.1176     8400   
        MED: (med_map_mod: RouteHandles_init)                           4800   19200  1        26.1793     26.1766     17280   26.1810     11684  
        MED:(med_phases_restart_read)                                   4800   19200  1        18.0863     18.0853     10404   18.0873     12776  
        MED: (med_fraction_init)                                        4800   19200  1        4.2351      4.0310      15904   4.4697      8400   
          MED: (med_map_mod:med_map_routehandles_initfrom_fieldbundle)  4800   19200  2        4.2332      4.0291      17836   4.4674      8400   
        MED:(med_phases_post_atm)                                       4800   19200  1        0.2617      0.2113      4880    0.2702      16972  
          MED:(med_phases_post_atm) map_atm2ocn                         4800   19200  1        0.1186      0.0006      2492    0.1885      13224  
            MED: (med_map_mod:med_map_field_packed)                     4800   19200  1        0.1186      0.0006      2492    0.1885      13224  
              MED: (med_map_mod:med_map_field_packed) map               4800   19200  3        0.0949      0.0001      2480    0.1609      4448   
              MED: (med_map_mod:med_map_field_packed) copy from src     4800   19200  3        0.0001      0.0000      5488    0.0002      13440  
              MED: (med_map_mod:med_map_field_packed) copy to dest      4800   19200  3        0.0000      0.0000      2628    0.0000      16020  
          MED:(med_phases_post_atm) map_atm2ice                         4800   19200  1        0.0875      0.0003      2640    0.2516      2512   
            MED: (med_map_mod:med_map_field_packed)                     4800   19200  1        0.0875      0.0003      2640    0.2516      2512   
              MED: (med_map_mod:med_map_field_packed) map               4800   19200  2        0.0618      0.0000      2640    0.2502      2516   
              MED: (med_map_mod:med_map_field_packed) copy from src     4800   19200  2        0.0000      0.0000      2416    0.0002      10472  
              MED: (med_map_mod:med_map_field_packed) copy to dest      4800   19200  2        0.0000      0.0000      2532    0.0000      17152  
          MED:(med_phases_post_atm) map_atm2wav                         4800   19200  1        0.0556      0.0001      2732    0.2614      2492   
            MED: (med_map_mod:med_map_field_packed)                     4800   19200  1        0.0556      0.0001      2732    0.2614      2492   
              MED: (med_map_mod:med_map_field_packed) map               4800   19200  1        0.0556      0.0001      2732    0.2614      2492   
              MED: (med_map_mod:med_map_field_packed) copy from src     4800   19200  1        0.0000      0.0000      2092    0.0000      10880  
              MED: (med_map_mod:med_map_field_packed) copy to dest      4800   19200  1        0.0000      0.0000      7368    0.0000      9744   
        MED:(med_phases_post_ice)                                       4800   19200  1        0.0266      0.0127      7540    0.0763      16168  
          MED:(med_phases_post_ice) map_ice2ocn                         4800   19200  1        0.0136      0.0008      16000   0.0355      13872  
            MED: (med_map_mod:med_map_field_packed)                     4800   19200  1        0.0136      0.0008      16000   0.0355      13872  
              MED: (med_map_mod:med_map_field_packed) map               4800   19200  1        0.0135      0.0007      16000   0.0354      13872  
              MED: (med_map_mod:med_map_field_packed) copy from src     4800   19200  1        0.0000      0.0000      2480    0.0000      9088   
              MED: (med_map_mod:med_map_field_packed) copy to dest      4800   19200  1        0.0000      0.0000      16132   0.0000      14208  
          MED: (med_fraction_set)                                       4800   19200  1        0.0088      0.0002      14512   0.0594      9152   
            MED: (med_fraction_set) fbfrac(compocn)                     4800   19200  1        0.0080      0.0000      3124    0.0583      9152   
            MED: (med_fraction_set) fbfrac(compatm)                     4800   19200  1        0.0008      0.0000      15032   0.0023      9480   
          MED:(med_phases_post_ice) map_ice2wav                         4800   19200  1        0.0042      0.0001      8948    0.0345      16000  
            MED: (med_map_mod:med_map_field_packed)                     4800   19200  1        0.0042      0.0001      2244    0.0345      16000  
              MED: (med_map_mod:med_map_field_packed) map               4800   19200  1        0.0041      0.0000      10688   0.0344      16000  
              MED: (med_map_mod:med_map_field_packed) copy from src     4800   19200  1        0.0000      0.0000      15704   0.0000      19160  
              MED: (med_map_mod:med_map_field_packed) copy to dest      4800   19200  1        0.0000      0.0000      6308    0.0000      1164   
        MED:(med_phases_post_ocn)                                       4800   19200  1        0.0167      0.0002      13908   0.0297      5356   
          MED:(med_phases_post_ocn) map_ocn2ice                         4800   19200  1        0.0090      0.0001      8584    0.0269      17156  
            MED: (med_map_mod:med_map_field_packed)                     4800   19200  1        0.0090      0.0001      8584    0.0269      17156  
              MED: (med_map_mod:med_map_field_packed) map               4800   19200  1        0.0090      0.0000      15796   0.0269      17156  
              MED: (med_map_mod:med_map_field_packed) copy to dest      4800   19200  1        0.0000      0.0000      11580   0.0000      3816   
              MED: (med_map_mod:med_map_field_packed) copy from src     4800   19200  1        0.0000      0.0000      2008    0.0000      8668   
          MED:(med_phases_post_ocn) map_ocn2wav                         4800   19200  1        0.0077      0.0001      1424    0.0274      5968   
            MED: (med_map_mod:med_map_field_packed)                     4800   19200  1        0.0077      0.0001      1424    0.0274      5968   
              MED: (med_map_mod:med_map_field_packed) map               4800   19200  1        0.0076      0.0000      15372   0.0274      5968   
              MED: (med_map_mod:med_map_field_packed) copy to dest      4800   19200  1        0.0000      0.0000      11612   0.0000      136    
              MED: (med_map_mod:med_map_field_packed) copy from src     4800   19200  1        0.0000      0.0000      1852    0.0000      3792   
        MED:(med_phases_post_wav)                                       4800   19200  1        0.0117      0.0002      2404    0.0252      3344   
          MED: (med_map_mod:med_map_field_packed)                       4800   19200  3        0.0117      0.0002      2404    0.0252      3344   
            MED: (med_map_mod:med_map_field_packed) map                 4800   19200  2        0.0116      0.0001      2404    0.0251      3344   
            MED: (med_map_mod:med_map_field_packed) copy from src       4800   19200  2        0.0000      0.0000      2800    0.0000      13396  
            MED: (med_map_mod:med_map_field_packed) copy to dest        4800   19200  2        0.0000      0.0000      8872    0.0000      15648  
        MED: (med_fraction_set)                                         4800   19200  1        0.0013      0.0001      17112   0.0024      15992  
          MED: (med_fraction_set) fbfrac(compocn)                       4800   19200  1        0.0007      0.0000      17112   0.0017      14004  
          MED: (med_fraction_set) fbfrac(compatm)                       4800   19200  1        0.0006      0.0000      15304   0.0016      17252  
        MED:(med_phases_ocnalb_run)                                     4800   19200  1        0.0005      0.0003      14396   0.0014      12620  
          MED:(med_phases_ocnalb_init)                                  4800   19200  1        0.0004      0.0002      14388   0.0012      12620  
        MED:(med_phases_profile)                                        4800   19200  1        0.0001      0.0001      2508    0.0003      18208  
      [ATM-TO-MED] IPDv05p6b                                            49152  49152  1        3.6557      1.8498      1275    4.8137      19379  
      [MED-TO-ATM] IPDv05p5                                             49152  49152  1        3.3468      3.3433      43789   3.3591      35775  
      [MED-TO-ATM] IPDv05p6b                                            49152  49152  1        1.6151      1.1402      16363   1.9725      20872  
      [WAV] IPDv01p3                                                    4000   4000   1        13.8464     13.8451     50192   13.8478     51613  
      [WAV-TO-MED] IPDv05p5                                             23200  23200  1        2.1193      0.9085      11830   7.8431      50368  
      [MED-TO-WAV] IPDv05p5                                             23200  23200  1        2.0922      0.9454      18007   7.5552      52730  
      [ATM-TO-MED] IPDv05p6a                                            49152  49152  1        0.9541      0.4221      16392   1.2991      44832  
      [ATM-TO-MED] IPDv05p4                                             49152  49152  1        0.8644      0.4045      17583   1.1504      40860  
      [WAV-TO-MED] IPDv05p6b                                            23200  23200  1        1.8056      0.9823      5621    5.7535      52760  
      [ICE-TO-MED] IPDv05p5                                             19440  19440  1        1.9299      1.8523      1226    7.8700      49619  
      [OCN-TO-MED] IPDv05p5                                             19440  19440  1        1.7672      1.6902      17348   7.6262      49220  
      [MED-TO-OCN] IPDv05p5                                             19440  19440  1        1.6821      1.6386      4796    4.9889      49152  
      [MED-TO-ICE] IPDv05p5                                             19440  19440  1        1.6723      1.6022      14247   6.5998      49628  
      [OCN-TO-MED] IPDv05p6b                                            19440  19440  1        1.5545      1.5086      14270   5.1582      49350  
      [ICE-TO-MED] IPDv05p6b                                            19440  19440  1        1.4579      1.4087      12569   5.3263      49397  
      [MED-TO-WAV] IPDv05p6b                                            23200  23200  1        1.1663      0.5550      10410   4.1342      49635  
      [MED-TO-ICE] IPDv05p6b                                            19440  19440  1        1.2729      1.2403      6493    3.8445      49538  
      [MED-TO-ATM] IPDv05p3                                             49152  49152  1        0.4832      0.3024      250     0.5984      22024  
      [ATM-TO-MED] IPDv05p3                                             49152  49152  1        0.4816      0.2585      18369   0.6269      37678  
      [MED-TO-OCN] IPDv05p6b                                            19440  19440  1        1.1848      1.1633      5613    2.8520      49282  
      [MED-TO-ATM] IPDv05p6a                                            49152  49152  1        0.4569      0.3981      34056   0.4868      16377  
      [OCN] IPDv03p1                                                    240    240    1        93.5690     93.5680     49344   93.5699     49204  
      [ATM-TO-MED] IPDv05p1                                             49152  49152  1        0.3669      0.1568      8328    0.5051      46865  
      [ATM-TO-MED] IPDv05p2a                                            49152  49152  1        0.3424      0.1630      13956   0.4608      19200  
      [ATM-TO-MED] IPDv05p2b                                            49152  49152  1        0.3378      0.1653      8712    0.4543      26572  
      [MED-TO-ATM] IPDv05p2a                                            49152  49152  1        0.3334      0.1612      10240   0.4456      27295  
      [MED-TO-ATM] IPDv05p4                                             49152  49152  1        0.3296      0.3273      44023   0.3421      16946  
      [MED-TO-ATM] IPDv05p2b                                            49152  49152  1        0.3088      0.1461      5628    0.4169      21073  
      [MED-TO-WAV] IPDv05p4                                             23200  23200  1        0.4472      0.3094      17301   1.0673      50874  
      [MED] IPDv03p4                                                    4800   19200  1        2.1291      2.1187      2176    2.1353      4544   
      [WAV-TO-MED] IPDv05p6a                                            23200  23200  1        0.4280      0.2343      4404    1.2930      51741  
      [MED-TO-WAV] IPDv05p6a                                            23200  23200  1        0.4204      0.2520      6664    1.2107      53584  
      [WAV-TO-MED] IPDv05p4                                             23200  23200  1        0.4164      0.2727      14259   1.0761      53376  
      [MED-TO-ATM] IPDv05p1                                             49152  49152  1        0.1776      0.1638      48136   0.2465      16707  
      [ICE-TO-MED] IPDv05p6a                                            19440  19440  1        0.2734      0.2460      16684   1.2808      49464  
      [OCN-TO-MED] IPDv05p6a                                            19440  19440  1        0.2674      0.2417      18930   1.2569      49279  
      [MED-TO-OCN] IPDv05p6a                                            19440  19440  1        0.2670      0.2306      16377   0.7152      49241  
      [MED-TO-ICE] IPDv05p6a                                            19440  19440  1        0.2502      0.2381      19088   0.9552      49487  
      [MED-TO-WAV] IPDv05p3                                             23200  23200  1        0.1908      0.0886      254     0.6780      50824  
      [WAV-TO-MED] IPDv05p3                                             23200  23200  1        0.1905      0.0998      13289   0.6219      50192  
      [MED-TO-WAV] IPDv05p1                                             23200  23200  1        0.1759      0.0999      15936   0.5266      51980  
      [MED-TO-ICE] IPDv05p4                                             19440  19440  1        0.2059      0.1879      448     0.7360      49534  
      [ICE] IPDv01p3                                                    240    240    1        16.6466     16.6444     49394   16.6483     49444  
      [WAV-TO-MED] IPDv05p2b                                            23200  23200  1        0.1683      0.1061      163     0.4577      49760  
      [ICE-TO-MED] IPDv05p4                                             19440  19440  1        0.2000      0.1871      14407   1.1094      49504  
      [MED-TO-OCN] IPDv05p4                                             19440  19440  1        0.1982      0.1818      16946   0.5376      49279  
      [MED-TO-WAV] IPDv05p2a                                            23200  23200  1        0.1634      0.1013      12871   0.4511      53401  
      [WAV-TO-MED] IPDv05p1                                             23200  23200  1        0.1633      0.1038      962     0.4433      51387  
      [MED-TO-WAV] IPDv05p2b                                            23200  23200  1        0.1522      0.0928      13911   0.4306      52872  
      [OCN-TO-MED] IPDv05p4                                             19440  19440  1        0.1799      0.1615      18967   1.1196      49245  
      [ICE-TO-MED] IPDv05p3                                             19440  19440  1        0.1752      0.1689      12852   0.6108      49615  
      [WAV-TO-MED] IPDv05p2a                                            23200  23200  1        0.1468      0.0858      4556    0.4330      51839  
      [MED-TO-ICE] IPDv05p3                                             19440  19440  1        0.1509      0.1432      7680    0.6962      49547  
      [MED-TO-OCN] IPDv05p1                                             19440  19440  1        0.1498      0.0843      16707   0.3159      49206  
      [MED-TO-OCN] IPDv05p3                                             19440  19440  1        0.1371      0.1298      6001    0.6517      49288  
      [MED] IPDv03p5                                                    4800   19200  1        0.4825      0.4789      16808   0.4923      112    
      [ICE] IPDv01p1                                                    240    240    1        8.5895      8.5842      49395   8.5938      49630  
      [ICE-TO-MED] IPDv05p2b                                            19440  19440  1        0.1030      0.0922      4486    0.4437      49443  
      [ICE-TO-MED] IPDv05p1                                             19440  19440  1        0.1006      0.0935      17281   0.4425      49433  
      [MED-TO-ICE] IPDv05p2a                                            19440  19440  1        0.0978      0.0912      18147   0.4514      49547  
      [MED-TO-ICE] IPDv05p2b                                            19440  19440  1        0.0973      0.0909      7813    0.4167      49544  
      [OCN-TO-MED] IPDv05p3                                             19440  19440  1        0.0966      0.0881      10466   0.5840      49197  
      [MED-TO-OCN] IPDv05p2a                                            19440  19440  1        0.0947      0.0837      17681   0.4541      49375  
      [ICE-TO-MED] IPDv05p2a                                            19440  19440  1        0.0940      0.0882      9181    0.4490      49525  
      [MED-TO-OCN] IPDv05p2b                                            19440  19440  1        0.0913      0.0834      16331   0.4120      49160  
      [MED-TO-ICE] IPDv05p1                                             19440  19440  1        0.0903      0.0838      16056   0.4226      49592  
      [OCN-TO-MED] IPDv05p2a                                            19440  19440  1        0.0902      0.0833      16154   0.4523      49243  
      [OCN-TO-MED] IPDv05p1                                             19440  19440  1        0.0828      0.0759      16366   0.4316      49226  
      [OCN-TO-MED] IPDv05p2b                                            19440  19440  1        0.0824      0.0759      225     0.4390      49242  
      [OCN] IPDv03p3                                                    240    240    1        5.8477      5.8472      49302   5.8490      49158  
      [OCN-TO-MED] RunPhase1                                            19440  19440  1        0.0519      0.0001      18735   0.2894      49390  
      [ATM] IPDvXp04                                                    49152  49152  1        0.0074      0.0066      7610    0.0150      36857  
        [ufsatm_fcst] Init 3                                            12288  49152  1        0.0069      0.0063      1496    0.0129      36856  
          [global] Init 4                                               12288  49152  1        0.0069      0.0063      1496    0.0129      36856  
      [ICE-TO-MED] RunPhase1                                            19440  19440  1        0.0093      0.0001      2227    0.2019      76     
      [MED] IPDv03p1                                                    4800   19200  1        0.0344      0.0324      13448   0.0495      14280  
      [UFS Driver Grid Comp] IPDv04p2                                   53760  53760  1        0.0028      0.0001      53687   0.0074      266    
      [WAV-TO-MED] RunPhase1                                            23200  23200  1        0.0041      0.0001      9581    0.0343      49869  
      [ATM-TO-MED] RunPhase1                                            49152  49152  1        0.0009      0.0001      37230   0.0155      84     
      [UFS Driver Grid Comp] IPDv05p3                                   53760  53760  1        0.0005      0.0002      53686   0.0017      13648  
      [MED] IPDv03p3                                                    4800   19200  1        0.0049      0.0046      15652   0.0065      12676  
      [ATM] Init 0                                                      49152  49152  1        0.0004      0.0003      2044    0.0018      18549  
      [ATM] IPDvXp07                                                    49152  49152  1        0.0003      0.0002      2632    0.0016      9471   
      [WAV] IPDv01p5                                                    4000   4000   1        0.0041      0.0037      49655   0.0063      53507  
      [MED-TO-ATM] Init 0                                               49152  49152  1        0.0002      0.0001      106     0.0011      34657  
      [ATM-TO-MED] Init 0                                               49152  49152  1        0.0002      0.0001      21344   0.0012      35152  
      [ATM] IPDvXp08                                                    49152  49152  1        0.0002      0.0001      30920   0.0011      35191  
      [UFS Driver Grid Comp] IPDv05p1                                   53760  53760  1        0.0001      0.0000      5040    0.0040      41145  
      [MED-TO-WAV] Init 0                                               23200  23200  1        0.0002      0.0001      51584   0.0011      2590   
      [WAV-TO-MED] Init 0                                               23200  23200  1        0.0002      0.0001      50192   0.0012      1014   
      [UFS Driver Grid Comp] IPDv05p6                                   53760  53760  1        0.0001      0.0000      14836   0.0010      20894  
      [ICE-TO-MED] Init 0                                               19440  19440  1        0.0002      0.0001      10524   0.0012      141    
      [MED-TO-OCN] Init 0                                               19440  19440  1        0.0002      0.0001      49381   0.0011      3851   
      [MED-TO-ICE] Init 0                                               19440  19440  1        0.0002      0.0001      3881    0.0011      14995  
      [OCN-TO-MED] Init 0                                               19440  19440  1        0.0002      0.0001      16768   0.0011      9622   
      [UFS Driver Grid Comp] IPDv05p4                                   53760  53760  1        0.0001      0.0000      53652   0.0010      44259  
      [UFS Driver Grid Comp] IPDv05p2                                   53760  53760  1        0.0001      0.0000      53749   0.0010      44920  
      [UFS Driver Grid Comp] IPDv05p8                                   53760  53760  1        0.0001      0.0000      49396   0.0010      53163  
      [MED] IPDv03p6                                                    4800   19200  1        0.0006      0.0006      5680    0.0016      6916   
      [WAV] IPDv01p4                                                    4000   4000   1        0.0004      0.0002      49643   0.0011      51683  
      [MED] Init 0                                                      4800   19200  1        0.0002      0.0002      8032    0.0020      0      
      [WAV] Init 0                                                      4000   4000   1        0.0001      0.0001      49637   0.0009      49663  
      [OCN] IPDv03p7                                                    240    240    1        0.0014      0.0012      49184   0.0017      49213  
      [OCN] Init 0                                                      240    240    1        0.0006      0.0004      49218   0.0014      49189  
      [ICE] IPDv01p4                                                    240    240    1        0.0004      0.0003      49394   0.0024      49443  
      [OCN] IPDv03p6                                                    240    240    1        0.0004      0.0003      49200   0.0006      49176  
      [ICE] Init 0                                                      240    240    1        0.0001      0.0001      49588   0.0002      49426  
      [ICE] IPDv01p5                                                    240    240    1        0.0001      0.0001      49443   0.0002      49535  
    [UFS Driver Grid Comp] FinalizePhase1                               53760  53760  1        1.3120      0.0002      53732   2.2346      50027  
      [ATM] FinalizePhase1                                              49152  49152  1        1.2554      1.2322      7199    1.2917      43139  
        [ufsatm_fcst] FinalizePhase1                                    12288  49152  1        1.2537      1.2313      15148   1.2683      34068  
      [OCN] FinalizePhase1                                              240    240    1        0.0976      0.0969      49226   0.0980      49181  
      [MED-TO-ATM] FinalizePhase1                                       49152  49152  1        0.0002      0.0001      27352   0.0011      5748   
      [ATM-TO-MED] FinalizePhase1                                       49152  49152  1        0.0002      0.0001      26769   0.0009      27340  
      [MED-TO-WAV] FinalizePhase1                                       23200  23200  1        0.0002      0.0001      15708   0.0011      7920   
      [MED-TO-OCN] FinalizePhase1                                       19440  19440  1        0.0002      0.0001      3872    0.0010      14400  
      [MED-TO-ICE] FinalizePhase1                                       19440  19440  1        0.0002      0.0001      9840    0.0010      8492   
      [WAV-TO-MED] FinalizePhase1                                       23200  23200  1        0.0001      0.0001      10092   0.0010      53149  
      [ICE-TO-MED] FinalizePhase1                                       19440  19440  1        0.0002      0.0001      14672   0.0010      10180  
      [OCN-TO-MED] FinalizePhase1                                       19440  19440  1        0.0002      0.0001      7928    0.0004      16158  
      [MED] FinalizePhase1                                              4800   19200  1        0.0001      0.0000      6592    0.0002      0      
      [WAV] FinalizePhase1                                              4000   4000   1        0.0001      0.0001      51473   0.0001      50471  
      [ICE] FinalizePhase1                                              240    240    1        0.0001      0.0001      49440   0.0003      49511  
