{"name":"SetServices", "ph":"B", "ts":"555441594", "pid":"1", "tid":"mom"},
{"name":"SetServices", "ph":"E", "ts":"557741018", "pid":"1", "tid":"mom"},
{"name":"InitializeP0", "ph":"B", "ts":"558795856", "pid":"1", "tid":"mom"},
{"name":"InitializeP0", "ph":"E", "ts":"558796264", "pid":"1", "tid":"mom"},
{"name":"InitializeAdvertise", "ph":"B", "ts":"600201186", "pid":"1", "tid":"mom"},
{"name":"InitializeAdvertise", "ph":"E", "ts":"693770375", "pid":"1", "tid":"mom"},
{"name":"InitializeRealize", "ph":"B", "ts":"829275890", "pid":"1", "tid":"mom"},
{"name":"InitializeRealize", "ph":"E", "ts":"835124085", "pid":"1", "tid":"mom"},
{"name":"DataInitialize", "ph":"B", "ts":"876179692", "pid":"1", "tid":"mom"},
{"name":"DataInitialize", "ph":"E", "ts":"876181013", "pid":"1", "tid":"mom"},
{"name":"ModelSetRunClock", "ph":"B", "ts":"927807510", "pid":"1", "tid":"mom"},
{"name":"ModelSetRunClock", "ph":"E", "ts":"927816353", "pid":"1", "tid":"mom"},
{"name":"ModelAdvance", "ph":"B", "ts":"927816525", "pid":"1", "tid":"mom"},
{"name":"ModelAdvance", "ph":"E", "ts":"933830593", "pid":"1", "tid":"mom"},
{"name":"ModelSetRunClock", "ph":"B", "ts":"940979145", "pid":"1", "tid":"mom"},
{"name":"ModelSetRunClock", "ph":"E", "ts":"940979298", "pid":"1", "tid":"mom"},
{"name":"ModelAdvance", "ph":"B", "ts":"940979494", "pid":"1", "tid":"mom"},
{"name":"ModelAdvance", "ph":"E", "ts":"946374196", "pid":"1", "tid":"mom"},
{"name":"ModelSetRunClock", "ph":"B", "ts":"948351434", "pid":"1", "tid":"mom"},
{"name":"ModelSetRunClock", "ph":"E", "ts":"948351494", "pid":"1", "tid":"mom"},
{"name":"ModelAdvance", "ph":"B", "ts":"948351647", "pid":"1", "tid":"mom"},
{"name":"ModelAdvance", "ph":"E", "ts":"953730636", "pid":"1", "tid":"mom"},
{"name":"ModelSetRunClock", "ph":"B", "ts":"956309058", "pid":"1", "tid":"mom"},
{"name":"ModelSetRunClock", "ph":"E", "ts":"956309122", "pid":"1", "tid":"mom"},
{"name":"ModelAdvance", "ph":"B", "ts":"956309285", "pid":"1", "tid":"mom"},
{"name":"ModelAdvance", "ph":"E", "ts":"961687236", "pid":"1", "tid":"mom"},
{"name":"ModelSetRunClock", "ph":"B", "ts":"963602671", "pid":"1", "tid":"mom"},
{"name":"ModelSetRunClock", "ph":"E", "ts":"963602738", "pid":"1", "tid":"mom"},
{"name":"ModelAdvance", "ph":"B", "ts":"963602913", "pid":"1", "tid":"mom"},
{"name":"ModelAdvance", "ph":"E", "ts":"968962178", "pid":"1", "tid":"mom"},
{"name":"ModelSetRunClock", "ph":"B", "ts":"971624436", "pid":"1", "tid":"mom"},
{"name":"ModelSetRunClock", "ph":"E", "ts":"971624500", "pid":"1", "tid":"mom"},
{"name":"ModelAdvance", "ph":"B", "ts":"971624690", "pid":"1", "tid":"mom"},
{"name":"ModelAdvance", "ph":"E", "ts":"977062513", "pid":"1", "tid":"mom"},
{"name":"ModelSetRunClock", "ph":"B", "ts":"996193427", "pid":"1", "tid":"mom"},
{"name":"ModelSetRunClock", "ph":"E", "ts":"996193494", "pid":"1", "tid":"mom"},
{"name":"ModelAdvance", "ph":"B", "ts":"996193657", "pid":"1", "tid":"mom"},
{"name":"ModelAdvance", "ph":"E", "ts":"1001585748", "pid":"1", "tid":"mom"},
{"name":"ModelSetRunClock", "ph":"B", "ts":"1004218129", "pid":"1", "tid":"mom"},
{"name":"ModelSetRunClock", "ph":"E", "ts":"1004218204", "pid":"1", "tid":"mom"},
{"name":"ModelAdvance", "ph":"B", "ts":"1004218371", "pid":"1", "tid":"mom"},
{"name":"ModelAdvance", "ph":"E", "ts":"1009610164", "pid":"1", "tid":"mom"},
{"name":"ModelSetRunClock", "ph":"B", "ts":"1011543385", "pid":"1", "tid":"mom"},
{"name":"ModelSetRunClock", "ph":"E", "ts":"1011543470", "pid":"1", "tid":"mom"},
{"name":"ModelAdvance", "ph":"B", "ts":"1011543661", "pid":"1", "tid":"mom"},
{"name":"ModelAdvance", "ph":"E", "ts":"1016926900", "pid":"1", "tid":"mom"},
{"name":"ModelSetRunClock", "ph":"B", "ts":"1019507243", "pid":"1", "tid":"mom"},
{"name":"ModelSetRunClock", "ph":"E", "ts":"1019507306", "pid":"1", "tid":"mom"},
{"name":"ModelAdvance", "ph":"B", "ts":"1019507477", "pid":"1", "tid":"mom"},
{"name":"ModelAdvance", "ph":"E", "ts":"1024903625", "pid":"1", "tid":"mom"},
{"name":"ModelSetRunClock", "ph":"B", "ts":"1026976596", "pid":"1", "tid":"mom"},
{"name":"ModelSetRunClock", "ph":"E", "ts":"1026976690", "pid":"1", "tid":"mom"},
{"name":"ModelAdvance", "ph":"B", "ts":"1026977002", "pid":"1", "tid":"mom"},
{"name":"ModelAdvance", "ph":"E", "ts":"1032361009", "pid":"1", "tid":"mom"},
{"name":"ModelSetRunClock", "ph":"B", "ts":"1035062784", "pid":"1", "tid":"mom"},
{"name":"ModelSetRunClock", "ph":"E", "ts":"1035062860", "pid":"1", "tid":"mom"},
{"name":"ModelAdvance", "ph":"B", "ts":"1035063060", "pid":"1", "tid":"mom"},
{"name":"ModelAdvance", "ph":"E", "ts":"1040359949", "pid":"1", "tid":"mom"},
{"name":"ModelSetRunClock", "ph":"B", "ts":"1042391552", "pid":"1", "tid":"mom"},
{"name":"ModelSetRunClock", "ph":"E", "ts":"1042391624", "pid":"1", "tid":"mom"},
{"name":"ModelAdvance", "ph":"B", "ts":"1042391814", "pid":"1", "tid":"mom"},
{"name":"ModelAdvance", "ph":"E", "ts":"1047618860", "pid":"1", "tid":"mom"},
{"name":"ModelSetRunClock", "ph":"B", "ts":"1050350152", "pid":"1", "tid":"mom"},
{"name":"ModelSetRunClock", "ph":"E", "ts":"1050350214", "pid":"1", "tid":"mom"},
{"name":"ModelAdvance", "ph":"B", "ts":"1050350371", "pid":"1", "tid":"mom"},
{"name":"ModelAdvance", "ph":"E", "ts":"1055591232", "pid":"1", "tid":"mom"},
{"name":"ModelSetRunClock", "ph":"B", "ts":"1057738282", "pid":"1", "tid":"mom"},
{"name":"ModelSetRunClock", "ph":"E", "ts":"1057738370", "pid":"1", "tid":"mom"},
{"name":"ModelAdvance", "ph":"B", "ts":"1057738553", "pid":"1", "tid":"mom"},
{"name":"ModelAdvance", "ph":"E", "ts":"1063062375", "pid":"1", "tid":"mom"},
{"name":"ModelSetRunClock", "ph":"B", "ts":"1066021746", "pid":"1", "tid":"mom"},
{"name":"ModelSetRunClock", "ph":"E", "ts":"1066021809", "pid":"1", "tid":"mom"},
{"name":"ModelAdvance", "ph":"B", "ts":"1066021973", "pid":"1", "tid":"mom"},
{"name":"ModelAdvance", "ph":"E", "ts":"1071271241", "pid":"1", "tid":"mom"},
{"name":"ModelSetRunClock", "ph":"B", "ts":"1074397126", "pid":"1", "tid":"mom"},
{"name":"ModelSetRunClock", "ph":"E", "ts":"1074397202", "pid":"1", "tid":"mom"},
{"name":"ModelAdvance", "ph":"B", "ts":"1074397394", "pid":"1", "tid":"mom"},
{"name":"ModelAdvance", "ph":"E", "ts":"1079662690", "pid":"1", "tid":"mom"},
{"name":"ModelSetRunClock", "ph":"B", "ts":"1082748684", "pid":"1", "tid":"mom"},
{"name":"ModelSetRunClock", "ph":"E", "ts":"1082748752", "pid":"1", "tid":"mom"},
{"name":"ModelAdvance", "ph":"B", "ts":"1082748945", "pid":"1", "tid":"mom"},
{"name":"ModelAdvance", "ph":"E", "ts":"1088074819", "pid":"1", "tid":"mom"},
{"name":"ModelSetRunClock", "ph":"B", "ts":"1090754021", "pid":"1", "tid":"mom"},
{"name":"ModelSetRunClock", "ph":"E", "ts":"1090754087", "pid":"1", "tid":"mom"},
{"name":"ModelAdvance", "ph":"B", "ts":"1090754254", "pid":"1", "tid":"mom"},
{"name":"ModelAdvance", "ph":"E", "ts":"1096009757", "pid":"1", "tid":"mom"},
{"name":"ModelSetRunClock", "ph":"B", "ts":"1099075878", "pid":"1", "tid":"mom"},
{"name":"ModelSetRunClock", "ph":"E", "ts":"1099075947", "pid":"1", "tid":"mom"},
{"name":"ModelAdvance", "ph":"B", "ts":"1099076109", "pid":"1", "tid":"mom"},
{"name":"ModelAdvance", "ph":"E", "ts":"1104345851", "pid":"1", "tid":"mom"},
{"name":"ModelSetRunClock", "ph":"B", "ts":"1106874965", "pid":"1", "tid":"mom"},
{"name":"ModelSetRunClock", "ph":"E", "ts":"1106875025", "pid":"1", "tid":"mom"},
{"name":"ModelAdvance", "ph":"B", "ts":"1106875178", "pid":"1", "tid":"mom"},
{"name":"ModelAdvance", "ph":"E", "ts":"1112111016", "pid":"1", "tid":"mom"},
{"name":"ModelSetRunClock", "ph":"B", "ts":"1115604000", "pid":"1", "tid":"mom"},
{"name":"ModelSetRunClock", "ph":"E", "ts":"1115604064", "pid":"1", "tid":"mom"},
{"name":"ModelAdvance", "ph":"B", "ts":"1115604230", "pid":"1", "tid":"mom"},
{"name":"ModelAdvance", "ph":"E", "ts":"1120837771", "pid":"1", "tid":"mom"},
{"name":"ModelSetRunClock", "ph":"B", "ts":"1123811970", "pid":"1", "tid":"mom"},
{"name":"ModelSetRunClock", "ph":"E", "ts":"1123812164", "pid":"1", "tid":"mom"},
{"name":"ModelAdvance", "ph":"B", "ts":"1123812350", "pid":"1", "tid":"mom"},
{"name":"ModelAdvance", "ph":"E", "ts":"1128998950", "pid":"1", "tid":"mom"},
{"name":"ModelSetRunClock", "ph":"B", "ts":"1132143584", "pid":"1", "tid":"mom"},
{"name":"ModelSetRunClock", "ph":"E", "ts":"1132143851", "pid":"1", "tid":"mom"},
{"name":"ModelAdvance", "ph":"B", "ts":"1132144028", "pid":"1", "tid":"mom"},
{"name":"ModelAdvance", "ph":"E", "ts":"1137453001", "pid":"1", "tid":"mom"},
{"name":"ModelSetRunClock", "ph":"B", "ts":"1139877982", "pid":"1", "tid":"mom"},
{"name":"ModelSetRunClock", "ph":"E", "ts":"1139878049", "pid":"1", "tid":"mom"},
{"name":"ModelAdvance", "ph":"B", "ts":"1139878212", "pid":"1", "tid":"mom"},
{"name":"ModelAdvance", "ph":"E", "ts":"1145064317", "pid":"1", "tid":"mom"},
{"name":"ModelSetRunClock", "ph":"B", "ts":"1147844298", "pid":"1", "tid":"mom"},
{"name":"ModelSetRunClock", "ph":"E", "ts":"1147844365", "pid":"1", "tid":"mom"},
{"name":"ModelAdvance", "ph":"B", "ts":"1147844531", "pid":"1", "tid":"mom"},
{"name":"ModelAdvance", "ph":"E", "ts":"1153034061", "pid":"1", "tid":"mom"},
{"name":"ModelSetRunClock", "ph":"B", "ts":"1155084765", "pid":"1", "tid":"mom"},
{"name":"ModelSetRunClock", "ph":"E", "ts":"1155084831", "pid":"1", "tid":"mom"},
{"name":"ModelAdvance", "ph":"B", "ts":"1155085001", "pid":"1", "tid":"mom"},
{"name":"ModelAdvance", "ph":"E", "ts":"1160284233", "pid":"1", "tid":"mom"},
{"name":"ModelSetRunClock", "ph":"B", "ts":"1162952482", "pid":"1", "tid":"mom"},
{"name":"ModelSetRunClock", "ph":"E", "ts":"1162952595", "pid":"1", "tid":"mom"},
{"name":"ModelAdvance", "ph":"B", "ts":"1162952859", "pid":"1", "tid":"mom"},
{"name":"ModelAdvance", "ph":"E", "ts":"1168160214", "pid":"1", "tid":"mom"},
{"name":"ModelSetRunClock", "ph":"B", "ts":"1170147179", "pid":"1", "tid":"mom"},
{"name":"ModelSetRunClock", "ph":"E", "ts":"1170147242", "pid":"1", "tid":"mom"},
{"name":"ModelAdvance", "ph":"B", "ts":"1170147396", "pid":"1", "tid":"mom"},
{"name":"ModelAdvance", "ph":"E", "ts":"1175304500", "pid":"1", "tid":"mom"},
{"name":"ModelSetRunClock", "ph":"B", "ts":"1177968400", "pid":"1", "tid":"mom"},
{"name":"ModelSetRunClock", "ph":"E", "ts":"1177968460", "pid":"1", "tid":"mom"},
{"name":"ModelAdvance", "ph":"B", "ts":"1177968630", "pid":"1", "tid":"mom"},
{"name":"ModelAdvance", "ph":"E", "ts":"1183176553", "pid":"1", "tid":"mom"},
{"name":"ModelSetRunClock", "ph":"B", "ts":"1185680101", "pid":"1", "tid":"mom"},
{"name":"ModelSetRunClock", "ph":"E", "ts":"1185680351", "pid":"1", "tid":"mom"},
{"name":"ModelAdvance", "ph":"B", "ts":"1185680574", "pid":"1", "tid":"mom"},
{"name":"ModelAdvance", "ph":"E", "ts":"1190847653", "pid":"1", "tid":"mom"},
{"name":"ModelSetRunClock", "ph":"B", "ts":"1193562481", "pid":"1", "tid":"mom"},
{"name":"ModelSetRunClock", "ph":"E", "ts":"1193562548", "pid":"1", "tid":"mom"},
{"name":"ModelAdvance", "ph":"B", "ts":"1193562722", "pid":"1", "tid":"mom"},
{"name":"ModelAdvance", "ph":"E", "ts":"1198748034", "pid":"1", "tid":"mom"},
{"name":"ModelSetRunClock", "ph":"B", "ts":"1201189459", "pid":"1", "tid":"mom"},
{"name":"ModelSetRunClock", "ph":"E", "ts":"1201189515", "pid":"1", "tid":"mom"},
{"name":"ModelAdvance", "ph":"B", "ts":"1201189665", "pid":"1", "tid":"mom"},
{"name":"ModelAdvance", "ph":"E", "ts":"1206373429", "pid":"1", "tid":"mom"},
{"name":"ModelSetRunClock", "ph":"B", "ts":"1209061810", "pid":"1", "tid":"mom"},
{"name":"ModelSetRunClock", "ph":"E", "ts":"1209061873", "pid":"1", "tid":"mom"},
{"name":"ModelAdvance", "ph":"B", "ts":"1209062038", "pid":"1", "tid":"mom"},
{"name":"ModelAdvance", "ph":"E", "ts":"1214246593", "pid":"1", "tid":"mom"},
{"name":"ModelSetRunClock", "ph":"B", "ts":"1216157195", "pid":"1", "tid":"mom"},
{"name":"ModelSetRunClock", "ph":"E", "ts":"1216157344", "pid":"1", "tid":"mom"},
{"name":"ModelAdvance", "ph":"B", "ts":"1216157497", "pid":"1", "tid":"mom"},
{"name":"ModelAdvance", "ph":"E", "ts":"1221327694", "pid":"1", "tid":"mom"},
{"name":"ModelSetRunClock", "ph":"B", "ts":"1224022107", "pid":"1", "tid":"mom"},
{"name":"ModelSetRunClock", "ph":"E", "ts":"1224022189", "pid":"1", "tid":"mom"},
{"name":"ModelAdvance", "ph":"B", "ts":"1224022374", "pid":"1", "tid":"mom"},
{"name":"ModelAdvance", "ph":"E", "ts":"1229290811", "pid":"1", "tid":"mom"},
{"name":"ModelSetRunClock", "ph":"B", "ts":"1231153897", "pid":"1", "tid":"mom"},
{"name":"ModelSetRunClock", "ph":"E", "ts":"1231154029", "pid":"1", "tid":"mom"},
{"name":"ModelAdvance", "ph":"B", "ts":"1231154273", "pid":"1", "tid":"mom"},
{"name":"ModelAdvance", "ph":"E", "ts":"1236330202", "pid":"1", "tid":"mom"},
{"name":"ModelSetRunClock", "ph":"B", "ts":"1238947131", "pid":"1", "tid":"mom"},
{"name":"ModelSetRunClock", "ph":"E", "ts":"1238947209", "pid":"1", "tid":"mom"},
{"name":"ModelAdvance", "ph":"B", "ts":"1238947389", "pid":"1", "tid":"mom"},
{"name":"ModelAdvance", "ph":"E", "ts":"1244183357", "pid":"1", "tid":"mom"},
{"name":"ModelSetRunClock", "ph":"B", "ts":"1246444537", "pid":"1", "tid":"mom"},
{"name":"ModelSetRunClock", "ph":"E", "ts":"1246444607", "pid":"1", "tid":"mom"},
{"name":"ModelAdvance", "ph":"B", "ts":"1246444809", "pid":"1", "tid":"mom"},
{"name":"ModelAdvance", "ph":"E", "ts":"1251644946", "pid":"1", "tid":"mom"},
{"name":"ModelSetRunClock", "ph":"B", "ts":"1254604902", "pid":"1", "tid":"mom"},
{"name":"ModelSetRunClock", "ph":"E", "ts":"1254604985", "pid":"1", "tid":"mom"},
{"name":"ModelAdvance", "ph":"B", "ts":"1254605175", "pid":"1", "tid":"mom"},
{"name":"ModelAdvance", "ph":"E", "ts":"1259823223", "pid":"1", "tid":"mom"},
{"name":"ModelSetRunClock", "ph":"B", "ts":"1262320961", "pid":"1", "tid":"mom"},
{"name":"ModelSetRunClock", "ph":"E", "ts":"1262321029", "pid":"1", "tid":"mom"},
{"name":"ModelAdvance", "ph":"B", "ts":"1262321220", "pid":"1", "tid":"mom"},
{"name":"ModelAdvance", "ph":"E", "ts":"1267524359", "pid":"1", "tid":"mom"},
{"name":"ModelSetRunClock", "ph":"B", "ts":"1270842138", "pid":"1", "tid":"mom"},
{"name":"ModelSetRunClock", "ph":"E", "ts":"1270842206", "pid":"1", "tid":"mom"},
{"name":"ModelAdvance", "ph":"B", "ts":"1270842374", "pid":"1", "tid":"mom"},
{"name":"ModelAdvance", "ph":"E", "ts":"1276103529", "pid":"1", "tid":"mom"},
{"name":"ModelSetRunClock", "ph":"B", "ts":"1278463127", "pid":"1", "tid":"mom"},
{"name":"ModelSetRunClock", "ph":"E", "ts":"1278463190", "pid":"1", "tid":"mom"},
{"name":"ModelAdvance", "ph":"B", "ts":"1278463348", "pid":"1", "tid":"mom"},
{"name":"ModelAdvance", "ph":"E", "ts":"1283610095", "pid":"1", "tid":"mom"},
{"name":"ModelSetRunClock", "ph":"B", "ts":"1303823138", "pid":"1", "tid":"mom"},
{"name":"ModelSetRunClock", "ph":"E", "ts":"1303823199", "pid":"1", "tid":"mom"},
{"name":"ModelAdvance", "ph":"B", "ts":"1303823359", "pid":"1", "tid":"mom"},
{"name":"ModelAdvance", "ph":"E", "ts":"1309004137", "pid":"1", "tid":"mom"},
{"name":"ModelSetRunClock", "ph":"B", "ts":"1311451385", "pid":"1", "tid":"mom"},
{"name":"ModelSetRunClock", "ph":"E", "ts":"1311451446", "pid":"1", "tid":"mom"},
{"name":"ModelAdvance", "ph":"B", "ts":"1311451608", "pid":"1", "tid":"mom"},
{"name":"ModelAdvance", "ph":"E", "ts":"1316681043", "pid":"1", "tid":"mom"},
{"name":"ModelSetRunClock", "ph":"B", "ts":"1319608457", "pid":"1", "tid":"mom"},
{"name":"ModelSetRunClock", "ph":"E", "ts":"1319608759", "pid":"1", "tid":"mom"},
{"name":"ModelAdvance", "ph":"B", "ts":"1319608986", "pid":"1", "tid":"mom"},
{"name":"ModelAdvance", "ph":"E", "ts":"1324776357", "pid":"1", "tid":"mom"},
{"name":"ModelSetRunClock", "ph":"B", "ts":"1326789658", "pid":"1", "tid":"mom"},
{"name":"ModelSetRunClock", "ph":"E", "ts":"1326789733", "pid":"1", "tid":"mom"},
{"name":"ModelAdvance", "ph":"B", "ts":"1326789938", "pid":"1", "tid":"mom"},
{"name":"ModelAdvance", "ph":"E", "ts":"1331958394", "pid":"1", "tid":"mom"},
{"name":"ModelSetRunClock", "ph":"B", "ts":"1335112918", "pid":"1", "tid":"mom"},
{"name":"ModelSetRunClock", "ph":"E", "ts":"1335112983", "pid":"1", "tid":"mom"},
{"name":"ModelAdvance", "ph":"B", "ts":"1335113157", "pid":"1", "tid":"mom"},
{"name":"ModelAdvance", "ph":"E", "ts":"1340353276", "pid":"1", "tid":"mom"},
{"name":"ModelSetRunClock", "ph":"B", "ts":"1343690034", "pid":"1", "tid":"mom"},
{"name":"ModelSetRunClock", "ph":"E", "ts":"1343690093", "pid":"1", "tid":"mom"},
{"name":"ModelAdvance", "ph":"B", "ts":"1343690245", "pid":"1", "tid":"mom"},
{"name":"ModelAdvance", "ph":"E", "ts":"1348931186", "pid":"1", "tid":"mom"},
{"name":"ModelSetRunClock", "ph":"B", "ts":"1351973420", "pid":"1", "tid":"mom"},
{"name":"ModelSetRunClock", "ph":"E", "ts":"1351973489", "pid":"1", "tid":"mom"},
{"name":"ModelAdvance", "ph":"B", "ts":"1351973675", "pid":"1", "tid":"mom"},
{"name":"ModelAdvance", "ph":"E", "ts":"1357154762", "pid":"1", "tid":"mom"},
{"name":"ModelSetRunClock", "ph":"B", "ts":"1359541126", "pid":"1", "tid":"mom"},
{"name":"ModelSetRunClock", "ph":"E", "ts":"1359541213", "pid":"1", "tid":"mom"},
{"name":"ModelAdvance", "ph":"B", "ts":"1359541415", "pid":"1", "tid":"mom"},
{"name":"ModelAdvance", "ph":"E", "ts":"1364743903", "pid":"1", "tid":"mom"},
{"name":"ModelSetRunClock", "ph":"B", "ts":"1367494865", "pid":"1", "tid":"mom"},
{"name":"ModelSetRunClock", "ph":"E", "ts":"1367494929", "pid":"1", "tid":"mom"},
{"name":"ModelAdvance", "ph":"B", "ts":"1367495096", "pid":"1", "tid":"mom"},
{"name":"ModelAdvance", "ph":"E", "ts":"1372694855", "pid":"1", "tid":"mom"},
{"name":"ModelSetRunClock", "ph":"B", "ts":"1375174592", "pid":"1", "tid":"mom"},
{"name":"ModelSetRunClock", "ph":"E", "ts":"1375174661", "pid":"1", "tid":"mom"},
{"name":"ModelAdvance", "ph":"B", "ts":"1375174819", "pid":"1", "tid":"mom"},
{"name":"ModelAdvance", "ph":"E", "ts":"1380412407", "pid":"1", "tid":"mom"},
{"name":"ModelSetRunClock", "ph":"B", "ts":"1383204488", "pid":"1", "tid":"mom"},
{"name":"ModelSetRunClock", "ph":"E", "ts":"1383204546", "pid":"1", "tid":"mom"},
{"name":"ModelAdvance", "ph":"B", "ts":"1383204757", "pid":"1", "tid":"mom"},
{"name":"ModelAdvance", "ph":"E", "ts":"1388467751", "pid":"1", "tid":"mom"},
{"name":"ModelSetRunClock", "ph":"B", "ts":"1390560810", "pid":"1", "tid":"mom"},
{"name":"ModelSetRunClock", "ph":"E", "ts":"1390560881", "pid":"1", "tid":"mom"},
{"name":"ModelAdvance", "ph":"B", "ts":"1390561065", "pid":"1", "tid":"mom"},
{"name":"ModelAdvance", "ph":"E", "ts":"1395740370", "pid":"1", "tid":"mom"},
{"name":"ModelSetRunClock", "ph":"B", "ts":"1398847431", "pid":"1", "tid":"mom"},
{"name":"ModelSetRunClock", "ph":"E", "ts":"1398847494", "pid":"1", "tid":"mom"},
{"name":"ModelAdvance", "ph":"B", "ts":"1398847651", "pid":"1", "tid":"mom"},
{"name":"ModelAdvance", "ph":"E", "ts":"1404036588", "pid":"1", "tid":"mom"},
{"name":"ModelSetRunClock", "ph":"B", "ts":"1406445100", "pid":"1", "tid":"mom"},
{"name":"ModelSetRunClock", "ph":"E", "ts":"1406445168", "pid":"1", "tid":"mom"},
{"name":"ModelAdvance", "ph":"B", "ts":"1406445325", "pid":"1", "tid":"mom"},
{"name":"ModelAdvance", "ph":"E", "ts":"1411627182", "pid":"1", "tid":"mom"},
{"name":"ModelSetRunClock", "ph":"B", "ts":"1414415076", "pid":"1", "tid":"mom"},
{"name":"ModelSetRunClock", "ph":"E", "ts":"1414415142", "pid":"1", "tid":"mom"},
{"name":"ModelAdvance", "ph":"B", "ts":"1414415306", "pid":"1", "tid":"mom"},
{"name":"ModelAdvance", "ph":"E", "ts":"1419579596", "pid":"1", "tid":"mom"},
{"name":"ModelSetRunClock", "ph":"B", "ts":"1421649481", "pid":"1", "tid":"mom"},
{"name":"ModelSetRunClock", "ph":"E", "ts":"1421649545", "pid":"1", "tid":"mom"},
{"name":"ModelAdvance", "ph":"B", "ts":"1421649706", "pid":"1", "tid":"mom"},
{"name":"ModelAdvance", "ph":"E", "ts":"1426822494", "pid":"1", "tid":"mom"},
{"name":"ModelSetRunClock", "ph":"B", "ts":"1429552910", "pid":"1", "tid":"mom"},
{"name":"ModelSetRunClock", "ph":"E", "ts":"1429552979", "pid":"1", "tid":"mom"},
{"name":"ModelAdvance", "ph":"B", "ts":"1429553144", "pid":"1", "tid":"mom"},
{"name":"ModelAdvance", "ph":"E", "ts":"1434778770", "pid":"1", "tid":"mom"},
{"name":"ModelSetRunClock", "ph":"B", "ts":"1436791421", "pid":"1", "tid":"mom"},
{"name":"ModelSetRunClock", "ph":"E", "ts":"1436791489", "pid":"1", "tid":"mom"},
{"name":"ModelAdvance", "ph":"B", "ts":"1436791658", "pid":"1", "tid":"mom"},
{"name":"ModelAdvance", "ph":"E", "ts":"1441965195", "pid":"1", "tid":"mom"},
{"name":"ModelSetRunClock", "ph":"B", "ts":"1444732270", "pid":"1", "tid":"mom"},
{"name":"ModelSetRunClock", "ph":"E", "ts":"1444732351", "pid":"1", "tid":"mom"},
{"name":"ModelAdvance", "ph":"B", "ts":"1444732546", "pid":"1", "tid":"mom"},
{"name":"ModelAdvance", "ph":"E", "ts":"1449914218", "pid":"1", "tid":"mom"},
{"name":"ModelSetRunClock", "ph":"B", "ts":"1452024828", "pid":"1", "tid":"mom"},
{"name":"ModelSetRunClock", "ph":"E", "ts":"1452024894", "pid":"1", "tid":"mom"},
{"name":"ModelAdvance", "ph":"B", "ts":"1452025056", "pid":"1", "tid":"mom"},
{"name":"ModelAdvance", "ph":"E", "ts":"1457203854", "pid":"1", "tid":"mom"},
{"name":"ModelSetRunClock", "ph":"B", "ts":"1460006232", "pid":"1", "tid":"mom"},
{"name":"ModelSetRunClock", "ph":"E", "ts":"1460006316", "pid":"1", "tid":"mom"},
{"name":"ModelAdvance", "ph":"B", "ts":"1460006511", "pid":"1", "tid":"mom"},
{"name":"ModelAdvance", "ph":"E", "ts":"1465169525", "pid":"1", "tid":"mom"},
{"name":"ModelSetRunClock", "ph":"B", "ts":"1467299837", "pid":"1", "tid":"mom"},
{"name":"ModelSetRunClock", "ph":"E", "ts":"1467299918", "pid":"1", "tid":"mom"},
{"name":"ModelAdvance", "ph":"B", "ts":"1467300108", "pid":"1", "tid":"mom"},
{"name":"ModelAdvance", "ph":"E", "ts":"1472474064", "pid":"1", "tid":"mom"},
{"name":"ModelSetRunClock", "ph":"B", "ts":"1475217599", "pid":"1", "tid":"mom"},
{"name":"ModelSetRunClock", "ph":"E", "ts":"1475217665", "pid":"1", "tid":"mom"},
{"name":"ModelAdvance", "ph":"B", "ts":"1475217849", "pid":"1", "tid":"mom"},
{"name":"ModelAdvance", "ph":"E", "ts":"1480490074", "pid":"1", "tid":"mom"},
{"name":"ModelSetRunClock", "ph":"B", "ts":"1482489010", "pid":"1", "tid":"mom"},
{"name":"ModelSetRunClock", "ph":"E", "ts":"1482489323", "pid":"1", "tid":"mom"},
{"name":"ModelAdvance", "ph":"B", "ts":"1482489577", "pid":"1", "tid":"mom"},
{"name":"ModelAdvance", "ph":"E", "ts":"1487680358", "pid":"1", "tid":"mom"},
{"name":"ModelSetRunClock", "ph":"B", "ts":"1490400815", "pid":"1", "tid":"mom"},
{"name":"ModelSetRunClock", "ph":"E", "ts":"1490400883", "pid":"1", "tid":"mom"},
{"name":"ModelAdvance", "ph":"B", "ts":"1490401045", "pid":"1", "tid":"mom"},
{"name":"ModelAdvance", "ph":"E", "ts":"1495558885", "pid":"1", "tid":"mom"},
{"name":"ModelSetRunClock", "ph":"B", "ts":"1497668823", "pid":"1", "tid":"mom"},
{"name":"ModelSetRunClock", "ph":"E", "ts":"1497668931", "pid":"1", "tid":"mom"},
{"name":"ModelAdvance", "ph":"B", "ts":"1497669170", "pid":"1", "tid":"mom"},
{"name":"ModelAdvance", "ph":"E", "ts":"1502856277", "pid":"1", "tid":"mom"},
{"name":"ModelSetRunClock", "ph":"B", "ts":"1505587134", "pid":"1", "tid":"mom"},
{"name":"ModelSetRunClock", "ph":"E", "ts":"1505587203", "pid":"1", "tid":"mom"},
{"name":"ModelAdvance", "ph":"B", "ts":"1505587378", "pid":"1", "tid":"mom"},
{"name":"ModelAdvance", "ph":"E", "ts":"1510777968", "pid":"1", "tid":"mom"},
{"name":"ModelSetRunClock", "ph":"B", "ts":"1512826951", "pid":"1", "tid":"mom"},
{"name":"ModelSetRunClock", "ph":"E", "ts":"1512827018", "pid":"1", "tid":"mom"},
{"name":"ModelAdvance", "ph":"B", "ts":"1512827195", "pid":"1", "tid":"mom"},
{"name":"ModelAdvance", "ph":"E", "ts":"1518009703", "pid":"1", "tid":"mom"},
{"name":"ModelSetRunClock", "ph":"B", "ts":"1520698535", "pid":"1", "tid":"mom"},
{"name":"ModelSetRunClock", "ph":"E", "ts":"1520698599", "pid":"1", "tid":"mom"},
{"name":"ModelAdvance", "ph":"B", "ts":"1520698755", "pid":"1", "tid":"mom"},
{"name":"ModelAdvance", "ph":"E", "ts":"1525949703", "pid":"1", "tid":"mom"},
{"name":"ModelSetRunClock", "ph":"B", "ts":"1527955019", "pid":"1", "tid":"mom"},
{"name":"ModelSetRunClock", "ph":"E", "ts":"1527955081", "pid":"1", "tid":"mom"},
{"name":"ModelAdvance", "ph":"B", "ts":"1527955250", "pid":"1", "tid":"mom"},
{"name":"ModelAdvance", "ph":"E", "ts":"1533154551", "pid":"1", "tid":"mom"},
{"name":"ModelSetRunClock", "ph":"B", "ts":"1535813200", "pid":"1", "tid":"mom"},
{"name":"ModelSetRunClock", "ph":"E", "ts":"1535813280", "pid":"1", "tid":"mom"},
{"name":"ModelAdvance", "ph":"B", "ts":"1535813474", "pid":"1", "tid":"mom"},
{"name":"ModelAdvance", "ph":"E", "ts":"1541058534", "pid":"1", "tid":"mom"},
{"name":"ModelSetRunClock", "ph":"B", "ts":"1543075108", "pid":"1", "tid":"mom"},
{"name":"ModelSetRunClock", "ph":"E", "ts":"1543075178", "pid":"1", "tid":"mom"},
{"name":"ModelAdvance", "ph":"B", "ts":"1543075468", "pid":"1", "tid":"mom"},
{"name":"ModelAdvance", "ph":"E", "ts":"1548271545", "pid":"1", "tid":"mom"},
{"name":"ModelSetRunClock", "ph":"B", "ts":"1550930133", "pid":"1", "tid":"mom"},
{"name":"ModelSetRunClock", "ph":"E", "ts":"1550930195", "pid":"1", "tid":"mom"},
{"name":"ModelAdvance", "ph":"B", "ts":"1550930360", "pid":"1", "tid":"mom"},
{"name":"ModelAdvance", "ph":"E", "ts":"1556121599", "pid":"1", "tid":"mom"},
{"name":"ModelSetRunClock", "ph":"B", "ts":"1558173957", "pid":"1", "tid":"mom"},
{"name":"ModelSetRunClock", "ph":"E", "ts":"1558174030", "pid":"1", "tid":"mom"},
{"name":"ModelAdvance", "ph":"B", "ts":"1558174209", "pid":"1", "tid":"mom"},
{"name":"ModelAdvance", "ph":"E", "ts":"1563362658", "pid":"1", "tid":"mom"},
{"name":"ModelSetRunClock", "ph":"B", "ts":"1566055185", "pid":"1", "tid":"mom"},
{"name":"ModelSetRunClock", "ph":"E", "ts":"1566055293", "pid":"1", "tid":"mom"},
{"name":"ModelAdvance", "ph":"B", "ts":"1566055505", "pid":"1", "tid":"mom"},
{"name":"ModelAdvance", "ph":"E", "ts":"1571301151", "pid":"1", "tid":"mom"},
{"name":"ModelSetRunClock", "ph":"B", "ts":"1573286907", "pid":"1", "tid":"mom"},
{"name":"ModelSetRunClock", "ph":"E", "ts":"1573286964", "pid":"1", "tid":"mom"},
{"name":"ModelAdvance", "ph":"B", "ts":"1573287121", "pid":"1", "tid":"mom"},
{"name":"ModelAdvance", "ph":"E", "ts":"1578475401", "pid":"1", "tid":"mom"},
{"name":"ModelSetRunClock", "ph":"B", "ts":"1581154405", "pid":"1", "tid":"mom"},
{"name":"ModelSetRunClock", "ph":"E", "ts":"1581154466", "pid":"1", "tid":"mom"},
{"name":"ModelAdvance", "ph":"B", "ts":"1581154622", "pid":"1", "tid":"mom"},
{"name":"ModelAdvance", "ph":"E", "ts":"1586321192", "pid":"1", "tid":"mom"},
{"name":"ModelSetRunClock", "ph":"B", "ts":"1588292229", "pid":"1", "tid":"mom"},
{"name":"ModelSetRunClock", "ph":"E", "ts":"1588292309", "pid":"1", "tid":"mom"},
{"name":"ModelAdvance", "ph":"B", "ts":"1588292495", "pid":"1", "tid":"mom"},
{"name":"ModelAdvance", "ph":"E", "ts":"1593480649", "pid":"1", "tid":"mom"},
{"name":"ModelSetRunClock", "ph":"B", "ts":"1596129747", "pid":"1", "tid":"mom"},
{"name":"ModelSetRunClock", "ph":"E", "ts":"1596129817", "pid":"1", "tid":"mom"},
{"name":"ModelAdvance", "ph":"B", "ts":"1596129984", "pid":"1", "tid":"mom"},
{"name":"ModelAdvance", "ph":"E", "ts":"1601334415", "pid":"1", "tid":"mom"},
{"name":"ModelSetRunClock", "ph":"B", "ts":"1603242101", "pid":"1", "tid":"mom"},
{"name":"ModelSetRunClock", "ph":"E", "ts":"1603242162", "pid":"1", "tid":"mom"},
{"name":"ModelAdvance", "ph":"B", "ts":"1603242318", "pid":"1", "tid":"mom"},
{"name":"ModelAdvance", "ph":"E", "ts":"1608476912", "pid":"1", "tid":"mom"},
{"name":"ModelSetRunClock", "ph":"B", "ts":"1611073367", "pid":"1", "tid":"mom"},
{"name":"ModelSetRunClock", "ph":"E", "ts":"1611073432", "pid":"1", "tid":"mom"},
{"name":"ModelAdvance", "ph":"B", "ts":"1611073598", "pid":"1", "tid":"mom"},
{"name":"ModelAdvance", "ph":"E", "ts":"1616337764", "pid":"1", "tid":"mom"},
{"name":"ModelSetRunClock", "ph":"B", "ts":"1618227018", "pid":"1", "tid":"mom"},
{"name":"ModelSetRunClock", "ph":"E", "ts":"1618227085", "pid":"1", "tid":"mom"},
{"name":"ModelAdvance", "ph":"B", "ts":"1618227264", "pid":"1", "tid":"mom"},
{"name":"ModelAdvance", "ph":"E", "ts":"1623403809", "pid":"1", "tid":"mom"},
{"name":"ModelSetRunClock", "ph":"B", "ts":"1626007080", "pid":"1", "tid":"mom"},
{"name":"ModelSetRunClock", "ph":"E", "ts":"1626007159", "pid":"1", "tid":"mom"},
{"name":"ModelAdvance", "ph":"B", "ts":"1626007370", "pid":"1", "tid":"mom"},
{"name":"ModelAdvance", "ph":"E", "ts":"1631171689", "pid":"1", "tid":"mom"},
{"name":"ModelSetRunClock", "ph":"B", "ts":"1633169471", "pid":"1", "tid":"mom"},
{"name":"ModelSetRunClock", "ph":"E", "ts":"1633169538", "pid":"1", "tid":"mom"},
{"name":"ModelAdvance", "ph":"B", "ts":"1633169694", "pid":"1", "tid":"mom"},
{"name":"ModelAdvance", "ph":"E", "ts":"1638344725", "pid":"1", "tid":"mom"},
{"name":"ModelSetRunClock", "ph":"B", "ts":"1640898513", "pid":"1", "tid":"mom"},
{"name":"ModelSetRunClock", "ph":"E", "ts":"1640898675", "pid":"1", "tid":"mom"},
{"name":"ModelAdvance", "ph":"B", "ts":"1640898832", "pid":"1", "tid":"mom"},
{"name":"ModelAdvance", "ph":"E", "ts":"1646082476", "pid":"1", "tid":"mom"},
{"name":"ModelSetRunClock", "ph":"B", "ts":"1648070831", "pid":"1", "tid":"mom"},
{"name":"ModelSetRunClock", "ph":"E", "ts":"1648070894", "pid":"1", "tid":"mom"},
{"name":"ModelAdvance", "ph":"B", "ts":"1648071054", "pid":"1", "tid":"mom"},
{"name":"ModelAdvance", "ph":"E", "ts":"1653262440", "pid":"1", "tid":"mom"},
{"name":"ModelSetRunClock", "ph":"B", "ts":"1655875424", "pid":"1", "tid":"mom"},
{"name":"ModelSetRunClock", "ph":"E", "ts":"1655875488", "pid":"1", "tid":"mom"},
{"name":"ModelAdvance", "ph":"B", "ts":"1655875651", "pid":"1", "tid":"mom"},
{"name":"ModelAdvance", "ph":"E", "ts":"1661123174", "pid":"1", "tid":"mom"},
{"name":"ModelFinalize", "ph":"B", "ts":"1661129632", "pid":"1", "tid":"mom"},
{"name":"ModelFinalize", "ph":"E", "ts":"1661226502", "pid":"1", "tid":"mom"},
