{"name":"SetServices", "ph":"B", "ts":"558936539", "pid":"1", "tid":"wave"},
{"name":"SetServices", "ph":"E", "ts":"558938584", "pid":"1", "tid":"wave"},
{"name":"InitializeP0", "ph":"B", "ts":"558942554", "pid":"1", "tid":"wave"},
{"name":"InitializeP0", "ph":"E", "ts":"558942651", "pid":"1", "tid":"wave"},
{"name":"InitializeAdvertise", "ph":"B", "ts":"600201254", "pid":"1", "tid":"wave"},
{"name":"InitializeAdvertise", "ph":"E", "ts":"696010250", "pid":"1", "tid":"wave"},
{"name":"InitializeRealize", "ph":"B", "ts":"829546443", "pid":"1", "tid":"wave"},
{"name":"InitializeRealize", "ph":"E", "ts":"843392616", "pid":"1", "tid":"wave"},
{"name":"DataInitialize", "ph":"B", "ts":"878572380", "pid":"1", "tid":"wave"},
{"name":"DataInitialize", "ph":"E", "ts":"878576189", "pid":"1", "tid":"wave"},
{"name":"ModelSetRunClock", "ph":"B", "ts":"927763386", "pid":"1", "tid":"wave"},
{"name":"ModelSetRunClock", "ph":"E", "ts":"927774857", "pid":"1", "tid":"wave"},
{"name":"ModelAdvance", "ph":"B", "ts":"927774964", "pid":"1", "tid":"wave"},
{"name":"ModelAdvance", "ph":"E", "ts":"939441929", "pid":"1", "tid":"wave"},
{"name":"ModelSetRunClock", "ph":"B", "ts":"940969048", "pid":"1", "tid":"wave"},
{"name":"ModelSetRunClock", "ph":"E", "ts":"940969084", "pid":"1", "tid":"wave"},
{"name":"ModelAdvance", "ph":"B", "ts":"940969161", "pid":"1", "tid":"wave"},
{"name":"ModelAdvance", "ph":"E", "ts":"946800175", "pid":"1", "tid":"wave"},
{"name":"ModelSetRunClock", "ph":"B", "ts":"948342517", "pid":"1", "tid":"wave"},
{"name":"ModelSetRunClock", "ph":"E", "ts":"948342549", "pid":"1", "tid":"wave"},
{"name":"ModelAdvance", "ph":"B", "ts":"948342625", "pid":"1", "tid":"wave"},
{"name":"ModelAdvance", "ph":"E", "ts":"954067402", "pid":"1", "tid":"wave"},
{"name":"ModelSetRunClock", "ph":"B", "ts":"956298713", "pid":"1", "tid":"wave"},
{"name":"ModelSetRunClock", "ph":"E", "ts":"956298771", "pid":"1", "tid":"wave"},
{"name":"ModelAdvance", "ph":"B", "ts":"956298869", "pid":"1", "tid":"wave"},
{"name":"ModelAdvance", "ph":"E", "ts":"962021365", "pid":"1", "tid":"wave"},
{"name":"ModelSetRunClock", "ph":"B", "ts":"963591915", "pid":"1", "tid":"wave"},
{"name":"ModelSetRunClock", "ph":"E", "ts":"963592038", "pid":"1", "tid":"wave"},
{"name":"ModelAdvance", "ph":"B", "ts":"963592224", "pid":"1", "tid":"wave"},
{"name":"ModelAdvance", "ph":"E", "ts":"969326510", "pid":"1", "tid":"wave"},
{"name":"ModelSetRunClock", "ph":"B", "ts":"971615059", "pid":"1", "tid":"wave"},
{"name":"ModelSetRunClock", "ph":"E", "ts":"971615092", "pid":"1", "tid":"wave"},
{"name":"ModelAdvance", "ph":"B", "ts":"971615177", "pid":"1", "tid":"wave"},
{"name":"ModelAdvance", "ph":"E", "ts":"977304048", "pid":"1", "tid":"wave"},
{"name":"ModelSetRunClock", "ph":"B", "ts":"996185629", "pid":"1", "tid":"wave"},
{"name":"ModelSetRunClock", "ph":"E", "ts":"996185671", "pid":"1", "tid":"wave"},
{"name":"ModelAdvance", "ph":"B", "ts":"996185754", "pid":"1", "tid":"wave"},
{"name":"ModelAdvance", "ph":"E", "ts":"1001868042", "pid":"1", "tid":"wave"},
{"name":"ModelSetRunClock", "ph":"B", "ts":"1004208862", "pid":"1", "tid":"wave"},
{"name":"ModelSetRunClock", "ph":"E", "ts":"1004209036", "pid":"1", "tid":"wave"},
{"name":"ModelAdvance", "ph":"B", "ts":"1004209179", "pid":"1", "tid":"wave"},
{"name":"ModelAdvance", "ph":"E", "ts":"1009885558", "pid":"1", "tid":"wave"},
{"name":"ModelSetRunClock", "ph":"B", "ts":"1011531009", "pid":"1", "tid":"wave"},
{"name":"ModelSetRunClock", "ph":"E", "ts":"1011531058", "pid":"1", "tid":"wave"},
{"name":"ModelAdvance", "ph":"B", "ts":"1011531171", "pid":"1", "tid":"wave"},
{"name":"ModelAdvance", "ph":"E", "ts":"1017208155", "pid":"1", "tid":"wave"},
{"name":"ModelSetRunClock", "ph":"B", "ts":"1019497040", "pid":"1", "tid":"wave"},
{"name":"ModelSetRunClock", "ph":"E", "ts":"1019497106", "pid":"1", "tid":"wave"},
{"name":"ModelAdvance", "ph":"B", "ts":"1019497309", "pid":"1", "tid":"wave"},
{"name":"ModelAdvance", "ph":"E", "ts":"1025186807", "pid":"1", "tid":"wave"},
{"name":"ModelSetRunClock", "ph":"B", "ts":"1026967138", "pid":"1", "tid":"wave"},
{"name":"ModelSetRunClock", "ph":"E", "ts":"1026967457", "pid":"1", "tid":"wave"},
{"name":"ModelAdvance", "ph":"B", "ts":"1026967562", "pid":"1", "tid":"wave"},
{"name":"ModelAdvance", "ph":"E", "ts":"1032668362", "pid":"1", "tid":"wave"},
{"name":"ModelSetRunClock", "ph":"B", "ts":"1035047933", "pid":"1", "tid":"wave"},
{"name":"ModelSetRunClock", "ph":"E", "ts":"1035048268", "pid":"1", "tid":"wave"},
{"name":"ModelAdvance", "ph":"B", "ts":"1035048383", "pid":"1", "tid":"wave"},
{"name":"ModelAdvance", "ph":"E", "ts":"1040769512", "pid":"1", "tid":"wave"},
{"name":"ModelSetRunClock", "ph":"B", "ts":"1042378248", "pid":"1", "tid":"wave"},
{"name":"ModelSetRunClock", "ph":"E", "ts":"1042378325", "pid":"1", "tid":"wave"},
{"name":"ModelAdvance", "ph":"B", "ts":"1042378473", "pid":"1", "tid":"wave"},
{"name":"ModelAdvance", "ph":"E", "ts":"1048089030", "pid":"1", "tid":"wave"},
{"name":"ModelSetRunClock", "ph":"B", "ts":"1050341865", "pid":"1", "tid":"wave"},
{"name":"ModelSetRunClock", "ph":"E", "ts":"1050341925", "pid":"1", "tid":"wave"},
{"name":"ModelAdvance", "ph":"B", "ts":"1050342006", "pid":"1", "tid":"wave"},
{"name":"ModelAdvance", "ph":"E", "ts":"1056098824", "pid":"1", "tid":"wave"},
{"name":"ModelSetRunClock", "ph":"B", "ts":"1057723433", "pid":"1", "tid":"wave"},
{"name":"ModelSetRunClock", "ph":"E", "ts":"1057723523", "pid":"1", "tid":"wave"},
{"name":"ModelAdvance", "ph":"B", "ts":"1057723689", "pid":"1", "tid":"wave"},
{"name":"ModelAdvance", "ph":"E", "ts":"1063525372", "pid":"1", "tid":"wave"},
{"name":"ModelSetRunClock", "ph":"B", "ts":"1066012481", "pid":"1", "tid":"wave"},
{"name":"ModelSetRunClock", "ph":"E", "ts":"1066012827", "pid":"1", "tid":"wave"},
{"name":"ModelAdvance", "ph":"B", "ts":"1066012958", "pid":"1", "tid":"wave"},
{"name":"ModelAdvance", "ph":"E", "ts":"1071569842", "pid":"1", "tid":"wave"},
{"name":"ModelSetRunClock", "ph":"B", "ts":"1074386787", "pid":"1", "tid":"wave"},
{"name":"ModelSetRunClock", "ph":"E", "ts":"1074386850", "pid":"1", "tid":"wave"},
{"name":"ModelAdvance", "ph":"B", "ts":"1074386932", "pid":"1", "tid":"wave"},
{"name":"ModelAdvance", "ph":"E", "ts":"1079874906", "pid":"1", "tid":"wave"},
{"name":"ModelSetRunClock", "ph":"B", "ts":"1082741807", "pid":"1", "tid":"wave"},
{"name":"ModelSetRunClock", "ph":"E", "ts":"1082741866", "pid":"1", "tid":"wave"},
{"name":"ModelAdvance", "ph":"B", "ts":"1082741946", "pid":"1", "tid":"wave"},
{"name":"ModelAdvance", "ph":"E", "ts":"1088221734", "pid":"1", "tid":"wave"},
{"name":"ModelSetRunClock", "ph":"B", "ts":"1090740540", "pid":"1", "tid":"wave"},
{"name":"ModelSetRunClock", "ph":"E", "ts":"1090740759", "pid":"1", "tid":"wave"},
{"name":"ModelAdvance", "ph":"B", "ts":"1090740877", "pid":"1", "tid":"wave"},
{"name":"ModelAdvance", "ph":"E", "ts":"1096094971", "pid":"1", "tid":"wave"},
{"name":"ModelSetRunClock", "ph":"B", "ts":"1099067426", "pid":"1", "tid":"wave"},
{"name":"ModelSetRunClock", "ph":"E", "ts":"1099067568", "pid":"1", "tid":"wave"},
{"name":"ModelAdvance", "ph":"B", "ts":"1099067679", "pid":"1", "tid":"wave"},
{"name":"ModelAdvance", "ph":"E", "ts":"1104357866", "pid":"1", "tid":"wave"},
{"name":"ModelSetRunClock", "ph":"B", "ts":"1106867462", "pid":"1", "tid":"wave"},
{"name":"ModelSetRunClock", "ph":"E", "ts":"1106867528", "pid":"1", "tid":"wave"},
{"name":"ModelAdvance", "ph":"B", "ts":"1106867673", "pid":"1", "tid":"wave"},
{"name":"ModelAdvance", "ph":"E", "ts":"1112107644", "pid":"1", "tid":"wave"},
{"name":"ModelSetRunClock", "ph":"B", "ts":"1115594153", "pid":"1", "tid":"wave"},
{"name":"ModelSetRunClock", "ph":"E", "ts":"1115594215", "pid":"1", "tid":"wave"},
{"name":"ModelAdvance", "ph":"B", "ts":"1115594316", "pid":"1", "tid":"wave"},
{"name":"ModelAdvance", "ph":"E", "ts":"1120825016", "pid":"1", "tid":"wave"},
{"name":"ModelSetRunClock", "ph":"B", "ts":"1123798711", "pid":"1", "tid":"wave"},
{"name":"ModelSetRunClock", "ph":"E", "ts":"1123798780", "pid":"1", "tid":"wave"},
{"name":"ModelAdvance", "ph":"B", "ts":"1123798878", "pid":"1", "tid":"wave"},
{"name":"ModelAdvance", "ph":"E", "ts":"1129041005", "pid":"1", "tid":"wave"},
{"name":"ModelSetRunClock", "ph":"B", "ts":"1132132583", "pid":"1", "tid":"wave"},
{"name":"ModelSetRunClock", "ph":"E", "ts":"1132132655", "pid":"1", "tid":"wave"},
{"name":"ModelAdvance", "ph":"B", "ts":"1132132839", "pid":"1", "tid":"wave"},
{"name":"ModelAdvance", "ph":"E", "ts":"1137321172", "pid":"1", "tid":"wave"},
{"name":"ModelSetRunClock", "ph":"B", "ts":"1139864705", "pid":"1", "tid":"wave"},
{"name":"ModelSetRunClock", "ph":"E", "ts":"1139864874", "pid":"1", "tid":"wave"},
{"name":"ModelAdvance", "ph":"B", "ts":"1139865056", "pid":"1", "tid":"wave"},
{"name":"ModelAdvance", "ph":"E", "ts":"1145028001", "pid":"1", "tid":"wave"},
{"name":"ModelSetRunClock", "ph":"B", "ts":"1147834643", "pid":"1", "tid":"wave"},
{"name":"ModelSetRunClock", "ph":"E", "ts":"1147834713", "pid":"1", "tid":"wave"},
{"name":"ModelAdvance", "ph":"B", "ts":"1147834815", "pid":"1", "tid":"wave"},
{"name":"ModelAdvance", "ph":"E", "ts":"1153012387", "pid":"1", "tid":"wave"},
{"name":"ModelSetRunClock", "ph":"B", "ts":"1155074545", "pid":"1", "tid":"wave"},
{"name":"ModelSetRunClock", "ph":"E", "ts":"1155074613", "pid":"1", "tid":"wave"},
{"name":"ModelAdvance", "ph":"B", "ts":"1155074743", "pid":"1", "tid":"wave"},
{"name":"ModelAdvance", "ph":"E", "ts":"1160249823", "pid":"1", "tid":"wave"},
{"name":"ModelSetRunClock", "ph":"B", "ts":"1162939630", "pid":"1", "tid":"wave"},
{"name":"ModelSetRunClock", "ph":"E", "ts":"1162939766", "pid":"1", "tid":"wave"},
{"name":"ModelAdvance", "ph":"B", "ts":"1162939884", "pid":"1", "tid":"wave"},
{"name":"ModelAdvance", "ph":"E", "ts":"1168030557", "pid":"1", "tid":"wave"},
{"name":"ModelSetRunClock", "ph":"B", "ts":"1170136984", "pid":"1", "tid":"wave"},
{"name":"ModelSetRunClock", "ph":"E", "ts":"1170137049", "pid":"1", "tid":"wave"},
{"name":"ModelAdvance", "ph":"B", "ts":"1170137126", "pid":"1", "tid":"wave"},
{"name":"ModelAdvance", "ph":"E", "ts":"1175214672", "pid":"1", "tid":"wave"},
{"name":"ModelSetRunClock", "ph":"B", "ts":"1177960678", "pid":"1", "tid":"wave"},
{"name":"ModelSetRunClock", "ph":"E", "ts":"1177960743", "pid":"1", "tid":"wave"},
{"name":"ModelAdvance", "ph":"B", "ts":"1177960910", "pid":"1", "tid":"wave"},
{"name":"ModelAdvance", "ph":"E", "ts":"1183035702", "pid":"1", "tid":"wave"},
{"name":"ModelSetRunClock", "ph":"B", "ts":"1185668515", "pid":"1", "tid":"wave"},
{"name":"ModelSetRunClock", "ph":"E", "ts":"1185668625", "pid":"1", "tid":"wave"},
{"name":"ModelAdvance", "ph":"B", "ts":"1185668738", "pid":"1", "tid":"wave"},
{"name":"ModelAdvance", "ph":"E", "ts":"1190703649", "pid":"1", "tid":"wave"},
{"name":"ModelSetRunClock", "ph":"B", "ts":"1193552851", "pid":"1", "tid":"wave"},
{"name":"ModelSetRunClock", "ph":"E", "ts":"1193552992", "pid":"1", "tid":"wave"},
{"name":"ModelAdvance", "ph":"B", "ts":"1193553160", "pid":"1", "tid":"wave"},
{"name":"ModelAdvance", "ph":"E", "ts":"1198630122", "pid":"1", "tid":"wave"},
{"name":"ModelSetRunClock", "ph":"B", "ts":"1201174253", "pid":"1", "tid":"wave"},
{"name":"ModelSetRunClock", "ph":"E", "ts":"1201174316", "pid":"1", "tid":"wave"},
{"name":"ModelAdvance", "ph":"B", "ts":"1201174396", "pid":"1", "tid":"wave"},
{"name":"ModelAdvance", "ph":"E", "ts":"1206265179", "pid":"1", "tid":"wave"},
{"name":"ModelSetRunClock", "ph":"B", "ts":"1209052552", "pid":"1", "tid":"wave"},
{"name":"ModelSetRunClock", "ph":"E", "ts":"1209052688", "pid":"1", "tid":"wave"},
{"name":"ModelAdvance", "ph":"B", "ts":"1209052837", "pid":"1", "tid":"wave"},
{"name":"ModelAdvance", "ph":"E", "ts":"1214098550", "pid":"1", "tid":"wave"},
{"name":"ModelSetRunClock", "ph":"B", "ts":"1216154815", "pid":"1", "tid":"wave"},
{"name":"ModelSetRunClock", "ph":"E", "ts":"1216154926", "pid":"1", "tid":"wave"},
{"name":"ModelAdvance", "ph":"B", "ts":"1216155043", "pid":"1", "tid":"wave"},
{"name":"ModelAdvance", "ph":"E", "ts":"1221186066", "pid":"1", "tid":"wave"},
{"name":"ModelSetRunClock", "ph":"B", "ts":"1224010799", "pid":"1", "tid":"wave"},
{"name":"ModelSetRunClock", "ph":"E", "ts":"1224010917", "pid":"1", "tid":"wave"},
{"name":"ModelAdvance", "ph":"B", "ts":"1224011035", "pid":"1", "tid":"wave"},
{"name":"ModelAdvance", "ph":"E", "ts":"1229013442", "pid":"1", "tid":"wave"},
{"name":"ModelSetRunClock", "ph":"B", "ts":"1231139884", "pid":"1", "tid":"wave"},
{"name":"ModelSetRunClock", "ph":"E", "ts":"1231139973", "pid":"1", "tid":"wave"},
{"name":"ModelAdvance", "ph":"B", "ts":"1231140120", "pid":"1", "tid":"wave"},
{"name":"ModelAdvance", "ph":"E", "ts":"1236105604", "pid":"1", "tid":"wave"},
{"name":"ModelSetRunClock", "ph":"B", "ts":"1238931244", "pid":"1", "tid":"wave"},
{"name":"ModelSetRunClock", "ph":"E", "ts":"1238931311", "pid":"1", "tid":"wave"},
{"name":"ModelAdvance", "ph":"B", "ts":"1238931400", "pid":"1", "tid":"wave"},
{"name":"ModelAdvance", "ph":"E", "ts":"1243869867", "pid":"1", "tid":"wave"},
{"name":"ModelSetRunClock", "ph":"B", "ts":"1246434862", "pid":"1", "tid":"wave"},
{"name":"ModelSetRunClock", "ph":"E", "ts":"1246434924", "pid":"1", "tid":"wave"},
{"name":"ModelAdvance", "ph":"B", "ts":"1246435020", "pid":"1", "tid":"wave"},
{"name":"ModelAdvance", "ph":"E", "ts":"1251291090", "pid":"1", "tid":"wave"},
{"name":"ModelSetRunClock", "ph":"B", "ts":"1254592773", "pid":"1", "tid":"wave"},
{"name":"ModelSetRunClock", "ph":"E", "ts":"1254592949", "pid":"1", "tid":"wave"},
{"name":"ModelAdvance", "ph":"B", "ts":"1254593184", "pid":"1", "tid":"wave"},
{"name":"ModelAdvance", "ph":"E", "ts":"1259449879", "pid":"1", "tid":"wave"},
{"name":"ModelSetRunClock", "ph":"B", "ts":"1262309680", "pid":"1", "tid":"wave"},
{"name":"ModelSetRunClock", "ph":"E", "ts":"1262309839", "pid":"1", "tid":"wave"},
{"name":"ModelAdvance", "ph":"B", "ts":"1262309956", "pid":"1", "tid":"wave"},
{"name":"ModelAdvance", "ph":"E", "ts":"1267107555", "pid":"1", "tid":"wave"},
{"name":"ModelSetRunClock", "ph":"B", "ts":"1270831725", "pid":"1", "tid":"wave"},
{"name":"ModelSetRunClock", "ph":"E", "ts":"1270831878", "pid":"1", "tid":"wave"},
{"name":"ModelAdvance", "ph":"B", "ts":"1270832022", "pid":"1", "tid":"wave"},
{"name":"ModelAdvance", "ph":"E", "ts":"1275632850", "pid":"1", "tid":"wave"},
{"name":"ModelSetRunClock", "ph":"B", "ts":"1278452228", "pid":"1", "tid":"wave"},
{"name":"ModelSetRunClock", "ph":"E", "ts":"1278452319", "pid":"1", "tid":"wave"},
{"name":"ModelAdvance", "ph":"B", "ts":"1278452428", "pid":"1", "tid":"wave"},
{"name":"ModelAdvance", "ph":"E", "ts":"1283234546", "pid":"1", "tid":"wave"},
{"name":"ModelSetRunClock", "ph":"B", "ts":"1303814533", "pid":"1", "tid":"wave"},
{"name":"ModelSetRunClock", "ph":"E", "ts":"1303814591", "pid":"1", "tid":"wave"},
{"name":"ModelAdvance", "ph":"B", "ts":"1303814692", "pid":"1", "tid":"wave"},
{"name":"ModelAdvance", "ph":"E", "ts":"1308608890", "pid":"1", "tid":"wave"},
{"name":"ModelSetRunClock", "ph":"B", "ts":"1311445259", "pid":"1", "tid":"wave"},
{"name":"ModelSetRunClock", "ph":"E", "ts":"1311445337", "pid":"1", "tid":"wave"},
{"name":"ModelAdvance", "ph":"B", "ts":"1311445446", "pid":"1", "tid":"wave"},
{"name":"ModelAdvance", "ph":"E", "ts":"1316280314", "pid":"1", "tid":"wave"},
{"name":"ModelSetRunClock", "ph":"B", "ts":"1319595883", "pid":"1", "tid":"wave"},
{"name":"ModelSetRunClock", "ph":"E", "ts":"1319596257", "pid":"1", "tid":"wave"},
{"name":"ModelAdvance", "ph":"B", "ts":"1319596382", "pid":"1", "tid":"wave"},
{"name":"ModelAdvance", "ph":"E", "ts":"1324427331", "pid":"1", "tid":"wave"},
{"name":"ModelSetRunClock", "ph":"B", "ts":"1326776826", "pid":"1", "tid":"wave"},
{"name":"ModelSetRunClock", "ph":"E", "ts":"1326776916", "pid":"1", "tid":"wave"},
{"name":"ModelAdvance", "ph":"B", "ts":"1326777056", "pid":"1", "tid":"wave"},
{"name":"ModelAdvance", "ph":"E", "ts":"1331651323", "pid":"1", "tid":"wave"},
{"name":"ModelSetRunClock", "ph":"B", "ts":"1335103137", "pid":"1", "tid":"wave"},
{"name":"ModelSetRunClock", "ph":"E", "ts":"1335103205", "pid":"1", "tid":"wave"},
{"name":"ModelAdvance", "ph":"B", "ts":"1335103287", "pid":"1", "tid":"wave"},
{"name":"ModelAdvance", "ph":"E", "ts":"1339901660", "pid":"1", "tid":"wave"},
{"name":"ModelSetRunClock", "ph":"B", "ts":"1343683688", "pid":"1", "tid":"wave"},
{"name":"ModelSetRunClock", "ph":"E", "ts":"1343684091", "pid":"1", "tid":"wave"},
{"name":"ModelAdvance", "ph":"B", "ts":"1343684218", "pid":"1", "tid":"wave"},
{"name":"ModelAdvance", "ph":"E", "ts":"1348416938", "pid":"1", "tid":"wave"},
{"name":"ModelSetRunClock", "ph":"B", "ts":"1351963307", "pid":"1", "tid":"wave"},
{"name":"ModelSetRunClock", "ph":"E", "ts":"1351963355", "pid":"1", "tid":"wave"},
{"name":"ModelAdvance", "ph":"B", "ts":"1351963463", "pid":"1", "tid":"wave"},
{"name":"ModelAdvance", "ph":"E", "ts":"1356753061", "pid":"1", "tid":"wave"},
{"name":"ModelSetRunClock", "ph":"B", "ts":"1359527619", "pid":"1", "tid":"wave"},
{"name":"ModelSetRunClock", "ph":"E", "ts":"1359527767", "pid":"1", "tid":"wave"},
{"name":"ModelAdvance", "ph":"B", "ts":"1359527921", "pid":"1", "tid":"wave"},
{"name":"ModelAdvance", "ph":"E", "ts":"1364259351", "pid":"1", "tid":"wave"},
{"name":"ModelSetRunClock", "ph":"B", "ts":"1367485040", "pid":"1", "tid":"wave"},
{"name":"ModelSetRunClock", "ph":"E", "ts":"1367485125", "pid":"1", "tid":"wave"},
{"name":"ModelAdvance", "ph":"B", "ts":"1367485268", "pid":"1", "tid":"wave"},
{"name":"ModelAdvance", "ph":"E", "ts":"1372244342", "pid":"1", "tid":"wave"},
{"name":"ModelSetRunClock", "ph":"B", "ts":"1375164943", "pid":"1", "tid":"wave"},
{"name":"ModelSetRunClock", "ph":"E", "ts":"1375165026", "pid":"1", "tid":"wave"},
{"name":"ModelAdvance", "ph":"B", "ts":"1375165201", "pid":"1", "tid":"wave"},
{"name":"ModelAdvance", "ph":"E", "ts":"1379903892", "pid":"1", "tid":"wave"},
{"name":"ModelSetRunClock", "ph":"B", "ts":"1383194741", "pid":"1", "tid":"wave"},
{"name":"ModelSetRunClock", "ph":"E", "ts":"1383194812", "pid":"1", "tid":"wave"},
{"name":"ModelAdvance", "ph":"B", "ts":"1383194893", "pid":"1", "tid":"wave"},
{"name":"ModelAdvance", "ph":"E", "ts":"1387886198", "pid":"1", "tid":"wave"},
{"name":"ModelSetRunClock", "ph":"B", "ts":"1390548476", "pid":"1", "tid":"wave"},
{"name":"ModelSetRunClock", "ph":"E", "ts":"1390548591", "pid":"1", "tid":"wave"},
{"name":"ModelAdvance", "ph":"B", "ts":"1390548787", "pid":"1", "tid":"wave"},
{"name":"ModelAdvance", "ph":"E", "ts":"1395187660", "pid":"1", "tid":"wave"},
{"name":"ModelSetRunClock", "ph":"B", "ts":"1398838148", "pid":"1", "tid":"wave"},
{"name":"ModelSetRunClock", "ph":"E", "ts":"1398838222", "pid":"1", "tid":"wave"},
{"name":"ModelAdvance", "ph":"B", "ts":"1398838316", "pid":"1", "tid":"wave"},
{"name":"ModelAdvance", "ph":"E", "ts":"1403449118", "pid":"1", "tid":"wave"},
{"name":"ModelSetRunClock", "ph":"B", "ts":"1406434474", "pid":"1", "tid":"wave"},
{"name":"ModelSetRunClock", "ph":"E", "ts":"1406434543", "pid":"1", "tid":"wave"},
{"name":"ModelAdvance", "ph":"B", "ts":"1406434665", "pid":"1", "tid":"wave"},
{"name":"ModelAdvance", "ph":"E", "ts":"1410989072", "pid":"1", "tid":"wave"},
{"name":"ModelSetRunClock", "ph":"B", "ts":"1414405532", "pid":"1", "tid":"wave"},
{"name":"ModelSetRunClock", "ph":"E", "ts":"1414405651", "pid":"1", "tid":"wave"},
{"name":"ModelAdvance", "ph":"B", "ts":"1414405784", "pid":"1", "tid":"wave"},
{"name":"ModelAdvance", "ph":"E", "ts":"1418920584", "pid":"1", "tid":"wave"},
{"name":"ModelSetRunClock", "ph":"B", "ts":"1421638026", "pid":"1", "tid":"wave"},
{"name":"ModelSetRunClock", "ph":"E", "ts":"1421638107", "pid":"1", "tid":"wave"},
{"name":"ModelAdvance", "ph":"B", "ts":"1421638238", "pid":"1", "tid":"wave"},
{"name":"ModelAdvance", "ph":"E", "ts":"1426084530", "pid":"1", "tid":"wave"},
{"name":"ModelSetRunClock", "ph":"B", "ts":"1429542530", "pid":"1", "tid":"wave"},
{"name":"ModelSetRunClock", "ph":"E", "ts":"1429542626", "pid":"1", "tid":"wave"},
{"name":"ModelAdvance", "ph":"B", "ts":"1429542780", "pid":"1", "tid":"wave"},
{"name":"ModelAdvance", "ph":"E", "ts":"1433981795", "pid":"1", "tid":"wave"},
{"name":"ModelSetRunClock", "ph":"B", "ts":"1436779937", "pid":"1", "tid":"wave"},
{"name":"ModelSetRunClock", "ph":"E", "ts":"1436780075", "pid":"1", "tid":"wave"},
{"name":"ModelAdvance", "ph":"B", "ts":"1436780224", "pid":"1", "tid":"wave"},
{"name":"ModelAdvance", "ph":"E", "ts":"1441228096", "pid":"1", "tid":"wave"},
{"name":"ModelSetRunClock", "ph":"B", "ts":"1444721524", "pid":"1", "tid":"wave"},
{"name":"ModelSetRunClock", "ph":"E", "ts":"1444721619", "pid":"1", "tid":"wave"},
{"name":"ModelAdvance", "ph":"B", "ts":"1444721792", "pid":"1", "tid":"wave"},
{"name":"ModelAdvance", "ph":"E", "ts":"1449203930", "pid":"1", "tid":"wave"},
{"name":"ModelSetRunClock", "ph":"B", "ts":"1452012625", "pid":"1", "tid":"wave"},
{"name":"ModelSetRunClock", "ph":"E", "ts":"1452012696", "pid":"1", "tid":"wave"},
{"name":"ModelAdvance", "ph":"B", "ts":"1452012776", "pid":"1", "tid":"wave"},
{"name":"ModelAdvance", "ph":"E", "ts":"1456515908", "pid":"1", "tid":"wave"},
{"name":"ModelSetRunClock", "ph":"B", "ts":"1459994076", "pid":"1", "tid":"wave"},
{"name":"ModelSetRunClock", "ph":"E", "ts":"1459994152", "pid":"1", "tid":"wave"},
{"name":"ModelAdvance", "ph":"B", "ts":"1459994375", "pid":"1", "tid":"wave"},
{"name":"ModelAdvance", "ph":"E", "ts":"1464489794", "pid":"1", "tid":"wave"},
{"name":"ModelSetRunClock", "ph":"B", "ts":"1467287041", "pid":"1", "tid":"wave"},
{"name":"ModelSetRunClock", "ph":"E", "ts":"1467287143", "pid":"1", "tid":"wave"},
{"name":"ModelAdvance", "ph":"B", "ts":"1467287265", "pid":"1", "tid":"wave"},
{"name":"ModelAdvance", "ph":"E", "ts":"1471779672", "pid":"1", "tid":"wave"},
{"name":"ModelSetRunClock", "ph":"B", "ts":"1475206072", "pid":"1", "tid":"wave"},
{"name":"ModelSetRunClock", "ph":"E", "ts":"1475206186", "pid":"1", "tid":"wave"},
{"name":"ModelAdvance", "ph":"B", "ts":"1475206312", "pid":"1", "tid":"wave"},
{"name":"ModelAdvance", "ph":"E", "ts":"1479740797", "pid":"1", "tid":"wave"},
{"name":"ModelSetRunClock", "ph":"B", "ts":"1482476568", "pid":"1", "tid":"wave"},
{"name":"ModelSetRunClock", "ph":"E", "ts":"1482476647", "pid":"1", "tid":"wave"},
{"name":"ModelAdvance", "ph":"B", "ts":"1482476829", "pid":"1", "tid":"wave"},
{"name":"ModelAdvance", "ph":"E", "ts":"1487070172", "pid":"1", "tid":"wave"},
{"name":"ModelSetRunClock", "ph":"B", "ts":"1490388890", "pid":"1", "tid":"wave"},
{"name":"ModelSetRunClock", "ph":"E", "ts":"1490388987", "pid":"1", "tid":"wave"},
{"name":"ModelAdvance", "ph":"B", "ts":"1490389098", "pid":"1", "tid":"wave"},
{"name":"ModelAdvance", "ph":"E", "ts":"1494976731", "pid":"1", "tid":"wave"},
{"name":"ModelSetRunClock", "ph":"B", "ts":"1497654314", "pid":"1", "tid":"wave"},
{"name":"ModelSetRunClock", "ph":"E", "ts":"1497654374", "pid":"1", "tid":"wave"},
{"name":"ModelAdvance", "ph":"B", "ts":"1497654467", "pid":"1", "tid":"wave"},
{"name":"ModelAdvance", "ph":"E", "ts":"1502205235", "pid":"1", "tid":"wave"},
{"name":"ModelSetRunClock", "ph":"B", "ts":"1505573465", "pid":"1", "tid":"wave"},
{"name":"ModelSetRunClock", "ph":"E", "ts":"1505573531", "pid":"1", "tid":"wave"},
{"name":"ModelAdvance", "ph":"B", "ts":"1505573631", "pid":"1", "tid":"wave"},
{"name":"ModelAdvance", "ph":"E", "ts":"1510147271", "pid":"1", "tid":"wave"},
{"name":"ModelSetRunClock", "ph":"B", "ts":"1512814905", "pid":"1", "tid":"wave"},
{"name":"ModelSetRunClock", "ph":"E", "ts":"1512814975", "pid":"1", "tid":"wave"},
{"name":"ModelAdvance", "ph":"B", "ts":"1512815129", "pid":"1", "tid":"wave"},
{"name":"ModelAdvance", "ph":"E", "ts":"1517411263", "pid":"1", "tid":"wave"},
{"name":"ModelSetRunClock", "ph":"B", "ts":"1520685311", "pid":"1", "tid":"wave"},
{"name":"ModelSetRunClock", "ph":"E", "ts":"1520685380", "pid":"1", "tid":"wave"},
{"name":"ModelAdvance", "ph":"B", "ts":"1520685531", "pid":"1", "tid":"wave"},
{"name":"ModelAdvance", "ph":"E", "ts":"1525278202", "pid":"1", "tid":"wave"},
{"name":"ModelSetRunClock", "ph":"B", "ts":"1527943844", "pid":"1", "tid":"wave"},
{"name":"ModelSetRunClock", "ph":"E", "ts":"1527943941", "pid":"1", "tid":"wave"},
{"name":"ModelAdvance", "ph":"B", "ts":"1527944115", "pid":"1", "tid":"wave"},
{"name":"ModelAdvance", "ph":"E", "ts":"1532542097", "pid":"1", "tid":"wave"},
{"name":"ModelSetRunClock", "ph":"B", "ts":"1535800836", "pid":"1", "tid":"wave"},
{"name":"ModelSetRunClock", "ph":"E", "ts":"1535800918", "pid":"1", "tid":"wave"},
{"name":"ModelAdvance", "ph":"B", "ts":"1535801310", "pid":"1", "tid":"wave"},
{"name":"ModelAdvance", "ph":"E", "ts":"1540486274", "pid":"1", "tid":"wave"},
{"name":"ModelSetRunClock", "ph":"B", "ts":"1543062536", "pid":"1", "tid":"wave"},
{"name":"ModelSetRunClock", "ph":"E", "ts":"1543062854", "pid":"1", "tid":"wave"},
{"name":"ModelAdvance", "ph":"B", "ts":"1543062979", "pid":"1", "tid":"wave"},
{"name":"ModelAdvance", "ph":"E", "ts":"1547628362", "pid":"1", "tid":"wave"},
{"name":"ModelSetRunClock", "ph":"B", "ts":"1550918889", "pid":"1", "tid":"wave"},
{"name":"ModelSetRunClock", "ph":"E", "ts":"1550919007", "pid":"1", "tid":"wave"},
{"name":"ModelAdvance", "ph":"B", "ts":"1550919224", "pid":"1", "tid":"wave"},
{"name":"ModelAdvance", "ph":"E", "ts":"1555426969", "pid":"1", "tid":"wave"},
{"name":"ModelSetRunClock", "ph":"B", "ts":"1558160201", "pid":"1", "tid":"wave"},
{"name":"ModelSetRunClock", "ph":"E", "ts":"1558160270", "pid":"1", "tid":"wave"},
{"name":"ModelAdvance", "ph":"B", "ts":"1558160388", "pid":"1", "tid":"wave"},
{"name":"ModelAdvance", "ph":"E", "ts":"1562598369", "pid":"1", "tid":"wave"},
{"name":"ModelSetRunClock", "ph":"B", "ts":"1566041545", "pid":"1", "tid":"wave"},
{"name":"ModelSetRunClock", "ph":"E", "ts":"1566041605", "pid":"1", "tid":"wave"},
{"name":"ModelAdvance", "ph":"B", "ts":"1566041706", "pid":"1", "tid":"wave"},
{"name":"ModelAdvance", "ph":"E", "ts":"1570540282", "pid":"1", "tid":"wave"},
{"name":"ModelSetRunClock", "ph":"B", "ts":"1573282050", "pid":"1", "tid":"wave"},
{"name":"ModelSetRunClock", "ph":"E", "ts":"1573282120", "pid":"1", "tid":"wave"},
{"name":"ModelAdvance", "ph":"B", "ts":"1573282216", "pid":"1", "tid":"wave"},
{"name":"ModelAdvance", "ph":"E", "ts":"1577944488", "pid":"1", "tid":"wave"},
{"name":"ModelSetRunClock", "ph":"B", "ts":"1581142514", "pid":"1", "tid":"wave"},
{"name":"ModelSetRunClock", "ph":"E", "ts":"1581142608", "pid":"1", "tid":"wave"},
{"name":"ModelAdvance", "ph":"B", "ts":"1581142813", "pid":"1", "tid":"wave"},
{"name":"ModelAdvance", "ph":"E", "ts":"1585927807", "pid":"1", "tid":"wave"},
{"name":"ModelSetRunClock", "ph":"B", "ts":"1588282095", "pid":"1", "tid":"wave"},
{"name":"ModelSetRunClock", "ph":"E", "ts":"1588282209", "pid":"1", "tid":"wave"},
{"name":"ModelAdvance", "ph":"B", "ts":"1588282439", "pid":"1", "tid":"wave"},
{"name":"ModelAdvance", "ph":"E", "ts":"1593231688", "pid":"1", "tid":"wave"},
{"name":"ModelSetRunClock", "ph":"B", "ts":"1596121010", "pid":"1", "tid":"wave"},
{"name":"ModelSetRunClock", "ph":"E", "ts":"1596121075", "pid":"1", "tid":"wave"},
{"name":"ModelAdvance", "ph":"B", "ts":"1596121203", "pid":"1", "tid":"wave"},
{"name":"ModelAdvance", "ph":"E", "ts":"1601208539", "pid":"1", "tid":"wave"},
{"name":"ModelSetRunClock", "ph":"B", "ts":"1603233345", "pid":"1", "tid":"wave"},
{"name":"ModelSetRunClock", "ph":"E", "ts":"1603233411", "pid":"1", "tid":"wave"},
{"name":"ModelAdvance", "ph":"B", "ts":"1603233608", "pid":"1", "tid":"wave"},
{"name":"ModelAdvance", "ph":"E", "ts":"1608381305", "pid":"1", "tid":"wave"},
{"name":"ModelSetRunClock", "ph":"B", "ts":"1611064708", "pid":"1", "tid":"wave"},
{"name":"ModelSetRunClock", "ph":"E", "ts":"1611064795", "pid":"1", "tid":"wave"},
{"name":"ModelAdvance", "ph":"B", "ts":"1611064952", "pid":"1", "tid":"wave"},
{"name":"ModelAdvance", "ph":"E", "ts":"1616217642", "pid":"1", "tid":"wave"},
{"name":"ModelSetRunClock", "ph":"B", "ts":"1618217028", "pid":"1", "tid":"wave"},
{"name":"ModelSetRunClock", "ph":"E", "ts":"1618217131", "pid":"1", "tid":"wave"},
{"name":"ModelAdvance", "ph":"B", "ts":"1618217252", "pid":"1", "tid":"wave"},
{"name":"ModelAdvance", "ph":"E", "ts":"1623296685", "pid":"1", "tid":"wave"},
{"name":"ModelSetRunClock", "ph":"B", "ts":"1625996853", "pid":"1", "tid":"wave"},
{"name":"ModelSetRunClock", "ph":"E", "ts":"1625996928", "pid":"1", "tid":"wave"},
{"name":"ModelAdvance", "ph":"B", "ts":"1625997033", "pid":"1", "tid":"wave"},
{"name":"ModelAdvance", "ph":"E", "ts":"1630933298", "pid":"1", "tid":"wave"},
{"name":"ModelSetRunClock", "ph":"B", "ts":"1633161718", "pid":"1", "tid":"wave"},
{"name":"ModelSetRunClock", "ph":"E", "ts":"1633161964", "pid":"1", "tid":"wave"},
{"name":"ModelAdvance", "ph":"B", "ts":"1633162094", "pid":"1", "tid":"wave"},
{"name":"ModelAdvance", "ph":"E", "ts":"1638004011", "pid":"1", "tid":"wave"},
{"name":"ModelSetRunClock", "ph":"B", "ts":"1640889447", "pid":"1", "tid":"wave"},
{"name":"ModelSetRunClock", "ph":"E", "ts":"1640889512", "pid":"1", "tid":"wave"},
{"name":"ModelAdvance", "ph":"B", "ts":"1640889591", "pid":"1", "tid":"wave"},
{"name":"ModelAdvance", "ph":"E", "ts":"1645832121", "pid":"1", "tid":"wave"},
{"name":"ModelSetRunClock", "ph":"B", "ts":"1648060373", "pid":"1", "tid":"wave"},
{"name":"ModelSetRunClock", "ph":"E", "ts":"1648060508", "pid":"1", "tid":"wave"},
{"name":"ModelAdvance", "ph":"B", "ts":"1648060630", "pid":"1", "tid":"wave"},
{"name":"ModelAdvance", "ph":"E", "ts":"1653138606", "pid":"1", "tid":"wave"},
{"name":"ModelSetRunClock", "ph":"B", "ts":"1655866674", "pid":"1", "tid":"wave"},
{"name":"ModelSetRunClock", "ph":"E", "ts":"1655866874", "pid":"1", "tid":"wave"},
{"name":"ModelAdvance", "ph":"B", "ts":"1655866989", "pid":"1", "tid":"wave"},
{"name":"ModelAdvance", "ph":"E", "ts":"1661094453", "pid":"1", "tid":"wave"},
{"name":"ModelFinalize", "ph":"B", "ts":"1661100739", "pid":"1", "tid":"wave"},
{"name":"ModelFinalize", "ph":"E", "ts":"1661100765", "pid":"1", "tid":"wave"},
