{"name":"SetServices", "ph":"B", "ts":"1806020696", "pid":"1", "tid":"mom"},
{"name":"SetServices", "ph":"E", "ts":"1806023291", "pid":"1", "tid":"mom"},
{"name":"InitializeP0", "ph":"B", "ts":"1807203607", "pid":"1", "tid":"mom"},
{"name":"InitializeP0", "ph":"E", "ts":"1807204007", "pid":"1", "tid":"mom"},
{"name":"InitializeAdvertise", "ph":"B", "ts":"1833672283", "pid":"1", "tid":"mom"},
{"name":"InitializeAdvertise", "ph":"E", "ts":"2419146223", "pid":"1", "tid":"mom"},
{"name":"InitializeRealize", "ph":"B", "ts":"2682722628", "pid":"1", "tid":"mom"},
{"name":"InitializeRealize", "ph":"E", "ts":"2688631265", "pid":"1", "tid":"mom"},
{"name":"DataInitialize", "ph":"B", "ts":"2722068751", "pid":"1", "tid":"mom"},
{"name":"DataInitialize", "ph":"E", "ts":"2722069776", "pid":"1", "tid":"mom"},
{"name":"ModelSetRunClock", "ph":"B", "ts":"2746691719", "pid":"1", "tid":"mom"},
{"name":"ModelSetRunClock", "ph":"E", "ts":"2746700973", "pid":"1", "tid":"mom"},
{"name":"ModelAdvance", "ph":"B", "ts":"2746701173", "pid":"1", "tid":"mom"},
{"name":"ModelAdvance", "ph":"E", "ts":"2752800121", "pid":"1", "tid":"mom"},
{"name":"ModelSetRunClock", "ph":"B", "ts":"2759311305", "pid":"1", "tid":"mom"},
{"name":"ModelSetRunClock", "ph":"E", "ts":"2759311367", "pid":"1", "tid":"mom"},
{"name":"ModelAdvance", "ph":"B", "ts":"2759311530", "pid":"1", "tid":"mom"},
{"name":"ModelAdvance", "ph":"E", "ts":"2764666963", "pid":"1", "tid":"mom"},
{"name":"ModelSetRunClock", "ph":"B", "ts":"2773152924", "pid":"1", "tid":"mom"},
{"name":"ModelSetRunClock", "ph":"E", "ts":"2773152983", "pid":"1", "tid":"mom"},
{"name":"ModelAdvance", "ph":"B", "ts":"2773153137", "pid":"1", "tid":"mom"},
{"name":"ModelAdvance", "ph":"E", "ts":"2778520537", "pid":"1", "tid":"mom"},
{"name":"ModelSetRunClock", "ph":"B", "ts":"2788411499", "pid":"1", "tid":"mom"},
{"name":"ModelSetRunClock", "ph":"E", "ts":"2788411554", "pid":"1", "tid":"mom"},
{"name":"ModelAdvance", "ph":"B", "ts":"2788411715", "pid":"1", "tid":"mom"},
{"name":"ModelAdvance", "ph":"E", "ts":"2793774897", "pid":"1", "tid":"mom"},
{"name":"ModelSetRunClock", "ph":"B", "ts":"2802392862", "pid":"1", "tid":"mom"},
{"name":"ModelSetRunClock", "ph":"E", "ts":"2802392921", "pid":"1", "tid":"mom"},
{"name":"ModelAdvance", "ph":"B", "ts":"2802393074", "pid":"1", "tid":"mom"},
{"name":"ModelAdvance", "ph":"E", "ts":"2807766247", "pid":"1", "tid":"mom"},
{"name":"ModelSetRunClock", "ph":"B", "ts":"2813447848", "pid":"1", "tid":"mom"},
{"name":"ModelSetRunClock", "ph":"E", "ts":"2813447924", "pid":"1", "tid":"mom"},
{"name":"ModelAdvance", "ph":"B", "ts":"2813448120", "pid":"1", "tid":"mom"},
{"name":"ModelAdvance", "ph":"E", "ts":"2818924034", "pid":"1", "tid":"mom"},
{"name":"ModelSetRunClock", "ph":"B", "ts":"2835704784", "pid":"1", "tid":"mom"},
{"name":"ModelSetRunClock", "ph":"E", "ts":"2835704863", "pid":"1", "tid":"mom"},
{"name":"ModelAdvance", "ph":"B", "ts":"2835705069", "pid":"1", "tid":"mom"},
{"name":"ModelAdvance", "ph":"E", "ts":"2841124136", "pid":"1", "tid":"mom"},
{"name":"ModelSetRunClock", "ph":"B", "ts":"2843789139", "pid":"1", "tid":"mom"},
{"name":"ModelSetRunClock", "ph":"E", "ts":"2843789218", "pid":"1", "tid":"mom"},
{"name":"ModelAdvance", "ph":"B", "ts":"2843789398", "pid":"1", "tid":"mom"},
{"name":"ModelAdvance", "ph":"E", "ts":"2849222992", "pid":"1", "tid":"mom"},
{"name":"ModelSetRunClock", "ph":"B", "ts":"2851247976", "pid":"1", "tid":"mom"},
{"name":"ModelSetRunClock", "ph":"E", "ts":"2851248041", "pid":"1", "tid":"mom"},
{"name":"ModelAdvance", "ph":"B", "ts":"2851248235", "pid":"1", "tid":"mom"},
{"name":"ModelAdvance", "ph":"E", "ts":"2856679371", "pid":"1", "tid":"mom"},
{"name":"ModelSetRunClock", "ph":"B", "ts":"2859211629", "pid":"1", "tid":"mom"},
{"name":"ModelSetRunClock", "ph":"E", "ts":"2859211698", "pid":"1", "tid":"mom"},
{"name":"ModelAdvance", "ph":"B", "ts":"2859211877", "pid":"1", "tid":"mom"},
{"name":"ModelAdvance", "ph":"E", "ts":"2864623055", "pid":"1", "tid":"mom"},
{"name":"ModelSetRunClock", "ph":"B", "ts":"2866605804", "pid":"1", "tid":"mom"},
{"name":"ModelSetRunClock", "ph":"E", "ts":"2866605890", "pid":"1", "tid":"mom"},
{"name":"ModelAdvance", "ph":"B", "ts":"2866606325", "pid":"1", "tid":"mom"},
{"name":"ModelAdvance", "ph":"E", "ts":"2872025204", "pid":"1", "tid":"mom"},
{"name":"ModelSetRunClock", "ph":"B", "ts":"2874633773", "pid":"1", "tid":"mom"},
{"name":"ModelSetRunClock", "ph":"E", "ts":"2874633830", "pid":"1", "tid":"mom"},
{"name":"ModelAdvance", "ph":"B", "ts":"2874633986", "pid":"1", "tid":"mom"},
{"name":"ModelAdvance", "ph":"E", "ts":"2879923637", "pid":"1", "tid":"mom"},
{"name":"ModelSetRunClock", "ph":"B", "ts":"2882221192", "pid":"1", "tid":"mom"},
{"name":"ModelSetRunClock", "ph":"E", "ts":"2882221254", "pid":"1", "tid":"mom"},
{"name":"ModelAdvance", "ph":"B", "ts":"2882221423", "pid":"1", "tid":"mom"},
{"name":"ModelAdvance", "ph":"E", "ts":"2887445111", "pid":"1", "tid":"mom"},
{"name":"ModelSetRunClock", "ph":"B", "ts":"2890226990", "pid":"1", "tid":"mom"},
{"name":"ModelSetRunClock", "ph":"E", "ts":"2890227048", "pid":"1", "tid":"mom"},
{"name":"ModelAdvance", "ph":"B", "ts":"2890227210", "pid":"1", "tid":"mom"},
{"name":"ModelAdvance", "ph":"E", "ts":"2895477576", "pid":"1", "tid":"mom"},
{"name":"ModelSetRunClock", "ph":"B", "ts":"2897574882", "pid":"1", "tid":"mom"},
{"name":"ModelSetRunClock", "ph":"E", "ts":"2897574945", "pid":"1", "tid":"mom"},
{"name":"ModelAdvance", "ph":"B", "ts":"2897575113", "pid":"1", "tid":"mom"},
{"name":"ModelAdvance", "ph":"E", "ts":"2902844706", "pid":"1", "tid":"mom"},
{"name":"ModelSetRunClock", "ph":"B", "ts":"2905573464", "pid":"1", "tid":"mom"},
{"name":"ModelSetRunClock", "ph":"E", "ts":"2905573521", "pid":"1", "tid":"mom"},
{"name":"ModelAdvance", "ph":"B", "ts":"2905573681", "pid":"1", "tid":"mom"},
{"name":"ModelAdvance", "ph":"E", "ts":"2910843986", "pid":"1", "tid":"mom"},
{"name":"ModelSetRunClock", "ph":"B", "ts":"2913167560", "pid":"1", "tid":"mom"},
{"name":"ModelSetRunClock", "ph":"E", "ts":"2913167645", "pid":"1", "tid":"mom"},
{"name":"ModelAdvance", "ph":"B", "ts":"2913167840", "pid":"1", "tid":"mom"},
{"name":"ModelAdvance", "ph":"E", "ts":"2918414147", "pid":"1", "tid":"mom"},
{"name":"ModelSetRunClock", "ph":"B", "ts":"2921626123", "pid":"1", "tid":"mom"},
{"name":"ModelSetRunClock", "ph":"E", "ts":"2921626232", "pid":"1", "tid":"mom"},
{"name":"ModelAdvance", "ph":"B", "ts":"2921626460", "pid":"1", "tid":"mom"},
{"name":"ModelAdvance", "ph":"E", "ts":"2926935183", "pid":"1", "tid":"mom"},
{"name":"ModelSetRunClock", "ph":"B", "ts":"2929450653", "pid":"1", "tid":"mom"},
{"name":"ModelSetRunClock", "ph":"E", "ts":"2929450903", "pid":"1", "tid":"mom"},
{"name":"ModelAdvance", "ph":"B", "ts":"2929451094", "pid":"1", "tid":"mom"},
{"name":"ModelAdvance", "ph":"E", "ts":"2934694343", "pid":"1", "tid":"mom"},
{"name":"ModelSetRunClock", "ph":"B", "ts":"2937842381", "pid":"1", "tid":"mom"},
{"name":"ModelSetRunClock", "ph":"E", "ts":"2937842442", "pid":"1", "tid":"mom"},
{"name":"ModelAdvance", "ph":"B", "ts":"2937842605", "pid":"1", "tid":"mom"},
{"name":"ModelAdvance", "ph":"E", "ts":"2943092223", "pid":"1", "tid":"mom"},
{"name":"ModelSetRunClock", "ph":"B", "ts":"2945390016", "pid":"1", "tid":"mom"},
{"name":"ModelSetRunClock", "ph":"E", "ts":"2945390084", "pid":"1", "tid":"mom"},
{"name":"ModelAdvance", "ph":"B", "ts":"2945390263", "pid":"1", "tid":"mom"},
{"name":"ModelAdvance", "ph":"E", "ts":"2950620998", "pid":"1", "tid":"mom"},
{"name":"ModelSetRunClock", "ph":"B", "ts":"2953869786", "pid":"1", "tid":"mom"},
{"name":"ModelSetRunClock", "ph":"E", "ts":"2953869844", "pid":"1", "tid":"mom"},
{"name":"ModelAdvance", "ph":"B", "ts":"2953870004", "pid":"1", "tid":"mom"},
{"name":"ModelAdvance", "ph":"E", "ts":"2959092378", "pid":"1", "tid":"mom"},
{"name":"ModelSetRunClock", "ph":"B", "ts":"2961815194", "pid":"1", "tid":"mom"},
{"name":"ModelSetRunClock", "ph":"E", "ts":"2961815366", "pid":"1", "tid":"mom"},
{"name":"ModelAdvance", "ph":"B", "ts":"2961815521", "pid":"1", "tid":"mom"},
{"name":"ModelAdvance", "ph":"E", "ts":"2967032618", "pid":"1", "tid":"mom"},
{"name":"ModelSetRunClock", "ph":"B", "ts":"2970080654", "pid":"1", "tid":"mom"},
{"name":"ModelSetRunClock", "ph":"E", "ts":"2970080807", "pid":"1", "tid":"mom"},
{"name":"ModelAdvance", "ph":"B", "ts":"2970080974", "pid":"1", "tid":"mom"},
{"name":"ModelAdvance", "ph":"E", "ts":"2975366569", "pid":"1", "tid":"mom"},
{"name":"ModelSetRunClock", "ph":"B", "ts":"2977611910", "pid":"1", "tid":"mom"},
{"name":"ModelSetRunClock", "ph":"E", "ts":"2977611962", "pid":"1", "tid":"mom"},
{"name":"ModelAdvance", "ph":"B", "ts":"2977612118", "pid":"1", "tid":"mom"},
{"name":"ModelAdvance", "ph":"E", "ts":"2982821097", "pid":"1", "tid":"mom"},
{"name":"ModelSetRunClock", "ph":"B", "ts":"2985601789", "pid":"1", "tid":"mom"},
{"name":"ModelSetRunClock", "ph":"E", "ts":"2985601874", "pid":"1", "tid":"mom"},
{"name":"ModelAdvance", "ph":"B", "ts":"2985602062", "pid":"1", "tid":"mom"},
{"name":"ModelAdvance", "ph":"E", "ts":"2990793289", "pid":"1", "tid":"mom"},
{"name":"ModelSetRunClock", "ph":"B", "ts":"2992718582", "pid":"1", "tid":"mom"},
{"name":"ModelSetRunClock", "ph":"E", "ts":"2992718650", "pid":"1", "tid":"mom"},
{"name":"ModelAdvance", "ph":"B", "ts":"2992718825", "pid":"1", "tid":"mom"},
{"name":"ModelAdvance", "ph":"E", "ts":"2997906568", "pid":"1", "tid":"mom"},
{"name":"ModelSetRunClock", "ph":"B", "ts":"3000548721", "pid":"1", "tid":"mom"},
{"name":"ModelSetRunClock", "ph":"E", "ts":"3000548801", "pid":"1", "tid":"mom"},
{"name":"ModelAdvance", "ph":"B", "ts":"3000548998", "pid":"1", "tid":"mom"},
{"name":"ModelAdvance", "ph":"E", "ts":"3005720308", "pid":"1", "tid":"mom"},
{"name":"ModelSetRunClock", "ph":"B", "ts":"3007629824", "pid":"1", "tid":"mom"},
{"name":"ModelSetRunClock", "ph":"E", "ts":"3007629907", "pid":"1", "tid":"mom"},
{"name":"ModelAdvance", "ph":"B", "ts":"3007630102", "pid":"1", "tid":"mom"},
{"name":"ModelAdvance", "ph":"E", "ts":"3012784479", "pid":"1", "tid":"mom"},
{"name":"ModelSetRunClock", "ph":"B", "ts":"3015434697", "pid":"1", "tid":"mom"},
{"name":"ModelSetRunClock", "ph":"E", "ts":"3015434756", "pid":"1", "tid":"mom"},
{"name":"ModelAdvance", "ph":"B", "ts":"3015434918", "pid":"1", "tid":"mom"},
{"name":"ModelAdvance", "ph":"E", "ts":"3020665103", "pid":"1", "tid":"mom"},
{"name":"ModelSetRunClock", "ph":"B", "ts":"3022666646", "pid":"1", "tid":"mom"},
{"name":"ModelSetRunClock", "ph":"E", "ts":"3022666808", "pid":"1", "tid":"mom"},
{"name":"ModelAdvance", "ph":"B", "ts":"3022666986", "pid":"1", "tid":"mom"},
{"name":"ModelAdvance", "ph":"E", "ts":"3027836569", "pid":"1", "tid":"mom"},
{"name":"ModelSetRunClock", "ph":"B", "ts":"3030513603", "pid":"1", "tid":"mom"},
{"name":"ModelSetRunClock", "ph":"E", "ts":"3030513692", "pid":"1", "tid":"mom"},
{"name":"ModelAdvance", "ph":"B", "ts":"3030513879", "pid":"1", "tid":"mom"},
{"name":"ModelAdvance", "ph":"E", "ts":"3035692500", "pid":"1", "tid":"mom"},
{"name":"ModelSetRunClock", "ph":"B", "ts":"3037649041", "pid":"1", "tid":"mom"},
{"name":"ModelSetRunClock", "ph":"E", "ts":"3037649131", "pid":"1", "tid":"mom"},
{"name":"ModelAdvance", "ph":"B", "ts":"3037649378", "pid":"1", "tid":"mom"},
{"name":"ModelAdvance", "ph":"E", "ts":"3042829022", "pid":"1", "tid":"mom"},
{"name":"ModelSetRunClock", "ph":"B", "ts":"3045420597", "pid":"1", "tid":"mom"},
{"name":"ModelSetRunClock", "ph":"E", "ts":"3045420656", "pid":"1", "tid":"mom"},
{"name":"ModelAdvance", "ph":"B", "ts":"3045420812", "pid":"1", "tid":"mom"},
{"name":"ModelAdvance", "ph":"E", "ts":"3050615370", "pid":"1", "tid":"mom"},
{"name":"ModelSetRunClock", "ph":"B", "ts":"3052482487", "pid":"1", "tid":"mom"},
{"name":"ModelSetRunClock", "ph":"E", "ts":"3052482548", "pid":"1", "tid":"mom"},
{"name":"ModelAdvance", "ph":"B", "ts":"3052482714", "pid":"1", "tid":"mom"},
{"name":"ModelAdvance", "ph":"E", "ts":"3057683511", "pid":"1", "tid":"mom"},
{"name":"ModelSetRunClock", "ph":"B", "ts":"3060332346", "pid":"1", "tid":"mom"},
{"name":"ModelSetRunClock", "ph":"E", "ts":"3060332412", "pid":"1", "tid":"mom"},
{"name":"ModelAdvance", "ph":"B", "ts":"3060332567", "pid":"1", "tid":"mom"},
{"name":"ModelAdvance", "ph":"E", "ts":"3065605539", "pid":"1", "tid":"mom"},
{"name":"ModelSetRunClock", "ph":"B", "ts":"3067612399", "pid":"1", "tid":"mom"},
{"name":"ModelSetRunClock", "ph":"E", "ts":"3067612461", "pid":"1", "tid":"mom"},
{"name":"ModelAdvance", "ph":"B", "ts":"3067612646", "pid":"1", "tid":"mom"},
{"name":"ModelAdvance", "ph":"E", "ts":"3072815929", "pid":"1", "tid":"mom"},
{"name":"ModelSetRunClock", "ph":"B", "ts":"3075491004", "pid":"1", "tid":"mom"},
{"name":"ModelSetRunClock", "ph":"E", "ts":"3075491072", "pid":"1", "tid":"mom"},
{"name":"ModelAdvance", "ph":"B", "ts":"3075491241", "pid":"1", "tid":"mom"},
{"name":"ModelAdvance", "ph":"E", "ts":"3080712592", "pid":"1", "tid":"mom"},
{"name":"ModelSetRunClock", "ph":"B", "ts":"3082693570", "pid":"1", "tid":"mom"},
{"name":"ModelSetRunClock", "ph":"E", "ts":"3082693641", "pid":"1", "tid":"mom"},
{"name":"ModelAdvance", "ph":"B", "ts":"3082693816", "pid":"1", "tid":"mom"},
{"name":"ModelAdvance", "ph":"E", "ts":"3087923595", "pid":"1", "tid":"mom"},
{"name":"ModelSetRunClock", "ph":"B", "ts":"3090655615", "pid":"1", "tid":"mom"},
{"name":"ModelSetRunClock", "ph":"E", "ts":"3090655675", "pid":"1", "tid":"mom"},
{"name":"ModelAdvance", "ph":"B", "ts":"3090655829", "pid":"1", "tid":"mom"},
{"name":"ModelAdvance", "ph":"E", "ts":"3095850291", "pid":"1", "tid":"mom"},
{"name":"ModelSetRunClock", "ph":"B", "ts":"3098362543", "pid":"1", "tid":"mom"},
{"name":"ModelSetRunClock", "ph":"E", "ts":"3098362614", "pid":"1", "tid":"mom"},
{"name":"ModelAdvance", "ph":"B", "ts":"3098362800", "pid":"1", "tid":"mom"},
{"name":"ModelAdvance", "ph":"E", "ts":"3103550189", "pid":"1", "tid":"mom"},
{"name":"ModelSetRunClock", "ph":"B", "ts":"3106637616", "pid":"1", "tid":"mom"},
{"name":"ModelSetRunClock", "ph":"E", "ts":"3106637681", "pid":"1", "tid":"mom"},
{"name":"ModelAdvance", "ph":"B", "ts":"3106637840", "pid":"1", "tid":"mom"},
{"name":"ModelAdvance", "ph":"E", "ts":"3111893665", "pid":"1", "tid":"mom"},
{"name":"ModelSetRunClock", "ph":"B", "ts":"3114358213", "pid":"1", "tid":"mom"},
{"name":"ModelSetRunClock", "ph":"E", "ts":"3114358265", "pid":"1", "tid":"mom"},
{"name":"ModelAdvance", "ph":"B", "ts":"3114358427", "pid":"1", "tid":"mom"},
{"name":"ModelAdvance", "ph":"E", "ts":"3119535274", "pid":"1", "tid":"mom"},
{"name":"ModelSetRunClock", "ph":"B", "ts":"3134951277", "pid":"1", "tid":"mom"},
{"name":"ModelSetRunClock", "ph":"E", "ts":"3134951355", "pid":"1", "tid":"mom"},
{"name":"ModelAdvance", "ph":"B", "ts":"3134951531", "pid":"1", "tid":"mom"},
{"name":"ModelAdvance", "ph":"E", "ts":"3140108766", "pid":"1", "tid":"mom"},
{"name":"ModelSetRunClock", "ph":"B", "ts":"3142467315", "pid":"1", "tid":"mom"},
{"name":"ModelSetRunClock", "ph":"E", "ts":"3142467373", "pid":"1", "tid":"mom"},
{"name":"ModelAdvance", "ph":"B", "ts":"3142467536", "pid":"1", "tid":"mom"},
{"name":"ModelAdvance", "ph":"E", "ts":"3147614038", "pid":"1", "tid":"mom"},
{"name":"ModelSetRunClock", "ph":"B", "ts":"3150475647", "pid":"1", "tid":"mom"},
{"name":"ModelSetRunClock", "ph":"E", "ts":"3150475808", "pid":"1", "tid":"mom"},
{"name":"ModelAdvance", "ph":"B", "ts":"3150475965", "pid":"1", "tid":"mom"},
{"name":"ModelAdvance", "ph":"E", "ts":"3155632214", "pid":"1", "tid":"mom"},
{"name":"ModelSetRunClock", "ph":"B", "ts":"3157760724", "pid":"1", "tid":"mom"},
{"name":"ModelSetRunClock", "ph":"E", "ts":"3157760805", "pid":"1", "tid":"mom"},
{"name":"ModelAdvance", "ph":"B", "ts":"3157760986", "pid":"1", "tid":"mom"},
{"name":"ModelAdvance", "ph":"E", "ts":"3162936291", "pid":"1", "tid":"mom"},
{"name":"ModelSetRunClock", "ph":"B", "ts":"3165635212", "pid":"1", "tid":"mom"},
{"name":"ModelSetRunClock", "ph":"E", "ts":"3165635291", "pid":"1", "tid":"mom"},
{"name":"ModelAdvance", "ph":"B", "ts":"3165635543", "pid":"1", "tid":"mom"},
{"name":"ModelAdvance", "ph":"E", "ts":"3170882307", "pid":"1", "tid":"mom"},
{"name":"ModelSetRunClock", "ph":"B", "ts":"3173010041", "pid":"1", "tid":"mom"},
{"name":"ModelSetRunClock", "ph":"E", "ts":"3173010084", "pid":"1", "tid":"mom"},
{"name":"ModelAdvance", "ph":"B", "ts":"3173010235", "pid":"1", "tid":"mom"},
{"name":"ModelAdvance", "ph":"E", "ts":"3178207035", "pid":"1", "tid":"mom"},
{"name":"ModelSetRunClock", "ph":"B", "ts":"3180988669", "pid":"1", "tid":"mom"},
{"name":"ModelSetRunClock", "ph":"E", "ts":"3180988873", "pid":"1", "tid":"mom"},
{"name":"ModelAdvance", "ph":"B", "ts":"3180989038", "pid":"1", "tid":"mom"},
{"name":"ModelAdvance", "ph":"E", "ts":"3186191616", "pid":"1", "tid":"mom"},
{"name":"ModelSetRunClock", "ph":"B", "ts":"3188154852", "pid":"1", "tid":"mom"},
{"name":"ModelSetRunClock", "ph":"E", "ts":"3188154920", "pid":"1", "tid":"mom"},
{"name":"ModelAdvance", "ph":"B", "ts":"3188155081", "pid":"1", "tid":"mom"},
{"name":"ModelAdvance", "ph":"E", "ts":"3193334978", "pid":"1", "tid":"mom"},
{"name":"ModelSetRunClock", "ph":"B", "ts":"3196119730", "pid":"1", "tid":"mom"},
{"name":"ModelSetRunClock", "ph":"E", "ts":"3196119797", "pid":"1", "tid":"mom"},
{"name":"ModelAdvance", "ph":"B", "ts":"3196119968", "pid":"1", "tid":"mom"},
{"name":"ModelAdvance", "ph":"E", "ts":"3201324446", "pid":"1", "tid":"mom"},
{"name":"ModelSetRunClock", "ph":"B", "ts":"3203492412", "pid":"1", "tid":"mom"},
{"name":"ModelSetRunClock", "ph":"E", "ts":"3203492479", "pid":"1", "tid":"mom"},
{"name":"ModelAdvance", "ph":"B", "ts":"3203492635", "pid":"1", "tid":"mom"},
{"name":"ModelAdvance", "ph":"E", "ts":"3208699544", "pid":"1", "tid":"mom"},
{"name":"ModelSetRunClock", "ph":"B", "ts":"3211462248", "pid":"1", "tid":"mom"},
{"name":"ModelSetRunClock", "ph":"E", "ts":"3211462307", "pid":"1", "tid":"mom"},
{"name":"ModelAdvance", "ph":"B", "ts":"3211462462", "pid":"1", "tid":"mom"},
{"name":"ModelAdvance", "ph":"E", "ts":"3216739561", "pid":"1", "tid":"mom"},
{"name":"ModelSetRunClock", "ph":"B", "ts":"3218908457", "pid":"1", "tid":"mom"},
{"name":"ModelSetRunClock", "ph":"E", "ts":"3218908508", "pid":"1", "tid":"mom"},
{"name":"ModelAdvance", "ph":"B", "ts":"3218908668", "pid":"1", "tid":"mom"},
{"name":"ModelAdvance", "ph":"E", "ts":"3224116520", "pid":"1", "tid":"mom"},
{"name":"ModelSetRunClock", "ph":"B", "ts":"3226951662", "pid":"1", "tid":"mom"},
{"name":"ModelSetRunClock", "ph":"E", "ts":"3226951741", "pid":"1", "tid":"mom"},
{"name":"ModelAdvance", "ph":"B", "ts":"3226951938", "pid":"1", "tid":"mom"},
{"name":"ModelAdvance", "ph":"E", "ts":"3232157466", "pid":"1", "tid":"mom"},
{"name":"ModelSetRunClock", "ph":"B", "ts":"3234353874", "pid":"1", "tid":"mom"},
{"name":"ModelSetRunClock", "ph":"E", "ts":"3234353996", "pid":"1", "tid":"mom"},
{"name":"ModelAdvance", "ph":"B", "ts":"3234354199", "pid":"1", "tid":"mom"},
{"name":"ModelAdvance", "ph":"E", "ts":"3239546241", "pid":"1", "tid":"mom"},
{"name":"ModelSetRunClock", "ph":"B", "ts":"3242256350", "pid":"1", "tid":"mom"},
{"name":"ModelSetRunClock", "ph":"E", "ts":"3242256420", "pid":"1", "tid":"mom"},
{"name":"ModelAdvance", "ph":"B", "ts":"3242256604", "pid":"1", "tid":"mom"},
{"name":"ModelAdvance", "ph":"E", "ts":"3247441596", "pid":"1", "tid":"mom"},
{"name":"ModelSetRunClock", "ph":"B", "ts":"3249415280", "pid":"1", "tid":"mom"},
{"name":"ModelSetRunClock", "ph":"E", "ts":"3249415341", "pid":"1", "tid":"mom"},
{"name":"ModelAdvance", "ph":"B", "ts":"3249415499", "pid":"1", "tid":"mom"},
{"name":"ModelAdvance", "ph":"E", "ts":"3254582295", "pid":"1", "tid":"mom"},
{"name":"ModelSetRunClock", "ph":"B", "ts":"3257261757", "pid":"1", "tid":"mom"},
{"name":"ModelSetRunClock", "ph":"E", "ts":"3257261819", "pid":"1", "tid":"mom"},
{"name":"ModelAdvance", "ph":"B", "ts":"3257261980", "pid":"1", "tid":"mom"},
{"name":"ModelAdvance", "ph":"E", "ts":"3262487311", "pid":"1", "tid":"mom"},
{"name":"ModelSetRunClock", "ph":"B", "ts":"3264467177", "pid":"1", "tid":"mom"},
{"name":"ModelSetRunClock", "ph":"E", "ts":"3264467236", "pid":"1", "tid":"mom"},
{"name":"ModelAdvance", "ph":"B", "ts":"3264467409", "pid":"1", "tid":"mom"},
{"name":"ModelAdvance", "ph":"E", "ts":"3269624480", "pid":"1", "tid":"mom"},
{"name":"ModelSetRunClock", "ph":"B", "ts":"3272322676", "pid":"1", "tid":"mom"},
{"name":"ModelSetRunClock", "ph":"E", "ts":"3272322732", "pid":"1", "tid":"mom"},
{"name":"ModelAdvance", "ph":"B", "ts":"3272323001", "pid":"1", "tid":"mom"},
{"name":"ModelAdvance", "ph":"E", "ts":"3277473929", "pid":"1", "tid":"mom"},
{"name":"ModelSetRunClock", "ph":"B", "ts":"3279608874", "pid":"1", "tid":"mom"},
{"name":"ModelSetRunClock", "ph":"E", "ts":"3279608953", "pid":"1", "tid":"mom"},
{"name":"ModelAdvance", "ph":"B", "ts":"3279609137", "pid":"1", "tid":"mom"},
{"name":"ModelAdvance", "ph":"E", "ts":"3284762570", "pid":"1", "tid":"mom"},
{"name":"ModelSetRunClock", "ph":"B", "ts":"3287536553", "pid":"1", "tid":"mom"},
{"name":"ModelSetRunClock", "ph":"E", "ts":"3287536618", "pid":"1", "tid":"mom"},
{"name":"ModelAdvance", "ph":"B", "ts":"3287536796", "pid":"1", "tid":"mom"},
{"name":"ModelAdvance", "ph":"E", "ts":"3292716033", "pid":"1", "tid":"mom"},
{"name":"ModelSetRunClock", "ph":"B", "ts":"3294732919", "pid":"1", "tid":"mom"},
{"name":"ModelSetRunClock", "ph":"E", "ts":"3294732996", "pid":"1", "tid":"mom"},
{"name":"ModelAdvance", "ph":"B", "ts":"3294733188", "pid":"1", "tid":"mom"},
{"name":"ModelAdvance", "ph":"E", "ts":"3299893766", "pid":"1", "tid":"mom"},
{"name":"ModelSetRunClock", "ph":"B", "ts":"3302581995", "pid":"1", "tid":"mom"},
{"name":"ModelSetRunClock", "ph":"E", "ts":"3302582065", "pid":"1", "tid":"mom"},
{"name":"ModelAdvance", "ph":"B", "ts":"3302582237", "pid":"1", "tid":"mom"},
{"name":"ModelAdvance", "ph":"E", "ts":"3307815090", "pid":"1", "tid":"mom"},
{"name":"ModelSetRunClock", "ph":"B", "ts":"3310170593", "pid":"1", "tid":"mom"},
{"name":"ModelSetRunClock", "ph":"E", "ts":"3310170739", "pid":"1", "tid":"mom"},
{"name":"ModelAdvance", "ph":"B", "ts":"3310170908", "pid":"1", "tid":"mom"},
{"name":"ModelAdvance", "ph":"E", "ts":"3315339519", "pid":"1", "tid":"mom"},
{"name":"ModelSetRunClock", "ph":"B", "ts":"3318226825", "pid":"1", "tid":"mom"},
{"name":"ModelSetRunClock", "ph":"E", "ts":"3318226900", "pid":"1", "tid":"mom"},
{"name":"ModelAdvance", "ph":"B", "ts":"3318227064", "pid":"1", "tid":"mom"},
{"name":"ModelAdvance", "ph":"E", "ts":"3323381531", "pid":"1", "tid":"mom"},
{"name":"ModelSetRunClock", "ph":"B", "ts":"3325551890", "pid":"1", "tid":"mom"},
{"name":"ModelSetRunClock", "ph":"E", "ts":"3325551955", "pid":"1", "tid":"mom"},
{"name":"ModelAdvance", "ph":"B", "ts":"3325552122", "pid":"1", "tid":"mom"},
{"name":"ModelAdvance", "ph":"E", "ts":"3330730614", "pid":"1", "tid":"mom"},
{"name":"ModelSetRunClock", "ph":"B", "ts":"3333440586", "pid":"1", "tid":"mom"},
{"name":"ModelSetRunClock", "ph":"E", "ts":"3333440632", "pid":"1", "tid":"mom"},
{"name":"ModelAdvance", "ph":"B", "ts":"3333440781", "pid":"1", "tid":"mom"},
{"name":"ModelAdvance", "ph":"E", "ts":"3338627110", "pid":"1", "tid":"mom"},
{"name":"ModelSetRunClock", "ph":"B", "ts":"3341198202", "pid":"1", "tid":"mom"},
{"name":"ModelSetRunClock", "ph":"E", "ts":"3341198465", "pid":"1", "tid":"mom"},
{"name":"ModelAdvance", "ph":"B", "ts":"3341198649", "pid":"1", "tid":"mom"},
{"name":"ModelAdvance", "ph":"E", "ts":"3346390557", "pid":"1", "tid":"mom"},
{"name":"ModelSetRunClock", "ph":"B", "ts":"3349121149", "pid":"1", "tid":"mom"},
{"name":"ModelSetRunClock", "ph":"E", "ts":"3349121227", "pid":"1", "tid":"mom"},
{"name":"ModelAdvance", "ph":"B", "ts":"3349121408", "pid":"1", "tid":"mom"},
{"name":"ModelAdvance", "ph":"E", "ts":"3354372641", "pid":"1", "tid":"mom"},
{"name":"ModelSetRunClock", "ph":"B", "ts":"3357137979", "pid":"1", "tid":"mom"},
{"name":"ModelSetRunClock", "ph":"E", "ts":"3357138059", "pid":"1", "tid":"mom"},
{"name":"ModelAdvance", "ph":"B", "ts":"3357138254", "pid":"1", "tid":"mom"},
{"name":"ModelAdvance", "ph":"E", "ts":"3362316768", "pid":"1", "tid":"mom"},
{"name":"ModelSetRunClock", "ph":"B", "ts":"3365200916", "pid":"1", "tid":"mom"},
{"name":"ModelSetRunClock", "ph":"E", "ts":"3365201018", "pid":"1", "tid":"mom"},
{"name":"ModelAdvance", "ph":"B", "ts":"3365201219", "pid":"1", "tid":"mom"},
{"name":"ModelAdvance", "ph":"E", "ts":"3370378893", "pid":"1", "tid":"mom"},
{"name":"ModelSetRunClock", "ph":"B", "ts":"3373172118", "pid":"1", "tid":"mom"},
{"name":"ModelSetRunClock", "ph":"E", "ts":"3373172217", "pid":"1", "tid":"mom"},
{"name":"ModelAdvance", "ph":"B", "ts":"3373172574", "pid":"1", "tid":"mom"},
{"name":"ModelAdvance", "ph":"E", "ts":"3378350363", "pid":"1", "tid":"mom"},
{"name":"ModelSetRunClock", "ph":"B", "ts":"3380987225", "pid":"1", "tid":"mom"},
{"name":"ModelSetRunClock", "ph":"E", "ts":"3380987328", "pid":"1", "tid":"mom"},
{"name":"ModelAdvance", "ph":"B", "ts":"3380987538", "pid":"1", "tid":"mom"},
{"name":"ModelAdvance", "ph":"E", "ts":"3386165493", "pid":"1", "tid":"mom"},
{"name":"ModelSetRunClock", "ph":"B", "ts":"3388525318", "pid":"1", "tid":"mom"},
{"name":"ModelSetRunClock", "ph":"E", "ts":"3388525385", "pid":"1", "tid":"mom"},
{"name":"ModelAdvance", "ph":"B", "ts":"3388525550", "pid":"1", "tid":"mom"},
{"name":"ModelAdvance", "ph":"E", "ts":"3393687522", "pid":"1", "tid":"mom"},
{"name":"ModelSetRunClock", "ph":"B", "ts":"3396483185", "pid":"1", "tid":"mom"},
{"name":"ModelSetRunClock", "ph":"E", "ts":"3396483241", "pid":"1", "tid":"mom"},
{"name":"ModelAdvance", "ph":"B", "ts":"3396483395", "pid":"1", "tid":"mom"},
{"name":"ModelAdvance", "ph":"E", "ts":"3401709856", "pid":"1", "tid":"mom"},
{"name":"ModelSetRunClock", "ph":"B", "ts":"3403687623", "pid":"1", "tid":"mom"},
{"name":"ModelSetRunClock", "ph":"E", "ts":"3403687685", "pid":"1", "tid":"mom"},
{"name":"ModelAdvance", "ph":"B", "ts":"3403687850", "pid":"1", "tid":"mom"},
{"name":"ModelAdvance", "ph":"E", "ts":"3408856825", "pid":"1", "tid":"mom"},
{"name":"ModelSetRunClock", "ph":"B", "ts":"3411472983", "pid":"1", "tid":"mom"},
{"name":"ModelSetRunClock", "ph":"E", "ts":"3411473059", "pid":"1", "tid":"mom"},
{"name":"ModelAdvance", "ph":"B", "ts":"3411473237", "pid":"1", "tid":"mom"},
{"name":"ModelAdvance", "ph":"E", "ts":"3416638706", "pid":"1", "tid":"mom"},
{"name":"ModelSetRunClock", "ph":"B", "ts":"3418592378", "pid":"1", "tid":"mom"},
{"name":"ModelSetRunClock", "ph":"E", "ts":"3418592444", "pid":"1", "tid":"mom"},
{"name":"ModelAdvance", "ph":"B", "ts":"3418592624", "pid":"1", "tid":"mom"},
{"name":"ModelAdvance", "ph":"E", "ts":"3423765547", "pid":"1", "tid":"mom"},
{"name":"ModelSetRunClock", "ph":"B", "ts":"3426361376", "pid":"1", "tid":"mom"},
{"name":"ModelSetRunClock", "ph":"E", "ts":"3426361438", "pid":"1", "tid":"mom"},
{"name":"ModelAdvance", "ph":"B", "ts":"3426361627", "pid":"1", "tid":"mom"},
{"name":"ModelAdvance", "ph":"E", "ts":"3431556447", "pid":"1", "tid":"mom"},
{"name":"ModelSetRunClock", "ph":"B", "ts":"3433426026", "pid":"1", "tid":"mom"},
{"name":"ModelSetRunClock", "ph":"E", "ts":"3433426081", "pid":"1", "tid":"mom"},
{"name":"ModelAdvance", "ph":"B", "ts":"3433426230", "pid":"1", "tid":"mom"},
{"name":"ModelAdvance", "ph":"E", "ts":"3438630729", "pid":"1", "tid":"mom"},
{"name":"ModelSetRunClock", "ph":"B", "ts":"3441383551", "pid":"1", "tid":"mom"},
{"name":"ModelSetRunClock", "ph":"E", "ts":"3441383647", "pid":"1", "tid":"mom"},
{"name":"ModelAdvance", "ph":"B", "ts":"3441383846", "pid":"1", "tid":"mom"},
{"name":"ModelAdvance", "ph":"E", "ts":"3446640510", "pid":"1", "tid":"mom"},
{"name":"ModelSetRunClock", "ph":"B", "ts":"3448532015", "pid":"1", "tid":"mom"},
{"name":"ModelSetRunClock", "ph":"E", "ts":"3448532070", "pid":"1", "tid":"mom"},
{"name":"ModelAdvance", "ph":"B", "ts":"3448532250", "pid":"1", "tid":"mom"},
{"name":"ModelAdvance", "ph":"E", "ts":"3453690022", "pid":"1", "tid":"mom"},
{"name":"ModelSetRunClock", "ph":"B", "ts":"3456297656", "pid":"1", "tid":"mom"},
{"name":"ModelSetRunClock", "ph":"E", "ts":"3456297718", "pid":"1", "tid":"mom"},
{"name":"ModelAdvance", "ph":"B", "ts":"3456297893", "pid":"1", "tid":"mom"},
{"name":"ModelAdvance", "ph":"E", "ts":"3461459478", "pid":"1", "tid":"mom"},
{"name":"ModelSetRunClock", "ph":"B", "ts":"3463360867", "pid":"1", "tid":"mom"},
{"name":"ModelSetRunClock", "ph":"E", "ts":"3463360927", "pid":"1", "tid":"mom"},
{"name":"ModelAdvance", "ph":"B", "ts":"3463361086", "pid":"1", "tid":"mom"},
{"name":"ModelAdvance", "ph":"E", "ts":"3468530072", "pid":"1", "tid":"mom"},
{"name":"ModelSetRunClock", "ph":"B", "ts":"3471105995", "pid":"1", "tid":"mom"},
{"name":"ModelSetRunClock", "ph":"E", "ts":"3471106101", "pid":"1", "tid":"mom"},
{"name":"ModelAdvance", "ph":"B", "ts":"3471106256", "pid":"1", "tid":"mom"},
{"name":"ModelAdvance", "ph":"E", "ts":"3476279137", "pid":"1", "tid":"mom"},
{"name":"ModelSetRunClock", "ph":"B", "ts":"3478180696", "pid":"1", "tid":"mom"},
{"name":"ModelSetRunClock", "ph":"E", "ts":"3478180792", "pid":"1", "tid":"mom"},
{"name":"ModelAdvance", "ph":"B", "ts":"3478181006", "pid":"1", "tid":"mom"},
{"name":"ModelAdvance", "ph":"E", "ts":"3483342911", "pid":"1", "tid":"mom"},
{"name":"ModelSetRunClock", "ph":"B", "ts":"3485930029", "pid":"1", "tid":"mom"},
{"name":"ModelSetRunClock", "ph":"E", "ts":"3485930085", "pid":"1", "tid":"mom"},
{"name":"ModelAdvance", "ph":"B", "ts":"3485930240", "pid":"1", "tid":"mom"},
{"name":"ModelAdvance", "ph":"E", "ts":"3491139904", "pid":"1", "tid":"mom"},
{"name":"ModelFinalize", "ph":"B", "ts":"3491146130", "pid":"1", "tid":"mom"},
{"name":"ModelFinalize", "ph":"E", "ts":"3491244036", "pid":"1", "tid":"mom"},
