{"name":"SetServices", "ph":"B", "ts":"1807246361", "pid":"1", "tid":"wave"},
{"name":"SetServices", "ph":"E", "ts":"1807247959", "pid":"1", "tid":"wave"},
{"name":"InitializeP0", "ph":"B", "ts":"1807251891", "pid":"1", "tid":"wave"},
{"name":"InitializeP0", "ph":"E", "ts":"1807251977", "pid":"1", "tid":"wave"},
{"name":"InitializeAdvertise", "ph":"B", "ts":"1833672300", "pid":"1", "tid":"wave"},
{"name":"InitializeAdvertise", "ph":"E", "ts":"1932463133", "pid":"1", "tid":"wave"},
{"name":"InitializeRealize", "ph":"B", "ts":"2682921383", "pid":"1", "tid":"wave"},
{"name":"InitializeRealize", "ph":"E", "ts":"2697112114", "pid":"1", "tid":"wave"},
{"name":"DataInitialize", "ph":"B", "ts":"2723744249", "pid":"1", "tid":"wave"},
{"name":"DataInitialize", "ph":"E", "ts":"2723748133", "pid":"1", "tid":"wave"},
{"name":"ModelSetRunClock", "ph":"B", "ts":"2746676853", "pid":"1", "tid":"wave"},
{"name":"ModelSetRunClock", "ph":"E", "ts":"2746685432", "pid":"1", "tid":"wave"},
{"name":"ModelAdvance", "ph":"B", "ts":"2746685522", "pid":"1", "tid":"wave"},
{"name":"ModelAdvance", "ph":"E", "ts":"2758264016", "pid":"1", "tid":"wave"},
{"name":"ModelSetRunClock", "ph":"B", "ts":"2759294667", "pid":"1", "tid":"wave"},
{"name":"ModelSetRunClock", "ph":"E", "ts":"2759294703", "pid":"1", "tid":"wave"},
{"name":"ModelAdvance", "ph":"B", "ts":"2759294792", "pid":"1", "tid":"wave"},
{"name":"ModelAdvance", "ph":"E", "ts":"2769010746", "pid":"1", "tid":"wave"},
{"name":"ModelSetRunClock", "ph":"B", "ts":"2773149962", "pid":"1", "tid":"wave"},
{"name":"ModelSetRunClock", "ph":"E", "ts":"2773150020", "pid":"1", "tid":"wave"},
{"name":"ModelAdvance", "ph":"B", "ts":"2773150109", "pid":"1", "tid":"wave"},
{"name":"ModelAdvance", "ph":"E", "ts":"2784329326", "pid":"1", "tid":"wave"},
{"name":"ModelSetRunClock", "ph":"B", "ts":"2788331265", "pid":"1", "tid":"wave"},
{"name":"ModelSetRunClock", "ph":"E", "ts":"2788331325", "pid":"1", "tid":"wave"},
{"name":"ModelAdvance", "ph":"B", "ts":"2788331415", "pid":"1", "tid":"wave"},
{"name":"ModelAdvance", "ph":"E", "ts":"2798901946", "pid":"1", "tid":"wave"},
{"name":"ModelSetRunClock", "ph":"B", "ts":"2802325224", "pid":"1", "tid":"wave"},
{"name":"ModelSetRunClock", "ph":"E", "ts":"2802325278", "pid":"1", "tid":"wave"},
{"name":"ModelAdvance", "ph":"B", "ts":"2802325367", "pid":"1", "tid":"wave"},
{"name":"ModelAdvance", "ph":"E", "ts":"2811003083", "pid":"1", "tid":"wave"},
{"name":"ModelSetRunClock", "ph":"B", "ts":"2813439006", "pid":"1", "tid":"wave"},
{"name":"ModelSetRunClock", "ph":"E", "ts":"2813439087", "pid":"1", "tid":"wave"},
{"name":"ModelAdvance", "ph":"B", "ts":"2813439207", "pid":"1", "tid":"wave"},
{"name":"ModelAdvance", "ph":"E", "ts":"2820566099", "pid":"1", "tid":"wave"},
{"name":"ModelSetRunClock", "ph":"B", "ts":"2835688659", "pid":"1", "tid":"wave"},
{"name":"ModelSetRunClock", "ph":"E", "ts":"2835688820", "pid":"1", "tid":"wave"},
{"name":"ModelAdvance", "ph":"B", "ts":"2835688910", "pid":"1", "tid":"wave"},
{"name":"ModelAdvance", "ph":"E", "ts":"2842129008", "pid":"1", "tid":"wave"},
{"name":"ModelSetRunClock", "ph":"B", "ts":"2843779628", "pid":"1", "tid":"wave"},
{"name":"ModelSetRunClock", "ph":"E", "ts":"2843779718", "pid":"1", "tid":"wave"},
{"name":"ModelAdvance", "ph":"B", "ts":"2843779829", "pid":"1", "tid":"wave"},
{"name":"ModelAdvance", "ph":"E", "ts":"2849762457", "pid":"1", "tid":"wave"},
{"name":"ModelSetRunClock", "ph":"B", "ts":"2851238318", "pid":"1", "tid":"wave"},
{"name":"ModelSetRunClock", "ph":"E", "ts":"2851238398", "pid":"1", "tid":"wave"},
{"name":"ModelAdvance", "ph":"B", "ts":"2851238519", "pid":"1", "tid":"wave"},
{"name":"ModelAdvance", "ph":"E", "ts":"2857001095", "pid":"1", "tid":"wave"},
{"name":"ModelSetRunClock", "ph":"B", "ts":"2859201382", "pid":"1", "tid":"wave"},
{"name":"ModelSetRunClock", "ph":"E", "ts":"2859201438", "pid":"1", "tid":"wave"},
{"name":"ModelAdvance", "ph":"B", "ts":"2859201520", "pid":"1", "tid":"wave"},
{"name":"ModelAdvance", "ph":"E", "ts":"2864797806", "pid":"1", "tid":"wave"},
{"name":"ModelSetRunClock", "ph":"B", "ts":"2866594919", "pid":"1", "tid":"wave"},
{"name":"ModelSetRunClock", "ph":"E", "ts":"2866595319", "pid":"1", "tid":"wave"},
{"name":"ModelAdvance", "ph":"B", "ts":"2866595452", "pid":"1", "tid":"wave"},
{"name":"ModelAdvance", "ph":"E", "ts":"2872087114", "pid":"1", "tid":"wave"},
{"name":"ModelSetRunClock", "ph":"B", "ts":"2874625124", "pid":"1", "tid":"wave"},
{"name":"ModelSetRunClock", "ph":"E", "ts":"2874625207", "pid":"1", "tid":"wave"},
{"name":"ModelAdvance", "ph":"B", "ts":"2874625317", "pid":"1", "tid":"wave"},
{"name":"ModelAdvance", "ph":"E", "ts":"2880032429", "pid":"1", "tid":"wave"},
{"name":"ModelSetRunClock", "ph":"B", "ts":"2882211291", "pid":"1", "tid":"wave"},
{"name":"ModelSetRunClock", "ph":"E", "ts":"2882211356", "pid":"1", "tid":"wave"},
{"name":"ModelAdvance", "ph":"B", "ts":"2882211437", "pid":"1", "tid":"wave"},
{"name":"ModelAdvance", "ph":"E", "ts":"2887527716", "pid":"1", "tid":"wave"},
{"name":"ModelSetRunClock", "ph":"B", "ts":"2890218485", "pid":"1", "tid":"wave"},
{"name":"ModelSetRunClock", "ph":"E", "ts":"2890218544", "pid":"1", "tid":"wave"},
{"name":"ModelAdvance", "ph":"B", "ts":"2890218635", "pid":"1", "tid":"wave"},
{"name":"ModelAdvance", "ph":"E", "ts":"2895450402", "pid":"1", "tid":"wave"},
{"name":"ModelSetRunClock", "ph":"B", "ts":"2897567385", "pid":"1", "tid":"wave"},
{"name":"ModelSetRunClock", "ph":"E", "ts":"2897567444", "pid":"1", "tid":"wave"},
{"name":"ModelAdvance", "ph":"B", "ts":"2897567538", "pid":"1", "tid":"wave"},
{"name":"ModelAdvance", "ph":"E", "ts":"2902735466", "pid":"1", "tid":"wave"},
{"name":"ModelSetRunClock", "ph":"B", "ts":"2905568579", "pid":"1", "tid":"wave"},
{"name":"ModelSetRunClock", "ph":"E", "ts":"2905568645", "pid":"1", "tid":"wave"},
{"name":"ModelAdvance", "ph":"B", "ts":"2905568738", "pid":"1", "tid":"wave"},
{"name":"ModelAdvance", "ph":"E", "ts":"2910706927", "pid":"1", "tid":"wave"},
{"name":"ModelSetRunClock", "ph":"B", "ts":"2913155713", "pid":"1", "tid":"wave"},
{"name":"ModelSetRunClock", "ph":"E", "ts":"2913155772", "pid":"1", "tid":"wave"},
{"name":"ModelAdvance", "ph":"B", "ts":"2913155859", "pid":"1", "tid":"wave"},
{"name":"ModelAdvance", "ph":"E", "ts":"2918301056", "pid":"1", "tid":"wave"},
{"name":"ModelSetRunClock", "ph":"B", "ts":"2921614704", "pid":"1", "tid":"wave"},
{"name":"ModelSetRunClock", "ph":"E", "ts":"2921614778", "pid":"1", "tid":"wave"},
{"name":"ModelAdvance", "ph":"B", "ts":"2921614892", "pid":"1", "tid":"wave"},
{"name":"ModelAdvance", "ph":"E", "ts":"2926765172", "pid":"1", "tid":"wave"},
{"name":"ModelSetRunClock", "ph":"B", "ts":"2929439400", "pid":"1", "tid":"wave"},
{"name":"ModelSetRunClock", "ph":"E", "ts":"2929439463", "pid":"1", "tid":"wave"},
{"name":"ModelAdvance", "ph":"B", "ts":"2929439566", "pid":"1", "tid":"wave"},
{"name":"ModelAdvance", "ph":"E", "ts":"2934631518", "pid":"1", "tid":"wave"},
{"name":"ModelSetRunClock", "ph":"B", "ts":"2937836156", "pid":"1", "tid":"wave"},
{"name":"ModelSetRunClock", "ph":"E", "ts":"2937836243", "pid":"1", "tid":"wave"},
{"name":"ModelAdvance", "ph":"B", "ts":"2937836363", "pid":"1", "tid":"wave"},
{"name":"ModelAdvance", "ph":"E", "ts":"2943039166", "pid":"1", "tid":"wave"},
{"name":"ModelSetRunClock", "ph":"B", "ts":"2945380761", "pid":"1", "tid":"wave"},
{"name":"ModelSetRunClock", "ph":"E", "ts":"2945380848", "pid":"1", "tid":"wave"},
{"name":"ModelAdvance", "ph":"B", "ts":"2945380964", "pid":"1", "tid":"wave"},
{"name":"ModelAdvance", "ph":"E", "ts":"2950514050", "pid":"1", "tid":"wave"},
{"name":"ModelSetRunClock", "ph":"B", "ts":"2953863524", "pid":"1", "tid":"wave"},
{"name":"ModelSetRunClock", "ph":"E", "ts":"2953863609", "pid":"1", "tid":"wave"},
{"name":"ModelAdvance", "ph":"B", "ts":"2953863731", "pid":"1", "tid":"wave"},
{"name":"ModelAdvance", "ph":"E", "ts":"2958937735", "pid":"1", "tid":"wave"},
{"name":"ModelSetRunClock", "ph":"B", "ts":"2961806702", "pid":"1", "tid":"wave"},
{"name":"ModelSetRunClock", "ph":"E", "ts":"2961806786", "pid":"1", "tid":"wave"},
{"name":"ModelAdvance", "ph":"B", "ts":"2961806897", "pid":"1", "tid":"wave"},
{"name":"ModelAdvance", "ph":"E", "ts":"2966846873", "pid":"1", "tid":"wave"},
{"name":"ModelSetRunClock", "ph":"B", "ts":"2970075136", "pid":"1", "tid":"wave"},
{"name":"ModelSetRunClock", "ph":"E", "ts":"2970075230", "pid":"1", "tid":"wave"},
{"name":"ModelAdvance", "ph":"B", "ts":"2970075356", "pid":"1", "tid":"wave"},
{"name":"ModelAdvance", "ph":"E", "ts":"2975116335", "pid":"1", "tid":"wave"},
{"name":"ModelSetRunClock", "ph":"B", "ts":"2977610305", "pid":"1", "tid":"wave"},
{"name":"ModelSetRunClock", "ph":"E", "ts":"2977610362", "pid":"1", "tid":"wave"},
{"name":"ModelAdvance", "ph":"B", "ts":"2977610441", "pid":"1", "tid":"wave"},
{"name":"ModelAdvance", "ph":"E", "ts":"2982630725", "pid":"1", "tid":"wave"},
{"name":"ModelSetRunClock", "ph":"B", "ts":"2985590203", "pid":"1", "tid":"wave"},
{"name":"ModelSetRunClock", "ph":"E", "ts":"2985590457", "pid":"1", "tid":"wave"},
{"name":"ModelAdvance", "ph":"B", "ts":"2985590637", "pid":"1", "tid":"wave"},
{"name":"ModelAdvance", "ph":"E", "ts":"2990554325", "pid":"1", "tid":"wave"},
{"name":"ModelSetRunClock", "ph":"B", "ts":"2992708606", "pid":"1", "tid":"wave"},
{"name":"ModelSetRunClock", "ph":"E", "ts":"2992708662", "pid":"1", "tid":"wave"},
{"name":"ModelAdvance", "ph":"B", "ts":"2992708741", "pid":"1", "tid":"wave"},
{"name":"ModelAdvance", "ph":"E", "ts":"2997701304", "pid":"1", "tid":"wave"},
{"name":"ModelSetRunClock", "ph":"B", "ts":"3000539326", "pid":"1", "tid":"wave"},
{"name":"ModelSetRunClock", "ph":"E", "ts":"3000539412", "pid":"1", "tid":"wave"},
{"name":"ModelAdvance", "ph":"B", "ts":"3000539554", "pid":"1", "tid":"wave"},
{"name":"ModelAdvance", "ph":"E", "ts":"3005617248", "pid":"1", "tid":"wave"},
{"name":"ModelSetRunClock", "ph":"B", "ts":"3007617670", "pid":"1", "tid":"wave"},
{"name":"ModelSetRunClock", "ph":"E", "ts":"3007617730", "pid":"1", "tid":"wave"},
{"name":"ModelAdvance", "ph":"B", "ts":"3007617838", "pid":"1", "tid":"wave"},
{"name":"ModelAdvance", "ph":"E", "ts":"3012711063", "pid":"1", "tid":"wave"},
{"name":"ModelSetRunClock", "ph":"B", "ts":"3015428784", "pid":"1", "tid":"wave"},
{"name":"ModelSetRunClock", "ph":"E", "ts":"3015428856", "pid":"1", "tid":"wave"},
{"name":"ModelAdvance", "ph":"B", "ts":"3015428982", "pid":"1", "tid":"wave"},
{"name":"ModelAdvance", "ph":"E", "ts":"3020462921", "pid":"1", "tid":"wave"},
{"name":"ModelSetRunClock", "ph":"B", "ts":"3022658042", "pid":"1", "tid":"wave"},
{"name":"ModelSetRunClock", "ph":"E", "ts":"3022658128", "pid":"1", "tid":"wave"},
{"name":"ModelAdvance", "ph":"B", "ts":"3022658243", "pid":"1", "tid":"wave"},
{"name":"ModelAdvance", "ph":"E", "ts":"3027620708", "pid":"1", "tid":"wave"},
{"name":"ModelSetRunClock", "ph":"B", "ts":"3030502792", "pid":"1", "tid":"wave"},
{"name":"ModelSetRunClock", "ph":"E", "ts":"3030502855", "pid":"1", "tid":"wave"},
{"name":"ModelAdvance", "ph":"B", "ts":"3030502957", "pid":"1", "tid":"wave"},
{"name":"ModelAdvance", "ph":"E", "ts":"3035403238", "pid":"1", "tid":"wave"},
{"name":"ModelSetRunClock", "ph":"B", "ts":"3037637493", "pid":"1", "tid":"wave"},
{"name":"ModelSetRunClock", "ph":"E", "ts":"3037637558", "pid":"1", "tid":"wave"},
{"name":"ModelAdvance", "ph":"B", "ts":"3037637641", "pid":"1", "tid":"wave"},
{"name":"ModelAdvance", "ph":"E", "ts":"3042504513", "pid":"1", "tid":"wave"},
{"name":"ModelSetRunClock", "ph":"B", "ts":"3045412882", "pid":"1", "tid":"wave"},
{"name":"ModelSetRunClock", "ph":"E", "ts":"3045412947", "pid":"1", "tid":"wave"},
{"name":"ModelAdvance", "ph":"B", "ts":"3045413106", "pid":"1", "tid":"wave"},
{"name":"ModelAdvance", "ph":"E", "ts":"3050235678", "pid":"1", "tid":"wave"},
{"name":"ModelSetRunClock", "ph":"B", "ts":"3052476015", "pid":"1", "tid":"wave"},
{"name":"ModelSetRunClock", "ph":"E", "ts":"3052476103", "pid":"1", "tid":"wave"},
{"name":"ModelAdvance", "ph":"B", "ts":"3052476209", "pid":"1", "tid":"wave"},
{"name":"ModelAdvance", "ph":"E", "ts":"3057300032", "pid":"1", "tid":"wave"},
{"name":"ModelSetRunClock", "ph":"B", "ts":"3060327689", "pid":"1", "tid":"wave"},
{"name":"ModelSetRunClock", "ph":"E", "ts":"3060327784", "pid":"1", "tid":"wave"},
{"name":"ModelAdvance", "ph":"B", "ts":"3060328124", "pid":"1", "tid":"wave"},
{"name":"ModelAdvance", "ph":"E", "ts":"3065178044", "pid":"1", "tid":"wave"},
{"name":"ModelSetRunClock", "ph":"B", "ts":"3067603122", "pid":"1", "tid":"wave"},
{"name":"ModelSetRunClock", "ph":"E", "ts":"3067603181", "pid":"1", "tid":"wave"},
{"name":"ModelAdvance", "ph":"B", "ts":"3067603287", "pid":"1", "tid":"wave"},
{"name":"ModelAdvance", "ph":"E", "ts":"3072474779", "pid":"1", "tid":"wave"},
{"name":"ModelSetRunClock", "ph":"B", "ts":"3075481378", "pid":"1", "tid":"wave"},
{"name":"ModelSetRunClock", "ph":"E", "ts":"3075481439", "pid":"1", "tid":"wave"},
{"name":"ModelAdvance", "ph":"B", "ts":"3075481522", "pid":"1", "tid":"wave"},
{"name":"ModelAdvance", "ph":"E", "ts":"3080426905", "pid":"1", "tid":"wave"},
{"name":"ModelSetRunClock", "ph":"B", "ts":"3082684074", "pid":"1", "tid":"wave"},
{"name":"ModelSetRunClock", "ph":"E", "ts":"3082684159", "pid":"1", "tid":"wave"},
{"name":"ModelAdvance", "ph":"B", "ts":"3082684272", "pid":"1", "tid":"wave"},
{"name":"ModelAdvance", "ph":"E", "ts":"3087589926", "pid":"1", "tid":"wave"},
{"name":"ModelSetRunClock", "ph":"B", "ts":"3090649612", "pid":"1", "tid":"wave"},
{"name":"ModelSetRunClock", "ph":"E", "ts":"3090649704", "pid":"1", "tid":"wave"},
{"name":"ModelAdvance", "ph":"B", "ts":"3090649840", "pid":"1", "tid":"wave"},
{"name":"ModelAdvance", "ph":"E", "ts":"3095493394", "pid":"1", "tid":"wave"},
{"name":"ModelSetRunClock", "ph":"B", "ts":"3098353645", "pid":"1", "tid":"wave"},
{"name":"ModelSetRunClock", "ph":"E", "ts":"3098353711", "pid":"1", "tid":"wave"},
{"name":"ModelAdvance", "ph":"B", "ts":"3098353836", "pid":"1", "tid":"wave"},
{"name":"ModelAdvance", "ph":"E", "ts":"3103131384", "pid":"1", "tid":"wave"},
{"name":"ModelSetRunClock", "ph":"B", "ts":"3106627660", "pid":"1", "tid":"wave"},
{"name":"ModelSetRunClock", "ph":"E", "ts":"3106627723", "pid":"1", "tid":"wave"},
{"name":"ModelAdvance", "ph":"B", "ts":"3106627801", "pid":"1", "tid":"wave"},
{"name":"ModelAdvance", "ph":"E", "ts":"3111401921", "pid":"1", "tid":"wave"},
{"name":"ModelSetRunClock", "ph":"B", "ts":"3114354063", "pid":"1", "tid":"wave"},
{"name":"ModelSetRunClock", "ph":"E", "ts":"3114354151", "pid":"1", "tid":"wave"},
{"name":"ModelAdvance", "ph":"B", "ts":"3114354291", "pid":"1", "tid":"wave"},
{"name":"ModelAdvance", "ph":"E", "ts":"3119083258", "pid":"1", "tid":"wave"},
{"name":"ModelSetRunClock", "ph":"B", "ts":"3134940443", "pid":"1", "tid":"wave"},
{"name":"ModelSetRunClock", "ph":"E", "ts":"3134940511", "pid":"1", "tid":"wave"},
{"name":"ModelAdvance", "ph":"B", "ts":"3134940602", "pid":"1", "tid":"wave"},
{"name":"ModelAdvance", "ph":"E", "ts":"3139661787", "pid":"1", "tid":"wave"},
{"name":"ModelSetRunClock", "ph":"B", "ts":"3142458529", "pid":"1", "tid":"wave"},
{"name":"ModelSetRunClock", "ph":"E", "ts":"3142458591", "pid":"1", "tid":"wave"},
{"name":"ModelAdvance", "ph":"B", "ts":"3142458721", "pid":"1", "tid":"wave"},
{"name":"ModelAdvance", "ph":"E", "ts":"3147176804", "pid":"1", "tid":"wave"},
{"name":"ModelSetRunClock", "ph":"B", "ts":"3150468847", "pid":"1", "tid":"wave"},
{"name":"ModelSetRunClock", "ph":"E", "ts":"3150468939", "pid":"1", "tid":"wave"},
{"name":"ModelAdvance", "ph":"B", "ts":"3150469056", "pid":"1", "tid":"wave"},
{"name":"ModelAdvance", "ph":"E", "ts":"3155163294", "pid":"1", "tid":"wave"},
{"name":"ModelSetRunClock", "ph":"B", "ts":"3157748664", "pid":"1", "tid":"wave"},
{"name":"ModelSetRunClock", "ph":"E", "ts":"3157748754", "pid":"1", "tid":"wave"},
{"name":"ModelAdvance", "ph":"B", "ts":"3157748875", "pid":"1", "tid":"wave"},
{"name":"ModelAdvance", "ph":"E", "ts":"3162419866", "pid":"1", "tid":"wave"},
{"name":"ModelSetRunClock", "ph":"B", "ts":"3165624677", "pid":"1", "tid":"wave"},
{"name":"ModelSetRunClock", "ph":"E", "ts":"3165624741", "pid":"1", "tid":"wave"},
{"name":"ModelAdvance", "ph":"B", "ts":"3165624823", "pid":"1", "tid":"wave"},
{"name":"ModelAdvance", "ph":"E", "ts":"3170377374", "pid":"1", "tid":"wave"},
{"name":"ModelSetRunClock", "ph":"B", "ts":"3173009009", "pid":"1", "tid":"wave"},
{"name":"ModelSetRunClock", "ph":"E", "ts":"3173009289", "pid":"1", "tid":"wave"},
{"name":"ModelAdvance", "ph":"B", "ts":"3173009503", "pid":"1", "tid":"wave"},
{"name":"ModelAdvance", "ph":"E", "ts":"3177864047", "pid":"1", "tid":"wave"},
{"name":"ModelSetRunClock", "ph":"B", "ts":"3180979226", "pid":"1", "tid":"wave"},
{"name":"ModelSetRunClock", "ph":"E", "ts":"3180979287", "pid":"1", "tid":"wave"},
{"name":"ModelAdvance", "ph":"B", "ts":"3180979388", "pid":"1", "tid":"wave"},
{"name":"ModelAdvance", "ph":"E", "ts":"3185919543", "pid":"1", "tid":"wave"},
{"name":"ModelSetRunClock", "ph":"B", "ts":"3188145743", "pid":"1", "tid":"wave"},
{"name":"ModelSetRunClock", "ph":"E", "ts":"3188145807", "pid":"1", "tid":"wave"},
{"name":"ModelAdvance", "ph":"B", "ts":"3188145944", "pid":"1", "tid":"wave"},
{"name":"ModelAdvance", "ph":"E", "ts":"3193162979", "pid":"1", "tid":"wave"},
{"name":"ModelSetRunClock", "ph":"B", "ts":"3196110659", "pid":"1", "tid":"wave"},
{"name":"ModelSetRunClock", "ph":"E", "ts":"3196110741", "pid":"1", "tid":"wave"},
{"name":"ModelAdvance", "ph":"B", "ts":"3196110872", "pid":"1", "tid":"wave"},
{"name":"ModelAdvance", "ph":"E", "ts":"3201171781", "pid":"1", "tid":"wave"},
{"name":"ModelSetRunClock", "ph":"B", "ts":"3203483803", "pid":"1", "tid":"wave"},
{"name":"ModelSetRunClock", "ph":"E", "ts":"3203483898", "pid":"1", "tid":"wave"},
{"name":"ModelAdvance", "ph":"B", "ts":"3203484002", "pid":"1", "tid":"wave"},
{"name":"ModelAdvance", "ph":"E", "ts":"3208587907", "pid":"1", "tid":"wave"},
{"name":"ModelSetRunClock", "ph":"B", "ts":"3211456100", "pid":"1", "tid":"wave"},
{"name":"ModelSetRunClock", "ph":"E", "ts":"3211456182", "pid":"1", "tid":"wave"},
{"name":"ModelAdvance", "ph":"B", "ts":"3211456305", "pid":"1", "tid":"wave"},
{"name":"ModelAdvance", "ph":"E", "ts":"3216586241", "pid":"1", "tid":"wave"},
{"name":"ModelSetRunClock", "ph":"B", "ts":"3218901558", "pid":"1", "tid":"wave"},
{"name":"ModelSetRunClock", "ph":"E", "ts":"3218901621", "pid":"1", "tid":"wave"},
{"name":"ModelAdvance", "ph":"B", "ts":"3218901735", "pid":"1", "tid":"wave"},
{"name":"ModelAdvance", "ph":"E", "ts":"3223932988", "pid":"1", "tid":"wave"},
{"name":"ModelSetRunClock", "ph":"B", "ts":"3226939468", "pid":"1", "tid":"wave"},
{"name":"ModelSetRunClock", "ph":"E", "ts":"3226939528", "pid":"1", "tid":"wave"},
{"name":"ModelAdvance", "ph":"B", "ts":"3226939628", "pid":"1", "tid":"wave"},
{"name":"ModelAdvance", "ph":"E", "ts":"3231955893", "pid":"1", "tid":"wave"},
{"name":"ModelSetRunClock", "ph":"B", "ts":"3234341717", "pid":"1", "tid":"wave"},
{"name":"ModelSetRunClock", "ph":"E", "ts":"3234341782", "pid":"1", "tid":"wave"},
{"name":"ModelAdvance", "ph":"B", "ts":"3234341870", "pid":"1", "tid":"wave"},
{"name":"ModelAdvance", "ph":"E", "ts":"3239569848", "pid":"1", "tid":"wave"},
{"name":"ModelSetRunClock", "ph":"B", "ts":"3242246795", "pid":"1", "tid":"wave"},
{"name":"ModelSetRunClock", "ph":"E", "ts":"3242247057", "pid":"1", "tid":"wave"},
{"name":"ModelAdvance", "ph":"B", "ts":"3242247211", "pid":"1", "tid":"wave"},
{"name":"ModelAdvance", "ph":"E", "ts":"3247394493", "pid":"1", "tid":"wave"},
{"name":"ModelSetRunClock", "ph":"B", "ts":"3249406322", "pid":"1", "tid":"wave"},
{"name":"ModelSetRunClock", "ph":"E", "ts":"3249406384", "pid":"1", "tid":"wave"},
{"name":"ModelAdvance", "ph":"B", "ts":"3249406471", "pid":"1", "tid":"wave"},
{"name":"ModelAdvance", "ph":"E", "ts":"3254519892", "pid":"1", "tid":"wave"},
{"name":"ModelSetRunClock", "ph":"B", "ts":"3257253364", "pid":"1", "tid":"wave"},
{"name":"ModelSetRunClock", "ph":"E", "ts":"3257253452", "pid":"1", "tid":"wave"},
{"name":"ModelAdvance", "ph":"B", "ts":"3257253574", "pid":"1", "tid":"wave"},
{"name":"ModelAdvance", "ph":"E", "ts":"3262341932", "pid":"1", "tid":"wave"},
{"name":"ModelSetRunClock", "ph":"B", "ts":"3264457169", "pid":"1", "tid":"wave"},
{"name":"ModelSetRunClock", "ph":"E", "ts":"3264457230", "pid":"1", "tid":"wave"},
{"name":"ModelAdvance", "ph":"B", "ts":"3264457318", "pid":"1", "tid":"wave"},
{"name":"ModelAdvance", "ph":"E", "ts":"3269541356", "pid":"1", "tid":"wave"},
{"name":"ModelSetRunClock", "ph":"B", "ts":"3272314439", "pid":"1", "tid":"wave"},
{"name":"ModelSetRunClock", "ph":"E", "ts":"3272314690", "pid":"1", "tid":"wave"},
{"name":"ModelAdvance", "ph":"B", "ts":"3272314830", "pid":"1", "tid":"wave"},
{"name":"ModelAdvance", "ph":"E", "ts":"3277317127", "pid":"1", "tid":"wave"},
{"name":"ModelSetRunClock", "ph":"B", "ts":"3279597285", "pid":"1", "tid":"wave"},
{"name":"ModelSetRunClock", "ph":"E", "ts":"3279597345", "pid":"1", "tid":"wave"},
{"name":"ModelAdvance", "ph":"B", "ts":"3279597453", "pid":"1", "tid":"wave"},
{"name":"ModelAdvance", "ph":"E", "ts":"3284555136", "pid":"1", "tid":"wave"},
{"name":"ModelSetRunClock", "ph":"B", "ts":"3287528503", "pid":"1", "tid":"wave"},
{"name":"ModelSetRunClock", "ph":"E", "ts":"3287528603", "pid":"1", "tid":"wave"},
{"name":"ModelAdvance", "ph":"B", "ts":"3287528711", "pid":"1", "tid":"wave"},
{"name":"ModelAdvance", "ph":"E", "ts":"3292586655", "pid":"1", "tid":"wave"},
{"name":"ModelSetRunClock", "ph":"B", "ts":"3294722046", "pid":"1", "tid":"wave"},
{"name":"ModelSetRunClock", "ph":"E", "ts":"3294722139", "pid":"1", "tid":"wave"},
{"name":"ModelAdvance", "ph":"B", "ts":"3294722249", "pid":"1", "tid":"wave"},
{"name":"ModelAdvance", "ph":"E", "ts":"3299887485", "pid":"1", "tid":"wave"},
{"name":"ModelSetRunClock", "ph":"B", "ts":"3302571722", "pid":"1", "tid":"wave"},
{"name":"ModelSetRunClock", "ph":"E", "ts":"3302571881", "pid":"1", "tid":"wave"},
{"name":"ModelAdvance", "ph":"B", "ts":"3302572052", "pid":"1", "tid":"wave"},
{"name":"ModelAdvance", "ph":"E", "ts":"3307924241", "pid":"1", "tid":"wave"},
{"name":"ModelSetRunClock", "ph":"B", "ts":"3310161478", "pid":"1", "tid":"wave"},
{"name":"ModelSetRunClock", "ph":"E", "ts":"3310161551", "pid":"1", "tid":"wave"},
{"name":"ModelAdvance", "ph":"B", "ts":"3310161674", "pid":"1", "tid":"wave"},
{"name":"ModelAdvance", "ph":"E", "ts":"3315734528", "pid":"1", "tid":"wave"},
{"name":"ModelSetRunClock", "ph":"B", "ts":"3318216664", "pid":"1", "tid":"wave"},
{"name":"ModelSetRunClock", "ph":"E", "ts":"3318216724", "pid":"1", "tid":"wave"},
{"name":"ModelAdvance", "ph":"B", "ts":"3318216843", "pid":"1", "tid":"wave"},
{"name":"ModelAdvance", "ph":"E", "ts":"3323935643", "pid":"1", "tid":"wave"},
{"name":"ModelSetRunClock", "ph":"B", "ts":"3325542366", "pid":"1", "tid":"wave"},
{"name":"ModelSetRunClock", "ph":"E", "ts":"3325542454", "pid":"1", "tid":"wave"},
{"name":"ModelAdvance", "ph":"B", "ts":"3325542573", "pid":"1", "tid":"wave"},
{"name":"ModelAdvance", "ph":"E", "ts":"3331389380", "pid":"1", "tid":"wave"},
{"name":"ModelSetRunClock", "ph":"B", "ts":"3333439517", "pid":"1", "tid":"wave"},
{"name":"ModelSetRunClock", "ph":"E", "ts":"3333439713", "pid":"1", "tid":"wave"},
{"name":"ModelAdvance", "ph":"B", "ts":"3333439906", "pid":"1", "tid":"wave"},
{"name":"ModelAdvance", "ph":"E", "ts":"3339415172", "pid":"1", "tid":"wave"},
{"name":"ModelSetRunClock", "ph":"B", "ts":"3341186503", "pid":"1", "tid":"wave"},
{"name":"ModelSetRunClock", "ph":"E", "ts":"3341186568", "pid":"1", "tid":"wave"},
{"name":"ModelAdvance", "ph":"B", "ts":"3341186665", "pid":"1", "tid":"wave"},
{"name":"ModelAdvance", "ph":"E", "ts":"3347286523", "pid":"1", "tid":"wave"},
{"name":"ModelSetRunClock", "ph":"B", "ts":"3349110942", "pid":"1", "tid":"wave"},
{"name":"ModelSetRunClock", "ph":"E", "ts":"3349111010", "pid":"1", "tid":"wave"},
{"name":"ModelAdvance", "ph":"B", "ts":"3349111089", "pid":"1", "tid":"wave"},
{"name":"ModelAdvance", "ph":"E", "ts":"3355260577", "pid":"1", "tid":"wave"},
{"name":"ModelSetRunClock", "ph":"B", "ts":"3357127027", "pid":"1", "tid":"wave"},
{"name":"ModelSetRunClock", "ph":"E", "ts":"3357127088", "pid":"1", "tid":"wave"},
{"name":"ModelAdvance", "ph":"B", "ts":"3357127199", "pid":"1", "tid":"wave"},
{"name":"ModelAdvance", "ph":"E", "ts":"3363315954", "pid":"1", "tid":"wave"},
{"name":"ModelSetRunClock", "ph":"B", "ts":"3365190229", "pid":"1", "tid":"wave"},
{"name":"ModelSetRunClock", "ph":"E", "ts":"3365190486", "pid":"1", "tid":"wave"},
{"name":"ModelAdvance", "ph":"B", "ts":"3365190651", "pid":"1", "tid":"wave"},
{"name":"ModelAdvance", "ph":"E", "ts":"3371315919", "pid":"1", "tid":"wave"},
{"name":"ModelSetRunClock", "ph":"B", "ts":"3373161579", "pid":"1", "tid":"wave"},
{"name":"ModelSetRunClock", "ph":"E", "ts":"3373161652", "pid":"1", "tid":"wave"},
{"name":"ModelAdvance", "ph":"B", "ts":"3373161772", "pid":"1", "tid":"wave"},
{"name":"ModelAdvance", "ph":"E", "ts":"3379185199", "pid":"1", "tid":"wave"},
{"name":"ModelSetRunClock", "ph":"B", "ts":"3380976541", "pid":"1", "tid":"wave"},
{"name":"ModelSetRunClock", "ph":"E", "ts":"3380976626", "pid":"1", "tid":"wave"},
{"name":"ModelAdvance", "ph":"B", "ts":"3380976750", "pid":"1", "tid":"wave"},
{"name":"ModelAdvance", "ph":"E", "ts":"3386821962", "pid":"1", "tid":"wave"},
{"name":"ModelSetRunClock", "ph":"B", "ts":"3388515086", "pid":"1", "tid":"wave"},
{"name":"ModelSetRunClock", "ph":"E", "ts":"3388515174", "pid":"1", "tid":"wave"},
{"name":"ModelAdvance", "ph":"B", "ts":"3388515309", "pid":"1", "tid":"wave"},
{"name":"ModelAdvance", "ph":"E", "ts":"3394179550", "pid":"1", "tid":"wave"},
{"name":"ModelSetRunClock", "ph":"B", "ts":"3396477171", "pid":"1", "tid":"wave"},
{"name":"ModelSetRunClock", "ph":"E", "ts":"3396477466", "pid":"1", "tid":"wave"},
{"name":"ModelAdvance", "ph":"B", "ts":"3396477626", "pid":"1", "tid":"wave"},
{"name":"ModelAdvance", "ph":"E", "ts":"3401884870", "pid":"1", "tid":"wave"},
{"name":"ModelSetRunClock", "ph":"B", "ts":"3403679286", "pid":"1", "tid":"wave"},
{"name":"ModelSetRunClock", "ph":"E", "ts":"3403679349", "pid":"1", "tid":"wave"},
{"name":"ModelAdvance", "ph":"B", "ts":"3403679460", "pid":"1", "tid":"wave"},
{"name":"ModelAdvance", "ph":"E", "ts":"3408839431", "pid":"1", "tid":"wave"},
{"name":"ModelSetRunClock", "ph":"B", "ts":"3411463088", "pid":"1", "tid":"wave"},
{"name":"ModelSetRunClock", "ph":"E", "ts":"3411463146", "pid":"1", "tid":"wave"},
{"name":"ModelAdvance", "ph":"B", "ts":"3411463224", "pid":"1", "tid":"wave"},
{"name":"ModelAdvance", "ph":"E", "ts":"3416636933", "pid":"1", "tid":"wave"},
{"name":"ModelSetRunClock", "ph":"B", "ts":"3418584204", "pid":"1", "tid":"wave"},
{"name":"ModelSetRunClock", "ph":"E", "ts":"3418584292", "pid":"1", "tid":"wave"},
{"name":"ModelAdvance", "ph":"B", "ts":"3418584427", "pid":"1", "tid":"wave"},
{"name":"ModelAdvance", "ph":"E", "ts":"3423814851", "pid":"1", "tid":"wave"},
{"name":"ModelSetRunClock", "ph":"B", "ts":"3426352400", "pid":"1", "tid":"wave"},
{"name":"ModelSetRunClock", "ph":"E", "ts":"3426352706", "pid":"1", "tid":"wave"},
{"name":"ModelAdvance", "ph":"B", "ts":"3426352906", "pid":"1", "tid":"wave"},
{"name":"ModelAdvance", "ph":"E", "ts":"3431607481", "pid":"1", "tid":"wave"},
{"name":"ModelSetRunClock", "ph":"B", "ts":"3433424893", "pid":"1", "tid":"wave"},
{"name":"ModelSetRunClock", "ph":"E", "ts":"3433424986", "pid":"1", "tid":"wave"},
{"name":"ModelAdvance", "ph":"B", "ts":"3433425129", "pid":"1", "tid":"wave"},
{"name":"ModelAdvance", "ph":"E", "ts":"3438741891", "pid":"1", "tid":"wave"},
{"name":"ModelSetRunClock", "ph":"B", "ts":"3441372039", "pid":"1", "tid":"wave"},
{"name":"ModelSetRunClock", "ph":"E", "ts":"3441372127", "pid":"1", "tid":"wave"},
{"name":"ModelAdvance", "ph":"B", "ts":"3441372245", "pid":"1", "tid":"wave"},
{"name":"ModelAdvance", "ph":"E", "ts":"3446686008", "pid":"1", "tid":"wave"},
{"name":"ModelSetRunClock", "ph":"B", "ts":"3448523572", "pid":"1", "tid":"wave"},
{"name":"ModelSetRunClock", "ph":"E", "ts":"3448523658", "pid":"1", "tid":"wave"},
{"name":"ModelAdvance", "ph":"B", "ts":"3448523793", "pid":"1", "tid":"wave"},
{"name":"ModelAdvance", "ph":"E", "ts":"3453771007", "pid":"1", "tid":"wave"},
{"name":"ModelSetRunClock", "ph":"B", "ts":"3456288339", "pid":"1", "tid":"wave"},
{"name":"ModelSetRunClock", "ph":"E", "ts":"3456288710", "pid":"1", "tid":"wave"},
{"name":"ModelAdvance", "ph":"B", "ts":"3456288862", "pid":"1", "tid":"wave"},
{"name":"ModelAdvance", "ph":"E", "ts":"3461455720", "pid":"1", "tid":"wave"},
{"name":"ModelSetRunClock", "ph":"B", "ts":"3463355578", "pid":"1", "tid":"wave"},
{"name":"ModelSetRunClock", "ph":"E", "ts":"3463355671", "pid":"1", "tid":"wave"},
{"name":"ModelAdvance", "ph":"B", "ts":"3463355790", "pid":"1", "tid":"wave"},
{"name":"ModelAdvance", "ph":"E", "ts":"3468452667", "pid":"1", "tid":"wave"},
{"name":"ModelSetRunClock", "ph":"B", "ts":"3471104007", "pid":"1", "tid":"wave"},
{"name":"ModelSetRunClock", "ph":"E", "ts":"3471104066", "pid":"1", "tid":"wave"},
{"name":"ModelAdvance", "ph":"B", "ts":"3471104159", "pid":"1", "tid":"wave"},
{"name":"ModelAdvance", "ph":"E", "ts":"3476094725", "pid":"1", "tid":"wave"},
{"name":"ModelSetRunClock", "ph":"B", "ts":"3478169689", "pid":"1", "tid":"wave"},
{"name":"ModelSetRunClock", "ph":"E", "ts":"3478169761", "pid":"1", "tid":"wave"},
{"name":"ModelAdvance", "ph":"B", "ts":"3478169884", "pid":"1", "tid":"wave"},
{"name":"ModelAdvance", "ph":"E", "ts":"3483128270", "pid":"1", "tid":"wave"},
{"name":"ModelSetRunClock", "ph":"B", "ts":"3485920929", "pid":"1", "tid":"wave"},
{"name":"ModelSetRunClock", "ph":"E", "ts":"3485920991", "pid":"1", "tid":"wave"},
{"name":"ModelAdvance", "ph":"B", "ts":"3485921099", "pid":"1", "tid":"wave"},
{"name":"ModelAdvance", "ph":"E", "ts":"3490898798", "pid":"1", "tid":"wave"},
{"name":"ModelFinalize", "ph":"B", "ts":"3490905070", "pid":"1", "tid":"wave"},
{"name":"ModelFinalize", "ph":"E", "ts":"3490905094", "pid":"1", "tid":"wave"},
