{"name":"SetServices", "ph":"B", "ts":"3570092994", "pid":"1", "tid":"mom"},
{"name":"SetServices", "ph":"E", "ts":"3570094783", "pid":"1", "tid":"mom"},
{"name":"InitializeP0", "ph":"B", "ts":"3571235652", "pid":"1", "tid":"mom"},
{"name":"InitializeP0", "ph":"E", "ts":"3571236098", "pid":"1", "tid":"mom"},
{"name":"InitializeAdvertise", "ph":"B", "ts":"3594154498", "pid":"1", "tid":"mom"},
{"name":"InitializeAdvertise", "ph":"E", "ts":"3684362841", "pid":"1", "tid":"mom"},
{"name":"InitializeRealize", "ph":"B", "ts":"3906201919", "pid":"1", "tid":"mom"},
{"name":"InitializeRealize", "ph":"E", "ts":"3911770022", "pid":"1", "tid":"mom"},
{"name":"DataInitialize", "ph":"B", "ts":"3949873978", "pid":"1", "tid":"mom"},
{"name":"DataInitialize", "ph":"E", "ts":"3949875633", "pid":"1", "tid":"mom"},
{"name":"ModelSetRunClock", "ph":"B", "ts":"4022714033", "pid":"1", "tid":"mom"},
{"name":"ModelSetRunClock", "ph":"E", "ts":"4022723241", "pid":"1", "tid":"mom"},
{"name":"ModelAdvance", "ph":"B", "ts":"4022723420", "pid":"1", "tid":"mom"},
{"name":"ModelAdvance", "ph":"E", "ts":"4028990947", "pid":"1", "tid":"mom"},
{"name":"ModelSetRunClock", "ph":"B", "ts":"4037124318", "pid":"1", "tid":"mom"},
{"name":"ModelSetRunClock", "ph":"E", "ts":"4037124376", "pid":"1", "tid":"mom"},
{"name":"ModelAdvance", "ph":"B", "ts":"4037124544", "pid":"1", "tid":"mom"},
{"name":"ModelAdvance", "ph":"E", "ts":"4042496218", "pid":"1", "tid":"mom"},
{"name":"ModelSetRunClock", "ph":"B", "ts":"4044915945", "pid":"1", "tid":"mom"},
{"name":"ModelSetRunClock", "ph":"E", "ts":"4044916009", "pid":"1", "tid":"mom"},
{"name":"ModelAdvance", "ph":"B", "ts":"4044916176", "pid":"1", "tid":"mom"},
{"name":"ModelAdvance", "ph":"E", "ts":"4050281762", "pid":"1", "tid":"mom"},
{"name":"ModelSetRunClock", "ph":"B", "ts":"4053395822", "pid":"1", "tid":"mom"},
{"name":"ModelSetRunClock", "ph":"E", "ts":"4053395899", "pid":"1", "tid":"mom"},
{"name":"ModelAdvance", "ph":"B", "ts":"4053396090", "pid":"1", "tid":"mom"},
{"name":"ModelAdvance", "ph":"E", "ts":"4058767272", "pid":"1", "tid":"mom"},
{"name":"ModelSetRunClock", "ph":"B", "ts":"4061148985", "pid":"1", "tid":"mom"},
{"name":"ModelSetRunClock", "ph":"E", "ts":"4061149048", "pid":"1", "tid":"mom"},
{"name":"ModelAdvance", "ph":"B", "ts":"4061149217", "pid":"1", "tid":"mom"},
{"name":"ModelAdvance", "ph":"E", "ts":"4066516847", "pid":"1", "tid":"mom"},
{"name":"ModelSetRunClock", "ph":"B", "ts":"4069555591", "pid":"1", "tid":"mom"},
{"name":"ModelSetRunClock", "ph":"E", "ts":"4069555652", "pid":"1", "tid":"mom"},
{"name":"ModelAdvance", "ph":"B", "ts":"4069555834", "pid":"1", "tid":"mom"},
{"name":"ModelAdvance", "ph":"E", "ts":"4074992581", "pid":"1", "tid":"mom"},
{"name":"ModelSetRunClock", "ph":"B", "ts":"4098291030", "pid":"1", "tid":"mom"},
{"name":"ModelSetRunClock", "ph":"E", "ts":"4098291210", "pid":"1", "tid":"mom"},
{"name":"ModelAdvance", "ph":"B", "ts":"4098291377", "pid":"1", "tid":"mom"},
{"name":"ModelAdvance", "ph":"E", "ts":"4103675200", "pid":"1", "tid":"mom"},
{"name":"ModelSetRunClock", "ph":"B", "ts":"4106800749", "pid":"1", "tid":"mom"},
{"name":"ModelSetRunClock", "ph":"E", "ts":"4106800819", "pid":"1", "tid":"mom"},
{"name":"ModelAdvance", "ph":"B", "ts":"4106801043", "pid":"1", "tid":"mom"},
{"name":"ModelAdvance", "ph":"E", "ts":"4112190805", "pid":"1", "tid":"mom"},
{"name":"ModelSetRunClock", "ph":"B", "ts":"4114670800", "pid":"1", "tid":"mom"},
{"name":"ModelSetRunClock", "ph":"E", "ts":"4114670911", "pid":"1", "tid":"mom"},
{"name":"ModelAdvance", "ph":"B", "ts":"4114671182", "pid":"1", "tid":"mom"},
{"name":"ModelAdvance", "ph":"E", "ts":"4120060856", "pid":"1", "tid":"mom"},
{"name":"ModelSetRunClock", "ph":"B", "ts":"4123236181", "pid":"1", "tid":"mom"},
{"name":"ModelSetRunClock", "ph":"E", "ts":"4123236241", "pid":"1", "tid":"mom"},
{"name":"ModelAdvance", "ph":"B", "ts":"4123236402", "pid":"1", "tid":"mom"},
{"name":"ModelAdvance", "ph":"E", "ts":"4128613052", "pid":"1", "tid":"mom"},
{"name":"ModelSetRunClock", "ph":"B", "ts":"4131213864", "pid":"1", "tid":"mom"},
{"name":"ModelSetRunClock", "ph":"E", "ts":"4131214043", "pid":"1", "tid":"mom"},
{"name":"ModelAdvance", "ph":"B", "ts":"4131214238", "pid":"1", "tid":"mom"},
{"name":"ModelAdvance", "ph":"E", "ts":"4136605521", "pid":"1", "tid":"mom"},
{"name":"ModelSetRunClock", "ph":"B", "ts":"4139864963", "pid":"1", "tid":"mom"},
{"name":"ModelSetRunClock", "ph":"E", "ts":"4139865055", "pid":"1", "tid":"mom"},
{"name":"ModelAdvance", "ph":"B", "ts":"4139865260", "pid":"1", "tid":"mom"},
{"name":"ModelAdvance", "ph":"E", "ts":"4145167191", "pid":"1", "tid":"mom"},
{"name":"ModelSetRunClock", "ph":"B", "ts":"4147740237", "pid":"1", "tid":"mom"},
{"name":"ModelSetRunClock", "ph":"E", "ts":"4147740333", "pid":"1", "tid":"mom"},
{"name":"ModelAdvance", "ph":"B", "ts":"4147740542", "pid":"1", "tid":"mom"},
{"name":"ModelAdvance", "ph":"E", "ts":"4152975826", "pid":"1", "tid":"mom"},
{"name":"ModelSetRunClock", "ph":"B", "ts":"4156296411", "pid":"1", "tid":"mom"},
{"name":"ModelSetRunClock", "ph":"E", "ts":"4156296467", "pid":"1", "tid":"mom"},
{"name":"ModelAdvance", "ph":"B", "ts":"4156296632", "pid":"1", "tid":"mom"},
{"name":"ModelAdvance", "ph":"E", "ts":"4161550290", "pid":"1", "tid":"mom"},
{"name":"ModelSetRunClock", "ph":"B", "ts":"4164208171", "pid":"1", "tid":"mom"},
{"name":"ModelSetRunClock", "ph":"E", "ts":"4164208233", "pid":"1", "tid":"mom"},
{"name":"ModelAdvance", "ph":"B", "ts":"4164208405", "pid":"1", "tid":"mom"},
{"name":"ModelAdvance", "ph":"E", "ts":"4169469486", "pid":"1", "tid":"mom"},
{"name":"ModelSetRunClock", "ph":"B", "ts":"4172877013", "pid":"1", "tid":"mom"},
{"name":"ModelSetRunClock", "ph":"E", "ts":"4172877110", "pid":"1", "tid":"mom"},
{"name":"ModelAdvance", "ph":"B", "ts":"4172877322", "pid":"1", "tid":"mom"},
{"name":"ModelAdvance", "ph":"E", "ts":"4178131958", "pid":"1", "tid":"mom"},
{"name":"ModelSetRunClock", "ph":"B", "ts":"4181115836", "pid":"1", "tid":"mom"},
{"name":"ModelSetRunClock", "ph":"E", "ts":"4181115913", "pid":"1", "tid":"mom"},
{"name":"ModelAdvance", "ph":"B", "ts":"4181116096", "pid":"1", "tid":"mom"},
{"name":"ModelAdvance", "ph":"E", "ts":"4186406654", "pid":"1", "tid":"mom"},
{"name":"ModelSetRunClock", "ph":"B", "ts":"4190091846", "pid":"1", "tid":"mom"},
{"name":"ModelSetRunClock", "ph":"E", "ts":"4190091911", "pid":"1", "tid":"mom"},
{"name":"ModelAdvance", "ph":"B", "ts":"4190092113", "pid":"1", "tid":"mom"},
{"name":"ModelAdvance", "ph":"E", "ts":"4195410568", "pid":"1", "tid":"mom"},
{"name":"ModelSetRunClock", "ph":"B", "ts":"4198440761", "pid":"1", "tid":"mom"},
{"name":"ModelSetRunClock", "ph":"E", "ts":"4198440823", "pid":"1", "tid":"mom"},
{"name":"ModelAdvance", "ph":"B", "ts":"4198440989", "pid":"1", "tid":"mom"},
{"name":"ModelAdvance", "ph":"E", "ts":"4203705926", "pid":"1", "tid":"mom"},
{"name":"ModelSetRunClock", "ph":"B", "ts":"4207376368", "pid":"1", "tid":"mom"},
{"name":"ModelSetRunClock", "ph":"E", "ts":"4207376423", "pid":"1", "tid":"mom"},
{"name":"ModelAdvance", "ph":"B", "ts":"4207376584", "pid":"1", "tid":"mom"},
{"name":"ModelAdvance", "ph":"E", "ts":"4212619512", "pid":"1", "tid":"mom"},
{"name":"ModelSetRunClock", "ph":"B", "ts":"4215528653", "pid":"1", "tid":"mom"},
{"name":"ModelSetRunClock", "ph":"E", "ts":"4215528716", "pid":"1", "tid":"mom"},
{"name":"ModelAdvance", "ph":"B", "ts":"4215528900", "pid":"1", "tid":"mom"},
{"name":"ModelAdvance", "ph":"E", "ts":"4220770293", "pid":"1", "tid":"mom"},
{"name":"ModelSetRunClock", "ph":"B", "ts":"4224608786", "pid":"1", "tid":"mom"},
{"name":"ModelSetRunClock", "ph":"E", "ts":"4224609123", "pid":"1", "tid":"mom"},
{"name":"ModelAdvance", "ph":"B", "ts":"4224609381", "pid":"1", "tid":"mom"},
{"name":"ModelAdvance", "ph":"E", "ts":"4229839600", "pid":"1", "tid":"mom"},
{"name":"ModelSetRunClock", "ph":"B", "ts":"4233248638", "pid":"1", "tid":"mom"},
{"name":"ModelSetRunClock", "ph":"E", "ts":"4233248724", "pid":"1", "tid":"mom"},
{"name":"ModelAdvance", "ph":"B", "ts":"4233248946", "pid":"1", "tid":"mom"},
{"name":"ModelAdvance", "ph":"E", "ts":"4238459864", "pid":"1", "tid":"mom"},
{"name":"ModelSetRunClock", "ph":"B", "ts":"4242069137", "pid":"1", "tid":"mom"},
{"name":"ModelSetRunClock", "ph":"E", "ts":"4242069340", "pid":"1", "tid":"mom"},
{"name":"ModelAdvance", "ph":"B", "ts":"4242069501", "pid":"1", "tid":"mom"},
{"name":"ModelAdvance", "ph":"E", "ts":"4247353415", "pid":"1", "tid":"mom"},
{"name":"ModelSetRunClock", "ph":"B", "ts":"4250357351", "pid":"1", "tid":"mom"},
{"name":"ModelSetRunClock", "ph":"E", "ts":"4250357413", "pid":"1", "tid":"mom"},
{"name":"ModelAdvance", "ph":"B", "ts":"4250357580", "pid":"1", "tid":"mom"},
{"name":"ModelAdvance", "ph":"E", "ts":"4255570150", "pid":"1", "tid":"mom"},
{"name":"ModelSetRunClock", "ph":"B", "ts":"4258729197", "pid":"1", "tid":"mom"},
{"name":"ModelSetRunClock", "ph":"E", "ts":"4258729253", "pid":"1", "tid":"mom"},
{"name":"ModelAdvance", "ph":"B", "ts":"4258729405", "pid":"1", "tid":"mom"},
{"name":"ModelAdvance", "ph":"E", "ts":"4263933594", "pid":"1", "tid":"mom"},
{"name":"ModelSetRunClock", "ph":"B", "ts":"4266343490", "pid":"1", "tid":"mom"},
{"name":"ModelSetRunClock", "ph":"E", "ts":"4266343551", "pid":"1", "tid":"mom"},
{"name":"ModelAdvance", "ph":"B", "ts":"4266343734", "pid":"1", "tid":"mom"},
{"name":"ModelAdvance", "ph":"E", "ts":"4271533805", "pid":"1", "tid":"mom"},
{"name":"ModelSetRunClock", "ph":"B", "ts":"4274587876", "pid":"1", "tid":"mom"},
{"name":"ModelSetRunClock", "ph":"E", "ts":"4274587955", "pid":"1", "tid":"mom"},
{"name":"ModelAdvance", "ph":"B", "ts":"4274588156", "pid":"1", "tid":"mom"},
{"name":"ModelAdvance", "ph":"E", "ts":"4279775331", "pid":"1", "tid":"mom"},
{"name":"ModelSetRunClock", "ph":"B", "ts":"4282167558", "pid":"1", "tid":"mom"},
{"name":"ModelSetRunClock", "ph":"E", "ts":"4282167640", "pid":"1", "tid":"mom"},
{"name":"ModelAdvance", "ph":"B", "ts":"4282167898", "pid":"1", "tid":"mom"},
{"name":"ModelAdvance", "ph":"E", "ts":"4287343933", "pid":"1", "tid":"mom"},
{"name":"ModelSetRunClock", "ph":"B", "ts":"4290472190", "pid":"1", "tid":"mom"},
{"name":"ModelSetRunClock", "ph":"E", "ts":"4290472253", "pid":"1", "tid":"mom"},
{"name":"ModelAdvance", "ph":"B", "ts":"4290472419", "pid":"1", "tid":"mom"},
{"name":"ModelAdvance", "ph":"E", "ts":"4295705728", "pid":"1", "tid":"mom"},
{"name":"ModelSetRunClock", "ph":"B", "ts":"4298255403", "pid":"1", "tid":"mom"},
{"name":"ModelSetRunClock", "ph":"E", "ts":"4298255462", "pid":"1", "tid":"mom"},
{"name":"ModelAdvance", "ph":"B", "ts":"4298255619", "pid":"1", "tid":"mom"},
{"name":"ModelAdvance", "ph":"E", "ts":"4303434106", "pid":"1", "tid":"mom"},
{"name":"ModelSetRunClock", "ph":"B", "ts":"4306612235", "pid":"1", "tid":"mom"},
{"name":"ModelSetRunClock", "ph":"E", "ts":"4306612302", "pid":"1", "tid":"mom"},
{"name":"ModelAdvance", "ph":"B", "ts":"4306612467", "pid":"1", "tid":"mom"},
{"name":"ModelAdvance", "ph":"E", "ts":"4311779452", "pid":"1", "tid":"mom"},
{"name":"ModelSetRunClock", "ph":"B", "ts":"4314312899", "pid":"1", "tid":"mom"},
{"name":"ModelSetRunClock", "ph":"E", "ts":"4314312964", "pid":"1", "tid":"mom"},
{"name":"ModelAdvance", "ph":"B", "ts":"4314313128", "pid":"1", "tid":"mom"},
{"name":"ModelAdvance", "ph":"E", "ts":"4319501415", "pid":"1", "tid":"mom"},
{"name":"ModelSetRunClock", "ph":"B", "ts":"4322645174", "pid":"1", "tid":"mom"},
{"name":"ModelSetRunClock", "ph":"E", "ts":"4322645411", "pid":"1", "tid":"mom"},
{"name":"ModelAdvance", "ph":"B", "ts":"4322645604", "pid":"1", "tid":"mom"},
{"name":"ModelAdvance", "ph":"E", "ts":"4327821492", "pid":"1", "tid":"mom"},
{"name":"ModelSetRunClock", "ph":"B", "ts":"4330240968", "pid":"1", "tid":"mom"},
{"name":"ModelSetRunClock", "ph":"E", "ts":"4330241031", "pid":"1", "tid":"mom"},
{"name":"ModelAdvance", "ph":"B", "ts":"4330241204", "pid":"1", "tid":"mom"},
{"name":"ModelAdvance", "ph":"E", "ts":"4335421561", "pid":"1", "tid":"mom"},
{"name":"ModelSetRunClock", "ph":"B", "ts":"4338534691", "pid":"1", "tid":"mom"},
{"name":"ModelSetRunClock", "ph":"E", "ts":"4338534785", "pid":"1", "tid":"mom"},
{"name":"ModelAdvance", "ph":"B", "ts":"4338534993", "pid":"1", "tid":"mom"},
{"name":"ModelAdvance", "ph":"E", "ts":"4343794739", "pid":"1", "tid":"mom"},
{"name":"ModelSetRunClock", "ph":"B", "ts":"4346288765", "pid":"1", "tid":"mom"},
{"name":"ModelSetRunClock", "ph":"E", "ts":"4346288840", "pid":"1", "tid":"mom"},
{"name":"ModelAdvance", "ph":"B", "ts":"4346289026", "pid":"1", "tid":"mom"},
{"name":"ModelAdvance", "ph":"E", "ts":"4351471906", "pid":"1", "tid":"mom"},
{"name":"ModelSetRunClock", "ph":"B", "ts":"4354679574", "pid":"1", "tid":"mom"},
{"name":"ModelSetRunClock", "ph":"E", "ts":"4354679642", "pid":"1", "tid":"mom"},
{"name":"ModelAdvance", "ph":"B", "ts":"4354679855", "pid":"1", "tid":"mom"},
{"name":"ModelAdvance", "ph":"E", "ts":"4359897840", "pid":"1", "tid":"mom"},
{"name":"ModelSetRunClock", "ph":"B", "ts":"4362557129", "pid":"1", "tid":"mom"},
{"name":"ModelSetRunClock", "ph":"E", "ts":"4362557213", "pid":"1", "tid":"mom"},
{"name":"ModelAdvance", "ph":"B", "ts":"4362557424", "pid":"1", "tid":"mom"},
{"name":"ModelAdvance", "ph":"E", "ts":"4367771370", "pid":"1", "tid":"mom"},
{"name":"ModelSetRunClock", "ph":"B", "ts":"4371387980", "pid":"1", "tid":"mom"},
{"name":"ModelSetRunClock", "ph":"E", "ts":"4371388051", "pid":"1", "tid":"mom"},
{"name":"ModelAdvance", "ph":"B", "ts":"4371388221", "pid":"1", "tid":"mom"},
{"name":"ModelAdvance", "ph":"E", "ts":"4376599679", "pid":"1", "tid":"mom"},
{"name":"ModelSetRunClock", "ph":"B", "ts":"4379697055", "pid":"1", "tid":"mom"},
{"name":"ModelSetRunClock", "ph":"E", "ts":"4379697141", "pid":"1", "tid":"mom"},
{"name":"ModelAdvance", "ph":"B", "ts":"4379697324", "pid":"1", "tid":"mom"},
{"name":"ModelAdvance", "ph":"E", "ts":"4384882981", "pid":"1", "tid":"mom"},
{"name":"ModelSetRunClock", "ph":"B", "ts":"4388506540", "pid":"1", "tid":"mom"},
{"name":"ModelSetRunClock", "ph":"E", "ts":"4388506704", "pid":"1", "tid":"mom"},
{"name":"ModelAdvance", "ph":"B", "ts":"4388506892", "pid":"1", "tid":"mom"},
{"name":"ModelAdvance", "ph":"E", "ts":"4393753056", "pid":"1", "tid":"mom"},
{"name":"ModelSetRunClock", "ph":"B", "ts":"4396757690", "pid":"1", "tid":"mom"},
{"name":"ModelSetRunClock", "ph":"E", "ts":"4396757755", "pid":"1", "tid":"mom"},
{"name":"ModelAdvance", "ph":"B", "ts":"4396757930", "pid":"1", "tid":"mom"},
{"name":"ModelAdvance", "ph":"E", "ts":"4401914749", "pid":"1", "tid":"mom"},
{"name":"ModelSetRunClock", "ph":"B", "ts":"4418506052", "pid":"1", "tid":"mom"},
{"name":"ModelSetRunClock", "ph":"E", "ts":"4418506330", "pid":"1", "tid":"mom"},
{"name":"ModelAdvance", "ph":"B", "ts":"4418506556", "pid":"1", "tid":"mom"},
{"name":"ModelAdvance", "ph":"E", "ts":"4423659212", "pid":"1", "tid":"mom"},
{"name":"ModelSetRunClock", "ph":"B", "ts":"4426317173", "pid":"1", "tid":"mom"},
{"name":"ModelSetRunClock", "ph":"E", "ts":"4426317255", "pid":"1", "tid":"mom"},
{"name":"ModelAdvance", "ph":"B", "ts":"4426317454", "pid":"1", "tid":"mom"},
{"name":"ModelAdvance", "ph":"E", "ts":"4431460961", "pid":"1", "tid":"mom"},
{"name":"ModelSetRunClock", "ph":"B", "ts":"4434816231", "pid":"1", "tid":"mom"},
{"name":"ModelSetRunClock", "ph":"E", "ts":"4434816291", "pid":"1", "tid":"mom"},
{"name":"ModelAdvance", "ph":"B", "ts":"4434816457", "pid":"1", "tid":"mom"},
{"name":"ModelAdvance", "ph":"E", "ts":"4439980252", "pid":"1", "tid":"mom"},
{"name":"ModelSetRunClock", "ph":"B", "ts":"4442557114", "pid":"1", "tid":"mom"},
{"name":"ModelSetRunClock", "ph":"E", "ts":"4442557175", "pid":"1", "tid":"mom"},
{"name":"ModelAdvance", "ph":"B", "ts":"4442557340", "pid":"1", "tid":"mom"},
{"name":"ModelAdvance", "ph":"E", "ts":"4447734085", "pid":"1", "tid":"mom"},
{"name":"ModelSetRunClock", "ph":"B", "ts":"4450954083", "pid":"1", "tid":"mom"},
{"name":"ModelSetRunClock", "ph":"E", "ts":"4450954418", "pid":"1", "tid":"mom"},
{"name":"ModelAdvance", "ph":"B", "ts":"4450954644", "pid":"1", "tid":"mom"},
{"name":"ModelAdvance", "ph":"E", "ts":"4456210353", "pid":"1", "tid":"mom"},
{"name":"ModelSetRunClock", "ph":"B", "ts":"4458862404", "pid":"1", "tid":"mom"},
{"name":"ModelSetRunClock", "ph":"E", "ts":"4458862469", "pid":"1", "tid":"mom"},
{"name":"ModelAdvance", "ph":"B", "ts":"4458862652", "pid":"1", "tid":"mom"},
{"name":"ModelAdvance", "ph":"E", "ts":"4464035380", "pid":"1", "tid":"mom"},
{"name":"ModelSetRunClock", "ph":"B", "ts":"4467431163", "pid":"1", "tid":"mom"},
{"name":"ModelSetRunClock", "ph":"E", "ts":"4467431240", "pid":"1", "tid":"mom"},
{"name":"ModelAdvance", "ph":"B", "ts":"4467431420", "pid":"1", "tid":"mom"},
{"name":"ModelAdvance", "ph":"E", "ts":"4472626185", "pid":"1", "tid":"mom"},
{"name":"ModelSetRunClock", "ph":"B", "ts":"4475220511", "pid":"1", "tid":"mom"},
{"name":"ModelSetRunClock", "ph":"E", "ts":"4475220620", "pid":"1", "tid":"mom"},
{"name":"ModelAdvance", "ph":"B", "ts":"4475220848", "pid":"1", "tid":"mom"},
{"name":"ModelAdvance", "ph":"E", "ts":"4480417260", "pid":"1", "tid":"mom"},
{"name":"ModelSetRunClock", "ph":"B", "ts":"4483799014", "pid":"1", "tid":"mom"},
{"name":"ModelSetRunClock", "ph":"E", "ts":"4483799099", "pid":"1", "tid":"mom"},
{"name":"ModelAdvance", "ph":"B", "ts":"4483799295", "pid":"1", "tid":"mom"},
{"name":"ModelAdvance", "ph":"E", "ts":"4488989819", "pid":"1", "tid":"mom"},
{"name":"ModelSetRunClock", "ph":"B", "ts":"4491747484", "pid":"1", "tid":"mom"},
{"name":"ModelSetRunClock", "ph":"E", "ts":"4491747611", "pid":"1", "tid":"mom"},
{"name":"ModelAdvance", "ph":"B", "ts":"4491747923", "pid":"1", "tid":"mom"},
{"name":"ModelAdvance", "ph":"E", "ts":"4496934837", "pid":"1", "tid":"mom"},
{"name":"ModelSetRunClock", "ph":"B", "ts":"4500244159", "pid":"1", "tid":"mom"},
{"name":"ModelSetRunClock", "ph":"E", "ts":"4500244262", "pid":"1", "tid":"mom"},
{"name":"ModelAdvance", "ph":"B", "ts":"4500244516", "pid":"1", "tid":"mom"},
{"name":"ModelAdvance", "ph":"E", "ts":"4505518395", "pid":"1", "tid":"mom"},
{"name":"ModelSetRunClock", "ph":"B", "ts":"4508205966", "pid":"1", "tid":"mom"},
{"name":"ModelSetRunClock", "ph":"E", "ts":"4508206087", "pid":"1", "tid":"mom"},
{"name":"ModelAdvance", "ph":"B", "ts":"4508206321", "pid":"1", "tid":"mom"},
{"name":"ModelAdvance", "ph":"E", "ts":"4513388358", "pid":"1", "tid":"mom"},
{"name":"ModelSetRunClock", "ph":"B", "ts":"4516738055", "pid":"1", "tid":"mom"},
{"name":"ModelSetRunClock", "ph":"E", "ts":"4516738160", "pid":"1", "tid":"mom"},
{"name":"ModelAdvance", "ph":"B", "ts":"4516738368", "pid":"1", "tid":"mom"},
{"name":"ModelAdvance", "ph":"E", "ts":"4521929342", "pid":"1", "tid":"mom"},
{"name":"ModelSetRunClock", "ph":"B", "ts":"4524492930", "pid":"1", "tid":"mom"},
{"name":"ModelSetRunClock", "ph":"E", "ts":"4524493030", "pid":"1", "tid":"mom"},
{"name":"ModelAdvance", "ph":"B", "ts":"4524493247", "pid":"1", "tid":"mom"},
{"name":"ModelAdvance", "ph":"E", "ts":"4529661770", "pid":"1", "tid":"mom"},
{"name":"ModelSetRunClock", "ph":"B", "ts":"4532765646", "pid":"1", "tid":"mom"},
{"name":"ModelSetRunClock", "ph":"E", "ts":"4532765754", "pid":"1", "tid":"mom"},
{"name":"ModelAdvance", "ph":"B", "ts":"4532765965", "pid":"1", "tid":"mom"},
{"name":"ModelAdvance", "ph":"E", "ts":"4537949412", "pid":"1", "tid":"mom"},
{"name":"ModelSetRunClock", "ph":"B", "ts":"4540388232", "pid":"1", "tid":"mom"},
{"name":"ModelSetRunClock", "ph":"E", "ts":"4540388560", "pid":"1", "tid":"mom"},
{"name":"ModelAdvance", "ph":"B", "ts":"4540388798", "pid":"1", "tid":"mom"},
{"name":"ModelAdvance", "ph":"E", "ts":"4545568214", "pid":"1", "tid":"mom"},
{"name":"ModelSetRunClock", "ph":"B", "ts":"4548718319", "pid":"1", "tid":"mom"},
{"name":"ModelSetRunClock", "ph":"E", "ts":"4548718444", "pid":"1", "tid":"mom"},
{"name":"ModelAdvance", "ph":"B", "ts":"4548718682", "pid":"1", "tid":"mom"},
{"name":"ModelAdvance", "ph":"E", "ts":"4553977372", "pid":"1", "tid":"mom"},
{"name":"ModelSetRunClock", "ph":"B", "ts":"4556419048", "pid":"1", "tid":"mom"},
{"name":"ModelSetRunClock", "ph":"E", "ts":"4556419119", "pid":"1", "tid":"mom"},
{"name":"ModelAdvance", "ph":"B", "ts":"4556419297", "pid":"1", "tid":"mom"},
{"name":"ModelAdvance", "ph":"E", "ts":"4561600439", "pid":"1", "tid":"mom"},
{"name":"ModelSetRunClock", "ph":"B", "ts":"4564734995", "pid":"1", "tid":"mom"},
{"name":"ModelSetRunClock", "ph":"E", "ts":"4564735051", "pid":"1", "tid":"mom"},
{"name":"ModelAdvance", "ph":"B", "ts":"4564735320", "pid":"1", "tid":"mom"},
{"name":"ModelAdvance", "ph":"E", "ts":"4569918697", "pid":"1", "tid":"mom"},
{"name":"ModelSetRunClock", "ph":"B", "ts":"4572492185", "pid":"1", "tid":"mom"},
{"name":"ModelSetRunClock", "ph":"E", "ts":"4572492448", "pid":"1", "tid":"mom"},
{"name":"ModelAdvance", "ph":"B", "ts":"4572492686", "pid":"1", "tid":"mom"},
{"name":"ModelAdvance", "ph":"E", "ts":"4577677799", "pid":"1", "tid":"mom"},
{"name":"ModelSetRunClock", "ph":"B", "ts":"4580863022", "pid":"1", "tid":"mom"},
{"name":"ModelSetRunClock", "ph":"E", "ts":"4580863094", "pid":"1", "tid":"mom"},
{"name":"ModelAdvance", "ph":"B", "ts":"4580863271", "pid":"1", "tid":"mom"},
{"name":"ModelAdvance", "ph":"E", "ts":"4586049527", "pid":"1", "tid":"mom"},
{"name":"ModelSetRunClock", "ph":"B", "ts":"4588568518", "pid":"1", "tid":"mom"},
{"name":"ModelSetRunClock", "ph":"E", "ts":"4588568625", "pid":"1", "tid":"mom"},
{"name":"ModelAdvance", "ph":"B", "ts":"4588568876", "pid":"1", "tid":"mom"},
{"name":"ModelAdvance", "ph":"E", "ts":"4593745097", "pid":"1", "tid":"mom"},
{"name":"ModelSetRunClock", "ph":"B", "ts":"4596906616", "pid":"1", "tid":"mom"},
{"name":"ModelSetRunClock", "ph":"E", "ts":"4596906686", "pid":"1", "tid":"mom"},
{"name":"ModelAdvance", "ph":"B", "ts":"4596906859", "pid":"1", "tid":"mom"},
{"name":"ModelAdvance", "ph":"E", "ts":"4602152552", "pid":"1", "tid":"mom"},
{"name":"ModelSetRunClock", "ph":"B", "ts":"4604686851", "pid":"1", "tid":"mom"},
{"name":"ModelSetRunClock", "ph":"E", "ts":"4604686912", "pid":"1", "tid":"mom"},
{"name":"ModelAdvance", "ph":"B", "ts":"4604687071", "pid":"1", "tid":"mom"},
{"name":"ModelAdvance", "ph":"E", "ts":"4609860699", "pid":"1", "tid":"mom"},
{"name":"ModelSetRunClock", "ph":"B", "ts":"4613053244", "pid":"1", "tid":"mom"},
{"name":"ModelSetRunClock", "ph":"E", "ts":"4613053311", "pid":"1", "tid":"mom"},
{"name":"ModelAdvance", "ph":"B", "ts":"4613053488", "pid":"1", "tid":"mom"},
{"name":"ModelAdvance", "ph":"E", "ts":"4618233501", "pid":"1", "tid":"mom"},
{"name":"ModelSetRunClock", "ph":"B", "ts":"4620782071", "pid":"1", "tid":"mom"},
{"name":"ModelSetRunClock", "ph":"E", "ts":"4620782135", "pid":"1", "tid":"mom"},
{"name":"ModelAdvance", "ph":"B", "ts":"4620782295", "pid":"1", "tid":"mom"},
{"name":"ModelAdvance", "ph":"E", "ts":"4625981616", "pid":"1", "tid":"mom"},
{"name":"ModelSetRunClock", "ph":"B", "ts":"4629155237", "pid":"1", "tid":"mom"},
{"name":"ModelSetRunClock", "ph":"E", "ts":"4629155306", "pid":"1", "tid":"mom"},
{"name":"ModelAdvance", "ph":"B", "ts":"4629155515", "pid":"1", "tid":"mom"},
{"name":"ModelAdvance", "ph":"E", "ts":"4634349140", "pid":"1", "tid":"mom"},
{"name":"ModelSetRunClock", "ph":"B", "ts":"4636772306", "pid":"1", "tid":"mom"},
{"name":"ModelSetRunClock", "ph":"E", "ts":"4636772378", "pid":"1", "tid":"mom"},
{"name":"ModelAdvance", "ph":"B", "ts":"4636772582", "pid":"1", "tid":"mom"},
{"name":"ModelAdvance", "ph":"E", "ts":"4641984715", "pid":"1", "tid":"mom"},
{"name":"ModelSetRunClock", "ph":"B", "ts":"4645029913", "pid":"1", "tid":"mom"},
{"name":"ModelSetRunClock", "ph":"E", "ts":"4645030027", "pid":"1", "tid":"mom"},
{"name":"ModelAdvance", "ph":"B", "ts":"4645030238", "pid":"1", "tid":"mom"},
{"name":"ModelAdvance", "ph":"E", "ts":"4650305545", "pid":"1", "tid":"mom"},
{"name":"ModelSetRunClock", "ph":"B", "ts":"4652680375", "pid":"1", "tid":"mom"},
{"name":"ModelSetRunClock", "ph":"E", "ts":"4652680456", "pid":"1", "tid":"mom"},
{"name":"ModelAdvance", "ph":"B", "ts":"4652680652", "pid":"1", "tid":"mom"},
{"name":"ModelAdvance", "ph":"E", "ts":"4657876949", "pid":"1", "tid":"mom"},
{"name":"ModelSetRunClock", "ph":"B", "ts":"4661022086", "pid":"1", "tid":"mom"},
{"name":"ModelSetRunClock", "ph":"E", "ts":"4661022143", "pid":"1", "tid":"mom"},
{"name":"ModelAdvance", "ph":"B", "ts":"4661022300", "pid":"1", "tid":"mom"},
{"name":"ModelAdvance", "ph":"E", "ts":"4666210676", "pid":"1", "tid":"mom"},
{"name":"ModelSetRunClock", "ph":"B", "ts":"4668692245", "pid":"1", "tid":"mom"},
{"name":"ModelSetRunClock", "ph":"E", "ts":"4668692359", "pid":"1", "tid":"mom"},
{"name":"ModelAdvance", "ph":"B", "ts":"4668692793", "pid":"1", "tid":"mom"},
{"name":"ModelAdvance", "ph":"E", "ts":"4673878646", "pid":"1", "tid":"mom"},
{"name":"ModelSetRunClock", "ph":"B", "ts":"4677070702", "pid":"1", "tid":"mom"},
{"name":"ModelSetRunClock", "ph":"E", "ts":"4677070787", "pid":"1", "tid":"mom"},
{"name":"ModelAdvance", "ph":"B", "ts":"4677070970", "pid":"1", "tid":"mom"},
{"name":"ModelAdvance", "ph":"E", "ts":"4682254254", "pid":"1", "tid":"mom"},
{"name":"ModelSetRunClock", "ph":"B", "ts":"4684889811", "pid":"1", "tid":"mom"},
{"name":"ModelSetRunClock", "ph":"E", "ts":"4684889873", "pid":"1", "tid":"mom"},
{"name":"ModelAdvance", "ph":"B", "ts":"4684890038", "pid":"1", "tid":"mom"},
{"name":"ModelAdvance", "ph":"E", "ts":"4690063538", "pid":"1", "tid":"mom"},
{"name":"ModelSetRunClock", "ph":"B", "ts":"4693383644", "pid":"1", "tid":"mom"},
{"name":"ModelSetRunClock", "ph":"E", "ts":"4693383736", "pid":"1", "tid":"mom"},
{"name":"ModelAdvance", "ph":"B", "ts":"4693383935", "pid":"1", "tid":"mom"},
{"name":"ModelAdvance", "ph":"E", "ts":"4698635537", "pid":"1", "tid":"mom"},
{"name":"ModelSetRunClock", "ph":"B", "ts":"4701181747", "pid":"1", "tid":"mom"},
{"name":"ModelSetRunClock", "ph":"E", "ts":"4701181811", "pid":"1", "tid":"mom"},
{"name":"ModelAdvance", "ph":"B", "ts":"4701181981", "pid":"1", "tid":"mom"},
{"name":"ModelAdvance", "ph":"E", "ts":"4706380084", "pid":"1", "tid":"mom"},
{"name":"ModelSetRunClock", "ph":"B", "ts":"4709716983", "pid":"1", "tid":"mom"},
{"name":"ModelSetRunClock", "ph":"E", "ts":"4709717056", "pid":"1", "tid":"mom"},
{"name":"ModelAdvance", "ph":"B", "ts":"4709717240", "pid":"1", "tid":"mom"},
{"name":"ModelAdvance", "ph":"E", "ts":"4714901448", "pid":"1", "tid":"mom"},
{"name":"ModelSetRunClock", "ph":"B", "ts":"4717406027", "pid":"1", "tid":"mom"},
{"name":"ModelSetRunClock", "ph":"E", "ts":"4717406090", "pid":"1", "tid":"mom"},
{"name":"ModelAdvance", "ph":"B", "ts":"4717406256", "pid":"1", "tid":"mom"},
{"name":"ModelAdvance", "ph":"E", "ts":"4722578102", "pid":"1", "tid":"mom"},
{"name":"ModelSetRunClock", "ph":"B", "ts":"4725691102", "pid":"1", "tid":"mom"},
{"name":"ModelSetRunClock", "ph":"E", "ts":"4725691258", "pid":"1", "tid":"mom"},
{"name":"ModelAdvance", "ph":"B", "ts":"4725691430", "pid":"1", "tid":"mom"},
{"name":"ModelAdvance", "ph":"E", "ts":"4730862951", "pid":"1", "tid":"mom"},
{"name":"ModelSetRunClock", "ph":"B", "ts":"4733322250", "pid":"1", "tid":"mom"},
{"name":"ModelSetRunClock", "ph":"E", "ts":"4733322321", "pid":"1", "tid":"mom"},
{"name":"ModelAdvance", "ph":"B", "ts":"4733322503", "pid":"1", "tid":"mom"},
{"name":"ModelAdvance", "ph":"E", "ts":"4738516859", "pid":"1", "tid":"mom"},
{"name":"ModelSetRunClock", "ph":"B", "ts":"4741672990", "pid":"1", "tid":"mom"},
{"name":"ModelSetRunClock", "ph":"E", "ts":"4741673048", "pid":"1", "tid":"mom"},
{"name":"ModelAdvance", "ph":"B", "ts":"4741673209", "pid":"1", "tid":"mom"},
{"name":"ModelAdvance", "ph":"E", "ts":"4746926976", "pid":"1", "tid":"mom"},
{"name":"ModelSetRunClock", "ph":"B", "ts":"4749369239", "pid":"1", "tid":"mom"},
{"name":"ModelSetRunClock", "ph":"E", "ts":"4749369299", "pid":"1", "tid":"mom"},
{"name":"ModelAdvance", "ph":"B", "ts":"4749369471", "pid":"1", "tid":"mom"},
{"name":"ModelAdvance", "ph":"E", "ts":"4754545749", "pid":"1", "tid":"mom"},
{"name":"ModelSetRunClock", "ph":"B", "ts":"4757687094", "pid":"1", "tid":"mom"},
{"name":"ModelSetRunClock", "ph":"E", "ts":"4757687235", "pid":"1", "tid":"mom"},
{"name":"ModelAdvance", "ph":"B", "ts":"4757687422", "pid":"1", "tid":"mom"},
{"name":"ModelAdvance", "ph":"E", "ts":"4762858820", "pid":"1", "tid":"mom"},
{"name":"ModelSetRunClock", "ph":"B", "ts":"4765314760", "pid":"1", "tid":"mom"},
{"name":"ModelSetRunClock", "ph":"E", "ts":"4765314824", "pid":"1", "tid":"mom"},
{"name":"ModelAdvance", "ph":"B", "ts":"4765314995", "pid":"1", "tid":"mom"},
{"name":"ModelAdvance", "ph":"E", "ts":"4770486923", "pid":"1", "tid":"mom"},
{"name":"ModelSetRunClock", "ph":"B", "ts":"4773648911", "pid":"1", "tid":"mom"},
{"name":"ModelSetRunClock", "ph":"E", "ts":"4773649229", "pid":"1", "tid":"mom"},
{"name":"ModelAdvance", "ph":"B", "ts":"4773649460", "pid":"1", "tid":"mom"},
{"name":"ModelAdvance", "ph":"E", "ts":"4778811634", "pid":"1", "tid":"mom"},
{"name":"ModelSetRunClock", "ph":"B", "ts":"4781379589", "pid":"1", "tid":"mom"},
{"name":"ModelSetRunClock", "ph":"E", "ts":"4781379649", "pid":"1", "tid":"mom"},
{"name":"ModelAdvance", "ph":"B", "ts":"4781379856", "pid":"1", "tid":"mom"},
{"name":"ModelAdvance", "ph":"E", "ts":"4786541631", "pid":"1", "tid":"mom"},
{"name":"ModelSetRunClock", "ph":"B", "ts":"4789727388", "pid":"1", "tid":"mom"},
{"name":"ModelSetRunClock", "ph":"E", "ts":"4789727494", "pid":"1", "tid":"mom"},
{"name":"ModelAdvance", "ph":"B", "ts":"4789727751", "pid":"1", "tid":"mom"},
{"name":"ModelAdvance", "ph":"E", "ts":"4794970147", "pid":"1", "tid":"mom"},
{"name":"ModelFinalize", "ph":"B", "ts":"4794976281", "pid":"1", "tid":"mom"},
{"name":"ModelFinalize", "ph":"E", "ts":"4795089425", "pid":"1", "tid":"mom"},
