{"name":"SetServices", "ph":"B", "ts":"3571264257", "pid":"1", "tid":"wave"},
{"name":"SetServices", "ph":"E", "ts":"3571266109", "pid":"1", "tid":"wave"},
{"name":"InitializeP0", "ph":"B", "ts":"3571270070", "pid":"1", "tid":"wave"},
{"name":"InitializeP0", "ph":"E", "ts":"3571270152", "pid":"1", "tid":"wave"},
{"name":"InitializeAdvertise", "ph":"B", "ts":"3594154326", "pid":"1", "tid":"wave"},
{"name":"InitializeAdvertise", "ph":"E", "ts":"3698151988", "pid":"1", "tid":"wave"},
{"name":"InitializeRealize", "ph":"B", "ts":"3906378135", "pid":"1", "tid":"wave"},
{"name":"InitializeRealize", "ph":"E", "ts":"3921215951", "pid":"1", "tid":"wave"},
{"name":"DataInitialize", "ph":"B", "ts":"3951347957", "pid":"1", "tid":"wave"},
{"name":"DataInitialize", "ph":"E", "ts":"3951351697", "pid":"1", "tid":"wave"},
{"name":"ModelSetRunClock", "ph":"B", "ts":"4022702983", "pid":"1", "tid":"wave"},
{"name":"ModelSetRunClock", "ph":"E", "ts":"4022712532", "pid":"1", "tid":"wave"},
{"name":"ModelAdvance", "ph":"B", "ts":"4022712613", "pid":"1", "tid":"wave"},
{"name":"ModelAdvance", "ph":"E", "ts":"4035750533", "pid":"1", "tid":"wave"},
{"name":"ModelSetRunClock", "ph":"B", "ts":"4037121060", "pid":"1", "tid":"wave"},
{"name":"ModelSetRunClock", "ph":"E", "ts":"4037121104", "pid":"1", "tid":"wave"},
{"name":"ModelAdvance", "ph":"B", "ts":"4037121188", "pid":"1", "tid":"wave"},
{"name":"ModelAdvance", "ph":"E", "ts":"4042746244", "pid":"1", "tid":"wave"},
{"name":"ModelSetRunClock", "ph":"B", "ts":"4044908607", "pid":"1", "tid":"wave"},
{"name":"ModelSetRunClock", "ph":"E", "ts":"4044908646", "pid":"1", "tid":"wave"},
{"name":"ModelAdvance", "ph":"B", "ts":"4044908723", "pid":"1", "tid":"wave"},
{"name":"ModelAdvance", "ph":"E", "ts":"4050239256", "pid":"1", "tid":"wave"},
{"name":"ModelSetRunClock", "ph":"B", "ts":"4053384622", "pid":"1", "tid":"wave"},
{"name":"ModelSetRunClock", "ph":"E", "ts":"4053384663", "pid":"1", "tid":"wave"},
{"name":"ModelAdvance", "ph":"B", "ts":"4053384742", "pid":"1", "tid":"wave"},
{"name":"ModelAdvance", "ph":"E", "ts":"4058655978", "pid":"1", "tid":"wave"},
{"name":"ModelSetRunClock", "ph":"B", "ts":"4061139827", "pid":"1", "tid":"wave"},
{"name":"ModelSetRunClock", "ph":"E", "ts":"4061139865", "pid":"1", "tid":"wave"},
{"name":"ModelAdvance", "ph":"B", "ts":"4061139940", "pid":"1", "tid":"wave"},
{"name":"ModelAdvance", "ph":"E", "ts":"4066402217", "pid":"1", "tid":"wave"},
{"name":"ModelSetRunClock", "ph":"B", "ts":"4069545619", "pid":"1", "tid":"wave"},
{"name":"ModelSetRunClock", "ph":"E", "ts":"4069545667", "pid":"1", "tid":"wave"},
{"name":"ModelAdvance", "ph":"B", "ts":"4069545750", "pid":"1", "tid":"wave"},
{"name":"ModelAdvance", "ph":"E", "ts":"4074805052", "pid":"1", "tid":"wave"},
{"name":"ModelSetRunClock", "ph":"B", "ts":"4098281854", "pid":"1", "tid":"wave"},
{"name":"ModelSetRunClock", "ph":"E", "ts":"4098282050", "pid":"1", "tid":"wave"},
{"name":"ModelAdvance", "ph":"B", "ts":"4098282158", "pid":"1", "tid":"wave"},
{"name":"ModelAdvance", "ph":"E", "ts":"4103561208", "pid":"1", "tid":"wave"},
{"name":"ModelSetRunClock", "ph":"B", "ts":"4106789105", "pid":"1", "tid":"wave"},
{"name":"ModelSetRunClock", "ph":"E", "ts":"4106789157", "pid":"1", "tid":"wave"},
{"name":"ModelAdvance", "ph":"B", "ts":"4106789235", "pid":"1", "tid":"wave"},
{"name":"ModelAdvance", "ph":"E", "ts":"4112043720", "pid":"1", "tid":"wave"},
{"name":"ModelSetRunClock", "ph":"B", "ts":"4114659621", "pid":"1", "tid":"wave"},
{"name":"ModelSetRunClock", "ph":"E", "ts":"4114659677", "pid":"1", "tid":"wave"},
{"name":"ModelAdvance", "ph":"B", "ts":"4114659772", "pid":"1", "tid":"wave"},
{"name":"ModelAdvance", "ph":"E", "ts":"4119936273", "pid":"1", "tid":"wave"},
{"name":"ModelSetRunClock", "ph":"B", "ts":"4123226439", "pid":"1", "tid":"wave"},
{"name":"ModelSetRunClock", "ph":"E", "ts":"4123226493", "pid":"1", "tid":"wave"},
{"name":"ModelAdvance", "ph":"B", "ts":"4123226586", "pid":"1", "tid":"wave"},
{"name":"ModelAdvance", "ph":"E", "ts":"4128473958", "pid":"1", "tid":"wave"},
{"name":"ModelSetRunClock", "ph":"B", "ts":"4131204791", "pid":"1", "tid":"wave"},
{"name":"ModelSetRunClock", "ph":"E", "ts":"4131205086", "pid":"1", "tid":"wave"},
{"name":"ModelAdvance", "ph":"B", "ts":"4131205323", "pid":"1", "tid":"wave"},
{"name":"ModelAdvance", "ph":"E", "ts":"4136366622", "pid":"1", "tid":"wave"},
{"name":"ModelSetRunClock", "ph":"B", "ts":"4139853159", "pid":"1", "tid":"wave"},
{"name":"ModelSetRunClock", "ph":"E", "ts":"4139853215", "pid":"1", "tid":"wave"},
{"name":"ModelAdvance", "ph":"B", "ts":"4139853298", "pid":"1", "tid":"wave"},
{"name":"ModelAdvance", "ph":"E", "ts":"4144889165", "pid":"1", "tid":"wave"},
{"name":"ModelSetRunClock", "ph":"B", "ts":"4147728821", "pid":"1", "tid":"wave"},
{"name":"ModelSetRunClock", "ph":"E", "ts":"4147728878", "pid":"1", "tid":"wave"},
{"name":"ModelAdvance", "ph":"B", "ts":"4147728959", "pid":"1", "tid":"wave"},
{"name":"ModelAdvance", "ph":"E", "ts":"4152691293", "pid":"1", "tid":"wave"},
{"name":"ModelSetRunClock", "ph":"B", "ts":"4156287174", "pid":"1", "tid":"wave"},
{"name":"ModelSetRunClock", "ph":"E", "ts":"4156287233", "pid":"1", "tid":"wave"},
{"name":"ModelAdvance", "ph":"B", "ts":"4156287318", "pid":"1", "tid":"wave"},
{"name":"ModelAdvance", "ph":"E", "ts":"4161281623", "pid":"1", "tid":"wave"},
{"name":"ModelSetRunClock", "ph":"B", "ts":"4164206004", "pid":"1", "tid":"wave"},
{"name":"ModelSetRunClock", "ph":"E", "ts":"4164206060", "pid":"1", "tid":"wave"},
{"name":"ModelAdvance", "ph":"B", "ts":"4164206136", "pid":"1", "tid":"wave"},
{"name":"ModelAdvance", "ph":"E", "ts":"4169135861", "pid":"1", "tid":"wave"},
{"name":"ModelSetRunClock", "ph":"B", "ts":"4172865138", "pid":"1", "tid":"wave"},
{"name":"ModelSetRunClock", "ph":"E", "ts":"4172865208", "pid":"1", "tid":"wave"},
{"name":"ModelAdvance", "ph":"B", "ts":"4172865298", "pid":"1", "tid":"wave"},
{"name":"ModelAdvance", "ph":"E", "ts":"4177727639", "pid":"1", "tid":"wave"},
{"name":"ModelSetRunClock", "ph":"B", "ts":"4181113511", "pid":"1", "tid":"wave"},
{"name":"ModelSetRunClock", "ph":"E", "ts":"4181113574", "pid":"1", "tid":"wave"},
{"name":"ModelAdvance", "ph":"B", "ts":"4181113653", "pid":"1", "tid":"wave"},
{"name":"ModelAdvance", "ph":"E", "ts":"4185972217", "pid":"1", "tid":"wave"},
{"name":"ModelSetRunClock", "ph":"B", "ts":"4190081561", "pid":"1", "tid":"wave"},
{"name":"ModelSetRunClock", "ph":"E", "ts":"4190081627", "pid":"1", "tid":"wave"},
{"name":"ModelAdvance", "ph":"B", "ts":"4190081720", "pid":"1", "tid":"wave"},
{"name":"ModelAdvance", "ph":"E", "ts":"4194901839", "pid":"1", "tid":"wave"},
{"name":"ModelSetRunClock", "ph":"B", "ts":"4198431969", "pid":"1", "tid":"wave"},
{"name":"ModelSetRunClock", "ph":"E", "ts":"4198432029", "pid":"1", "tid":"wave"},
{"name":"ModelAdvance", "ph":"B", "ts":"4198432117", "pid":"1", "tid":"wave"},
{"name":"ModelAdvance", "ph":"E", "ts":"4203315982", "pid":"1", "tid":"wave"},
{"name":"ModelSetRunClock", "ph":"B", "ts":"4207370915", "pid":"1", "tid":"wave"},
{"name":"ModelSetRunClock", "ph":"E", "ts":"4207370972", "pid":"1", "tid":"wave"},
{"name":"ModelAdvance", "ph":"B", "ts":"4207371050", "pid":"1", "tid":"wave"},
{"name":"ModelAdvance", "ph":"E", "ts":"4212197384", "pid":"1", "tid":"wave"},
{"name":"ModelSetRunClock", "ph":"B", "ts":"4215518195", "pid":"1", "tid":"wave"},
{"name":"ModelSetRunClock", "ph":"E", "ts":"4215518252", "pid":"1", "tid":"wave"},
{"name":"ModelAdvance", "ph":"B", "ts":"4215518329", "pid":"1", "tid":"wave"},
{"name":"ModelAdvance", "ph":"E", "ts":"4220249273", "pid":"1", "tid":"wave"},
{"name":"ModelSetRunClock", "ph":"B", "ts":"4224596829", "pid":"1", "tid":"wave"},
{"name":"ModelSetRunClock", "ph":"E", "ts":"4224596888", "pid":"1", "tid":"wave"},
{"name":"ModelAdvance", "ph":"B", "ts":"4224596974", "pid":"1", "tid":"wave"},
{"name":"ModelAdvance", "ph":"E", "ts":"4229276621", "pid":"1", "tid":"wave"},
{"name":"ModelSetRunClock", "ph":"B", "ts":"4233236568", "pid":"1", "tid":"wave"},
{"name":"ModelSetRunClock", "ph":"E", "ts":"4233236631", "pid":"1", "tid":"wave"},
{"name":"ModelAdvance", "ph":"B", "ts":"4233236718", "pid":"1", "tid":"wave"},
{"name":"ModelAdvance", "ph":"E", "ts":"4237883746", "pid":"1", "tid":"wave"},
{"name":"ModelSetRunClock", "ph":"B", "ts":"4242059032", "pid":"1", "tid":"wave"},
{"name":"ModelSetRunClock", "ph":"E", "ts":"4242059088", "pid":"1", "tid":"wave"},
{"name":"ModelAdvance", "ph":"B", "ts":"4242059168", "pid":"1", "tid":"wave"},
{"name":"ModelAdvance", "ph":"E", "ts":"4246648387", "pid":"1", "tid":"wave"},
{"name":"ModelSetRunClock", "ph":"B", "ts":"4250347109", "pid":"1", "tid":"wave"},
{"name":"ModelSetRunClock", "ph":"E", "ts":"4250347166", "pid":"1", "tid":"wave"},
{"name":"ModelAdvance", "ph":"B", "ts":"4250347240", "pid":"1", "tid":"wave"},
{"name":"ModelAdvance", "ph":"E", "ts":"4255005070", "pid":"1", "tid":"wave"},
{"name":"ModelSetRunClock", "ph":"B", "ts":"4258727373", "pid":"1", "tid":"wave"},
{"name":"ModelSetRunClock", "ph":"E", "ts":"4258727431", "pid":"1", "tid":"wave"},
{"name":"ModelAdvance", "ph":"B", "ts":"4258727513", "pid":"1", "tid":"wave"},
{"name":"ModelAdvance", "ph":"E", "ts":"4263433218", "pid":"1", "tid":"wave"},
{"name":"ModelSetRunClock", "ph":"B", "ts":"4266332871", "pid":"1", "tid":"wave"},
{"name":"ModelSetRunClock", "ph":"E", "ts":"4266333023", "pid":"1", "tid":"wave"},
{"name":"ModelAdvance", "ph":"B", "ts":"4266333114", "pid":"1", "tid":"wave"},
{"name":"ModelAdvance", "ph":"E", "ts":"4271085919", "pid":"1", "tid":"wave"},
{"name":"ModelSetRunClock", "ph":"B", "ts":"4274576316", "pid":"1", "tid":"wave"},
{"name":"ModelSetRunClock", "ph":"E", "ts":"4274576360", "pid":"1", "tid":"wave"},
{"name":"ModelAdvance", "ph":"B", "ts":"4274576441", "pid":"1", "tid":"wave"},
{"name":"ModelAdvance", "ph":"E", "ts":"4279369517", "pid":"1", "tid":"wave"},
{"name":"ModelSetRunClock", "ph":"B", "ts":"4282154955", "pid":"1", "tid":"wave"},
{"name":"ModelSetRunClock", "ph":"E", "ts":"4282154997", "pid":"1", "tid":"wave"},
{"name":"ModelAdvance", "ph":"B", "ts":"4282155078", "pid":"1", "tid":"wave"},
{"name":"ModelAdvance", "ph":"E", "ts":"4286975905", "pid":"1", "tid":"wave"},
{"name":"ModelSetRunClock", "ph":"B", "ts":"4290462483", "pid":"1", "tid":"wave"},
{"name":"ModelSetRunClock", "ph":"E", "ts":"4290462526", "pid":"1", "tid":"wave"},
{"name":"ModelAdvance", "ph":"B", "ts":"4290462604", "pid":"1", "tid":"wave"},
{"name":"ModelAdvance", "ph":"E", "ts":"4295322539", "pid":"1", "tid":"wave"},
{"name":"ModelSetRunClock", "ph":"B", "ts":"4298245598", "pid":"1", "tid":"wave"},
{"name":"ModelSetRunClock", "ph":"E", "ts":"4298245640", "pid":"1", "tid":"wave"},
{"name":"ModelAdvance", "ph":"B", "ts":"4298245717", "pid":"1", "tid":"wave"},
{"name":"ModelAdvance", "ph":"E", "ts":"4303186783", "pid":"1", "tid":"wave"},
{"name":"ModelSetRunClock", "ph":"B", "ts":"4306602646", "pid":"1", "tid":"wave"},
{"name":"ModelSetRunClock", "ph":"E", "ts":"4306602691", "pid":"1", "tid":"wave"},
{"name":"ModelAdvance", "ph":"B", "ts":"4306602768", "pid":"1", "tid":"wave"},
{"name":"ModelAdvance", "ph":"E", "ts":"4311674911", "pid":"1", "tid":"wave"},
{"name":"ModelSetRunClock", "ph":"B", "ts":"4314302769", "pid":"1", "tid":"wave"},
{"name":"ModelSetRunClock", "ph":"E", "ts":"4314302813", "pid":"1", "tid":"wave"},
{"name":"ModelAdvance", "ph":"B", "ts":"4314302887", "pid":"1", "tid":"wave"},
{"name":"ModelAdvance", "ph":"E", "ts":"4319318408", "pid":"1", "tid":"wave"},
{"name":"ModelSetRunClock", "ph":"B", "ts":"4322633837", "pid":"1", "tid":"wave"},
{"name":"ModelSetRunClock", "ph":"E", "ts":"4322633879", "pid":"1", "tid":"wave"},
{"name":"ModelAdvance", "ph":"B", "ts":"4322633958", "pid":"1", "tid":"wave"},
{"name":"ModelAdvance", "ph":"E", "ts":"4327650514", "pid":"1", "tid":"wave"},
{"name":"ModelSetRunClock", "ph":"B", "ts":"4330230367", "pid":"1", "tid":"wave"},
{"name":"ModelSetRunClock", "ph":"E", "ts":"4330230412", "pid":"1", "tid":"wave"},
{"name":"ModelAdvance", "ph":"B", "ts":"4330230491", "pid":"1", "tid":"wave"},
{"name":"ModelAdvance", "ph":"E", "ts":"4335200233", "pid":"1", "tid":"wave"},
{"name":"ModelSetRunClock", "ph":"B", "ts":"4338522508", "pid":"1", "tid":"wave"},
{"name":"ModelSetRunClock", "ph":"E", "ts":"4338522556", "pid":"1", "tid":"wave"},
{"name":"ModelAdvance", "ph":"B", "ts":"4338522724", "pid":"1", "tid":"wave"},
{"name":"ModelAdvance", "ph":"E", "ts":"4343524435", "pid":"1", "tid":"wave"},
{"name":"ModelSetRunClock", "ph":"B", "ts":"4346278040", "pid":"1", "tid":"wave"},
{"name":"ModelSetRunClock", "ph":"E", "ts":"4346278090", "pid":"1", "tid":"wave"},
{"name":"ModelAdvance", "ph":"B", "ts":"4346278167", "pid":"1", "tid":"wave"},
{"name":"ModelAdvance", "ph":"E", "ts":"4351198659", "pid":"1", "tid":"wave"},
{"name":"ModelSetRunClock", "ph":"B", "ts":"4354670380", "pid":"1", "tid":"wave"},
{"name":"ModelSetRunClock", "ph":"E", "ts":"4354670428", "pid":"1", "tid":"wave"},
{"name":"ModelAdvance", "ph":"B", "ts":"4354670503", "pid":"1", "tid":"wave"},
{"name":"ModelAdvance", "ph":"E", "ts":"4359627465", "pid":"1", "tid":"wave"},
{"name":"ModelSetRunClock", "ph":"B", "ts":"4362544300", "pid":"1", "tid":"wave"},
{"name":"ModelSetRunClock", "ph":"E", "ts":"4362544461", "pid":"1", "tid":"wave"},
{"name":"ModelAdvance", "ph":"B", "ts":"4362544545", "pid":"1", "tid":"wave"},
{"name":"ModelAdvance", "ph":"E", "ts":"4367491971", "pid":"1", "tid":"wave"},
{"name":"ModelSetRunClock", "ph":"B", "ts":"4371385748", "pid":"1", "tid":"wave"},
{"name":"ModelSetRunClock", "ph":"E", "ts":"4371385797", "pid":"1", "tid":"wave"},
{"name":"ModelAdvance", "ph":"B", "ts":"4371385877", "pid":"1", "tid":"wave"},
{"name":"ModelAdvance", "ph":"E", "ts":"4376326797", "pid":"1", "tid":"wave"},
{"name":"ModelSetRunClock", "ph":"B", "ts":"4379685605", "pid":"1", "tid":"wave"},
{"name":"ModelSetRunClock", "ph":"E", "ts":"4379685657", "pid":"1", "tid":"wave"},
{"name":"ModelAdvance", "ph":"B", "ts":"4379685741", "pid":"1", "tid":"wave"},
{"name":"ModelAdvance", "ph":"E", "ts":"4384665069", "pid":"1", "tid":"wave"},
{"name":"ModelSetRunClock", "ph":"B", "ts":"4388497878", "pid":"1", "tid":"wave"},
{"name":"ModelSetRunClock", "ph":"E", "ts":"4388497928", "pid":"1", "tid":"wave"},
{"name":"ModelAdvance", "ph":"B", "ts":"4388498016", "pid":"1", "tid":"wave"},
{"name":"ModelAdvance", "ph":"E", "ts":"4393452060", "pid":"1", "tid":"wave"},
{"name":"ModelSetRunClock", "ph":"B", "ts":"4396749140", "pid":"1", "tid":"wave"},
{"name":"ModelSetRunClock", "ph":"E", "ts":"4396749190", "pid":"1", "tid":"wave"},
{"name":"ModelAdvance", "ph":"B", "ts":"4396749269", "pid":"1", "tid":"wave"},
{"name":"ModelAdvance", "ph":"E", "ts":"4401695018", "pid":"1", "tid":"wave"},
{"name":"ModelSetRunClock", "ph":"B", "ts":"4418492847", "pid":"1", "tid":"wave"},
{"name":"ModelSetRunClock", "ph":"E", "ts":"4418492898", "pid":"1", "tid":"wave"},
{"name":"ModelAdvance", "ph":"B", "ts":"4418492980", "pid":"1", "tid":"wave"},
{"name":"ModelAdvance", "ph":"E", "ts":"4423454046", "pid":"1", "tid":"wave"},
{"name":"ModelSetRunClock", "ph":"B", "ts":"4426304321", "pid":"1", "tid":"wave"},
{"name":"ModelSetRunClock", "ph":"E", "ts":"4426304365", "pid":"1", "tid":"wave"},
{"name":"ModelAdvance", "ph":"B", "ts":"4426304441", "pid":"1", "tid":"wave"},
{"name":"ModelAdvance", "ph":"E", "ts":"4431301150", "pid":"1", "tid":"wave"},
{"name":"ModelSetRunClock", "ph":"B", "ts":"4434809413", "pid":"1", "tid":"wave"},
{"name":"ModelSetRunClock", "ph":"E", "ts":"4434809456", "pid":"1", "tid":"wave"},
{"name":"ModelAdvance", "ph":"B", "ts":"4434809530", "pid":"1", "tid":"wave"},
{"name":"ModelAdvance", "ph":"E", "ts":"4439760296", "pid":"1", "tid":"wave"},
{"name":"ModelSetRunClock", "ph":"B", "ts":"4442546804", "pid":"1", "tid":"wave"},
{"name":"ModelSetRunClock", "ph":"E", "ts":"4442546846", "pid":"1", "tid":"wave"},
{"name":"ModelAdvance", "ph":"B", "ts":"4442546927", "pid":"1", "tid":"wave"},
{"name":"ModelAdvance", "ph":"E", "ts":"4447502341", "pid":"1", "tid":"wave"},
{"name":"ModelSetRunClock", "ph":"B", "ts":"4450942560", "pid":"1", "tid":"wave"},
{"name":"ModelSetRunClock", "ph":"E", "ts":"4450942605", "pid":"1", "tid":"wave"},
{"name":"ModelAdvance", "ph":"B", "ts":"4450942684", "pid":"1", "tid":"wave"},
{"name":"ModelAdvance", "ph":"E", "ts":"4455903092", "pid":"1", "tid":"wave"},
{"name":"ModelSetRunClock", "ph":"B", "ts":"4458850888", "pid":"1", "tid":"wave"},
{"name":"ModelSetRunClock", "ph":"E", "ts":"4458851008", "pid":"1", "tid":"wave"},
{"name":"ModelAdvance", "ph":"B", "ts":"4458851089", "pid":"1", "tid":"wave"},
{"name":"ModelAdvance", "ph":"E", "ts":"4463830253", "pid":"1", "tid":"wave"},
{"name":"ModelSetRunClock", "ph":"B", "ts":"4467422556", "pid":"1", "tid":"wave"},
{"name":"ModelSetRunClock", "ph":"E", "ts":"4467422599", "pid":"1", "tid":"wave"},
{"name":"ModelAdvance", "ph":"B", "ts":"4467422676", "pid":"1", "tid":"wave"},
{"name":"ModelAdvance", "ph":"E", "ts":"4472369625", "pid":"1", "tid":"wave"},
{"name":"ModelSetRunClock", "ph":"B", "ts":"4475208261", "pid":"1", "tid":"wave"},
{"name":"ModelSetRunClock", "ph":"E", "ts":"4475208305", "pid":"1", "tid":"wave"},
{"name":"ModelAdvance", "ph":"B", "ts":"4475208382", "pid":"1", "tid":"wave"},
{"name":"ModelAdvance", "ph":"E", "ts":"4480151683", "pid":"1", "tid":"wave"},
{"name":"ModelSetRunClock", "ph":"B", "ts":"4483786178", "pid":"1", "tid":"wave"},
{"name":"ModelSetRunClock", "ph":"E", "ts":"4483786221", "pid":"1", "tid":"wave"},
{"name":"ModelAdvance", "ph":"B", "ts":"4483786293", "pid":"1", "tid":"wave"},
{"name":"ModelAdvance", "ph":"E", "ts":"4488732495", "pid":"1", "tid":"wave"},
{"name":"ModelSetRunClock", "ph":"B", "ts":"4491735035", "pid":"1", "tid":"wave"},
{"name":"ModelSetRunClock", "ph":"E", "ts":"4491735075", "pid":"1", "tid":"wave"},
{"name":"ModelAdvance", "ph":"B", "ts":"4491735157", "pid":"1", "tid":"wave"},
{"name":"ModelAdvance", "ph":"E", "ts":"4496683065", "pid":"1", "tid":"wave"},
{"name":"ModelSetRunClock", "ph":"B", "ts":"4500231849", "pid":"1", "tid":"wave"},
{"name":"ModelSetRunClock", "ph":"E", "ts":"4500231890", "pid":"1", "tid":"wave"},
{"name":"ModelAdvance", "ph":"B", "ts":"4500231967", "pid":"1", "tid":"wave"},
{"name":"ModelAdvance", "ph":"E", "ts":"4505127419", "pid":"1", "tid":"wave"},
{"name":"ModelSetRunClock", "ph":"B", "ts":"4508192707", "pid":"1", "tid":"wave"},
{"name":"ModelSetRunClock", "ph":"E", "ts":"4508192748", "pid":"1", "tid":"wave"},
{"name":"ModelAdvance", "ph":"B", "ts":"4508192824", "pid":"1", "tid":"wave"},
{"name":"ModelAdvance", "ph":"E", "ts":"4513044940", "pid":"1", "tid":"wave"},
{"name":"ModelSetRunClock", "ph":"B", "ts":"4516725451", "pid":"1", "tid":"wave"},
{"name":"ModelSetRunClock", "ph":"E", "ts":"4516725597", "pid":"1", "tid":"wave"},
{"name":"ModelAdvance", "ph":"B", "ts":"4516725677", "pid":"1", "tid":"wave"},
{"name":"ModelAdvance", "ph":"E", "ts":"4521589994", "pid":"1", "tid":"wave"},
{"name":"ModelSetRunClock", "ph":"B", "ts":"4524480145", "pid":"1", "tid":"wave"},
{"name":"ModelSetRunClock", "ph":"E", "ts":"4524480181", "pid":"1", "tid":"wave"},
{"name":"ModelAdvance", "ph":"B", "ts":"4524480259", "pid":"1", "tid":"wave"},
{"name":"ModelAdvance", "ph":"E", "ts":"4529287625", "pid":"1", "tid":"wave"},
{"name":"ModelSetRunClock", "ph":"B", "ts":"4532752830", "pid":"1", "tid":"wave"},
{"name":"ModelSetRunClock", "ph":"E", "ts":"4532752864", "pid":"1", "tid":"wave"},
{"name":"ModelAdvance", "ph":"B", "ts":"4532752942", "pid":"1", "tid":"wave"},
{"name":"ModelAdvance", "ph":"E", "ts":"4537494137", "pid":"1", "tid":"wave"},
{"name":"ModelSetRunClock", "ph":"B", "ts":"4540376457", "pid":"1", "tid":"wave"},
{"name":"ModelSetRunClock", "ph":"E", "ts":"4540376493", "pid":"1", "tid":"wave"},
{"name":"ModelAdvance", "ph":"B", "ts":"4540376574", "pid":"1", "tid":"wave"},
{"name":"ModelAdvance", "ph":"E", "ts":"4545107502", "pid":"1", "tid":"wave"},
{"name":"ModelSetRunClock", "ph":"B", "ts":"4548706623", "pid":"1", "tid":"wave"},
{"name":"ModelSetRunClock", "ph":"E", "ts":"4548706762", "pid":"1", "tid":"wave"},
{"name":"ModelAdvance", "ph":"B", "ts":"4548706839", "pid":"1", "tid":"wave"},
{"name":"ModelAdvance", "ph":"E", "ts":"4553459036", "pid":"1", "tid":"wave"},
{"name":"ModelSetRunClock", "ph":"B", "ts":"4556408211", "pid":"1", "tid":"wave"},
{"name":"ModelSetRunClock", "ph":"E", "ts":"4556408245", "pid":"1", "tid":"wave"},
{"name":"ModelAdvance", "ph":"B", "ts":"4556408322", "pid":"1", "tid":"wave"},
{"name":"ModelAdvance", "ph":"E", "ts":"4561171749", "pid":"1", "tid":"wave"},
{"name":"ModelSetRunClock", "ph":"B", "ts":"4564725885", "pid":"1", "tid":"wave"},
{"name":"ModelSetRunClock", "ph":"E", "ts":"4564725919", "pid":"1", "tid":"wave"},
{"name":"ModelAdvance", "ph":"B", "ts":"4564725997", "pid":"1", "tid":"wave"},
{"name":"ModelAdvance", "ph":"E", "ts":"4569493023", "pid":"1", "tid":"wave"},
{"name":"ModelSetRunClock", "ph":"B", "ts":"4572480175", "pid":"1", "tid":"wave"},
{"name":"ModelSetRunClock", "ph":"E", "ts":"4572480210", "pid":"1", "tid":"wave"},
{"name":"ModelAdvance", "ph":"B", "ts":"4572480290", "pid":"1", "tid":"wave"},
{"name":"ModelAdvance", "ph":"E", "ts":"4577251449", "pid":"1", "tid":"wave"},
{"name":"ModelSetRunClock", "ph":"B", "ts":"4580854858", "pid":"1", "tid":"wave"},
{"name":"ModelSetRunClock", "ph":"E", "ts":"4580854895", "pid":"1", "tid":"wave"},
{"name":"ModelAdvance", "ph":"B", "ts":"4580854971", "pid":"1", "tid":"wave"},
{"name":"ModelAdvance", "ph":"E", "ts":"4585611818", "pid":"1", "tid":"wave"},
{"name":"ModelSetRunClock", "ph":"B", "ts":"4588556454", "pid":"1", "tid":"wave"},
{"name":"ModelSetRunClock", "ph":"E", "ts":"4588556490", "pid":"1", "tid":"wave"},
{"name":"ModelAdvance", "ph":"B", "ts":"4588556568", "pid":"1", "tid":"wave"},
{"name":"ModelAdvance", "ph":"E", "ts":"4593337578", "pid":"1", "tid":"wave"},
{"name":"ModelSetRunClock", "ph":"B", "ts":"4596896806", "pid":"1", "tid":"wave"},
{"name":"ModelSetRunClock", "ph":"E", "ts":"4596896860", "pid":"1", "tid":"wave"},
{"name":"ModelAdvance", "ph":"B", "ts":"4596896943", "pid":"1", "tid":"wave"},
{"name":"ModelAdvance", "ph":"E", "ts":"4601640266", "pid":"1", "tid":"wave"},
{"name":"ModelSetRunClock", "ph":"B", "ts":"4604676569", "pid":"1", "tid":"wave"},
{"name":"ModelSetRunClock", "ph":"E", "ts":"4604676605", "pid":"1", "tid":"wave"},
{"name":"ModelAdvance", "ph":"B", "ts":"4604676685", "pid":"1", "tid":"wave"},
{"name":"ModelAdvance", "ph":"E", "ts":"4609379210", "pid":"1", "tid":"wave"},
{"name":"ModelSetRunClock", "ph":"B", "ts":"4613051223", "pid":"1", "tid":"wave"},
{"name":"ModelSetRunClock", "ph":"E", "ts":"4613051261", "pid":"1", "tid":"wave"},
{"name":"ModelAdvance", "ph":"B", "ts":"4613051339", "pid":"1", "tid":"wave"},
{"name":"ModelAdvance", "ph":"E", "ts":"4617785098", "pid":"1", "tid":"wave"},
{"name":"ModelSetRunClock", "ph":"B", "ts":"4620771003", "pid":"1", "tid":"wave"},
{"name":"ModelSetRunClock", "ph":"E", "ts":"4620771037", "pid":"1", "tid":"wave"},
{"name":"ModelAdvance", "ph":"B", "ts":"4620771115", "pid":"1", "tid":"wave"},
{"name":"ModelAdvance", "ph":"E", "ts":"4625461514", "pid":"1", "tid":"wave"},
{"name":"ModelSetRunClock", "ph":"B", "ts":"4629143256", "pid":"1", "tid":"wave"},
{"name":"ModelSetRunClock", "ph":"E", "ts":"4629143294", "pid":"1", "tid":"wave"},
{"name":"ModelAdvance", "ph":"B", "ts":"4629143371", "pid":"1", "tid":"wave"},
{"name":"ModelAdvance", "ph":"E", "ts":"4633884683", "pid":"1", "tid":"wave"},
{"name":"ModelSetRunClock", "ph":"B", "ts":"4636760796", "pid":"1", "tid":"wave"},
{"name":"ModelSetRunClock", "ph":"E", "ts":"4636760829", "pid":"1", "tid":"wave"},
{"name":"ModelAdvance", "ph":"B", "ts":"4636760908", "pid":"1", "tid":"wave"},
{"name":"ModelAdvance", "ph":"E", "ts":"4641536623", "pid":"1", "tid":"wave"},
{"name":"ModelSetRunClock", "ph":"B", "ts":"4645017618", "pid":"1", "tid":"wave"},
{"name":"ModelSetRunClock", "ph":"E", "ts":"4645017652", "pid":"1", "tid":"wave"},
{"name":"ModelAdvance", "ph":"B", "ts":"4645017727", "pid":"1", "tid":"wave"},
{"name":"ModelAdvance", "ph":"E", "ts":"4649819820", "pid":"1", "tid":"wave"},
{"name":"ModelSetRunClock", "ph":"B", "ts":"4652668147", "pid":"1", "tid":"wave"},
{"name":"ModelSetRunClock", "ph":"E", "ts":"4652668182", "pid":"1", "tid":"wave"},
{"name":"ModelAdvance", "ph":"B", "ts":"4652668257", "pid":"1", "tid":"wave"},
{"name":"ModelAdvance", "ph":"E", "ts":"4657496810", "pid":"1", "tid":"wave"},
{"name":"ModelSetRunClock", "ph":"B", "ts":"4661013672", "pid":"1", "tid":"wave"},
{"name":"ModelSetRunClock", "ph":"E", "ts":"4661013710", "pid":"1", "tid":"wave"},
{"name":"ModelAdvance", "ph":"B", "ts":"4661013940", "pid":"1", "tid":"wave"},
{"name":"ModelAdvance", "ph":"E", "ts":"4665719197", "pid":"1", "tid":"wave"},
{"name":"ModelSetRunClock", "ph":"B", "ts":"4668680885", "pid":"1", "tid":"wave"},
{"name":"ModelSetRunClock", "ph":"E", "ts":"4668681023", "pid":"1", "tid":"wave"},
{"name":"ModelAdvance", "ph":"B", "ts":"4668681108", "pid":"1", "tid":"wave"},
{"name":"ModelAdvance", "ph":"E", "ts":"4673323432", "pid":"1", "tid":"wave"},
{"name":"ModelSetRunClock", "ph":"B", "ts":"4677057923", "pid":"1", "tid":"wave"},
{"name":"ModelSetRunClock", "ph":"E", "ts":"4677057960", "pid":"1", "tid":"wave"},
{"name":"ModelAdvance", "ph":"B", "ts":"4677058035", "pid":"1", "tid":"wave"},
{"name":"ModelAdvance", "ph":"E", "ts":"4681658591", "pid":"1", "tid":"wave"},
{"name":"ModelSetRunClock", "ph":"B", "ts":"4684880321", "pid":"1", "tid":"wave"},
{"name":"ModelSetRunClock", "ph":"E", "ts":"4684880356", "pid":"1", "tid":"wave"},
{"name":"ModelAdvance", "ph":"B", "ts":"4684880435", "pid":"1", "tid":"wave"},
{"name":"ModelAdvance", "ph":"E", "ts":"4689552858", "pid":"1", "tid":"wave"},
{"name":"ModelSetRunClock", "ph":"B", "ts":"4693372780", "pid":"1", "tid":"wave"},
{"name":"ModelSetRunClock", "ph":"E", "ts":"4693372816", "pid":"1", "tid":"wave"},
{"name":"ModelAdvance", "ph":"B", "ts":"4693372893", "pid":"1", "tid":"wave"},
{"name":"ModelAdvance", "ph":"E", "ts":"4698076637", "pid":"1", "tid":"wave"},
{"name":"ModelSetRunClock", "ph":"B", "ts":"4701170918", "pid":"1", "tid":"wave"},
{"name":"ModelSetRunClock", "ph":"E", "ts":"4701171060", "pid":"1", "tid":"wave"},
{"name":"ModelAdvance", "ph":"B", "ts":"4701171136", "pid":"1", "tid":"wave"},
{"name":"ModelAdvance", "ph":"E", "ts":"4705881633", "pid":"1", "tid":"wave"},
{"name":"ModelSetRunClock", "ph":"B", "ts":"4709711087", "pid":"1", "tid":"wave"},
{"name":"ModelSetRunClock", "ph":"E", "ts":"4709711119", "pid":"1", "tid":"wave"},
{"name":"ModelAdvance", "ph":"B", "ts":"4709711195", "pid":"1", "tid":"wave"},
{"name":"ModelAdvance", "ph":"E", "ts":"4714551897", "pid":"1", "tid":"wave"},
{"name":"ModelSetRunClock", "ph":"B", "ts":"4717395066", "pid":"1", "tid":"wave"},
{"name":"ModelSetRunClock", "ph":"E", "ts":"4717395101", "pid":"1", "tid":"wave"},
{"name":"ModelAdvance", "ph":"B", "ts":"4717395176", "pid":"1", "tid":"wave"},
{"name":"ModelAdvance", "ph":"E", "ts":"4722353266", "pid":"1", "tid":"wave"},
{"name":"ModelSetRunClock", "ph":"B", "ts":"4725681003", "pid":"1", "tid":"wave"},
{"name":"ModelSetRunClock", "ph":"E", "ts":"4725681035", "pid":"1", "tid":"wave"},
{"name":"ModelAdvance", "ph":"B", "ts":"4725681112", "pid":"1", "tid":"wave"},
{"name":"ModelAdvance", "ph":"E", "ts":"4730920932", "pid":"1", "tid":"wave"},
{"name":"ModelSetRunClock", "ph":"B", "ts":"4733312428", "pid":"1", "tid":"wave"},
{"name":"ModelSetRunClock", "ph":"E", "ts":"4733312463", "pid":"1", "tid":"wave"},
{"name":"ModelAdvance", "ph":"B", "ts":"4733312548", "pid":"1", "tid":"wave"},
{"name":"ModelAdvance", "ph":"E", "ts":"4738829575", "pid":"1", "tid":"wave"},
{"name":"ModelSetRunClock", "ph":"B", "ts":"4741663916", "pid":"1", "tid":"wave"},
{"name":"ModelSetRunClock", "ph":"E", "ts":"4741663951", "pid":"1", "tid":"wave"},
{"name":"ModelAdvance", "ph":"B", "ts":"4741664032", "pid":"1", "tid":"wave"},
{"name":"ModelAdvance", "ph":"E", "ts":"4747285776", "pid":"1", "tid":"wave"},
{"name":"ModelSetRunClock", "ph":"B", "ts":"4749359797", "pid":"1", "tid":"wave"},
{"name":"ModelSetRunClock", "ph":"E", "ts":"4749359828", "pid":"1", "tid":"wave"},
{"name":"ModelAdvance", "ph":"B", "ts":"4749359907", "pid":"1", "tid":"wave"},
{"name":"ModelAdvance", "ph":"E", "ts":"4755093292", "pid":"1", "tid":"wave"},
{"name":"ModelSetRunClock", "ph":"B", "ts":"4757680896", "pid":"1", "tid":"wave"},
{"name":"ModelSetRunClock", "ph":"E", "ts":"4757680929", "pid":"1", "tid":"wave"},
{"name":"ModelAdvance", "ph":"B", "ts":"4757681005", "pid":"1", "tid":"wave"},
{"name":"ModelAdvance", "ph":"E", "ts":"4763518412", "pid":"1", "tid":"wave"},
{"name":"ModelSetRunClock", "ph":"B", "ts":"4765305483", "pid":"1", "tid":"wave"},
{"name":"ModelSetRunClock", "ph":"E", "ts":"4765305519", "pid":"1", "tid":"wave"},
{"name":"ModelAdvance", "ph":"B", "ts":"4765305602", "pid":"1", "tid":"wave"},
{"name":"ModelAdvance", "ph":"E", "ts":"4771005392", "pid":"1", "tid":"wave"},
{"name":"ModelSetRunClock", "ph":"B", "ts":"4773636381", "pid":"1", "tid":"wave"},
{"name":"ModelSetRunClock", "ph":"E", "ts":"4773636414", "pid":"1", "tid":"wave"},
{"name":"ModelAdvance", "ph":"B", "ts":"4773636490", "pid":"1", "tid":"wave"},
{"name":"ModelAdvance", "ph":"E", "ts":"4779391726", "pid":"1", "tid":"wave"},
{"name":"ModelSetRunClock", "ph":"B", "ts":"4781368991", "pid":"1", "tid":"wave"},
{"name":"ModelSetRunClock", "ph":"E", "ts":"4781369025", "pid":"1", "tid":"wave"},
{"name":"ModelAdvance", "ph":"B", "ts":"4781369103", "pid":"1", "tid":"wave"},
{"name":"ModelAdvance", "ph":"E", "ts":"4787052016", "pid":"1", "tid":"wave"},
{"name":"ModelSetRunClock", "ph":"B", "ts":"4789714788", "pid":"1", "tid":"wave"},
{"name":"ModelSetRunClock", "ph":"E", "ts":"4789714824", "pid":"1", "tid":"wave"},
{"name":"ModelAdvance", "ph":"B", "ts":"4789714900", "pid":"1", "tid":"wave"},
{"name":"ModelAdvance", "ph":"E", "ts":"4795375014", "pid":"1", "tid":"wave"},
{"name":"ModelFinalize", "ph":"B", "ts":"4795380914", "pid":"1", "tid":"wave"},
{"name":"ModelFinalize", "ph":"E", "ts":"4795380931", "pid":"1", "tid":"wave"},
