********
IMPORTANT: Large deviations between Connector times on different PETs
are typically indicators of load imbalance in the system. The following
Connectors in this profile may indicate a load imbalance:
	 - [MED-TO-WAV] RunPhase1
	 - [MED-TO-ATM] RunPhase1
	 - [MED-TO-OCN] RunPhase1
	 - [MED-TO-ICE] RunPhase1
********

Region                                                                  PETs   PEs    Count    Mean (s)    Min (s)     Min PET Max (s)     Max PET
  [ESMF]                                                                53760  53760  1        1070.0679   347.5607    53720   1071.9877   46338  
    [UFS Driver Grid Comp] RunPhase1                                    53760  53760  1        721.3095    0.4602      53751   723.2575    279    
      [ATM] RunPhase1                                                   49152  49152  1080     702.0223    669.2429    1968    722.0546    30942  
        [ufsatm_fcst] RunPhase1                                         12288  49152  1080     452.2394    410.7165    7548    532.6800    38992  
        [ufsatm_fcst] phase1                                            12288  49152  1080     217.0104    136.5936    38992   258.5530    19160  
      [WAV] RunPhase1                                                   4000   4000   90       459.4523    423.5816    52103   549.0266    51415  
      [MED-TO-WAV] RunPhase1                                            13600  13600  90       77.0219     0.0084      6531    297.3022    51591  
      [MED-TO-ATM] RunPhase1                                            49152  49152  1080     10.7416     0.1609      30943   52.5078     30940  
      [ICE] RunPhase1                                                   240    240    1080     553.7894    499.9033    49512   613.5721    49597  
      [OCN] RunPhase1                                                   240    240    90       471.9101    471.7327    49241   473.1894    49152  
      [MED-TO-OCN] RunPhase1                                            9840   9840   90       6.0799      0.0105      9219    248.9688    49241  
      [MED-TO-ICE] RunPhase1                                            9840   9840   1080     4.2475      0.1455      9219    221.3434    49512  
      [MED] med_phases_post_ice                                         2400   9600   1080     14.0522     3.6005      3428    21.8912     564    
        MED:(med_phases_post_ice)                                       2400   9600   1080     13.9409     3.4896      3428    21.7836     564    
          MED: (med_fraction_set)                                       2400   9600   1080     13.2192     2.9343      3428    21.0437     564    
            MED: (med_fraction_set) fbfrac(compocn)                     2400   9600   1080     11.4443     1.8273      3220    20.5316     564    
            MED: (med_fraction_set) fbfrac(compatm)                     2400   9600   1080     1.7619      0.2491      2320    5.3014      3852   
          MED:(med_phases_post_ice) map_ice2ocn                         2400   9600   1080     0.3751      0.2093      1492    0.6458      2468   
            MED: (med_map_mod:med_map_field_packed)                     2400   9600   1080     0.3740      0.2083      1492    0.6448      2468   
              MED: (med_map_mod:med_map_field_packed) map               2400   9600   1080     0.2718      0.1085      1492    0.5441      2344   
              MED: (med_map_mod:med_map_field_packed) copy from src     2400   9600   1080     0.0199      0.0181      620     0.0283      8320   
              MED: (med_map_mod:med_map_field_packed) copy to dest      2400   9600   1080     0.0176      0.0158      6620    0.0277      6144   
          MED:(med_phases_post_ice) map_ice2wav                         2400   9600   1080     0.3371      0.1583      3728    0.5726      2860   
            MED: (med_map_mod:med_map_field_packed)                     2400   9600   1080     0.3361      0.1573      3728    0.5717      2860   
              MED: (med_map_mod:med_map_field_packed) map               2400   9600   1080     0.2814      0.1024      3728    0.5178      2860   
              MED: (med_map_mod:med_map_field_packed) copy from src     2400   9600   1080     0.0025      0.0022      2756    0.0037      5000   
              MED: (med_map_mod:med_map_field_packed) copy to dest      2400   9600   1080     0.0022      0.0020      988     0.0034      2776   
          MED:(med_phases_history_write_comp_aux)                       2400   9600   1080     0.0006      0.0005      1772    0.0015      8472   
          MED:(med_phases_history_write_inst_comp)                      2400   9600   1080     0.0005      0.0005      9524    0.0014      252    
          MED:(med_phases_history_write_comp_avg)                       2400   9600   1080     0.0005      0.0004      5384    0.0013      4472   
      [ATM-TO-MED] RunPhase1                                            49152  49152  1080     0.6223      0.2457      22987   8.7916      1564   
      [MED] med_phases_post_atm                                         2400   9600   1080     9.3416      5.6769      1168    10.6554     8448   
        MED:(med_phases_post_atm)                                       2400   9600   1080     9.1929      5.5343      1168    10.5027     8448   
          MED:(med_phases_post_atm) map_atm2ocn                         2400   9600   1080     5.7502      1.3512      4256    7.7442      9476   
            MED: (med_map_mod:med_map_field_packed)                     2400   9600   1080     5.7476      1.3490      4256    7.7422      9476   
              MED: (med_map_mod:med_map_field_packed) map               2400   9600   3240     4.4000      0.3332      4256    6.5925      9476   
              MED: (med_map_mod:med_map_field_packed) copy from src     2400   9600   3240     0.1335      0.0920      6308    0.1762      2504   
              MED: (med_map_mod:med_map_field_packed) copy to dest      2400   9600   3240     0.0404      0.0336      4880    0.0577      1408   
          MED:(med_phases_post_atm) map_atm2ice                         2400   9600   1080     2.3821      0.7024      4232    7.8340      4256   
            MED: (med_map_mod:med_map_field_packed)                     2400   9600   1080     2.3809      0.7013      4232    7.8327      4256   
              MED: (med_map_mod:med_map_field_packed) map               2400   9600   2160     1.3954      0.1228      3160    6.9456      4256   
              MED: (med_map_mod:med_map_field_packed) copy from src     2400   9600   2160     0.0565      0.0373      7820    0.0705      2048   
              MED: (med_map_mod:med_map_field_packed) copy to dest      2400   9600   2160     0.0201      0.0174      4860    0.0282      3584   
          MED:(med_phases_post_atm) map_atm2wav                         2400   9600   1080     1.0452      0.3947      20      7.6429      4272   
            MED: (med_map_mod:med_map_field_packed)                     2400   9600   1080     1.0441      0.3936      20      7.6419      4272   
              MED: (med_map_mod:med_map_field_packed) map               2400   9600   1080     0.9741      0.3224      20      7.5749      4272   
              MED: (med_map_mod:med_map_field_packed) copy from src     2400   9600   1080     0.0120      0.0082      4760    0.0167      2048   
              MED: (med_map_mod:med_map_field_packed) copy to dest      2400   9600   1080     0.0059      0.0050      9084    0.0093      6400   
          MED:(med_phases_history_write_comp_aux)                       2400   9600   1080     0.0012      0.0009      6148    0.0021      8264   
          MED:(med_phases_history_write_inst_comp)                      2400   9600   1080     0.0008      0.0005      6232    0.0018      1280   
          MED:(med_phases_history_write_comp_avg)                       2400   9600   1080     0.0006      0.0005      6544    0.0015      2944   
      [ICE-TO-MED] RunPhase1                                            9840   9840   1080     2.2317      0.1832      7911    18.7315     3428   
      [MED] med_phases_prep_atm                                         2400   9600   1080     2.8587      2.4273      2320    3.4230      6372   
        MED:(med_phases_prep_atm)                                       2400   9600   1080     2.7596      2.3284      2320    3.3246      6372   
          MED: (med_map_mod:med_map_field_packed)                       2400   9600   2160     2.5418      2.1097      2320    3.1382      6372   
            MED: (med_map_mod:med_map_field_packed) map                 2400   9600   2160     2.2799      1.8373      2320    2.9265      6372   
            MED: (med_map_mod:med_map_field_packed) copy to dest        2400   9600   2160     0.0881      0.0534      3140    0.1417      1920   
            MED: (med_map_mod:med_map_field_packed) copy from src       2400   9600   2160     0.0292      0.0272      436     0.0380      6144   
          MED: (module_med_merge_mod: med_merge_auto)                   2400   9600   1080     0.2025      0.1686      3180    0.2586      1024   
      [WAV-TO-MED] RunPhase1                                            13600  13600  90       0.4390      0.0068      3877    3.9194      7132   
      [MED] med_phases_post_ocn                                         2400   9600   90       1.0782      0.1317      4384    2.0655      6008   
        MED:(med_phases_post_ocn)                                       2400   9600   90       1.0699      0.1233      4384    2.0572      6008   
          MED:(med_phases_post_ocn) map_ocn2wav                         2400   9600   90       0.5569      0.0169      3240    1.5900      7172   
            MED: (med_map_mod:med_map_field_packed)                     2400   9600   90       0.5568      0.0168      3240    1.5899      7172   
              MED: (med_map_mod:med_map_field_packed) map               2400   9600   90       0.5527      0.0128      3240    1.5858      7172   
              MED: (med_map_mod:med_map_field_packed) copy from src     2400   9600   90       0.0003      0.0003      3804    0.0013      4704   
              MED: (med_map_mod:med_map_field_packed) copy to dest      2400   9600   90       0.0003      0.0002      7012    0.0003      2816   
          MED:(med_phases_post_ocn) map_ocn2ice                         2400   9600   90       0.5122      0.0724      5248    1.9222      3276   
            MED: (med_map_mod:med_map_field_packed)                     2400   9600   90       0.5121      0.0723      5248    1.9221      3276   
              MED: (med_map_mod:med_map_field_packed) map               2400   9600   90       0.5056      0.0652      5248    1.9157      3276   
              MED: (med_map_mod:med_map_field_packed) copy from src     2400   9600   90       0.0012      0.0011      6576    0.0022      3460   
              MED: (med_map_mod:med_map_field_packed) copy to dest      2400   9600   90       0.0010      0.0010      7028    0.0020      328    
          MED:(med_phases_history_write_comp_aux)                       2400   9600   90       0.0001      0.0001      5620    0.0001      7092   
          MED:(med_phases_history_write_inst_comp)                      2400   9600   90       0.0001      0.0001      7612    0.0008      5048   
          MED:(med_phases_history_write_comp_avg)                       2400   9600   90       0.0000      0.0000      5480    0.0001      1300   
      [MED] med_phases_prep_ocn_accum                                   2400   9600   1080     0.8813      0.8642      7152    0.9428      5760   
        MED:(med_phases_prep_ocn_accum)                                 2400   9600   1080     0.7927      0.7766      7152    0.8519      5760   
          MED:(med_phases_prep_ocn_custom)                              2400   9600   1080     0.2592      0.2537      7152    0.2761      8704   
          MED: (module_med_merge_mod: med_merge_auto)                   2400   9600   1080     0.1180      0.1122      6060    0.1482      6016   
      [MED] med_phases_post_wav                                         2400   9600   90       0.7074      0.0503      4260    1.3057      2596   
        MED:(med_phases_post_wav)                                       2400   9600   90       0.6991      0.0420      4260    1.2974      2596   
          MED: (med_map_mod:med_map_field_packed)                       2400   9600   270      0.6983      0.0413      4260    1.2967      2596   
            MED: (med_map_mod:med_map_field_packed) map                 2400   9600   180      0.6882      0.0312      4260    1.2865      2596   
            MED: (med_map_mod:med_map_field_packed) copy from src       2400   9600   180      0.0012      0.0011      4204    0.0020      6344   
            MED: (med_map_mod:med_map_field_packed) copy to dest        2400   9600   180      0.0008      0.0007      6212    0.0017      7004   
          MED:(med_phases_history_write_comp_aux)                       2400   9600   90       0.0001      0.0001      328     0.0001      4964   
          MED:(med_phases_history_write_inst_comp)                      2400   9600   90       0.0001      0.0000      1100    0.0001      8548   
          MED:(med_phases_history_write_comp_avg)                       2400   9600   90       0.0000      0.0000      9064    0.0001      2284   
      [MED] med_phases_prep_wav_accum                                   2400   9600   1080     0.3053      0.2989      7284    0.3279      0      
        MED:(med_phases_prep_wav_accum)                                 2400   9600   1080     0.2147      0.2100      8932    0.2315      5760   
          MED: (module_med_merge_mod: med_merge_auto)                   2400   9600   1080     0.0443      0.0422      9052    0.0537      2432   
      [OCN-TO-MED] RunPhase1                                            9840   9840   90       0.0605      0.0092      9219    0.3633      3200   
      [MED] med_phases_prep_ice                                         2400   9600   1080     0.2229      0.2115      9540    0.2649      8320   
        MED:(med_phases_prep_ice)                                       2400   9600   1080     0.1258      0.1157      9540    0.1655      8320   
          MED: (module_med_merge_mod: med_merge_auto)                   2400   9600   1080     0.1239      0.1137      9592    0.1637      8320   
      [MED] med_phases_ocnalb_run                                       2400   9600   1080     0.1840      0.1635      8840    0.2207      0      
        MED:(med_phases_ocnalb_run)                                     2400   9600   1080     0.0843      0.0657      9092    0.1069      632    
      [MED] med_phases_prep_ocn_avg                                     2400   9600   90       0.0733      0.0721      4428    0.0776      1680   
        MED:(med_phases_prep_ocn_avg)                                   2400   9600   90       0.0654      0.0642      4428    0.0698      1680   
      [MED] med_phases_prep_wav_avg                                     2400   9600   90       0.0353      0.0347      9452    0.0407      524    
        MED:(med_phases_prep_wav_avg)                                   2400   9600   90       0.0275      0.0270      7140    0.0321      524    
      [MED] med_phases_restart_write                                    2400   9600   90       0.0185      0.0173      3532    0.0206      8184   
        MED:(med_phases_restart_write)                                  2400   9600   90       0.0109      0.0097      3532    0.0129      1692   
    [UFS Driver Grid Comp] Init 1                                       53760  53760  1        335.2600    335.2436    586     335.2750    6092   
      [ATM] IPDvXp01                                                    49152  49152  1        190.5336    190.4832    3937    190.5469    24490  
        [ufsatm_fcst] Init 1                                            12288  49152  1        186.8467    186.8188    12792   186.8560    33480  
        [ufsatm_fcst] Init 2                                            12288  49152  1        0.0420      0.0407      6220    0.0448      24488  
          [global] Init 3                                               12288  49152  1        0.0420      0.0407      6220    0.0448      24488  
      [WAV] IPDv01p1                                                    4000   4000   1        102.9819    102.6297    49647   103.4946    51863  
      [ATM-TO-MED] IPDv05p5                                             49152  49152  1        5.8968      3.2599      9441    6.5426      14471  
      [ATM-TO-MED] IPDv05p6b                                            49152  49152  1        4.1674      1.7866      2029    4.7460      27372  
      [MED-TO-ATM] IPDv05p5                                             49152  49152  1        3.2614      3.2596      49018   3.2743      10561  
      [MED] IPDv03p7                                                    2400   9600   2        53.9885     53.9042     612     54.0668     2436   
        MED: (med_map_mod: RouteHandles_init)                           2400   9600   1        29.8042     29.8014     8704    29.8059     7836   
        MED:(med_phases_restart_read)                                   2400   9600   1        20.1354     20.1345     8472    20.1363     4812   
        MED: (med_fraction_init)                                        2400   9600   1        3.4570      3.3762      576     3.5335      2436   
          MED: (med_map_mod:med_map_routehandles_initfrom_fieldbundle)  2400   9600   2        3.4554      3.3743      576     3.5321      2436   
        MED:(med_phases_post_atm)                                       2400   9600   1        0.4490      0.3783      600     0.4774      9268   
          MED:(med_phases_post_atm) map_atm2ocn                         2400   9600   1        0.2107      0.0180      4252    0.3008      3016   
            MED: (med_map_mod:med_map_field_packed)                     2400   9600   1        0.2107      0.0180      4252    0.3008      3016   
              MED: (med_map_mod:med_map_field_packed) map               2400   9600   3        0.1841      0.0166      4256    0.2385      428    
              MED: (med_map_mod:med_map_field_packed) copy from src     2400   9600   3        0.0001      0.0001      7820    0.0002      768    
              MED: (med_map_mod:med_map_field_packed) copy to dest      2400   9600   3        0.0000      0.0000      7024    0.0001      3072   
          MED:(med_phases_post_atm) map_atm2ice                         2400   9600   1        0.1471      0.0005      3152    0.4446      4264   
            MED: (med_map_mod:med_map_field_packed)                     2400   9600   1        0.1471      0.0005      3152    0.4446      4264   
              MED: (med_map_mod:med_map_field_packed) map               2400   9600   2        0.0955      0.0001      3152    0.4082      4260   
              MED: (med_map_mod:med_map_field_packed) copy from src     2400   9600   2        0.0001      0.0000      7900    0.0001      1280   
              MED: (med_map_mod:med_map_field_packed) copy to dest      2400   9600   2        0.0000      0.0000      4764    0.0000      2052   
          MED:(med_phases_post_atm) map_atm2wav                         2400   9600   1        0.0911      0.0002      4300    0.4373      4268   
            MED: (med_map_mod:med_map_field_packed)                     2400   9600   1        0.0911      0.0002      4300    0.4373      4268   
              MED: (med_map_mod:med_map_field_packed) map               2400   9600   1        0.0911      0.0001      4300    0.4372      4268   
              MED: (med_map_mod:med_map_field_packed) copy from src     2400   9600   1        0.0000      0.0000      1564    0.0000      512    
              MED: (med_map_mod:med_map_field_packed) copy to dest      2400   9600   1        0.0000      0.0000      2660    0.0000      6944   
        MED:(med_phases_post_ice)                                       2400   9600   1        0.0487      0.0173      9244    0.1171      600    
          MED: (med_fraction_set)                                       2400   9600   1        0.0286      0.0002      9268    0.0992      600    
            MED: (med_fraction_set) fbfrac(compocn)                     2400   9600   1        0.0271      0.0000      9144    0.0963      600    
            MED: (med_fraction_set) fbfrac(compatm)                     2400   9600   1        0.0014      0.0001      7568    0.0051      540    
          MED:(med_phases_post_ice) map_ice2ocn                         2400   9600   1        0.0158      0.0035      80      0.0262      6004   
            MED: (med_map_mod:med_map_field_packed)                     2400   9600   1        0.0158      0.0035      80      0.0262      6004   
              MED: (med_map_mod:med_map_field_packed) map               2400   9600   1        0.0157      0.0025      80      0.0261      6004   
              MED: (med_map_mod:med_map_field_packed) copy from src     2400   9600   1        0.0000      0.0000      7932    0.0009      7228   
              MED: (med_map_mod:med_map_field_packed) copy to dest      2400   9600   1        0.0000      0.0000      3052    0.0000      9488   
          MED:(med_phases_post_ice) map_ice2wav                         2400   9600   1        0.0044      0.0001      5244    0.0215      2820   
            MED: (med_map_mod:med_map_field_packed)                     2400   9600   1        0.0043      0.0001      5244    0.0215      2820   
              MED: (med_map_mod:med_map_field_packed) map               2400   9600   1        0.0043      0.0000      9448    0.0214      2820   
              MED: (med_map_mod:med_map_field_packed) copy from src     2400   9600   1        0.0000      0.0000      2996    0.0000      6176   
              MED: (med_map_mod:med_map_field_packed) copy to dest      2400   9600   1        0.0000      0.0000      6148    0.0000      2056   
        MED:(med_phases_post_ocn)                                       2400   9600   1        0.0162      0.0049      5684    0.0265      3100   
          MED:(med_phases_post_ocn) map_ocn2ice                         2400   9600   1        0.0097      0.0004      2984    0.0214      3536   
            MED: (med_map_mod:med_map_field_packed)                     2400   9600   1        0.0097      0.0004      2984    0.0214      3536   
              MED: (med_map_mod:med_map_field_packed) map               2400   9600   1        0.0097      0.0003      2984    0.0213      3536   
              MED: (med_map_mod:med_map_field_packed) copy from src     2400   9600   1        0.0000      0.0000      7932    0.0009      2444   
              MED: (med_map_mod:med_map_field_packed) copy to dest      2400   9600   1        0.0000      0.0000      8872    0.0000      3604   
          MED:(med_phases_post_ocn) map_ocn2wav                         2400   9600   1        0.0064      0.0001      7036    0.0189      3100   
            MED: (med_map_mod:med_map_field_packed)                     2400   9600   1        0.0064      0.0001      7036    0.0189      3100   
              MED: (med_map_mod:med_map_field_packed) map               2400   9600   1        0.0064      0.0000      6728    0.0189      3100   
              MED: (med_map_mod:med_map_field_packed) copy to dest      2400   9600   1        0.0000      0.0000      5228    0.0000      1228   
              MED: (med_map_mod:med_map_field_packed) copy from src     2400   9600   1        0.0000      0.0000      36      0.0000      552    
        MED:(med_phases_post_wav)                                       2400   9600   1        0.0129      0.0003      3328    0.0244      7844   
          MED: (med_map_mod:med_map_field_packed)                       2400   9600   3        0.0129      0.0003      3328    0.0244      7844   
            MED: (med_map_mod:med_map_field_packed) map                 2400   9600   2        0.0128      0.0002      3328    0.0243      7844   
            MED: (med_map_mod:med_map_field_packed) copy from src       2400   9600   2        0.0000      0.0000      4312    0.0000      1028   
            MED: (med_map_mod:med_map_field_packed) copy to dest        2400   9600   2        0.0000      0.0000      9500    0.0000      9332   
        MED: (med_fraction_set)                                         2400   9600   1        0.0010      0.0002      2448    0.0013      6980   
          MED: (med_fraction_set) fbfrac(compatm)                       2400   9600   1        0.0005      0.0000      7328    0.0010      4060   
          MED: (med_fraction_set) fbfrac(compocn)                       2400   9600   1        0.0005      0.0000      2448    0.0012      6980   
        MED:(med_phases_ocnalb_run)                                     2400   9600   1        0.0006      0.0004      7856    0.0015      5252   
          MED:(med_phases_ocnalb_init)                                  2400   9600   1        0.0004      0.0003      8768    0.0006      4552   
        MED:(med_phases_profile)                                        2400   9600   1        0.0001      0.0001      9440    0.0002      8292   
      [MED-TO-ATM] IPDv05p6b                                            49152  49152  1        1.5459      1.1499      4075    1.6735      16520  
      [WAV] IPDv01p3                                                    4000   4000   1        15.0309     15.0240     53164   15.0321     50561  
      [ATM-TO-MED] IPDv05p4                                             49152  49152  1        0.9118      0.3878      7672    1.0373      20655  
      [ATM-TO-MED] IPDv05p6a                                            49152  49152  1        0.8852      0.4021      260     1.0426      15156  
      [MED-TO-WAV] IPDv05p5                                             13600  13600  1        2.6145      0.9772      2323    6.5387      50070  
      [WAV-TO-MED] IPDv05p5                                             13600  13600  1        2.5872      1.0144      2323    6.3533      51624  
      [WAV-TO-MED] IPDv05p6b                                            13600  13600  1        2.4336      0.8885      6946    6.1406      52568  
      [ATM-TO-MED] IPDv05p3                                             49152  49152  1        0.5460      0.2782      7616    0.6135      39669  
      [OCN-TO-MED] IPDv05p6b                                            9840   9840   1        2.5001      2.4208      7031    5.6402      49174  
      [MED-TO-ATM] IPDv05p3                                             49152  49152  1        0.4728      0.3041      342     0.5146      24721  
      [MED-TO-ATM] IPDv05p6a                                            49152  49152  1        0.4611      0.4017      22664   0.4961      47054  
      [MED-TO-WAV] IPDv05p6b                                            13600  13600  1        1.5805      0.5279      5078    4.1301      52738  
      [OCN] IPDv03p1                                                    240    240    1        86.6145     86.6136     49347   86.6155     49232  
      [ATM-TO-MED] IPDv05p2a                                            49152  49152  1        0.3600      0.1540      8072    0.4181      12920  
      [ATM-TO-MED] IPDv05p2b                                            49152  49152  1        0.3425      0.1632      6020    0.3946      14464  
      [MED-TO-ATM] IPDv05p2a                                            49152  49152  1        0.3356      0.1542      8412    0.3824      11987  
      [ATM-TO-MED] IPDv05p1                                             49152  49152  1        0.3313      0.1501      1672    0.3794      19674  
      [MED-TO-ATM] IPDv05p4                                             49152  49152  1        0.3261      0.3235      23107   0.3404      20603  
      [MED-TO-ATM] IPDv05p2b                                            49152  49152  1        0.3148      0.1463      2068    0.3619      31309  
      [MED-TO-OCN] IPDv05p6b                                            9840   9840   1        1.5631      1.5256      6531    3.0352      49282  
      [MED-TO-OCN] IPDv05p5                                             9840   9840   1        1.2651      1.1833      2748    4.4492      49191  
      [MED-TO-ICE] IPDv05p5                                             9840   9840   1        1.2186      1.1082      2808    5.5588      49607  
      [ICE-TO-MED] IPDv05p5                                             9840   9840   1        1.1935      1.0640      5186    6.3146      49598  
      [ICE-TO-MED] IPDv05p6b                                            9840   9840   1        1.1564      1.0399      1325    5.7796      49397  
      [OCN-TO-MED] IPDv05p5                                             9840   9840   1        1.1374      1.0033      1409    6.3583      49336  
      [MED-TO-ICE] IPDv05p6b                                            9840   9840   1        0.9707      0.9002      7639    3.7784      49393  
      [MED-TO-ATM] IPDv05p1                                             49152  49152  1        0.1571      0.1523      41480   0.1614      20398  
      [MED-TO-WAV] IPDv05p4                                             13600  13600  1        0.4952      0.2906      548     0.9797      50025  
      [MED-TO-WAV] IPDv05p6a                                            13600  13600  1        0.4253      0.1790      3464    1.0108      53581  
      [WAV-TO-MED] IPDv05p4                                             13600  13600  1        0.4168      0.2103      98      0.9087      50840  
      [WAV-TO-MED] IPDv05p6a                                            13600  13600  1        0.3929      0.1531      1328    0.9527      52152  
      [MED] IPDv03p4                                                    2400   9600   1        1.7332      1.7261      8544    1.7343      8088   
      [ICE] IPDv01p3                                                    240    240    1        15.1118     15.1093     49395   15.1133     49547  
      [MED-TO-WAV] IPDv05p3                                             13600  13600  1        0.2501      0.0842      1111    0.6466      50312  
      [WAV-TO-MED] IPDv05p3                                             13600  13600  1        0.2315      0.0832      6437    0.5906      53154  
      [MED-TO-WAV] IPDv05p2a                                            13600  13600  1        0.1705      0.0704      1570    0.4063      51850  
      [WAV-TO-MED] IPDv05p1                                             13600  13600  1        0.1691      0.0751      7982    0.3797      49696  
      [MED-TO-WAV] IPDv05p1                                             13600  13600  1        0.1627      0.0712      638     0.3804      50448  
      [WAV-TO-MED] IPDv05p2a                                            13600  13600  1        0.1621      0.0754      9332    0.3691      52107  
      [MED-TO-WAV] IPDv05p2b                                            13600  13600  1        0.1599      0.0721      378     0.3665      53527  
      [WAV-TO-MED] IPDv05p2b                                            13600  13600  1        0.1586      0.0671      473     0.3716      50011  
      [MED-TO-OCN] IPDv05p6a                                            9840   9840   1        0.2079      0.1719      8171    0.6522      49240  
      [ICE] IPDv01p1                                                    240    240    1        8.3738      8.3685      49393   8.3783      49629  
      [ICE-TO-MED] IPDv05p6a                                            9840   9840   1        0.1891      0.1630      2721    0.9551      49506  
      [MED-TO-ICE] IPDv05p6a                                            9840   9840   1        0.1875      0.1653      3798    0.8246      49600  
      [ICE-TO-MED] IPDv05p4                                             9840   9840   1        0.1790      0.1575      1764    0.9918      49481  
      [MED-TO-ICE] IPDv05p4                                             9840   9840   1        0.1785      0.1573      356     0.6656      49526  
      [OCN-TO-MED] IPDv05p6a                                            9840   9840   1        0.1734      0.1452      8652    0.9592      49268  
      [ICE-TO-MED] IPDv05p3                                             9840   9840   1        0.1556      0.1437      1198    0.5841      49403  
      [MED-TO-OCN] IPDv05p4                                             9840   9840   1        0.1552      0.1454      7312    0.4881      49273  
      [OCN] IPDv03p3                                                    240    240    1        5.7401      5.7390      49238   5.7413      49216  
      [MED-TO-ICE] IPDv05p3                                             9840   9840   1        0.1357      0.1221      957     0.6303      49417  
      [OCN-TO-MED] IPDv05p4                                             9840   9840   1        0.1338      0.1111      9050    1.0000      49246  
      [MED-TO-OCN] IPDv05p3                                             9840   9840   1        0.1335      0.1214      940     0.5803      49315  
      [MED-TO-ICE] IPDv05p2a                                            9840   9840   1        0.1100      0.1001      7836    0.4193      49552  
      [OCN-TO-MED] IPDv05p3                                             9840   9840   1        0.0859      0.0725      1198    0.5634      49238  
      [ICE-TO-MED] IPDv05p1                                             9840   9840   1        0.0822      0.0731      4181    0.3638      49488  
      [MED-TO-OCN] IPDv05p2a                                            9840   9840   1        0.0816      0.0694      8173    0.3913      49174  
      [MED-TO-OCN] IPDv05p2b                                            9840   9840   1        0.0814      0.0694      253     0.3723      49153  
      [ICE-TO-MED] IPDv05p2a                                            9840   9840   1        0.0807      0.0711      95      0.3654      49455  
      [ICE-TO-MED] IPDv05p2b                                            9840   9840   1        0.0806      0.0715      2142    0.3769      49584  
      [MED-TO-ICE] IPDv05p1                                             9840   9840   1        0.0785      0.0713      3808    0.3060      49616  
      [MED-TO-OCN] IPDv05p1                                             9840   9840   1        0.0780      0.0707      6118    0.2295      49209  
      [MED-TO-ICE] IPDv05p2b                                            9840   9840   1        0.0750      0.0653      7855    0.3657      49570  
      [MED] IPDv03p5                                                    2400   9600   1        0.3018      0.3008      5844    0.3036      9344   
      [OCN-TO-MED] IPDv05p1                                             9840   9840   1        0.0670      0.0579      7972    0.3622      49300  
      [OCN-TO-MED] IPDv05p2a                                            9840   9840   1        0.0654      0.0557      5288    0.3935      49245  
      [OCN-TO-MED] IPDv05p2b                                            9840   9840   1        0.0654      0.0540      240     0.3714      49178  
      [ATM] IPDvXp04                                                    49152  49152  1        0.0075      0.0067      3847    0.0131      39950  
        [ufsatm_fcst] Init 3                                            12288  49152  1        0.0070      0.0063      3844    0.0107      7068   
          [global] Init 4                                               12288  49152  1        0.0069      0.0062      3844    0.0107      7068   
      [OCN-TO-MED] RunPhase1                                            9840   9840   1        0.0190      0.0001      4171    0.1600      9036   
      [UFS Driver Grid Comp] IPDv04p2                                   53760  53760  1        0.0023      0.0001      53667   0.0072      342    
      [MED] IPDv03p1                                                    2400   9600   1        0.0394      0.0353      9384    0.0449      9592   
      [WAV-TO-MED] RunPhase1                                            13600  13600  1        0.0042      0.0001      2098    0.0260      51161  
      [UFS Driver Grid Comp] IPDv05p3                                   53760  53760  1        0.0004      0.0002      53709   0.0016      7536   
      [ATM-TO-MED] RunPhase1                                            49152  49152  1        0.0004      0.0001      12262   0.0073      1212   
      [ATM] IPDvXp07                                                    49152  49152  1        0.0004      0.0002      2892    0.0015      1441   
      [ATM] Init 0                                                      49152  49152  1        0.0004      0.0003      1920    0.0014      8863   
      [WAV] IPDv01p5                                                    4000   4000   1        0.0041      0.0037      49652   0.0065      52695  
      [MED] IPDv03p3                                                    2400   9600   1        0.0042      0.0037      2876    0.0060      7068   
      [MED-TO-ATM] Init 0                                               49152  49152  1        0.0002      0.0001      44409   0.0011      12121  
      [ATM-TO-MED] Init 0                                               49152  49152  1        0.0002      0.0001      14712   0.0012      20481  
      [ICE-TO-MED] RunPhase1                                            9840   9840   1        0.0009      0.0001      9410    0.0820      616    
      [ATM] IPDvXp08                                                    49152  49152  1        0.0002      0.0001      20712   0.0011      13101  
      [UFS Driver Grid Comp] IPDv05p1                                   53760  53760  1        0.0001      0.0000      51337   0.0010      34980  
      [UFS Driver Grid Comp] IPDv05p6                                   53760  53760  1        0.0001      0.0000      53632   0.0009      31046  
      [UFS Driver Grid Comp] IPDv05p2                                   53760  53760  1        0.0001      0.0000      53699   0.0010      11143  
      [UFS Driver Grid Comp] IPDv05p4                                   53760  53760  1        0.0001      0.0000      53716   0.0011      46001  
      [UFS Driver Grid Comp] IPDv05p8                                   53760  53760  1        0.0001      0.0000      49398   0.0003      7311   
      [MED-TO-WAV] Init 0                                               13600  13600  1        0.0002      0.0002      49654   0.0011      51861  
      [WAV-TO-MED] Init 0                                               13600  13600  1        0.0002      0.0002      49660   0.0011      8567   
      [MED-TO-OCN] Init 0                                               9840   9840   1        0.0002      0.0002      49380   0.0012      1157   
      [MED-TO-ICE] Init 0                                               9840   9840   1        0.0002      0.0001      49402   0.0011      8072   
      [ICE-TO-MED] Init 0                                               9840   9840   1        0.0002      0.0001      49398   0.0011      611    
      [OCN-TO-MED] Init 0                                               9840   9840   1        0.0002      0.0002      6374    0.0011      2851   
      [MED] IPDv03p6                                                    2400   9600   1        0.0006      0.0006      9320    0.0016      5056   
      [WAV] IPDv01p4                                                    4000   4000   1        0.0003      0.0001      52577   0.0011      50318  
      [MED] Init 0                                                      2400   9600   1        0.0002      0.0002      7536    0.0019      0      
      [WAV] Init 0                                                      4000   4000   1        0.0001      0.0001      52529   0.0010      50623  
      [OCN] IPDv03p7                                                    240    240    1        0.0014      0.0012      49157   0.0017      49185  
      [OCN] Init 0                                                      240    240    1        0.0006      0.0004      49216   0.0011      49231  
      [ICE] IPDv01p4                                                    240    240    1        0.0004      0.0003      49553   0.0012      49532  
      [OCN] IPDv03p6                                                    240    240    1        0.0004      0.0003      49177   0.0005      49193  
      [ICE] Init 0                                                      240    240    1        0.0001      0.0001      49542   0.0002      49392  
      [ICE] IPDv01p5                                                    240    240    1        0.0001      0.0001      49532   0.0002      49479  
    [UFS Driver Grid Comp] FinalizePhase1                               53760  53760  1        1.6565      0.0002      53723   1.9083      49164  
      [ATM] FinalizePhase1                                              49152  49152  1        1.6775      1.5557      2282    1.7202      45029  
        [ufsatm_fcst] FinalizePhase1                                    12288  49152  1        1.6759      1.5546      2280    1.7060      41840  
      [OCN] FinalizePhase1                                              240    240    1        0.0917      0.0911      49215   0.0924      49164  
      [MED-TO-ATM] FinalizePhase1                                       49152  49152  1        0.0003      0.0001      768     0.0014      31744  
      [ATM-TO-MED] FinalizePhase1                                       49152  49152  1        0.0002      0.0001      35328   0.0011      46600  
      [MED-TO-WAV] FinalizePhase1                                       13600  13600  1        0.0002      0.0001      3700    0.0006      49867  
      [WAV-TO-MED] FinalizePhase1                                       13600  13600  1        0.0001      0.0001      3256    0.0003      2281   
      [MED-TO-OCN] FinalizePhase1                                       9840   9840   1        0.0002      0.0001      8220    0.0010      7840   
      [MED-TO-ICE] FinalizePhase1                                       9840   9840   1        0.0002      0.0001      4272    0.0004      49497  
      [ICE-TO-MED] FinalizePhase1                                       9840   9840   1        0.0002      0.0001      1000    0.0010      4768   
      [OCN-TO-MED] FinalizePhase1                                       9840   9840   1        0.0002      0.0001      1248    0.0004      2281   
      [WAV] FinalizePhase1                                              4000   4000   1        0.0001      0.0000      51415   0.0001      52116  
      [MED] FinalizePhase1                                              2400   9600   1        0.0001      0.0000      7520    0.0009      5600   
      [ICE] FinalizePhase1                                              240    240    1        0.0001      0.0001      49595   0.0002      49526  
