{"name":"SetServices", "ph":"B", "ts":"1956377132", "pid":"1", "tid":"mom"},
{"name":"SetServices", "ph":"E", "ts":"1956378850", "pid":"1", "tid":"mom"},
{"name":"InitializeP0", "ph":"B", "ts":"1957530598", "pid":"1", "tid":"mom"},
{"name":"InitializeP0", "ph":"E", "ts":"1957531084", "pid":"1", "tid":"mom"},
{"name":"InitializeAdvertise", "ph":"B", "ts":"1988157287", "pid":"1", "tid":"mom"},
{"name":"InitializeAdvertise", "ph":"E", "ts":"2074771571", "pid":"1", "tid":"mom"},
{"name":"InitializeRealize", "ph":"B", "ts":"2181975742", "pid":"1", "tid":"mom"},
{"name":"InitializeRealize", "ph":"E", "ts":"2187715817", "pid":"1", "tid":"mom"},
{"name":"DataInitialize", "ph":"B", "ts":"2224281234", "pid":"1", "tid":"mom"},
{"name":"DataInitialize", "ph":"E", "ts":"2224282416", "pid":"1", "tid":"mom"},
{"name":"ModelSetRunClock", "ph":"B", "ts":"2280350420", "pid":"1", "tid":"mom"},
{"name":"ModelSetRunClock", "ph":"E", "ts":"2280359856", "pid":"1", "tid":"mom"},
{"name":"ModelAdvance", "ph":"B", "ts":"2280360047", "pid":"1", "tid":"mom"},
{"name":"ModelAdvance", "ph":"E", "ts":"2287111191", "pid":"1", "tid":"mom"},
{"name":"ModelSetRunClock", "ph":"B", "ts":"2294787380", "pid":"1", "tid":"mom"},
{"name":"ModelSetRunClock", "ph":"E", "ts":"2294787441", "pid":"1", "tid":"mom"},
{"name":"ModelAdvance", "ph":"B", "ts":"2294787603", "pid":"1", "tid":"mom"},
{"name":"ModelAdvance", "ph":"E", "ts":"2300168577", "pid":"1", "tid":"mom"},
{"name":"ModelSetRunClock", "ph":"B", "ts":"2302153536", "pid":"1", "tid":"mom"},
{"name":"ModelSetRunClock", "ph":"E", "ts":"2302153598", "pid":"1", "tid":"mom"},
{"name":"ModelAdvance", "ph":"B", "ts":"2302153753", "pid":"1", "tid":"mom"},
{"name":"ModelAdvance", "ph":"E", "ts":"2307550558", "pid":"1", "tid":"mom"},
{"name":"ModelSetRunClock", "ph":"B", "ts":"2309995837", "pid":"1", "tid":"mom"},
{"name":"ModelSetRunClock", "ph":"E", "ts":"2309995899", "pid":"1", "tid":"mom"},
{"name":"ModelAdvance", "ph":"B", "ts":"2309996055", "pid":"1", "tid":"mom"},
{"name":"ModelAdvance", "ph":"E", "ts":"2315388236", "pid":"1", "tid":"mom"},
{"name":"ModelSetRunClock", "ph":"B", "ts":"2317240058", "pid":"1", "tid":"mom"},
{"name":"ModelSetRunClock", "ph":"E", "ts":"2317240150", "pid":"1", "tid":"mom"},
{"name":"ModelAdvance", "ph":"B", "ts":"2317240359", "pid":"1", "tid":"mom"},
{"name":"ModelAdvance", "ph":"E", "ts":"2322608027", "pid":"1", "tid":"mom"},
{"name":"ModelSetRunClock", "ph":"B", "ts":"2325131106", "pid":"1", "tid":"mom"},
{"name":"ModelSetRunClock", "ph":"E", "ts":"2325131174", "pid":"1", "tid":"mom"},
{"name":"ModelAdvance", "ph":"B", "ts":"2325131348", "pid":"1", "tid":"mom"},
{"name":"ModelAdvance", "ph":"E", "ts":"2330560839", "pid":"1", "tid":"mom"},
{"name":"ModelSetRunClock", "ph":"B", "ts":"2347900996", "pid":"1", "tid":"mom"},
{"name":"ModelSetRunClock", "ph":"E", "ts":"2347901275", "pid":"1", "tid":"mom"},
{"name":"ModelAdvance", "ph":"B", "ts":"2347901468", "pid":"1", "tid":"mom"},
{"name":"ModelAdvance", "ph":"E", "ts":"2353305682", "pid":"1", "tid":"mom"},
{"name":"ModelSetRunClock", "ph":"B", "ts":"2355992702", "pid":"1", "tid":"mom"},
{"name":"ModelSetRunClock", "ph":"E", "ts":"2355992763", "pid":"1", "tid":"mom"},
{"name":"ModelAdvance", "ph":"B", "ts":"2355992916", "pid":"1", "tid":"mom"},
{"name":"ModelAdvance", "ph":"E", "ts":"2361390903", "pid":"1", "tid":"mom"},
{"name":"ModelSetRunClock", "ph":"B", "ts":"2363287925", "pid":"1", "tid":"mom"},
{"name":"ModelSetRunClock", "ph":"E", "ts":"2363287997", "pid":"1", "tid":"mom"},
{"name":"ModelAdvance", "ph":"B", "ts":"2363288176", "pid":"1", "tid":"mom"},
{"name":"ModelAdvance", "ph":"E", "ts":"2368685234", "pid":"1", "tid":"mom"},
{"name":"ModelSetRunClock", "ph":"B", "ts":"2371242856", "pid":"1", "tid":"mom"},
{"name":"ModelSetRunClock", "ph":"E", "ts":"2371242933", "pid":"1", "tid":"mom"},
{"name":"ModelAdvance", "ph":"B", "ts":"2371243108", "pid":"1", "tid":"mom"},
{"name":"ModelAdvance", "ph":"E", "ts":"2376620867", "pid":"1", "tid":"mom"},
{"name":"ModelSetRunClock", "ph":"B", "ts":"2378710446", "pid":"1", "tid":"mom"},
{"name":"ModelSetRunClock", "ph":"E", "ts":"2378710789", "pid":"1", "tid":"mom"},
{"name":"ModelAdvance", "ph":"B", "ts":"2378711024", "pid":"1", "tid":"mom"},
{"name":"ModelAdvance", "ph":"E", "ts":"2384098710", "pid":"1", "tid":"mom"},
{"name":"ModelSetRunClock", "ph":"B", "ts":"2386716444", "pid":"1", "tid":"mom"},
{"name":"ModelSetRunClock", "ph":"E", "ts":"2386716518", "pid":"1", "tid":"mom"},
{"name":"ModelAdvance", "ph":"B", "ts":"2386716692", "pid":"1", "tid":"mom"},
{"name":"ModelAdvance", "ph":"E", "ts":"2392018887", "pid":"1", "tid":"mom"},
{"name":"ModelSetRunClock", "ph":"B", "ts":"2394097815", "pid":"1", "tid":"mom"},
{"name":"ModelSetRunClock", "ph":"E", "ts":"2394097890", "pid":"1", "tid":"mom"},
{"name":"ModelAdvance", "ph":"B", "ts":"2394098048", "pid":"1", "tid":"mom"},
{"name":"ModelAdvance", "ph":"E", "ts":"2399305239", "pid":"1", "tid":"mom"},
{"name":"ModelSetRunClock", "ph":"B", "ts":"2402073782", "pid":"1", "tid":"mom"},
{"name":"ModelSetRunClock", "ph":"E", "ts":"2402073852", "pid":"1", "tid":"mom"},
{"name":"ModelAdvance", "ph":"B", "ts":"2402074035", "pid":"1", "tid":"mom"},
{"name":"ModelAdvance", "ph":"E", "ts":"2407326302", "pid":"1", "tid":"mom"},
{"name":"ModelSetRunClock", "ph":"B", "ts":"2409320775", "pid":"1", "tid":"mom"},
{"name":"ModelSetRunClock", "ph":"E", "ts":"2409321178", "pid":"1", "tid":"mom"},
{"name":"ModelAdvance", "ph":"B", "ts":"2409321413", "pid":"1", "tid":"mom"},
{"name":"ModelAdvance", "ph":"E", "ts":"2414568730", "pid":"1", "tid":"mom"},
{"name":"ModelSetRunClock", "ph":"B", "ts":"2417448259", "pid":"1", "tid":"mom"},
{"name":"ModelSetRunClock", "ph":"E", "ts":"2417448329", "pid":"1", "tid":"mom"},
{"name":"ModelAdvance", "ph":"B", "ts":"2417448492", "pid":"1", "tid":"mom"},
{"name":"ModelAdvance", "ph":"E", "ts":"2422689939", "pid":"1", "tid":"mom"},
{"name":"ModelSetRunClock", "ph":"B", "ts":"2425257172", "pid":"1", "tid":"mom"},
{"name":"ModelSetRunClock", "ph":"E", "ts":"2425257249", "pid":"1", "tid":"mom"},
{"name":"ModelAdvance", "ph":"B", "ts":"2425257409", "pid":"1", "tid":"mom"},
{"name":"ModelAdvance", "ph":"E", "ts":"2430516967", "pid":"1", "tid":"mom"},
{"name":"ModelSetRunClock", "ph":"B", "ts":"2433537079", "pid":"1", "tid":"mom"},
{"name":"ModelSetRunClock", "ph":"E", "ts":"2433537440", "pid":"1", "tid":"mom"},
{"name":"ModelAdvance", "ph":"B", "ts":"2433537623", "pid":"1", "tid":"mom"},
{"name":"ModelAdvance", "ph":"E", "ts":"2438862383", "pid":"1", "tid":"mom"},
{"name":"ModelSetRunClock", "ph":"B", "ts":"2441329846", "pid":"1", "tid":"mom"},
{"name":"ModelSetRunClock", "ph":"E", "ts":"2441330043", "pid":"1", "tid":"mom"},
{"name":"ModelAdvance", "ph":"B", "ts":"2441330195", "pid":"1", "tid":"mom"},
{"name":"ModelAdvance", "ph":"E", "ts":"2446594004", "pid":"1", "tid":"mom"},
{"name":"ModelSetRunClock", "ph":"B", "ts":"2449759202", "pid":"1", "tid":"mom"},
{"name":"ModelSetRunClock", "ph":"E", "ts":"2449759277", "pid":"1", "tid":"mom"},
{"name":"ModelAdvance", "ph":"B", "ts":"2449759473", "pid":"1", "tid":"mom"},
{"name":"ModelAdvance", "ph":"E", "ts":"2454999944", "pid":"1", "tid":"mom"},
{"name":"ModelSetRunClock", "ph":"B", "ts":"2457342996", "pid":"1", "tid":"mom"},
{"name":"ModelSetRunClock", "ph":"E", "ts":"2457343081", "pid":"1", "tid":"mom"},
{"name":"ModelAdvance", "ph":"B", "ts":"2457343267", "pid":"1", "tid":"mom"},
{"name":"ModelAdvance", "ph":"E", "ts":"2462573150", "pid":"1", "tid":"mom"},
{"name":"ModelSetRunClock", "ph":"B", "ts":"2466013447", "pid":"1", "tid":"mom"},
{"name":"ModelSetRunClock", "ph":"E", "ts":"2466013569", "pid":"1", "tid":"mom"},
{"name":"ModelAdvance", "ph":"B", "ts":"2466013831", "pid":"1", "tid":"mom"},
{"name":"ModelAdvance", "ph":"E", "ts":"2471236240", "pid":"1", "tid":"mom"},
{"name":"ModelSetRunClock", "ph":"B", "ts":"2474050765", "pid":"1", "tid":"mom"},
{"name":"ModelSetRunClock", "ph":"E", "ts":"2474050833", "pid":"1", "tid":"mom"},
{"name":"ModelAdvance", "ph":"B", "ts":"2474050995", "pid":"1", "tid":"mom"},
{"name":"ModelAdvance", "ph":"E", "ts":"2479255259", "pid":"1", "tid":"mom"},
{"name":"ModelSetRunClock", "ph":"B", "ts":"2482279826", "pid":"1", "tid":"mom"},
{"name":"ModelSetRunClock", "ph":"E", "ts":"2482280035", "pid":"1", "tid":"mom"},
{"name":"ModelAdvance", "ph":"B", "ts":"2482280194", "pid":"1", "tid":"mom"},
{"name":"ModelAdvance", "ph":"E", "ts":"2487555030", "pid":"1", "tid":"mom"},
{"name":"ModelSetRunClock", "ph":"B", "ts":"2489989104", "pid":"1", "tid":"mom"},
{"name":"ModelSetRunClock", "ph":"E", "ts":"2489989210", "pid":"1", "tid":"mom"},
{"name":"ModelAdvance", "ph":"B", "ts":"2489989443", "pid":"1", "tid":"mom"},
{"name":"ModelAdvance", "ph":"E", "ts":"2495174123", "pid":"1", "tid":"mom"},
{"name":"ModelSetRunClock", "ph":"B", "ts":"2497915939", "pid":"1", "tid":"mom"},
{"name":"ModelSetRunClock", "ph":"E", "ts":"2497916027", "pid":"1", "tid":"mom"},
{"name":"ModelAdvance", "ph":"B", "ts":"2497916220", "pid":"1", "tid":"mom"},
{"name":"ModelAdvance", "ph":"E", "ts":"2503118899", "pid":"1", "tid":"mom"},
{"name":"ModelSetRunClock", "ph":"B", "ts":"2505078281", "pid":"1", "tid":"mom"},
{"name":"ModelSetRunClock", "ph":"E", "ts":"2505078356", "pid":"1", "tid":"mom"},
{"name":"ModelAdvance", "ph":"B", "ts":"2505078526", "pid":"1", "tid":"mom"},
{"name":"ModelAdvance", "ph":"E", "ts":"2510266291", "pid":"1", "tid":"mom"},
{"name":"ModelSetRunClock", "ph":"B", "ts":"2512863938", "pid":"1", "tid":"mom"},
{"name":"ModelSetRunClock", "ph":"E", "ts":"2512864004", "pid":"1", "tid":"mom"},
{"name":"ModelAdvance", "ph":"B", "ts":"2512864186", "pid":"1", "tid":"mom"},
{"name":"ModelAdvance", "ph":"E", "ts":"2518055619", "pid":"1", "tid":"mom"},
{"name":"ModelSetRunClock", "ph":"B", "ts":"2520038840", "pid":"1", "tid":"mom"},
{"name":"ModelSetRunClock", "ph":"E", "ts":"2520038923", "pid":"1", "tid":"mom"},
{"name":"ModelAdvance", "ph":"B", "ts":"2520039096", "pid":"1", "tid":"mom"},
{"name":"ModelAdvance", "ph":"E", "ts":"2525228449", "pid":"1", "tid":"mom"},
{"name":"ModelSetRunClock", "ph":"B", "ts":"2527873619", "pid":"1", "tid":"mom"},
{"name":"ModelSetRunClock", "ph":"E", "ts":"2527873718", "pid":"1", "tid":"mom"},
{"name":"ModelAdvance", "ph":"B", "ts":"2527873929", "pid":"1", "tid":"mom"},
{"name":"ModelAdvance", "ph":"E", "ts":"2533105626", "pid":"1", "tid":"mom"},
{"name":"ModelSetRunClock", "ph":"B", "ts":"2535105958", "pid":"1", "tid":"mom"},
{"name":"ModelSetRunClock", "ph":"E", "ts":"2535106012", "pid":"1", "tid":"mom"},
{"name":"ModelAdvance", "ph":"B", "ts":"2535106169", "pid":"1", "tid":"mom"},
{"name":"ModelAdvance", "ph":"E", "ts":"2540281410", "pid":"1", "tid":"mom"},
{"name":"ModelSetRunClock", "ph":"B", "ts":"2543123557", "pid":"1", "tid":"mom"},
{"name":"ModelSetRunClock", "ph":"E", "ts":"2543123622", "pid":"1", "tid":"mom"},
{"name":"ModelAdvance", "ph":"B", "ts":"2543123786", "pid":"1", "tid":"mom"},
{"name":"ModelAdvance", "ph":"E", "ts":"2548315212", "pid":"1", "tid":"mom"},
{"name":"ModelSetRunClock", "ph":"B", "ts":"2550278868", "pid":"1", "tid":"mom"},
{"name":"ModelSetRunClock", "ph":"E", "ts":"2550278933", "pid":"1", "tid":"mom"},
{"name":"ModelAdvance", "ph":"B", "ts":"2550279093", "pid":"1", "tid":"mom"},
{"name":"ModelAdvance", "ph":"E", "ts":"2555450462", "pid":"1", "tid":"mom"},
{"name":"ModelSetRunClock", "ph":"B", "ts":"2558032446", "pid":"1", "tid":"mom"},
{"name":"ModelSetRunClock", "ph":"E", "ts":"2558032510", "pid":"1", "tid":"mom"},
{"name":"ModelAdvance", "ph":"B", "ts":"2558032668", "pid":"1", "tid":"mom"},
{"name":"ModelAdvance", "ph":"E", "ts":"2563211288", "pid":"1", "tid":"mom"},
{"name":"ModelSetRunClock", "ph":"B", "ts":"2565108303", "pid":"1", "tid":"mom"},
{"name":"ModelSetRunClock", "ph":"E", "ts":"2565108519", "pid":"1", "tid":"mom"},
{"name":"ModelAdvance", "ph":"B", "ts":"2565108683", "pid":"1", "tid":"mom"},
{"name":"ModelAdvance", "ph":"E", "ts":"2570313328", "pid":"1", "tid":"mom"},
{"name":"ModelSetRunClock", "ph":"B", "ts":"2572931784", "pid":"1", "tid":"mom"},
{"name":"ModelSetRunClock", "ph":"E", "ts":"2572931901", "pid":"1", "tid":"mom"},
{"name":"ModelAdvance", "ph":"B", "ts":"2572932127", "pid":"1", "tid":"mom"},
{"name":"ModelAdvance", "ph":"E", "ts":"2578218451", "pid":"1", "tid":"mom"},
{"name":"ModelSetRunClock", "ph":"B", "ts":"2580074894", "pid":"1", "tid":"mom"},
{"name":"ModelSetRunClock", "ph":"E", "ts":"2580075023", "pid":"1", "tid":"mom"},
{"name":"ModelAdvance", "ph":"B", "ts":"2580075251", "pid":"1", "tid":"mom"},
{"name":"ModelAdvance", "ph":"E", "ts":"2585273633", "pid":"1", "tid":"mom"},
{"name":"ModelSetRunClock", "ph":"B", "ts":"2587871747", "pid":"1", "tid":"mom"},
{"name":"ModelSetRunClock", "ph":"E", "ts":"2587871819", "pid":"1", "tid":"mom"},
{"name":"ModelAdvance", "ph":"B", "ts":"2587872028", "pid":"1", "tid":"mom"},
{"name":"ModelAdvance", "ph":"E", "ts":"2593108341", "pid":"1", "tid":"mom"},
{"name":"ModelSetRunClock", "ph":"B", "ts":"2595057490", "pid":"1", "tid":"mom"},
{"name":"ModelSetRunClock", "ph":"E", "ts":"2595057725", "pid":"1", "tid":"mom"},
{"name":"ModelAdvance", "ph":"B", "ts":"2595057912", "pid":"1", "tid":"mom"},
{"name":"ModelAdvance", "ph":"E", "ts":"2600297984", "pid":"1", "tid":"mom"},
{"name":"ModelSetRunClock", "ph":"B", "ts":"2603249203", "pid":"1", "tid":"mom"},
{"name":"ModelSetRunClock", "ph":"E", "ts":"2603249272", "pid":"1", "tid":"mom"},
{"name":"ModelAdvance", "ph":"B", "ts":"2603249438", "pid":"1", "tid":"mom"},
{"name":"ModelAdvance", "ph":"E", "ts":"2608459946", "pid":"1", "tid":"mom"},
{"name":"ModelSetRunClock", "ph":"B", "ts":"2610933824", "pid":"1", "tid":"mom"},
{"name":"ModelSetRunClock", "ph":"E", "ts":"2610933876", "pid":"1", "tid":"mom"},
{"name":"ModelAdvance", "ph":"B", "ts":"2610934027", "pid":"1", "tid":"mom"},
{"name":"ModelAdvance", "ph":"E", "ts":"2616155534", "pid":"1", "tid":"mom"},
{"name":"ModelSetRunClock", "ph":"B", "ts":"2619431999", "pid":"1", "tid":"mom"},
{"name":"ModelSetRunClock", "ph":"E", "ts":"2619432067", "pid":"1", "tid":"mom"},
{"name":"ModelAdvance", "ph":"B", "ts":"2619432229", "pid":"1", "tid":"mom"},
{"name":"ModelAdvance", "ph":"E", "ts":"2624692757", "pid":"1", "tid":"mom"},
{"name":"ModelSetRunClock", "ph":"B", "ts":"2627133238", "pid":"1", "tid":"mom"},
{"name":"ModelSetRunClock", "ph":"E", "ts":"2627133502", "pid":"1", "tid":"mom"},
{"name":"ModelAdvance", "ph":"B", "ts":"2627133707", "pid":"1", "tid":"mom"},
{"name":"ModelAdvance", "ph":"E", "ts":"2632287079", "pid":"1", "tid":"mom"},
{"name":"ModelSetRunClock", "ph":"B", "ts":"2648049287", "pid":"1", "tid":"mom"},
{"name":"ModelSetRunClock", "ph":"E", "ts":"2648049351", "pid":"1", "tid":"mom"},
{"name":"ModelAdvance", "ph":"B", "ts":"2648049517", "pid":"1", "tid":"mom"},
{"name":"ModelAdvance", "ph":"E", "ts":"2653200912", "pid":"1", "tid":"mom"},
{"name":"ModelSetRunClock", "ph":"B", "ts":"2655291266", "pid":"1", "tid":"mom"},
{"name":"ModelSetRunClock", "ph":"E", "ts":"2655291335", "pid":"1", "tid":"mom"},
{"name":"ModelAdvance", "ph":"B", "ts":"2655291497", "pid":"1", "tid":"mom"},
{"name":"ModelAdvance", "ph":"E", "ts":"2660439952", "pid":"1", "tid":"mom"},
{"name":"ModelSetRunClock", "ph":"B", "ts":"2663125962", "pid":"1", "tid":"mom"},
{"name":"ModelSetRunClock", "ph":"E", "ts":"2663126049", "pid":"1", "tid":"mom"},
{"name":"ModelAdvance", "ph":"B", "ts":"2663126223", "pid":"1", "tid":"mom"},
{"name":"ModelAdvance", "ph":"E", "ts":"2668282560", "pid":"1", "tid":"mom"},
{"name":"ModelSetRunClock", "ph":"B", "ts":"2670446456", "pid":"1", "tid":"mom"},
{"name":"ModelSetRunClock", "ph":"E", "ts":"2670446525", "pid":"1", "tid":"mom"},
{"name":"ModelAdvance", "ph":"B", "ts":"2670446689", "pid":"1", "tid":"mom"},
{"name":"ModelAdvance", "ph":"E", "ts":"2675608604", "pid":"1", "tid":"mom"},
{"name":"ModelSetRunClock", "ph":"B", "ts":"2678275318", "pid":"1", "tid":"mom"},
{"name":"ModelSetRunClock", "ph":"E", "ts":"2678275405", "pid":"1", "tid":"mom"},
{"name":"ModelAdvance", "ph":"B", "ts":"2678275638", "pid":"1", "tid":"mom"},
{"name":"ModelAdvance", "ph":"E", "ts":"2683536328", "pid":"1", "tid":"mom"},
{"name":"ModelSetRunClock", "ph":"B", "ts":"2685654009", "pid":"1", "tid":"mom"},
{"name":"ModelSetRunClock", "ph":"E", "ts":"2685654078", "pid":"1", "tid":"mom"},
{"name":"ModelAdvance", "ph":"B", "ts":"2685654238", "pid":"1", "tid":"mom"},
{"name":"ModelAdvance", "ph":"E", "ts":"2690821003", "pid":"1", "tid":"mom"},
{"name":"ModelSetRunClock", "ph":"B", "ts":"2693608485", "pid":"1", "tid":"mom"},
{"name":"ModelSetRunClock", "ph":"E", "ts":"2693608563", "pid":"1", "tid":"mom"},
{"name":"ModelAdvance", "ph":"B", "ts":"2693608747", "pid":"1", "tid":"mom"},
{"name":"ModelAdvance", "ph":"E", "ts":"2698811170", "pid":"1", "tid":"mom"},
{"name":"ModelSetRunClock", "ph":"B", "ts":"2700902685", "pid":"1", "tid":"mom"},
{"name":"ModelSetRunClock", "ph":"E", "ts":"2700902752", "pid":"1", "tid":"mom"},
{"name":"ModelAdvance", "ph":"B", "ts":"2700902907", "pid":"1", "tid":"mom"},
{"name":"ModelAdvance", "ph":"E", "ts":"2706090185", "pid":"1", "tid":"mom"},
{"name":"ModelSetRunClock", "ph":"B", "ts":"2708839357", "pid":"1", "tid":"mom"},
{"name":"ModelSetRunClock", "ph":"E", "ts":"2708839424", "pid":"1", "tid":"mom"},
{"name":"ModelAdvance", "ph":"B", "ts":"2708839587", "pid":"1", "tid":"mom"},
{"name":"ModelAdvance", "ph":"E", "ts":"2714042668", "pid":"1", "tid":"mom"},
{"name":"ModelSetRunClock", "ph":"B", "ts":"2716321554", "pid":"1", "tid":"mom"},
{"name":"ModelSetRunClock", "ph":"E", "ts":"2716321639", "pid":"1", "tid":"mom"},
{"name":"ModelAdvance", "ph":"B", "ts":"2716321814", "pid":"1", "tid":"mom"},
{"name":"ModelAdvance", "ph":"E", "ts":"2721517325", "pid":"1", "tid":"mom"},
{"name":"ModelSetRunClock", "ph":"B", "ts":"2724259094", "pid":"1", "tid":"mom"},
{"name":"ModelSetRunClock", "ph":"E", "ts":"2724259160", "pid":"1", "tid":"mom"},
{"name":"ModelAdvance", "ph":"B", "ts":"2724259313", "pid":"1", "tid":"mom"},
{"name":"ModelAdvance", "ph":"E", "ts":"2729546943", "pid":"1", "tid":"mom"},
{"name":"ModelSetRunClock", "ph":"B", "ts":"2731652666", "pid":"1", "tid":"mom"},
{"name":"ModelSetRunClock", "ph":"E", "ts":"2731652726", "pid":"1", "tid":"mom"},
{"name":"ModelAdvance", "ph":"B", "ts":"2731652889", "pid":"1", "tid":"mom"},
{"name":"ModelAdvance", "ph":"E", "ts":"2736854195", "pid":"1", "tid":"mom"},
{"name":"ModelSetRunClock", "ph":"B", "ts":"2739696302", "pid":"1", "tid":"mom"},
{"name":"ModelSetRunClock", "ph":"E", "ts":"2739696370", "pid":"1", "tid":"mom"},
{"name":"ModelAdvance", "ph":"B", "ts":"2739696540", "pid":"1", "tid":"mom"},
{"name":"ModelAdvance", "ph":"E", "ts":"2744900208", "pid":"1", "tid":"mom"},
{"name":"ModelSetRunClock", "ph":"B", "ts":"2746902627", "pid":"1", "tid":"mom"},
{"name":"ModelSetRunClock", "ph":"E", "ts":"2746902693", "pid":"1", "tid":"mom"},
{"name":"ModelAdvance", "ph":"B", "ts":"2746902858", "pid":"1", "tid":"mom"},
{"name":"ModelAdvance", "ph":"E", "ts":"2752064966", "pid":"1", "tid":"mom"},
{"name":"ModelSetRunClock", "ph":"B", "ts":"2754787692", "pid":"1", "tid":"mom"},
{"name":"ModelSetRunClock", "ph":"E", "ts":"2754787757", "pid":"1", "tid":"mom"},
{"name":"ModelAdvance", "ph":"B", "ts":"2754787911", "pid":"1", "tid":"mom"},
{"name":"ModelAdvance", "ph":"E", "ts":"2759962686", "pid":"1", "tid":"mom"},
{"name":"ModelSetRunClock", "ph":"B", "ts":"2762775031", "pid":"1", "tid":"mom"},
{"name":"ModelSetRunClock", "ph":"E", "ts":"2762775097", "pid":"1", "tid":"mom"},
{"name":"ModelAdvance", "ph":"B", "ts":"2762775257", "pid":"1", "tid":"mom"},
{"name":"ModelAdvance", "ph":"E", "ts":"2767948785", "pid":"1", "tid":"mom"},
{"name":"ModelSetRunClock", "ph":"B", "ts":"2770678807", "pid":"1", "tid":"mom"},
{"name":"ModelSetRunClock", "ph":"E", "ts":"2770678870", "pid":"1", "tid":"mom"},
{"name":"ModelAdvance", "ph":"B", "ts":"2770679025", "pid":"1", "tid":"mom"},
{"name":"ModelAdvance", "ph":"E", "ts":"2775927926", "pid":"1", "tid":"mom"},
{"name":"ModelSetRunClock", "ph":"B", "ts":"2777939685", "pid":"1", "tid":"mom"},
{"name":"ModelSetRunClock", "ph":"E", "ts":"2777939756", "pid":"1", "tid":"mom"},
{"name":"ModelAdvance", "ph":"B", "ts":"2777939924", "pid":"1", "tid":"mom"},
{"name":"ModelAdvance", "ph":"E", "ts":"2783099214", "pid":"1", "tid":"mom"},
{"name":"ModelSetRunClock", "ph":"B", "ts":"2785831210", "pid":"1", "tid":"mom"},
{"name":"ModelSetRunClock", "ph":"E", "ts":"2785831274", "pid":"1", "tid":"mom"},
{"name":"ModelAdvance", "ph":"B", "ts":"2785831562", "pid":"1", "tid":"mom"},
{"name":"ModelAdvance", "ph":"E", "ts":"2791029822", "pid":"1", "tid":"mom"},
{"name":"ModelSetRunClock", "ph":"B", "ts":"2793106677", "pid":"1", "tid":"mom"},
{"name":"ModelSetRunClock", "ph":"E", "ts":"2793106755", "pid":"1", "tid":"mom"},
{"name":"ModelAdvance", "ph":"B", "ts":"2793106927", "pid":"1", "tid":"mom"},
{"name":"ModelAdvance", "ph":"E", "ts":"2798276057", "pid":"1", "tid":"mom"},
{"name":"ModelSetRunClock", "ph":"B", "ts":"2801005253", "pid":"1", "tid":"mom"},
{"name":"ModelSetRunClock", "ph":"E", "ts":"2801005320", "pid":"1", "tid":"mom"},
{"name":"ModelAdvance", "ph":"B", "ts":"2801005487", "pid":"1", "tid":"mom"},
{"name":"ModelAdvance", "ph":"E", "ts":"2806183360", "pid":"1", "tid":"mom"},
{"name":"ModelSetRunClock", "ph":"B", "ts":"2808245429", "pid":"1", "tid":"mom"},
{"name":"ModelSetRunClock", "ph":"E", "ts":"2808245496", "pid":"1", "tid":"mom"},
{"name":"ModelAdvance", "ph":"B", "ts":"2808245664", "pid":"1", "tid":"mom"},
{"name":"ModelAdvance", "ph":"E", "ts":"2813411690", "pid":"1", "tid":"mom"},
{"name":"ModelSetRunClock", "ph":"B", "ts":"2816154498", "pid":"1", "tid":"mom"},
{"name":"ModelSetRunClock", "ph":"E", "ts":"2816154719", "pid":"1", "tid":"mom"},
{"name":"ModelAdvance", "ph":"B", "ts":"2816154893", "pid":"1", "tid":"mom"},
{"name":"ModelAdvance", "ph":"E", "ts":"2821414479", "pid":"1", "tid":"mom"},
{"name":"ModelSetRunClock", "ph":"B", "ts":"2823413903", "pid":"1", "tid":"mom"},
{"name":"ModelSetRunClock", "ph":"E", "ts":"2823413967", "pid":"1", "tid":"mom"},
{"name":"ModelAdvance", "ph":"B", "ts":"2823414130", "pid":"1", "tid":"mom"},
{"name":"ModelAdvance", "ph":"E", "ts":"2828576251", "pid":"1", "tid":"mom"},
{"name":"ModelSetRunClock", "ph":"B", "ts":"2831363341", "pid":"1", "tid":"mom"},
{"name":"ModelSetRunClock", "ph":"E", "ts":"2831363407", "pid":"1", "tid":"mom"},
{"name":"ModelAdvance", "ph":"B", "ts":"2831363570", "pid":"1", "tid":"mom"},
{"name":"ModelAdvance", "ph":"E", "ts":"2836560896", "pid":"1", "tid":"mom"},
{"name":"ModelSetRunClock", "ph":"B", "ts":"2838575747", "pid":"1", "tid":"mom"},
{"name":"ModelSetRunClock", "ph":"E", "ts":"2838575813", "pid":"1", "tid":"mom"},
{"name":"ModelAdvance", "ph":"B", "ts":"2838575973", "pid":"1", "tid":"mom"},
{"name":"ModelAdvance", "ph":"E", "ts":"2843764383", "pid":"1", "tid":"mom"},
{"name":"ModelSetRunClock", "ph":"B", "ts":"2846450169", "pid":"1", "tid":"mom"},
{"name":"ModelSetRunClock", "ph":"E", "ts":"2846450260", "pid":"1", "tid":"mom"},
{"name":"ModelAdvance", "ph":"B", "ts":"2846450444", "pid":"1", "tid":"mom"},
{"name":"ModelAdvance", "ph":"E", "ts":"2851639529", "pid":"1", "tid":"mom"},
{"name":"ModelSetRunClock", "ph":"B", "ts":"2853644105", "pid":"1", "tid":"mom"},
{"name":"ModelSetRunClock", "ph":"E", "ts":"2853644171", "pid":"1", "tid":"mom"},
{"name":"ModelAdvance", "ph":"B", "ts":"2853644335", "pid":"1", "tid":"mom"},
{"name":"ModelAdvance", "ph":"E", "ts":"2858840483", "pid":"1", "tid":"mom"},
{"name":"ModelSetRunClock", "ph":"B", "ts":"2861486057", "pid":"1", "tid":"mom"},
{"name":"ModelSetRunClock", "ph":"E", "ts":"2861486122", "pid":"1", "tid":"mom"},
{"name":"ModelAdvance", "ph":"B", "ts":"2861486278", "pid":"1", "tid":"mom"},
{"name":"ModelAdvance", "ph":"E", "ts":"2866770725", "pid":"1", "tid":"mom"},
{"name":"ModelSetRunClock", "ph":"B", "ts":"2868726360", "pid":"1", "tid":"mom"},
{"name":"ModelSetRunClock", "ph":"E", "ts":"2868726423", "pid":"1", "tid":"mom"},
{"name":"ModelAdvance", "ph":"B", "ts":"2868726576", "pid":"1", "tid":"mom"},
{"name":"ModelAdvance", "ph":"E", "ts":"2873928794", "pid":"1", "tid":"mom"},
{"name":"ModelSetRunClock", "ph":"B", "ts":"2876585425", "pid":"1", "tid":"mom"},
{"name":"ModelSetRunClock", "ph":"E", "ts":"2876585494", "pid":"1", "tid":"mom"},
{"name":"ModelAdvance", "ph":"B", "ts":"2876585658", "pid":"1", "tid":"mom"},
{"name":"ModelAdvance", "ph":"E", "ts":"2881776153", "pid":"1", "tid":"mom"},
{"name":"ModelSetRunClock", "ph":"B", "ts":"2883764455", "pid":"1", "tid":"mom"},
{"name":"ModelSetRunClock", "ph":"E", "ts":"2883764545", "pid":"1", "tid":"mom"},
{"name":"ModelAdvance", "ph":"B", "ts":"2883764943", "pid":"1", "tid":"mom"},
{"name":"ModelAdvance", "ph":"E", "ts":"2888952637", "pid":"1", "tid":"mom"},
{"name":"ModelSetRunClock", "ph":"B", "ts":"2891571059", "pid":"1", "tid":"mom"},
{"name":"ModelSetRunClock", "ph":"E", "ts":"2891571124", "pid":"1", "tid":"mom"},
{"name":"ModelAdvance", "ph":"B", "ts":"2891571296", "pid":"1", "tid":"mom"},
{"name":"ModelAdvance", "ph":"E", "ts":"2896753023", "pid":"1", "tid":"mom"},
{"name":"ModelSetRunClock", "ph":"B", "ts":"2898806052", "pid":"1", "tid":"mom"},
{"name":"ModelSetRunClock", "ph":"E", "ts":"2898806118", "pid":"1", "tid":"mom"},
{"name":"ModelAdvance", "ph":"B", "ts":"2898806281", "pid":"1", "tid":"mom"},
{"name":"ModelAdvance", "ph":"E", "ts":"2903994883", "pid":"1", "tid":"mom"},
{"name":"ModelSetRunClock", "ph":"B", "ts":"2906693546", "pid":"1", "tid":"mom"},
{"name":"ModelSetRunClock", "ph":"E", "ts":"2906693606", "pid":"1", "tid":"mom"},
{"name":"ModelAdvance", "ph":"B", "ts":"2906693759", "pid":"1", "tid":"mom"},
{"name":"ModelAdvance", "ph":"E", "ts":"2911942224", "pid":"1", "tid":"mom"},
{"name":"ModelSetRunClock", "ph":"B", "ts":"2913959024", "pid":"1", "tid":"mom"},
{"name":"ModelSetRunClock", "ph":"E", "ts":"2913959323", "pid":"1", "tid":"mom"},
{"name":"ModelAdvance", "ph":"B", "ts":"2913959515", "pid":"1", "tid":"mom"},
{"name":"ModelAdvance", "ph":"E", "ts":"2919122699", "pid":"1", "tid":"mom"},
{"name":"ModelSetRunClock", "ph":"B", "ts":"2921751457", "pid":"1", "tid":"mom"},
{"name":"ModelSetRunClock", "ph":"E", "ts":"2921751551", "pid":"1", "tid":"mom"},
{"name":"ModelAdvance", "ph":"B", "ts":"2921751760", "pid":"1", "tid":"mom"},
{"name":"ModelAdvance", "ph":"E", "ts":"2926910920", "pid":"1", "tid":"mom"},
{"name":"ModelSetRunClock", "ph":"B", "ts":"2928822535", "pid":"1", "tid":"mom"},
{"name":"ModelSetRunClock", "ph":"E", "ts":"2928822601", "pid":"1", "tid":"mom"},
{"name":"ModelAdvance", "ph":"B", "ts":"2928822764", "pid":"1", "tid":"mom"},
{"name":"ModelAdvance", "ph":"E", "ts":"2934010688", "pid":"1", "tid":"mom"},
{"name":"ModelSetRunClock", "ph":"B", "ts":"2936533991", "pid":"1", "tid":"mom"},
{"name":"ModelSetRunClock", "ph":"E", "ts":"2936534049", "pid":"1", "tid":"mom"},
{"name":"ModelAdvance", "ph":"B", "ts":"2936534196", "pid":"1", "tid":"mom"},
{"name":"ModelAdvance", "ph":"E", "ts":"2941735812", "pid":"1", "tid":"mom"},
{"name":"ModelSetRunClock", "ph":"B", "ts":"2943543028", "pid":"1", "tid":"mom"},
{"name":"ModelSetRunClock", "ph":"E", "ts":"2943543220", "pid":"1", "tid":"mom"},
{"name":"ModelAdvance", "ph":"B", "ts":"2943543377", "pid":"1", "tid":"mom"},
{"name":"ModelAdvance", "ph":"E", "ts":"2948743185", "pid":"1", "tid":"mom"},
{"name":"ModelSetRunClock", "ph":"B", "ts":"2951294721", "pid":"1", "tid":"mom"},
{"name":"ModelSetRunClock", "ph":"E", "ts":"2951294788", "pid":"1", "tid":"mom"},
{"name":"ModelAdvance", "ph":"B", "ts":"2951294950", "pid":"1", "tid":"mom"},
{"name":"ModelAdvance", "ph":"E", "ts":"2956555528", "pid":"1", "tid":"mom"},
{"name":"ModelSetRunClock", "ph":"B", "ts":"2958368736", "pid":"1", "tid":"mom"},
{"name":"ModelSetRunClock", "ph":"E", "ts":"2958368811", "pid":"1", "tid":"mom"},
{"name":"ModelAdvance", "ph":"B", "ts":"2958368994", "pid":"1", "tid":"mom"},
{"name":"ModelAdvance", "ph":"E", "ts":"2963554475", "pid":"1", "tid":"mom"},
{"name":"ModelSetRunClock", "ph":"B", "ts":"2966086961", "pid":"1", "tid":"mom"},
{"name":"ModelSetRunClock", "ph":"E", "ts":"2966087043", "pid":"1", "tid":"mom"},
{"name":"ModelAdvance", "ph":"B", "ts":"2966087229", "pid":"1", "tid":"mom"},
{"name":"ModelAdvance", "ph":"E", "ts":"2971270666", "pid":"1", "tid":"mom"},
{"name":"ModelSetRunClock", "ph":"B", "ts":"2973297692", "pid":"1", "tid":"mom"},
{"name":"ModelSetRunClock", "ph":"E", "ts":"2973297766", "pid":"1", "tid":"mom"},
{"name":"ModelAdvance", "ph":"B", "ts":"2973297980", "pid":"1", "tid":"mom"},
{"name":"ModelAdvance", "ph":"E", "ts":"2978468622", "pid":"1", "tid":"mom"},
{"name":"ModelSetRunClock", "ph":"B", "ts":"2981221195", "pid":"1", "tid":"mom"},
{"name":"ModelSetRunClock", "ph":"E", "ts":"2981221411", "pid":"1", "tid":"mom"},
{"name":"ModelAdvance", "ph":"B", "ts":"2981221578", "pid":"1", "tid":"mom"},
{"name":"ModelAdvance", "ph":"E", "ts":"2986409427", "pid":"1", "tid":"mom"},
{"name":"ModelSetRunClock", "ph":"B", "ts":"2988491201", "pid":"1", "tid":"mom"},
{"name":"ModelSetRunClock", "ph":"E", "ts":"2988491273", "pid":"1", "tid":"mom"},
{"name":"ModelAdvance", "ph":"B", "ts":"2988491439", "pid":"1", "tid":"mom"},
{"name":"ModelAdvance", "ph":"E", "ts":"2993661180", "pid":"1", "tid":"mom"},
{"name":"ModelSetRunClock", "ph":"B", "ts":"2996318017", "pid":"1", "tid":"mom"},
{"name":"ModelSetRunClock", "ph":"E", "ts":"2996318081", "pid":"1", "tid":"mom"},
{"name":"ModelAdvance", "ph":"B", "ts":"2996318238", "pid":"1", "tid":"mom"},
{"name":"ModelAdvance", "ph":"E", "ts":"3001566952", "pid":"1", "tid":"mom"},
{"name":"ModelFinalize", "ph":"B", "ts":"3001573058", "pid":"1", "tid":"mom"},
{"name":"ModelFinalize", "ph":"E", "ts":"3001664456", "pid":"1", "tid":"mom"},
