{"name":"SetServices", "ph":"B", "ts":"1957567951", "pid":"1", "tid":"wave"},
{"name":"SetServices", "ph":"E", "ts":"1957569601", "pid":"1", "tid":"wave"},
{"name":"InitializeP0", "ph":"B", "ts":"1957573580", "pid":"1", "tid":"wave"},
{"name":"InitializeP0", "ph":"E", "ts":"1957573663", "pid":"1", "tid":"wave"},
{"name":"InitializeAdvertise", "ph":"B", "ts":"1988157170", "pid":"1", "tid":"wave"},
{"name":"InitializeAdvertise", "ph":"E", "ts":"2090799590", "pid":"1", "tid":"wave"},
{"name":"InitializeRealize", "ph":"B", "ts":"2182205521", "pid":"1", "tid":"wave"},
{"name":"InitializeRealize", "ph":"E", "ts":"2197236393", "pid":"1", "tid":"wave"},
{"name":"DataInitialize", "ph":"B", "ts":"2226211436", "pid":"1", "tid":"wave"},
{"name":"DataInitialize", "ph":"E", "ts":"2226215480", "pid":"1", "tid":"wave"},
{"name":"ModelSetRunClock", "ph":"B", "ts":"2280342611", "pid":"1", "tid":"wave"},
{"name":"ModelSetRunClock", "ph":"E", "ts":"2280353152", "pid":"1", "tid":"wave"},
{"name":"ModelAdvance", "ph":"B", "ts":"2280353248", "pid":"1", "tid":"wave"},
{"name":"ModelAdvance", "ph":"E", "ts":"2293419480", "pid":"1", "tid":"wave"},
{"name":"ModelSetRunClock", "ph":"B", "ts":"2294785504", "pid":"1", "tid":"wave"},
{"name":"ModelSetRunClock", "ph":"E", "ts":"2294785604", "pid":"1", "tid":"wave"},
{"name":"ModelAdvance", "ph":"B", "ts":"2294785732", "pid":"1", "tid":"wave"},
{"name":"ModelAdvance", "ph":"E", "ts":"2300258275", "pid":"1", "tid":"wave"},
{"name":"ModelSetRunClock", "ph":"B", "ts":"2302151145", "pid":"1", "tid":"wave"},
{"name":"ModelSetRunClock", "ph":"E", "ts":"2302151205", "pid":"1", "tid":"wave"},
{"name":"ModelAdvance", "ph":"B", "ts":"2302151389", "pid":"1", "tid":"wave"},
{"name":"ModelAdvance", "ph":"E", "ts":"2307660873", "pid":"1", "tid":"wave"},
{"name":"ModelSetRunClock", "ph":"B", "ts":"2309989286", "pid":"1", "tid":"wave"},
{"name":"ModelSetRunClock", "ph":"E", "ts":"2309989345", "pid":"1", "tid":"wave"},
{"name":"ModelAdvance", "ph":"B", "ts":"2309989488", "pid":"1", "tid":"wave"},
{"name":"ModelAdvance", "ph":"E", "ts":"2315918954", "pid":"1", "tid":"wave"},
{"name":"ModelSetRunClock", "ph":"B", "ts":"2317230232", "pid":"1", "tid":"wave"},
{"name":"ModelSetRunClock", "ph":"E", "ts":"2317230274", "pid":"1", "tid":"wave"},
{"name":"ModelAdvance", "ph":"B", "ts":"2317230360", "pid":"1", "tid":"wave"},
{"name":"ModelAdvance", "ph":"E", "ts":"2322710232", "pid":"1", "tid":"wave"},
{"name":"ModelSetRunClock", "ph":"B", "ts":"2325121579", "pid":"1", "tid":"wave"},
{"name":"ModelSetRunClock", "ph":"E", "ts":"2325121640", "pid":"1", "tid":"wave"},
{"name":"ModelAdvance", "ph":"B", "ts":"2325121725", "pid":"1", "tid":"wave"},
{"name":"ModelAdvance", "ph":"E", "ts":"2330555050", "pid":"1", "tid":"wave"},
{"name":"ModelSetRunClock", "ph":"B", "ts":"2347890481", "pid":"1", "tid":"wave"},
{"name":"ModelSetRunClock", "ph":"E", "ts":"2347890538", "pid":"1", "tid":"wave"},
{"name":"ModelAdvance", "ph":"B", "ts":"2347890635", "pid":"1", "tid":"wave"},
{"name":"ModelAdvance", "ph":"E", "ts":"2353315078", "pid":"1", "tid":"wave"},
{"name":"ModelSetRunClock", "ph":"B", "ts":"2355989146", "pid":"1", "tid":"wave"},
{"name":"ModelSetRunClock", "ph":"E", "ts":"2355989231", "pid":"1", "tid":"wave"},
{"name":"ModelAdvance", "ph":"B", "ts":"2355989335", "pid":"1", "tid":"wave"},
{"name":"ModelAdvance", "ph":"E", "ts":"2361745865", "pid":"1", "tid":"wave"},
{"name":"ModelSetRunClock", "ph":"B", "ts":"2363280218", "pid":"1", "tid":"wave"},
{"name":"ModelSetRunClock", "ph":"E", "ts":"2363280287", "pid":"1", "tid":"wave"},
{"name":"ModelAdvance", "ph":"B", "ts":"2363280398", "pid":"1", "tid":"wave"},
{"name":"ModelAdvance", "ph":"E", "ts":"2368744155", "pid":"1", "tid":"wave"},
{"name":"ModelSetRunClock", "ph":"B", "ts":"2371232227", "pid":"1", "tid":"wave"},
{"name":"ModelSetRunClock", "ph":"E", "ts":"2371232293", "pid":"1", "tid":"wave"},
{"name":"ModelAdvance", "ph":"B", "ts":"2371232394", "pid":"1", "tid":"wave"},
{"name":"ModelAdvance", "ph":"E", "ts":"2376704841", "pid":"1", "tid":"wave"},
{"name":"ModelSetRunClock", "ph":"B", "ts":"2378698939", "pid":"1", "tid":"wave"},
{"name":"ModelSetRunClock", "ph":"E", "ts":"2378699344", "pid":"1", "tid":"wave"},
{"name":"ModelAdvance", "ph":"B", "ts":"2378699483", "pid":"1", "tid":"wave"},
{"name":"ModelAdvance", "ph":"E", "ts":"2384082539", "pid":"1", "tid":"wave"},
{"name":"ModelSetRunClock", "ph":"B", "ts":"2386706530", "pid":"1", "tid":"wave"},
{"name":"ModelSetRunClock", "ph":"E", "ts":"2386706598", "pid":"1", "tid":"wave"},
{"name":"ModelAdvance", "ph":"B", "ts":"2386706695", "pid":"1", "tid":"wave"},
{"name":"ModelAdvance", "ph":"E", "ts":"2392057401", "pid":"1", "tid":"wave"},
{"name":"ModelSetRunClock", "ph":"B", "ts":"2394086710", "pid":"1", "tid":"wave"},
{"name":"ModelSetRunClock", "ph":"E", "ts":"2394086770", "pid":"1", "tid":"wave"},
{"name":"ModelAdvance", "ph":"B", "ts":"2394086857", "pid":"1", "tid":"wave"},
{"name":"ModelAdvance", "ph":"E", "ts":"2399384258", "pid":"1", "tid":"wave"},
{"name":"ModelSetRunClock", "ph":"B", "ts":"2402063318", "pid":"1", "tid":"wave"},
{"name":"ModelSetRunClock", "ph":"E", "ts":"2402063377", "pid":"1", "tid":"wave"},
{"name":"ModelAdvance", "ph":"B", "ts":"2402063457", "pid":"1", "tid":"wave"},
{"name":"ModelAdvance", "ph":"E", "ts":"2407393847", "pid":"1", "tid":"wave"},
{"name":"ModelSetRunClock", "ph":"B", "ts":"2409309241", "pid":"1", "tid":"wave"},
{"name":"ModelSetRunClock", "ph":"E", "ts":"2409309298", "pid":"1", "tid":"wave"},
{"name":"ModelAdvance", "ph":"B", "ts":"2409309386", "pid":"1", "tid":"wave"},
{"name":"ModelAdvance", "ph":"E", "ts":"2414568576", "pid":"1", "tid":"wave"},
{"name":"ModelSetRunClock", "ph":"B", "ts":"2417434895", "pid":"1", "tid":"wave"},
{"name":"ModelSetRunClock", "ph":"E", "ts":"2417435001", "pid":"1", "tid":"wave"},
{"name":"ModelAdvance", "ph":"B", "ts":"2417435119", "pid":"1", "tid":"wave"},
{"name":"ModelAdvance", "ph":"E", "ts":"2422744470", "pid":"1", "tid":"wave"},
{"name":"ModelSetRunClock", "ph":"B", "ts":"2425248722", "pid":"1", "tid":"wave"},
{"name":"ModelSetRunClock", "ph":"E", "ts":"2425248783", "pid":"1", "tid":"wave"},
{"name":"ModelAdvance", "ph":"B", "ts":"2425248861", "pid":"1", "tid":"wave"},
{"name":"ModelAdvance", "ph":"E", "ts":"2430385995", "pid":"1", "tid":"wave"},
{"name":"ModelSetRunClock", "ph":"B", "ts":"2433526997", "pid":"1", "tid":"wave"},
{"name":"ModelSetRunClock", "ph":"E", "ts":"2433527052", "pid":"1", "tid":"wave"},
{"name":"ModelAdvance", "ph":"B", "ts":"2433527232", "pid":"1", "tid":"wave"},
{"name":"ModelAdvance", "ph":"E", "ts":"2438585919", "pid":"1", "tid":"wave"},
{"name":"ModelSetRunClock", "ph":"B", "ts":"2441327366", "pid":"1", "tid":"wave"},
{"name":"ModelSetRunClock", "ph":"E", "ts":"2441327425", "pid":"1", "tid":"wave"},
{"name":"ModelAdvance", "ph":"B", "ts":"2441327510", "pid":"1", "tid":"wave"},
{"name":"ModelAdvance", "ph":"E", "ts":"2446407941", "pid":"1", "tid":"wave"},
{"name":"ModelSetRunClock", "ph":"B", "ts":"2449749125", "pid":"1", "tid":"wave"},
{"name":"ModelSetRunClock", "ph":"E", "ts":"2449749185", "pid":"1", "tid":"wave"},
{"name":"ModelAdvance", "ph":"B", "ts":"2449749324", "pid":"1", "tid":"wave"},
{"name":"ModelAdvance", "ph":"E", "ts":"2454772065", "pid":"1", "tid":"wave"},
{"name":"ModelSetRunClock", "ph":"B", "ts":"2457331203", "pid":"1", "tid":"wave"},
{"name":"ModelSetRunClock", "ph":"E", "ts":"2457331267", "pid":"1", "tid":"wave"},
{"name":"ModelAdvance", "ph":"B", "ts":"2457331355", "pid":"1", "tid":"wave"},
{"name":"ModelAdvance", "ph":"E", "ts":"2462283634", "pid":"1", "tid":"wave"},
{"name":"ModelSetRunClock", "ph":"B", "ts":"2466002575", "pid":"1", "tid":"wave"},
{"name":"ModelSetRunClock", "ph":"E", "ts":"2466002640", "pid":"1", "tid":"wave"},
{"name":"ModelAdvance", "ph":"B", "ts":"2466002751", "pid":"1", "tid":"wave"},
{"name":"ModelAdvance", "ph":"E", "ts":"2471077215", "pid":"1", "tid":"wave"},
{"name":"ModelSetRunClock", "ph":"B", "ts":"2474041633", "pid":"1", "tid":"wave"},
{"name":"ModelSetRunClock", "ph":"E", "ts":"2474041780", "pid":"1", "tid":"wave"},
{"name":"ModelAdvance", "ph":"B", "ts":"2474041908", "pid":"1", "tid":"wave"},
{"name":"ModelAdvance", "ph":"E", "ts":"2478989738", "pid":"1", "tid":"wave"},
{"name":"ModelSetRunClock", "ph":"B", "ts":"2482269691", "pid":"1", "tid":"wave"},
{"name":"ModelSetRunClock", "ph":"E", "ts":"2482269771", "pid":"1", "tid":"wave"},
{"name":"ModelAdvance", "ph":"B", "ts":"2482269877", "pid":"1", "tid":"wave"},
{"name":"ModelAdvance", "ph":"E", "ts":"2487187147", "pid":"1", "tid":"wave"},
{"name":"ModelSetRunClock", "ph":"B", "ts":"2489977183", "pid":"1", "tid":"wave"},
{"name":"ModelSetRunClock", "ph":"E", "ts":"2489977241", "pid":"1", "tid":"wave"},
{"name":"ModelAdvance", "ph":"B", "ts":"2489977318", "pid":"1", "tid":"wave"},
{"name":"ModelAdvance", "ph":"E", "ts":"2494887094", "pid":"1", "tid":"wave"},
{"name":"ModelSetRunClock", "ph":"B", "ts":"2497904704", "pid":"1", "tid":"wave"},
{"name":"ModelSetRunClock", "ph":"E", "ts":"2497904763", "pid":"1", "tid":"wave"},
{"name":"ModelAdvance", "ph":"B", "ts":"2497904840", "pid":"1", "tid":"wave"},
{"name":"ModelAdvance", "ph":"E", "ts":"2502826156", "pid":"1", "tid":"wave"},
{"name":"ModelSetRunClock", "ph":"B", "ts":"2505067742", "pid":"1", "tid":"wave"},
{"name":"ModelSetRunClock", "ph":"E", "ts":"2505067999", "pid":"1", "tid":"wave"},
{"name":"ModelAdvance", "ph":"B", "ts":"2505068127", "pid":"1", "tid":"wave"},
{"name":"ModelAdvance", "ph":"E", "ts":"2509965726", "pid":"1", "tid":"wave"},
{"name":"ModelSetRunClock", "ph":"B", "ts":"2512854135", "pid":"1", "tid":"wave"},
{"name":"ModelSetRunClock", "ph":"E", "ts":"2512854205", "pid":"1", "tid":"wave"},
{"name":"ModelAdvance", "ph":"B", "ts":"2512854341", "pid":"1", "tid":"wave"},
{"name":"ModelAdvance", "ph":"E", "ts":"2517691095", "pid":"1", "tid":"wave"},
{"name":"ModelSetRunClock", "ph":"B", "ts":"2520027401", "pid":"1", "tid":"wave"},
{"name":"ModelSetRunClock", "ph":"E", "ts":"2520027463", "pid":"1", "tid":"wave"},
{"name":"ModelAdvance", "ph":"B", "ts":"2520027549", "pid":"1", "tid":"wave"},
{"name":"ModelAdvance", "ph":"E", "ts":"2524810453", "pid":"1", "tid":"wave"},
{"name":"ModelSetRunClock", "ph":"B", "ts":"2527862317", "pid":"1", "tid":"wave"},
{"name":"ModelSetRunClock", "ph":"E", "ts":"2527862379", "pid":"1", "tid":"wave"},
{"name":"ModelAdvance", "ph":"B", "ts":"2527862506", "pid":"1", "tid":"wave"},
{"name":"ModelAdvance", "ph":"E", "ts":"2532633970", "pid":"1", "tid":"wave"},
{"name":"ModelSetRunClock", "ph":"B", "ts":"2535099010", "pid":"1", "tid":"wave"},
{"name":"ModelSetRunClock", "ph":"E", "ts":"2535099071", "pid":"1", "tid":"wave"},
{"name":"ModelAdvance", "ph":"B", "ts":"2535099209", "pid":"1", "tid":"wave"},
{"name":"ModelAdvance", "ph":"E", "ts":"2539832709", "pid":"1", "tid":"wave"},
{"name":"ModelSetRunClock", "ph":"B", "ts":"2543115309", "pid":"1", "tid":"wave"},
{"name":"ModelSetRunClock", "ph":"E", "ts":"2543115374", "pid":"1", "tid":"wave"},
{"name":"ModelAdvance", "ph":"B", "ts":"2543115518", "pid":"1", "tid":"wave"},
{"name":"ModelAdvance", "ph":"E", "ts":"2547848484", "pid":"1", "tid":"wave"},
{"name":"ModelSetRunClock", "ph":"B", "ts":"2550269539", "pid":"1", "tid":"wave"},
{"name":"ModelSetRunClock", "ph":"E", "ts":"2550269682", "pid":"1", "tid":"wave"},
{"name":"ModelAdvance", "ph":"B", "ts":"2550269854", "pid":"1", "tid":"wave"},
{"name":"ModelAdvance", "ph":"E", "ts":"2555010786", "pid":"1", "tid":"wave"},
{"name":"ModelSetRunClock", "ph":"B", "ts":"2558022842", "pid":"1", "tid":"wave"},
{"name":"ModelSetRunClock", "ph":"E", "ts":"2558022909", "pid":"1", "tid":"wave"},
{"name":"ModelAdvance", "ph":"B", "ts":"2558022989", "pid":"1", "tid":"wave"},
{"name":"ModelAdvance", "ph":"E", "ts":"2562709780", "pid":"1", "tid":"wave"},
{"name":"ModelSetRunClock", "ph":"B", "ts":"2565099518", "pid":"1", "tid":"wave"},
{"name":"ModelSetRunClock", "ph":"E", "ts":"2565099593", "pid":"1", "tid":"wave"},
{"name":"ModelAdvance", "ph":"B", "ts":"2565099795", "pid":"1", "tid":"wave"},
{"name":"ModelAdvance", "ph":"E", "ts":"2569749568", "pid":"1", "tid":"wave"},
{"name":"ModelSetRunClock", "ph":"B", "ts":"2572919828", "pid":"1", "tid":"wave"},
{"name":"ModelSetRunClock", "ph":"E", "ts":"2572919895", "pid":"1", "tid":"wave"},
{"name":"ModelAdvance", "ph":"B", "ts":"2572920219", "pid":"1", "tid":"wave"},
{"name":"ModelAdvance", "ph":"E", "ts":"2577531944", "pid":"1", "tid":"wave"},
{"name":"ModelSetRunClock", "ph":"B", "ts":"2580062582", "pid":"1", "tid":"wave"},
{"name":"ModelSetRunClock", "ph":"E", "ts":"2580062639", "pid":"1", "tid":"wave"},
{"name":"ModelAdvance", "ph":"B", "ts":"2580062721", "pid":"1", "tid":"wave"},
{"name":"ModelAdvance", "ph":"E", "ts":"2584632398", "pid":"1", "tid":"wave"},
{"name":"ModelSetRunClock", "ph":"B", "ts":"2587869306", "pid":"1", "tid":"wave"},
{"name":"ModelSetRunClock", "ph":"E", "ts":"2587869374", "pid":"1", "tid":"wave"},
{"name":"ModelAdvance", "ph":"B", "ts":"2587869474", "pid":"1", "tid":"wave"},
{"name":"ModelAdvance", "ph":"E", "ts":"2592424901", "pid":"1", "tid":"wave"},
{"name":"ModelSetRunClock", "ph":"B", "ts":"2595043799", "pid":"1", "tid":"wave"},
{"name":"ModelSetRunClock", "ph":"E", "ts":"2595043854", "pid":"1", "tid":"wave"},
{"name":"ModelAdvance", "ph":"B", "ts":"2595043950", "pid":"1", "tid":"wave"},
{"name":"ModelAdvance", "ph":"E", "ts":"2599612791", "pid":"1", "tid":"wave"},
{"name":"ModelSetRunClock", "ph":"B", "ts":"2603239953", "pid":"1", "tid":"wave"},
{"name":"ModelSetRunClock", "ph":"E", "ts":"2603240003", "pid":"1", "tid":"wave"},
{"name":"ModelAdvance", "ph":"B", "ts":"2603240091", "pid":"1", "tid":"wave"},
{"name":"ModelAdvance", "ph":"E", "ts":"2607833192", "pid":"1", "tid":"wave"},
{"name":"ModelSetRunClock", "ph":"B", "ts":"2610932590", "pid":"1", "tid":"wave"},
{"name":"ModelSetRunClock", "ph":"E", "ts":"2610932646", "pid":"1", "tid":"wave"},
{"name":"ModelAdvance", "ph":"B", "ts":"2610932739", "pid":"1", "tid":"wave"},
{"name":"ModelAdvance", "ph":"E", "ts":"2615543047", "pid":"1", "tid":"wave"},
{"name":"ModelSetRunClock", "ph":"B", "ts":"2619424039", "pid":"1", "tid":"wave"},
{"name":"ModelSetRunClock", "ph":"E", "ts":"2619424133", "pid":"1", "tid":"wave"},
{"name":"ModelAdvance", "ph":"B", "ts":"2619424250", "pid":"1", "tid":"wave"},
{"name":"ModelAdvance", "ph":"E", "ts":"2624083101", "pid":"1", "tid":"wave"},
{"name":"ModelSetRunClock", "ph":"B", "ts":"2627122505", "pid":"1", "tid":"wave"},
{"name":"ModelSetRunClock", "ph":"E", "ts":"2627122572", "pid":"1", "tid":"wave"},
{"name":"ModelAdvance", "ph":"B", "ts":"2627122725", "pid":"1", "tid":"wave"},
{"name":"ModelAdvance", "ph":"E", "ts":"2631797542", "pid":"1", "tid":"wave"},
{"name":"ModelSetRunClock", "ph":"B", "ts":"2648039596", "pid":"1", "tid":"wave"},
{"name":"ModelSetRunClock", "ph":"E", "ts":"2648039660", "pid":"1", "tid":"wave"},
{"name":"ModelAdvance", "ph":"B", "ts":"2648039853", "pid":"1", "tid":"wave"},
{"name":"ModelAdvance", "ph":"E", "ts":"2652757819", "pid":"1", "tid":"wave"},
{"name":"ModelSetRunClock", "ph":"B", "ts":"2655282319", "pid":"1", "tid":"wave"},
{"name":"ModelSetRunClock", "ph":"E", "ts":"2655282374", "pid":"1", "tid":"wave"},
{"name":"ModelAdvance", "ph":"B", "ts":"2655282463", "pid":"1", "tid":"wave"},
{"name":"ModelAdvance", "ph":"E", "ts":"2659992968", "pid":"1", "tid":"wave"},
{"name":"ModelSetRunClock", "ph":"B", "ts":"2663114012", "pid":"1", "tid":"wave"},
{"name":"ModelSetRunClock", "ph":"E", "ts":"2663114120", "pid":"1", "tid":"wave"},
{"name":"ModelAdvance", "ph":"B", "ts":"2663114239", "pid":"1", "tid":"wave"},
{"name":"ModelAdvance", "ph":"E", "ts":"2667765906", "pid":"1", "tid":"wave"},
{"name":"ModelSetRunClock", "ph":"B", "ts":"2670437539", "pid":"1", "tid":"wave"},
{"name":"ModelSetRunClock", "ph":"E", "ts":"2670437683", "pid":"1", "tid":"wave"},
{"name":"ModelAdvance", "ph":"B", "ts":"2670437795", "pid":"1", "tid":"wave"},
{"name":"ModelAdvance", "ph":"E", "ts":"2675063295", "pid":"1", "tid":"wave"},
{"name":"ModelSetRunClock", "ph":"B", "ts":"2678264301", "pid":"1", "tid":"wave"},
{"name":"ModelSetRunClock", "ph":"E", "ts":"2678264363", "pid":"1", "tid":"wave"},
{"name":"ModelAdvance", "ph":"B", "ts":"2678264447", "pid":"1", "tid":"wave"},
{"name":"ModelAdvance", "ph":"E", "ts":"2682903012", "pid":"1", "tid":"wave"},
{"name":"ModelSetRunClock", "ph":"B", "ts":"2685643426", "pid":"1", "tid":"wave"},
{"name":"ModelSetRunClock", "ph":"E", "ts":"2685643800", "pid":"1", "tid":"wave"},
{"name":"ModelAdvance", "ph":"B", "ts":"2685643928", "pid":"1", "tid":"wave"},
{"name":"ModelAdvance", "ph":"E", "ts":"2690347777", "pid":"1", "tid":"wave"},
{"name":"ModelSetRunClock", "ph":"B", "ts":"2693599062", "pid":"1", "tid":"wave"},
{"name":"ModelSetRunClock", "ph":"E", "ts":"2693599132", "pid":"1", "tid":"wave"},
{"name":"ModelAdvance", "ph":"B", "ts":"2693599235", "pid":"1", "tid":"wave"},
{"name":"ModelAdvance", "ph":"E", "ts":"2698339864", "pid":"1", "tid":"wave"},
{"name":"ModelSetRunClock", "ph":"B", "ts":"2700893703", "pid":"1", "tid":"wave"},
{"name":"ModelSetRunClock", "ph":"E", "ts":"2700893785", "pid":"1", "tid":"wave"},
{"name":"ModelAdvance", "ph":"B", "ts":"2700893884", "pid":"1", "tid":"wave"},
{"name":"ModelAdvance", "ph":"E", "ts":"2705672513", "pid":"1", "tid":"wave"},
{"name":"ModelSetRunClock", "ph":"B", "ts":"2708831313", "pid":"1", "tid":"wave"},
{"name":"ModelSetRunClock", "ph":"E", "ts":"2708831383", "pid":"1", "tid":"wave"},
{"name":"ModelAdvance", "ph":"B", "ts":"2708831460", "pid":"1", "tid":"wave"},
{"name":"ModelAdvance", "ph":"E", "ts":"2713584810", "pid":"1", "tid":"wave"},
{"name":"ModelSetRunClock", "ph":"B", "ts":"2716310943", "pid":"1", "tid":"wave"},
{"name":"ModelSetRunClock", "ph":"E", "ts":"2716311016", "pid":"1", "tid":"wave"},
{"name":"ModelAdvance", "ph":"B", "ts":"2716311162", "pid":"1", "tid":"wave"},
{"name":"ModelAdvance", "ph":"E", "ts":"2721051719", "pid":"1", "tid":"wave"},
{"name":"ModelSetRunClock", "ph":"B", "ts":"2724249109", "pid":"1", "tid":"wave"},
{"name":"ModelSetRunClock", "ph":"E", "ts":"2724249197", "pid":"1", "tid":"wave"},
{"name":"ModelAdvance", "ph":"B", "ts":"2724249302", "pid":"1", "tid":"wave"},
{"name":"ModelAdvance", "ph":"E", "ts":"2728963133", "pid":"1", "tid":"wave"},
{"name":"ModelSetRunClock", "ph":"B", "ts":"2731643031", "pid":"1", "tid":"wave"},
{"name":"ModelSetRunClock", "ph":"E", "ts":"2731643116", "pid":"1", "tid":"wave"},
{"name":"ModelAdvance", "ph":"B", "ts":"2731643246", "pid":"1", "tid":"wave"},
{"name":"ModelAdvance", "ph":"E", "ts":"2736327322", "pid":"1", "tid":"wave"},
{"name":"ModelSetRunClock", "ph":"B", "ts":"2739688223", "pid":"1", "tid":"wave"},
{"name":"ModelSetRunClock", "ph":"E", "ts":"2739688305", "pid":"1", "tid":"wave"},
{"name":"ModelAdvance", "ph":"B", "ts":"2739688406", "pid":"1", "tid":"wave"},
{"name":"ModelAdvance", "ph":"E", "ts":"2744344622", "pid":"1", "tid":"wave"},
{"name":"ModelSetRunClock", "ph":"B", "ts":"2746893267", "pid":"1", "tid":"wave"},
{"name":"ModelSetRunClock", "ph":"E", "ts":"2746893344", "pid":"1", "tid":"wave"},
{"name":"ModelAdvance", "ph":"B", "ts":"2746893550", "pid":"1", "tid":"wave"},
{"name":"ModelAdvance", "ph":"E", "ts":"2751441548", "pid":"1", "tid":"wave"},
{"name":"ModelSetRunClock", "ph":"B", "ts":"2754778249", "pid":"1", "tid":"wave"},
{"name":"ModelSetRunClock", "ph":"E", "ts":"2754778311", "pid":"1", "tid":"wave"},
{"name":"ModelAdvance", "ph":"B", "ts":"2754778404", "pid":"1", "tid":"wave"},
{"name":"ModelAdvance", "ph":"E", "ts":"2759277087", "pid":"1", "tid":"wave"},
{"name":"ModelSetRunClock", "ph":"B", "ts":"2762764685", "pid":"1", "tid":"wave"},
{"name":"ModelSetRunClock", "ph":"E", "ts":"2762764733", "pid":"1", "tid":"wave"},
{"name":"ModelAdvance", "ph":"B", "ts":"2762764826", "pid":"1", "tid":"wave"},
{"name":"ModelAdvance", "ph":"E", "ts":"2767286713", "pid":"1", "tid":"wave"},
{"name":"ModelSetRunClock", "ph":"B", "ts":"2770668032", "pid":"1", "tid":"wave"},
{"name":"ModelSetRunClock", "ph":"E", "ts":"2770668076", "pid":"1", "tid":"wave"},
{"name":"ModelAdvance", "ph":"B", "ts":"2770668164", "pid":"1", "tid":"wave"},
{"name":"ModelAdvance", "ph":"E", "ts":"2775191476", "pid":"1", "tid":"wave"},
{"name":"ModelSetRunClock", "ph":"B", "ts":"2777929521", "pid":"1", "tid":"wave"},
{"name":"ModelSetRunClock", "ph":"E", "ts":"2777929559", "pid":"1", "tid":"wave"},
{"name":"ModelAdvance", "ph":"B", "ts":"2777929646", "pid":"1", "tid":"wave"},
{"name":"ModelAdvance", "ph":"E", "ts":"2782473774", "pid":"1", "tid":"wave"},
{"name":"ModelSetRunClock", "ph":"B", "ts":"2785823240", "pid":"1", "tid":"wave"},
{"name":"ModelSetRunClock", "ph":"E", "ts":"2785823280", "pid":"1", "tid":"wave"},
{"name":"ModelAdvance", "ph":"B", "ts":"2785823380", "pid":"1", "tid":"wave"},
{"name":"ModelAdvance", "ph":"E", "ts":"2790353405", "pid":"1", "tid":"wave"},
{"name":"ModelSetRunClock", "ph":"B", "ts":"2793093426", "pid":"1", "tid":"wave"},
{"name":"ModelSetRunClock", "ph":"E", "ts":"2793093465", "pid":"1", "tid":"wave"},
{"name":"ModelAdvance", "ph":"B", "ts":"2793093540", "pid":"1", "tid":"wave"},
{"name":"ModelAdvance", "ph":"E", "ts":"2797635286", "pid":"1", "tid":"wave"},
{"name":"ModelSetRunClock", "ph":"B", "ts":"2800995356", "pid":"1", "tid":"wave"},
{"name":"ModelSetRunClock", "ph":"E", "ts":"2800995396", "pid":"1", "tid":"wave"},
{"name":"ModelAdvance", "ph":"B", "ts":"2800995486", "pid":"1", "tid":"wave"},
{"name":"ModelAdvance", "ph":"E", "ts":"2805643133", "pid":"1", "tid":"wave"},
{"name":"ModelSetRunClock", "ph":"B", "ts":"2808238007", "pid":"1", "tid":"wave"},
{"name":"ModelSetRunClock", "ph":"E", "ts":"2808238057", "pid":"1", "tid":"wave"},
{"name":"ModelAdvance", "ph":"B", "ts":"2808238145", "pid":"1", "tid":"wave"},
{"name":"ModelAdvance", "ph":"E", "ts":"2812908095", "pid":"1", "tid":"wave"},
{"name":"ModelSetRunClock", "ph":"B", "ts":"2816144095", "pid":"1", "tid":"wave"},
{"name":"ModelSetRunClock", "ph":"E", "ts":"2816144135", "pid":"1", "tid":"wave"},
{"name":"ModelAdvance", "ph":"B", "ts":"2816144207", "pid":"1", "tid":"wave"},
{"name":"ModelAdvance", "ph":"E", "ts":"2820853868", "pid":"1", "tid":"wave"},
{"name":"ModelSetRunClock", "ph":"B", "ts":"2823403887", "pid":"1", "tid":"wave"},
{"name":"ModelSetRunClock", "ph":"E", "ts":"2823403927", "pid":"1", "tid":"wave"},
{"name":"ModelAdvance", "ph":"B", "ts":"2823404009", "pid":"1", "tid":"wave"},
{"name":"ModelAdvance", "ph":"E", "ts":"2828078656", "pid":"1", "tid":"wave"},
{"name":"ModelSetRunClock", "ph":"B", "ts":"2831355421", "pid":"1", "tid":"wave"},
{"name":"ModelSetRunClock", "ph":"E", "ts":"2831355457", "pid":"1", "tid":"wave"},
{"name":"ModelAdvance", "ph":"B", "ts":"2831355544", "pid":"1", "tid":"wave"},
{"name":"ModelAdvance", "ph":"E", "ts":"2836009704", "pid":"1", "tid":"wave"},
{"name":"ModelSetRunClock", "ph":"B", "ts":"2838567709", "pid":"1", "tid":"wave"},
{"name":"ModelSetRunClock", "ph":"E", "ts":"2838567759", "pid":"1", "tid":"wave"},
{"name":"ModelAdvance", "ph":"B", "ts":"2838567847", "pid":"1", "tid":"wave"},
{"name":"ModelAdvance", "ph":"E", "ts":"2843193419", "pid":"1", "tid":"wave"},
{"name":"ModelSetRunClock", "ph":"B", "ts":"2846437873", "pid":"1", "tid":"wave"},
{"name":"ModelSetRunClock", "ph":"E", "ts":"2846437911", "pid":"1", "tid":"wave"},
{"name":"ModelAdvance", "ph":"B", "ts":"2846437992", "pid":"1", "tid":"wave"},
{"name":"ModelAdvance", "ph":"E", "ts":"2850956866", "pid":"1", "tid":"wave"},
{"name":"ModelSetRunClock", "ph":"B", "ts":"2853634579", "pid":"1", "tid":"wave"},
{"name":"ModelSetRunClock", "ph":"E", "ts":"2853634616", "pid":"1", "tid":"wave"},
{"name":"ModelAdvance", "ph":"B", "ts":"2853634706", "pid":"1", "tid":"wave"},
{"name":"ModelAdvance", "ph":"E", "ts":"2858134503", "pid":"1", "tid":"wave"},
{"name":"ModelSetRunClock", "ph":"B", "ts":"2861477654", "pid":"1", "tid":"wave"},
{"name":"ModelSetRunClock", "ph":"E", "ts":"2861477698", "pid":"1", "tid":"wave"},
{"name":"ModelAdvance", "ph":"B", "ts":"2861477784", "pid":"1", "tid":"wave"},
{"name":"ModelAdvance", "ph":"E", "ts":"2865990448", "pid":"1", "tid":"wave"},
{"name":"ModelSetRunClock", "ph":"B", "ts":"2868718309", "pid":"1", "tid":"wave"},
{"name":"ModelSetRunClock", "ph":"E", "ts":"2868718346", "pid":"1", "tid":"wave"},
{"name":"ModelAdvance", "ph":"B", "ts":"2868718420", "pid":"1", "tid":"wave"},
{"name":"ModelAdvance", "ph":"E", "ts":"2873269886", "pid":"1", "tid":"wave"},
{"name":"ModelSetRunClock", "ph":"B", "ts":"2876576402", "pid":"1", "tid":"wave"},
{"name":"ModelSetRunClock", "ph":"E", "ts":"2876576442", "pid":"1", "tid":"wave"},
{"name":"ModelAdvance", "ph":"B", "ts":"2876576939", "pid":"1", "tid":"wave"},
{"name":"ModelAdvance", "ph":"E", "ts":"2881127872", "pid":"1", "tid":"wave"},
{"name":"ModelSetRunClock", "ph":"B", "ts":"2883752152", "pid":"1", "tid":"wave"},
{"name":"ModelSetRunClock", "ph":"E", "ts":"2883752190", "pid":"1", "tid":"wave"},
{"name":"ModelAdvance", "ph":"B", "ts":"2883752265", "pid":"1", "tid":"wave"},
{"name":"ModelAdvance", "ph":"E", "ts":"2888290663", "pid":"1", "tid":"wave"},
{"name":"ModelSetRunClock", "ph":"B", "ts":"2891563500", "pid":"1", "tid":"wave"},
{"name":"ModelSetRunClock", "ph":"E", "ts":"2891563544", "pid":"1", "tid":"wave"},
{"name":"ModelAdvance", "ph":"B", "ts":"2891563629", "pid":"1", "tid":"wave"},
{"name":"ModelAdvance", "ph":"E", "ts":"2896065376", "pid":"1", "tid":"wave"},
{"name":"ModelSetRunClock", "ph":"B", "ts":"2898796727", "pid":"1", "tid":"wave"},
{"name":"ModelSetRunClock", "ph":"E", "ts":"2898796767", "pid":"1", "tid":"wave"},
{"name":"ModelAdvance", "ph":"B", "ts":"2898796838", "pid":"1", "tid":"wave"},
{"name":"ModelAdvance", "ph":"E", "ts":"2903382771", "pid":"1", "tid":"wave"},
{"name":"ModelSetRunClock", "ph":"B", "ts":"2906692033", "pid":"1", "tid":"wave"},
{"name":"ModelSetRunClock", "ph":"E", "ts":"2906692072", "pid":"1", "tid":"wave"},
{"name":"ModelAdvance", "ph":"B", "ts":"2906692153", "pid":"1", "tid":"wave"},
{"name":"ModelAdvance", "ph":"E", "ts":"2911378848", "pid":"1", "tid":"wave"},
{"name":"ModelSetRunClock", "ph":"B", "ts":"2913947875", "pid":"1", "tid":"wave"},
{"name":"ModelSetRunClock", "ph":"E", "ts":"2913947915", "pid":"1", "tid":"wave"},
{"name":"ModelAdvance", "ph":"B", "ts":"2913948007", "pid":"1", "tid":"wave"},
{"name":"ModelAdvance", "ph":"E", "ts":"2918667591", "pid":"1", "tid":"wave"},
{"name":"ModelSetRunClock", "ph":"B", "ts":"2921739165", "pid":"1", "tid":"wave"},
{"name":"ModelSetRunClock", "ph":"E", "ts":"2921739202", "pid":"1", "tid":"wave"},
{"name":"ModelAdvance", "ph":"B", "ts":"2921739284", "pid":"1", "tid":"wave"},
{"name":"ModelAdvance", "ph":"E", "ts":"2926390628", "pid":"1", "tid":"wave"},
{"name":"ModelSetRunClock", "ph":"B", "ts":"2928815662", "pid":"1", "tid":"wave"},
{"name":"ModelSetRunClock", "ph":"E", "ts":"2928815700", "pid":"1", "tid":"wave"},
{"name":"ModelAdvance", "ph":"B", "ts":"2928815786", "pid":"1", "tid":"wave"},
{"name":"ModelAdvance", "ph":"E", "ts":"2933482112", "pid":"1", "tid":"wave"},
{"name":"ModelSetRunClock", "ph":"B", "ts":"2936531823", "pid":"1", "tid":"wave"},
{"name":"ModelSetRunClock", "ph":"E", "ts":"2936531862", "pid":"1", "tid":"wave"},
{"name":"ModelAdvance", "ph":"B", "ts":"2936531964", "pid":"1", "tid":"wave"},
{"name":"ModelAdvance", "ph":"E", "ts":"2941464624", "pid":"1", "tid":"wave"},
{"name":"ModelSetRunClock", "ph":"B", "ts":"2943541683", "pid":"1", "tid":"wave"},
{"name":"ModelSetRunClock", "ph":"E", "ts":"2943541724", "pid":"1", "tid":"wave"},
{"name":"ModelAdvance", "ph":"B", "ts":"2943541809", "pid":"1", "tid":"wave"},
{"name":"ModelAdvance", "ph":"E", "ts":"2948624804", "pid":"1", "tid":"wave"},
{"name":"ModelSetRunClock", "ph":"B", "ts":"2951281444", "pid":"1", "tid":"wave"},
{"name":"ModelSetRunClock", "ph":"E", "ts":"2951281485", "pid":"1", "tid":"wave"},
{"name":"ModelAdvance", "ph":"B", "ts":"2951281641", "pid":"1", "tid":"wave"},
{"name":"ModelAdvance", "ph":"E", "ts":"2956538183", "pid":"1", "tid":"wave"},
{"name":"ModelSetRunClock", "ph":"B", "ts":"2958358529", "pid":"1", "tid":"wave"},
{"name":"ModelSetRunClock", "ph":"E", "ts":"2958358571", "pid":"1", "tid":"wave"},
{"name":"ModelAdvance", "ph":"B", "ts":"2958358658", "pid":"1", "tid":"wave"},
{"name":"ModelAdvance", "ph":"E", "ts":"2963864238", "pid":"1", "tid":"wave"},
{"name":"ModelSetRunClock", "ph":"B", "ts":"2966074894", "pid":"1", "tid":"wave"},
{"name":"ModelSetRunClock", "ph":"E", "ts":"2966074932", "pid":"1", "tid":"wave"},
{"name":"ModelAdvance", "ph":"B", "ts":"2966075029", "pid":"1", "tid":"wave"},
{"name":"ModelAdvance", "ph":"E", "ts":"2971796694", "pid":"1", "tid":"wave"},
{"name":"ModelSetRunClock", "ph":"B", "ts":"2973287028", "pid":"1", "tid":"wave"},
{"name":"ModelSetRunClock", "ph":"E", "ts":"2973287072", "pid":"1", "tid":"wave"},
{"name":"ModelAdvance", "ph":"B", "ts":"2973287157", "pid":"1", "tid":"wave"},
{"name":"ModelAdvance", "ph":"E", "ts":"2978906865", "pid":"1", "tid":"wave"},
{"name":"ModelSetRunClock", "ph":"B", "ts":"2981210881", "pid":"1", "tid":"wave"},
{"name":"ModelSetRunClock", "ph":"E", "ts":"2981210917", "pid":"1", "tid":"wave"},
{"name":"ModelAdvance", "ph":"B", "ts":"2981210996", "pid":"1", "tid":"wave"},
{"name":"ModelAdvance", "ph":"E", "ts":"2986938047", "pid":"1", "tid":"wave"},
{"name":"ModelSetRunClock", "ph":"B", "ts":"2988480975", "pid":"1", "tid":"wave"},
{"name":"ModelSetRunClock", "ph":"E", "ts":"2988481024", "pid":"1", "tid":"wave"},
{"name":"ModelAdvance", "ph":"B", "ts":"2988481161", "pid":"1", "tid":"wave"},
{"name":"ModelAdvance", "ph":"E", "ts":"2994215473", "pid":"1", "tid":"wave"},
{"name":"ModelSetRunClock", "ph":"B", "ts":"2996310499", "pid":"1", "tid":"wave"},
{"name":"ModelSetRunClock", "ph":"E", "ts":"2996310558", "pid":"1", "tid":"wave"},
{"name":"ModelAdvance", "ph":"B", "ts":"2996310652", "pid":"1", "tid":"wave"},
{"name":"ModelAdvance", "ph":"E", "ts":"3002034839", "pid":"1", "tid":"wave"},
{"name":"ModelFinalize", "ph":"B", "ts":"3002040761", "pid":"1", "tid":"wave"},
{"name":"ModelFinalize", "ph":"E", "ts":"3002040781", "pid":"1", "tid":"wave"},
