********
IMPORTANT: Large deviations between Connector times on different PETs
are typically indicators of load imbalance in the system. The following
Connectors in this profile may indicate a load imbalance:
	 - [MED-TO-WAV] RunPhase1
	 - [MED-TO-ATM] RunPhase1
	 - [MED-TO-OCN] RunPhase1
	 - [MED-TO-ICE] RunPhase1
********

Region                                                                  PETs   PEs    Count    Mean (s)    Min (s)     Min PET Max (s)     Max PET
  [ESMF]                                                                53760  53760  1        1093.2575   352.4299    53714   1095.1384   7753   
    [UFS Driver Grid Comp] RunPhase1                                    53760  53760  1        740.0247    0.4664      53714   741.9590    4375   
      [ATM] RunPhase1                                                   49152  49152  1080     715.4213    674.6696    1104    740.8380    13177  
        [ufsatm_fcst] RunPhase1                                         12288  49152  1080     446.7399    403.0046    14960   525.3652    38992  
        [ufsatm_fcst] phase1                                            12288  49152  1080     227.9178    149.1766    38992   271.6026    14960  
      [WAV] RunPhase1                                                   4000   4000   90       453.7327    417.8741    50487   524.9258    53301  
      [MED-TO-WAV] RunPhase1                                            13600  13600  90       84.1050     0.0083      2306    321.3766    50487  
      [MED-TO-ATM] RunPhase1                                            49152  49152  1080     13.4055     0.1620      32673   66.0860     34236  
      [ICE] RunPhase1                                                   240    240    1080     555.7901    502.2766    49512   612.5170    49599  
      [OCN] RunPhase1                                                   240    240    90       471.5624    471.3488    49270   471.8459    49258  
      [MED-TO-OCN] RunPhase1                                            9840   9840   90       6.5475      0.0105      5633    268.1903    49270  
      [MED-TO-ICE] RunPhase1                                            9840   9840   1080     4.6575      0.1452      7297    237.7394    49512  
      [MED] med_phases_post_ice                                         2400   9600   1080     18.3874     5.3697      3516    27.5473     440    
        MED:(med_phases_post_ice)                                       2400   9600   1080     18.2764     5.2578      3516    27.4368     440    
          MED: (med_fraction_set)                                       2400   9600   1080     17.4495     4.5420      2264    26.7005     440    
            MED: (med_fraction_set) fbfrac(compocn)                     2400   9600   1080     14.0870     2.2954      8312    24.7493     488    
            MED: (med_fraction_set) fbfrac(compatm)                     2400   9600   1080     3.3496      0.2842      2320    7.3903      3844   
          MED:(med_phases_post_ice) map_ice2ocn                         2400   9600   1080     0.4956      0.1905      0       2.4157      2316   
            MED: (med_map_mod:med_map_field_packed)                     2400   9600   1080     0.4945      0.1896      0       2.4147      2316   
              MED: (med_map_mod:med_map_field_packed) map               2400   9600   1080     0.3927      0.0822      0       2.3162      2316   
              MED: (med_map_mod:med_map_field_packed) copy from src     2400   9600   1080     0.0198      0.0178      8752    0.0285      6784   
              MED: (med_map_mod:med_map_field_packed) copy to dest      2400   9600   1080     0.0176      0.0159      920     0.0316      8448   
          MED:(med_phases_post_ice) map_ice2wav                         2400   9600   1080     0.3217      0.1439      5368    0.6330      0      
            MED: (med_map_mod:med_map_field_packed)                     2400   9600   1080     0.3208      0.1431      5368    0.6320      0      
              MED: (med_map_mod:med_map_field_packed) map               2400   9600   1080     0.2661      0.0880      5368    0.5753      0      
              MED: (med_map_mod:med_map_field_packed) copy from src     2400   9600   1080     0.0025      0.0021      8012    0.0035      1040   
              MED: (med_map_mod:med_map_field_packed) copy to dest      2400   9600   1080     0.0022      0.0020      6292    0.0033      6076   
          MED:(med_phases_history_write_comp_aux)                       2400   9600   1080     0.0006      0.0005      6992    0.0016      6392   
          MED:(med_phases_history_write_inst_comp)                      2400   9600   1080     0.0005      0.0004      6124    0.0014      6076   
          MED:(med_phases_history_write_comp_avg)                       2400   9600   1080     0.0005      0.0004      6800    0.0014      6280   
      [MED] med_phases_post_atm                                         2400   9600   1080     18.2811     11.2659     1080    20.2076     4800   
        MED:(med_phases_post_atm)                                       2400   9600   1080     18.1302     7.1488      0       20.0538     4800   
          MED:(med_phases_post_atm) map_atm2ocn                         2400   9600   1080     12.7210     1.4106      4256    17.4680     6844   
            MED: (med_map_mod:med_map_field_packed)                     2400   9600   1080     12.7184     1.4079      4256    17.4655     6844   
              MED: (med_map_mod:med_map_field_packed) map               2400   9600   3240     10.3185     0.3978      4256    16.3500     6844   
              MED: (med_map_mod:med_map_field_packed) copy from src     2400   9600   3240     0.1334      0.0934      7932    0.1673      5264   
              MED: (med_map_mod:med_map_field_packed) copy to dest      2400   9600   3240     0.0404      0.0337      5640    0.0585      8320   
          MED:(med_phases_post_atm) map_atm2ice                         2400   9600   1080     3.8669      0.7159      1244    17.3745     4260   
            MED: (med_map_mod:med_map_field_packed)                     2400   9600   1080     3.8656      0.7148      1244    17.3733     4260   
              MED: (med_map_mod:med_map_field_packed) map               2400   9600   2160     2.8862      0.0905      1244    16.4610     4260   
              MED: (med_map_mod:med_map_field_packed) copy from src     2400   9600   2160     0.0565      0.0371      7904    0.0793      9088   
              MED: (med_map_mod:med_map_field_packed) copy to dest      2400   9600   2160     0.0200      0.0174      7312    0.0287      9216   
          MED:(med_phases_post_atm) map_atm2wav                         2400   9600   1080     1.5265      0.3713      8000    16.9634     4272   
            MED: (med_map_mod:med_map_field_packed)                     2400   9600   1080     1.5254      0.3700      8000    16.9624     4272   
              MED: (med_map_mod:med_map_field_packed) map               2400   9600   1080     1.4555      0.2985      8000    16.8942     4272   
              MED: (med_map_mod:med_map_field_packed) copy from src     2400   9600   1080     0.0120      0.0080      7820    0.0176      2496   
              MED: (med_map_mod:med_map_field_packed) copy to dest      2400   9600   1080     0.0058      0.0051      4472    0.0092      128    
          MED:(med_phases_history_write_comp_aux)                       2400   9600   1080     0.0012      0.0009      3348    0.0023      9408   
          MED:(med_phases_history_write_inst_comp)                      2400   9600   1080     0.0008      0.0005      3012    0.0016      6152   
          MED:(med_phases_history_write_comp_avg)                       2400   9600   1080     0.0006      0.0005      964     0.0015      2428   
      [ATM-TO-MED] RunPhase1                                            49152  49152  1080     0.6631      0.2419      34238   13.4624     1104   
      [ICE-TO-MED] RunPhase1                                            9840   9840   1080     2.5356      0.1827      9474    22.6314     3516   
      [MED] med_phases_prep_atm                                         2400   9600   1080     2.7744      2.3910      2360    3.1517      8188   
        MED:(med_phases_prep_atm)                                       2400   9600   1080     2.6757      2.2926      2360    3.0540      8188   
          MED: (med_map_mod:med_map_field_packed)                       2400   9600   2160     2.4583      2.0699      2360    2.8309      8188   
            MED: (med_map_mod:med_map_field_packed) map                 2400   9600   2160     2.1972      1.7953      2360    2.5735      9416   
            MED: (med_map_mod:med_map_field_packed) copy to dest        2400   9600   2160     0.0877      0.0537      3044    0.1355      6784   
            MED: (med_map_mod:med_map_field_packed) copy from src       2400   9600   2160     0.0292      0.0272      5716    0.0367      3840   
          MED: (module_med_merge_mod: med_merge_auto)                   2400   9600   1080     0.2020      0.1676      3012    0.2557      3328   
      [WAV-TO-MED] RunPhase1                                            13600  13600  90       0.2793      0.0069      7577    2.6259      3884   
      [MED] med_phases_prep_ocn_accum                                   2400   9600   1080     0.8797      0.8601      7896    0.9365      0      
        MED:(med_phases_prep_ocn_accum)                                 2400   9600   1080     0.7914      0.7739      7896    0.8400      4992   
          MED:(med_phases_prep_ocn_custom)                              2400   9600   1080     0.2590      0.2529      7928    0.2774      1792   
          MED: (module_med_merge_mod: med_merge_auto)                   2400   9600   1080     0.1177      0.1111      1680    0.1403      3456   
      [MED] med_phases_post_ocn                                         2400   9600   90       0.8764      0.1367      2048    1.6938      8672   
        MED:(med_phases_post_ocn)                                       2400   9600   90       0.8682      0.1284      2048    1.6856      8672   
          MED:(med_phases_post_ocn) map_ocn2ice                         2400   9600   90       0.5019      0.0546      4820    1.5146      5572   
            MED: (med_map_mod:med_map_field_packed)                     2400   9600   90       0.5018      0.0545      4820    1.5145      5572   
              MED: (med_map_mod:med_map_field_packed) map               2400   9600   90       0.4954      0.0480      4820    1.5080      5572   
              MED: (med_map_mod:med_map_field_packed) copy from src     2400   9600   90       0.0012      0.0011      4548    0.0023      1792   
              MED: (med_map_mod:med_map_field_packed) copy to dest      2400   9600   90       0.0010      0.0010      3672    0.0019      5820   
          MED:(med_phases_post_ocn) map_ocn2wav                         2400   9600   90       0.3655      0.0125      2028    1.2904      9540   
            MED: (med_map_mod:med_map_field_packed)                     2400   9600   90       0.3654      0.0124      2028    1.2903      9540   
              MED: (med_map_mod:med_map_field_packed) map               2400   9600   90       0.3613      0.0084      2028    1.2863      9540   
              MED: (med_map_mod:med_map_field_packed) copy from src     2400   9600   90       0.0003      0.0003      7920    0.0013      7000   
              MED: (med_map_mod:med_map_field_packed) copy to dest      2400   9600   90       0.0003      0.0002      7128    0.0012      6912   
          MED:(med_phases_history_write_comp_aux)                       2400   9600   90       0.0001      0.0001      7640    0.0010      2580   
          MED:(med_phases_history_write_inst_comp)                      2400   9600   90       0.0001      0.0001      964     0.0001      5404   
          MED:(med_phases_history_write_comp_avg)                       2400   9600   90       0.0000      0.0000      9156    0.0001      3792   
      [MED] med_phases_post_wav                                         2400   9600   90       0.5248      0.0517      1248    0.9373      1572   
        MED:(med_phases_post_wav)                                       2400   9600   90       0.5166      0.0437      1248    0.9290      1572   
          MED: (med_map_mod:med_map_field_packed)                       2400   9600   270      0.5159      0.0430      1248    0.9282      1572   
            MED: (med_map_mod:med_map_field_packed) map                 2400   9600   180      0.5057      0.0332      1248    0.9185      1572   
            MED: (med_map_mod:med_map_field_packed) copy from src       2400   9600   180      0.0012      0.0011      4140    0.0020      6396   
            MED: (med_map_mod:med_map_field_packed) copy to dest        2400   9600   180      0.0008      0.0007      1504    0.0017      9128   
          MED:(med_phases_history_write_comp_aux)                       2400   9600   90       0.0001      0.0001      8676    0.0001      8212   
          MED:(med_phases_history_write_inst_comp)                      2400   9600   90       0.0001      0.0000      7036    0.0002      6676   
          MED:(med_phases_history_write_comp_avg)                       2400   9600   90       0.0000      0.0000      5468    0.0001      2796   
      [MED] med_phases_prep_wav_accum                                   2400   9600   1080     0.3046      0.2963      7652    0.3346      0      
        MED:(med_phases_prep_wav_accum)                                 2400   9600   1080     0.2143      0.2086      7652    0.2326      1920   
          MED: (module_med_merge_mod: med_merge_auto)                   2400   9600   1080     0.0442      0.0421      7748    0.0546      1920   
      [OCN-TO-MED] RunPhase1                                            9840   9840   90       0.0594      0.0093      770     0.3654      0      
      [MED] med_phases_prep_ice                                         2400   9600   1080     0.2223      0.2109      1520    0.2605      2304   
        MED:(med_phases_prep_ice)                                       2400   9600   1080     0.1256      0.1149      3120    0.1617      2304   
          MED: (module_med_merge_mod: med_merge_auto)                   2400   9600   1080     0.1237      0.1131      3120    0.1600      2304   
      [MED] med_phases_ocnalb_run                                       2400   9600   1080     0.1836      0.1642      7904    0.2251      0      
        MED:(med_phases_ocnalb_run)                                     2400   9600   1080     0.0842      0.0658      8596    0.1094      0      
      [MED] med_phases_prep_ocn_avg                                     2400   9600   90       0.0733      0.0717      7652    0.0778      5948   
        MED:(med_phases_prep_ocn_avg)                                   2400   9600   90       0.0654      0.0640      7652    0.0691      7072   
      [MED] med_phases_prep_wav_avg                                     2400   9600   90       0.0352      0.0345      7016    0.0386      5632   
        MED:(med_phases_prep_wav_avg)                                   2400   9600   90       0.0275      0.0269      7016    0.0308      5632   
      [MED] med_phases_restart_write                                    2400   9600   90       0.0187      0.0171      6992    0.0208      5312   
        MED:(med_phases_restart_write)                                  2400   9600   90       0.0112      0.0097      9312    0.0130      2680   
    [UFS Driver Grid Comp] Init 1                                       53760  53760  1        338.2632    338.2472    25091   338.2794    48     
      [ATM] IPDvXp01                                                    49152  49152  1        203.5338    203.4846    1099    203.5466    41874  
        [ufsatm_fcst] Init 1                                            12288  49152  1        199.8847    199.8782    31648   199.8913    39212  
        [ufsatm_fcst] Init 2                                            12288  49152  1        0.0420      0.0406      7032    0.0445      41872  
          [global] Init 3                                               12288  49152  1        0.0420      0.0406      7032    0.0445      41872  
      [WAV] IPDv01p1                                                    4000   4000   1        98.9023     98.5413     49639   99.4908     52281  
      [ATM-TO-MED] IPDv05p5                                             49152  49152  1        5.4826      2.8135      8990    6.1317      48443  
      [ATM-TO-MED] IPDv05p6b                                            49152  49152  1        3.8848      1.4706      6334    4.4715      40861  
      [MED-TO-ATM] IPDv05p5                                             49152  49152  1        2.9345      2.9325      49014   2.9458      34883  
      [MED] IPDv03p7                                                    2400   9600   2        46.5478     46.4570     280     46.6293     4804   
        MED:(med_phases_restart_read)                                   2400   9600   1        21.3612     21.3604     5752    21.3619     1420   
        MED: (med_map_mod: RouteHandles_init)                           2400   9600   1        21.1144     21.1119     6144    21.1165     1436   
        MED: (med_fraction_init)                                        2400   9600   1        3.4510      3.3705      120     3.5274      7600   
          MED: (med_map_mod:med_map_routehandles_initfrom_fieldbundle)  2400   9600   2        3.4493      3.3684      120     3.5260      7600   
        MED:(med_phases_post_atm)                                       2400   9600   1        0.4850      0.4200      5236    0.5023      9312   
          MED:(med_phases_post_atm) map_atm2ocn                         2400   9600   1        0.2334      0.0202      4248    0.3278      3020   
            MED: (med_map_mod:med_map_field_packed)                     2400   9600   1        0.2334      0.0201      4248    0.3278      3020   
              MED: (med_map_mod:med_map_field_packed) map               2400   9600   3        0.2044      0.0189      4248    0.2705      6208   
              MED: (med_map_mod:med_map_field_packed) copy from src     2400   9600   3        0.0001      0.0001      9568    0.0002      7552   
              MED: (med_map_mod:med_map_field_packed) copy to dest      2400   9600   3        0.0000      0.0000      8992    0.0004      6780   
          MED:(med_phases_post_atm) map_atm2ice                         2400   9600   1        0.1513      0.0010      1280    0.4690      4260   
            MED: (med_map_mod:med_map_field_packed)                     2400   9600   1        0.1513      0.0010      1280    0.4690      4260   
              MED: (med_map_mod:med_map_field_packed) map               2400   9600   2        0.1005      0.0002      3000    0.4342      4260   
              MED: (med_map_mod:med_map_field_packed) copy from src     2400   9600   2        0.0001      0.0000      9576    0.0008      5284   
              MED: (med_map_mod:med_map_field_packed) copy to dest      2400   9600   2        0.0000      0.0000      964     0.0000      6208   
          MED:(med_phases_post_atm) map_atm2wav                         2400   9600   1        0.1003      0.0002      4264    0.4664      4272   
            MED: (med_map_mod:med_map_field_packed)                     2400   9600   1        0.1003      0.0002      4264    0.4664      4272   
              MED: (med_map_mod:med_map_field_packed) map               2400   9600   1        0.1002      0.0001      4264    0.4663      4272   
              MED: (med_map_mod:med_map_field_packed) copy from src     2400   9600   1        0.0000      0.0000      1452    0.0000      4992   
              MED: (med_map_mod:med_map_field_packed) copy to dest      2400   9600   1        0.0000      0.0000      6340    0.0000      1256   
        MED:(med_phases_post_ice)                                       2400   9600   1        0.0396      0.0183      3872    0.1043      5668   
          MED: (med_fraction_set)                                       2400   9600   1        0.0174      0.0002      9312    0.0825      5236   
            MED: (med_fraction_set) fbfrac(compocn)                     2400   9600   1        0.0165      0.0000      7092    0.0819      5236   
            MED: (med_fraction_set) fbfrac(compatm)                     2400   9600   1        0.0009      0.0001      7248    0.0023      5084   
          MED:(med_phases_post_ice) map_ice2ocn                         2400   9600   1        0.0172      0.0024      1492    0.0265      6852   
            MED: (med_map_mod:med_map_field_packed)                     2400   9600   1        0.0172      0.0024      1492    0.0265      6852   
              MED: (med_map_mod:med_map_field_packed) map               2400   9600   1        0.0171      0.0023      1492    0.0264      6852   
              MED: (med_map_mod:med_map_field_packed) copy from src     2400   9600   1        0.0000      0.0000      1472    0.0000      2176   
              MED: (med_map_mod:med_map_field_packed) copy to dest      2400   9600   1        0.0000      0.0000      8468    0.0000      8448   
          MED:(med_phases_post_ice) map_ice2wav                         2400   9600   1        0.0050      0.0001      4472    0.0219      7380   
            MED: (med_map_mod:med_map_field_packed)                     2400   9600   1        0.0050      0.0001      4472    0.0219      7380   
              MED: (med_map_mod:med_map_field_packed) map               2400   9600   1        0.0050      0.0000      4472    0.0219      7380   
              MED: (med_map_mod:med_map_field_packed) copy from src     2400   9600   1        0.0000      0.0000      5188    0.0000      792    
              MED: (med_map_mod:med_map_field_packed) copy to dest      2400   9600   1        0.0000      0.0000      5164    0.0000      4096   
        MED:(med_phases_post_ocn)                                       2400   9600   1        0.0166      0.0053      1032    0.0278      4976   
          MED:(med_phases_post_ocn) map_ocn2ice                         2400   9600   1        0.0099      0.0001      4432    0.0212      5632   
            MED: (med_map_mod:med_map_field_packed)                     2400   9600   1        0.0099      0.0001      4432    0.0212      5632   
              MED: (med_map_mod:med_map_field_packed) map               2400   9600   1        0.0098      0.0001      4432    0.0212      5632   
              MED: (med_map_mod:med_map_field_packed) copy from src     2400   9600   1        0.0000      0.0000      1468    0.0000      2376   
              MED: (med_map_mod:med_map_field_packed) copy to dest      2400   9600   1        0.0000      0.0000      5112    0.0000      8552   
          MED:(med_phases_post_ocn) map_ocn2wav                         2400   9600   1        0.0067      0.0001      6100    0.0216      5764   
            MED: (med_map_mod:med_map_field_packed)                     2400   9600   1        0.0067      0.0001      6100    0.0216      5764   
              MED: (med_map_mod:med_map_field_packed) map               2400   9600   1        0.0066      0.0000      6108    0.0215      5764   
              MED: (med_map_mod:med_map_field_packed) copy to dest      2400   9600   1        0.0000      0.0000      7932    0.0000      5104   
              MED: (med_map_mod:med_map_field_packed) copy from src     2400   9600   1        0.0000      0.0000      3496    0.0000      3008   
        MED:(med_phases_post_wav)                                       2400   9600   1        0.0151      0.0006      4248    0.0261      5508   
          MED: (med_map_mod:med_map_field_packed)                       2400   9600   3        0.0151      0.0006      4248    0.0261      5508   
            MED: (med_map_mod:med_map_field_packed) map                 2400   9600   2        0.0150      0.0005      4248    0.0260      5508   
            MED: (med_map_mod:med_map_field_packed) copy from src       2400   9600   2        0.0000      0.0000      2400    0.0000      5592   
            MED: (med_map_mod:med_map_field_packed) copy to dest        2400   9600   2        0.0000      0.0000      1504    0.0000      6000   
        MED: (med_fraction_set)                                         2400   9600   1        0.0011      0.0001      184     0.0021      6064   
          MED: (med_fraction_set) fbfrac(compocn)                       2400   9600   1        0.0007      0.0000      8744    0.0016      7916   
          MED: (med_fraction_set) fbfrac(compatm)                       2400   9600   1        0.0004      0.0000      1840    0.0013      1948   
        MED:(med_phases_ocnalb_run)                                     2400   9600   1        0.0006      0.0004      8600    0.0009      2816   
          MED:(med_phases_ocnalb_init)                                  2400   9600   1        0.0004      0.0003      8600    0.0006      2836   
        MED:(med_phases_profile)                                        2400   9600   1        0.0001      0.0001      7932    0.0002      4476   
      [MED-TO-ATM] IPDv05p6b                                            49152  49152  1        1.3714      0.9735      4043    1.4991      37640  
      [WAV] IPDv01p3                                                    4000   4000   1        14.2839     14.2825     50230   14.2853     53155  
      [ATM-TO-MED] IPDv05p6a                                            49152  49152  1        0.8702      0.3952      5512    1.0169      38324  
      [ATM-TO-MED] IPDv05p4                                             49152  49152  1        0.8480      0.3855      2644    0.9635      17154  
      [MED-TO-WAV] IPDv05p5                                             13600  13600  1        2.5364      0.9795      30      6.2518      49906  
      [WAV-TO-MED] IPDv05p6b                                            13600  13600  1        2.3155      0.8742      8874    5.7735      52269  
      [WAV-TO-MED] IPDv05p5                                             13600  13600  1        2.2815      0.8423      3875    5.7286      52142  
      [OCN-TO-MED] IPDv05p6b                                            9840   9840   1        2.4832      2.4107      7238    5.3501      49365  
      [ATM-TO-MED] IPDv05p3                                             49152  49152  1        0.4942      0.2380      1740    0.5583      42384  
      [MED-TO-ATM] IPDv05p3                                             49152  49152  1        0.4389      0.2641      4005    0.4828      16392  
      [MED-TO-WAV] IPDv05p6b                                            13600  13600  1        1.5786      0.5826      1401    3.9920      49637  
      [OCN] IPDv03p1                                                    240    240    1        81.9089     81.9081     49386   81.9100     49263  
      [MED-TO-ATM] IPDv05p6a                                            49152  49152  1        0.3836      0.3261      33800   0.4105      49005  
      [ATM-TO-MED] IPDv05p2a                                            49152  49152  1        0.3227      0.1443      1416    0.3696      47892  
      [MED-TO-ATM] IPDv05p2b                                            49152  49152  1        0.3208      0.1494      8268    0.3645      21650  
      [MED-TO-ATM] IPDv05p2a                                            49152  49152  1        0.3193      0.1441      8232    0.3643      49074  
      [MED-TO-ATM] IPDv05p4                                             49152  49152  1        0.3163      0.3143      39674   0.3310      7424   
      [ATM-TO-MED] IPDv05p1                                             49152  49152  1        0.3153      0.1422      8968    0.3614      36062  
      [MED-TO-OCN] IPDv05p6b                                            9840   9840   1        1.5644      1.5310      1543    2.8688      49282  
      [ATM-TO-MED] IPDv05p2b                                            49152  49152  1        0.3124      0.1490      6924    0.3564      33224  
      [MED-TO-OCN] IPDv05p5                                             9840   9840   1        1.2724      1.1989      2960    4.1367      49372  
      [MED-TO-ICE] IPDv05p5                                             9840   9840   1        1.2266      1.1176      4198    5.2637      49457  
      [ICE-TO-MED] IPDv05p5                                             9840   9840   1        1.1802      1.0614      3393    5.8716      49544  
      [OCN-TO-MED] IPDv05p5                                             9840   9840   1        1.1247      1.0027      9362    5.9350      49384  
      [ICE-TO-MED] IPDv05p6b                                            9840   9840   1        1.1233      1.0135      8814    5.4814      49402  
      [MED-TO-ICE] IPDv05p6b                                            9840   9840   1        0.9484      0.8821      2578    3.5838      49393  
      [MED-TO-ATM] IPDv05p1                                             49152  49152  1        0.1596      0.1486      35336   0.1646      28610  
      [MED-TO-WAV] IPDv05p4                                             13600  13600  1        0.4262      0.2268      500     0.8899      49715  
      [WAV-TO-MED] IPDv05p4                                             13600  13600  1        0.4207      0.2136      3958    0.9125      50946  
      [MED-TO-WAV] IPDv05p6a                                            13600  13600  1        0.3941      0.1705      9224    0.9246      53596  
      [WAV-TO-MED] IPDv05p6a                                            13600  13600  1        0.3940      0.1579      1180    0.9542      50639  
      [MED] IPDv03p4                                                    2400   9600   1        1.5795      1.5720      8448    1.5812      6608   
      [ICE] IPDv01p3                                                    240    240    1        13.7243     13.7214     49395   13.7256     49459  
      [MED-TO-WAV] IPDv05p3                                             13600  13600  1        0.2331      0.0839      2302    0.5896      49634  
      [WAV-TO-MED] IPDv05p3                                             13600  13600  1        0.2103      0.0752      6897    0.5321      50230  
      [WAV-TO-MED] IPDv05p2b                                            13600  13600  1        0.1640      0.0780      183     0.3678      52117  
      [WAV-TO-MED] IPDv05p1                                             13600  13600  1        0.1608      0.0745      6811    0.3642      51197  
      [WAV-TO-MED] IPDv05p2a                                            13600  13600  1        0.1606      0.0756      6115    0.3635      52128  
      [MED-TO-WAV] IPDv05p1                                             13600  13600  1        0.1601      0.0701      9468    0.3741      51048  
      [MED-TO-WAV] IPDv05p2a                                            13600  13600  1        0.1560      0.0691      2645    0.3609      51336  
      [MED-TO-WAV] IPDv05p2b                                            13600  13600  1        0.1516      0.0683      5634    0.3491      53512  
      [MED-TO-OCN] IPDv05p6a                                            9840   9840   1        0.2042      0.1708      8179    0.5738      49248  
      [ICE] IPDv01p1                                                    240    240    1        8.1821      8.1771      49393   8.1870      49624  
      [ICE-TO-MED] IPDv05p6a                                            9840   9840   1        0.1904      0.1618      4144    0.9407      49431  
      [MED-TO-ICE] IPDv05p6a                                            9840   9840   1        0.1878      0.1696      3747    0.7473      49481  
      [ICE-TO-MED] IPDv05p4                                             9840   9840   1        0.1854      0.1656      1519    0.9272      49505  
      [OCN-TO-MED] IPDv05p6a                                            9840   9840   1        0.1726      0.1453      9124    0.9416      49268  
      [MED-TO-ICE] IPDv05p4                                             9840   9840   1        0.1692      0.1456      452     0.6431      49534  
      [MED-TO-OCN] IPDv05p4                                             9840   9840   1        0.1623      0.1402      7424    0.4851      49275  
      [ICE-TO-MED] IPDv05p3                                             9840   9840   1        0.1521      0.1415      3236    0.5409      49570  
      [OCN-TO-MED] IPDv05p4                                             9840   9840   1        0.1338      0.1068      7788    0.9177      49241  
      [MED-TO-ICE] IPDv05p3                                             9840   9840   1        0.1318      0.1193      6347    0.5830      49395  
      [OCN] IPDv03p3                                                    240    240    1        5.3778      5.3771      49272   5.3790      49262  
      [MED-TO-OCN] IPDv05p3                                             9840   9840   1        0.1215      0.1103      4729    0.5340      49289  
      [OCN-TO-MED] IPDv05p3                                             9840   9840   1        0.0837      0.0718      697     0.5179      49278  
      [MED-TO-OCN] IPDv05p2a                                            9840   9840   1        0.0808      0.0693      1698    0.3674      49365  
      [ICE-TO-MED] IPDv05p2a                                            9840   9840   1        0.0794      0.0710      1869    0.3580      49493  
      [ICE-TO-MED] IPDv05p2b                                            9840   9840   1        0.0782      0.0698      9550    0.3588      49444  
      [MED-TO-ICE] IPDv05p2a                                            9840   9840   1        0.0775      0.0681      3785    0.3708      49572  
      [MED-TO-ICE] IPDv05p1                                             9840   9840   1        0.0754      0.0680      1346    0.3007      49631  
      [ICE-TO-MED] IPDv05p1                                             9840   9840   1        0.0739      0.0656      5178    0.3529      49398  
      [MED] IPDv03p5                                                    2400   9600   1        0.3022      0.3014      5152    0.3035      3596   
      [OCN-TO-MED] IPDv05p1                                             9840   9840   1        0.0729      0.0642      3962    0.3560      49251  
      [MED-TO-OCN] IPDv05p1                                             9840   9840   1        0.0727      0.0661      4063    0.2271      49344  
      [MED-TO-OCN] IPDv05p2b                                            9840   9840   1        0.0721      0.0605      8031    0.3647      49345  
      [OCN-TO-MED] IPDv05p2a                                            9840   9840   1        0.0694      0.0603      9183    0.3549      49227  
      [MED-TO-ICE] IPDv05p2b                                            9840   9840   1        0.0694      0.0599      7819    0.3542      49610  
      [OCN-TO-MED] IPDv05p2b                                            9840   9840   1        0.0683      0.0584      1665    0.3495      49157  
      [ATM] IPDvXp04                                                    49152  49152  1        0.0074      0.0066      6969    0.0107      42387  
        [ufsatm_fcst] Init 3                                            12288  49152  1        0.0069      0.0063      816     0.0087      10652  
          [global] Init 4                                               12288  49152  1        0.0069      0.0063      816     0.0087      10652  
      [OCN-TO-MED] RunPhase1                                            9840   9840   1        0.0190      0.0001      9190    0.1577      9452   
      [UFS Driver Grid Comp] IPDv04p2                                   53760  53760  1        0.0023      0.0001      53650   0.0059      4270   
      [MED] IPDv03p1                                                    2400   9600   1        0.0393      0.0347      2068    0.0443      4544   
      [WAV-TO-MED] RunPhase1                                            13600  13600  1        0.0042      0.0001      8546    0.0266      52843  
      [UFS Driver Grid Comp] IPDv05p3                                   53760  53760  1        0.0004      0.0002      53691   0.0017      5930   
      [ATM-TO-MED] RunPhase1                                            49152  49152  1        0.0004      0.0001      11883   0.0052      1484   
      [ATM] IPDvXp07                                                    49152  49152  1        0.0004      0.0002      9048    0.0016      1135   
      [ATM] Init 0                                                      49152  49152  1        0.0004      0.0003      7916    0.0015      5578   
      [WAV] IPDv01p5                                                    4000   4000   1        0.0042      0.0037      49660   0.0064      50266  
      [MED] IPDv03p3                                                    2400   9600   1        0.0042      0.0039      3756    0.0052      6200   
      [MED-TO-ATM] Init 0                                               49152  49152  1        0.0002      0.0001      4965    0.0011      3886   
      [ATM-TO-MED] Init 0                                               49152  49152  1        0.0002      0.0001      34087   0.0011      13221  
      [ATM] IPDvXp08                                                    49152  49152  1        0.0002      0.0001      1556    0.0011      48252  
      [ICE-TO-MED] RunPhase1                                            9840   9840   1        0.0007      0.0001      2581    0.1095      16     
      [UFS Driver Grid Comp] IPDv05p1                                   53760  53760  1        0.0001      0.0000      52106   0.0011      11403  
      [UFS Driver Grid Comp] IPDv05p6                                   53760  53760  1        0.0001      0.0000      2728    0.0010      20643  
      [UFS Driver Grid Comp] IPDv05p2                                   53760  53760  1        0.0001      0.0000      41035   0.0011      43995  
      [UFS Driver Grid Comp] IPDv05p4                                   53760  53760  1        0.0001      0.0000      53656   0.0010      42048  
      [UFS Driver Grid Comp] IPDv05p8                                   53760  53760  1        0.0001      0.0000      49393   0.0010      16753  
      [MED-TO-WAV] Init 0                                               13600  13600  1        0.0002      0.0002      49657   0.0011      3725   
      [WAV-TO-MED] Init 0                                               13600  13600  1        0.0002      0.0002      7936    0.0011      6280   
      [MED-TO-OCN] Init 0                                               9840   9840   1        0.0002      0.0002      49354   0.0010      7089   
      [ICE-TO-MED] Init 0                                               9840   9840   1        0.0002      0.0001      49398   0.0012      2589   
      [MED-TO-ICE] Init 0                                               9840   9840   1        0.0002      0.0001      49398   0.0011      9394   
      [OCN-TO-MED] Init 0                                               9840   9840   1        0.0002      0.0002      49361   0.0011      6132   
      [MED] IPDv03p6                                                    2400   9600   1        0.0006      0.0006      2484    0.0016      7000   
      [WAV] IPDv01p4                                                    4000   4000   1        0.0003      0.0001      50629   0.0012      50948  
      [MED] Init 0                                                      2400   9600   1        0.0003      0.0002      2468    0.0467      0      
      [WAV] Init 0                                                      4000   4000   1        0.0001      0.0001      49658   0.0011      52737  
      [OCN] IPDv03p7                                                    240    240    1        0.0014      0.0012      49343   0.0021      49360  
      [OCN] Init 0                                                      240    240    1        0.0005      0.0004      49185   0.0011      49153  
      [ICE] IPDv01p4                                                    240    240    1        0.0005      0.0002      49514   0.0009      49429  
      [OCN] IPDv03p6                                                    240    240    1        0.0004      0.0003      49279   0.0005      49210  
      [ICE] Init 0                                                      240    240    1        0.0001      0.0001      49457   0.0002      49392  
      [ICE] IPDv01p5                                                    240    240    1        0.0001      0.0001      49393   0.0002      49506  
    [UFS Driver Grid Comp] FinalizePhase1                               53760  53760  1        1.2683      0.0002      53717   2.1843      51639  
      [ATM] FinalizePhase1                                              49152  49152  1        1.2162      1.1843      3279    1.2273      20890  
        [ufsatm_fcst] FinalizePhase1                                    12288  49152  1        1.2146      1.1834      2728    1.2229      36888  
      [OCN] FinalizePhase1                                              240    240    1        0.0998      0.0991      49203   0.1004      49164  
      [MED-TO-ATM] FinalizePhase1                                       49152  49152  1        0.0002      0.0001      38540   0.0013      43884  
      [ATM-TO-MED] FinalizePhase1                                       49152  49152  1        0.0002      0.0001      21936   0.0012      22656  
      [MED-TO-WAV] FinalizePhase1                                       13600  13600  1        0.0002      0.0001      4076    0.0010      51043  
      [WAV-TO-MED] FinalizePhase1                                       13600  13600  1        0.0001      0.0001      776     0.0003      6142   
      [MED-TO-OCN] FinalizePhase1                                       9840   9840   1        0.0002      0.0001      5700    0.0003      3277   
      [MED-TO-ICE] FinalizePhase1                                       9840   9840   1        0.0002      0.0001      7756    0.0010      49436  
      [ICE-TO-MED] FinalizePhase1                                       9840   9840   1        0.0002      0.0001      840     0.0010      8488   
      [OCN-TO-MED] FinalizePhase1                                       9840   9840   1        0.0002      0.0001      1496    0.0010      5152   
      [WAV] FinalizePhase1                                              4000   4000   1        0.0001      0.0001      51184   0.0003      53044  
      [MED] FinalizePhase1                                              2400   9600   1        0.0001      0.0000      780     0.0002      0      
      [ICE] FinalizePhase1                                              240    240    1        0.0001      0.0001      49573   0.0002      49392  
