{"name":"SetServices", "ph":"B", "ts":"1920851824", "pid":"1", "tid":"mom"},
{"name":"SetServices", "ph":"E", "ts":"1920853921", "pid":"1", "tid":"mom"},
{"name":"InitializeP0", "ph":"B", "ts":"1922248154", "pid":"1", "tid":"mom"},
{"name":"InitializeP0", "ph":"E", "ts":"1922248571", "pid":"1", "tid":"mom"},
{"name":"InitializeAdvertise", "ph":"B", "ts":"1952809593", "pid":"1", "tid":"mom"},
{"name":"InitializeAdvertise", "ph":"E", "ts":"2034718111", "pid":"1", "tid":"mom"},
{"name":"InitializeRealize", "ph":"B", "ts":"2159433827", "pid":"1", "tid":"mom"},
{"name":"InitializeRealize", "ph":"E", "ts":"2164811540", "pid":"1", "tid":"mom"},
{"name":"DataInitialize", "ph":"B", "ts":"2199291371", "pid":"1", "tid":"mom"},
{"name":"DataInitialize", "ph":"E", "ts":"2199292642", "pid":"1", "tid":"mom"},
{"name":"ModelSetRunClock", "ph":"B", "ts":"2247885154", "pid":"1", "tid":"mom"},
{"name":"ModelSetRunClock", "ph":"E", "ts":"2247894413", "pid":"1", "tid":"mom"},
{"name":"ModelAdvance", "ph":"B", "ts":"2247894621", "pid":"1", "tid":"mom"},
{"name":"ModelAdvance", "ph":"E", "ts":"2254632280", "pid":"1", "tid":"mom"},
{"name":"ModelSetRunClock", "ph":"B", "ts":"2261208299", "pid":"1", "tid":"mom"},
{"name":"ModelSetRunClock", "ph":"E", "ts":"2261208368", "pid":"1", "tid":"mom"},
{"name":"ModelAdvance", "ph":"B", "ts":"2261208548", "pid":"1", "tid":"mom"},
{"name":"ModelAdvance", "ph":"E", "ts":"2266578008", "pid":"1", "tid":"mom"},
{"name":"ModelSetRunClock", "ph":"B", "ts":"2268390482", "pid":"1", "tid":"mom"},
{"name":"ModelSetRunClock", "ph":"E", "ts":"2268390542", "pid":"1", "tid":"mom"},
{"name":"ModelAdvance", "ph":"B", "ts":"2268390709", "pid":"1", "tid":"mom"},
{"name":"ModelAdvance", "ph":"E", "ts":"2273769335", "pid":"1", "tid":"mom"},
{"name":"ModelSetRunClock", "ph":"B", "ts":"2276195650", "pid":"1", "tid":"mom"},
{"name":"ModelSetRunClock", "ph":"E", "ts":"2276195717", "pid":"1", "tid":"mom"},
{"name":"ModelAdvance", "ph":"B", "ts":"2276195876", "pid":"1", "tid":"mom"},
{"name":"ModelAdvance", "ph":"E", "ts":"2281562687", "pid":"1", "tid":"mom"},
{"name":"ModelSetRunClock", "ph":"B", "ts":"2283382025", "pid":"1", "tid":"mom"},
{"name":"ModelSetRunClock", "ph":"E", "ts":"2283382195", "pid":"1", "tid":"mom"},
{"name":"ModelAdvance", "ph":"B", "ts":"2283382355", "pid":"1", "tid":"mom"},
{"name":"ModelAdvance", "ph":"E", "ts":"2288733330", "pid":"1", "tid":"mom"},
{"name":"ModelSetRunClock", "ph":"B", "ts":"2291248195", "pid":"1", "tid":"mom"},
{"name":"ModelSetRunClock", "ph":"E", "ts":"2291248266", "pid":"1", "tid":"mom"},
{"name":"ModelAdvance", "ph":"B", "ts":"2291248440", "pid":"1", "tid":"mom"},
{"name":"ModelAdvance", "ph":"E", "ts":"2296670175", "pid":"1", "tid":"mom"},
{"name":"ModelSetRunClock", "ph":"B", "ts":"2322041407", "pid":"1", "tid":"mom"},
{"name":"ModelSetRunClock", "ph":"E", "ts":"2322041599", "pid":"1", "tid":"mom"},
{"name":"ModelAdvance", "ph":"B", "ts":"2322041776", "pid":"1", "tid":"mom"},
{"name":"ModelAdvance", "ph":"E", "ts":"2327429364", "pid":"1", "tid":"mom"},
{"name":"ModelSetRunClock", "ph":"B", "ts":"2329895553", "pid":"1", "tid":"mom"},
{"name":"ModelSetRunClock", "ph":"E", "ts":"2329895623", "pid":"1", "tid":"mom"},
{"name":"ModelAdvance", "ph":"B", "ts":"2329895784", "pid":"1", "tid":"mom"},
{"name":"ModelAdvance", "ph":"E", "ts":"2335278773", "pid":"1", "tid":"mom"},
{"name":"ModelSetRunClock", "ph":"B", "ts":"2337105948", "pid":"1", "tid":"mom"},
{"name":"ModelSetRunClock", "ph":"E", "ts":"2337106043", "pid":"1", "tid":"mom"},
{"name":"ModelAdvance", "ph":"B", "ts":"2337106222", "pid":"1", "tid":"mom"},
{"name":"ModelAdvance", "ph":"E", "ts":"2342493439", "pid":"1", "tid":"mom"},
{"name":"ModelSetRunClock", "ph":"B", "ts":"2345000160", "pid":"1", "tid":"mom"},
{"name":"ModelSetRunClock", "ph":"E", "ts":"2345000237", "pid":"1", "tid":"mom"},
{"name":"ModelAdvance", "ph":"B", "ts":"2345000417", "pid":"1", "tid":"mom"},
{"name":"ModelAdvance", "ph":"E", "ts":"2350393816", "pid":"1", "tid":"mom"},
{"name":"ModelSetRunClock", "ph":"B", "ts":"2352217649", "pid":"1", "tid":"mom"},
{"name":"ModelSetRunClock", "ph":"E", "ts":"2352217706", "pid":"1", "tid":"mom"},
{"name":"ModelAdvance", "ph":"B", "ts":"2352217997", "pid":"1", "tid":"mom"},
{"name":"ModelAdvance", "ph":"E", "ts":"2357611510", "pid":"1", "tid":"mom"},
{"name":"ModelSetRunClock", "ph":"B", "ts":"2360113477", "pid":"1", "tid":"mom"},
{"name":"ModelSetRunClock", "ph":"E", "ts":"2360113546", "pid":"1", "tid":"mom"},
{"name":"ModelAdvance", "ph":"B", "ts":"2360113718", "pid":"1", "tid":"mom"},
{"name":"ModelAdvance", "ph":"E", "ts":"2365422663", "pid":"1", "tid":"mom"},
{"name":"ModelSetRunClock", "ph":"B", "ts":"2367380130", "pid":"1", "tid":"mom"},
{"name":"ModelSetRunClock", "ph":"E", "ts":"2367380205", "pid":"1", "tid":"mom"},
{"name":"ModelAdvance", "ph":"B", "ts":"2367380391", "pid":"1", "tid":"mom"},
{"name":"ModelAdvance", "ph":"E", "ts":"2372609641", "pid":"1", "tid":"mom"},
{"name":"ModelSetRunClock", "ph":"B", "ts":"2375662007", "pid":"1", "tid":"mom"},
{"name":"ModelSetRunClock", "ph":"E", "ts":"2375662080", "pid":"1", "tid":"mom"},
{"name":"ModelAdvance", "ph":"B", "ts":"2375662237", "pid":"1", "tid":"mom"},
{"name":"ModelAdvance", "ph":"E", "ts":"2380880481", "pid":"1", "tid":"mom"},
{"name":"ModelSetRunClock", "ph":"B", "ts":"2382872642", "pid":"1", "tid":"mom"},
{"name":"ModelSetRunClock", "ph":"E", "ts":"2382872717", "pid":"1", "tid":"mom"},
{"name":"ModelAdvance", "ph":"B", "ts":"2382872906", "pid":"1", "tid":"mom"},
{"name":"ModelAdvance", "ph":"E", "ts":"2388121916", "pid":"1", "tid":"mom"},
{"name":"ModelSetRunClock", "ph":"B", "ts":"2390856551", "pid":"1", "tid":"mom"},
{"name":"ModelSetRunClock", "ph":"E", "ts":"2390856673", "pid":"1", "tid":"mom"},
{"name":"ModelAdvance", "ph":"B", "ts":"2390856875", "pid":"1", "tid":"mom"},
{"name":"ModelAdvance", "ph":"E", "ts":"2396098162", "pid":"1", "tid":"mom"},
{"name":"ModelSetRunClock", "ph":"B", "ts":"2398452644", "pid":"1", "tid":"mom"},
{"name":"ModelSetRunClock", "ph":"E", "ts":"2398452715", "pid":"1", "tid":"mom"},
{"name":"ModelAdvance", "ph":"B", "ts":"2398452891", "pid":"1", "tid":"mom"},
{"name":"ModelAdvance", "ph":"E", "ts":"2403710023", "pid":"1", "tid":"mom"},
{"name":"ModelSetRunClock", "ph":"B", "ts":"2414146828", "pid":"1", "tid":"mom"},
{"name":"ModelSetRunClock", "ph":"E", "ts":"2414146896", "pid":"1", "tid":"mom"},
{"name":"ModelAdvance", "ph":"B", "ts":"2414147054", "pid":"1", "tid":"mom"},
{"name":"ModelAdvance", "ph":"E", "ts":"2419442546", "pid":"1", "tid":"mom"},
{"name":"ModelSetRunClock", "ph":"B", "ts":"2421670995", "pid":"1", "tid":"mom"},
{"name":"ModelSetRunClock", "ph":"E", "ts":"2421671055", "pid":"1", "tid":"mom"},
{"name":"ModelAdvance", "ph":"B", "ts":"2421671216", "pid":"1", "tid":"mom"},
{"name":"ModelAdvance", "ph":"E", "ts":"2426919637", "pid":"1", "tid":"mom"},
{"name":"ModelSetRunClock", "ph":"B", "ts":"2429642104", "pid":"1", "tid":"mom"},
{"name":"ModelSetRunClock", "ph":"E", "ts":"2429642174", "pid":"1", "tid":"mom"},
{"name":"ModelAdvance", "ph":"B", "ts":"2429642347", "pid":"1", "tid":"mom"},
{"name":"ModelAdvance", "ph":"E", "ts":"2434865313", "pid":"1", "tid":"mom"},
{"name":"ModelSetRunClock", "ph":"B", "ts":"2437129075", "pid":"1", "tid":"mom"},
{"name":"ModelSetRunClock", "ph":"E", "ts":"2437129140", "pid":"1", "tid":"mom"},
{"name":"ModelAdvance", "ph":"B", "ts":"2437129299", "pid":"1", "tid":"mom"},
{"name":"ModelAdvance", "ph":"E", "ts":"2442337247", "pid":"1", "tid":"mom"},
{"name":"ModelSetRunClock", "ph":"B", "ts":"2445330195", "pid":"1", "tid":"mom"},
{"name":"ModelSetRunClock", "ph":"E", "ts":"2445330282", "pid":"1", "tid":"mom"},
{"name":"ModelAdvance", "ph":"B", "ts":"2445330466", "pid":"1", "tid":"mom"},
{"name":"ModelAdvance", "ph":"E", "ts":"2450552419", "pid":"1", "tid":"mom"},
{"name":"ModelSetRunClock", "ph":"B", "ts":"2452952335", "pid":"1", "tid":"mom"},
{"name":"ModelSetRunClock", "ph":"E", "ts":"2452952391", "pid":"1", "tid":"mom"},
{"name":"ModelAdvance", "ph":"B", "ts":"2452952556", "pid":"1", "tid":"mom"},
{"name":"ModelAdvance", "ph":"E", "ts":"2458162738", "pid":"1", "tid":"mom"},
{"name":"ModelSetRunClock", "ph":"B", "ts":"2461161702", "pid":"1", "tid":"mom"},
{"name":"ModelSetRunClock", "ph":"E", "ts":"2461161870", "pid":"1", "tid":"mom"},
{"name":"ModelAdvance", "ph":"B", "ts":"2461162047", "pid":"1", "tid":"mom"},
{"name":"ModelAdvance", "ph":"E", "ts":"2466434846", "pid":"1", "tid":"mom"},
{"name":"ModelSetRunClock", "ph":"B", "ts":"2468597507", "pid":"1", "tid":"mom"},
{"name":"ModelSetRunClock", "ph":"E", "ts":"2468597593", "pid":"1", "tid":"mom"},
{"name":"ModelAdvance", "ph":"B", "ts":"2468597770", "pid":"1", "tid":"mom"},
{"name":"ModelAdvance", "ph":"E", "ts":"2473788369", "pid":"1", "tid":"mom"},
{"name":"ModelSetRunClock", "ph":"B", "ts":"2476455633", "pid":"1", "tid":"mom"},
{"name":"ModelSetRunClock", "ph":"E", "ts":"2476455714", "pid":"1", "tid":"mom"},
{"name":"ModelAdvance", "ph":"B", "ts":"2476455888", "pid":"1", "tid":"mom"},
{"name":"ModelAdvance", "ph":"E", "ts":"2481641815", "pid":"1", "tid":"mom"},
{"name":"ModelSetRunClock", "ph":"B", "ts":"2483584942", "pid":"1", "tid":"mom"},
{"name":"ModelSetRunClock", "ph":"E", "ts":"2483585029", "pid":"1", "tid":"mom"},
{"name":"ModelAdvance", "ph":"B", "ts":"2483585252", "pid":"1", "tid":"mom"},
{"name":"ModelAdvance", "ph":"E", "ts":"2488768575", "pid":"1", "tid":"mom"},
{"name":"ModelSetRunClock", "ph":"B", "ts":"2491333261", "pid":"1", "tid":"mom"},
{"name":"ModelSetRunClock", "ph":"E", "ts":"2491333332", "pid":"1", "tid":"mom"},
{"name":"ModelAdvance", "ph":"B", "ts":"2491333519", "pid":"1", "tid":"mom"},
{"name":"ModelAdvance", "ph":"E", "ts":"2496495251", "pid":"1", "tid":"mom"},
{"name":"ModelSetRunClock", "ph":"B", "ts":"2498463985", "pid":"1", "tid":"mom"},
{"name":"ModelSetRunClock", "ph":"E", "ts":"2498464069", "pid":"1", "tid":"mom"},
{"name":"ModelAdvance", "ph":"B", "ts":"2498464246", "pid":"1", "tid":"mom"},
{"name":"ModelAdvance", "ph":"E", "ts":"2503644715", "pid":"1", "tid":"mom"},
{"name":"ModelSetRunClock", "ph":"B", "ts":"2506614199", "pid":"1", "tid":"mom"},
{"name":"ModelSetRunClock", "ph":"E", "ts":"2506614288", "pid":"1", "tid":"mom"},
{"name":"ModelAdvance", "ph":"B", "ts":"2506614455", "pid":"1", "tid":"mom"},
{"name":"ModelAdvance", "ph":"E", "ts":"2511832706", "pid":"1", "tid":"mom"},
{"name":"ModelSetRunClock", "ph":"B", "ts":"2513760712", "pid":"1", "tid":"mom"},
{"name":"ModelSetRunClock", "ph":"E", "ts":"2513760779", "pid":"1", "tid":"mom"},
{"name":"ModelAdvance", "ph":"B", "ts":"2513760954", "pid":"1", "tid":"mom"},
{"name":"ModelAdvance", "ph":"E", "ts":"2518924044", "pid":"1", "tid":"mom"},
{"name":"ModelSetRunClock", "ph":"B", "ts":"2521577665", "pid":"1", "tid":"mom"},
{"name":"ModelSetRunClock", "ph":"E", "ts":"2521577762", "pid":"1", "tid":"mom"},
{"name":"ModelAdvance", "ph":"B", "ts":"2521577968", "pid":"1", "tid":"mom"},
{"name":"ModelAdvance", "ph":"E", "ts":"2526755075", "pid":"1", "tid":"mom"},
{"name":"ModelSetRunClock", "ph":"B", "ts":"2528648153", "pid":"1", "tid":"mom"},
{"name":"ModelSetRunClock", "ph":"E", "ts":"2528648223", "pid":"1", "tid":"mom"},
{"name":"ModelAdvance", "ph":"B", "ts":"2528648382", "pid":"1", "tid":"mom"},
{"name":"ModelAdvance", "ph":"E", "ts":"2533830314", "pid":"1", "tid":"mom"},
{"name":"ModelSetRunClock", "ph":"B", "ts":"2537219150", "pid":"1", "tid":"mom"},
{"name":"ModelSetRunClock", "ph":"E", "ts":"2537219218", "pid":"1", "tid":"mom"},
{"name":"ModelAdvance", "ph":"B", "ts":"2537219388", "pid":"1", "tid":"mom"},
{"name":"ModelAdvance", "ph":"E", "ts":"2542401826", "pid":"1", "tid":"mom"},
{"name":"ModelSetRunClock", "ph":"B", "ts":"2545648545", "pid":"1", "tid":"mom"},
{"name":"ModelSetRunClock", "ph":"E", "ts":"2545648609", "pid":"1", "tid":"mom"},
{"name":"ModelAdvance", "ph":"B", "ts":"2545648771", "pid":"1", "tid":"mom"},
{"name":"ModelAdvance", "ph":"E", "ts":"2550822919", "pid":"1", "tid":"mom"},
{"name":"ModelSetRunClock", "ph":"B", "ts":"2553311204", "pid":"1", "tid":"mom"},
{"name":"ModelSetRunClock", "ph":"E", "ts":"2553311282", "pid":"1", "tid":"mom"},
{"name":"ModelAdvance", "ph":"B", "ts":"2553311463", "pid":"1", "tid":"mom"},
{"name":"ModelAdvance", "ph":"E", "ts":"2558558065", "pid":"1", "tid":"mom"},
{"name":"ModelSetRunClock", "ph":"B", "ts":"2560361404", "pid":"1", "tid":"mom"},
{"name":"ModelSetRunClock", "ph":"E", "ts":"2560361469", "pid":"1", "tid":"mom"},
{"name":"ModelAdvance", "ph":"B", "ts":"2560361641", "pid":"1", "tid":"mom"},
{"name":"ModelAdvance", "ph":"E", "ts":"2565589833", "pid":"1", "tid":"mom"},
{"name":"ModelSetRunClock", "ph":"B", "ts":"2568077313", "pid":"1", "tid":"mom"},
{"name":"ModelSetRunClock", "ph":"E", "ts":"2568077388", "pid":"1", "tid":"mom"},
{"name":"ModelAdvance", "ph":"B", "ts":"2568077571", "pid":"1", "tid":"mom"},
{"name":"ModelAdvance", "ph":"E", "ts":"2573308764", "pid":"1", "tid":"mom"},
{"name":"ModelSetRunClock", "ph":"B", "ts":"2575112639", "pid":"1", "tid":"mom"},
{"name":"ModelSetRunClock", "ph":"E", "ts":"2575112702", "pid":"1", "tid":"mom"},
{"name":"ModelAdvance", "ph":"B", "ts":"2575112871", "pid":"1", "tid":"mom"},
{"name":"ModelAdvance", "ph":"E", "ts":"2580325053", "pid":"1", "tid":"mom"},
{"name":"ModelSetRunClock", "ph":"B", "ts":"2583039371", "pid":"1", "tid":"mom"},
{"name":"ModelSetRunClock", "ph":"E", "ts":"2583039437", "pid":"1", "tid":"mom"},
{"name":"ModelAdvance", "ph":"B", "ts":"2583039601", "pid":"1", "tid":"mom"},
{"name":"ModelAdvance", "ph":"E", "ts":"2588253948", "pid":"1", "tid":"mom"},
{"name":"ModelSetRunClock", "ph":"B", "ts":"2590497334", "pid":"1", "tid":"mom"},
{"name":"ModelSetRunClock", "ph":"E", "ts":"2590497421", "pid":"1", "tid":"mom"},
{"name":"ModelAdvance", "ph":"B", "ts":"2590497682", "pid":"1", "tid":"mom"},
{"name":"ModelAdvance", "ph":"E", "ts":"2595689448", "pid":"1", "tid":"mom"},
{"name":"ModelSetRunClock", "ph":"B", "ts":"2598447532", "pid":"1", "tid":"mom"},
{"name":"ModelSetRunClock", "ph":"E", "ts":"2598447607", "pid":"1", "tid":"mom"},
{"name":"ModelAdvance", "ph":"B", "ts":"2598447794", "pid":"1", "tid":"mom"},
{"name":"ModelAdvance", "ph":"E", "ts":"2603709869", "pid":"1", "tid":"mom"},
{"name":"ModelSetRunClock", "ph":"B", "ts":"2605825334", "pid":"1", "tid":"mom"},
{"name":"ModelSetRunClock", "ph":"E", "ts":"2605825391", "pid":"1", "tid":"mom"},
{"name":"ModelAdvance", "ph":"B", "ts":"2605825548", "pid":"1", "tid":"mom"},
{"name":"ModelAdvance", "ph":"E", "ts":"2610986185", "pid":"1", "tid":"mom"},
{"name":"ModelSetRunClock", "ph":"B", "ts":"2625233609", "pid":"1", "tid":"mom"},
{"name":"ModelSetRunClock", "ph":"E", "ts":"2625233692", "pid":"1", "tid":"mom"},
{"name":"ModelAdvance", "ph":"B", "ts":"2625233876", "pid":"1", "tid":"mom"},
{"name":"ModelAdvance", "ph":"E", "ts":"2630379190", "pid":"1", "tid":"mom"},
{"name":"ModelSetRunClock", "ph":"B", "ts":"2632635330", "pid":"1", "tid":"mom"},
{"name":"ModelSetRunClock", "ph":"E", "ts":"2632635473", "pid":"1", "tid":"mom"},
{"name":"ModelAdvance", "ph":"B", "ts":"2632635640", "pid":"1", "tid":"mom"},
{"name":"ModelAdvance", "ph":"E", "ts":"2637789353", "pid":"1", "tid":"mom"},
{"name":"ModelSetRunClock", "ph":"B", "ts":"2640575527", "pid":"1", "tid":"mom"},
{"name":"ModelSetRunClock", "ph":"E", "ts":"2640575594", "pid":"1", "tid":"mom"},
{"name":"ModelAdvance", "ph":"B", "ts":"2640575758", "pid":"1", "tid":"mom"},
{"name":"ModelAdvance", "ph":"E", "ts":"2645779370", "pid":"1", "tid":"mom"},
{"name":"ModelSetRunClock", "ph":"B", "ts":"2648091072", "pid":"1", "tid":"mom"},
{"name":"ModelSetRunClock", "ph":"E", "ts":"2648091144", "pid":"1", "tid":"mom"},
{"name":"ModelAdvance", "ph":"B", "ts":"2648091314", "pid":"1", "tid":"mom"},
{"name":"ModelAdvance", "ph":"E", "ts":"2653261561", "pid":"1", "tid":"mom"},
{"name":"ModelSetRunClock", "ph":"B", "ts":"2657235494", "pid":"1", "tid":"mom"},
{"name":"ModelSetRunClock", "ph":"E", "ts":"2657235559", "pid":"1", "tid":"mom"},
{"name":"ModelAdvance", "ph":"B", "ts":"2657235723", "pid":"1", "tid":"mom"},
{"name":"ModelAdvance", "ph":"E", "ts":"2662503929", "pid":"1", "tid":"mom"},
{"name":"ModelSetRunClock", "ph":"B", "ts":"2666289100", "pid":"1", "tid":"mom"},
{"name":"ModelSetRunClock", "ph":"E", "ts":"2666289163", "pid":"1", "tid":"mom"},
{"name":"ModelAdvance", "ph":"B", "ts":"2666289321", "pid":"1", "tid":"mom"},
{"name":"ModelAdvance", "ph":"E", "ts":"2671519532", "pid":"1", "tid":"mom"},
{"name":"ModelSetRunClock", "ph":"B", "ts":"2674235587", "pid":"1", "tid":"mom"},
{"name":"ModelSetRunClock", "ph":"E", "ts":"2674235651", "pid":"1", "tid":"mom"},
{"name":"ModelAdvance", "ph":"B", "ts":"2674235800", "pid":"1", "tid":"mom"},
{"name":"ModelAdvance", "ph":"E", "ts":"2679436892", "pid":"1", "tid":"mom"},
{"name":"ModelSetRunClock", "ph":"B", "ts":"2681487397", "pid":"1", "tid":"mom"},
{"name":"ModelSetRunClock", "ph":"E", "ts":"2681487480", "pid":"1", "tid":"mom"},
{"name":"ModelAdvance", "ph":"B", "ts":"2681487666", "pid":"1", "tid":"mom"},
{"name":"ModelAdvance", "ph":"E", "ts":"2686702936", "pid":"1", "tid":"mom"},
{"name":"ModelSetRunClock", "ph":"B", "ts":"2689276364", "pid":"1", "tid":"mom"},
{"name":"ModelSetRunClock", "ph":"E", "ts":"2689276433", "pid":"1", "tid":"mom"},
{"name":"ModelAdvance", "ph":"B", "ts":"2689276601", "pid":"1", "tid":"mom"},
{"name":"ModelAdvance", "ph":"E", "ts":"2694488057", "pid":"1", "tid":"mom"},
{"name":"ModelSetRunClock", "ph":"B", "ts":"2696482443", "pid":"1", "tid":"mom"},
{"name":"ModelSetRunClock", "ph":"E", "ts":"2696482531", "pid":"1", "tid":"mom"},
{"name":"ModelAdvance", "ph":"B", "ts":"2696482735", "pid":"1", "tid":"mom"},
{"name":"ModelAdvance", "ph":"E", "ts":"2701698260", "pid":"1", "tid":"mom"},
{"name":"ModelSetRunClock", "ph":"B", "ts":"2704358593", "pid":"1", "tid":"mom"},
{"name":"ModelSetRunClock", "ph":"E", "ts":"2704358670", "pid":"1", "tid":"mom"},
{"name":"ModelAdvance", "ph":"B", "ts":"2704358891", "pid":"1", "tid":"mom"},
{"name":"ModelAdvance", "ph":"E", "ts":"2709626790", "pid":"1", "tid":"mom"},
{"name":"ModelSetRunClock", "ph":"B", "ts":"2711700318", "pid":"1", "tid":"mom"},
{"name":"ModelSetRunClock", "ph":"E", "ts":"2711700380", "pid":"1", "tid":"mom"},
{"name":"ModelAdvance", "ph":"B", "ts":"2711700542", "pid":"1", "tid":"mom"},
{"name":"ModelAdvance", "ph":"E", "ts":"2716910127", "pid":"1", "tid":"mom"},
{"name":"ModelSetRunClock", "ph":"B", "ts":"2719655820", "pid":"1", "tid":"mom"},
{"name":"ModelSetRunClock", "ph":"E", "ts":"2719655903", "pid":"1", "tid":"mom"},
{"name":"ModelAdvance", "ph":"B", "ts":"2719656161", "pid":"1", "tid":"mom"},
{"name":"ModelAdvance", "ph":"E", "ts":"2724853301", "pid":"1", "tid":"mom"},
{"name":"ModelSetRunClock", "ph":"B", "ts":"2726992812", "pid":"1", "tid":"mom"},
{"name":"ModelSetRunClock", "ph":"E", "ts":"2726992886", "pid":"1", "tid":"mom"},
{"name":"ModelAdvance", "ph":"B", "ts":"2726993057", "pid":"1", "tid":"mom"},
{"name":"ModelAdvance", "ph":"E", "ts":"2732181599", "pid":"1", "tid":"mom"},
{"name":"ModelSetRunClock", "ph":"B", "ts":"2734805770", "pid":"1", "tid":"mom"},
{"name":"ModelSetRunClock", "ph":"E", "ts":"2734805838", "pid":"1", "tid":"mom"},
{"name":"ModelAdvance", "ph":"B", "ts":"2734806006", "pid":"1", "tid":"mom"},
{"name":"ModelAdvance", "ph":"E", "ts":"2739975823", "pid":"1", "tid":"mom"},
{"name":"ModelSetRunClock", "ph":"B", "ts":"2742005680", "pid":"1", "tid":"mom"},
{"name":"ModelSetRunClock", "ph":"E", "ts":"2742005747", "pid":"1", "tid":"mom"},
{"name":"ModelAdvance", "ph":"B", "ts":"2742005915", "pid":"1", "tid":"mom"},
{"name":"ModelAdvance", "ph":"E", "ts":"2747192227", "pid":"1", "tid":"mom"},
{"name":"ModelSetRunClock", "ph":"B", "ts":"2749856570", "pid":"1", "tid":"mom"},
{"name":"ModelSetRunClock", "ph":"E", "ts":"2749856666", "pid":"1", "tid":"mom"},
{"name":"ModelAdvance", "ph":"B", "ts":"2749856862", "pid":"1", "tid":"mom"},
{"name":"ModelAdvance", "ph":"E", "ts":"2755104650", "pid":"1", "tid":"mom"},
{"name":"ModelSetRunClock", "ph":"B", "ts":"2757054395", "pid":"1", "tid":"mom"},
{"name":"ModelSetRunClock", "ph":"E", "ts":"2757054461", "pid":"1", "tid":"mom"},
{"name":"ModelAdvance", "ph":"B", "ts":"2757054625", "pid":"1", "tid":"mom"},
{"name":"ModelAdvance", "ph":"E", "ts":"2762238583", "pid":"1", "tid":"mom"},
{"name":"ModelSetRunClock", "ph":"B", "ts":"2764884525", "pid":"1", "tid":"mom"},
{"name":"ModelSetRunClock", "ph":"E", "ts":"2764884595", "pid":"1", "tid":"mom"},
{"name":"ModelAdvance", "ph":"B", "ts":"2764884862", "pid":"1", "tid":"mom"},
{"name":"ModelAdvance", "ph":"E", "ts":"2770093658", "pid":"1", "tid":"mom"},
{"name":"ModelSetRunClock", "ph":"B", "ts":"2772101408", "pid":"1", "tid":"mom"},
{"name":"ModelSetRunClock", "ph":"E", "ts":"2772101489", "pid":"1", "tid":"mom"},
{"name":"ModelAdvance", "ph":"B", "ts":"2772101666", "pid":"1", "tid":"mom"},
{"name":"ModelAdvance", "ph":"E", "ts":"2777276581", "pid":"1", "tid":"mom"},
{"name":"ModelSetRunClock", "ph":"B", "ts":"2779969169", "pid":"1", "tid":"mom"},
{"name":"ModelSetRunClock", "ph":"E", "ts":"2779969236", "pid":"1", "tid":"mom"},
{"name":"ModelAdvance", "ph":"B", "ts":"2779969398", "pid":"1", "tid":"mom"},
{"name":"ModelAdvance", "ph":"E", "ts":"2785138318", "pid":"1", "tid":"mom"},
{"name":"ModelSetRunClock", "ph":"B", "ts":"2787183596", "pid":"1", "tid":"mom"},
{"name":"ModelSetRunClock", "ph":"E", "ts":"2787183657", "pid":"1", "tid":"mom"},
{"name":"ModelAdvance", "ph":"B", "ts":"2787183818", "pid":"1", "tid":"mom"},
{"name":"ModelAdvance", "ph":"E", "ts":"2792360468", "pid":"1", "tid":"mom"},
{"name":"ModelSetRunClock", "ph":"B", "ts":"2795017799", "pid":"1", "tid":"mom"},
{"name":"ModelSetRunClock", "ph":"E", "ts":"2795017865", "pid":"1", "tid":"mom"},
{"name":"ModelAdvance", "ph":"B", "ts":"2795018019", "pid":"1", "tid":"mom"},
{"name":"ModelAdvance", "ph":"E", "ts":"2800263544", "pid":"1", "tid":"mom"},
{"name":"ModelSetRunClock", "ph":"B", "ts":"2802249234", "pid":"1", "tid":"mom"},
{"name":"ModelSetRunClock", "ph":"E", "ts":"2802249301", "pid":"1", "tid":"mom"},
{"name":"ModelAdvance", "ph":"B", "ts":"2802249471", "pid":"1", "tid":"mom"},
{"name":"ModelAdvance", "ph":"E", "ts":"2807428233", "pid":"1", "tid":"mom"},
{"name":"ModelSetRunClock", "ph":"B", "ts":"2810085026", "pid":"1", "tid":"mom"},
{"name":"ModelSetRunClock", "ph":"E", "ts":"2810085078", "pid":"1", "tid":"mom"},
{"name":"ModelAdvance", "ph":"B", "ts":"2810085238", "pid":"1", "tid":"mom"},
{"name":"ModelAdvance", "ph":"E", "ts":"2815291152", "pid":"1", "tid":"mom"},
{"name":"ModelSetRunClock", "ph":"B", "ts":"2817295506", "pid":"1", "tid":"mom"},
{"name":"ModelSetRunClock", "ph":"E", "ts":"2817295591", "pid":"1", "tid":"mom"},
{"name":"ModelAdvance", "ph":"B", "ts":"2817295771", "pid":"1", "tid":"mom"},
{"name":"ModelAdvance", "ph":"E", "ts":"2822482176", "pid":"1", "tid":"mom"},
{"name":"ModelSetRunClock", "ph":"B", "ts":"2825211780", "pid":"1", "tid":"mom"},
{"name":"ModelSetRunClock", "ph":"E", "ts":"2825211853", "pid":"1", "tid":"mom"},
{"name":"ModelAdvance", "ph":"B", "ts":"2825212076", "pid":"1", "tid":"mom"},
{"name":"ModelAdvance", "ph":"E", "ts":"2830401950", "pid":"1", "tid":"mom"},
{"name":"ModelSetRunClock", "ph":"B", "ts":"2834968530", "pid":"1", "tid":"mom"},
{"name":"ModelSetRunClock", "ph":"E", "ts":"2834968596", "pid":"1", "tid":"mom"},
{"name":"ModelAdvance", "ph":"B", "ts":"2834968763", "pid":"1", "tid":"mom"},
{"name":"ModelAdvance", "ph":"E", "ts":"2840181632", "pid":"1", "tid":"mom"},
{"name":"ModelSetRunClock", "ph":"B", "ts":"2843104641", "pid":"1", "tid":"mom"},
{"name":"ModelSetRunClock", "ph":"E", "ts":"2843104711", "pid":"1", "tid":"mom"},
{"name":"ModelAdvance", "ph":"B", "ts":"2843104878", "pid":"1", "tid":"mom"},
{"name":"ModelAdvance", "ph":"E", "ts":"2848386004", "pid":"1", "tid":"mom"},
{"name":"ModelSetRunClock", "ph":"B", "ts":"2850277952", "pid":"1", "tid":"mom"},
{"name":"ModelSetRunClock", "ph":"E", "ts":"2850278005", "pid":"1", "tid":"mom"},
{"name":"ModelAdvance", "ph":"B", "ts":"2850278165", "pid":"1", "tid":"mom"},
{"name":"ModelAdvance", "ph":"E", "ts":"2855496418", "pid":"1", "tid":"mom"},
{"name":"ModelSetRunClock", "ph":"B", "ts":"2858078182", "pid":"1", "tid":"mom"},
{"name":"ModelSetRunClock", "ph":"E", "ts":"2858078287", "pid":"1", "tid":"mom"},
{"name":"ModelAdvance", "ph":"B", "ts":"2858078491", "pid":"1", "tid":"mom"},
{"name":"ModelAdvance", "ph":"E", "ts":"2863268602", "pid":"1", "tid":"mom"},
{"name":"ModelSetRunClock", "ph":"B", "ts":"2870707868", "pid":"1", "tid":"mom"},
{"name":"ModelSetRunClock", "ph":"E", "ts":"2870707945", "pid":"1", "tid":"mom"},
{"name":"ModelAdvance", "ph":"B", "ts":"2870708304", "pid":"1", "tid":"mom"},
{"name":"ModelAdvance", "ph":"E", "ts":"2875924358", "pid":"1", "tid":"mom"},
{"name":"ModelSetRunClock", "ph":"B", "ts":"2878557352", "pid":"1", "tid":"mom"},
{"name":"ModelSetRunClock", "ph":"E", "ts":"2878557575", "pid":"1", "tid":"mom"},
{"name":"ModelAdvance", "ph":"B", "ts":"2878557765", "pid":"1", "tid":"mom"},
{"name":"ModelAdvance", "ph":"E", "ts":"2883740917", "pid":"1", "tid":"mom"},
{"name":"ModelSetRunClock", "ph":"B", "ts":"2885716946", "pid":"1", "tid":"mom"},
{"name":"ModelSetRunClock", "ph":"E", "ts":"2885717012", "pid":"1", "tid":"mom"},
{"name":"ModelAdvance", "ph":"B", "ts":"2885717174", "pid":"1", "tid":"mom"},
{"name":"ModelAdvance", "ph":"E", "ts":"2890888920", "pid":"1", "tid":"mom"},
{"name":"ModelSetRunClock", "ph":"B", "ts":"2893511885", "pid":"1", "tid":"mom"},
{"name":"ModelSetRunClock", "ph":"E", "ts":"2893511959", "pid":"1", "tid":"mom"},
{"name":"ModelAdvance", "ph":"B", "ts":"2893512170", "pid":"1", "tid":"mom"},
{"name":"ModelAdvance", "ph":"E", "ts":"2898744413", "pid":"1", "tid":"mom"},
{"name":"ModelSetRunClock", "ph":"B", "ts":"2900665485", "pid":"1", "tid":"mom"},
{"name":"ModelSetRunClock", "ph":"E", "ts":"2900665539", "pid":"1", "tid":"mom"},
{"name":"ModelAdvance", "ph":"B", "ts":"2900665701", "pid":"1", "tid":"mom"},
{"name":"ModelAdvance", "ph":"E", "ts":"2905817882", "pid":"1", "tid":"mom"},
{"name":"ModelSetRunClock", "ph":"B", "ts":"2908447969", "pid":"1", "tid":"mom"},
{"name":"ModelSetRunClock", "ph":"E", "ts":"2908448211", "pid":"1", "tid":"mom"},
{"name":"ModelAdvance", "ph":"B", "ts":"2908448391", "pid":"1", "tid":"mom"},
{"name":"ModelAdvance", "ph":"E", "ts":"2913604388", "pid":"1", "tid":"mom"},
{"name":"ModelSetRunClock", "ph":"B", "ts":"2915483775", "pid":"1", "tid":"mom"},
{"name":"ModelSetRunClock", "ph":"E", "ts":"2915483837", "pid":"1", "tid":"mom"},
{"name":"ModelAdvance", "ph":"B", "ts":"2915483991", "pid":"1", "tid":"mom"},
{"name":"ModelAdvance", "ph":"E", "ts":"2920667258", "pid":"1", "tid":"mom"},
{"name":"ModelSetRunClock", "ph":"B", "ts":"2923154860", "pid":"1", "tid":"mom"},
{"name":"ModelSetRunClock", "ph":"E", "ts":"2923154949", "pid":"1", "tid":"mom"},
{"name":"ModelAdvance", "ph":"B", "ts":"2923155115", "pid":"1", "tid":"mom"},
{"name":"ModelAdvance", "ph":"E", "ts":"2928319891", "pid":"1", "tid":"mom"},
{"name":"ModelSetRunClock", "ph":"B", "ts":"2930686562", "pid":"1", "tid":"mom"},
{"name":"ModelSetRunClock", "ph":"E", "ts":"2930686621", "pid":"1", "tid":"mom"},
{"name":"ModelAdvance", "ph":"B", "ts":"2930686777", "pid":"1", "tid":"mom"},
{"name":"ModelAdvance", "ph":"E", "ts":"2935878703", "pid":"1", "tid":"mom"},
{"name":"ModelSetRunClock", "ph":"B", "ts":"2938419541", "pid":"1", "tid":"mom"},
{"name":"ModelSetRunClock", "ph":"E", "ts":"2938419729", "pid":"1", "tid":"mom"},
{"name":"ModelAdvance", "ph":"B", "ts":"2938419892", "pid":"1", "tid":"mom"},
{"name":"ModelAdvance", "ph":"E", "ts":"2943674690", "pid":"1", "tid":"mom"},
{"name":"ModelSetRunClock", "ph":"B", "ts":"2945462247", "pid":"1", "tid":"mom"},
{"name":"ModelSetRunClock", "ph":"E", "ts":"2945462306", "pid":"1", "tid":"mom"},
{"name":"ModelAdvance", "ph":"B", "ts":"2945462470", "pid":"1", "tid":"mom"},
{"name":"ModelAdvance", "ph":"E", "ts":"2950637508", "pid":"1", "tid":"mom"},
{"name":"ModelSetRunClock", "ph":"B", "ts":"2953231998", "pid":"1", "tid":"mom"},
{"name":"ModelSetRunClock", "ph":"E", "ts":"2953232091", "pid":"1", "tid":"mom"},
{"name":"ModelAdvance", "ph":"B", "ts":"2953232275", "pid":"1", "tid":"mom"},
{"name":"ModelAdvance", "ph":"E", "ts":"2958402184", "pid":"1", "tid":"mom"},
{"name":"ModelSetRunClock", "ph":"B", "ts":"2960282734", "pid":"1", "tid":"mom"},
{"name":"ModelSetRunClock", "ph":"E", "ts":"2960282842", "pid":"1", "tid":"mom"},
{"name":"ModelAdvance", "ph":"B", "ts":"2960283047", "pid":"1", "tid":"mom"},
{"name":"ModelAdvance", "ph":"E", "ts":"2965439343", "pid":"1", "tid":"mom"},
{"name":"ModelSetRunClock", "ph":"B", "ts":"2967948803", "pid":"1", "tid":"mom"},
{"name":"ModelSetRunClock", "ph":"E", "ts":"2967948965", "pid":"1", "tid":"mom"},
{"name":"ModelAdvance", "ph":"B", "ts":"2967949138", "pid":"1", "tid":"mom"},
{"name":"ModelAdvance", "ph":"E", "ts":"2973111988", "pid":"1", "tid":"mom"},
{"name":"ModelSetRunClock", "ph":"B", "ts":"2974959880", "pid":"1", "tid":"mom"},
{"name":"ModelSetRunClock", "ph":"E", "ts":"2974959938", "pid":"1", "tid":"mom"},
{"name":"ModelAdvance", "ph":"B", "ts":"2974960129", "pid":"1", "tid":"mom"},
{"name":"ModelAdvance", "ph":"E", "ts":"2980118434", "pid":"1", "tid":"mom"},
{"name":"ModelSetRunClock", "ph":"B", "ts":"2982699956", "pid":"1", "tid":"mom"},
{"name":"ModelSetRunClock", "ph":"E", "ts":"2982700045", "pid":"1", "tid":"mom"},
{"name":"ModelAdvance", "ph":"B", "ts":"2982700245", "pid":"1", "tid":"mom"},
{"name":"ModelAdvance", "ph":"E", "ts":"2987917657", "pid":"1", "tid":"mom"},
{"name":"ModelFinalize", "ph":"B", "ts":"2987923701", "pid":"1", "tid":"mom"},
{"name":"ModelFinalize", "ph":"E", "ts":"2988023622", "pid":"1", "tid":"mom"},
