{"name":"SetServices", "ph":"B", "ts":"1922338050", "pid":"1", "tid":"wave"},
{"name":"SetServices", "ph":"E", "ts":"1922339789", "pid":"1", "tid":"wave"},
{"name":"InitializeP0", "ph":"B", "ts":"1922343737", "pid":"1", "tid":"wave"},
{"name":"InitializeP0", "ph":"E", "ts":"1922343822", "pid":"1", "tid":"wave"},
{"name":"InitializeAdvertise", "ph":"B", "ts":"1952809346", "pid":"1", "tid":"wave"},
{"name":"InitializeAdvertise", "ph":"E", "ts":"2051397681", "pid":"1", "tid":"wave"},
{"name":"InitializeRealize", "ph":"B", "ts":"2159652777", "pid":"1", "tid":"wave"},
{"name":"InitializeRealize", "ph":"E", "ts":"2173936027", "pid":"1", "tid":"wave"},
{"name":"DataInitialize", "ph":"B", "ts":"2201180515", "pid":"1", "tid":"wave"},
{"name":"DataInitialize", "ph":"E", "ts":"2201184377", "pid":"1", "tid":"wave"},
{"name":"ModelSetRunClock", "ph":"B", "ts":"2247874523", "pid":"1", "tid":"wave"},
{"name":"ModelSetRunClock", "ph":"E", "ts":"2247883713", "pid":"1", "tid":"wave"},
{"name":"ModelAdvance", "ph":"B", "ts":"2247883807", "pid":"1", "tid":"wave"},
{"name":"ModelAdvance", "ph":"E", "ts":"2259760153", "pid":"1", "tid":"wave"},
{"name":"ModelSetRunClock", "ph":"B", "ts":"2261204732", "pid":"1", "tid":"wave"},
{"name":"ModelSetRunClock", "ph":"E", "ts":"2261204872", "pid":"1", "tid":"wave"},
{"name":"ModelAdvance", "ph":"B", "ts":"2261205007", "pid":"1", "tid":"wave"},
{"name":"ModelAdvance", "ph":"E", "ts":"2266703475", "pid":"1", "tid":"wave"},
{"name":"ModelSetRunClock", "ph":"B", "ts":"2268389082", "pid":"1", "tid":"wave"},
{"name":"ModelSetRunClock", "ph":"E", "ts":"2268389145", "pid":"1", "tid":"wave"},
{"name":"ModelAdvance", "ph":"B", "ts":"2268389229", "pid":"1", "tid":"wave"},
{"name":"ModelAdvance", "ph":"E", "ts":"2273983581", "pid":"1", "tid":"wave"},
{"name":"ModelSetRunClock", "ph":"B", "ts":"2276189238", "pid":"1", "tid":"wave"},
{"name":"ModelSetRunClock", "ph":"E", "ts":"2276189304", "pid":"1", "tid":"wave"},
{"name":"ModelAdvance", "ph":"B", "ts":"2276189457", "pid":"1", "tid":"wave"},
{"name":"ModelAdvance", "ph":"E", "ts":"2281638555", "pid":"1", "tid":"wave"},
{"name":"ModelSetRunClock", "ph":"B", "ts":"2283378598", "pid":"1", "tid":"wave"},
{"name":"ModelSetRunClock", "ph":"E", "ts":"2283378667", "pid":"1", "tid":"wave"},
{"name":"ModelAdvance", "ph":"B", "ts":"2283378769", "pid":"1", "tid":"wave"},
{"name":"ModelAdvance", "ph":"E", "ts":"2288788732", "pid":"1", "tid":"wave"},
{"name":"ModelSetRunClock", "ph":"B", "ts":"2291240111", "pid":"1", "tid":"wave"},
{"name":"ModelSetRunClock", "ph":"E", "ts":"2291240179", "pid":"1", "tid":"wave"},
{"name":"ModelAdvance", "ph":"B", "ts":"2291240314", "pid":"1", "tid":"wave"},
{"name":"ModelAdvance", "ph":"E", "ts":"2296664288", "pid":"1", "tid":"wave"},
{"name":"ModelSetRunClock", "ph":"B", "ts":"2322032305", "pid":"1", "tid":"wave"},
{"name":"ModelSetRunClock", "ph":"E", "ts":"2322032513", "pid":"1", "tid":"wave"},
{"name":"ModelAdvance", "ph":"B", "ts":"2322032635", "pid":"1", "tid":"wave"},
{"name":"ModelAdvance", "ph":"E", "ts":"2327422828", "pid":"1", "tid":"wave"},
{"name":"ModelSetRunClock", "ph":"B", "ts":"2329884669", "pid":"1", "tid":"wave"},
{"name":"ModelSetRunClock", "ph":"E", "ts":"2329884783", "pid":"1", "tid":"wave"},
{"name":"ModelAdvance", "ph":"B", "ts":"2329884920", "pid":"1", "tid":"wave"},
{"name":"ModelAdvance", "ph":"E", "ts":"2335300899", "pid":"1", "tid":"wave"},
{"name":"ModelSetRunClock", "ph":"B", "ts":"2337094110", "pid":"1", "tid":"wave"},
{"name":"ModelSetRunClock", "ph":"E", "ts":"2337094208", "pid":"1", "tid":"wave"},
{"name":"ModelAdvance", "ph":"B", "ts":"2337094369", "pid":"1", "tid":"wave"},
{"name":"ModelAdvance", "ph":"E", "ts":"2342475121", "pid":"1", "tid":"wave"},
{"name":"ModelSetRunClock", "ph":"B", "ts":"2344989712", "pid":"1", "tid":"wave"},
{"name":"ModelSetRunClock", "ph":"E", "ts":"2344989768", "pid":"1", "tid":"wave"},
{"name":"ModelAdvance", "ph":"B", "ts":"2344989851", "pid":"1", "tid":"wave"},
{"name":"ModelAdvance", "ph":"E", "ts":"2350365578", "pid":"1", "tid":"wave"},
{"name":"ModelSetRunClock", "ph":"B", "ts":"2352215434", "pid":"1", "tid":"wave"},
{"name":"ModelSetRunClock", "ph":"E", "ts":"2352215850", "pid":"1", "tid":"wave"},
{"name":"ModelAdvance", "ph":"B", "ts":"2352215985", "pid":"1", "tid":"wave"},
{"name":"ModelAdvance", "ph":"E", "ts":"2357572633", "pid":"1", "tid":"wave"},
{"name":"ModelSetRunClock", "ph":"B", "ts":"2360105961", "pid":"1", "tid":"wave"},
{"name":"ModelSetRunClock", "ph":"E", "ts":"2360106018", "pid":"1", "tid":"wave"},
{"name":"ModelAdvance", "ph":"B", "ts":"2360106104", "pid":"1", "tid":"wave"},
{"name":"ModelAdvance", "ph":"E", "ts":"2365441292", "pid":"1", "tid":"wave"},
{"name":"ModelSetRunClock", "ph":"B", "ts":"2367371514", "pid":"1", "tid":"wave"},
{"name":"ModelSetRunClock", "ph":"E", "ts":"2367371611", "pid":"1", "tid":"wave"},
{"name":"ModelAdvance", "ph":"B", "ts":"2367371726", "pid":"1", "tid":"wave"},
{"name":"ModelAdvance", "ph":"E", "ts":"2372737567", "pid":"1", "tid":"wave"},
{"name":"ModelSetRunClock", "ph":"B", "ts":"2375650088", "pid":"1", "tid":"wave"},
{"name":"ModelSetRunClock", "ph":"E", "ts":"2375650161", "pid":"1", "tid":"wave"},
{"name":"ModelAdvance", "ph":"B", "ts":"2375650280", "pid":"1", "tid":"wave"},
{"name":"ModelAdvance", "ph":"E", "ts":"2381076347", "pid":"1", "tid":"wave"},
{"name":"ModelSetRunClock", "ph":"B", "ts":"2382862689", "pid":"1", "tid":"wave"},
{"name":"ModelSetRunClock", "ph":"E", "ts":"2382862761", "pid":"1", "tid":"wave"},
{"name":"ModelAdvance", "ph":"B", "ts":"2382862853", "pid":"1", "tid":"wave"},
{"name":"ModelAdvance", "ph":"E", "ts":"2388244933", "pid":"1", "tid":"wave"},
{"name":"ModelSetRunClock", "ph":"B", "ts":"2390845292", "pid":"1", "tid":"wave"},
{"name":"ModelSetRunClock", "ph":"E", "ts":"2390845600", "pid":"1", "tid":"wave"},
{"name":"ModelAdvance", "ph":"B", "ts":"2390845877", "pid":"1", "tid":"wave"},
{"name":"ModelAdvance", "ph":"E", "ts":"2396062632", "pid":"1", "tid":"wave"},
{"name":"ModelSetRunClock", "ph":"B", "ts":"2398442720", "pid":"1", "tid":"wave"},
{"name":"ModelSetRunClock", "ph":"E", "ts":"2398442818", "pid":"1", "tid":"wave"},
{"name":"ModelAdvance", "ph":"B", "ts":"2398443024", "pid":"1", "tid":"wave"},
{"name":"ModelAdvance", "ph":"E", "ts":"2403549027", "pid":"1", "tid":"wave"},
{"name":"ModelSetRunClock", "ph":"B", "ts":"2414137651", "pid":"1", "tid":"wave"},
{"name":"ModelSetRunClock", "ph":"E", "ts":"2414137719", "pid":"1", "tid":"wave"},
{"name":"ModelAdvance", "ph":"B", "ts":"2414137861", "pid":"1", "tid":"wave"},
{"name":"ModelAdvance", "ph":"E", "ts":"2419085848", "pid":"1", "tid":"wave"},
{"name":"ModelSetRunClock", "ph":"B", "ts":"2421661320", "pid":"1", "tid":"wave"},
{"name":"ModelSetRunClock", "ph":"E", "ts":"2421661490", "pid":"1", "tid":"wave"},
{"name":"ModelAdvance", "ph":"B", "ts":"2421661575", "pid":"1", "tid":"wave"},
{"name":"ModelAdvance", "ph":"E", "ts":"2426501096", "pid":"1", "tid":"wave"},
{"name":"ModelSetRunClock", "ph":"B", "ts":"2429633198", "pid":"1", "tid":"wave"},
{"name":"ModelSetRunClock", "ph":"E", "ts":"2429633253", "pid":"1", "tid":"wave"},
{"name":"ModelAdvance", "ph":"B", "ts":"2429633331", "pid":"1", "tid":"wave"},
{"name":"ModelAdvance", "ph":"E", "ts":"2434416309", "pid":"1", "tid":"wave"},
{"name":"ModelSetRunClock", "ph":"B", "ts":"2437123006", "pid":"1", "tid":"wave"},
{"name":"ModelSetRunClock", "ph":"E", "ts":"2437123086", "pid":"1", "tid":"wave"},
{"name":"ModelAdvance", "ph":"B", "ts":"2437123191", "pid":"1", "tid":"wave"},
{"name":"ModelAdvance", "ph":"E", "ts":"2441870158", "pid":"1", "tid":"wave"},
{"name":"ModelSetRunClock", "ph":"B", "ts":"2445317996", "pid":"1", "tid":"wave"},
{"name":"ModelSetRunClock", "ph":"E", "ts":"2445318088", "pid":"1", "tid":"wave"},
{"name":"ModelAdvance", "ph":"B", "ts":"2445318228", "pid":"1", "tid":"wave"},
{"name":"ModelAdvance", "ph":"E", "ts":"2450019548", "pid":"1", "tid":"wave"},
{"name":"ModelSetRunClock", "ph":"B", "ts":"2452950923", "pid":"1", "tid":"wave"},
{"name":"ModelSetRunClock", "ph":"E", "ts":"2452951233", "pid":"1", "tid":"wave"},
{"name":"ModelAdvance", "ph":"B", "ts":"2452951346", "pid":"1", "tid":"wave"},
{"name":"ModelAdvance", "ph":"E", "ts":"2457609840", "pid":"1", "tid":"wave"},
{"name":"ModelSetRunClock", "ph":"B", "ts":"2461154248", "pid":"1", "tid":"wave"},
{"name":"ModelSetRunClock", "ph":"E", "ts":"2461154381", "pid":"1", "tid":"wave"},
{"name":"ModelAdvance", "ph":"B", "ts":"2461154503", "pid":"1", "tid":"wave"},
{"name":"ModelAdvance", "ph":"E", "ts":"2465793269", "pid":"1", "tid":"wave"},
{"name":"ModelSetRunClock", "ph":"B", "ts":"2468584674", "pid":"1", "tid":"wave"},
{"name":"ModelSetRunClock", "ph":"E", "ts":"2468584729", "pid":"1", "tid":"wave"},
{"name":"ModelAdvance", "ph":"B", "ts":"2468584801", "pid":"1", "tid":"wave"},
{"name":"ModelAdvance", "ph":"E", "ts":"2473196061", "pid":"1", "tid":"wave"},
{"name":"ModelSetRunClock", "ph":"B", "ts":"2476442405", "pid":"1", "tid":"wave"},
{"name":"ModelSetRunClock", "ph":"E", "ts":"2476442448", "pid":"1", "tid":"wave"},
{"name":"ModelAdvance", "ph":"B", "ts":"2476442524", "pid":"1", "tid":"wave"},
{"name":"ModelAdvance", "ph":"E", "ts":"2481052495", "pid":"1", "tid":"wave"},
{"name":"ModelSetRunClock", "ph":"B", "ts":"2483573777", "pid":"1", "tid":"wave"},
{"name":"ModelSetRunClock", "ph":"E", "ts":"2483573961", "pid":"1", "tid":"wave"},
{"name":"ModelAdvance", "ph":"B", "ts":"2483574055", "pid":"1", "tid":"wave"},
{"name":"ModelAdvance", "ph":"E", "ts":"2488167971", "pid":"1", "tid":"wave"},
{"name":"ModelSetRunClock", "ph":"B", "ts":"2491323857", "pid":"1", "tid":"wave"},
{"name":"ModelSetRunClock", "ph":"E", "ts":"2491323914", "pid":"1", "tid":"wave"},
{"name":"ModelAdvance", "ph":"B", "ts":"2491324059", "pid":"1", "tid":"wave"},
{"name":"ModelAdvance", "ph":"E", "ts":"2495856151", "pid":"1", "tid":"wave"},
{"name":"ModelSetRunClock", "ph":"B", "ts":"2498454511", "pid":"1", "tid":"wave"},
{"name":"ModelSetRunClock", "ph":"E", "ts":"2498454559", "pid":"1", "tid":"wave"},
{"name":"ModelAdvance", "ph":"B", "ts":"2498454652", "pid":"1", "tid":"wave"},
{"name":"ModelAdvance", "ph":"E", "ts":"2502922230", "pid":"1", "tid":"wave"},
{"name":"ModelSetRunClock", "ph":"B", "ts":"2506600583", "pid":"1", "tid":"wave"},
{"name":"ModelSetRunClock", "ph":"E", "ts":"2506600624", "pid":"1", "tid":"wave"},
{"name":"ModelAdvance", "ph":"B", "ts":"2506600697", "pid":"1", "tid":"wave"},
{"name":"ModelAdvance", "ph":"E", "ts":"2511136435", "pid":"1", "tid":"wave"},
{"name":"ModelSetRunClock", "ph":"B", "ts":"2513752319", "pid":"1", "tid":"wave"},
{"name":"ModelSetRunClock", "ph":"E", "ts":"2513752476", "pid":"1", "tid":"wave"},
{"name":"ModelAdvance", "ph":"B", "ts":"2513752614", "pid":"1", "tid":"wave"},
{"name":"ModelAdvance", "ph":"E", "ts":"2518333194", "pid":"1", "tid":"wave"},
{"name":"ModelSetRunClock", "ph":"B", "ts":"2521569154", "pid":"1", "tid":"wave"},
{"name":"ModelSetRunClock", "ph":"E", "ts":"2521569200", "pid":"1", "tid":"wave"},
{"name":"ModelAdvance", "ph":"B", "ts":"2521569303", "pid":"1", "tid":"wave"},
{"name":"ModelAdvance", "ph":"E", "ts":"2526215589", "pid":"1", "tid":"wave"},
{"name":"ModelSetRunClock", "ph":"B", "ts":"2528641425", "pid":"1", "tid":"wave"},
{"name":"ModelSetRunClock", "ph":"E", "ts":"2528641458", "pid":"1", "tid":"wave"},
{"name":"ModelAdvance", "ph":"B", "ts":"2528641530", "pid":"1", "tid":"wave"},
{"name":"ModelAdvance", "ph":"E", "ts":"2533273016", "pid":"1", "tid":"wave"},
{"name":"ModelSetRunClock", "ph":"B", "ts":"2537212547", "pid":"1", "tid":"wave"},
{"name":"ModelSetRunClock", "ph":"E", "ts":"2537212582", "pid":"1", "tid":"wave"},
{"name":"ModelAdvance", "ph":"B", "ts":"2537212666", "pid":"1", "tid":"wave"},
{"name":"ModelAdvance", "ph":"E", "ts":"2541861050", "pid":"1", "tid":"wave"},
{"name":"ModelSetRunClock", "ph":"B", "ts":"2545640467", "pid":"1", "tid":"wave"},
{"name":"ModelSetRunClock", "ph":"E", "ts":"2545640607", "pid":"1", "tid":"wave"},
{"name":"ModelAdvance", "ph":"B", "ts":"2545640688", "pid":"1", "tid":"wave"},
{"name":"ModelAdvance", "ph":"E", "ts":"2550349173", "pid":"1", "tid":"wave"},
{"name":"ModelSetRunClock", "ph":"B", "ts":"2553301023", "pid":"1", "tid":"wave"},
{"name":"ModelSetRunClock", "ph":"E", "ts":"2553301057", "pid":"1", "tid":"wave"},
{"name":"ModelAdvance", "ph":"B", "ts":"2553301212", "pid":"1", "tid":"wave"},
{"name":"ModelAdvance", "ph":"E", "ts":"2558040155", "pid":"1", "tid":"wave"},
{"name":"ModelSetRunClock", "ph":"B", "ts":"2560355456", "pid":"1", "tid":"wave"},
{"name":"ModelSetRunClock", "ph":"E", "ts":"2560355487", "pid":"1", "tid":"wave"},
{"name":"ModelAdvance", "ph":"B", "ts":"2560355563", "pid":"1", "tid":"wave"},
{"name":"ModelAdvance", "ph":"E", "ts":"2565099610", "pid":"1", "tid":"wave"},
{"name":"ModelSetRunClock", "ph":"B", "ts":"2568066420", "pid":"1", "tid":"wave"},
{"name":"ModelSetRunClock", "ph":"E", "ts":"2568066452", "pid":"1", "tid":"wave"},
{"name":"ModelAdvance", "ph":"B", "ts":"2568066535", "pid":"1", "tid":"wave"},
{"name":"ModelAdvance", "ph":"E", "ts":"2572901211", "pid":"1", "tid":"wave"},
{"name":"ModelSetRunClock", "ph":"B", "ts":"2575105556", "pid":"1", "tid":"wave"},
{"name":"ModelSetRunClock", "ph":"E", "ts":"2575105753", "pid":"1", "tid":"wave"},
{"name":"ModelAdvance", "ph":"B", "ts":"2575105852", "pid":"1", "tid":"wave"},
{"name":"ModelAdvance", "ph":"E", "ts":"2580009118", "pid":"1", "tid":"wave"},
{"name":"ModelSetRunClock", "ph":"B", "ts":"2583028955", "pid":"1", "tid":"wave"},
{"name":"ModelSetRunClock", "ph":"E", "ts":"2583028990", "pid":"1", "tid":"wave"},
{"name":"ModelAdvance", "ph":"B", "ts":"2583029061", "pid":"1", "tid":"wave"},
{"name":"ModelAdvance", "ph":"E", "ts":"2588058614", "pid":"1", "tid":"wave"},
{"name":"ModelSetRunClock", "ph":"B", "ts":"2590487116", "pid":"1", "tid":"wave"},
{"name":"ModelSetRunClock", "ph":"E", "ts":"2590487152", "pid":"1", "tid":"wave"},
{"name":"ModelAdvance", "ph":"B", "ts":"2590487270", "pid":"1", "tid":"wave"},
{"name":"ModelAdvance", "ph":"E", "ts":"2595648217", "pid":"1", "tid":"wave"},
{"name":"ModelSetRunClock", "ph":"B", "ts":"2598436541", "pid":"1", "tid":"wave"},
{"name":"ModelSetRunClock", "ph":"E", "ts":"2598436573", "pid":"1", "tid":"wave"},
{"name":"ModelAdvance", "ph":"B", "ts":"2598436651", "pid":"1", "tid":"wave"},
{"name":"ModelAdvance", "ph":"E", "ts":"2603611996", "pid":"1", "tid":"wave"},
{"name":"ModelSetRunClock", "ph":"B", "ts":"2605820793", "pid":"1", "tid":"wave"},
{"name":"ModelSetRunClock", "ph":"E", "ts":"2605820939", "pid":"1", "tid":"wave"},
{"name":"ModelAdvance", "ph":"B", "ts":"2605821037", "pid":"1", "tid":"wave"},
{"name":"ModelAdvance", "ph":"E", "ts":"2610934618", "pid":"1", "tid":"wave"},
{"name":"ModelSetRunClock", "ph":"B", "ts":"2625224427", "pid":"1", "tid":"wave"},
{"name":"ModelSetRunClock", "ph":"E", "ts":"2625224507", "pid":"1", "tid":"wave"},
{"name":"ModelAdvance", "ph":"B", "ts":"2625224615", "pid":"1", "tid":"wave"},
{"name":"ModelAdvance", "ph":"E", "ts":"2630319852", "pid":"1", "tid":"wave"},
{"name":"ModelSetRunClock", "ph":"B", "ts":"2632628166", "pid":"1", "tid":"wave"},
{"name":"ModelSetRunClock", "ph":"E", "ts":"2632628199", "pid":"1", "tid":"wave"},
{"name":"ModelAdvance", "ph":"B", "ts":"2632628281", "pid":"1", "tid":"wave"},
{"name":"ModelAdvance", "ph":"E", "ts":"2637688024", "pid":"1", "tid":"wave"},
{"name":"ModelSetRunClock", "ph":"B", "ts":"2640567640", "pid":"1", "tid":"wave"},
{"name":"ModelSetRunClock", "ph":"E", "ts":"2640567678", "pid":"1", "tid":"wave"},
{"name":"ModelAdvance", "ph":"B", "ts":"2640567776", "pid":"1", "tid":"wave"},
{"name":"ModelAdvance", "ph":"E", "ts":"2645533659", "pid":"1", "tid":"wave"},
{"name":"ModelSetRunClock", "ph":"B", "ts":"2648079207", "pid":"1", "tid":"wave"},
{"name":"ModelSetRunClock", "ph":"E", "ts":"2648079238", "pid":"1", "tid":"wave"},
{"name":"ModelAdvance", "ph":"B", "ts":"2648079324", "pid":"1", "tid":"wave"},
{"name":"ModelAdvance", "ph":"E", "ts":"2652935886", "pid":"1", "tid":"wave"},
{"name":"ModelSetRunClock", "ph":"B", "ts":"2657228830", "pid":"1", "tid":"wave"},
{"name":"ModelSetRunClock", "ph":"E", "ts":"2657228874", "pid":"1", "tid":"wave"},
{"name":"ModelAdvance", "ph":"B", "ts":"2657229000", "pid":"1", "tid":"wave"},
{"name":"ModelAdvance", "ph":"E", "ts":"2661994070", "pid":"1", "tid":"wave"},
{"name":"ModelSetRunClock", "ph":"B", "ts":"2666282607", "pid":"1", "tid":"wave"},
{"name":"ModelSetRunClock", "ph":"E", "ts":"2666282885", "pid":"1", "tid":"wave"},
{"name":"ModelAdvance", "ph":"B", "ts":"2666282990", "pid":"1", "tid":"wave"},
{"name":"ModelAdvance", "ph":"E", "ts":"2670993602", "pid":"1", "tid":"wave"},
{"name":"ModelSetRunClock", "ph":"B", "ts":"2674226393", "pid":"1", "tid":"wave"},
{"name":"ModelSetRunClock", "ph":"E", "ts":"2674226426", "pid":"1", "tid":"wave"},
{"name":"ModelAdvance", "ph":"B", "ts":"2674226508", "pid":"1", "tid":"wave"},
{"name":"ModelAdvance", "ph":"E", "ts":"2678927990", "pid":"1", "tid":"wave"},
{"name":"ModelSetRunClock", "ph":"B", "ts":"2681477596", "pid":"1", "tid":"wave"},
{"name":"ModelSetRunClock", "ph":"E", "ts":"2681477630", "pid":"1", "tid":"wave"},
{"name":"ModelAdvance", "ph":"B", "ts":"2681477703", "pid":"1", "tid":"wave"},
{"name":"ModelAdvance", "ph":"E", "ts":"2686157236", "pid":"1", "tid":"wave"},
{"name":"ModelSetRunClock", "ph":"B", "ts":"2689267402", "pid":"1", "tid":"wave"},
{"name":"ModelSetRunClock", "ph":"E", "ts":"2689267437", "pid":"1", "tid":"wave"},
{"name":"ModelAdvance", "ph":"B", "ts":"2689267527", "pid":"1", "tid":"wave"},
{"name":"ModelAdvance", "ph":"E", "ts":"2693973594", "pid":"1", "tid":"wave"},
{"name":"ModelSetRunClock", "ph":"B", "ts":"2696470266", "pid":"1", "tid":"wave"},
{"name":"ModelSetRunClock", "ph":"E", "ts":"2696470297", "pid":"1", "tid":"wave"},
{"name":"ModelAdvance", "ph":"B", "ts":"2696470368", "pid":"1", "tid":"wave"},
{"name":"ModelAdvance", "ph":"E", "ts":"2701168616", "pid":"1", "tid":"wave"},
{"name":"ModelSetRunClock", "ph":"B", "ts":"2704346200", "pid":"1", "tid":"wave"},
{"name":"ModelSetRunClock", "ph":"E", "ts":"2704346232", "pid":"1", "tid":"wave"},
{"name":"ModelAdvance", "ph":"B", "ts":"2704346310", "pid":"1", "tid":"wave"},
{"name":"ModelAdvance", "ph":"E", "ts":"2709027145", "pid":"1", "tid":"wave"},
{"name":"ModelSetRunClock", "ph":"B", "ts":"2711695886", "pid":"1", "tid":"wave"},
{"name":"ModelSetRunClock", "ph":"E", "ts":"2711695918", "pid":"1", "tid":"wave"},
{"name":"ModelAdvance", "ph":"B", "ts":"2711695991", "pid":"1", "tid":"wave"},
{"name":"ModelAdvance", "ph":"E", "ts":"2716386465", "pid":"1", "tid":"wave"},
{"name":"ModelSetRunClock", "ph":"B", "ts":"2719643965", "pid":"1", "tid":"wave"},
{"name":"ModelSetRunClock", "ph":"E", "ts":"2719643998", "pid":"1", "tid":"wave"},
{"name":"ModelAdvance", "ph":"B", "ts":"2719644066", "pid":"1", "tid":"wave"},
{"name":"ModelAdvance", "ph":"E", "ts":"2724320176", "pid":"1", "tid":"wave"},
{"name":"ModelSetRunClock", "ph":"B", "ts":"2726983776", "pid":"1", "tid":"wave"},
{"name":"ModelSetRunClock", "ph":"E", "ts":"2726983810", "pid":"1", "tid":"wave"},
{"name":"ModelAdvance", "ph":"B", "ts":"2726983883", "pid":"1", "tid":"wave"},
{"name":"ModelAdvance", "ph":"E", "ts":"2731674695", "pid":"1", "tid":"wave"},
{"name":"ModelSetRunClock", "ph":"B", "ts":"2734798409", "pid":"1", "tid":"wave"},
{"name":"ModelSetRunClock", "ph":"E", "ts":"2734798446", "pid":"1", "tid":"wave"},
{"name":"ModelAdvance", "ph":"B", "ts":"2734798534", "pid":"1", "tid":"wave"},
{"name":"ModelAdvance", "ph":"E", "ts":"2739450201", "pid":"1", "tid":"wave"},
{"name":"ModelSetRunClock", "ph":"B", "ts":"2741998562", "pid":"1", "tid":"wave"},
{"name":"ModelSetRunClock", "ph":"E", "ts":"2741998595", "pid":"1", "tid":"wave"},
{"name":"ModelAdvance", "ph":"B", "ts":"2741998675", "pid":"1", "tid":"wave"},
{"name":"ModelAdvance", "ph":"E", "ts":"2746645047", "pid":"1", "tid":"wave"},
{"name":"ModelSetRunClock", "ph":"B", "ts":"2749844200", "pid":"1", "tid":"wave"},
{"name":"ModelSetRunClock", "ph":"E", "ts":"2749844232", "pid":"1", "tid":"wave"},
{"name":"ModelAdvance", "ph":"B", "ts":"2749844306", "pid":"1", "tid":"wave"},
{"name":"ModelAdvance", "ph":"E", "ts":"2754486743", "pid":"1", "tid":"wave"},
{"name":"ModelSetRunClock", "ph":"B", "ts":"2757046701", "pid":"1", "tid":"wave"},
{"name":"ModelSetRunClock", "ph":"E", "ts":"2757046735", "pid":"1", "tid":"wave"},
{"name":"ModelAdvance", "ph":"B", "ts":"2757046821", "pid":"1", "tid":"wave"},
{"name":"ModelAdvance", "ph":"E", "ts":"2761682387", "pid":"1", "tid":"wave"},
{"name":"ModelSetRunClock", "ph":"B", "ts":"2764874560", "pid":"1", "tid":"wave"},
{"name":"ModelSetRunClock", "ph":"E", "ts":"2764874593", "pid":"1", "tid":"wave"},
{"name":"ModelAdvance", "ph":"B", "ts":"2764874672", "pid":"1", "tid":"wave"},
{"name":"ModelAdvance", "ph":"E", "ts":"2769548515", "pid":"1", "tid":"wave"},
{"name":"ModelSetRunClock", "ph":"B", "ts":"2772088572", "pid":"1", "tid":"wave"},
{"name":"ModelSetRunClock", "ph":"E", "ts":"2772088605", "pid":"1", "tid":"wave"},
{"name":"ModelAdvance", "ph":"B", "ts":"2772088684", "pid":"1", "tid":"wave"},
{"name":"ModelAdvance", "ph":"E", "ts":"2776696506", "pid":"1", "tid":"wave"},
{"name":"ModelSetRunClock", "ph":"B", "ts":"2779962076", "pid":"1", "tid":"wave"},
{"name":"ModelSetRunClock", "ph":"E", "ts":"2779962108", "pid":"1", "tid":"wave"},
{"name":"ModelAdvance", "ph":"B", "ts":"2779962195", "pid":"1", "tid":"wave"},
{"name":"ModelAdvance", "ph":"E", "ts":"2784578707", "pid":"1", "tid":"wave"},
{"name":"ModelSetRunClock", "ph":"B", "ts":"2787178449", "pid":"1", "tid":"wave"},
{"name":"ModelSetRunClock", "ph":"E", "ts":"2787178501", "pid":"1", "tid":"wave"},
{"name":"ModelAdvance", "ph":"B", "ts":"2787178596", "pid":"1", "tid":"wave"},
{"name":"ModelAdvance", "ph":"E", "ts":"2791793337", "pid":"1", "tid":"wave"},
{"name":"ModelSetRunClock", "ph":"B", "ts":"2795013819", "pid":"1", "tid":"wave"},
{"name":"ModelSetRunClock", "ph":"E", "ts":"2795013852", "pid":"1", "tid":"wave"},
{"name":"ModelAdvance", "ph":"B", "ts":"2795013947", "pid":"1", "tid":"wave"},
{"name":"ModelAdvance", "ph":"E", "ts":"2799626377", "pid":"1", "tid":"wave"},
{"name":"ModelSetRunClock", "ph":"B", "ts":"2802239343", "pid":"1", "tid":"wave"},
{"name":"ModelSetRunClock", "ph":"E", "ts":"2802239375", "pid":"1", "tid":"wave"},
{"name":"ModelAdvance", "ph":"B", "ts":"2802239444", "pid":"1", "tid":"wave"},
{"name":"ModelAdvance", "ph":"E", "ts":"2806881193", "pid":"1", "tid":"wave"},
{"name":"ModelSetRunClock", "ph":"B", "ts":"2810083827", "pid":"1", "tid":"wave"},
{"name":"ModelSetRunClock", "ph":"E", "ts":"2810083859", "pid":"1", "tid":"wave"},
{"name":"ModelAdvance", "ph":"B", "ts":"2810083935", "pid":"1", "tid":"wave"},
{"name":"ModelAdvance", "ph":"E", "ts":"2814774996", "pid":"1", "tid":"wave"},
{"name":"ModelSetRunClock", "ph":"B", "ts":"2817283325", "pid":"1", "tid":"wave"},
{"name":"ModelSetRunClock", "ph":"E", "ts":"2817283357", "pid":"1", "tid":"wave"},
{"name":"ModelAdvance", "ph":"B", "ts":"2817283476", "pid":"1", "tid":"wave"},
{"name":"ModelAdvance", "ph":"E", "ts":"2822022256", "pid":"1", "tid":"wave"},
{"name":"ModelSetRunClock", "ph":"B", "ts":"2825199892", "pid":"1", "tid":"wave"},
{"name":"ModelSetRunClock", "ph":"E", "ts":"2825199928", "pid":"1", "tid":"wave"},
{"name":"ModelAdvance", "ph":"B", "ts":"2825200023", "pid":"1", "tid":"wave"},
{"name":"ModelAdvance", "ph":"E", "ts":"2829839391", "pid":"1", "tid":"wave"},
{"name":"ModelSetRunClock", "ph":"B", "ts":"2834965569", "pid":"1", "tid":"wave"},
{"name":"ModelSetRunClock", "ph":"E", "ts":"2834965602", "pid":"1", "tid":"wave"},
{"name":"ModelAdvance", "ph":"B", "ts":"2834965683", "pid":"1", "tid":"wave"},
{"name":"ModelAdvance", "ph":"E", "ts":"2839564412", "pid":"1", "tid":"wave"},
{"name":"ModelSetRunClock", "ph":"B", "ts":"2843094778", "pid":"1", "tid":"wave"},
{"name":"ModelSetRunClock", "ph":"E", "ts":"2843094812", "pid":"1", "tid":"wave"},
{"name":"ModelAdvance", "ph":"B", "ts":"2843094901", "pid":"1", "tid":"wave"},
{"name":"ModelAdvance", "ph":"E", "ts":"2847665885", "pid":"1", "tid":"wave"},
{"name":"ModelSetRunClock", "ph":"B", "ts":"2850274886", "pid":"1", "tid":"wave"},
{"name":"ModelSetRunClock", "ph":"E", "ts":"2850274920", "pid":"1", "tid":"wave"},
{"name":"ModelAdvance", "ph":"B", "ts":"2850275002", "pid":"1", "tid":"wave"},
{"name":"ModelAdvance", "ph":"E", "ts":"2854875848", "pid":"1", "tid":"wave"},
{"name":"ModelSetRunClock", "ph":"B", "ts":"2858065386", "pid":"1", "tid":"wave"},
{"name":"ModelSetRunClock", "ph":"E", "ts":"2858065420", "pid":"1", "tid":"wave"},
{"name":"ModelAdvance", "ph":"B", "ts":"2858065572", "pid":"1", "tid":"wave"},
{"name":"ModelAdvance", "ph":"E", "ts":"2862693035", "pid":"1", "tid":"wave"},
{"name":"ModelSetRunClock", "ph":"B", "ts":"2870693752", "pid":"1", "tid":"wave"},
{"name":"ModelSetRunClock", "ph":"E", "ts":"2870693788", "pid":"1", "tid":"wave"},
{"name":"ModelAdvance", "ph":"B", "ts":"2870693868", "pid":"1", "tid":"wave"},
{"name":"ModelAdvance", "ph":"E", "ts":"2875333801", "pid":"1", "tid":"wave"},
{"name":"ModelSetRunClock", "ph":"B", "ts":"2878544136", "pid":"1", "tid":"wave"},
{"name":"ModelSetRunClock", "ph":"E", "ts":"2878544167", "pid":"1", "tid":"wave"},
{"name":"ModelAdvance", "ph":"B", "ts":"2878544241", "pid":"1", "tid":"wave"},
{"name":"ModelAdvance", "ph":"E", "ts":"2883216416", "pid":"1", "tid":"wave"},
{"name":"ModelSetRunClock", "ph":"B", "ts":"2885711007", "pid":"1", "tid":"wave"},
{"name":"ModelSetRunClock", "ph":"E", "ts":"2885711045", "pid":"1", "tid":"wave"},
{"name":"ModelAdvance", "ph":"B", "ts":"2885711142", "pid":"1", "tid":"wave"},
{"name":"ModelAdvance", "ph":"E", "ts":"2890337948", "pid":"1", "tid":"wave"},
{"name":"ModelSetRunClock", "ph":"B", "ts":"2893505694", "pid":"1", "tid":"wave"},
{"name":"ModelSetRunClock", "ph":"E", "ts":"2893505729", "pid":"1", "tid":"wave"},
{"name":"ModelAdvance", "ph":"B", "ts":"2893505837", "pid":"1", "tid":"wave"},
{"name":"ModelAdvance", "ph":"E", "ts":"2898071826", "pid":"1", "tid":"wave"},
{"name":"ModelSetRunClock", "ph":"B", "ts":"2900659007", "pid":"1", "tid":"wave"},
{"name":"ModelSetRunClock", "ph":"E", "ts":"2900659039", "pid":"1", "tid":"wave"},
{"name":"ModelAdvance", "ph":"B", "ts":"2900659120", "pid":"1", "tid":"wave"},
{"name":"ModelAdvance", "ph":"E", "ts":"2905307796", "pid":"1", "tid":"wave"},
{"name":"ModelSetRunClock", "ph":"B", "ts":"2908437445", "pid":"1", "tid":"wave"},
{"name":"ModelSetRunClock", "ph":"E", "ts":"2908437477", "pid":"1", "tid":"wave"},
{"name":"ModelAdvance", "ph":"B", "ts":"2908437571", "pid":"1", "tid":"wave"},
{"name":"ModelAdvance", "ph":"E", "ts":"2913264152", "pid":"1", "tid":"wave"},
{"name":"ModelSetRunClock", "ph":"B", "ts":"2915479896", "pid":"1", "tid":"wave"},
{"name":"ModelSetRunClock", "ph":"E", "ts":"2915479930", "pid":"1", "tid":"wave"},
{"name":"ModelAdvance", "ph":"B", "ts":"2915480009", "pid":"1", "tid":"wave"},
{"name":"ModelAdvance", "ph":"E", "ts":"2920462157", "pid":"1", "tid":"wave"},
{"name":"ModelSetRunClock", "ph":"B", "ts":"2923141291", "pid":"1", "tid":"wave"},
{"name":"ModelSetRunClock", "ph":"E", "ts":"2923141330", "pid":"1", "tid":"wave"},
{"name":"ModelAdvance", "ph":"B", "ts":"2923141400", "pid":"1", "tid":"wave"},
{"name":"ModelAdvance", "ph":"E", "ts":"2928381149", "pid":"1", "tid":"wave"},
{"name":"ModelSetRunClock", "ph":"B", "ts":"2930683587", "pid":"1", "tid":"wave"},
{"name":"ModelSetRunClock", "ph":"E", "ts":"2930683664", "pid":"1", "tid":"wave"},
{"name":"ModelAdvance", "ph":"B", "ts":"2930683803", "pid":"1", "tid":"wave"},
{"name":"ModelAdvance", "ph":"E", "ts":"2936086425", "pid":"1", "tid":"wave"},
{"name":"ModelSetRunClock", "ph":"B", "ts":"2938411786", "pid":"1", "tid":"wave"},
{"name":"ModelSetRunClock", "ph":"E", "ts":"2938411864", "pid":"1", "tid":"wave"},
{"name":"ModelAdvance", "ph":"B", "ts":"2938411978", "pid":"1", "tid":"wave"},
{"name":"ModelAdvance", "ph":"E", "ts":"2943896687", "pid":"1", "tid":"wave"},
{"name":"ModelSetRunClock", "ph":"B", "ts":"2945456889", "pid":"1", "tid":"wave"},
{"name":"ModelSetRunClock", "ph":"E", "ts":"2945456962", "pid":"1", "tid":"wave"},
{"name":"ModelAdvance", "ph":"B", "ts":"2945457100", "pid":"1", "tid":"wave"},
{"name":"ModelAdvance", "ph":"E", "ts":"2950926097", "pid":"1", "tid":"wave"},
{"name":"ModelSetRunClock", "ph":"B", "ts":"2953220810", "pid":"1", "tid":"wave"},
{"name":"ModelSetRunClock", "ph":"E", "ts":"2953220852", "pid":"1", "tid":"wave"},
{"name":"ModelAdvance", "ph":"B", "ts":"2953220932", "pid":"1", "tid":"wave"},
{"name":"ModelAdvance", "ph":"E", "ts":"2958628278", "pid":"1", "tid":"wave"},
{"name":"ModelSetRunClock", "ph":"B", "ts":"2960269623", "pid":"1", "tid":"wave"},
{"name":"ModelSetRunClock", "ph":"E", "ts":"2960269670", "pid":"1", "tid":"wave"},
{"name":"ModelAdvance", "ph":"B", "ts":"2960269749", "pid":"1", "tid":"wave"},
{"name":"ModelAdvance", "ph":"E", "ts":"2965587414", "pid":"1", "tid":"wave"},
{"name":"ModelSetRunClock", "ph":"B", "ts":"2967940817", "pid":"1", "tid":"wave"},
{"name":"ModelSetRunClock", "ph":"E", "ts":"2967940899", "pid":"1", "tid":"wave"},
{"name":"ModelAdvance", "ph":"B", "ts":"2967941020", "pid":"1", "tid":"wave"},
{"name":"ModelAdvance", "ph":"E", "ts":"2973234737", "pid":"1", "tid":"wave"},
{"name":"ModelSetRunClock", "ph":"B", "ts":"2974953588", "pid":"1", "tid":"wave"},
{"name":"ModelSetRunClock", "ph":"E", "ts":"2974953637", "pid":"1", "tid":"wave"},
{"name":"ModelAdvance", "ph":"B", "ts":"2974953725", "pid":"1", "tid":"wave"},
{"name":"ModelAdvance", "ph":"E", "ts":"2980250799", "pid":"1", "tid":"wave"},
{"name":"ModelSetRunClock", "ph":"B", "ts":"2982687150", "pid":"1", "tid":"wave"},
{"name":"ModelSetRunClock", "ph":"E", "ts":"2982687201", "pid":"1", "tid":"wave"},
{"name":"ModelAdvance", "ph":"B", "ts":"2982687289", "pid":"1", "tid":"wave"},
{"name":"ModelAdvance", "ph":"E", "ts":"2987886373", "pid":"1", "tid":"wave"},
{"name":"ModelFinalize", "ph":"B", "ts":"2987892570", "pid":"1", "tid":"wave"},
{"name":"ModelFinalize", "ph":"E", "ts":"2987892592", "pid":"1", "tid":"wave"},
