{"name":"SetServices", "ph":"B", "ts":"321378326", "pid":"1", "tid":"wave"},
{"name":"SetServices", "ph":"E", "ts":"321380706", "pid":"1", "tid":"wave"},
{"name":"InitializeP0", "ph":"B", "ts":"321384628", "pid":"1", "tid":"wave"},
{"name":"InitializeP0", "ph":"E", "ts":"321384712", "pid":"1", "tid":"wave"},
{"name":"InitializeAdvertise", "ph":"B", "ts":"361962156", "pid":"1", "tid":"wave"},
{"name":"InitializeAdvertise", "ph":"E", "ts":"459259190", "pid":"1", "tid":"wave"},
{"name":"InitializeRealize", "ph":"B", "ts":"570906922", "pid":"1", "tid":"wave"},
{"name":"InitializeRealize", "ph":"E", "ts":"585532291", "pid":"1", "tid":"wave"},
{"name":"DataInitialize", "ph":"B", "ts":"618647411", "pid":"1", "tid":"wave"},
{"name":"DataInitialize", "ph":"E", "ts":"618651190", "pid":"1", "tid":"wave"},
{"name":"ModelSetRunClock", "ph":"B", "ts":"685251685", "pid":"1", "tid":"wave"},
{"name":"ModelSetRunClock", "ph":"E", "ts":"685261533", "pid":"1", "tid":"wave"},
{"name":"ModelAdvance", "ph":"B", "ts":"685261633", "pid":"1", "tid":"wave"},
{"name":"ModelAdvance", "ph":"E", "ts":"698316648", "pid":"1", "tid":"wave"},
{"name":"ModelSetRunClock", "ph":"B", "ts":"699136843", "pid":"1", "tid":"wave"},
{"name":"ModelSetRunClock", "ph":"E", "ts":"699136915", "pid":"1", "tid":"wave"},
{"name":"ModelAdvance", "ph":"B", "ts":"699137045", "pid":"1", "tid":"wave"},
{"name":"ModelAdvance", "ph":"E", "ts":"705366587", "pid":"1", "tid":"wave"},
{"name":"ModelSetRunClock", "ph":"B", "ts":"706483396", "pid":"1", "tid":"wave"},
{"name":"ModelSetRunClock", "ph":"E", "ts":"706483428", "pid":"1", "tid":"wave"},
{"name":"ModelAdvance", "ph":"B", "ts":"706483508", "pid":"1", "tid":"wave"},
{"name":"ModelAdvance", "ph":"E", "ts":"712520827", "pid":"1", "tid":"wave"},
{"name":"ModelSetRunClock", "ph":"B", "ts":"714394042", "pid":"1", "tid":"wave"},
{"name":"ModelSetRunClock", "ph":"E", "ts":"714394077", "pid":"1", "tid":"wave"},
{"name":"ModelAdvance", "ph":"B", "ts":"714394172", "pid":"1", "tid":"wave"},
{"name":"ModelAdvance", "ph":"E", "ts":"720446447", "pid":"1", "tid":"wave"},
{"name":"ModelSetRunClock", "ph":"B", "ts":"721664773", "pid":"1", "tid":"wave"},
{"name":"ModelSetRunClock", "ph":"E", "ts":"721664807", "pid":"1", "tid":"wave"},
{"name":"ModelAdvance", "ph":"B", "ts":"721664904", "pid":"1", "tid":"wave"},
{"name":"ModelAdvance", "ph":"E", "ts":"727730395", "pid":"1", "tid":"wave"},
{"name":"ModelSetRunClock", "ph":"B", "ts":"729932733", "pid":"1", "tid":"wave"},
{"name":"ModelSetRunClock", "ph":"E", "ts":"729932765", "pid":"1", "tid":"wave"},
{"name":"ModelAdvance", "ph":"B", "ts":"729932841", "pid":"1", "tid":"wave"},
{"name":"ModelAdvance", "ph":"E", "ts":"735989004", "pid":"1", "tid":"wave"},
{"name":"ModelSetRunClock", "ph":"B", "ts":"753003569", "pid":"1", "tid":"wave"},
{"name":"ModelSetRunClock", "ph":"E", "ts":"753003903", "pid":"1", "tid":"wave"},
{"name":"ModelAdvance", "ph":"B", "ts":"753004019", "pid":"1", "tid":"wave"},
{"name":"ModelAdvance", "ph":"E", "ts":"759035361", "pid":"1", "tid":"wave"},
{"name":"ModelSetRunClock", "ph":"B", "ts":"761020040", "pid":"1", "tid":"wave"},
{"name":"ModelSetRunClock", "ph":"E", "ts":"761020073", "pid":"1", "tid":"wave"},
{"name":"ModelAdvance", "ph":"B", "ts":"761020156", "pid":"1", "tid":"wave"},
{"name":"ModelAdvance", "ph":"E", "ts":"767070772", "pid":"1", "tid":"wave"},
{"name":"ModelSetRunClock", "ph":"B", "ts":"768327569", "pid":"1", "tid":"wave"},
{"name":"ModelSetRunClock", "ph":"E", "ts":"768327601", "pid":"1", "tid":"wave"},
{"name":"ModelAdvance", "ph":"B", "ts":"768327679", "pid":"1", "tid":"wave"},
{"name":"ModelAdvance", "ph":"E", "ts":"774384083", "pid":"1", "tid":"wave"},
{"name":"ModelSetRunClock", "ph":"B", "ts":"776303865", "pid":"1", "tid":"wave"},
{"name":"ModelSetRunClock", "ph":"E", "ts":"776303899", "pid":"1", "tid":"wave"},
{"name":"ModelAdvance", "ph":"B", "ts":"776303982", "pid":"1", "tid":"wave"},
{"name":"ModelAdvance", "ph":"E", "ts":"782369595", "pid":"1", "tid":"wave"},
{"name":"ModelSetRunClock", "ph":"B", "ts":"783725821", "pid":"1", "tid":"wave"},
{"name":"ModelSetRunClock", "ph":"E", "ts":"783725854", "pid":"1", "tid":"wave"},
{"name":"ModelAdvance", "ph":"B", "ts":"783726015", "pid":"1", "tid":"wave"},
{"name":"ModelAdvance", "ph":"E", "ts":"789747655", "pid":"1", "tid":"wave"},
{"name":"ModelSetRunClock", "ph":"B", "ts":"791748245", "pid":"1", "tid":"wave"},
{"name":"ModelSetRunClock", "ph":"E", "ts":"791748278", "pid":"1", "tid":"wave"},
{"name":"ModelAdvance", "ph":"B", "ts":"791748379", "pid":"1", "tid":"wave"},
{"name":"ModelAdvance", "ph":"E", "ts":"797729299", "pid":"1", "tid":"wave"},
{"name":"ModelSetRunClock", "ph":"B", "ts":"799179942", "pid":"1", "tid":"wave"},
{"name":"ModelSetRunClock", "ph":"E", "ts":"799179977", "pid":"1", "tid":"wave"},
{"name":"ModelAdvance", "ph":"B", "ts":"799180073", "pid":"1", "tid":"wave"},
{"name":"ModelAdvance", "ph":"E", "ts":"805074024", "pid":"1", "tid":"wave"},
{"name":"ModelSetRunClock", "ph":"B", "ts":"807174986", "pid":"1", "tid":"wave"},
{"name":"ModelSetRunClock", "ph":"E", "ts":"807175019", "pid":"1", "tid":"wave"},
{"name":"ModelAdvance", "ph":"B", "ts":"807175100", "pid":"1", "tid":"wave"},
{"name":"ModelAdvance", "ph":"E", "ts":"813060321", "pid":"1", "tid":"wave"},
{"name":"ModelSetRunClock", "ph":"B", "ts":"814500973", "pid":"1", "tid":"wave"},
{"name":"ModelSetRunClock", "ph":"E", "ts":"814501008", "pid":"1", "tid":"wave"},
{"name":"ModelAdvance", "ph":"B", "ts":"814501103", "pid":"1", "tid":"wave"},
{"name":"ModelAdvance", "ph":"E", "ts":"820298670", "pid":"1", "tid":"wave"},
{"name":"ModelSetRunClock", "ph":"B", "ts":"822728354", "pid":"1", "tid":"wave"},
{"name":"ModelSetRunClock", "ph":"E", "ts":"822728388", "pid":"1", "tid":"wave"},
{"name":"ModelAdvance", "ph":"B", "ts":"822728466", "pid":"1", "tid":"wave"},
{"name":"ModelAdvance", "ph":"E", "ts":"828447005", "pid":"1", "tid":"wave"},
{"name":"ModelSetRunClock", "ph":"B", "ts":"830438958", "pid":"1", "tid":"wave"},
{"name":"ModelSetRunClock", "ph":"E", "ts":"830438990", "pid":"1", "tid":"wave"},
{"name":"ModelAdvance", "ph":"B", "ts":"830439064", "pid":"1", "tid":"wave"},
{"name":"ModelAdvance", "ph":"E", "ts":"836082784", "pid":"1", "tid":"wave"},
{"name":"ModelSetRunClock", "ph":"B", "ts":"838668352", "pid":"1", "tid":"wave"},
{"name":"ModelSetRunClock", "ph":"E", "ts":"838668387", "pid":"1", "tid":"wave"},
{"name":"ModelAdvance", "ph":"B", "ts":"838668485", "pid":"1", "tid":"wave"},
{"name":"ModelAdvance", "ph":"E", "ts":"844292328", "pid":"1", "tid":"wave"},
{"name":"ModelSetRunClock", "ph":"B", "ts":"846575177", "pid":"1", "tid":"wave"},
{"name":"ModelSetRunClock", "ph":"E", "ts":"846575212", "pid":"1", "tid":"wave"},
{"name":"ModelAdvance", "ph":"B", "ts":"846575295", "pid":"1", "tid":"wave"},
{"name":"ModelAdvance", "ph":"E", "ts":"852117084", "pid":"1", "tid":"wave"},
{"name":"ModelSetRunClock", "ph":"B", "ts":"854966830", "pid":"1", "tid":"wave"},
{"name":"ModelSetRunClock", "ph":"E", "ts":"854966867", "pid":"1", "tid":"wave"},
{"name":"ModelAdvance", "ph":"B", "ts":"854966945", "pid":"1", "tid":"wave"},
{"name":"ModelAdvance", "ph":"E", "ts":"860437591", "pid":"1", "tid":"wave"},
{"name":"ModelSetRunClock", "ph":"B", "ts":"862589708", "pid":"1", "tid":"wave"},
{"name":"ModelSetRunClock", "ph":"E", "ts":"862589746", "pid":"1", "tid":"wave"},
{"name":"ModelAdvance", "ph":"B", "ts":"862589833", "pid":"1", "tid":"wave"},
{"name":"ModelAdvance", "ph":"E", "ts":"867981366", "pid":"1", "tid":"wave"},
{"name":"ModelSetRunClock", "ph":"B", "ts":"871118040", "pid":"1", "tid":"wave"},
{"name":"ModelSetRunClock", "ph":"E", "ts":"871118078", "pid":"1", "tid":"wave"},
{"name":"ModelAdvance", "ph":"B", "ts":"871118155", "pid":"1", "tid":"wave"},
{"name":"ModelAdvance", "ph":"E", "ts":"876411360", "pid":"1", "tid":"wave"},
{"name":"ModelSetRunClock", "ph":"B", "ts":"879201520", "pid":"1", "tid":"wave"},
{"name":"ModelSetRunClock", "ph":"E", "ts":"879201559", "pid":"1", "tid":"wave"},
{"name":"ModelAdvance", "ph":"B", "ts":"879201694", "pid":"1", "tid":"wave"},
{"name":"ModelAdvance", "ph":"E", "ts":"884462219", "pid":"1", "tid":"wave"},
{"name":"ModelSetRunClock", "ph":"B", "ts":"887501605", "pid":"1", "tid":"wave"},
{"name":"ModelSetRunClock", "ph":"E", "ts":"887501979", "pid":"1", "tid":"wave"},
{"name":"ModelAdvance", "ph":"B", "ts":"887502085", "pid":"1", "tid":"wave"},
{"name":"ModelAdvance", "ph":"E", "ts":"892709184", "pid":"1", "tid":"wave"},
{"name":"ModelSetRunClock", "ph":"B", "ts":"895203357", "pid":"1", "tid":"wave"},
{"name":"ModelSetRunClock", "ph":"E", "ts":"895203406", "pid":"1", "tid":"wave"},
{"name":"ModelAdvance", "ph":"B", "ts":"895203564", "pid":"1", "tid":"wave"},
{"name":"ModelAdvance", "ph":"E", "ts":"900351933", "pid":"1", "tid":"wave"},
{"name":"ModelSetRunClock", "ph":"B", "ts":"903179215", "pid":"1", "tid":"wave"},
{"name":"ModelSetRunClock", "ph":"E", "ts":"903179273", "pid":"1", "tid":"wave"},
{"name":"ModelAdvance", "ph":"B", "ts":"903179383", "pid":"1", "tid":"wave"},
{"name":"ModelAdvance", "ph":"E", "ts":"908283914", "pid":"1", "tid":"wave"},
{"name":"ModelSetRunClock", "ph":"B", "ts":"910399245", "pid":"1", "tid":"wave"},
{"name":"ModelSetRunClock", "ph":"E", "ts":"910399291", "pid":"1", "tid":"wave"},
{"name":"ModelAdvance", "ph":"B", "ts":"910399393", "pid":"1", "tid":"wave"},
{"name":"ModelAdvance", "ph":"E", "ts":"915469532", "pid":"1", "tid":"wave"},
{"name":"ModelSetRunClock", "ph":"B", "ts":"918309437", "pid":"1", "tid":"wave"},
{"name":"ModelSetRunClock", "ph":"E", "ts":"918309470", "pid":"1", "tid":"wave"},
{"name":"ModelAdvance", "ph":"B", "ts":"918309540", "pid":"1", "tid":"wave"},
{"name":"ModelAdvance", "ph":"E", "ts":"923339756", "pid":"1", "tid":"wave"},
{"name":"ModelSetRunClock", "ph":"B", "ts":"925512731", "pid":"1", "tid":"wave"},
{"name":"ModelSetRunClock", "ph":"E", "ts":"925512768", "pid":"1", "tid":"wave"},
{"name":"ModelAdvance", "ph":"B", "ts":"925512855", "pid":"1", "tid":"wave"},
{"name":"ModelAdvance", "ph":"E", "ts":"930463605", "pid":"1", "tid":"wave"},
{"name":"ModelSetRunClock", "ph":"B", "ts":"933721917", "pid":"1", "tid":"wave"},
{"name":"ModelSetRunClock", "ph":"E", "ts":"933721951", "pid":"1", "tid":"wave"},
{"name":"ModelAdvance", "ph":"B", "ts":"933722023", "pid":"1", "tid":"wave"},
{"name":"ModelAdvance", "ph":"E", "ts":"938645756", "pid":"1", "tid":"wave"},
{"name":"ModelSetRunClock", "ph":"B", "ts":"941050248", "pid":"1", "tid":"wave"},
{"name":"ModelSetRunClock", "ph":"E", "ts":"941050282", "pid":"1", "tid":"wave"},
{"name":"ModelAdvance", "ph":"B", "ts":"941050356", "pid":"1", "tid":"wave"},
{"name":"ModelAdvance", "ph":"E", "ts":"945941819", "pid":"1", "tid":"wave"},
{"name":"ModelSetRunClock", "ph":"B", "ts":"948927121", "pid":"1", "tid":"wave"},
{"name":"ModelSetRunClock", "ph":"E", "ts":"948927156", "pid":"1", "tid":"wave"},
{"name":"ModelAdvance", "ph":"B", "ts":"948927234", "pid":"1", "tid":"wave"},
{"name":"ModelAdvance", "ph":"E", "ts":"953840882", "pid":"1", "tid":"wave"},
{"name":"ModelSetRunClock", "ph":"B", "ts":"956143578", "pid":"1", "tid":"wave"},
{"name":"ModelSetRunClock", "ph":"E", "ts":"956143612", "pid":"1", "tid":"wave"},
{"name":"ModelAdvance", "ph":"B", "ts":"956143692", "pid":"1", "tid":"wave"},
{"name":"ModelAdvance", "ph":"E", "ts":"961026489", "pid":"1", "tid":"wave"},
{"name":"ModelSetRunClock", "ph":"B", "ts":"964002966", "pid":"1", "tid":"wave"},
{"name":"ModelSetRunClock", "ph":"E", "ts":"964002999", "pid":"1", "tid":"wave"},
{"name":"ModelAdvance", "ph":"B", "ts":"964003075", "pid":"1", "tid":"wave"},
{"name":"ModelAdvance", "ph":"E", "ts":"968911716", "pid":"1", "tid":"wave"},
{"name":"ModelSetRunClock", "ph":"B", "ts":"971096458", "pid":"1", "tid":"wave"},
{"name":"ModelSetRunClock", "ph":"E", "ts":"971096490", "pid":"1", "tid":"wave"},
{"name":"ModelAdvance", "ph":"B", "ts":"971096568", "pid":"1", "tid":"wave"},
{"name":"ModelAdvance", "ph":"E", "ts":"975999652", "pid":"1", "tid":"wave"},
{"name":"ModelSetRunClock", "ph":"B", "ts":"978888246", "pid":"1", "tid":"wave"},
{"name":"ModelSetRunClock", "ph":"E", "ts":"978888416", "pid":"1", "tid":"wave"},
{"name":"ModelAdvance", "ph":"B", "ts":"978888571", "pid":"1", "tid":"wave"},
{"name":"ModelAdvance", "ph":"E", "ts":"983870134", "pid":"1", "tid":"wave"},
{"name":"ModelSetRunClock", "ph":"B", "ts":"986105292", "pid":"1", "tid":"wave"},
{"name":"ModelSetRunClock", "ph":"E", "ts":"986105325", "pid":"1", "tid":"wave"},
{"name":"ModelAdvance", "ph":"B", "ts":"986105404", "pid":"1", "tid":"wave"},
{"name":"ModelAdvance", "ph":"E", "ts":"991065418", "pid":"1", "tid":"wave"},
{"name":"ModelSetRunClock", "ph":"B", "ts":"993920308", "pid":"1", "tid":"wave"},
{"name":"ModelSetRunClock", "ph":"E", "ts":"993920343", "pid":"1", "tid":"wave"},
{"name":"ModelAdvance", "ph":"B", "ts":"993920476", "pid":"1", "tid":"wave"},
{"name":"ModelAdvance", "ph":"E", "ts":"998828265", "pid":"1", "tid":"wave"},
{"name":"ModelSetRunClock", "ph":"B", "ts":"1001228332", "pid":"1", "tid":"wave"},
{"name":"ModelSetRunClock", "ph":"E", "ts":"1001228367", "pid":"1", "tid":"wave"},
{"name":"ModelAdvance", "ph":"B", "ts":"1001228452", "pid":"1", "tid":"wave"},
{"name":"ModelAdvance", "ph":"E", "ts":"1006112593", "pid":"1", "tid":"wave"},
{"name":"ModelSetRunClock", "ph":"B", "ts":"1009407779", "pid":"1", "tid":"wave"},
{"name":"ModelSetRunClock", "ph":"E", "ts":"1009408010", "pid":"1", "tid":"wave"},
{"name":"ModelAdvance", "ph":"B", "ts":"1009408198", "pid":"1", "tid":"wave"},
{"name":"ModelAdvance", "ph":"E", "ts":"1014272497", "pid":"1", "tid":"wave"},
{"name":"ModelSetRunClock", "ph":"B", "ts":"1017125737", "pid":"1", "tid":"wave"},
{"name":"ModelSetRunClock", "ph":"E", "ts":"1017125772", "pid":"1", "tid":"wave"},
{"name":"ModelAdvance", "ph":"B", "ts":"1017125854", "pid":"1", "tid":"wave"},
{"name":"ModelAdvance", "ph":"E", "ts":"1022010309", "pid":"1", "tid":"wave"},
{"name":"ModelSetRunClock", "ph":"B", "ts":"1025579734", "pid":"1", "tid":"wave"},
{"name":"ModelSetRunClock", "ph":"E", "ts":"1025579796", "pid":"1", "tid":"wave"},
{"name":"ModelAdvance", "ph":"B", "ts":"1025579901", "pid":"1", "tid":"wave"},
{"name":"ModelAdvance", "ph":"E", "ts":"1030460186", "pid":"1", "tid":"wave"},
{"name":"ModelSetRunClock", "ph":"B", "ts":"1033263150", "pid":"1", "tid":"wave"},
{"name":"ModelSetRunClock", "ph":"E", "ts":"1033263203", "pid":"1", "tid":"wave"},
{"name":"ModelAdvance", "ph":"B", "ts":"1033263354", "pid":"1", "tid":"wave"},
{"name":"ModelAdvance", "ph":"E", "ts":"1038144339", "pid":"1", "tid":"wave"},
{"name":"ModelSetRunClock", "ph":"B", "ts":"1065256989", "pid":"1", "tid":"wave"},
{"name":"ModelSetRunClock", "ph":"E", "ts":"1065257344", "pid":"1", "tid":"wave"},
{"name":"ModelAdvance", "ph":"B", "ts":"1065257466", "pid":"1", "tid":"wave"},
{"name":"ModelAdvance", "ph":"E", "ts":"1070112942", "pid":"1", "tid":"wave"},
{"name":"ModelSetRunClock", "ph":"B", "ts":"1072614224", "pid":"1", "tid":"wave"},
{"name":"ModelSetRunClock", "ph":"E", "ts":"1072614261", "pid":"1", "tid":"wave"},
{"name":"ModelAdvance", "ph":"B", "ts":"1072614338", "pid":"1", "tid":"wave"},
{"name":"ModelAdvance", "ph":"E", "ts":"1077465091", "pid":"1", "tid":"wave"},
{"name":"ModelSetRunClock", "ph":"B", "ts":"1080592020", "pid":"1", "tid":"wave"},
{"name":"ModelSetRunClock", "ph":"E", "ts":"1080592086", "pid":"1", "tid":"wave"},
{"name":"ModelAdvance", "ph":"B", "ts":"1080592265", "pid":"1", "tid":"wave"},
{"name":"ModelAdvance", "ph":"E", "ts":"1085368688", "pid":"1", "tid":"wave"},
{"name":"ModelSetRunClock", "ph":"B", "ts":"1087892755", "pid":"1", "tid":"wave"},
{"name":"ModelSetRunClock", "ph":"E", "ts":"1087892787", "pid":"1", "tid":"wave"},
{"name":"ModelAdvance", "ph":"B", "ts":"1087892865", "pid":"1", "tid":"wave"},
{"name":"ModelAdvance", "ph":"E", "ts":"1092581865", "pid":"1", "tid":"wave"},
{"name":"ModelSetRunClock", "ph":"B", "ts":"1095808536", "pid":"1", "tid":"wave"},
{"name":"ModelSetRunClock", "ph":"E", "ts":"1095808588", "pid":"1", "tid":"wave"},
{"name":"ModelAdvance", "ph":"B", "ts":"1095808684", "pid":"1", "tid":"wave"},
{"name":"ModelAdvance", "ph":"E", "ts":"1100470030", "pid":"1", "tid":"wave"},
{"name":"ModelSetRunClock", "ph":"B", "ts":"1103252535", "pid":"1", "tid":"wave"},
{"name":"ModelSetRunClock", "ph":"E", "ts":"1103252572", "pid":"1", "tid":"wave"},
{"name":"ModelAdvance", "ph":"B", "ts":"1103252653", "pid":"1", "tid":"wave"},
{"name":"ModelAdvance", "ph":"E", "ts":"1107922106", "pid":"1", "tid":"wave"},
{"name":"ModelSetRunClock", "ph":"B", "ts":"1111324353", "pid":"1", "tid":"wave"},
{"name":"ModelSetRunClock", "ph":"E", "ts":"1111324400", "pid":"1", "tid":"wave"},
{"name":"ModelAdvance", "ph":"B", "ts":"1111324564", "pid":"1", "tid":"wave"},
{"name":"ModelAdvance", "ph":"E", "ts":"1115992154", "pid":"1", "tid":"wave"},
{"name":"ModelSetRunClock", "ph":"B", "ts":"1118624999", "pid":"1", "tid":"wave"},
{"name":"ModelSetRunClock", "ph":"E", "ts":"1118625045", "pid":"1", "tid":"wave"},
{"name":"ModelAdvance", "ph":"B", "ts":"1118625133", "pid":"1", "tid":"wave"},
{"name":"ModelAdvance", "ph":"E", "ts":"1123291595", "pid":"1", "tid":"wave"},
{"name":"ModelSetRunClock", "ph":"B", "ts":"1126605082", "pid":"1", "tid":"wave"},
{"name":"ModelSetRunClock", "ph":"E", "ts":"1126605125", "pid":"1", "tid":"wave"},
{"name":"ModelAdvance", "ph":"B", "ts":"1126605219", "pid":"1", "tid":"wave"},
{"name":"ModelAdvance", "ph":"E", "ts":"1131296399", "pid":"1", "tid":"wave"},
{"name":"ModelSetRunClock", "ph":"B", "ts":"1134124375", "pid":"1", "tid":"wave"},
{"name":"ModelSetRunClock", "ph":"E", "ts":"1134124410", "pid":"1", "tid":"wave"},
{"name":"ModelAdvance", "ph":"B", "ts":"1134124497", "pid":"1", "tid":"wave"},
{"name":"ModelAdvance", "ph":"E", "ts":"1138767798", "pid":"1", "tid":"wave"},
{"name":"ModelSetRunClock", "ph":"B", "ts":"1142076871", "pid":"1", "tid":"wave"},
{"name":"ModelSetRunClock", "ph":"E", "ts":"1142076905", "pid":"1", "tid":"wave"},
{"name":"ModelAdvance", "ph":"B", "ts":"1142076990", "pid":"1", "tid":"wave"},
{"name":"ModelAdvance", "ph":"E", "ts":"1146690796", "pid":"1", "tid":"wave"},
{"name":"ModelSetRunClock", "ph":"B", "ts":"1149600323", "pid":"1", "tid":"wave"},
{"name":"ModelSetRunClock", "ph":"E", "ts":"1149600356", "pid":"1", "tid":"wave"},
{"name":"ModelAdvance", "ph":"B", "ts":"1149600441", "pid":"1", "tid":"wave"},
{"name":"ModelAdvance", "ph":"E", "ts":"1154200412", "pid":"1", "tid":"wave"},
{"name":"ModelSetRunClock", "ph":"B", "ts":"1157625383", "pid":"1", "tid":"wave"},
{"name":"ModelSetRunClock", "ph":"E", "ts":"1157625419", "pid":"1", "tid":"wave"},
{"name":"ModelAdvance", "ph":"B", "ts":"1157625513", "pid":"1", "tid":"wave"},
{"name":"ModelAdvance", "ph":"E", "ts":"1162195404", "pid":"1", "tid":"wave"},
{"name":"ModelSetRunClock", "ph":"B", "ts":"1164888623", "pid":"1", "tid":"wave"},
{"name":"ModelSetRunClock", "ph":"E", "ts":"1164888669", "pid":"1", "tid":"wave"},
{"name":"ModelAdvance", "ph":"B", "ts":"1164888766", "pid":"1", "tid":"wave"},
{"name":"ModelAdvance", "ph":"E", "ts":"1169473555", "pid":"1", "tid":"wave"},
{"name":"ModelSetRunClock", "ph":"B", "ts":"1172769415", "pid":"1", "tid":"wave"},
{"name":"ModelSetRunClock", "ph":"E", "ts":"1172769463", "pid":"1", "tid":"wave"},
{"name":"ModelAdvance", "ph":"B", "ts":"1172769571", "pid":"1", "tid":"wave"},
{"name":"ModelAdvance", "ph":"E", "ts":"1177353099", "pid":"1", "tid":"wave"},
{"name":"ModelSetRunClock", "ph":"B", "ts":"1180040976", "pid":"1", "tid":"wave"},
{"name":"ModelSetRunClock", "ph":"E", "ts":"1180041106", "pid":"1", "tid":"wave"},
{"name":"ModelAdvance", "ph":"B", "ts":"1180041229", "pid":"1", "tid":"wave"},
{"name":"ModelAdvance", "ph":"E", "ts":"1184617532", "pid":"1", "tid":"wave"},
{"name":"ModelSetRunClock", "ph":"B", "ts":"1188004456", "pid":"1", "tid":"wave"},
{"name":"ModelSetRunClock", "ph":"E", "ts":"1188004544", "pid":"1", "tid":"wave"},
{"name":"ModelAdvance", "ph":"B", "ts":"1188004647", "pid":"1", "tid":"wave"},
{"name":"ModelAdvance", "ph":"E", "ts":"1192596043", "pid":"1", "tid":"wave"},
{"name":"ModelSetRunClock", "ph":"B", "ts":"1195294373", "pid":"1", "tid":"wave"},
{"name":"ModelSetRunClock", "ph":"E", "ts":"1195294432", "pid":"1", "tid":"wave"},
{"name":"ModelAdvance", "ph":"B", "ts":"1195294524", "pid":"1", "tid":"wave"},
{"name":"ModelAdvance", "ph":"E", "ts":"1199852388", "pid":"1", "tid":"wave"},
{"name":"ModelSetRunClock", "ph":"B", "ts":"1203185400", "pid":"1", "tid":"wave"},
{"name":"ModelSetRunClock", "ph":"E", "ts":"1203185643", "pid":"1", "tid":"wave"},
{"name":"ModelAdvance", "ph":"B", "ts":"1203185835", "pid":"1", "tid":"wave"},
{"name":"ModelAdvance", "ph":"E", "ts":"1207747702", "pid":"1", "tid":"wave"},
{"name":"ModelSetRunClock", "ph":"B", "ts":"1210470909", "pid":"1", "tid":"wave"},
{"name":"ModelSetRunClock", "ph":"E", "ts":"1210470971", "pid":"1", "tid":"wave"},
{"name":"ModelAdvance", "ph":"B", "ts":"1210471059", "pid":"1", "tid":"wave"},
{"name":"ModelAdvance", "ph":"E", "ts":"1215011489", "pid":"1", "tid":"wave"},
{"name":"ModelSetRunClock", "ph":"B", "ts":"1218417018", "pid":"1", "tid":"wave"},
{"name":"ModelSetRunClock", "ph":"E", "ts":"1218417082", "pid":"1", "tid":"wave"},
{"name":"ModelAdvance", "ph":"B", "ts":"1218417184", "pid":"1", "tid":"wave"},
{"name":"ModelAdvance", "ph":"E", "ts":"1223000969", "pid":"1", "tid":"wave"},
{"name":"ModelSetRunClock", "ph":"B", "ts":"1225791485", "pid":"1", "tid":"wave"},
{"name":"ModelSetRunClock", "ph":"E", "ts":"1225791911", "pid":"1", "tid":"wave"},
{"name":"ModelAdvance", "ph":"B", "ts":"1225792034", "pid":"1", "tid":"wave"},
{"name":"ModelAdvance", "ph":"E", "ts":"1230336782", "pid":"1", "tid":"wave"},
{"name":"ModelSetRunClock", "ph":"B", "ts":"1233758012", "pid":"1", "tid":"wave"},
{"name":"ModelSetRunClock", "ph":"E", "ts":"1233758139", "pid":"1", "tid":"wave"},
{"name":"ModelAdvance", "ph":"B", "ts":"1233758254", "pid":"1", "tid":"wave"},
{"name":"ModelAdvance", "ph":"E", "ts":"1238309076", "pid":"1", "tid":"wave"},
{"name":"ModelSetRunClock", "ph":"B", "ts":"1241082395", "pid":"1", "tid":"wave"},
{"name":"ModelSetRunClock", "ph":"E", "ts":"1241082456", "pid":"1", "tid":"wave"},
{"name":"ModelAdvance", "ph":"B", "ts":"1241082614", "pid":"1", "tid":"wave"},
{"name":"ModelAdvance", "ph":"E", "ts":"1245620516", "pid":"1", "tid":"wave"},
{"name":"ModelSetRunClock", "ph":"B", "ts":"1249135061", "pid":"1", "tid":"wave"},
{"name":"ModelSetRunClock", "ph":"E", "ts":"1249135123", "pid":"1", "tid":"wave"},
{"name":"ModelAdvance", "ph":"B", "ts":"1249135207", "pid":"1", "tid":"wave"},
{"name":"ModelAdvance", "ph":"E", "ts":"1253678453", "pid":"1", "tid":"wave"},
{"name":"ModelSetRunClock", "ph":"B", "ts":"1256405036", "pid":"1", "tid":"wave"},
{"name":"ModelSetRunClock", "ph":"E", "ts":"1256405329", "pid":"1", "tid":"wave"},
{"name":"ModelAdvance", "ph":"B", "ts":"1256405470", "pid":"1", "tid":"wave"},
{"name":"ModelAdvance", "ph":"E", "ts":"1260984366", "pid":"1", "tid":"wave"},
{"name":"ModelSetRunClock", "ph":"B", "ts":"1264402977", "pid":"1", "tid":"wave"},
{"name":"ModelSetRunClock", "ph":"E", "ts":"1264403067", "pid":"1", "tid":"wave"},
{"name":"ModelAdvance", "ph":"B", "ts":"1264403236", "pid":"1", "tid":"wave"},
{"name":"ModelAdvance", "ph":"E", "ts":"1269012096", "pid":"1", "tid":"wave"},
{"name":"ModelSetRunClock", "ph":"B", "ts":"1271647743", "pid":"1", "tid":"wave"},
{"name":"ModelSetRunClock", "ph":"E", "ts":"1271647815", "pid":"1", "tid":"wave"},
{"name":"ModelAdvance", "ph":"B", "ts":"1271648014", "pid":"1", "tid":"wave"},
{"name":"ModelAdvance", "ph":"E", "ts":"1276245137", "pid":"1", "tid":"wave"},
{"name":"ModelSetRunClock", "ph":"B", "ts":"1279578801", "pid":"1", "tid":"wave"},
{"name":"ModelSetRunClock", "ph":"E", "ts":"1279578869", "pid":"1", "tid":"wave"},
{"name":"ModelAdvance", "ph":"B", "ts":"1279578966", "pid":"1", "tid":"wave"},
{"name":"ModelAdvance", "ph":"E", "ts":"1284194459", "pid":"1", "tid":"wave"},
{"name":"ModelSetRunClock", "ph":"B", "ts":"1286823521", "pid":"1", "tid":"wave"},
{"name":"ModelSetRunClock", "ph":"E", "ts":"1286823642", "pid":"1", "tid":"wave"},
{"name":"ModelAdvance", "ph":"B", "ts":"1286823758", "pid":"1", "tid":"wave"},
{"name":"ModelAdvance", "ph":"E", "ts":"1291440688", "pid":"1", "tid":"wave"},
{"name":"ModelSetRunClock", "ph":"B", "ts":"1294713025", "pid":"1", "tid":"wave"},
{"name":"ModelSetRunClock", "ph":"E", "ts":"1294713108", "pid":"1", "tid":"wave"},
{"name":"ModelAdvance", "ph":"B", "ts":"1294713285", "pid":"1", "tid":"wave"},
{"name":"ModelAdvance", "ph":"E", "ts":"1299305927", "pid":"1", "tid":"wave"},
{"name":"ModelSetRunClock", "ph":"B", "ts":"1301964701", "pid":"1", "tid":"wave"},
{"name":"ModelSetRunClock", "ph":"E", "ts":"1301964774", "pid":"1", "tid":"wave"},
{"name":"ModelAdvance", "ph":"B", "ts":"1301964882", "pid":"1", "tid":"wave"},
{"name":"ModelAdvance", "ph":"E", "ts":"1306537731", "pid":"1", "tid":"wave"},
{"name":"ModelSetRunClock", "ph":"B", "ts":"1309969116", "pid":"1", "tid":"wave"},
{"name":"ModelSetRunClock", "ph":"E", "ts":"1309969183", "pid":"1", "tid":"wave"},
{"name":"ModelAdvance", "ph":"B", "ts":"1309969358", "pid":"1", "tid":"wave"},
{"name":"ModelAdvance", "ph":"E", "ts":"1314500911", "pid":"1", "tid":"wave"},
{"name":"ModelSetRunClock", "ph":"B", "ts":"1317282864", "pid":"1", "tid":"wave"},
{"name":"ModelSetRunClock", "ph":"E", "ts":"1317282972", "pid":"1", "tid":"wave"},
{"name":"ModelAdvance", "ph":"B", "ts":"1317283081", "pid":"1", "tid":"wave"},
{"name":"ModelAdvance", "ph":"E", "ts":"1321778813", "pid":"1", "tid":"wave"},
{"name":"ModelSetRunClock", "ph":"B", "ts":"1325259221", "pid":"1", "tid":"wave"},
{"name":"ModelSetRunClock", "ph":"E", "ts":"1325259284", "pid":"1", "tid":"wave"},
{"name":"ModelAdvance", "ph":"B", "ts":"1325259372", "pid":"1", "tid":"wave"},
{"name":"ModelAdvance", "ph":"E", "ts":"1329910185", "pid":"1", "tid":"wave"},
{"name":"ModelSetRunClock", "ph":"B", "ts":"1332522055", "pid":"1", "tid":"wave"},
{"name":"ModelSetRunClock", "ph":"E", "ts":"1332522113", "pid":"1", "tid":"wave"},
{"name":"ModelAdvance", "ph":"B", "ts":"1332522223", "pid":"1", "tid":"wave"},
{"name":"ModelAdvance", "ph":"E", "ts":"1337336902", "pid":"1", "tid":"wave"},
{"name":"ModelSetRunClock", "ph":"B", "ts":"1340354899", "pid":"1", "tid":"wave"},
{"name":"ModelSetRunClock", "ph":"E", "ts":"1340354969", "pid":"1", "tid":"wave"},
{"name":"ModelAdvance", "ph":"B", "ts":"1340355065", "pid":"1", "tid":"wave"},
{"name":"ModelAdvance", "ph":"E", "ts":"1345191129", "pid":"1", "tid":"wave"},
{"name":"ModelSetRunClock", "ph":"B", "ts":"1347537286", "pid":"1", "tid":"wave"},
{"name":"ModelSetRunClock", "ph":"E", "ts":"1347537383", "pid":"1", "tid":"wave"},
{"name":"ModelAdvance", "ph":"B", "ts":"1347537532", "pid":"1", "tid":"wave"},
{"name":"ModelAdvance", "ph":"E", "ts":"1352423789", "pid":"1", "tid":"wave"},
{"name":"ModelSetRunClock", "ph":"B", "ts":"1355291248", "pid":"1", "tid":"wave"},
{"name":"ModelSetRunClock", "ph":"E", "ts":"1355291313", "pid":"1", "tid":"wave"},
{"name":"ModelAdvance", "ph":"B", "ts":"1355291406", "pid":"1", "tid":"wave"},
{"name":"ModelAdvance", "ph":"E", "ts":"1360272177", "pid":"1", "tid":"wave"},
{"name":"ModelSetRunClock", "ph":"B", "ts":"1362446156", "pid":"1", "tid":"wave"},
{"name":"ModelSetRunClock", "ph":"E", "ts":"1362446368", "pid":"1", "tid":"wave"},
{"name":"ModelAdvance", "ph":"B", "ts":"1362446531", "pid":"1", "tid":"wave"},
{"name":"ModelAdvance", "ph":"E", "ts":"1367584377", "pid":"1", "tid":"wave"},
{"name":"ModelSetRunClock", "ph":"B", "ts":"1370218686", "pid":"1", "tid":"wave"},
{"name":"ModelSetRunClock", "ph":"E", "ts":"1370218782", "pid":"1", "tid":"wave"},
{"name":"ModelAdvance", "ph":"B", "ts":"1370218902", "pid":"1", "tid":"wave"},
{"name":"ModelAdvance", "ph":"E", "ts":"1375132027", "pid":"1", "tid":"wave"},
{"name":"ModelSetRunClock", "ph":"B", "ts":"1377393216", "pid":"1", "tid":"wave"},
{"name":"ModelSetRunClock", "ph":"E", "ts":"1377393292", "pid":"1", "tid":"wave"},
{"name":"ModelAdvance", "ph":"B", "ts":"1377393394", "pid":"1", "tid":"wave"},
{"name":"ModelAdvance", "ph":"E", "ts":"1382301930", "pid":"1", "tid":"wave"},
{"name":"ModelSetRunClock", "ph":"B", "ts":"1385205497", "pid":"1", "tid":"wave"},
{"name":"ModelSetRunClock", "ph":"E", "ts":"1385205556", "pid":"1", "tid":"wave"},
{"name":"ModelAdvance", "ph":"B", "ts":"1385205637", "pid":"1", "tid":"wave"},
{"name":"ModelAdvance", "ph":"E", "ts":"1390164491", "pid":"1", "tid":"wave"},
{"name":"ModelSetRunClock", "ph":"B", "ts":"1392316606", "pid":"1", "tid":"wave"},
{"name":"ModelSetRunClock", "ph":"E", "ts":"1392316695", "pid":"1", "tid":"wave"},
{"name":"ModelAdvance", "ph":"B", "ts":"1392317169", "pid":"1", "tid":"wave"},
{"name":"ModelAdvance", "ph":"E", "ts":"1397418978", "pid":"1", "tid":"wave"},
{"name":"ModelSetRunClock", "ph":"B", "ts":"1400057355", "pid":"1", "tid":"wave"},
{"name":"ModelSetRunClock", "ph":"E", "ts":"1400057419", "pid":"1", "tid":"wave"},
{"name":"ModelAdvance", "ph":"B", "ts":"1400057537", "pid":"1", "tid":"wave"},
{"name":"ModelAdvance", "ph":"E", "ts":"1405311681", "pid":"1", "tid":"wave"},
{"name":"ModelSetRunClock", "ph":"B", "ts":"1407211802", "pid":"1", "tid":"wave"},
{"name":"ModelSetRunClock", "ph":"E", "ts":"1407211897", "pid":"1", "tid":"wave"},
{"name":"ModelAdvance", "ph":"B", "ts":"1407212012", "pid":"1", "tid":"wave"},
{"name":"ModelAdvance", "ph":"E", "ts":"1412541303", "pid":"1", "tid":"wave"},
{"name":"ModelSetRunClock", "ph":"B", "ts":"1415058138", "pid":"1", "tid":"wave"},
{"name":"ModelSetRunClock", "ph":"E", "ts":"1415058210", "pid":"1", "tid":"wave"},
{"name":"ModelAdvance", "ph":"B", "ts":"1415058384", "pid":"1", "tid":"wave"},
{"name":"ModelAdvance", "ph":"E", "ts":"1420512620", "pid":"1", "tid":"wave"},
{"name":"ModelFinalize", "ph":"B", "ts":"1420518834", "pid":"1", "tid":"wave"},
{"name":"ModelFinalize", "ph":"E", "ts":"1420518859", "pid":"1", "tid":"wave"},
