{"name":"SetServices", "ph":"B", "ts":"320024997", "pid":"1", "tid":"mom"},
{"name":"SetServices", "ph":"E", "ts":"320027662", "pid":"1", "tid":"mom"},
{"name":"InitializeP0", "ph":"B", "ts":"321213954", "pid":"1", "tid":"mom"},
{"name":"InitializeP0", "ph":"E", "ts":"321214360", "pid":"1", "tid":"mom"},
{"name":"InitializeAdvertise", "ph":"B", "ts":"361962238", "pid":"1", "tid":"mom"},
{"name":"InitializeAdvertise", "ph":"E", "ts":"424093139", "pid":"1", "tid":"mom"},
{"name":"InitializeRealize", "ph":"B", "ts":"570630759", "pid":"1", "tid":"mom"},
{"name":"InitializeRealize", "ph":"E", "ts":"575950358", "pid":"1", "tid":"mom"},
{"name":"DataInitialize", "ph":"B", "ts":"615955661", "pid":"1", "tid":"mom"},
{"name":"DataInitialize", "ph":"E", "ts":"615956833", "pid":"1", "tid":"mom"},
{"name":"ModelSetRunClock", "ph":"B", "ts":"685259346", "pid":"1", "tid":"mom"},
{"name":"ModelSetRunClock", "ph":"E", "ts":"685268514", "pid":"1", "tid":"mom"},
{"name":"ModelAdvance", "ph":"B", "ts":"685268687", "pid":"1", "tid":"mom"},
{"name":"ModelAdvance", "ph":"E", "ts":"691518611", "pid":"1", "tid":"mom"},
{"name":"ModelSetRunClock", "ph":"B", "ts":"699244781", "pid":"1", "tid":"mom"},
{"name":"ModelSetRunClock", "ph":"E", "ts":"699244846", "pid":"1", "tid":"mom"},
{"name":"ModelAdvance", "ph":"B", "ts":"699245040", "pid":"1", "tid":"mom"},
{"name":"ModelAdvance", "ph":"E", "ts":"704600445", "pid":"1", "tid":"mom"},
{"name":"ModelSetRunClock", "ph":"B", "ts":"706493533", "pid":"1", "tid":"mom"},
{"name":"ModelSetRunClock", "ph":"E", "ts":"706493605", "pid":"1", "tid":"mom"},
{"name":"ModelAdvance", "ph":"B", "ts":"706493770", "pid":"1", "tid":"mom"},
{"name":"ModelAdvance", "ph":"E", "ts":"711843382", "pid":"1", "tid":"mom"},
{"name":"ModelSetRunClock", "ph":"B", "ts":"714405678", "pid":"1", "tid":"mom"},
{"name":"ModelSetRunClock", "ph":"E", "ts":"714405767", "pid":"1", "tid":"mom"},
{"name":"ModelAdvance", "ph":"B", "ts":"714406015", "pid":"1", "tid":"mom"},
{"name":"ModelAdvance", "ph":"E", "ts":"719756483", "pid":"1", "tid":"mom"},
{"name":"ModelSetRunClock", "ph":"B", "ts":"721675918", "pid":"1", "tid":"mom"},
{"name":"ModelSetRunClock", "ph":"E", "ts":"721675997", "pid":"1", "tid":"mom"},
{"name":"ModelAdvance", "ph":"B", "ts":"721676180", "pid":"1", "tid":"mom"},
{"name":"ModelAdvance", "ph":"E", "ts":"727023068", "pid":"1", "tid":"mom"},
{"name":"ModelSetRunClock", "ph":"B", "ts":"729944411", "pid":"1", "tid":"mom"},
{"name":"ModelSetRunClock", "ph":"E", "ts":"729944487", "pid":"1", "tid":"mom"},
{"name":"ModelAdvance", "ph":"B", "ts":"729944655", "pid":"1", "tid":"mom"},
{"name":"ModelAdvance", "ph":"E", "ts":"735374997", "pid":"1", "tid":"mom"},
{"name":"ModelSetRunClock", "ph":"B", "ts":"753010061", "pid":"1", "tid":"mom"},
{"name":"ModelSetRunClock", "ph":"E", "ts":"753010226", "pid":"1", "tid":"mom"},
{"name":"ModelAdvance", "ph":"B", "ts":"753010384", "pid":"1", "tid":"mom"},
{"name":"ModelAdvance", "ph":"E", "ts":"758434389", "pid":"1", "tid":"mom"},
{"name":"ModelSetRunClock", "ph":"B", "ts":"761030703", "pid":"1", "tid":"mom"},
{"name":"ModelSetRunClock", "ph":"E", "ts":"761030774", "pid":"1", "tid":"mom"},
{"name":"ModelAdvance", "ph":"B", "ts":"761030942", "pid":"1", "tid":"mom"},
{"name":"ModelAdvance", "ph":"E", "ts":"766451409", "pid":"1", "tid":"mom"},
{"name":"ModelSetRunClock", "ph":"B", "ts":"768337326", "pid":"1", "tid":"mom"},
{"name":"ModelSetRunClock", "ph":"E", "ts":"768337398", "pid":"1", "tid":"mom"},
{"name":"ModelAdvance", "ph":"B", "ts":"768337576", "pid":"1", "tid":"mom"},
{"name":"ModelAdvance", "ph":"E", "ts":"773710671", "pid":"1", "tid":"mom"},
{"name":"ModelSetRunClock", "ph":"B", "ts":"776315872", "pid":"1", "tid":"mom"},
{"name":"ModelSetRunClock", "ph":"E", "ts":"776315959", "pid":"1", "tid":"mom"},
{"name":"ModelAdvance", "ph":"B", "ts":"776316138", "pid":"1", "tid":"mom"},
{"name":"ModelAdvance", "ph":"E", "ts":"781714590", "pid":"1", "tid":"mom"},
{"name":"ModelSetRunClock", "ph":"B", "ts":"783736867", "pid":"1", "tid":"mom"},
{"name":"ModelSetRunClock", "ph":"E", "ts":"783736952", "pid":"1", "tid":"mom"},
{"name":"ModelAdvance", "ph":"B", "ts":"783737311", "pid":"1", "tid":"mom"},
{"name":"ModelAdvance", "ph":"E", "ts":"789154937", "pid":"1", "tid":"mom"},
{"name":"ModelSetRunClock", "ph":"B", "ts":"791750852", "pid":"1", "tid":"mom"},
{"name":"ModelSetRunClock", "ph":"E", "ts":"791750923", "pid":"1", "tid":"mom"},
{"name":"ModelAdvance", "ph":"B", "ts":"791751095", "pid":"1", "tid":"mom"},
{"name":"ModelAdvance", "ph":"E", "ts":"797068489", "pid":"1", "tid":"mom"},
{"name":"ModelSetRunClock", "ph":"B", "ts":"799181306", "pid":"1", "tid":"mom"},
{"name":"ModelSetRunClock", "ph":"E", "ts":"799181362", "pid":"1", "tid":"mom"},
{"name":"ModelAdvance", "ph":"B", "ts":"799181514", "pid":"1", "tid":"mom"},
{"name":"ModelAdvance", "ph":"E", "ts":"804424976", "pid":"1", "tid":"mom"},
{"name":"ModelSetRunClock", "ph":"B", "ts":"807183570", "pid":"1", "tid":"mom"},
{"name":"ModelSetRunClock", "ph":"E", "ts":"807183642", "pid":"1", "tid":"mom"},
{"name":"ModelAdvance", "ph":"B", "ts":"807183811", "pid":"1", "tid":"mom"},
{"name":"ModelAdvance", "ph":"E", "ts":"812449253", "pid":"1", "tid":"mom"},
{"name":"ModelSetRunClock", "ph":"B", "ts":"814513339", "pid":"1", "tid":"mom"},
{"name":"ModelSetRunClock", "ph":"E", "ts":"814513406", "pid":"1", "tid":"mom"},
{"name":"ModelAdvance", "ph":"B", "ts":"814513572", "pid":"1", "tid":"mom"},
{"name":"ModelAdvance", "ph":"E", "ts":"819785657", "pid":"1", "tid":"mom"},
{"name":"ModelSetRunClock", "ph":"B", "ts":"822738534", "pid":"1", "tid":"mom"},
{"name":"ModelSetRunClock", "ph":"E", "ts":"822738613", "pid":"1", "tid":"mom"},
{"name":"ModelAdvance", "ph":"B", "ts":"822738810", "pid":"1", "tid":"mom"},
{"name":"ModelAdvance", "ph":"E", "ts":"827970551", "pid":"1", "tid":"mom"},
{"name":"ModelSetRunClock", "ph":"B", "ts":"830451127", "pid":"1", "tid":"mom"},
{"name":"ModelSetRunClock", "ph":"E", "ts":"830451211", "pid":"1", "tid":"mom"},
{"name":"ModelAdvance", "ph":"B", "ts":"830451379", "pid":"1", "tid":"mom"},
{"name":"ModelAdvance", "ph":"E", "ts":"835709968", "pid":"1", "tid":"mom"},
{"name":"ModelSetRunClock", "ph":"B", "ts":"838675883", "pid":"1", "tid":"mom"},
{"name":"ModelSetRunClock", "ph":"E", "ts":"838675950", "pid":"1", "tid":"mom"},
{"name":"ModelAdvance", "ph":"B", "ts":"838676116", "pid":"1", "tid":"mom"},
{"name":"ModelAdvance", "ph":"E", "ts":"843991455", "pid":"1", "tid":"mom"},
{"name":"ModelSetRunClock", "ph":"B", "ts":"846578836", "pid":"1", "tid":"mom"},
{"name":"ModelSetRunClock", "ph":"E", "ts":"846578896", "pid":"1", "tid":"mom"},
{"name":"ModelAdvance", "ph":"B", "ts":"846579060", "pid":"1", "tid":"mom"},
{"name":"ModelAdvance", "ph":"E", "ts":"851836078", "pid":"1", "tid":"mom"},
{"name":"ModelSetRunClock", "ph":"B", "ts":"854976662", "pid":"1", "tid":"mom"},
{"name":"ModelSetRunClock", "ph":"E", "ts":"854976733", "pid":"1", "tid":"mom"},
{"name":"ModelAdvance", "ph":"B", "ts":"854976919", "pid":"1", "tid":"mom"},
{"name":"ModelAdvance", "ph":"E", "ts":"860238122", "pid":"1", "tid":"mom"},
{"name":"ModelSetRunClock", "ph":"B", "ts":"862599969", "pid":"1", "tid":"mom"},
{"name":"ModelSetRunClock", "ph":"E", "ts":"862600049", "pid":"1", "tid":"mom"},
{"name":"ModelAdvance", "ph":"B", "ts":"862600221", "pid":"1", "tid":"mom"},
{"name":"ModelAdvance", "ph":"E", "ts":"867834022", "pid":"1", "tid":"mom"},
{"name":"ModelSetRunClock", "ph":"B", "ts":"871128356", "pid":"1", "tid":"mom"},
{"name":"ModelSetRunClock", "ph":"E", "ts":"871128429", "pid":"1", "tid":"mom"},
{"name":"ModelAdvance", "ph":"B", "ts":"871128605", "pid":"1", "tid":"mom"},
{"name":"ModelAdvance", "ph":"E", "ts":"876352125", "pid":"1", "tid":"mom"},
{"name":"ModelSetRunClock", "ph":"B", "ts":"879209319", "pid":"1", "tid":"mom"},
{"name":"ModelSetRunClock", "ph":"E", "ts":"879209391", "pid":"1", "tid":"mom"},
{"name":"ModelAdvance", "ph":"B", "ts":"879209551", "pid":"1", "tid":"mom"},
{"name":"ModelAdvance", "ph":"E", "ts":"884426539", "pid":"1", "tid":"mom"},
{"name":"ModelSetRunClock", "ph":"B", "ts":"887511884", "pid":"1", "tid":"mom"},
{"name":"ModelSetRunClock", "ph":"E", "ts":"887511954", "pid":"1", "tid":"mom"},
{"name":"ModelAdvance", "ph":"B", "ts":"887512224", "pid":"1", "tid":"mom"},
{"name":"ModelAdvance", "ph":"E", "ts":"892795833", "pid":"1", "tid":"mom"},
{"name":"ModelSetRunClock", "ph":"B", "ts":"895211777", "pid":"1", "tid":"mom"},
{"name":"ModelSetRunClock", "ph":"E", "ts":"895211840", "pid":"1", "tid":"mom"},
{"name":"ModelAdvance", "ph":"B", "ts":"895212004", "pid":"1", "tid":"mom"},
{"name":"ModelAdvance", "ph":"E", "ts":"900435299", "pid":"1", "tid":"mom"},
{"name":"ModelSetRunClock", "ph":"B", "ts":"903180415", "pid":"1", "tid":"mom"},
{"name":"ModelSetRunClock", "ph":"E", "ts":"903180486", "pid":"1", "tid":"mom"},
{"name":"ModelAdvance", "ph":"B", "ts":"903180650", "pid":"1", "tid":"mom"},
{"name":"ModelAdvance", "ph":"E", "ts":"908388877", "pid":"1", "tid":"mom"},
{"name":"ModelSetRunClock", "ph":"B", "ts":"910412272", "pid":"1", "tid":"mom"},
{"name":"ModelSetRunClock", "ph":"E", "ts":"910412354", "pid":"1", "tid":"mom"},
{"name":"ModelAdvance", "ph":"B", "ts":"910412537", "pid":"1", "tid":"mom"},
{"name":"ModelAdvance", "ph":"E", "ts":"915601242", "pid":"1", "tid":"mom"},
{"name":"ModelSetRunClock", "ph":"B", "ts":"918317314", "pid":"1", "tid":"mom"},
{"name":"ModelSetRunClock", "ph":"E", "ts":"918317383", "pid":"1", "tid":"mom"},
{"name":"ModelAdvance", "ph":"B", "ts":"918317549", "pid":"1", "tid":"mom"},
{"name":"ModelAdvance", "ph":"E", "ts":"923496038", "pid":"1", "tid":"mom"},
{"name":"ModelSetRunClock", "ph":"B", "ts":"925525589", "pid":"1", "tid":"mom"},
{"name":"ModelSetRunClock", "ph":"E", "ts":"925525656", "pid":"1", "tid":"mom"},
{"name":"ModelAdvance", "ph":"B", "ts":"925525848", "pid":"1", "tid":"mom"},
{"name":"ModelAdvance", "ph":"E", "ts":"930714171", "pid":"1", "tid":"mom"},
{"name":"ModelSetRunClock", "ph":"B", "ts":"933729934", "pid":"1", "tid":"mom"},
{"name":"ModelSetRunClock", "ph":"E", "ts":"933730000", "pid":"1", "tid":"mom"},
{"name":"ModelAdvance", "ph":"B", "ts":"933730157", "pid":"1", "tid":"mom"},
{"name":"ModelAdvance", "ph":"E", "ts":"938980344", "pid":"1", "tid":"mom"},
{"name":"ModelSetRunClock", "ph":"B", "ts":"941062945", "pid":"1", "tid":"mom"},
{"name":"ModelSetRunClock", "ph":"E", "ts":"941063026", "pid":"1", "tid":"mom"},
{"name":"ModelAdvance", "ph":"B", "ts":"941063208", "pid":"1", "tid":"mom"},
{"name":"ModelAdvance", "ph":"E", "ts":"946244167", "pid":"1", "tid":"mom"},
{"name":"ModelSetRunClock", "ph":"B", "ts":"948938149", "pid":"1", "tid":"mom"},
{"name":"ModelSetRunClock", "ph":"E", "ts":"948938429", "pid":"1", "tid":"mom"},
{"name":"ModelAdvance", "ph":"B", "ts":"948938623", "pid":"1", "tid":"mom"},
{"name":"ModelAdvance", "ph":"E", "ts":"954086543", "pid":"1", "tid":"mom"},
{"name":"ModelSetRunClock", "ph":"B", "ts":"956154219", "pid":"1", "tid":"mom"},
{"name":"ModelSetRunClock", "ph":"E", "ts":"956154289", "pid":"1", "tid":"mom"},
{"name":"ModelAdvance", "ph":"B", "ts":"956154469", "pid":"1", "tid":"mom"},
{"name":"ModelAdvance", "ph":"E", "ts":"961317140", "pid":"1", "tid":"mom"},
{"name":"ModelSetRunClock", "ph":"B", "ts":"964012412", "pid":"1", "tid":"mom"},
{"name":"ModelSetRunClock", "ph":"E", "ts":"964012479", "pid":"1", "tid":"mom"},
{"name":"ModelAdvance", "ph":"B", "ts":"964012639", "pid":"1", "tid":"mom"},
{"name":"ModelAdvance", "ph":"E", "ts":"969171974", "pid":"1", "tid":"mom"},
{"name":"ModelSetRunClock", "ph":"B", "ts":"971108516", "pid":"1", "tid":"mom"},
{"name":"ModelSetRunClock", "ph":"E", "ts":"971108591", "pid":"1", "tid":"mom"},
{"name":"ModelAdvance", "ph":"B", "ts":"971108768", "pid":"1", "tid":"mom"},
{"name":"ModelAdvance", "ph":"E", "ts":"976262688", "pid":"1", "tid":"mom"},
{"name":"ModelSetRunClock", "ph":"B", "ts":"978895894", "pid":"1", "tid":"mom"},
{"name":"ModelSetRunClock", "ph":"E", "ts":"978895960", "pid":"1", "tid":"mom"},
{"name":"ModelAdvance", "ph":"B", "ts":"978896127", "pid":"1", "tid":"mom"},
{"name":"ModelAdvance", "ph":"E", "ts":"984126337", "pid":"1", "tid":"mom"},
{"name":"ModelSetRunClock", "ph":"B", "ts":"986117284", "pid":"1", "tid":"mom"},
{"name":"ModelSetRunClock", "ph":"E", "ts":"986117374", "pid":"1", "tid":"mom"},
{"name":"ModelAdvance", "ph":"B", "ts":"986117731", "pid":"1", "tid":"mom"},
{"name":"ModelAdvance", "ph":"E", "ts":"991287141", "pid":"1", "tid":"mom"},
{"name":"ModelSetRunClock", "ph":"B", "ts":"993930178", "pid":"1", "tid":"mom"},
{"name":"ModelSetRunClock", "ph":"E", "ts":"993930243", "pid":"1", "tid":"mom"},
{"name":"ModelAdvance", "ph":"B", "ts":"993930399", "pid":"1", "tid":"mom"},
{"name":"ModelAdvance", "ph":"E", "ts":"999133376", "pid":"1", "tid":"mom"},
{"name":"ModelSetRunClock", "ph":"B", "ts":"1001238098", "pid":"1", "tid":"mom"},
{"name":"ModelSetRunClock", "ph":"E", "ts":"1001238167", "pid":"1", "tid":"mom"},
{"name":"ModelAdvance", "ph":"B", "ts":"1001238329", "pid":"1", "tid":"mom"},
{"name":"ModelAdvance", "ph":"E", "ts":"1006436049", "pid":"1", "tid":"mom"},
{"name":"ModelSetRunClock", "ph":"B", "ts":"1009420420", "pid":"1", "tid":"mom"},
{"name":"ModelSetRunClock", "ph":"E", "ts":"1009420508", "pid":"1", "tid":"mom"},
{"name":"ModelAdvance", "ph":"B", "ts":"1009420774", "pid":"1", "tid":"mom"},
{"name":"ModelAdvance", "ph":"E", "ts":"1014633975", "pid":"1", "tid":"mom"},
{"name":"ModelSetRunClock", "ph":"B", "ts":"1017137478", "pid":"1", "tid":"mom"},
{"name":"ModelSetRunClock", "ph":"E", "ts":"1017137543", "pid":"1", "tid":"mom"},
{"name":"ModelAdvance", "ph":"B", "ts":"1017137709", "pid":"1", "tid":"mom"},
{"name":"ModelAdvance", "ph":"E", "ts":"1022325017", "pid":"1", "tid":"mom"},
{"name":"ModelSetRunClock", "ph":"B", "ts":"1025588070", "pid":"1", "tid":"mom"},
{"name":"ModelSetRunClock", "ph":"E", "ts":"1025588145", "pid":"1", "tid":"mom"},
{"name":"ModelAdvance", "ph":"B", "ts":"1025588315", "pid":"1", "tid":"mom"},
{"name":"ModelAdvance", "ph":"E", "ts":"1030832135", "pid":"1", "tid":"mom"},
{"name":"ModelSetRunClock", "ph":"B", "ts":"1033273557", "pid":"1", "tid":"mom"},
{"name":"ModelSetRunClock", "ph":"E", "ts":"1033273641", "pid":"1", "tid":"mom"},
{"name":"ModelAdvance", "ph":"B", "ts":"1033273861", "pid":"1", "tid":"mom"},
{"name":"ModelAdvance", "ph":"E", "ts":"1038431064", "pid":"1", "tid":"mom"},
{"name":"ModelSetRunClock", "ph":"B", "ts":"1065265037", "pid":"1", "tid":"mom"},
{"name":"ModelSetRunClock", "ph":"E", "ts":"1065265218", "pid":"1", "tid":"mom"},
{"name":"ModelAdvance", "ph":"B", "ts":"1065265392", "pid":"1", "tid":"mom"},
{"name":"ModelAdvance", "ph":"E", "ts":"1070419265", "pid":"1", "tid":"mom"},
{"name":"ModelSetRunClock", "ph":"B", "ts":"1072625045", "pid":"1", "tid":"mom"},
{"name":"ModelSetRunClock", "ph":"E", "ts":"1072625112", "pid":"1", "tid":"mom"},
{"name":"ModelAdvance", "ph":"B", "ts":"1072625278", "pid":"1", "tid":"mom"},
{"name":"ModelAdvance", "ph":"E", "ts":"1077763245", "pid":"1", "tid":"mom"},
{"name":"ModelSetRunClock", "ph":"B", "ts":"1080603350", "pid":"1", "tid":"mom"},
{"name":"ModelSetRunClock", "ph":"E", "ts":"1080603438", "pid":"1", "tid":"mom"},
{"name":"ModelAdvance", "ph":"B", "ts":"1080603622", "pid":"1", "tid":"mom"},
{"name":"ModelAdvance", "ph":"E", "ts":"1085773411", "pid":"1", "tid":"mom"},
{"name":"ModelSetRunClock", "ph":"B", "ts":"1087905178", "pid":"1", "tid":"mom"},
{"name":"ModelSetRunClock", "ph":"E", "ts":"1087905273", "pid":"1", "tid":"mom"},
{"name":"ModelAdvance", "ph":"B", "ts":"1087905460", "pid":"1", "tid":"mom"},
{"name":"ModelAdvance", "ph":"E", "ts":"1093103655", "pid":"1", "tid":"mom"},
{"name":"ModelSetRunClock", "ph":"B", "ts":"1095819875", "pid":"1", "tid":"mom"},
{"name":"ModelSetRunClock", "ph":"E", "ts":"1095819951", "pid":"1", "tid":"mom"},
{"name":"ModelAdvance", "ph":"B", "ts":"1095820117", "pid":"1", "tid":"mom"},
{"name":"ModelAdvance", "ph":"E", "ts":"1101067578", "pid":"1", "tid":"mom"},
{"name":"ModelSetRunClock", "ph":"B", "ts":"1103264104", "pid":"1", "tid":"mom"},
{"name":"ModelSetRunClock", "ph":"E", "ts":"1103264174", "pid":"1", "tid":"mom"},
{"name":"ModelAdvance", "ph":"B", "ts":"1103264334", "pid":"1", "tid":"mom"},
{"name":"ModelAdvance", "ph":"E", "ts":"1108446748", "pid":"1", "tid":"mom"},
{"name":"ModelSetRunClock", "ph":"B", "ts":"1111333599", "pid":"1", "tid":"mom"},
{"name":"ModelSetRunClock", "ph":"E", "ts":"1111333781", "pid":"1", "tid":"mom"},
{"name":"ModelAdvance", "ph":"B", "ts":"1111333983", "pid":"1", "tid":"mom"},
{"name":"ModelAdvance", "ph":"E", "ts":"1116523192", "pid":"1", "tid":"mom"},
{"name":"ModelSetRunClock", "ph":"B", "ts":"1118635058", "pid":"1", "tid":"mom"},
{"name":"ModelSetRunClock", "ph":"E", "ts":"1118635133", "pid":"1", "tid":"mom"},
{"name":"ModelAdvance", "ph":"B", "ts":"1118635321", "pid":"1", "tid":"mom"},
{"name":"ModelAdvance", "ph":"E", "ts":"1123823056", "pid":"1", "tid":"mom"},
{"name":"ModelSetRunClock", "ph":"B", "ts":"1126612815", "pid":"1", "tid":"mom"},
{"name":"ModelSetRunClock", "ph":"E", "ts":"1126612885", "pid":"1", "tid":"mom"},
{"name":"ModelAdvance", "ph":"B", "ts":"1126613052", "pid":"1", "tid":"mom"},
{"name":"ModelAdvance", "ph":"E", "ts":"1131823541", "pid":"1", "tid":"mom"},
{"name":"ModelSetRunClock", "ph":"B", "ts":"1134133727", "pid":"1", "tid":"mom"},
{"name":"ModelSetRunClock", "ph":"E", "ts":"1134133811", "pid":"1", "tid":"mom"},
{"name":"ModelAdvance", "ph":"B", "ts":"1134133996", "pid":"1", "tid":"mom"},
{"name":"ModelAdvance", "ph":"E", "ts":"1139302611", "pid":"1", "tid":"mom"},
{"name":"ModelSetRunClock", "ph":"B", "ts":"1142089091", "pid":"1", "tid":"mom"},
{"name":"ModelSetRunClock", "ph":"E", "ts":"1142089173", "pid":"1", "tid":"mom"},
{"name":"ModelAdvance", "ph":"B", "ts":"1142089347", "pid":"1", "tid":"mom"},
{"name":"ModelAdvance", "ph":"E", "ts":"1147320319", "pid":"1", "tid":"mom"},
{"name":"ModelSetRunClock", "ph":"B", "ts":"1149611374", "pid":"1", "tid":"mom"},
{"name":"ModelSetRunClock", "ph":"E", "ts":"1149611459", "pid":"1", "tid":"mom"},
{"name":"ModelAdvance", "ph":"B", "ts":"1149611634", "pid":"1", "tid":"mom"},
{"name":"ModelAdvance", "ph":"E", "ts":"1154804727", "pid":"1", "tid":"mom"},
{"name":"ModelSetRunClock", "ph":"B", "ts":"1157635917", "pid":"1", "tid":"mom"},
{"name":"ModelSetRunClock", "ph":"E", "ts":"1157635977", "pid":"1", "tid":"mom"},
{"name":"ModelAdvance", "ph":"B", "ts":"1157636128", "pid":"1", "tid":"mom"},
{"name":"ModelAdvance", "ph":"E", "ts":"1162814701", "pid":"1", "tid":"mom"},
{"name":"ModelSetRunClock", "ph":"B", "ts":"1164897803", "pid":"1", "tid":"mom"},
{"name":"ModelSetRunClock", "ph":"E", "ts":"1164897877", "pid":"1", "tid":"mom"},
{"name":"ModelAdvance", "ph":"B", "ts":"1164898047", "pid":"1", "tid":"mom"},
{"name":"ModelAdvance", "ph":"E", "ts":"1170047000", "pid":"1", "tid":"mom"},
{"name":"ModelSetRunClock", "ph":"B", "ts":"1172781448", "pid":"1", "tid":"mom"},
{"name":"ModelSetRunClock", "ph":"E", "ts":"1172781524", "pid":"1", "tid":"mom"},
{"name":"ModelAdvance", "ph":"B", "ts":"1172781702", "pid":"1", "tid":"mom"},
{"name":"ModelAdvance", "ph":"E", "ts":"1177934842", "pid":"1", "tid":"mom"},
{"name":"ModelSetRunClock", "ph":"B", "ts":"1180049699", "pid":"1", "tid":"mom"},
{"name":"ModelSetRunClock", "ph":"E", "ts":"1180049771", "pid":"1", "tid":"mom"},
{"name":"ModelAdvance", "ph":"B", "ts":"1180049966", "pid":"1", "tid":"mom"},
{"name":"ModelAdvance", "ph":"E", "ts":"1185206692", "pid":"1", "tid":"mom"},
{"name":"ModelSetRunClock", "ph":"B", "ts":"1188005910", "pid":"1", "tid":"mom"},
{"name":"ModelSetRunClock", "ph":"E", "ts":"1188005980", "pid":"1", "tid":"mom"},
{"name":"ModelAdvance", "ph":"B", "ts":"1188006147", "pid":"1", "tid":"mom"},
{"name":"ModelAdvance", "ph":"E", "ts":"1193236044", "pid":"1", "tid":"mom"},
{"name":"ModelSetRunClock", "ph":"B", "ts":"1195305907", "pid":"1", "tid":"mom"},
{"name":"ModelSetRunClock", "ph":"E", "ts":"1195305972", "pid":"1", "tid":"mom"},
{"name":"ModelAdvance", "ph":"B", "ts":"1195306139", "pid":"1", "tid":"mom"},
{"name":"ModelAdvance", "ph":"E", "ts":"1200481099", "pid":"1", "tid":"mom"},
{"name":"ModelSetRunClock", "ph":"B", "ts":"1203198645", "pid":"1", "tid":"mom"},
{"name":"ModelSetRunClock", "ph":"E", "ts":"1203198720", "pid":"1", "tid":"mom"},
{"name":"ModelAdvance", "ph":"B", "ts":"1203198883", "pid":"1", "tid":"mom"},
{"name":"ModelAdvance", "ph":"E", "ts":"1208348919", "pid":"1", "tid":"mom"},
{"name":"ModelSetRunClock", "ph":"B", "ts":"1210482741", "pid":"1", "tid":"mom"},
{"name":"ModelSetRunClock", "ph":"E", "ts":"1210482808", "pid":"1", "tid":"mom"},
{"name":"ModelAdvance", "ph":"B", "ts":"1210482965", "pid":"1", "tid":"mom"},
{"name":"ModelAdvance", "ph":"E", "ts":"1215666464", "pid":"1", "tid":"mom"},
{"name":"ModelSetRunClock", "ph":"B", "ts":"1218425261", "pid":"1", "tid":"mom"},
{"name":"ModelSetRunClock", "ph":"E", "ts":"1218425325", "pid":"1", "tid":"mom"},
{"name":"ModelAdvance", "ph":"B", "ts":"1218425492", "pid":"1", "tid":"mom"},
{"name":"ModelAdvance", "ph":"E", "ts":"1223588014", "pid":"1", "tid":"mom"},
{"name":"ModelSetRunClock", "ph":"B", "ts":"1225799532", "pid":"1", "tid":"mom"},
{"name":"ModelSetRunClock", "ph":"E", "ts":"1225799598", "pid":"1", "tid":"mom"},
{"name":"ModelAdvance", "ph":"B", "ts":"1225799762", "pid":"1", "tid":"mom"},
{"name":"ModelAdvance", "ph":"E", "ts":"1230973045", "pid":"1", "tid":"mom"},
{"name":"ModelSetRunClock", "ph":"B", "ts":"1233768701", "pid":"1", "tid":"mom"},
{"name":"ModelSetRunClock", "ph":"E", "ts":"1233768797", "pid":"1", "tid":"mom"},
{"name":"ModelAdvance", "ph":"B", "ts":"1233768988", "pid":"1", "tid":"mom"},
{"name":"ModelAdvance", "ph":"E", "ts":"1239017027", "pid":"1", "tid":"mom"},
{"name":"ModelSetRunClock", "ph":"B", "ts":"1241092198", "pid":"1", "tid":"mom"},
{"name":"ModelSetRunClock", "ph":"E", "ts":"1241092262", "pid":"1", "tid":"mom"},
{"name":"ModelAdvance", "ph":"B", "ts":"1241092421", "pid":"1", "tid":"mom"},
{"name":"ModelAdvance", "ph":"E", "ts":"1246259663", "pid":"1", "tid":"mom"},
{"name":"ModelSetRunClock", "ph":"B", "ts":"1249143819", "pid":"1", "tid":"mom"},
{"name":"ModelSetRunClock", "ph":"E", "ts":"1249143894", "pid":"1", "tid":"mom"},
{"name":"ModelAdvance", "ph":"B", "ts":"1249144057", "pid":"1", "tid":"mom"},
{"name":"ModelAdvance", "ph":"E", "ts":"1254325993", "pid":"1", "tid":"mom"},
{"name":"ModelSetRunClock", "ph":"B", "ts":"1256413205", "pid":"1", "tid":"mom"},
{"name":"ModelSetRunClock", "ph":"E", "ts":"1256413276", "pid":"1", "tid":"mom"},
{"name":"ModelAdvance", "ph":"B", "ts":"1256413447", "pid":"1", "tid":"mom"},
{"name":"ModelAdvance", "ph":"E", "ts":"1261598379", "pid":"1", "tid":"mom"},
{"name":"ModelSetRunClock", "ph":"B", "ts":"1264413454", "pid":"1", "tid":"mom"},
{"name":"ModelSetRunClock", "ph":"E", "ts":"1264413531", "pid":"1", "tid":"mom"},
{"name":"ModelAdvance", "ph":"B", "ts":"1264413707", "pid":"1", "tid":"mom"},
{"name":"ModelAdvance", "ph":"E", "ts":"1269607489", "pid":"1", "tid":"mom"},
{"name":"ModelSetRunClock", "ph":"B", "ts":"1271661199", "pid":"1", "tid":"mom"},
{"name":"ModelSetRunClock", "ph":"E", "ts":"1271661282", "pid":"1", "tid":"mom"},
{"name":"ModelAdvance", "ph":"B", "ts":"1271661479", "pid":"1", "tid":"mom"},
{"name":"ModelAdvance", "ph":"E", "ts":"1276862366", "pid":"1", "tid":"mom"},
{"name":"ModelSetRunClock", "ph":"B", "ts":"1279593613", "pid":"1", "tid":"mom"},
{"name":"ModelSetRunClock", "ph":"E", "ts":"1279593730", "pid":"1", "tid":"mom"},
{"name":"ModelAdvance", "ph":"B", "ts":"1279594020", "pid":"1", "tid":"mom"},
{"name":"ModelAdvance", "ph":"E", "ts":"1284859665", "pid":"1", "tid":"mom"},
{"name":"ModelSetRunClock", "ph":"B", "ts":"1286836431", "pid":"1", "tid":"mom"},
{"name":"ModelSetRunClock", "ph":"E", "ts":"1286836504", "pid":"1", "tid":"mom"},
{"name":"ModelAdvance", "ph":"B", "ts":"1286836672", "pid":"1", "tid":"mom"},
{"name":"ModelAdvance", "ph":"E", "ts":"1292020852", "pid":"1", "tid":"mom"},
{"name":"ModelSetRunClock", "ph":"B", "ts":"1294724528", "pid":"1", "tid":"mom"},
{"name":"ModelSetRunClock", "ph":"E", "ts":"1294724591", "pid":"1", "tid":"mom"},
{"name":"ModelAdvance", "ph":"B", "ts":"1294724750", "pid":"1", "tid":"mom"},
{"name":"ModelAdvance", "ph":"E", "ts":"1299904081", "pid":"1", "tid":"mom"},
{"name":"ModelSetRunClock", "ph":"B", "ts":"1301976652", "pid":"1", "tid":"mom"},
{"name":"ModelSetRunClock", "ph":"E", "ts":"1301976718", "pid":"1", "tid":"mom"},
{"name":"ModelAdvance", "ph":"B", "ts":"1301976878", "pid":"1", "tid":"mom"},
{"name":"ModelAdvance", "ph":"E", "ts":"1307140126", "pid":"1", "tid":"mom"},
{"name":"ModelSetRunClock", "ph":"B", "ts":"1309980912", "pid":"1", "tid":"mom"},
{"name":"ModelSetRunClock", "ph":"E", "ts":"1309980985", "pid":"1", "tid":"mom"},
{"name":"ModelAdvance", "ph":"B", "ts":"1309981156", "pid":"1", "tid":"mom"},
{"name":"ModelAdvance", "ph":"E", "ts":"1315135906", "pid":"1", "tid":"mom"},
{"name":"ModelSetRunClock", "ph":"B", "ts":"1317293312", "pid":"1", "tid":"mom"},
{"name":"ModelSetRunClock", "ph":"E", "ts":"1317293404", "pid":"1", "tid":"mom"},
{"name":"ModelAdvance", "ph":"B", "ts":"1317293630", "pid":"1", "tid":"mom"},
{"name":"ModelAdvance", "ph":"E", "ts":"1322462119", "pid":"1", "tid":"mom"},
{"name":"ModelSetRunClock", "ph":"B", "ts":"1325268425", "pid":"1", "tid":"mom"},
{"name":"ModelSetRunClock", "ph":"E", "ts":"1325268494", "pid":"1", "tid":"mom"},
{"name":"ModelAdvance", "ph":"B", "ts":"1325268660", "pid":"1", "tid":"mom"},
{"name":"ModelAdvance", "ph":"E", "ts":"1330493583", "pid":"1", "tid":"mom"},
{"name":"ModelSetRunClock", "ph":"B", "ts":"1332532738", "pid":"1", "tid":"mom"},
{"name":"ModelSetRunClock", "ph":"E", "ts":"1332532809", "pid":"1", "tid":"mom"},
{"name":"ModelAdvance", "ph":"B", "ts":"1332532994", "pid":"1", "tid":"mom"},
{"name":"ModelAdvance", "ph":"E", "ts":"1337686587", "pid":"1", "tid":"mom"},
{"name":"ModelSetRunClock", "ph":"B", "ts":"1340367916", "pid":"1", "tid":"mom"},
{"name":"ModelSetRunClock", "ph":"E", "ts":"1340367993", "pid":"1", "tid":"mom"},
{"name":"ModelAdvance", "ph":"B", "ts":"1340368157", "pid":"1", "tid":"mom"},
{"name":"ModelAdvance", "ph":"E", "ts":"1345537296", "pid":"1", "tid":"mom"},
{"name":"ModelSetRunClock", "ph":"B", "ts":"1347547097", "pid":"1", "tid":"mom"},
{"name":"ModelSetRunClock", "ph":"E", "ts":"1347547275", "pid":"1", "tid":"mom"},
{"name":"ModelAdvance", "ph":"B", "ts":"1347547435", "pid":"1", "tid":"mom"},
{"name":"ModelAdvance", "ph":"E", "ts":"1352709915", "pid":"1", "tid":"mom"},
{"name":"ModelSetRunClock", "ph":"B", "ts":"1355292745", "pid":"1", "tid":"mom"},
{"name":"ModelSetRunClock", "ph":"E", "ts":"1355292812", "pid":"1", "tid":"mom"},
{"name":"ModelAdvance", "ph":"B", "ts":"1355292982", "pid":"1", "tid":"mom"},
{"name":"ModelAdvance", "ph":"E", "ts":"1360485860", "pid":"1", "tid":"mom"},
{"name":"ModelSetRunClock", "ph":"B", "ts":"1362456366", "pid":"1", "tid":"mom"},
{"name":"ModelSetRunClock", "ph":"E", "ts":"1362456444", "pid":"1", "tid":"mom"},
{"name":"ModelAdvance", "ph":"B", "ts":"1362456627", "pid":"1", "tid":"mom"},
{"name":"ModelAdvance", "ph":"E", "ts":"1367614174", "pid":"1", "tid":"mom"},
{"name":"ModelSetRunClock", "ph":"B", "ts":"1370231537", "pid":"1", "tid":"mom"},
{"name":"ModelSetRunClock", "ph":"E", "ts":"1370231612", "pid":"1", "tid":"mom"},
{"name":"ModelAdvance", "ph":"B", "ts":"1370231776", "pid":"1", "tid":"mom"},
{"name":"ModelAdvance", "ph":"E", "ts":"1375475667", "pid":"1", "tid":"mom"},
{"name":"ModelSetRunClock", "ph":"B", "ts":"1377403129", "pid":"1", "tid":"mom"},
{"name":"ModelSetRunClock", "ph":"E", "ts":"1377403290", "pid":"1", "tid":"mom"},
{"name":"ModelAdvance", "ph":"B", "ts":"1377403448", "pid":"1", "tid":"mom"},
{"name":"ModelAdvance", "ph":"E", "ts":"1382571726", "pid":"1", "tid":"mom"},
{"name":"ModelSetRunClock", "ph":"B", "ts":"1385217698", "pid":"1", "tid":"mom"},
{"name":"ModelSetRunClock", "ph":"E", "ts":"1385217774", "pid":"1", "tid":"mom"},
{"name":"ModelAdvance", "ph":"B", "ts":"1385217989", "pid":"1", "tid":"mom"},
{"name":"ModelAdvance", "ph":"E", "ts":"1390357738", "pid":"1", "tid":"mom"},
{"name":"ModelSetRunClock", "ph":"B", "ts":"1392329681", "pid":"1", "tid":"mom"},
{"name":"ModelSetRunClock", "ph":"E", "ts":"1392329752", "pid":"1", "tid":"mom"},
{"name":"ModelAdvance", "ph":"B", "ts":"1392329971", "pid":"1", "tid":"mom"},
{"name":"ModelAdvance", "ph":"E", "ts":"1397476255", "pid":"1", "tid":"mom"},
{"name":"ModelSetRunClock", "ph":"B", "ts":"1400065358", "pid":"1", "tid":"mom"},
{"name":"ModelSetRunClock", "ph":"E", "ts":"1400065421", "pid":"1", "tid":"mom"},
{"name":"ModelAdvance", "ph":"B", "ts":"1400065574", "pid":"1", "tid":"mom"},
{"name":"ModelAdvance", "ph":"E", "ts":"1405229235", "pid":"1", "tid":"mom"},
{"name":"ModelSetRunClock", "ph":"B", "ts":"1407222393", "pid":"1", "tid":"mom"},
{"name":"ModelSetRunClock", "ph":"E", "ts":"1407222604", "pid":"1", "tid":"mom"},
{"name":"ModelAdvance", "ph":"B", "ts":"1407222796", "pid":"1", "tid":"mom"},
{"name":"ModelAdvance", "ph":"E", "ts":"1412353438", "pid":"1", "tid":"mom"},
{"name":"ModelSetRunClock", "ph":"B", "ts":"1415069030", "pid":"1", "tid":"mom"},
{"name":"ModelSetRunClock", "ph":"E", "ts":"1415069098", "pid":"1", "tid":"mom"},
{"name":"ModelAdvance", "ph":"B", "ts":"1415069253", "pid":"1", "tid":"mom"},
{"name":"ModelAdvance", "ph":"E", "ts":"1420279106", "pid":"1", "tid":"mom"},
{"name":"ModelFinalize", "ph":"B", "ts":"1420285330", "pid":"1", "tid":"mom"},
{"name":"ModelFinalize", "ph":"E", "ts":"1420373916", "pid":"1", "tid":"mom"},
