{"name":"SetServices", "ph":"B", "ts":"2556028677", "pid":"1", "tid":"mom"},
{"name":"SetServices", "ph":"E", "ts":"2556031189", "pid":"1", "tid":"mom"},
{"name":"InitializeP0", "ph":"B", "ts":"2557223506", "pid":"1", "tid":"mom"},
{"name":"InitializeP0", "ph":"E", "ts":"2557223902", "pid":"1", "tid":"mom"},
{"name":"InitializeAdvertise", "ph":"B", "ts":"2583628722", "pid":"1", "tid":"mom"},
{"name":"InitializeAdvertise", "ph":"E", "ts":"2644585808", "pid":"1", "tid":"mom"},
{"name":"InitializeRealize", "ph":"B", "ts":"2787768074", "pid":"1", "tid":"mom"},
{"name":"InitializeRealize", "ph":"E", "ts":"2793359640", "pid":"1", "tid":"mom"},
{"name":"DataInitialize", "ph":"B", "ts":"2826874868", "pid":"1", "tid":"mom"},
{"name":"DataInitialize", "ph":"E", "ts":"2826876174", "pid":"1", "tid":"mom"},
{"name":"ModelSetRunClock", "ph":"B", "ts":"2854084498", "pid":"1", "tid":"mom"},
{"name":"ModelSetRunClock", "ph":"E", "ts":"2854093325", "pid":"1", "tid":"mom"},
{"name":"ModelAdvance", "ph":"B", "ts":"2854093554", "pid":"1", "tid":"mom"},
{"name":"ModelAdvance", "ph":"E", "ts":"2860271775", "pid":"1", "tid":"mom"},
{"name":"ModelSetRunClock", "ph":"B", "ts":"2867034226", "pid":"1", "tid":"mom"},
{"name":"ModelSetRunClock", "ph":"E", "ts":"2867034275", "pid":"1", "tid":"mom"},
{"name":"ModelAdvance", "ph":"B", "ts":"2867034432", "pid":"1", "tid":"mom"},
{"name":"ModelAdvance", "ph":"E", "ts":"2872389658", "pid":"1", "tid":"mom"},
{"name":"ModelSetRunClock", "ph":"B", "ts":"2879253295", "pid":"1", "tid":"mom"},
{"name":"ModelSetRunClock", "ph":"E", "ts":"2879253355", "pid":"1", "tid":"mom"},
{"name":"ModelAdvance", "ph":"B", "ts":"2879253506", "pid":"1", "tid":"mom"},
{"name":"ModelAdvance", "ph":"E", "ts":"2884623233", "pid":"1", "tid":"mom"},
{"name":"ModelSetRunClock", "ph":"B", "ts":"2894016863", "pid":"1", "tid":"mom"},
{"name":"ModelSetRunClock", "ph":"E", "ts":"2894016919", "pid":"1", "tid":"mom"},
{"name":"ModelAdvance", "ph":"B", "ts":"2894017065", "pid":"1", "tid":"mom"},
{"name":"ModelAdvance", "ph":"E", "ts":"2899432776", "pid":"1", "tid":"mom"},
{"name":"ModelSetRunClock", "ph":"B", "ts":"2908528978", "pid":"1", "tid":"mom"},
{"name":"ModelSetRunClock", "ph":"E", "ts":"2908529036", "pid":"1", "tid":"mom"},
{"name":"ModelAdvance", "ph":"B", "ts":"2908529196", "pid":"1", "tid":"mom"},
{"name":"ModelAdvance", "ph":"E", "ts":"2913884293", "pid":"1", "tid":"mom"},
{"name":"ModelSetRunClock", "ph":"B", "ts":"2921841317", "pid":"1", "tid":"mom"},
{"name":"ModelSetRunClock", "ph":"E", "ts":"2921841382", "pid":"1", "tid":"mom"},
{"name":"ModelAdvance", "ph":"B", "ts":"2921841553", "pid":"1", "tid":"mom"},
{"name":"ModelAdvance", "ph":"E", "ts":"2927274737", "pid":"1", "tid":"mom"},
{"name":"ModelSetRunClock", "ph":"B", "ts":"2946975918", "pid":"1", "tid":"mom"},
{"name":"ModelSetRunClock", "ph":"E", "ts":"2946976085", "pid":"1", "tid":"mom"},
{"name":"ModelAdvance", "ph":"B", "ts":"2946976238", "pid":"1", "tid":"mom"},
{"name":"ModelAdvance", "ph":"E", "ts":"2952351108", "pid":"1", "tid":"mom"},
{"name":"ModelSetRunClock", "ph":"B", "ts":"2955070751", "pid":"1", "tid":"mom"},
{"name":"ModelSetRunClock", "ph":"E", "ts":"2955070827", "pid":"1", "tid":"mom"},
{"name":"ModelAdvance", "ph":"B", "ts":"2955071029", "pid":"1", "tid":"mom"},
{"name":"ModelAdvance", "ph":"E", "ts":"2960458440", "pid":"1", "tid":"mom"},
{"name":"ModelSetRunClock", "ph":"B", "ts":"2962887076", "pid":"1", "tid":"mom"},
{"name":"ModelSetRunClock", "ph":"E", "ts":"2962887153", "pid":"1", "tid":"mom"},
{"name":"ModelAdvance", "ph":"B", "ts":"2962887352", "pid":"1", "tid":"mom"},
{"name":"ModelAdvance", "ph":"E", "ts":"2968273233", "pid":"1", "tid":"mom"},
{"name":"ModelSetRunClock", "ph":"B", "ts":"2970996170", "pid":"1", "tid":"mom"},
{"name":"ModelSetRunClock", "ph":"E", "ts":"2970996270", "pid":"1", "tid":"mom"},
{"name":"ModelAdvance", "ph":"B", "ts":"2970996491", "pid":"1", "tid":"mom"},
{"name":"ModelAdvance", "ph":"E", "ts":"2976374243", "pid":"1", "tid":"mom"},
{"name":"ModelSetRunClock", "ph":"B", "ts":"2978465011", "pid":"1", "tid":"mom"},
{"name":"ModelSetRunClock", "ph":"E", "ts":"2978465277", "pid":"1", "tid":"mom"},
{"name":"ModelAdvance", "ph":"B", "ts":"2978465540", "pid":"1", "tid":"mom"},
{"name":"ModelAdvance", "ph":"E", "ts":"2983846173", "pid":"1", "tid":"mom"},
{"name":"ModelSetRunClock", "ph":"B", "ts":"2986617037", "pid":"1", "tid":"mom"},
{"name":"ModelSetRunClock", "ph":"E", "ts":"2986617119", "pid":"1", "tid":"mom"},
{"name":"ModelAdvance", "ph":"B", "ts":"2986617318", "pid":"1", "tid":"mom"},
{"name":"ModelAdvance", "ph":"E", "ts":"2991904656", "pid":"1", "tid":"mom"},
{"name":"ModelSetRunClock", "ph":"B", "ts":"2994054922", "pid":"1", "tid":"mom"},
{"name":"ModelSetRunClock", "ph":"E", "ts":"2994054996", "pid":"1", "tid":"mom"},
{"name":"ModelAdvance", "ph":"B", "ts":"2994055173", "pid":"1", "tid":"mom"},
{"name":"ModelAdvance", "ph":"E", "ts":"2999273244", "pid":"1", "tid":"mom"},
{"name":"ModelSetRunClock", "ph":"B", "ts":"3003387170", "pid":"1", "tid":"mom"},
{"name":"ModelSetRunClock", "ph":"E", "ts":"3003387238", "pid":"1", "tid":"mom"},
{"name":"ModelAdvance", "ph":"B", "ts":"3003387396", "pid":"1", "tid":"mom"},
{"name":"ModelAdvance", "ph":"E", "ts":"3008617160", "pid":"1", "tid":"mom"},
{"name":"ModelSetRunClock", "ph":"B", "ts":"3011239094", "pid":"1", "tid":"mom"},
{"name":"ModelSetRunClock", "ph":"E", "ts":"3011239161", "pid":"1", "tid":"mom"},
{"name":"ModelAdvance", "ph":"B", "ts":"3011239329", "pid":"1", "tid":"mom"},
{"name":"ModelAdvance", "ph":"E", "ts":"3016469039", "pid":"1", "tid":"mom"},
{"name":"ModelSetRunClock", "ph":"B", "ts":"3019674378", "pid":"1", "tid":"mom"},
{"name":"ModelSetRunClock", "ph":"E", "ts":"3019674442", "pid":"1", "tid":"mom"},
{"name":"ModelAdvance", "ph":"B", "ts":"3019674629", "pid":"1", "tid":"mom"},
{"name":"ModelAdvance", "ph":"E", "ts":"3024908756", "pid":"1", "tid":"mom"},
{"name":"ModelSetRunClock", "ph":"B", "ts":"3027409591", "pid":"1", "tid":"mom"},
{"name":"ModelSetRunClock", "ph":"E", "ts":"3027409679", "pid":"1", "tid":"mom"},
{"name":"ModelAdvance", "ph":"B", "ts":"3027409946", "pid":"1", "tid":"mom"},
{"name":"ModelAdvance", "ph":"E", "ts":"3032638678", "pid":"1", "tid":"mom"},
{"name":"ModelSetRunClock", "ph":"B", "ts":"3035735059", "pid":"1", "tid":"mom"},
{"name":"ModelSetRunClock", "ph":"E", "ts":"3035735118", "pid":"1", "tid":"mom"},
{"name":"ModelAdvance", "ph":"B", "ts":"3035735274", "pid":"1", "tid":"mom"},
{"name":"ModelAdvance", "ph":"E", "ts":"3041029402", "pid":"1", "tid":"mom"},
{"name":"ModelSetRunClock", "ph":"B", "ts":"3044171899", "pid":"1", "tid":"mom"},
{"name":"ModelSetRunClock", "ph":"E", "ts":"3044171988", "pid":"1", "tid":"mom"},
{"name":"ModelAdvance", "ph":"B", "ts":"3044172190", "pid":"1", "tid":"mom"},
{"name":"ModelAdvance", "ph":"E", "ts":"3049393834", "pid":"1", "tid":"mom"},
{"name":"ModelSetRunClock", "ph":"B", "ts":"3054935688", "pid":"1", "tid":"mom"},
{"name":"ModelSetRunClock", "ph":"E", "ts":"3054935757", "pid":"1", "tid":"mom"},
{"name":"ModelAdvance", "ph":"B", "ts":"3054935923", "pid":"1", "tid":"mom"},
{"name":"ModelAdvance", "ph":"E", "ts":"3060152154", "pid":"1", "tid":"mom"},
{"name":"ModelSetRunClock", "ph":"B", "ts":"3062990010", "pid":"1", "tid":"mom"},
{"name":"ModelSetRunClock", "ph":"E", "ts":"3062990070", "pid":"1", "tid":"mom"},
{"name":"ModelAdvance", "ph":"B", "ts":"3062990227", "pid":"1", "tid":"mom"},
{"name":"ModelAdvance", "ph":"E", "ts":"3068207124", "pid":"1", "tid":"mom"},
{"name":"ModelSetRunClock", "ph":"B", "ts":"3071653259", "pid":"1", "tid":"mom"},
{"name":"ModelSetRunClock", "ph":"E", "ts":"3071653441", "pid":"1", "tid":"mom"},
{"name":"ModelAdvance", "ph":"B", "ts":"3071653626", "pid":"1", "tid":"mom"},
{"name":"ModelAdvance", "ph":"E", "ts":"3076849876", "pid":"1", "tid":"mom"},
{"name":"ModelSetRunClock", "ph":"B", "ts":"3079777505", "pid":"1", "tid":"mom"},
{"name":"ModelSetRunClock", "ph":"E", "ts":"3079777615", "pid":"1", "tid":"mom"},
{"name":"ModelAdvance", "ph":"B", "ts":"3079777841", "pid":"1", "tid":"mom"},
{"name":"ModelAdvance", "ph":"E", "ts":"3084968222", "pid":"1", "tid":"mom"},
{"name":"ModelSetRunClock", "ph":"B", "ts":"3088219242", "pid":"1", "tid":"mom"},
{"name":"ModelSetRunClock", "ph":"E", "ts":"3088219388", "pid":"1", "tid":"mom"},
{"name":"ModelAdvance", "ph":"B", "ts":"3088219542", "pid":"1", "tid":"mom"},
{"name":"ModelAdvance", "ph":"E", "ts":"3093486285", "pid":"1", "tid":"mom"},
{"name":"ModelSetRunClock", "ph":"B", "ts":"3095971151", "pid":"1", "tid":"mom"},
{"name":"ModelSetRunClock", "ph":"E", "ts":"3095971233", "pid":"1", "tid":"mom"},
{"name":"ModelAdvance", "ph":"B", "ts":"3095971423", "pid":"1", "tid":"mom"},
{"name":"ModelAdvance", "ph":"E", "ts":"3101158420", "pid":"1", "tid":"mom"},
{"name":"ModelSetRunClock", "ph":"B", "ts":"3103915210", "pid":"1", "tid":"mom"},
{"name":"ModelSetRunClock", "ph":"E", "ts":"3103915327", "pid":"1", "tid":"mom"},
{"name":"ModelAdvance", "ph":"B", "ts":"3103915546", "pid":"1", "tid":"mom"},
{"name":"ModelAdvance", "ph":"E", "ts":"3109081440", "pid":"1", "tid":"mom"},
{"name":"ModelSetRunClock", "ph":"B", "ts":"3111086466", "pid":"1", "tid":"mom"},
{"name":"ModelSetRunClock", "ph":"E", "ts":"3111086528", "pid":"1", "tid":"mom"},
{"name":"ModelAdvance", "ph":"B", "ts":"3111086686", "pid":"1", "tid":"mom"},
{"name":"ModelAdvance", "ph":"E", "ts":"3116243928", "pid":"1", "tid":"mom"},
{"name":"ModelSetRunClock", "ph":"B", "ts":"3122623019", "pid":"1", "tid":"mom"},
{"name":"ModelSetRunClock", "ph":"E", "ts":"3122623088", "pid":"1", "tid":"mom"},
{"name":"ModelAdvance", "ph":"B", "ts":"3122623275", "pid":"1", "tid":"mom"},
{"name":"ModelAdvance", "ph":"E", "ts":"3127780124", "pid":"1", "tid":"mom"},
{"name":"ModelSetRunClock", "ph":"B", "ts":"3129704612", "pid":"1", "tid":"mom"},
{"name":"ModelSetRunClock", "ph":"E", "ts":"3129704694", "pid":"1", "tid":"mom"},
{"name":"ModelAdvance", "ph":"B", "ts":"3129704894", "pid":"1", "tid":"mom"},
{"name":"ModelAdvance", "ph":"E", "ts":"3134860197", "pid":"1", "tid":"mom"},
{"name":"ModelSetRunClock", "ph":"B", "ts":"3137507094", "pid":"1", "tid":"mom"},
{"name":"ModelSetRunClock", "ph":"E", "ts":"3137507153", "pid":"1", "tid":"mom"},
{"name":"ModelAdvance", "ph":"B", "ts":"3137507322", "pid":"1", "tid":"mom"},
{"name":"ModelAdvance", "ph":"E", "ts":"3142737622", "pid":"1", "tid":"mom"},
{"name":"ModelSetRunClock", "ph":"B", "ts":"3144721385", "pid":"1", "tid":"mom"},
{"name":"ModelSetRunClock", "ph":"E", "ts":"3144721437", "pid":"1", "tid":"mom"},
{"name":"ModelAdvance", "ph":"B", "ts":"3144721596", "pid":"1", "tid":"mom"},
{"name":"ModelAdvance", "ph":"E", "ts":"3149869707", "pid":"1", "tid":"mom"},
{"name":"ModelSetRunClock", "ph":"B", "ts":"3152580567", "pid":"1", "tid":"mom"},
{"name":"ModelSetRunClock", "ph":"E", "ts":"3152580625", "pid":"1", "tid":"mom"},
{"name":"ModelAdvance", "ph":"B", "ts":"3152580780", "pid":"1", "tid":"mom"},
{"name":"ModelAdvance", "ph":"E", "ts":"3157747363", "pid":"1", "tid":"mom"},
{"name":"ModelSetRunClock", "ph":"B", "ts":"3172050408", "pid":"1", "tid":"mom"},
{"name":"ModelSetRunClock", "ph":"E", "ts":"3172050610", "pid":"1", "tid":"mom"},
{"name":"ModelAdvance", "ph":"B", "ts":"3172050843", "pid":"1", "tid":"mom"},
{"name":"ModelAdvance", "ph":"E", "ts":"3177217257", "pid":"1", "tid":"mom"},
{"name":"ModelSetRunClock", "ph":"B", "ts":"3179839092", "pid":"1", "tid":"mom"},
{"name":"ModelSetRunClock", "ph":"E", "ts":"3179839152", "pid":"1", "tid":"mom"},
{"name":"ModelAdvance", "ph":"B", "ts":"3179839311", "pid":"1", "tid":"mom"},
{"name":"ModelAdvance", "ph":"E", "ts":"3185011301", "pid":"1", "tid":"mom"},
{"name":"ModelSetRunClock", "ph":"B", "ts":"3186970145", "pid":"1", "tid":"mom"},
{"name":"ModelSetRunClock", "ph":"E", "ts":"3186970230", "pid":"1", "tid":"mom"},
{"name":"ModelAdvance", "ph":"B", "ts":"3186970425", "pid":"1", "tid":"mom"},
{"name":"ModelAdvance", "ph":"E", "ts":"3192135811", "pid":"1", "tid":"mom"},
{"name":"ModelSetRunClock", "ph":"B", "ts":"3194961817", "pid":"1", "tid":"mom"},
{"name":"ModelSetRunClock", "ph":"E", "ts":"3194961876", "pid":"1", "tid":"mom"},
{"name":"ModelAdvance", "ph":"B", "ts":"3194962034", "pid":"1", "tid":"mom"},
{"name":"ModelAdvance", "ph":"E", "ts":"3200212790", "pid":"1", "tid":"mom"},
{"name":"ModelSetRunClock", "ph":"B", "ts":"3243850661", "pid":"1", "tid":"mom"},
{"name":"ModelSetRunClock", "ph":"E", "ts":"3243850814", "pid":"1", "tid":"mom"},
{"name":"ModelAdvance", "ph":"B", "ts":"3243851015", "pid":"1", "tid":"mom"},
{"name":"ModelAdvance", "ph":"E", "ts":"3249035993", "pid":"1", "tid":"mom"},
{"name":"ModelSetRunClock", "ph":"B", "ts":"3264439231", "pid":"1", "tid":"mom"},
{"name":"ModelSetRunClock", "ph":"E", "ts":"3264439305", "pid":"1", "tid":"mom"},
{"name":"ModelAdvance", "ph":"B", "ts":"3264439496", "pid":"1", "tid":"mom"},
{"name":"ModelAdvance", "ph":"E", "ts":"3269634920", "pid":"1", "tid":"mom"},
{"name":"ModelSetRunClock", "ph":"B", "ts":"3271743477", "pid":"1", "tid":"mom"},
{"name":"ModelSetRunClock", "ph":"E", "ts":"3271743541", "pid":"1", "tid":"mom"},
{"name":"ModelAdvance", "ph":"B", "ts":"3271743710", "pid":"1", "tid":"mom"},
{"name":"ModelAdvance", "ph":"E", "ts":"3276953668", "pid":"1", "tid":"mom"},
{"name":"ModelSetRunClock", "ph":"B", "ts":"3279834221", "pid":"1", "tid":"mom"},
{"name":"ModelSetRunClock", "ph":"E", "ts":"3279834278", "pid":"1", "tid":"mom"},
{"name":"ModelAdvance", "ph":"B", "ts":"3279834435", "pid":"1", "tid":"mom"},
{"name":"ModelAdvance", "ph":"E", "ts":"3285030450", "pid":"1", "tid":"mom"},
{"name":"ModelSetRunClock", "ph":"B", "ts":"3287619431", "pid":"1", "tid":"mom"},
{"name":"ModelSetRunClock", "ph":"E", "ts":"3287619505", "pid":"1", "tid":"mom"},
{"name":"ModelAdvance", "ph":"B", "ts":"3287619686", "pid":"1", "tid":"mom"},
{"name":"ModelAdvance", "ph":"E", "ts":"3292792115", "pid":"1", "tid":"mom"},
{"name":"ModelSetRunClock", "ph":"B", "ts":"3297904319", "pid":"1", "tid":"mom"},
{"name":"ModelSetRunClock", "ph":"E", "ts":"3297904399", "pid":"1", "tid":"mom"},
{"name":"ModelAdvance", "ph":"B", "ts":"3297904593", "pid":"1", "tid":"mom"},
{"name":"ModelAdvance", "ph":"E", "ts":"3303139726", "pid":"1", "tid":"mom"},
{"name":"ModelSetRunClock", "ph":"B", "ts":"3305596379", "pid":"1", "tid":"mom"},
{"name":"ModelSetRunClock", "ph":"E", "ts":"3305596522", "pid":"1", "tid":"mom"},
{"name":"ModelAdvance", "ph":"B", "ts":"3305596686", "pid":"1", "tid":"mom"},
{"name":"ModelAdvance", "ph":"E", "ts":"3310742049", "pid":"1", "tid":"mom"},
{"name":"ModelSetRunClock", "ph":"B", "ts":"3326730772", "pid":"1", "tid":"mom"},
{"name":"ModelSetRunClock", "ph":"E", "ts":"3326730866", "pid":"1", "tid":"mom"},
{"name":"ModelAdvance", "ph":"B", "ts":"3326731139", "pid":"1", "tid":"mom"},
{"name":"ModelAdvance", "ph":"E", "ts":"3331880697", "pid":"1", "tid":"mom"},
{"name":"ModelSetRunClock", "ph":"B", "ts":"3334192070", "pid":"1", "tid":"mom"},
{"name":"ModelSetRunClock", "ph":"E", "ts":"3334192134", "pid":"1", "tid":"mom"},
{"name":"ModelAdvance", "ph":"B", "ts":"3334192296", "pid":"1", "tid":"mom"},
{"name":"ModelAdvance", "ph":"E", "ts":"3339327351", "pid":"1", "tid":"mom"},
{"name":"ModelSetRunClock", "ph":"B", "ts":"3342224617", "pid":"1", "tid":"mom"},
{"name":"ModelSetRunClock", "ph":"E", "ts":"3342224724", "pid":"1", "tid":"mom"},
{"name":"ModelAdvance", "ph":"B", "ts":"3342224915", "pid":"1", "tid":"mom"},
{"name":"ModelAdvance", "ph":"E", "ts":"3347355784", "pid":"1", "tid":"mom"},
{"name":"ModelSetRunClock", "ph":"B", "ts":"3349461915", "pid":"1", "tid":"mom"},
{"name":"ModelSetRunClock", "ph":"E", "ts":"3349461973", "pid":"1", "tid":"mom"},
{"name":"ModelAdvance", "ph":"B", "ts":"3349462151", "pid":"1", "tid":"mom"},
{"name":"ModelAdvance", "ph":"E", "ts":"3354622669", "pid":"1", "tid":"mom"},
{"name":"ModelSetRunClock", "ph":"B", "ts":"3357270721", "pid":"1", "tid":"mom"},
{"name":"ModelSetRunClock", "ph":"E", "ts":"3357270775", "pid":"1", "tid":"mom"},
{"name":"ModelAdvance", "ph":"B", "ts":"3357270975", "pid":"1", "tid":"mom"},
{"name":"ModelAdvance", "ph":"E", "ts":"3362501380", "pid":"1", "tid":"mom"},
{"name":"ModelSetRunClock", "ph":"B", "ts":"3368600663", "pid":"1", "tid":"mom"},
{"name":"ModelSetRunClock", "ph":"E", "ts":"3368600855", "pid":"1", "tid":"mom"},
{"name":"ModelAdvance", "ph":"B", "ts":"3368601096", "pid":"1", "tid":"mom"},
{"name":"ModelAdvance", "ph":"E", "ts":"3373779782", "pid":"1", "tid":"mom"},
{"name":"ModelSetRunClock", "ph":"B", "ts":"3376983656", "pid":"1", "tid":"mom"},
{"name":"ModelSetRunClock", "ph":"E", "ts":"3376983718", "pid":"1", "tid":"mom"},
{"name":"ModelAdvance", "ph":"B", "ts":"3376983887", "pid":"1", "tid":"mom"},
{"name":"ModelAdvance", "ph":"E", "ts":"3382166911", "pid":"1", "tid":"mom"},
{"name":"ModelSetRunClock", "ph":"B", "ts":"3384356841", "pid":"1", "tid":"mom"},
{"name":"ModelSetRunClock", "ph":"E", "ts":"3384356899", "pid":"1", "tid":"mom"},
{"name":"ModelAdvance", "ph":"B", "ts":"3384357056", "pid":"1", "tid":"mom"},
{"name":"ModelAdvance", "ph":"E", "ts":"3389535293", "pid":"1", "tid":"mom"},
{"name":"ModelSetRunClock", "ph":"B", "ts":"3392251409", "pid":"1", "tid":"mom"},
{"name":"ModelSetRunClock", "ph":"E", "ts":"3392251474", "pid":"1", "tid":"mom"},
{"name":"ModelAdvance", "ph":"B", "ts":"3392251645", "pid":"1", "tid":"mom"},
{"name":"ModelAdvance", "ph":"E", "ts":"3397458177", "pid":"1", "tid":"mom"},
{"name":"ModelSetRunClock", "ph":"B", "ts":"3423486237", "pid":"1", "tid":"mom"},
{"name":"ModelSetRunClock", "ph":"E", "ts":"3423486472", "pid":"1", "tid":"mom"},
{"name":"ModelAdvance", "ph":"B", "ts":"3423486678", "pid":"1", "tid":"mom"},
{"name":"ModelAdvance", "ph":"E", "ts":"3428674412", "pid":"1", "tid":"mom"},
{"name":"ModelSetRunClock", "ph":"B", "ts":"3431667042", "pid":"1", "tid":"mom"},
{"name":"ModelSetRunClock", "ph":"E", "ts":"3431667122", "pid":"1", "tid":"mom"},
{"name":"ModelAdvance", "ph":"B", "ts":"3431667317", "pid":"1", "tid":"mom"},
{"name":"ModelAdvance", "ph":"E", "ts":"3436928774", "pid":"1", "tid":"mom"},
{"name":"ModelSetRunClock", "ph":"B", "ts":"3439188227", "pid":"1", "tid":"mom"},
{"name":"ModelSetRunClock", "ph":"E", "ts":"3439188297", "pid":"1", "tid":"mom"},
{"name":"ModelAdvance", "ph":"B", "ts":"3439188485", "pid":"1", "tid":"mom"},
{"name":"ModelAdvance", "ph":"E", "ts":"3444375075", "pid":"1", "tid":"mom"},
{"name":"ModelSetRunClock", "ph":"B", "ts":"3447362784", "pid":"1", "tid":"mom"},
{"name":"ModelSetRunClock", "ph":"E", "ts":"3447362841", "pid":"1", "tid":"mom"},
{"name":"ModelAdvance", "ph":"B", "ts":"3447363057", "pid":"1", "tid":"mom"},
{"name":"ModelAdvance", "ph":"E", "ts":"3452543080", "pid":"1", "tid":"mom"},
{"name":"ModelSetRunClock", "ph":"B", "ts":"3457019342", "pid":"1", "tid":"mom"},
{"name":"ModelSetRunClock", "ph":"E", "ts":"3457019439", "pid":"1", "tid":"mom"},
{"name":"ModelAdvance", "ph":"B", "ts":"3457019687", "pid":"1", "tid":"mom"},
{"name":"ModelAdvance", "ph":"E", "ts":"3462182611", "pid":"1", "tid":"mom"},
{"name":"ModelSetRunClock", "ph":"B", "ts":"3465089733", "pid":"1", "tid":"mom"},
{"name":"ModelSetRunClock", "ph":"E", "ts":"3465089898", "pid":"1", "tid":"mom"},
{"name":"ModelAdvance", "ph":"B", "ts":"3465090059", "pid":"1", "tid":"mom"},
{"name":"ModelAdvance", "ph":"E", "ts":"3470248125", "pid":"1", "tid":"mom"},
{"name":"ModelSetRunClock", "ph":"B", "ts":"3472283559", "pid":"1", "tid":"mom"},
{"name":"ModelSetRunClock", "ph":"E", "ts":"3472283620", "pid":"1", "tid":"mom"},
{"name":"ModelAdvance", "ph":"B", "ts":"3472283785", "pid":"1", "tid":"mom"},
{"name":"ModelAdvance", "ph":"E", "ts":"3477441508", "pid":"1", "tid":"mom"},
{"name":"ModelSetRunClock", "ph":"B", "ts":"3480102638", "pid":"1", "tid":"mom"},
{"name":"ModelSetRunClock", "ph":"E", "ts":"3480102701", "pid":"1", "tid":"mom"},
{"name":"ModelAdvance", "ph":"B", "ts":"3480102884", "pid":"1", "tid":"mom"},
{"name":"ModelAdvance", "ph":"E", "ts":"3485299775", "pid":"1", "tid":"mom"},
{"name":"ModelSetRunClock", "ph":"B", "ts":"3510018994", "pid":"1", "tid":"mom"},
{"name":"ModelSetRunClock", "ph":"E", "ts":"3510019152", "pid":"1", "tid":"mom"},
{"name":"ModelAdvance", "ph":"B", "ts":"3510019316", "pid":"1", "tid":"mom"},
{"name":"ModelAdvance", "ph":"E", "ts":"3515167301", "pid":"1", "tid":"mom"},
{"name":"ModelSetRunClock", "ph":"B", "ts":"3517860314", "pid":"1", "tid":"mom"},
{"name":"ModelSetRunClock", "ph":"E", "ts":"3517860371", "pid":"1", "tid":"mom"},
{"name":"ModelAdvance", "ph":"B", "ts":"3517860619", "pid":"1", "tid":"mom"},
{"name":"ModelAdvance", "ph":"E", "ts":"3523006723", "pid":"1", "tid":"mom"},
{"name":"ModelSetRunClock", "ph":"B", "ts":"3525111958", "pid":"1", "tid":"mom"},
{"name":"ModelSetRunClock", "ph":"E", "ts":"3525112057", "pid":"1", "tid":"mom"},
{"name":"ModelAdvance", "ph":"B", "ts":"3525112284", "pid":"1", "tid":"mom"},
{"name":"ModelAdvance", "ph":"E", "ts":"3530257907", "pid":"1", "tid":"mom"},
{"name":"ModelSetRunClock", "ph":"B", "ts":"3533009619", "pid":"1", "tid":"mom"},
{"name":"ModelSetRunClock", "ph":"E", "ts":"3533009688", "pid":"1", "tid":"mom"},
{"name":"ModelAdvance", "ph":"B", "ts":"3533009855", "pid":"1", "tid":"mom"},
{"name":"ModelAdvance", "ph":"E", "ts":"3538164268", "pid":"1", "tid":"mom"},
{"name":"ModelSetRunClock", "ph":"B", "ts":"3571519063", "pid":"1", "tid":"mom"},
{"name":"ModelSetRunClock", "ph":"E", "ts":"3571519343", "pid":"1", "tid":"mom"},
{"name":"ModelAdvance", "ph":"B", "ts":"3571519518", "pid":"1", "tid":"mom"},
{"name":"ModelAdvance", "ph":"E", "ts":"3576664117", "pid":"1", "tid":"mom"},
{"name":"ModelSetRunClock", "ph":"B", "ts":"3579434683", "pid":"1", "tid":"mom"},
{"name":"ModelSetRunClock", "ph":"E", "ts":"3579434748", "pid":"1", "tid":"mom"},
{"name":"ModelAdvance", "ph":"B", "ts":"3579434962", "pid":"1", "tid":"mom"},
{"name":"ModelAdvance", "ph":"E", "ts":"3584662398", "pid":"1", "tid":"mom"},
{"name":"ModelSetRunClock", "ph":"B", "ts":"3586890665", "pid":"1", "tid":"mom"},
{"name":"ModelSetRunClock", "ph":"E", "ts":"3586890721", "pid":"1", "tid":"mom"},
{"name":"ModelAdvance", "ph":"B", "ts":"3586890900", "pid":"1", "tid":"mom"},
{"name":"ModelAdvance", "ph":"E", "ts":"3592033795", "pid":"1", "tid":"mom"},
{"name":"ModelSetRunClock", "ph":"B", "ts":"3594910378", "pid":"1", "tid":"mom"},
{"name":"ModelSetRunClock", "ph":"E", "ts":"3594910461", "pid":"1", "tid":"mom"},
{"name":"ModelAdvance", "ph":"B", "ts":"3594910661", "pid":"1", "tid":"mom"},
{"name":"ModelAdvance", "ph":"E", "ts":"3600063792", "pid":"1", "tid":"mom"},
{"name":"ModelSetRunClock", "ph":"B", "ts":"3620087952", "pid":"1", "tid":"mom"},
{"name":"ModelSetRunClock", "ph":"E", "ts":"3620088189", "pid":"1", "tid":"mom"},
{"name":"ModelAdvance", "ph":"B", "ts":"3620088363", "pid":"1", "tid":"mom"},
{"name":"ModelAdvance", "ph":"E", "ts":"3625246020", "pid":"1", "tid":"mom"},
{"name":"ModelSetRunClock", "ph":"B", "ts":"3628037702", "pid":"1", "tid":"mom"},
{"name":"ModelSetRunClock", "ph":"E", "ts":"3628037763", "pid":"1", "tid":"mom"},
{"name":"ModelAdvance", "ph":"B", "ts":"3628037949", "pid":"1", "tid":"mom"},
{"name":"ModelAdvance", "ph":"E", "ts":"3633205344", "pid":"1", "tid":"mom"},
{"name":"ModelSetRunClock", "ph":"B", "ts":"3635226338", "pid":"1", "tid":"mom"},
{"name":"ModelSetRunClock", "ph":"E", "ts":"3635226397", "pid":"1", "tid":"mom"},
{"name":"ModelAdvance", "ph":"B", "ts":"3635226565", "pid":"1", "tid":"mom"},
{"name":"ModelAdvance", "ph":"E", "ts":"3640400493", "pid":"1", "tid":"mom"},
{"name":"ModelSetRunClock", "ph":"B", "ts":"3643046095", "pid":"1", "tid":"mom"},
{"name":"ModelSetRunClock", "ph":"E", "ts":"3643046161", "pid":"1", "tid":"mom"},
{"name":"ModelAdvance", "ph":"B", "ts":"3643046347", "pid":"1", "tid":"mom"},
{"name":"ModelAdvance", "ph":"E", "ts":"3648284107", "pid":"1", "tid":"mom"},
{"name":"ModelSetRunClock", "ph":"B", "ts":"3650201315", "pid":"1", "tid":"mom"},
{"name":"ModelSetRunClock", "ph":"E", "ts":"3650201405", "pid":"1", "tid":"mom"},
{"name":"ModelAdvance", "ph":"B", "ts":"3650201606", "pid":"1", "tid":"mom"},
{"name":"ModelAdvance", "ph":"E", "ts":"3655368120", "pid":"1", "tid":"mom"},
{"name":"ModelSetRunClock", "ph":"B", "ts":"3679562807", "pid":"1", "tid":"mom"},
{"name":"ModelSetRunClock", "ph":"E", "ts":"3679562897", "pid":"1", "tid":"mom"},
{"name":"ModelAdvance", "ph":"B", "ts":"3679563157", "pid":"1", "tid":"mom"},
{"name":"ModelAdvance", "ph":"E", "ts":"3684736087", "pid":"1", "tid":"mom"},
{"name":"ModelSetRunClock", "ph":"B", "ts":"3686674878", "pid":"1", "tid":"mom"},
{"name":"ModelSetRunClock", "ph":"E", "ts":"3686674943", "pid":"1", "tid":"mom"},
{"name":"ModelAdvance", "ph":"B", "ts":"3686675214", "pid":"1", "tid":"mom"},
{"name":"ModelAdvance", "ph":"E", "ts":"3691838167", "pid":"1", "tid":"mom"},
{"name":"ModelSetRunClock", "ph":"B", "ts":"3694505107", "pid":"1", "tid":"mom"},
{"name":"ModelSetRunClock", "ph":"E", "ts":"3694505189", "pid":"1", "tid":"mom"},
{"name":"ModelAdvance", "ph":"B", "ts":"3694505372", "pid":"1", "tid":"mom"},
{"name":"ModelAdvance", "ph":"E", "ts":"3699643835", "pid":"1", "tid":"mom"},
{"name":"ModelSetRunClock", "ph":"B", "ts":"3701652120", "pid":"1", "tid":"mom"},
{"name":"ModelSetRunClock", "ph":"E", "ts":"3701652207", "pid":"1", "tid":"mom"},
{"name":"ModelAdvance", "ph":"B", "ts":"3701652437", "pid":"1", "tid":"mom"},
{"name":"ModelAdvance", "ph":"E", "ts":"3706796988", "pid":"1", "tid":"mom"},
{"name":"ModelSetRunClock", "ph":"B", "ts":"3721389340", "pid":"1", "tid":"mom"},
{"name":"ModelSetRunClock", "ph":"E", "ts":"3721389571", "pid":"1", "tid":"mom"},
{"name":"ModelAdvance", "ph":"B", "ts":"3721389748", "pid":"1", "tid":"mom"},
{"name":"ModelAdvance", "ph":"E", "ts":"3726596768", "pid":"1", "tid":"mom"},
{"name":"ModelSetRunClock", "ph":"B", "ts":"3728598881", "pid":"1", "tid":"mom"},
{"name":"ModelSetRunClock", "ph":"E", "ts":"3728598956", "pid":"1", "tid":"mom"},
{"name":"ModelAdvance", "ph":"B", "ts":"3728599127", "pid":"1", "tid":"mom"},
{"name":"ModelAdvance", "ph":"E", "ts":"3733738787", "pid":"1", "tid":"mom"},
{"name":"ModelSetRunClock", "ph":"B", "ts":"3736366564", "pid":"1", "tid":"mom"},
{"name":"ModelSetRunClock", "ph":"E", "ts":"3736366623", "pid":"1", "tid":"mom"},
{"name":"ModelAdvance", "ph":"B", "ts":"3736366779", "pid":"1", "tid":"mom"},
{"name":"ModelAdvance", "ph":"E", "ts":"3741506005", "pid":"1", "tid":"mom"},
{"name":"ModelSetRunClock", "ph":"B", "ts":"3743408521", "pid":"1", "tid":"mom"},
{"name":"ModelSetRunClock", "ph":"E", "ts":"3743408607", "pid":"1", "tid":"mom"},
{"name":"ModelAdvance", "ph":"B", "ts":"3743408810", "pid":"1", "tid":"mom"},
{"name":"ModelAdvance", "ph":"E", "ts":"3748576681", "pid":"1", "tid":"mom"},
{"name":"ModelSetRunClock", "ph":"B", "ts":"3751227343", "pid":"1", "tid":"mom"},
{"name":"ModelSetRunClock", "ph":"E", "ts":"3751227446", "pid":"1", "tid":"mom"},
{"name":"ModelAdvance", "ph":"B", "ts":"3751227627", "pid":"1", "tid":"mom"},
{"name":"ModelAdvance", "ph":"E", "ts":"3756389141", "pid":"1", "tid":"mom"},
{"name":"ModelSetRunClock", "ph":"B", "ts":"3778406066", "pid":"1", "tid":"mom"},
{"name":"ModelSetRunClock", "ph":"E", "ts":"3778406312", "pid":"1", "tid":"mom"},
{"name":"ModelAdvance", "ph":"B", "ts":"3778406539", "pid":"1", "tid":"mom"},
{"name":"ModelAdvance", "ph":"E", "ts":"3783576098", "pid":"1", "tid":"mom"},
{"name":"ModelSetRunClock", "ph":"B", "ts":"3786245333", "pid":"1", "tid":"mom"},
{"name":"ModelSetRunClock", "ph":"E", "ts":"3786245430", "pid":"1", "tid":"mom"},
{"name":"ModelAdvance", "ph":"B", "ts":"3786245644", "pid":"1", "tid":"mom"},
{"name":"ModelAdvance", "ph":"E", "ts":"3791487044", "pid":"1", "tid":"mom"},
{"name":"ModelSetRunClock", "ph":"B", "ts":"3793417006", "pid":"1", "tid":"mom"},
{"name":"ModelSetRunClock", "ph":"E", "ts":"3793417075", "pid":"1", "tid":"mom"},
{"name":"ModelAdvance", "ph":"B", "ts":"3793417242", "pid":"1", "tid":"mom"},
{"name":"ModelAdvance", "ph":"E", "ts":"3798563550", "pid":"1", "tid":"mom"},
{"name":"ModelSetRunClock", "ph":"B", "ts":"3801175792", "pid":"1", "tid":"mom"},
{"name":"ModelSetRunClock", "ph":"E", "ts":"3801175884", "pid":"1", "tid":"mom"},
{"name":"ModelAdvance", "ph":"B", "ts":"3801176135", "pid":"1", "tid":"mom"},
{"name":"ModelAdvance", "ph":"E", "ts":"3806327113", "pid":"1", "tid":"mom"},
{"name":"ModelSetRunClock", "ph":"B", "ts":"3814769322", "pid":"1", "tid":"mom"},
{"name":"ModelSetRunClock", "ph":"E", "ts":"3814769567", "pid":"1", "tid":"mom"},
{"name":"ModelAdvance", "ph":"B", "ts":"3814769768", "pid":"1", "tid":"mom"},
{"name":"ModelAdvance", "ph":"E", "ts":"3819918444", "pid":"1", "tid":"mom"},
{"name":"ModelSetRunClock", "ph":"B", "ts":"3822530688", "pid":"1", "tid":"mom"},
{"name":"ModelSetRunClock", "ph":"E", "ts":"3822530842", "pid":"1", "tid":"mom"},
{"name":"ModelAdvance", "ph":"B", "ts":"3822531054", "pid":"1", "tid":"mom"},
{"name":"ModelAdvance", "ph":"E", "ts":"3827684482", "pid":"1", "tid":"mom"},
{"name":"ModelSetRunClock", "ph":"B", "ts":"3829602233", "pid":"1", "tid":"mom"},
{"name":"ModelSetRunClock", "ph":"E", "ts":"3829602296", "pid":"1", "tid":"mom"},
{"name":"ModelAdvance", "ph":"B", "ts":"3829602475", "pid":"1", "tid":"mom"},
{"name":"ModelAdvance", "ph":"E", "ts":"3834744084", "pid":"1", "tid":"mom"},
{"name":"ModelSetRunClock", "ph":"B", "ts":"3837371271", "pid":"1", "tid":"mom"},
{"name":"ModelSetRunClock", "ph":"E", "ts":"3837371334", "pid":"1", "tid":"mom"},
{"name":"ModelAdvance", "ph":"B", "ts":"3837371494", "pid":"1", "tid":"mom"},
{"name":"ModelAdvance", "ph":"E", "ts":"3842585310", "pid":"1", "tid":"mom"},
{"name":"ModelFinalize", "ph":"B", "ts":"3842591505", "pid":"1", "tid":"mom"},
{"name":"ModelFinalize", "ph":"E", "ts":"3842703155", "pid":"1", "tid":"mom"},
