{"name":"SetServices", "ph":"B", "ts":"2557252256", "pid":"1", "tid":"wave"},
{"name":"SetServices", "ph":"E", "ts":"2557253841", "pid":"1", "tid":"wave"},
{"name":"InitializeP0", "ph":"B", "ts":"2557257752", "pid":"1", "tid":"wave"},
{"name":"InitializeP0", "ph":"E", "ts":"2557257835", "pid":"1", "tid":"wave"},
{"name":"InitializeAdvertise", "ph":"B", "ts":"2583628804", "pid":"1", "tid":"wave"},
{"name":"InitializeAdvertise", "ph":"E", "ts":"2687786395", "pid":"1", "tid":"wave"},
{"name":"InitializeRealize", "ph":"B", "ts":"2787968000", "pid":"1", "tid":"wave"},
{"name":"InitializeRealize", "ph":"E", "ts":"2801728899", "pid":"1", "tid":"wave"},
{"name":"DataInitialize", "ph":"B", "ts":"2828546149", "pid":"1", "tid":"wave"},
{"name":"DataInitialize", "ph":"E", "ts":"2828550030", "pid":"1", "tid":"wave"},
{"name":"ModelSetRunClock", "ph":"B", "ts":"2854067567", "pid":"1", "tid":"wave"},
{"name":"ModelSetRunClock", "ph":"E", "ts":"2854076195", "pid":"1", "tid":"wave"},
{"name":"ModelAdvance", "ph":"B", "ts":"2854076284", "pid":"1", "tid":"wave"},
{"name":"ModelAdvance", "ph":"E", "ts":"2865566455", "pid":"1", "tid":"wave"},
{"name":"ModelSetRunClock", "ph":"B", "ts":"2867024798", "pid":"1", "tid":"wave"},
{"name":"ModelSetRunClock", "ph":"E", "ts":"2867024836", "pid":"1", "tid":"wave"},
{"name":"ModelAdvance", "ph":"B", "ts":"2867024924", "pid":"1", "tid":"wave"},
{"name":"ModelAdvance", "ph":"E", "ts":"2875538560", "pid":"1", "tid":"wave"},
{"name":"ModelSetRunClock", "ph":"B", "ts":"2879250388", "pid":"1", "tid":"wave"},
{"name":"ModelSetRunClock", "ph":"E", "ts":"2879250428", "pid":"1", "tid":"wave"},
{"name":"ModelAdvance", "ph":"B", "ts":"2879250510", "pid":"1", "tid":"wave"},
{"name":"ModelAdvance", "ph":"E", "ts":"2890047596", "pid":"1", "tid":"wave"},
{"name":"ModelSetRunClock", "ph":"B", "ts":"2894012880", "pid":"1", "tid":"wave"},
{"name":"ModelSetRunClock", "ph":"E", "ts":"2894012918", "pid":"1", "tid":"wave"},
{"name":"ModelAdvance", "ph":"B", "ts":"2894012997", "pid":"1", "tid":"wave"},
{"name":"ModelAdvance", "ph":"E", "ts":"2904638990", "pid":"1", "tid":"wave"},
{"name":"ModelSetRunClock", "ph":"B", "ts":"2908522436", "pid":"1", "tid":"wave"},
{"name":"ModelSetRunClock", "ph":"E", "ts":"2908522485", "pid":"1", "tid":"wave"},
{"name":"ModelAdvance", "ph":"B", "ts":"2908522560", "pid":"1", "tid":"wave"},
{"name":"ModelAdvance", "ph":"E", "ts":"2917971498", "pid":"1", "tid":"wave"},
{"name":"ModelSetRunClock", "ph":"B", "ts":"2921832998", "pid":"1", "tid":"wave"},
{"name":"ModelSetRunClock", "ph":"E", "ts":"2921833062", "pid":"1", "tid":"wave"},
{"name":"ModelAdvance", "ph":"B", "ts":"2921833168", "pid":"1", "tid":"wave"},
{"name":"ModelAdvance", "ph":"E", "ts":"2930892177", "pid":"1", "tid":"wave"},
{"name":"ModelSetRunClock", "ph":"B", "ts":"2946823144", "pid":"1", "tid":"wave"},
{"name":"ModelSetRunClock", "ph":"E", "ts":"2946823565", "pid":"1", "tid":"wave"},
{"name":"ModelAdvance", "ph":"B", "ts":"2946823706", "pid":"1", "tid":"wave"},
{"name":"ModelAdvance", "ph":"E", "ts":"2953260785", "pid":"1", "tid":"wave"},
{"name":"ModelSetRunClock", "ph":"B", "ts":"2955060434", "pid":"1", "tid":"wave"},
{"name":"ModelSetRunClock", "ph":"E", "ts":"2955060510", "pid":"1", "tid":"wave"},
{"name":"ModelAdvance", "ph":"B", "ts":"2955060615", "pid":"1", "tid":"wave"},
{"name":"ModelAdvance", "ph":"E", "ts":"2961177956", "pid":"1", "tid":"wave"},
{"name":"ModelSetRunClock", "ph":"B", "ts":"2962875853", "pid":"1", "tid":"wave"},
{"name":"ModelSetRunClock", "ph":"E", "ts":"2962875915", "pid":"1", "tid":"wave"},
{"name":"ModelAdvance", "ph":"B", "ts":"2962876010", "pid":"1", "tid":"wave"},
{"name":"ModelAdvance", "ph":"E", "ts":"2968798411", "pid":"1", "tid":"wave"},
{"name":"ModelSetRunClock", "ph":"B", "ts":"2970984586", "pid":"1", "tid":"wave"},
{"name":"ModelSetRunClock", "ph":"E", "ts":"2970984631", "pid":"1", "tid":"wave"},
{"name":"ModelAdvance", "ph":"B", "ts":"2970984715", "pid":"1", "tid":"wave"},
{"name":"ModelAdvance", "ph":"E", "ts":"2976789561", "pid":"1", "tid":"wave"},
{"name":"ModelSetRunClock", "ph":"B", "ts":"2978452590", "pid":"1", "tid":"wave"},
{"name":"ModelSetRunClock", "ph":"E", "ts":"2978452758", "pid":"1", "tid":"wave"},
{"name":"ModelAdvance", "ph":"B", "ts":"2978452904", "pid":"1", "tid":"wave"},
{"name":"ModelAdvance", "ph":"E", "ts":"2984185269", "pid":"1", "tid":"wave"},
{"name":"ModelSetRunClock", "ph":"B", "ts":"2986606919", "pid":"1", "tid":"wave"},
{"name":"ModelSetRunClock", "ph":"E", "ts":"2986606997", "pid":"1", "tid":"wave"},
{"name":"ModelAdvance", "ph":"B", "ts":"2986607103", "pid":"1", "tid":"wave"},
{"name":"ModelAdvance", "ph":"E", "ts":"2992275556", "pid":"1", "tid":"wave"},
{"name":"ModelSetRunClock", "ph":"B", "ts":"2994044771", "pid":"1", "tid":"wave"},
{"name":"ModelSetRunClock", "ph":"E", "ts":"2994044837", "pid":"1", "tid":"wave"},
{"name":"ModelAdvance", "ph":"B", "ts":"2994044940", "pid":"1", "tid":"wave"},
{"name":"ModelAdvance", "ph":"E", "ts":"2999625431", "pid":"1", "tid":"wave"},
{"name":"ModelSetRunClock", "ph":"B", "ts":"3003379958", "pid":"1", "tid":"wave"},
{"name":"ModelSetRunClock", "ph":"E", "ts":"3003380009", "pid":"1", "tid":"wave"},
{"name":"ModelAdvance", "ph":"B", "ts":"3003380094", "pid":"1", "tid":"wave"},
{"name":"ModelAdvance", "ph":"E", "ts":"3008930230", "pid":"1", "tid":"wave"},
{"name":"ModelSetRunClock", "ph":"B", "ts":"3011228668", "pid":"1", "tid":"wave"},
{"name":"ModelSetRunClock", "ph":"E", "ts":"3011228737", "pid":"1", "tid":"wave"},
{"name":"ModelAdvance", "ph":"B", "ts":"3011228872", "pid":"1", "tid":"wave"},
{"name":"ModelAdvance", "ph":"E", "ts":"3016714034", "pid":"1", "tid":"wave"},
{"name":"ModelSetRunClock", "ph":"B", "ts":"3019664355", "pid":"1", "tid":"wave"},
{"name":"ModelSetRunClock", "ph":"E", "ts":"3019664428", "pid":"1", "tid":"wave"},
{"name":"ModelAdvance", "ph":"B", "ts":"3019664539", "pid":"1", "tid":"wave"},
{"name":"ModelAdvance", "ph":"E", "ts":"3025109238", "pid":"1", "tid":"wave"},
{"name":"ModelSetRunClock", "ph":"B", "ts":"3027396861", "pid":"1", "tid":"wave"},
{"name":"ModelSetRunClock", "ph":"E", "ts":"3027396922", "pid":"1", "tid":"wave"},
{"name":"ModelAdvance", "ph":"B", "ts":"3027397026", "pid":"1", "tid":"wave"},
{"name":"ModelAdvance", "ph":"E", "ts":"3032818292", "pid":"1", "tid":"wave"},
{"name":"ModelSetRunClock", "ph":"B", "ts":"3035731201", "pid":"1", "tid":"wave"},
{"name":"ModelSetRunClock", "ph":"E", "ts":"3035731283", "pid":"1", "tid":"wave"},
{"name":"ModelAdvance", "ph":"B", "ts":"3035731398", "pid":"1", "tid":"wave"},
{"name":"ModelAdvance", "ph":"E", "ts":"3041103663", "pid":"1", "tid":"wave"},
{"name":"ModelSetRunClock", "ph":"B", "ts":"3044159833", "pid":"1", "tid":"wave"},
{"name":"ModelSetRunClock", "ph":"E", "ts":"3044159888", "pid":"1", "tid":"wave"},
{"name":"ModelAdvance", "ph":"B", "ts":"3044159976", "pid":"1", "tid":"wave"},
{"name":"ModelAdvance", "ph":"E", "ts":"3049487293", "pid":"1", "tid":"wave"},
{"name":"ModelSetRunClock", "ph":"B", "ts":"3054926234", "pid":"1", "tid":"wave"},
{"name":"ModelSetRunClock", "ph":"E", "ts":"3054926292", "pid":"1", "tid":"wave"},
{"name":"ModelAdvance", "ph":"B", "ts":"3054926399", "pid":"1", "tid":"wave"},
{"name":"ModelAdvance", "ph":"E", "ts":"3060218348", "pid":"1", "tid":"wave"},
{"name":"ModelSetRunClock", "ph":"B", "ts":"3062983207", "pid":"1", "tid":"wave"},
{"name":"ModelSetRunClock", "ph":"E", "ts":"3062983271", "pid":"1", "tid":"wave"},
{"name":"ModelAdvance", "ph":"B", "ts":"3062983357", "pid":"1", "tid":"wave"},
{"name":"ModelAdvance", "ph":"E", "ts":"3068250954", "pid":"1", "tid":"wave"},
{"name":"ModelSetRunClock", "ph":"B", "ts":"3071643300", "pid":"1", "tid":"wave"},
{"name":"ModelSetRunClock", "ph":"E", "ts":"3071643543", "pid":"1", "tid":"wave"},
{"name":"ModelAdvance", "ph":"B", "ts":"3071643730", "pid":"1", "tid":"wave"},
{"name":"ModelAdvance", "ph":"E", "ts":"3076912985", "pid":"1", "tid":"wave"},
{"name":"ModelSetRunClock", "ph":"B", "ts":"3079765878", "pid":"1", "tid":"wave"},
{"name":"ModelSetRunClock", "ph":"E", "ts":"3079765969", "pid":"1", "tid":"wave"},
{"name":"ModelAdvance", "ph":"B", "ts":"3079766111", "pid":"1", "tid":"wave"},
{"name":"ModelAdvance", "ph":"E", "ts":"3085057511", "pid":"1", "tid":"wave"},
{"name":"ModelSetRunClock", "ph":"B", "ts":"3088217660", "pid":"1", "tid":"wave"},
{"name":"ModelSetRunClock", "ph":"E", "ts":"3088217720", "pid":"1", "tid":"wave"},
{"name":"ModelAdvance", "ph":"B", "ts":"3088217818", "pid":"1", "tid":"wave"},
{"name":"ModelAdvance", "ph":"E", "ts":"3093500916", "pid":"1", "tid":"wave"},
{"name":"ModelSetRunClock", "ph":"B", "ts":"3095959054", "pid":"1", "tid":"wave"},
{"name":"ModelSetRunClock", "ph":"E", "ts":"3095959119", "pid":"1", "tid":"wave"},
{"name":"ModelAdvance", "ph":"B", "ts":"3095959226", "pid":"1", "tid":"wave"},
{"name":"ModelAdvance", "ph":"E", "ts":"3101225292", "pid":"1", "tid":"wave"},
{"name":"ModelSetRunClock", "ph":"B", "ts":"3103903976", "pid":"1", "tid":"wave"},
{"name":"ModelSetRunClock", "ph":"E", "ts":"3103904063", "pid":"1", "tid":"wave"},
{"name":"ModelAdvance", "ph":"B", "ts":"3103904213", "pid":"1", "tid":"wave"},
{"name":"ModelAdvance", "ph":"E", "ts":"3109131985", "pid":"1", "tid":"wave"},
{"name":"ModelSetRunClock", "ph":"B", "ts":"3111078324", "pid":"1", "tid":"wave"},
{"name":"ModelSetRunClock", "ph":"E", "ts":"3111078435", "pid":"1", "tid":"wave"},
{"name":"ModelAdvance", "ph":"B", "ts":"3111078553", "pid":"1", "tid":"wave"},
{"name":"ModelAdvance", "ph":"E", "ts":"3116324379", "pid":"1", "tid":"wave"},
{"name":"ModelSetRunClock", "ph":"B", "ts":"3122612031", "pid":"1", "tid":"wave"},
{"name":"ModelSetRunClock", "ph":"E", "ts":"3122612085", "pid":"1", "tid":"wave"},
{"name":"ModelAdvance", "ph":"B", "ts":"3122612164", "pid":"1", "tid":"wave"},
{"name":"ModelAdvance", "ph":"E", "ts":"3127830972", "pid":"1", "tid":"wave"},
{"name":"ModelSetRunClock", "ph":"B", "ts":"3129693500", "pid":"1", "tid":"wave"},
{"name":"ModelSetRunClock", "ph":"E", "ts":"3129693563", "pid":"1", "tid":"wave"},
{"name":"ModelAdvance", "ph":"B", "ts":"3129693652", "pid":"1", "tid":"wave"},
{"name":"ModelAdvance", "ph":"E", "ts":"3134921981", "pid":"1", "tid":"wave"},
{"name":"ModelSetRunClock", "ph":"B", "ts":"3137502813", "pid":"1", "tid":"wave"},
{"name":"ModelSetRunClock", "ph":"E", "ts":"3137502897", "pid":"1", "tid":"wave"},
{"name":"ModelAdvance", "ph":"B", "ts":"3137503012", "pid":"1", "tid":"wave"},
{"name":"ModelAdvance", "ph":"E", "ts":"3142757920", "pid":"1", "tid":"wave"},
{"name":"ModelSetRunClock", "ph":"B", "ts":"3144717772", "pid":"1", "tid":"wave"},
{"name":"ModelSetRunClock", "ph":"E", "ts":"3144717863", "pid":"1", "tid":"wave"},
{"name":"ModelAdvance", "ph":"B", "ts":"3144717999", "pid":"1", "tid":"wave"},
{"name":"ModelAdvance", "ph":"E", "ts":"3150001475", "pid":"1", "tid":"wave"},
{"name":"ModelSetRunClock", "ph":"B", "ts":"3152573894", "pid":"1", "tid":"wave"},
{"name":"ModelSetRunClock", "ph":"E", "ts":"3152573969", "pid":"1", "tid":"wave"},
{"name":"ModelAdvance", "ph":"B", "ts":"3152574082", "pid":"1", "tid":"wave"},
{"name":"ModelAdvance", "ph":"E", "ts":"3157832146", "pid":"1", "tid":"wave"},
{"name":"ModelSetRunClock", "ph":"B", "ts":"3172039210", "pid":"1", "tid":"wave"},
{"name":"ModelSetRunClock", "ph":"E", "ts":"3172039365", "pid":"1", "tid":"wave"},
{"name":"ModelAdvance", "ph":"B", "ts":"3172039459", "pid":"1", "tid":"wave"},
{"name":"ModelAdvance", "ph":"E", "ts":"3177399553", "pid":"1", "tid":"wave"},
{"name":"ModelSetRunClock", "ph":"B", "ts":"3179831898", "pid":"1", "tid":"wave"},
{"name":"ModelSetRunClock", "ph":"E", "ts":"3179831939", "pid":"1", "tid":"wave"},
{"name":"ModelAdvance", "ph":"B", "ts":"3179832030", "pid":"1", "tid":"wave"},
{"name":"ModelAdvance", "ph":"E", "ts":"3184980450", "pid":"1", "tid":"wave"},
{"name":"ModelSetRunClock", "ph":"B", "ts":"3186957480", "pid":"1", "tid":"wave"},
{"name":"ModelSetRunClock", "ph":"E", "ts":"3186957539", "pid":"1", "tid":"wave"},
{"name":"ModelAdvance", "ph":"B", "ts":"3186957614", "pid":"1", "tid":"wave"},
{"name":"ModelAdvance", "ph":"E", "ts":"3192095015", "pid":"1", "tid":"wave"},
{"name":"ModelSetRunClock", "ph":"B", "ts":"3194954370", "pid":"1", "tid":"wave"},
{"name":"ModelSetRunClock", "ph":"E", "ts":"3194954427", "pid":"1", "tid":"wave"},
{"name":"ModelAdvance", "ph":"B", "ts":"3194954861", "pid":"1", "tid":"wave"},
{"name":"ModelAdvance", "ph":"E", "ts":"3200233764", "pid":"1", "tid":"wave"},
{"name":"ModelSetRunClock", "ph":"B", "ts":"3243842741", "pid":"1", "tid":"wave"},
{"name":"ModelSetRunClock", "ph":"E", "ts":"3243842884", "pid":"1", "tid":"wave"},
{"name":"ModelAdvance", "ph":"B", "ts":"3243842969", "pid":"1", "tid":"wave"},
{"name":"ModelAdvance", "ph":"E", "ts":"3249260350", "pid":"1", "tid":"wave"},
{"name":"ModelSetRunClock", "ph":"B", "ts":"3264428342", "pid":"1", "tid":"wave"},
{"name":"ModelSetRunClock", "ph":"E", "ts":"3264428398", "pid":"1", "tid":"wave"},
{"name":"ModelAdvance", "ph":"B", "ts":"3264428485", "pid":"1", "tid":"wave"},
{"name":"ModelAdvance", "ph":"E", "ts":"3270078240", "pid":"1", "tid":"wave"},
{"name":"ModelSetRunClock", "ph":"B", "ts":"3271733532", "pid":"1", "tid":"wave"},
{"name":"ModelSetRunClock", "ph":"E", "ts":"3271733592", "pid":"1", "tid":"wave"},
{"name":"ModelAdvance", "ph":"B", "ts":"3271733684", "pid":"1", "tid":"wave"},
{"name":"ModelAdvance", "ph":"E", "ts":"3277397892", "pid":"1", "tid":"wave"},
{"name":"ModelSetRunClock", "ph":"B", "ts":"3279827537", "pid":"1", "tid":"wave"},
{"name":"ModelSetRunClock", "ph":"E", "ts":"3279827590", "pid":"1", "tid":"wave"},
{"name":"ModelAdvance", "ph":"B", "ts":"3279827668", "pid":"1", "tid":"wave"},
{"name":"ModelAdvance", "ph":"E", "ts":"3285409424", "pid":"1", "tid":"wave"},
{"name":"ModelSetRunClock", "ph":"B", "ts":"3287609592", "pid":"1", "tid":"wave"},
{"name":"ModelSetRunClock", "ph":"E", "ts":"3287609651", "pid":"1", "tid":"wave"},
{"name":"ModelAdvance", "ph":"B", "ts":"3287609795", "pid":"1", "tid":"wave"},
{"name":"ModelAdvance", "ph":"E", "ts":"3293336128", "pid":"1", "tid":"wave"},
{"name":"ModelSetRunClock", "ph":"B", "ts":"3297893222", "pid":"1", "tid":"wave"},
{"name":"ModelSetRunClock", "ph":"E", "ts":"3297893277", "pid":"1", "tid":"wave"},
{"name":"ModelAdvance", "ph":"B", "ts":"3297893367", "pid":"1", "tid":"wave"},
{"name":"ModelAdvance", "ph":"E", "ts":"3303631805", "pid":"1", "tid":"wave"},
{"name":"ModelSetRunClock", "ph":"B", "ts":"3305588990", "pid":"1", "tid":"wave"},
{"name":"ModelSetRunClock", "ph":"E", "ts":"3305589187", "pid":"1", "tid":"wave"},
{"name":"ModelAdvance", "ph":"B", "ts":"3305589352", "pid":"1", "tid":"wave"},
{"name":"ModelAdvance", "ph":"E", "ts":"3311280177", "pid":"1", "tid":"wave"},
{"name":"ModelSetRunClock", "ph":"B", "ts":"3326720578", "pid":"1", "tid":"wave"},
{"name":"ModelSetRunClock", "ph":"E", "ts":"3326720658", "pid":"1", "tid":"wave"},
{"name":"ModelAdvance", "ph":"B", "ts":"3326720772", "pid":"1", "tid":"wave"},
{"name":"ModelAdvance", "ph":"E", "ts":"3332250051", "pid":"1", "tid":"wave"},
{"name":"ModelSetRunClock", "ph":"B", "ts":"3334182816", "pid":"1", "tid":"wave"},
{"name":"ModelSetRunClock", "ph":"E", "ts":"3334182879", "pid":"1", "tid":"wave"},
{"name":"ModelAdvance", "ph":"B", "ts":"3334182956", "pid":"1", "tid":"wave"},
{"name":"ModelAdvance", "ph":"E", "ts":"3339676770", "pid":"1", "tid":"wave"},
{"name":"ModelSetRunClock", "ph":"B", "ts":"3342213388", "pid":"1", "tid":"wave"},
{"name":"ModelSetRunClock", "ph":"E", "ts":"3342213464", "pid":"1", "tid":"wave"},
{"name":"ModelAdvance", "ph":"B", "ts":"3342213562", "pid":"1", "tid":"wave"},
{"name":"ModelAdvance", "ph":"E", "ts":"3347731931", "pid":"1", "tid":"wave"},
{"name":"ModelSetRunClock", "ph":"B", "ts":"3349460415", "pid":"1", "tid":"wave"},
{"name":"ModelSetRunClock", "ph":"E", "ts":"3349460494", "pid":"1", "tid":"wave"},
{"name":"ModelAdvance", "ph":"B", "ts":"3349460598", "pid":"1", "tid":"wave"},
{"name":"ModelAdvance", "ph":"E", "ts":"3354986108", "pid":"1", "tid":"wave"},
{"name":"ModelSetRunClock", "ph":"B", "ts":"3357267125", "pid":"1", "tid":"wave"},
{"name":"ModelSetRunClock", "ph":"E", "ts":"3357267176", "pid":"1", "tid":"wave"},
{"name":"ModelAdvance", "ph":"B", "ts":"3357267261", "pid":"1", "tid":"wave"},
{"name":"ModelAdvance", "ph":"E", "ts":"3362839137", "pid":"1", "tid":"wave"},
{"name":"ModelSetRunClock", "ph":"B", "ts":"3368588524", "pid":"1", "tid":"wave"},
{"name":"ModelSetRunClock", "ph":"E", "ts":"3368588740", "pid":"1", "tid":"wave"},
{"name":"ModelAdvance", "ph":"B", "ts":"3368588895", "pid":"1", "tid":"wave"},
{"name":"ModelAdvance", "ph":"E", "ts":"3374176603", "pid":"1", "tid":"wave"},
{"name":"ModelSetRunClock", "ph":"B", "ts":"3376974675", "pid":"1", "tid":"wave"},
{"name":"ModelSetRunClock", "ph":"E", "ts":"3376974727", "pid":"1", "tid":"wave"},
{"name":"ModelAdvance", "ph":"B", "ts":"3376974807", "pid":"1", "tid":"wave"},
{"name":"ModelAdvance", "ph":"E", "ts":"3382577325", "pid":"1", "tid":"wave"},
{"name":"ModelSetRunClock", "ph":"B", "ts":"3384350020", "pid":"1", "tid":"wave"},
{"name":"ModelSetRunClock", "ph":"E", "ts":"3384350083", "pid":"1", "tid":"wave"},
{"name":"ModelAdvance", "ph":"B", "ts":"3384350189", "pid":"1", "tid":"wave"},
{"name":"ModelAdvance", "ph":"E", "ts":"3389986773", "pid":"1", "tid":"wave"},
{"name":"ModelSetRunClock", "ph":"B", "ts":"3392250157", "pid":"1", "tid":"wave"},
{"name":"ModelSetRunClock", "ph":"E", "ts":"3392250212", "pid":"1", "tid":"wave"},
{"name":"ModelAdvance", "ph":"B", "ts":"3392250312", "pid":"1", "tid":"wave"},
{"name":"ModelAdvance", "ph":"E", "ts":"3397879808", "pid":"1", "tid":"wave"},
{"name":"ModelSetRunClock", "ph":"B", "ts":"3423476181", "pid":"1", "tid":"wave"},
{"name":"ModelSetRunClock", "ph":"E", "ts":"3423476240", "pid":"1", "tid":"wave"},
{"name":"ModelAdvance", "ph":"B", "ts":"3423476332", "pid":"1", "tid":"wave"},
{"name":"ModelAdvance", "ph":"E", "ts":"3429042962", "pid":"1", "tid":"wave"},
{"name":"ModelSetRunClock", "ph":"B", "ts":"3431654919", "pid":"1", "tid":"wave"},
{"name":"ModelSetRunClock", "ph":"E", "ts":"3431654988", "pid":"1", "tid":"wave"},
{"name":"ModelAdvance", "ph":"B", "ts":"3431655083", "pid":"1", "tid":"wave"},
{"name":"ModelAdvance", "ph":"E", "ts":"3437213573", "pid":"1", "tid":"wave"},
{"name":"ModelSetRunClock", "ph":"B", "ts":"3439177521", "pid":"1", "tid":"wave"},
{"name":"ModelSetRunClock", "ph":"E", "ts":"3439177575", "pid":"1", "tid":"wave"},
{"name":"ModelAdvance", "ph":"B", "ts":"3439177663", "pid":"1", "tid":"wave"},
{"name":"ModelAdvance", "ph":"E", "ts":"3444637321", "pid":"1", "tid":"wave"},
{"name":"ModelSetRunClock", "ph":"B", "ts":"3447356210", "pid":"1", "tid":"wave"},
{"name":"ModelSetRunClock", "ph":"E", "ts":"3447356286", "pid":"1", "tid":"wave"},
{"name":"ModelAdvance", "ph":"B", "ts":"3447356389", "pid":"1", "tid":"wave"},
{"name":"ModelAdvance", "ph":"E", "ts":"3452716134", "pid":"1", "tid":"wave"},
{"name":"ModelSetRunClock", "ph":"B", "ts":"3457007827", "pid":"1", "tid":"wave"},
{"name":"ModelSetRunClock", "ph":"E", "ts":"3457007879", "pid":"1", "tid":"wave"},
{"name":"ModelAdvance", "ph":"B", "ts":"3457007958", "pid":"1", "tid":"wave"},
{"name":"ModelAdvance", "ph":"E", "ts":"3462242697", "pid":"1", "tid":"wave"},
{"name":"ModelSetRunClock", "ph":"B", "ts":"3465088086", "pid":"1", "tid":"wave"},
{"name":"ModelSetRunClock", "ph":"E", "ts":"3465088140", "pid":"1", "tid":"wave"},
{"name":"ModelAdvance", "ph":"B", "ts":"3465088231", "pid":"1", "tid":"wave"},
{"name":"ModelAdvance", "ph":"E", "ts":"3470178207", "pid":"1", "tid":"wave"},
{"name":"ModelSetRunClock", "ph":"B", "ts":"3472274493", "pid":"1", "tid":"wave"},
{"name":"ModelSetRunClock", "ph":"E", "ts":"3472274550", "pid":"1", "tid":"wave"},
{"name":"ModelAdvance", "ph":"B", "ts":"3472274641", "pid":"1", "tid":"wave"},
{"name":"ModelAdvance", "ph":"E", "ts":"3477292086", "pid":"1", "tid":"wave"},
{"name":"ModelSetRunClock", "ph":"B", "ts":"3480093442", "pid":"1", "tid":"wave"},
{"name":"ModelSetRunClock", "ph":"E", "ts":"3480093514", "pid":"1", "tid":"wave"},
{"name":"ModelAdvance", "ph":"B", "ts":"3480093619", "pid":"1", "tid":"wave"},
{"name":"ModelAdvance", "ph":"E", "ts":"3485091247", "pid":"1", "tid":"wave"},
{"name":"ModelSetRunClock", "ph":"B", "ts":"3510011206", "pid":"1", "tid":"wave"},
{"name":"ModelSetRunClock", "ph":"E", "ts":"3510011506", "pid":"1", "tid":"wave"},
{"name":"ModelAdvance", "ph":"B", "ts":"3510011656", "pid":"1", "tid":"wave"},
{"name":"ModelAdvance", "ph":"E", "ts":"3515047267", "pid":"1", "tid":"wave"},
{"name":"ModelSetRunClock", "ph":"B", "ts":"3517853054", "pid":"1", "tid":"wave"},
{"name":"ModelSetRunClock", "ph":"E", "ts":"3517853124", "pid":"1", "tid":"wave"},
{"name":"ModelAdvance", "ph":"B", "ts":"3517853247", "pid":"1", "tid":"wave"},
{"name":"ModelAdvance", "ph":"E", "ts":"3522876251", "pid":"1", "tid":"wave"},
{"name":"ModelSetRunClock", "ph":"B", "ts":"3525100585", "pid":"1", "tid":"wave"},
{"name":"ModelSetRunClock", "ph":"E", "ts":"3525100655", "pid":"1", "tid":"wave"},
{"name":"ModelAdvance", "ph":"B", "ts":"3525100786", "pid":"1", "tid":"wave"},
{"name":"ModelAdvance", "ph":"E", "ts":"3530111283", "pid":"1", "tid":"wave"},
{"name":"ModelSetRunClock", "ph":"B", "ts":"3533000122", "pid":"1", "tid":"wave"},
{"name":"ModelSetRunClock", "ph":"E", "ts":"3533000182", "pid":"1", "tid":"wave"},
{"name":"ModelAdvance", "ph":"B", "ts":"3533000282", "pid":"1", "tid":"wave"},
{"name":"ModelAdvance", "ph":"E", "ts":"3538009431", "pid":"1", "tid":"wave"},
{"name":"ModelSetRunClock", "ph":"B", "ts":"3571510052", "pid":"1", "tid":"wave"},
{"name":"ModelSetRunClock", "ph":"E", "ts":"3571510322", "pid":"1", "tid":"wave"},
{"name":"ModelAdvance", "ph":"B", "ts":"3571510480", "pid":"1", "tid":"wave"},
{"name":"ModelAdvance", "ph":"E", "ts":"3576496937", "pid":"1", "tid":"wave"},
{"name":"ModelSetRunClock", "ph":"B", "ts":"3579427771", "pid":"1", "tid":"wave"},
{"name":"ModelSetRunClock", "ph":"E", "ts":"3579427825", "pid":"1", "tid":"wave"},
{"name":"ModelAdvance", "ph":"B", "ts":"3579427925", "pid":"1", "tid":"wave"},
{"name":"ModelAdvance", "ph":"E", "ts":"3584437842", "pid":"1", "tid":"wave"},
{"name":"ModelSetRunClock", "ph":"B", "ts":"3586882100", "pid":"1", "tid":"wave"},
{"name":"ModelSetRunClock", "ph":"E", "ts":"3586882165", "pid":"1", "tid":"wave"},
{"name":"ModelAdvance", "ph":"B", "ts":"3586882263", "pid":"1", "tid":"wave"},
{"name":"ModelAdvance", "ph":"E", "ts":"3591910184", "pid":"1", "tid":"wave"},
{"name":"ModelSetRunClock", "ph":"B", "ts":"3594899025", "pid":"1", "tid":"wave"},
{"name":"ModelSetRunClock", "ph":"E", "ts":"3594899098", "pid":"1", "tid":"wave"},
{"name":"ModelAdvance", "ph":"B", "ts":"3594899196", "pid":"1", "tid":"wave"},
{"name":"ModelAdvance", "ph":"E", "ts":"3599970228", "pid":"1", "tid":"wave"},
{"name":"ModelSetRunClock", "ph":"B", "ts":"3620077586", "pid":"1", "tid":"wave"},
{"name":"ModelSetRunClock", "ph":"E", "ts":"3620077782", "pid":"1", "tid":"wave"},
{"name":"ModelAdvance", "ph":"B", "ts":"3620077894", "pid":"1", "tid":"wave"},
{"name":"ModelAdvance", "ph":"E", "ts":"3625139087", "pid":"1", "tid":"wave"},
{"name":"ModelSetRunClock", "ph":"B", "ts":"3628028565", "pid":"1", "tid":"wave"},
{"name":"ModelSetRunClock", "ph":"E", "ts":"3628028639", "pid":"1", "tid":"wave"},
{"name":"ModelAdvance", "ph":"B", "ts":"3628028751", "pid":"1", "tid":"wave"},
{"name":"ModelAdvance", "ph":"E", "ts":"3633085709", "pid":"1", "tid":"wave"},
{"name":"ModelSetRunClock", "ph":"B", "ts":"3635217277", "pid":"1", "tid":"wave"},
{"name":"ModelSetRunClock", "ph":"E", "ts":"3635217353", "pid":"1", "tid":"wave"},
{"name":"ModelAdvance", "ph":"B", "ts":"3635217448", "pid":"1", "tid":"wave"},
{"name":"ModelAdvance", "ph":"E", "ts":"3640237758", "pid":"1", "tid":"wave"},
{"name":"ModelSetRunClock", "ph":"B", "ts":"3643035257", "pid":"1", "tid":"wave"},
{"name":"ModelSetRunClock", "ph":"E", "ts":"3643035325", "pid":"1", "tid":"wave"},
{"name":"ModelAdvance", "ph":"B", "ts":"3643035430", "pid":"1", "tid":"wave"},
{"name":"ModelAdvance", "ph":"E", "ts":"3648013441", "pid":"1", "tid":"wave"},
{"name":"ModelSetRunClock", "ph":"B", "ts":"3650189190", "pid":"1", "tid":"wave"},
{"name":"ModelSetRunClock", "ph":"E", "ts":"3650189265", "pid":"1", "tid":"wave"},
{"name":"ModelAdvance", "ph":"B", "ts":"3650189386", "pid":"1", "tid":"wave"},
{"name":"ModelAdvance", "ph":"E", "ts":"3655095462", "pid":"1", "tid":"wave"},
{"name":"ModelSetRunClock", "ph":"B", "ts":"3679554139", "pid":"1", "tid":"wave"},
{"name":"ModelSetRunClock", "ph":"E", "ts":"3679554212", "pid":"1", "tid":"wave"},
{"name":"ModelAdvance", "ph":"B", "ts":"3679554566", "pid":"1", "tid":"wave"},
{"name":"ModelAdvance", "ph":"E", "ts":"3684389523", "pid":"1", "tid":"wave"},
{"name":"ModelSetRunClock", "ph":"B", "ts":"3686672785", "pid":"1", "tid":"wave"},
{"name":"ModelSetRunClock", "ph":"E", "ts":"3686672847", "pid":"1", "tid":"wave"},
{"name":"ModelAdvance", "ph":"B", "ts":"3686672930", "pid":"1", "tid":"wave"},
{"name":"ModelAdvance", "ph":"E", "ts":"3691464099", "pid":"1", "tid":"wave"},
{"name":"ModelSetRunClock", "ph":"B", "ts":"3694492588", "pid":"1", "tid":"wave"},
{"name":"ModelSetRunClock", "ph":"E", "ts":"3694492662", "pid":"1", "tid":"wave"},
{"name":"ModelAdvance", "ph":"B", "ts":"3694492768", "pid":"1", "tid":"wave"},
{"name":"ModelAdvance", "ph":"E", "ts":"3699247080", "pid":"1", "tid":"wave"},
{"name":"ModelSetRunClock", "ph":"B", "ts":"3701640575", "pid":"1", "tid":"wave"},
{"name":"ModelSetRunClock", "ph":"E", "ts":"3701640653", "pid":"1", "tid":"wave"},
{"name":"ModelAdvance", "ph":"B", "ts":"3701640757", "pid":"1", "tid":"wave"},
{"name":"ModelAdvance", "ph":"E", "ts":"3706293944", "pid":"1", "tid":"wave"},
{"name":"ModelSetRunClock", "ph":"B", "ts":"3721378420", "pid":"1", "tid":"wave"},
{"name":"ModelSetRunClock", "ph":"E", "ts":"3721378601", "pid":"1", "tid":"wave"},
{"name":"ModelAdvance", "ph":"B", "ts":"3721378792", "pid":"1", "tid":"wave"},
{"name":"ModelAdvance", "ph":"E", "ts":"3726010775", "pid":"1", "tid":"wave"},
{"name":"ModelSetRunClock", "ph":"B", "ts":"3728589842", "pid":"1", "tid":"wave"},
{"name":"ModelSetRunClock", "ph":"E", "ts":"3728589913", "pid":"1", "tid":"wave"},
{"name":"ModelAdvance", "ph":"B", "ts":"3728590016", "pid":"1", "tid":"wave"},
{"name":"ModelAdvance", "ph":"E", "ts":"3733275778", "pid":"1", "tid":"wave"},
{"name":"ModelSetRunClock", "ph":"B", "ts":"3736361721", "pid":"1", "tid":"wave"},
{"name":"ModelSetRunClock", "ph":"E", "ts":"3736361788", "pid":"1", "tid":"wave"},
{"name":"ModelAdvance", "ph":"B", "ts":"3736361877", "pid":"1", "tid":"wave"},
{"name":"ModelAdvance", "ph":"E", "ts":"3741080833", "pid":"1", "tid":"wave"},
{"name":"ModelSetRunClock", "ph":"B", "ts":"3743395400", "pid":"1", "tid":"wave"},
{"name":"ModelSetRunClock", "ph":"E", "ts":"3743395453", "pid":"1", "tid":"wave"},
{"name":"ModelAdvance", "ph":"B", "ts":"3743395530", "pid":"1", "tid":"wave"},
{"name":"ModelAdvance", "ph":"E", "ts":"3748127448", "pid":"1", "tid":"wave"},
{"name":"ModelSetRunClock", "ph":"B", "ts":"3751217555", "pid":"1", "tid":"wave"},
{"name":"ModelSetRunClock", "ph":"E", "ts":"3751217620", "pid":"1", "tid":"wave"},
{"name":"ModelAdvance", "ph":"B", "ts":"3751217714", "pid":"1", "tid":"wave"},
{"name":"ModelAdvance", "ph":"E", "ts":"3755985582", "pid":"1", "tid":"wave"},
{"name":"ModelSetRunClock", "ph":"B", "ts":"3778395739", "pid":"1", "tid":"wave"},
{"name":"ModelSetRunClock", "ph":"E", "ts":"3778395997", "pid":"1", "tid":"wave"},
{"name":"ModelAdvance", "ph":"B", "ts":"3778396140", "pid":"1", "tid":"wave"},
{"name":"ModelAdvance", "ph":"E", "ts":"3783290151", "pid":"1", "tid":"wave"},
{"name":"ModelSetRunClock", "ph":"B", "ts":"3786234162", "pid":"1", "tid":"wave"},
{"name":"ModelSetRunClock", "ph":"E", "ts":"3786234212", "pid":"1", "tid":"wave"},
{"name":"ModelAdvance", "ph":"B", "ts":"3786234344", "pid":"1", "tid":"wave"},
{"name":"ModelAdvance", "ph":"E", "ts":"3791259106", "pid":"1", "tid":"wave"},
{"name":"ModelSetRunClock", "ph":"B", "ts":"3793408731", "pid":"1", "tid":"wave"},
{"name":"ModelSetRunClock", "ph":"E", "ts":"3793408780", "pid":"1", "tid":"wave"},
{"name":"ModelAdvance", "ph":"B", "ts":"3793408869", "pid":"1", "tid":"wave"},
{"name":"ModelAdvance", "ph":"E", "ts":"3798477779", "pid":"1", "tid":"wave"},
{"name":"ModelSetRunClock", "ph":"B", "ts":"3801165247", "pid":"1", "tid":"wave"},
{"name":"ModelSetRunClock", "ph":"E", "ts":"3801165298", "pid":"1", "tid":"wave"},
{"name":"ModelAdvance", "ph":"B", "ts":"3801165390", "pid":"1", "tid":"wave"},
{"name":"ModelAdvance", "ph":"E", "ts":"3806252573", "pid":"1", "tid":"wave"},
{"name":"ModelSetRunClock", "ph":"B", "ts":"3814759122", "pid":"1", "tid":"wave"},
{"name":"ModelSetRunClock", "ph":"E", "ts":"3814759276", "pid":"1", "tid":"wave"},
{"name":"ModelAdvance", "ph":"B", "ts":"3814759412", "pid":"1", "tid":"wave"},
{"name":"ModelAdvance", "ph":"E", "ts":"3819851272", "pid":"1", "tid":"wave"},
{"name":"ModelSetRunClock", "ph":"B", "ts":"3822529385", "pid":"1", "tid":"wave"},
{"name":"ModelSetRunClock", "ph":"E", "ts":"3822529427", "pid":"1", "tid":"wave"},
{"name":"ModelAdvance", "ph":"B", "ts":"3822529500", "pid":"1", "tid":"wave"},
{"name":"ModelAdvance", "ph":"E", "ts":"3827605080", "pid":"1", "tid":"wave"},
{"name":"ModelSetRunClock", "ph":"B", "ts":"3829593229", "pid":"1", "tid":"wave"},
{"name":"ModelSetRunClock", "ph":"E", "ts":"3829593284", "pid":"1", "tid":"wave"},
{"name":"ModelAdvance", "ph":"B", "ts":"3829593374", "pid":"1", "tid":"wave"},
{"name":"ModelAdvance", "ph":"E", "ts":"3834764255", "pid":"1", "tid":"wave"},
{"name":"ModelSetRunClock", "ph":"B", "ts":"3837362687", "pid":"1", "tid":"wave"},
{"name":"ModelSetRunClock", "ph":"E", "ts":"3837362728", "pid":"1", "tid":"wave"},
{"name":"ModelAdvance", "ph":"B", "ts":"3837362810", "pid":"1", "tid":"wave"},
{"name":"ModelAdvance", "ph":"E", "ts":"3842436873", "pid":"1", "tid":"wave"},
{"name":"ModelFinalize", "ph":"B", "ts":"3842442561", "pid":"1", "tid":"wave"},
{"name":"ModelFinalize", "ph":"E", "ts":"3842442588", "pid":"1", "tid":"wave"},
