{"name":"SetServices", "ph":"B", "ts":"2742730093", "pid":"1", "tid":"mom"},
{"name":"SetServices", "ph":"E", "ts":"2742761003", "pid":"1", "tid":"mom"},
{"name":"InitializeP0", "ph":"B", "ts":"2743937291", "pid":"1", "tid":"mom"},
{"name":"InitializeP0", "ph":"E", "ts":"2743937746", "pid":"1", "tid":"mom"},
{"name":"InitializeAdvertise", "ph":"B", "ts":"2766755797", "pid":"1", "tid":"mom"},
{"name":"InitializeAdvertise", "ph":"E", "ts":"2852155512", "pid":"1", "tid":"mom"},
{"name":"InitializeRealize", "ph":"B", "ts":"2978665270", "pid":"1", "tid":"mom"},
{"name":"InitializeRealize", "ph":"E", "ts":"2984076423", "pid":"1", "tid":"mom"},
{"name":"DataInitialize", "ph":"B", "ts":"3021700466", "pid":"1", "tid":"mom"},
{"name":"DataInitialize", "ph":"E", "ts":"3021701797", "pid":"1", "tid":"mom"},
{"name":"ModelSetRunClock", "ph":"B", "ts":"3041473677", "pid":"1", "tid":"mom"},
{"name":"ModelSetRunClock", "ph":"E", "ts":"3041482721", "pid":"1", "tid":"mom"},
{"name":"ModelAdvance", "ph":"B", "ts":"3041482879", "pid":"1", "tid":"mom"},
{"name":"ModelAdvance", "ph":"E", "ts":"3047891899", "pid":"1", "tid":"mom"},
{"name":"ModelSetRunClock", "ph":"B", "ts":"3055372003", "pid":"1", "tid":"mom"},
{"name":"ModelSetRunClock", "ph":"E", "ts":"3055372079", "pid":"1", "tid":"mom"},
{"name":"ModelAdvance", "ph":"B", "ts":"3055372248", "pid":"1", "tid":"mom"},
{"name":"ModelAdvance", "ph":"E", "ts":"3060789706", "pid":"1", "tid":"mom"},
{"name":"ModelSetRunClock", "ph":"B", "ts":"3068804436", "pid":"1", "tid":"mom"},
{"name":"ModelSetRunClock", "ph":"E", "ts":"3068804497", "pid":"1", "tid":"mom"},
{"name":"ModelAdvance", "ph":"B", "ts":"3068804642", "pid":"1", "tid":"mom"},
{"name":"ModelAdvance", "ph":"E", "ts":"3074152030", "pid":"1", "tid":"mom"},
{"name":"ModelSetRunClock", "ph":"B", "ts":"3085041334", "pid":"1", "tid":"mom"},
{"name":"ModelSetRunClock", "ph":"E", "ts":"3085041402", "pid":"1", "tid":"mom"},
{"name":"ModelAdvance", "ph":"B", "ts":"3085041554", "pid":"1", "tid":"mom"},
{"name":"ModelAdvance", "ph":"E", "ts":"3090421586", "pid":"1", "tid":"mom"},
{"name":"ModelSetRunClock", "ph":"B", "ts":"3100274267", "pid":"1", "tid":"mom"},
{"name":"ModelSetRunClock", "ph":"E", "ts":"3100274327", "pid":"1", "tid":"mom"},
{"name":"ModelAdvance", "ph":"B", "ts":"3100274480", "pid":"1", "tid":"mom"},
{"name":"ModelAdvance", "ph":"E", "ts":"3105633070", "pid":"1", "tid":"mom"},
{"name":"ModelSetRunClock", "ph":"B", "ts":"3112890228", "pid":"1", "tid":"mom"},
{"name":"ModelSetRunClock", "ph":"E", "ts":"3112890294", "pid":"1", "tid":"mom"},
{"name":"ModelAdvance", "ph":"B", "ts":"3112890473", "pid":"1", "tid":"mom"},
{"name":"ModelAdvance", "ph":"E", "ts":"3118327172", "pid":"1", "tid":"mom"},
{"name":"ModelSetRunClock", "ph":"B", "ts":"3135780681", "pid":"1", "tid":"mom"},
{"name":"ModelSetRunClock", "ph":"E", "ts":"3135780866", "pid":"1", "tid":"mom"},
{"name":"ModelAdvance", "ph":"B", "ts":"3135781016", "pid":"1", "tid":"mom"},
{"name":"ModelAdvance", "ph":"E", "ts":"3141185075", "pid":"1", "tid":"mom"},
{"name":"ModelSetRunClock", "ph":"B", "ts":"3144595189", "pid":"1", "tid":"mom"},
{"name":"ModelSetRunClock", "ph":"E", "ts":"3144595250", "pid":"1", "tid":"mom"},
{"name":"ModelAdvance", "ph":"B", "ts":"3144595407", "pid":"1", "tid":"mom"},
{"name":"ModelAdvance", "ph":"E", "ts":"3149992871", "pid":"1", "tid":"mom"},
{"name":"ModelSetRunClock", "ph":"B", "ts":"3152806454", "pid":"1", "tid":"mom"},
{"name":"ModelSetRunClock", "ph":"E", "ts":"3152806539", "pid":"1", "tid":"mom"},
{"name":"ModelAdvance", "ph":"B", "ts":"3152806796", "pid":"1", "tid":"mom"},
{"name":"ModelAdvance", "ph":"E", "ts":"3158239494", "pid":"1", "tid":"mom"},
{"name":"ModelSetRunClock", "ph":"B", "ts":"3161361690", "pid":"1", "tid":"mom"},
{"name":"ModelSetRunClock", "ph":"E", "ts":"3161361771", "pid":"1", "tid":"mom"},
{"name":"ModelAdvance", "ph":"B", "ts":"3161362103", "pid":"1", "tid":"mom"},
{"name":"ModelAdvance", "ph":"E", "ts":"3166755789", "pid":"1", "tid":"mom"},
{"name":"ModelSetRunClock", "ph":"B", "ts":"3169253419", "pid":"1", "tid":"mom"},
{"name":"ModelSetRunClock", "ph":"E", "ts":"3169253486", "pid":"1", "tid":"mom"},
{"name":"ModelAdvance", "ph":"B", "ts":"3169253756", "pid":"1", "tid":"mom"},
{"name":"ModelAdvance", "ph":"E", "ts":"3174640265", "pid":"1", "tid":"mom"},
{"name":"ModelSetRunClock", "ph":"B", "ts":"3177900858", "pid":"1", "tid":"mom"},
{"name":"ModelSetRunClock", "ph":"E", "ts":"3177900920", "pid":"1", "tid":"mom"},
{"name":"ModelAdvance", "ph":"B", "ts":"3177901087", "pid":"1", "tid":"mom"},
{"name":"ModelAdvance", "ph":"E", "ts":"3183185063", "pid":"1", "tid":"mom"},
{"name":"ModelSetRunClock", "ph":"B", "ts":"3185802187", "pid":"1", "tid":"mom"},
{"name":"ModelSetRunClock", "ph":"E", "ts":"3185802320", "pid":"1", "tid":"mom"},
{"name":"ModelAdvance", "ph":"B", "ts":"3185802564", "pid":"1", "tid":"mom"},
{"name":"ModelAdvance", "ph":"E", "ts":"3191017495", "pid":"1", "tid":"mom"},
{"name":"ModelSetRunClock", "ph":"B", "ts":"3194283860", "pid":"1", "tid":"mom"},
{"name":"ModelSetRunClock", "ph":"E", "ts":"3194283960", "pid":"1", "tid":"mom"},
{"name":"ModelAdvance", "ph":"B", "ts":"3194284183", "pid":"1", "tid":"mom"},
{"name":"ModelAdvance", "ph":"E", "ts":"3199526177", "pid":"1", "tid":"mom"},
{"name":"ModelSetRunClock", "ph":"B", "ts":"3202133864", "pid":"1", "tid":"mom"},
{"name":"ModelSetRunClock", "ph":"E", "ts":"3202133934", "pid":"1", "tid":"mom"},
{"name":"ModelAdvance", "ph":"B", "ts":"3202134135", "pid":"1", "tid":"mom"},
{"name":"ModelAdvance", "ph":"E", "ts":"3207386813", "pid":"1", "tid":"mom"},
{"name":"ModelSetRunClock", "ph":"B", "ts":"3210764311", "pid":"1", "tid":"mom"},
{"name":"ModelSetRunClock", "ph":"E", "ts":"3210764374", "pid":"1", "tid":"mom"},
{"name":"ModelAdvance", "ph":"B", "ts":"3210764536", "pid":"1", "tid":"mom"},
{"name":"ModelAdvance", "ph":"E", "ts":"3216016959", "pid":"1", "tid":"mom"},
{"name":"ModelSetRunClock", "ph":"B", "ts":"3219048392", "pid":"1", "tid":"mom"},
{"name":"ModelSetRunClock", "ph":"E", "ts":"3219048540", "pid":"1", "tid":"mom"},
{"name":"ModelAdvance", "ph":"B", "ts":"3219048783", "pid":"1", "tid":"mom"},
{"name":"ModelAdvance", "ph":"E", "ts":"3224286122", "pid":"1", "tid":"mom"},
{"name":"ModelSetRunClock", "ph":"B", "ts":"3227923415", "pid":"1", "tid":"mom"},
{"name":"ModelSetRunClock", "ph":"E", "ts":"3227923482", "pid":"1", "tid":"mom"},
{"name":"ModelAdvance", "ph":"B", "ts":"3227923650", "pid":"1", "tid":"mom"},
{"name":"ModelAdvance", "ph":"E", "ts":"3233221607", "pid":"1", "tid":"mom"},
{"name":"ModelSetRunClock", "ph":"B", "ts":"3236373597", "pid":"1", "tid":"mom"},
{"name":"ModelSetRunClock", "ph":"E", "ts":"3236373660", "pid":"1", "tid":"mom"},
{"name":"ModelAdvance", "ph":"B", "ts":"3236373819", "pid":"1", "tid":"mom"},
{"name":"ModelAdvance", "ph":"E", "ts":"3241604648", "pid":"1", "tid":"mom"},
{"name":"ModelSetRunClock", "ph":"B", "ts":"3245022545", "pid":"1", "tid":"mom"},
{"name":"ModelSetRunClock", "ph":"E", "ts":"3245022608", "pid":"1", "tid":"mom"},
{"name":"ModelAdvance", "ph":"B", "ts":"3245022767", "pid":"1", "tid":"mom"},
{"name":"ModelAdvance", "ph":"E", "ts":"3250256234", "pid":"1", "tid":"mom"},
{"name":"ModelSetRunClock", "ph":"B", "ts":"3253413938", "pid":"1", "tid":"mom"},
{"name":"ModelSetRunClock", "ph":"E", "ts":"3253414058", "pid":"1", "tid":"mom"},
{"name":"ModelAdvance", "ph":"B", "ts":"3253414296", "pid":"1", "tid":"mom"},
{"name":"ModelAdvance", "ph":"E", "ts":"3258622097", "pid":"1", "tid":"mom"},
{"name":"ModelSetRunClock", "ph":"B", "ts":"3262337202", "pid":"1", "tid":"mom"},
{"name":"ModelSetRunClock", "ph":"E", "ts":"3262337484", "pid":"1", "tid":"mom"},
{"name":"ModelAdvance", "ph":"B", "ts":"3262337757", "pid":"1", "tid":"mom"},
{"name":"ModelAdvance", "ph":"E", "ts":"3267545833", "pid":"1", "tid":"mom"},
{"name":"ModelSetRunClock", "ph":"B", "ts":"3270918500", "pid":"1", "tid":"mom"},
{"name":"ModelSetRunClock", "ph":"E", "ts":"3270918562", "pid":"1", "tid":"mom"},
{"name":"ModelAdvance", "ph":"B", "ts":"3270918732", "pid":"1", "tid":"mom"},
{"name":"ModelAdvance", "ph":"E", "ts":"3276119962", "pid":"1", "tid":"mom"},
{"name":"ModelSetRunClock", "ph":"B", "ts":"3279843215", "pid":"1", "tid":"mom"},
{"name":"ModelSetRunClock", "ph":"E", "ts":"3279843429", "pid":"1", "tid":"mom"},
{"name":"ModelAdvance", "ph":"B", "ts":"3279843602", "pid":"1", "tid":"mom"},
{"name":"ModelAdvance", "ph":"E", "ts":"3285107252", "pid":"1", "tid":"mom"},
{"name":"ModelSetRunClock", "ph":"B", "ts":"3288379128", "pid":"1", "tid":"mom"},
{"name":"ModelSetRunClock", "ph":"E", "ts":"3288379225", "pid":"1", "tid":"mom"},
{"name":"ModelAdvance", "ph":"B", "ts":"3288379440", "pid":"1", "tid":"mom"},
{"name":"ModelAdvance", "ph":"E", "ts":"3293557009", "pid":"1", "tid":"mom"},
{"name":"ModelSetRunClock", "ph":"B", "ts":"3296843464", "pid":"1", "tid":"mom"},
{"name":"ModelSetRunClock", "ph":"E", "ts":"3296843559", "pid":"1", "tid":"mom"},
{"name":"ModelAdvance", "ph":"B", "ts":"3296843759", "pid":"1", "tid":"mom"},
{"name":"ModelAdvance", "ph":"E", "ts":"3301996029", "pid":"1", "tid":"mom"},
{"name":"ModelSetRunClock", "ph":"B", "ts":"3305282893", "pid":"1", "tid":"mom"},
{"name":"ModelSetRunClock", "ph":"E", "ts":"3305282973", "pid":"1", "tid":"mom"},
{"name":"ModelAdvance", "ph":"B", "ts":"3305283180", "pid":"1", "tid":"mom"},
{"name":"ModelAdvance", "ph":"E", "ts":"3310452739", "pid":"1", "tid":"mom"},
{"name":"ModelSetRunClock", "ph":"B", "ts":"3313747588", "pid":"1", "tid":"mom"},
{"name":"ModelSetRunClock", "ph":"E", "ts":"3313747685", "pid":"1", "tid":"mom"},
{"name":"ModelAdvance", "ph":"B", "ts":"3313747883", "pid":"1", "tid":"mom"},
{"name":"ModelAdvance", "ph":"E", "ts":"3318913240", "pid":"1", "tid":"mom"},
{"name":"ModelSetRunClock", "ph":"B", "ts":"3322138423", "pid":"1", "tid":"mom"},
{"name":"ModelSetRunClock", "ph":"E", "ts":"3322138545", "pid":"1", "tid":"mom"},
{"name":"ModelAdvance", "ph":"B", "ts":"3322138758", "pid":"1", "tid":"mom"},
{"name":"ModelAdvance", "ph":"E", "ts":"3327297161", "pid":"1", "tid":"mom"},
{"name":"ModelSetRunClock", "ph":"B", "ts":"3330627613", "pid":"1", "tid":"mom"},
{"name":"ModelSetRunClock", "ph":"E", "ts":"3330627689", "pid":"1", "tid":"mom"},
{"name":"ModelAdvance", "ph":"B", "ts":"3330627873", "pid":"1", "tid":"mom"},
{"name":"ModelAdvance", "ph":"E", "ts":"3335845965", "pid":"1", "tid":"mom"},
{"name":"ModelSetRunClock", "ph":"B", "ts":"3338890606", "pid":"1", "tid":"mom"},
{"name":"ModelSetRunClock", "ph":"E", "ts":"3338890693", "pid":"1", "tid":"mom"},
{"name":"ModelAdvance", "ph":"B", "ts":"3338890892", "pid":"1", "tid":"mom"},
{"name":"ModelAdvance", "ph":"E", "ts":"3344041736", "pid":"1", "tid":"mom"},
{"name":"ModelSetRunClock", "ph":"B", "ts":"3347270349", "pid":"1", "tid":"mom"},
{"name":"ModelSetRunClock", "ph":"E", "ts":"3347270415", "pid":"1", "tid":"mom"},
{"name":"ModelAdvance", "ph":"B", "ts":"3347270577", "pid":"1", "tid":"mom"},
{"name":"ModelAdvance", "ph":"E", "ts":"3352445689", "pid":"1", "tid":"mom"},
{"name":"ModelSetRunClock", "ph":"B", "ts":"3355610463", "pid":"1", "tid":"mom"},
{"name":"ModelSetRunClock", "ph":"E", "ts":"3355610526", "pid":"1", "tid":"mom"},
{"name":"ModelAdvance", "ph":"B", "ts":"3355610672", "pid":"1", "tid":"mom"},
{"name":"ModelAdvance", "ph":"E", "ts":"3360768338", "pid":"1", "tid":"mom"},
{"name":"ModelSetRunClock", "ph":"B", "ts":"3363934094", "pid":"1", "tid":"mom"},
{"name":"ModelSetRunClock", "ph":"E", "ts":"3363934194", "pid":"1", "tid":"mom"},
{"name":"ModelAdvance", "ph":"B", "ts":"3363934408", "pid":"1", "tid":"mom"},
{"name":"ModelAdvance", "ph":"E", "ts":"3369104636", "pid":"1", "tid":"mom"},
{"name":"ModelSetRunClock", "ph":"B", "ts":"3372090422", "pid":"1", "tid":"mom"},
{"name":"ModelSetRunClock", "ph":"E", "ts":"3372090488", "pid":"1", "tid":"mom"},
{"name":"ModelAdvance", "ph":"B", "ts":"3372090632", "pid":"1", "tid":"mom"},
{"name":"ModelAdvance", "ph":"E", "ts":"3377279121", "pid":"1", "tid":"mom"},
{"name":"ModelSetRunClock", "ph":"B", "ts":"3380380754", "pid":"1", "tid":"mom"},
{"name":"ModelSetRunClock", "ph":"E", "ts":"3380380840", "pid":"1", "tid":"mom"},
{"name":"ModelAdvance", "ph":"B", "ts":"3380381051", "pid":"1", "tid":"mom"},
{"name":"ModelAdvance", "ph":"E", "ts":"3385625964", "pid":"1", "tid":"mom"},
{"name":"ModelSetRunClock", "ph":"B", "ts":"3388397064", "pid":"1", "tid":"mom"},
{"name":"ModelSetRunClock", "ph":"E", "ts":"3388397296", "pid":"1", "tid":"mom"},
{"name":"ModelAdvance", "ph":"B", "ts":"3388397602", "pid":"1", "tid":"mom"},
{"name":"ModelAdvance", "ph":"E", "ts":"3393580942", "pid":"1", "tid":"mom"},
{"name":"ModelSetRunClock", "ph":"B", "ts":"3396863460", "pid":"1", "tid":"mom"},
{"name":"ModelSetRunClock", "ph":"E", "ts":"3396863590", "pid":"1", "tid":"mom"},
{"name":"ModelAdvance", "ph":"B", "ts":"3396863825", "pid":"1", "tid":"mom"},
{"name":"ModelAdvance", "ph":"E", "ts":"3402051724", "pid":"1", "tid":"mom"},
{"name":"ModelSetRunClock", "ph":"B", "ts":"3404844382", "pid":"1", "tid":"mom"},
{"name":"ModelSetRunClock", "ph":"E", "ts":"3404844476", "pid":"1", "tid":"mom"},
{"name":"ModelAdvance", "ph":"B", "ts":"3404844685", "pid":"1", "tid":"mom"},
{"name":"ModelAdvance", "ph":"E", "ts":"3410049095", "pid":"1", "tid":"mom"},
{"name":"ModelSetRunClock", "ph":"B", "ts":"3413633265", "pid":"1", "tid":"mom"},
{"name":"ModelSetRunClock", "ph":"E", "ts":"3413633368", "pid":"1", "tid":"mom"},
{"name":"ModelAdvance", "ph":"B", "ts":"3413633584", "pid":"1", "tid":"mom"},
{"name":"ModelAdvance", "ph":"E", "ts":"3418841100", "pid":"1", "tid":"mom"},
{"name":"ModelSetRunClock", "ph":"B", "ts":"3421807089", "pid":"1", "tid":"mom"},
{"name":"ModelSetRunClock", "ph":"E", "ts":"3421807179", "pid":"1", "tid":"mom"},
{"name":"ModelAdvance", "ph":"B", "ts":"3421807470", "pid":"1", "tid":"mom"},
{"name":"ModelAdvance", "ph":"E", "ts":"3426988743", "pid":"1", "tid":"mom"},
{"name":"ModelSetRunClock", "ph":"B", "ts":"3430621556", "pid":"1", "tid":"mom"},
{"name":"ModelSetRunClock", "ph":"E", "ts":"3430621680", "pid":"1", "tid":"mom"},
{"name":"ModelAdvance", "ph":"B", "ts":"3430621910", "pid":"1", "tid":"mom"},
{"name":"ModelAdvance", "ph":"E", "ts":"3435858178", "pid":"1", "tid":"mom"},
{"name":"ModelSetRunClock", "ph":"B", "ts":"3438706450", "pid":"1", "tid":"mom"},
{"name":"ModelSetRunClock", "ph":"E", "ts":"3438706550", "pid":"1", "tid":"mom"},
{"name":"ModelAdvance", "ph":"B", "ts":"3438706778", "pid":"1", "tid":"mom"},
{"name":"ModelAdvance", "ph":"E", "ts":"3443843895", "pid":"1", "tid":"mom"},
{"name":"ModelSetRunClock", "ph":"B", "ts":"3458031740", "pid":"1", "tid":"mom"},
{"name":"ModelSetRunClock", "ph":"E", "ts":"3458031916", "pid":"1", "tid":"mom"},
{"name":"ModelAdvance", "ph":"B", "ts":"3458032096", "pid":"1", "tid":"mom"},
{"name":"ModelAdvance", "ph":"E", "ts":"3463181640", "pid":"1", "tid":"mom"},
{"name":"ModelSetRunClock", "ph":"B", "ts":"3465882783", "pid":"1", "tid":"mom"},
{"name":"ModelSetRunClock", "ph":"E", "ts":"3465882860", "pid":"1", "tid":"mom"},
{"name":"ModelAdvance", "ph":"B", "ts":"3465883044", "pid":"1", "tid":"mom"},
{"name":"ModelAdvance", "ph":"E", "ts":"3471037547", "pid":"1", "tid":"mom"},
{"name":"ModelSetRunClock", "ph":"B", "ts":"3474366860", "pid":"1", "tid":"mom"},
{"name":"ModelSetRunClock", "ph":"E", "ts":"3474366975", "pid":"1", "tid":"mom"},
{"name":"ModelAdvance", "ph":"B", "ts":"3474367204", "pid":"1", "tid":"mom"},
{"name":"ModelAdvance", "ph":"E", "ts":"3479538321", "pid":"1", "tid":"mom"},
{"name":"ModelSetRunClock", "ph":"B", "ts":"3482078832", "pid":"1", "tid":"mom"},
{"name":"ModelSetRunClock", "ph":"E", "ts":"3482078896", "pid":"1", "tid":"mom"},
{"name":"ModelAdvance", "ph":"B", "ts":"3482079047", "pid":"1", "tid":"mom"},
{"name":"ModelAdvance", "ph":"E", "ts":"3487243767", "pid":"1", "tid":"mom"},
{"name":"ModelSetRunClock", "ph":"B", "ts":"3490329779", "pid":"1", "tid":"mom"},
{"name":"ModelSetRunClock", "ph":"E", "ts":"3490330078", "pid":"1", "tid":"mom"},
{"name":"ModelAdvance", "ph":"B", "ts":"3490330296", "pid":"1", "tid":"mom"},
{"name":"ModelAdvance", "ph":"E", "ts":"3495566493", "pid":"1", "tid":"mom"},
{"name":"ModelSetRunClock", "ph":"B", "ts":"3498017173", "pid":"1", "tid":"mom"},
{"name":"ModelSetRunClock", "ph":"E", "ts":"3498017292", "pid":"1", "tid":"mom"},
{"name":"ModelAdvance", "ph":"B", "ts":"3498017691", "pid":"1", "tid":"mom"},
{"name":"ModelAdvance", "ph":"E", "ts":"3503191691", "pid":"1", "tid":"mom"},
{"name":"ModelSetRunClock", "ph":"B", "ts":"3506666952", "pid":"1", "tid":"mom"},
{"name":"ModelSetRunClock", "ph":"E", "ts":"3506667012", "pid":"1", "tid":"mom"},
{"name":"ModelAdvance", "ph":"B", "ts":"3506667170", "pid":"1", "tid":"mom"},
{"name":"ModelAdvance", "ph":"E", "ts":"3511843281", "pid":"1", "tid":"mom"},
{"name":"ModelSetRunClock", "ph":"B", "ts":"3514536464", "pid":"1", "tid":"mom"},
{"name":"ModelSetRunClock", "ph":"E", "ts":"3514536509", "pid":"1", "tid":"mom"},
{"name":"ModelAdvance", "ph":"B", "ts":"3514536657", "pid":"1", "tid":"mom"},
{"name":"ModelAdvance", "ph":"E", "ts":"3519742251", "pid":"1", "tid":"mom"},
{"name":"ModelSetRunClock", "ph":"B", "ts":"3523139728", "pid":"1", "tid":"mom"},
{"name":"ModelSetRunClock", "ph":"E", "ts":"3523139955", "pid":"1", "tid":"mom"},
{"name":"ModelAdvance", "ph":"B", "ts":"3523140186", "pid":"1", "tid":"mom"},
{"name":"ModelAdvance", "ph":"E", "ts":"3528346276", "pid":"1", "tid":"mom"},
{"name":"ModelSetRunClock", "ph":"B", "ts":"3531199650", "pid":"1", "tid":"mom"},
{"name":"ModelSetRunClock", "ph":"E", "ts":"3531199720", "pid":"1", "tid":"mom"},
{"name":"ModelAdvance", "ph":"B", "ts":"3531199951", "pid":"1", "tid":"mom"},
{"name":"ModelAdvance", "ph":"E", "ts":"3536408221", "pid":"1", "tid":"mom"},
{"name":"ModelSetRunClock", "ph":"B", "ts":"3539830829", "pid":"1", "tid":"mom"},
{"name":"ModelSetRunClock", "ph":"E", "ts":"3539830897", "pid":"1", "tid":"mom"},
{"name":"ModelAdvance", "ph":"B", "ts":"3539831070", "pid":"1", "tid":"mom"},
{"name":"ModelAdvance", "ph":"E", "ts":"3545101684", "pid":"1", "tid":"mom"},
{"name":"ModelSetRunClock", "ph":"B", "ts":"3548051758", "pid":"1", "tid":"mom"},
{"name":"ModelSetRunClock", "ph":"E", "ts":"3548051872", "pid":"1", "tid":"mom"},
{"name":"ModelAdvance", "ph":"B", "ts":"3548052109", "pid":"1", "tid":"mom"},
{"name":"ModelAdvance", "ph":"E", "ts":"3553249088", "pid":"1", "tid":"mom"},
{"name":"ModelSetRunClock", "ph":"B", "ts":"3556943748", "pid":"1", "tid":"mom"},
{"name":"ModelSetRunClock", "ph":"E", "ts":"3556943807", "pid":"1", "tid":"mom"},
{"name":"ModelAdvance", "ph":"B", "ts":"3556943954", "pid":"1", "tid":"mom"},
{"name":"ModelAdvance", "ph":"E", "ts":"3562140141", "pid":"1", "tid":"mom"},
{"name":"ModelSetRunClock", "ph":"B", "ts":"3565084145", "pid":"1", "tid":"mom"},
{"name":"ModelSetRunClock", "ph":"E", "ts":"3565084207", "pid":"1", "tid":"mom"},
{"name":"ModelAdvance", "ph":"B", "ts":"3565084368", "pid":"1", "tid":"mom"},
{"name":"ModelAdvance", "ph":"E", "ts":"3570261639", "pid":"1", "tid":"mom"},
{"name":"ModelSetRunClock", "ph":"B", "ts":"3573554639", "pid":"1", "tid":"mom"},
{"name":"ModelSetRunClock", "ph":"E", "ts":"3573554703", "pid":"1", "tid":"mom"},
{"name":"ModelAdvance", "ph":"B", "ts":"3573554860", "pid":"1", "tid":"mom"},
{"name":"ModelAdvance", "ph":"E", "ts":"3578731015", "pid":"1", "tid":"mom"},
{"name":"ModelSetRunClock", "ph":"B", "ts":"3581101525", "pid":"1", "tid":"mom"},
{"name":"ModelSetRunClock", "ph":"E", "ts":"3581101587", "pid":"1", "tid":"mom"},
{"name":"ModelAdvance", "ph":"B", "ts":"3581101744", "pid":"1", "tid":"mom"},
{"name":"ModelAdvance", "ph":"E", "ts":"3586271346", "pid":"1", "tid":"mom"},
{"name":"ModelSetRunClock", "ph":"B", "ts":"3589252062", "pid":"1", "tid":"mom"},
{"name":"ModelSetRunClock", "ph":"E", "ts":"3589252158", "pid":"1", "tid":"mom"},
{"name":"ModelAdvance", "ph":"B", "ts":"3589252376", "pid":"1", "tid":"mom"},
{"name":"ModelAdvance", "ph":"E", "ts":"3594477228", "pid":"1", "tid":"mom"},
{"name":"ModelSetRunClock", "ph":"B", "ts":"3596973454", "pid":"1", "tid":"mom"},
{"name":"ModelSetRunClock", "ph":"E", "ts":"3596973602", "pid":"1", "tid":"mom"},
{"name":"ModelAdvance", "ph":"B", "ts":"3596973850", "pid":"1", "tid":"mom"},
{"name":"ModelAdvance", "ph":"E", "ts":"3602126101", "pid":"1", "tid":"mom"},
{"name":"ModelSetRunClock", "ph":"B", "ts":"3605230647", "pid":"1", "tid":"mom"},
{"name":"ModelSetRunClock", "ph":"E", "ts":"3605230763", "pid":"1", "tid":"mom"},
{"name":"ModelAdvance", "ph":"B", "ts":"3605231279", "pid":"1", "tid":"mom"},
{"name":"ModelAdvance", "ph":"E", "ts":"3610386068", "pid":"1", "tid":"mom"},
{"name":"ModelSetRunClock", "ph":"B", "ts":"3612886177", "pid":"1", "tid":"mom"},
{"name":"ModelSetRunClock", "ph":"E", "ts":"3612886441", "pid":"1", "tid":"mom"},
{"name":"ModelAdvance", "ph":"B", "ts":"3612886668", "pid":"1", "tid":"mom"},
{"name":"ModelAdvance", "ph":"E", "ts":"3618043733", "pid":"1", "tid":"mom"},
{"name":"ModelSetRunClock", "ph":"B", "ts":"3621109894", "pid":"1", "tid":"mom"},
{"name":"ModelSetRunClock", "ph":"E", "ts":"3621109973", "pid":"1", "tid":"mom"},
{"name":"ModelAdvance", "ph":"B", "ts":"3621110255", "pid":"1", "tid":"mom"},
{"name":"ModelAdvance", "ph":"E", "ts":"3626268879", "pid":"1", "tid":"mom"},
{"name":"ModelSetRunClock", "ph":"B", "ts":"3628755899", "pid":"1", "tid":"mom"},
{"name":"ModelSetRunClock", "ph":"E", "ts":"3628755958", "pid":"1", "tid":"mom"},
{"name":"ModelAdvance", "ph":"B", "ts":"3628756124", "pid":"1", "tid":"mom"},
{"name":"ModelAdvance", "ph":"E", "ts":"3633903815", "pid":"1", "tid":"mom"},
{"name":"ModelSetRunClock", "ph":"B", "ts":"3637201809", "pid":"1", "tid":"mom"},
{"name":"ModelSetRunClock", "ph":"E", "ts":"3637201963", "pid":"1", "tid":"mom"},
{"name":"ModelAdvance", "ph":"B", "ts":"3637202232", "pid":"1", "tid":"mom"},
{"name":"ModelAdvance", "ph":"E", "ts":"3642439981", "pid":"1", "tid":"mom"},
{"name":"ModelSetRunClock", "ph":"B", "ts":"3644998743", "pid":"1", "tid":"mom"},
{"name":"ModelSetRunClock", "ph":"E", "ts":"3644998874", "pid":"1", "tid":"mom"},
{"name":"ModelAdvance", "ph":"B", "ts":"3644999039", "pid":"1", "tid":"mom"},
{"name":"ModelAdvance", "ph":"E", "ts":"3650155690", "pid":"1", "tid":"mom"},
{"name":"ModelSetRunClock", "ph":"B", "ts":"3653440291", "pid":"1", "tid":"mom"},
{"name":"ModelSetRunClock", "ph":"E", "ts":"3653440398", "pid":"1", "tid":"mom"},
{"name":"ModelAdvance", "ph":"B", "ts":"3653440628", "pid":"1", "tid":"mom"},
{"name":"ModelAdvance", "ph":"E", "ts":"3658614528", "pid":"1", "tid":"mom"},
{"name":"ModelSetRunClock", "ph":"B", "ts":"3661056604", "pid":"1", "tid":"mom"},
{"name":"ModelSetRunClock", "ph":"E", "ts":"3661056663", "pid":"1", "tid":"mom"},
{"name":"ModelAdvance", "ph":"B", "ts":"3661056824", "pid":"1", "tid":"mom"},
{"name":"ModelAdvance", "ph":"E", "ts":"3666226022", "pid":"1", "tid":"mom"},
{"name":"ModelSetRunClock", "ph":"B", "ts":"3669358879", "pid":"1", "tid":"mom"},
{"name":"ModelSetRunClock", "ph":"E", "ts":"3669359003", "pid":"1", "tid":"mom"},
{"name":"ModelAdvance", "ph":"B", "ts":"3669359211", "pid":"1", "tid":"mom"},
{"name":"ModelAdvance", "ph":"E", "ts":"3674538656", "pid":"1", "tid":"mom"},
{"name":"ModelSetRunClock", "ph":"B", "ts":"3676959262", "pid":"1", "tid":"mom"},
{"name":"ModelSetRunClock", "ph":"E", "ts":"3676959329", "pid":"1", "tid":"mom"},
{"name":"ModelAdvance", "ph":"B", "ts":"3676959497", "pid":"1", "tid":"mom"},
{"name":"ModelAdvance", "ph":"E", "ts":"3682144128", "pid":"1", "tid":"mom"},
{"name":"ModelSetRunClock", "ph":"B", "ts":"3685232268", "pid":"1", "tid":"mom"},
{"name":"ModelSetRunClock", "ph":"E", "ts":"3685232363", "pid":"1", "tid":"mom"},
{"name":"ModelAdvance", "ph":"B", "ts":"3685232587", "pid":"1", "tid":"mom"},
{"name":"ModelAdvance", "ph":"E", "ts":"3690466488", "pid":"1", "tid":"mom"},
{"name":"ModelSetRunClock", "ph":"B", "ts":"3692788832", "pid":"1", "tid":"mom"},
{"name":"ModelSetRunClock", "ph":"E", "ts":"3692788969", "pid":"1", "tid":"mom"},
{"name":"ModelAdvance", "ph":"B", "ts":"3692789232", "pid":"1", "tid":"mom"},
{"name":"ModelAdvance", "ph":"E", "ts":"3697962687", "pid":"1", "tid":"mom"},
{"name":"ModelSetRunClock", "ph":"B", "ts":"3701062945", "pid":"1", "tid":"mom"},
{"name":"ModelSetRunClock", "ph":"E", "ts":"3701062999", "pid":"1", "tid":"mom"},
{"name":"ModelAdvance", "ph":"B", "ts":"3701063155", "pid":"1", "tid":"mom"},
{"name":"ModelAdvance", "ph":"E", "ts":"3706230189", "pid":"1", "tid":"mom"},
{"name":"ModelSetRunClock", "ph":"B", "ts":"3708721513", "pid":"1", "tid":"mom"},
{"name":"ModelSetRunClock", "ph":"E", "ts":"3708721576", "pid":"1", "tid":"mom"},
{"name":"ModelAdvance", "ph":"B", "ts":"3708721836", "pid":"1", "tid":"mom"},
{"name":"ModelAdvance", "ph":"E", "ts":"3713883204", "pid":"1", "tid":"mom"},
{"name":"ModelSetRunClock", "ph":"B", "ts":"3717085093", "pid":"1", "tid":"mom"},
{"name":"ModelSetRunClock", "ph":"E", "ts":"3717085197", "pid":"1", "tid":"mom"},
{"name":"ModelAdvance", "ph":"B", "ts":"3717085505", "pid":"1", "tid":"mom"},
{"name":"ModelAdvance", "ph":"E", "ts":"3722229210", "pid":"1", "tid":"mom"},
{"name":"ModelSetRunClock", "ph":"B", "ts":"3724810778", "pid":"1", "tid":"mom"},
{"name":"ModelSetRunClock", "ph":"E", "ts":"3724810867", "pid":"1", "tid":"mom"},
{"name":"ModelAdvance", "ph":"B", "ts":"3724811052", "pid":"1", "tid":"mom"},
{"name":"ModelAdvance", "ph":"E", "ts":"3729959987", "pid":"1", "tid":"mom"},
{"name":"ModelSetRunClock", "ph":"B", "ts":"3733275793", "pid":"1", "tid":"mom"},
{"name":"ModelSetRunClock", "ph":"E", "ts":"3733275884", "pid":"1", "tid":"mom"},
{"name":"ModelAdvance", "ph":"B", "ts":"3733276102", "pid":"1", "tid":"mom"},
{"name":"ModelAdvance", "ph":"E", "ts":"3738469527", "pid":"1", "tid":"mom"},
{"name":"ModelSetRunClock", "ph":"B", "ts":"3740964873", "pid":"1", "tid":"mom"},
{"name":"ModelSetRunClock", "ph":"E", "ts":"3740964978", "pid":"1", "tid":"mom"},
{"name":"ModelAdvance", "ph":"B", "ts":"3740965184", "pid":"1", "tid":"mom"},
{"name":"ModelAdvance", "ph":"E", "ts":"3746101877", "pid":"1", "tid":"mom"},
{"name":"ModelSetRunClock", "ph":"B", "ts":"3749295318", "pid":"1", "tid":"mom"},
{"name":"ModelSetRunClock", "ph":"E", "ts":"3749295408", "pid":"1", "tid":"mom"},
{"name":"ModelAdvance", "ph":"B", "ts":"3749295623", "pid":"1", "tid":"mom"},
{"name":"ModelAdvance", "ph":"E", "ts":"3754450775", "pid":"1", "tid":"mom"},
{"name":"ModelSetRunClock", "ph":"B", "ts":"3756882285", "pid":"1", "tid":"mom"},
{"name":"ModelSetRunClock", "ph":"E", "ts":"3756882405", "pid":"1", "tid":"mom"},
{"name":"ModelAdvance", "ph":"B", "ts":"3756882605", "pid":"1", "tid":"mom"},
{"name":"ModelAdvance", "ph":"E", "ts":"3762058248", "pid":"1", "tid":"mom"},
{"name":"ModelSetRunClock", "ph":"B", "ts":"3765139780", "pid":"1", "tid":"mom"},
{"name":"ModelSetRunClock", "ph":"E", "ts":"3765139838", "pid":"1", "tid":"mom"},
{"name":"ModelAdvance", "ph":"B", "ts":"3765139995", "pid":"1", "tid":"mom"},
{"name":"ModelAdvance", "ph":"E", "ts":"3770327706", "pid":"1", "tid":"mom"},
{"name":"ModelSetRunClock", "ph":"B", "ts":"3772745182", "pid":"1", "tid":"mom"},
{"name":"ModelSetRunClock", "ph":"E", "ts":"3772745240", "pid":"1", "tid":"mom"},
{"name":"ModelAdvance", "ph":"B", "ts":"3772745437", "pid":"1", "tid":"mom"},
{"name":"ModelAdvance", "ph":"E", "ts":"3777930872", "pid":"1", "tid":"mom"},
{"name":"ModelSetRunClock", "ph":"B", "ts":"3781061644", "pid":"1", "tid":"mom"},
{"name":"ModelSetRunClock", "ph":"E", "ts":"3781061706", "pid":"1", "tid":"mom"},
{"name":"ModelAdvance", "ph":"B", "ts":"3781061861", "pid":"1", "tid":"mom"},
{"name":"ModelAdvance", "ph":"E", "ts":"3786312196", "pid":"1", "tid":"mom"},
{"name":"ModelSetRunClock", "ph":"B", "ts":"3788717666", "pid":"1", "tid":"mom"},
{"name":"ModelSetRunClock", "ph":"E", "ts":"3788717722", "pid":"1", "tid":"mom"},
{"name":"ModelAdvance", "ph":"B", "ts":"3788717879", "pid":"1", "tid":"mom"},
{"name":"ModelAdvance", "ph":"E", "ts":"3793872527", "pid":"1", "tid":"mom"},
{"name":"ModelSetRunClock", "ph":"B", "ts":"3796988303", "pid":"1", "tid":"mom"},
{"name":"ModelSetRunClock", "ph":"E", "ts":"3796988444", "pid":"1", "tid":"mom"},
{"name":"ModelAdvance", "ph":"B", "ts":"3796988608", "pid":"1", "tid":"mom"},
{"name":"ModelAdvance", "ph":"E", "ts":"3802151544", "pid":"1", "tid":"mom"},
{"name":"ModelSetRunClock", "ph":"B", "ts":"3804568176", "pid":"1", "tid":"mom"},
{"name":"ModelSetRunClock", "ph":"E", "ts":"3804568288", "pid":"1", "tid":"mom"},
{"name":"ModelAdvance", "ph":"B", "ts":"3804568532", "pid":"1", "tid":"mom"},
{"name":"ModelAdvance", "ph":"E", "ts":"3809720648", "pid":"1", "tid":"mom"},
{"name":"ModelSetRunClock", "ph":"B", "ts":"3812905339", "pid":"1", "tid":"mom"},
{"name":"ModelSetRunClock", "ph":"E", "ts":"3812905544", "pid":"1", "tid":"mom"},
{"name":"ModelAdvance", "ph":"B", "ts":"3812905709", "pid":"1", "tid":"mom"},
{"name":"ModelAdvance", "ph":"E", "ts":"3818052305", "pid":"1", "tid":"mom"},
{"name":"ModelSetRunClock", "ph":"B", "ts":"3820814385", "pid":"1", "tid":"mom"},
{"name":"ModelSetRunClock", "ph":"E", "ts":"3820814443", "pid":"1", "tid":"mom"},
{"name":"ModelAdvance", "ph":"B", "ts":"3820814600", "pid":"1", "tid":"mom"},
{"name":"ModelAdvance", "ph":"E", "ts":"3825959801", "pid":"1", "tid":"mom"},
{"name":"ModelSetRunClock", "ph":"B", "ts":"3829072671", "pid":"1", "tid":"mom"},
{"name":"ModelSetRunClock", "ph":"E", "ts":"3829072820", "pid":"1", "tid":"mom"},
{"name":"ModelAdvance", "ph":"B", "ts":"3829072991", "pid":"1", "tid":"mom"},
{"name":"ModelAdvance", "ph":"E", "ts":"3834268967", "pid":"1", "tid":"mom"},
{"name":"ModelFinalize", "ph":"B", "ts":"3834275144", "pid":"1", "tid":"mom"},
{"name":"ModelFinalize", "ph":"E", "ts":"3834406575", "pid":"1", "tid":"mom"},
