{"name":"SetServices", "ph":"B", "ts":"2743967838", "pid":"1", "tid":"wave"},
{"name":"SetServices", "ph":"E", "ts":"2744023784", "pid":"1", "tid":"wave"},
{"name":"InitializeP0", "ph":"B", "ts":"2744027661", "pid":"1", "tid":"wave"},
{"name":"InitializeP0", "ph":"E", "ts":"2744027749", "pid":"1", "tid":"wave"},
{"name":"InitializeAdvertise", "ph":"B", "ts":"2766755695", "pid":"1", "tid":"wave"},
{"name":"InitializeAdvertise", "ph":"E", "ts":"2862489708", "pid":"1", "tid":"wave"},
{"name":"InitializeRealize", "ph":"B", "ts":"2978839421", "pid":"1", "tid":"wave"},
{"name":"InitializeRealize", "ph":"E", "ts":"2993604452", "pid":"1", "tid":"wave"},
{"name":"DataInitialize", "ph":"B", "ts":"3023093069", "pid":"1", "tid":"wave"},
{"name":"DataInitialize", "ph":"E", "ts":"3023096862", "pid":"1", "tid":"wave"},
{"name":"ModelSetRunClock", "ph":"B", "ts":"3041432124", "pid":"1", "tid":"wave"},
{"name":"ModelSetRunClock", "ph":"E", "ts":"3041441239", "pid":"1", "tid":"wave"},
{"name":"ModelAdvance", "ph":"B", "ts":"3041441334", "pid":"1", "tid":"wave"},
{"name":"ModelAdvance", "ph":"E", "ts":"3053661687", "pid":"1", "tid":"wave"},
{"name":"ModelSetRunClock", "ph":"B", "ts":"3055325082", "pid":"1", "tid":"wave"},
{"name":"ModelSetRunClock", "ph":"E", "ts":"3055325129", "pid":"1", "tid":"wave"},
{"name":"ModelAdvance", "ph":"B", "ts":"3055325214", "pid":"1", "tid":"wave"},
{"name":"ModelAdvance", "ph":"E", "ts":"3064834507", "pid":"1", "tid":"wave"},
{"name":"ModelSetRunClock", "ph":"B", "ts":"3068802027", "pid":"1", "tid":"wave"},
{"name":"ModelSetRunClock", "ph":"E", "ts":"3068802095", "pid":"1", "tid":"wave"},
{"name":"ModelAdvance", "ph":"B", "ts":"3068802196", "pid":"1", "tid":"wave"},
{"name":"ModelAdvance", "ph":"E", "ts":"3081370216", "pid":"1", "tid":"wave"},
{"name":"ModelSetRunClock", "ph":"B", "ts":"3085031426", "pid":"1", "tid":"wave"},
{"name":"ModelSetRunClock", "ph":"E", "ts":"3085031488", "pid":"1", "tid":"wave"},
{"name":"ModelAdvance", "ph":"B", "ts":"3085031593", "pid":"1", "tid":"wave"},
{"name":"ModelAdvance", "ph":"E", "ts":"3096814587", "pid":"1", "tid":"wave"},
{"name":"ModelSetRunClock", "ph":"B", "ts":"3100267410", "pid":"1", "tid":"wave"},
{"name":"ModelSetRunClock", "ph":"E", "ts":"3100267468", "pid":"1", "tid":"wave"},
{"name":"ModelAdvance", "ph":"B", "ts":"3100267552", "pid":"1", "tid":"wave"},
{"name":"ModelAdvance", "ph":"E", "ts":"3109904644", "pid":"1", "tid":"wave"},
{"name":"ModelSetRunClock", "ph":"B", "ts":"3112879751", "pid":"1", "tid":"wave"},
{"name":"ModelSetRunClock", "ph":"E", "ts":"3112879790", "pid":"1", "tid":"wave"},
{"name":"ModelAdvance", "ph":"B", "ts":"3112879878", "pid":"1", "tid":"wave"},
{"name":"ModelAdvance", "ph":"E", "ts":"3120758962", "pid":"1", "tid":"wave"},
{"name":"ModelSetRunClock", "ph":"B", "ts":"3135575207", "pid":"1", "tid":"wave"},
{"name":"ModelSetRunClock", "ph":"E", "ts":"3135575369", "pid":"1", "tid":"wave"},
{"name":"ModelAdvance", "ph":"B", "ts":"3135575549", "pid":"1", "tid":"wave"},
{"name":"ModelAdvance", "ph":"E", "ts":"3142744001", "pid":"1", "tid":"wave"},
{"name":"ModelSetRunClock", "ph":"B", "ts":"3144587960", "pid":"1", "tid":"wave"},
{"name":"ModelSetRunClock", "ph":"E", "ts":"3144588025", "pid":"1", "tid":"wave"},
{"name":"ModelAdvance", "ph":"B", "ts":"3144588113", "pid":"1", "tid":"wave"},
{"name":"ModelAdvance", "ph":"E", "ts":"3151114320", "pid":"1", "tid":"wave"},
{"name":"ModelSetRunClock", "ph":"B", "ts":"3152794335", "pid":"1", "tid":"wave"},
{"name":"ModelSetRunClock", "ph":"E", "ts":"3152794396", "pid":"1", "tid":"wave"},
{"name":"ModelAdvance", "ph":"B", "ts":"3152794472", "pid":"1", "tid":"wave"},
{"name":"ModelAdvance", "ph":"E", "ts":"3158826478", "pid":"1", "tid":"wave"},
{"name":"ModelSetRunClock", "ph":"B", "ts":"3161350978", "pid":"1", "tid":"wave"},
{"name":"ModelSetRunClock", "ph":"E", "ts":"3161351040", "pid":"1", "tid":"wave"},
{"name":"ModelAdvance", "ph":"B", "ts":"3161351118", "pid":"1", "tid":"wave"},
{"name":"ModelAdvance", "ph":"E", "ts":"3167116301", "pid":"1", "tid":"wave"},
{"name":"ModelSetRunClock", "ph":"B", "ts":"3169243375", "pid":"1", "tid":"wave"},
{"name":"ModelSetRunClock", "ph":"E", "ts":"3169243559", "pid":"1", "tid":"wave"},
{"name":"ModelAdvance", "ph":"B", "ts":"3169243774", "pid":"1", "tid":"wave"},
{"name":"ModelAdvance", "ph":"E", "ts":"3175022616", "pid":"1", "tid":"wave"},
{"name":"ModelSetRunClock", "ph":"B", "ts":"3177892107", "pid":"1", "tid":"wave"},
{"name":"ModelSetRunClock", "ph":"E", "ts":"3177892166", "pid":"1", "tid":"wave"},
{"name":"ModelAdvance", "ph":"B", "ts":"3177892248", "pid":"1", "tid":"wave"},
{"name":"ModelAdvance", "ph":"E", "ts":"3183618884", "pid":"1", "tid":"wave"},
{"name":"ModelSetRunClock", "ph":"B", "ts":"3185789407", "pid":"1", "tid":"wave"},
{"name":"ModelSetRunClock", "ph":"E", "ts":"3185789470", "pid":"1", "tid":"wave"},
{"name":"ModelAdvance", "ph":"B", "ts":"3185789562", "pid":"1", "tid":"wave"},
{"name":"ModelAdvance", "ph":"E", "ts":"3191475802", "pid":"1", "tid":"wave"},
{"name":"ModelSetRunClock", "ph":"B", "ts":"3194270573", "pid":"1", "tid":"wave"},
{"name":"ModelSetRunClock", "ph":"E", "ts":"3194270631", "pid":"1", "tid":"wave"},
{"name":"ModelAdvance", "ph":"B", "ts":"3194270720", "pid":"1", "tid":"wave"},
{"name":"ModelAdvance", "ph":"E", "ts":"3200245899", "pid":"1", "tid":"wave"},
{"name":"ModelSetRunClock", "ph":"B", "ts":"3202123178", "pid":"1", "tid":"wave"},
{"name":"ModelSetRunClock", "ph":"E", "ts":"3202123247", "pid":"1", "tid":"wave"},
{"name":"ModelAdvance", "ph":"B", "ts":"3202123333", "pid":"1", "tid":"wave"},
{"name":"ModelAdvance", "ph":"E", "ts":"3208019406", "pid":"1", "tid":"wave"},
{"name":"ModelSetRunClock", "ph":"B", "ts":"3210754117", "pid":"1", "tid":"wave"},
{"name":"ModelSetRunClock", "ph":"E", "ts":"3210754178", "pid":"1", "tid":"wave"},
{"name":"ModelAdvance", "ph":"B", "ts":"3210754267", "pid":"1", "tid":"wave"},
{"name":"ModelAdvance", "ph":"E", "ts":"3216908619", "pid":"1", "tid":"wave"},
{"name":"ModelSetRunClock", "ph":"B", "ts":"3219035159", "pid":"1", "tid":"wave"},
{"name":"ModelSetRunClock", "ph":"E", "ts":"3219035229", "pid":"1", "tid":"wave"},
{"name":"ModelAdvance", "ph":"B", "ts":"3219035310", "pid":"1", "tid":"wave"},
{"name":"ModelAdvance", "ph":"E", "ts":"3225247843", "pid":"1", "tid":"wave"},
{"name":"ModelSetRunClock", "ph":"B", "ts":"3227912958", "pid":"1", "tid":"wave"},
{"name":"ModelSetRunClock", "ph":"E", "ts":"3227913021", "pid":"1", "tid":"wave"},
{"name":"ModelAdvance", "ph":"B", "ts":"3227913100", "pid":"1", "tid":"wave"},
{"name":"ModelAdvance", "ph":"E", "ts":"3234225862", "pid":"1", "tid":"wave"},
{"name":"ModelSetRunClock", "ph":"B", "ts":"3236364823", "pid":"1", "tid":"wave"},
{"name":"ModelSetRunClock", "ph":"E", "ts":"3236364885", "pid":"1", "tid":"wave"},
{"name":"ModelAdvance", "ph":"B", "ts":"3236364974", "pid":"1", "tid":"wave"},
{"name":"ModelAdvance", "ph":"E", "ts":"3242745068", "pid":"1", "tid":"wave"},
{"name":"ModelSetRunClock", "ph":"B", "ts":"3245013173", "pid":"1", "tid":"wave"},
{"name":"ModelSetRunClock", "ph":"E", "ts":"3245013228", "pid":"1", "tid":"wave"},
{"name":"ModelAdvance", "ph":"B", "ts":"3245013305", "pid":"1", "tid":"wave"},
{"name":"ModelAdvance", "ph":"E", "ts":"3251426445", "pid":"1", "tid":"wave"},
{"name":"ModelSetRunClock", "ph":"B", "ts":"3253400207", "pid":"1", "tid":"wave"},
{"name":"ModelSetRunClock", "ph":"E", "ts":"3253400264", "pid":"1", "tid":"wave"},
{"name":"ModelAdvance", "ph":"B", "ts":"3253400343", "pid":"1", "tid":"wave"},
{"name":"ModelAdvance", "ph":"E", "ts":"3259828128", "pid":"1", "tid":"wave"},
{"name":"ModelSetRunClock", "ph":"B", "ts":"3262323559", "pid":"1", "tid":"wave"},
{"name":"ModelSetRunClock", "ph":"E", "ts":"3262323683", "pid":"1", "tid":"wave"},
{"name":"ModelAdvance", "ph":"B", "ts":"3262323856", "pid":"1", "tid":"wave"},
{"name":"ModelAdvance", "ph":"E", "ts":"3268854411", "pid":"1", "tid":"wave"},
{"name":"ModelSetRunClock", "ph":"B", "ts":"3270908402", "pid":"1", "tid":"wave"},
{"name":"ModelSetRunClock", "ph":"E", "ts":"3270908461", "pid":"1", "tid":"wave"},
{"name":"ModelAdvance", "ph":"B", "ts":"3270908545", "pid":"1", "tid":"wave"},
{"name":"ModelAdvance", "ph":"E", "ts":"3277447288", "pid":"1", "tid":"wave"},
{"name":"ModelSetRunClock", "ph":"B", "ts":"3279833921", "pid":"1", "tid":"wave"},
{"name":"ModelSetRunClock", "ph":"E", "ts":"3279833990", "pid":"1", "tid":"wave"},
{"name":"ModelAdvance", "ph":"B", "ts":"3279834084", "pid":"1", "tid":"wave"},
{"name":"ModelAdvance", "ph":"E", "ts":"3286330543", "pid":"1", "tid":"wave"},
{"name":"ModelSetRunClock", "ph":"B", "ts":"3288368306", "pid":"1", "tid":"wave"},
{"name":"ModelSetRunClock", "ph":"E", "ts":"3288368373", "pid":"1", "tid":"wave"},
{"name":"ModelAdvance", "ph":"B", "ts":"3288368457", "pid":"1", "tid":"wave"},
{"name":"ModelAdvance", "ph":"E", "ts":"3294807290", "pid":"1", "tid":"wave"},
{"name":"ModelSetRunClock", "ph":"B", "ts":"3296831232", "pid":"1", "tid":"wave"},
{"name":"ModelSetRunClock", "ph":"E", "ts":"3296831289", "pid":"1", "tid":"wave"},
{"name":"ModelAdvance", "ph":"B", "ts":"3296831370", "pid":"1", "tid":"wave"},
{"name":"ModelAdvance", "ph":"E", "ts":"3303262039", "pid":"1", "tid":"wave"},
{"name":"ModelSetRunClock", "ph":"B", "ts":"3305271776", "pid":"1", "tid":"wave"},
{"name":"ModelSetRunClock", "ph":"E", "ts":"3305271844", "pid":"1", "tid":"wave"},
{"name":"ModelAdvance", "ph":"B", "ts":"3305271929", "pid":"1", "tid":"wave"},
{"name":"ModelAdvance", "ph":"E", "ts":"3311731564", "pid":"1", "tid":"wave"},
{"name":"ModelSetRunClock", "ph":"B", "ts":"3313735506", "pid":"1", "tid":"wave"},
{"name":"ModelSetRunClock", "ph":"E", "ts":"3313735571", "pid":"1", "tid":"wave"},
{"name":"ModelAdvance", "ph":"B", "ts":"3313735656", "pid":"1", "tid":"wave"},
{"name":"ModelAdvance", "ph":"E", "ts":"3320144334", "pid":"1", "tid":"wave"},
{"name":"ModelSetRunClock", "ph":"B", "ts":"3322126449", "pid":"1", "tid":"wave"},
{"name":"ModelSetRunClock", "ph":"E", "ts":"3322126588", "pid":"1", "tid":"wave"},
{"name":"ModelAdvance", "ph":"B", "ts":"3322126806", "pid":"1", "tid":"wave"},
{"name":"ModelAdvance", "ph":"E", "ts":"3328467879", "pid":"1", "tid":"wave"},
{"name":"ModelSetRunClock", "ph":"B", "ts":"3330615717", "pid":"1", "tid":"wave"},
{"name":"ModelSetRunClock", "ph":"E", "ts":"3330615778", "pid":"1", "tid":"wave"},
{"name":"ModelAdvance", "ph":"B", "ts":"3330615859", "pid":"1", "tid":"wave"},
{"name":"ModelAdvance", "ph":"E", "ts":"3336941714", "pid":"1", "tid":"wave"},
{"name":"ModelSetRunClock", "ph":"B", "ts":"3338879302", "pid":"1", "tid":"wave"},
{"name":"ModelSetRunClock", "ph":"E", "ts":"3338879384", "pid":"1", "tid":"wave"},
{"name":"ModelAdvance", "ph":"B", "ts":"3338879525", "pid":"1", "tid":"wave"},
{"name":"ModelAdvance", "ph":"E", "ts":"3345252920", "pid":"1", "tid":"wave"},
{"name":"ModelSetRunClock", "ph":"B", "ts":"3347261256", "pid":"1", "tid":"wave"},
{"name":"ModelSetRunClock", "ph":"E", "ts":"3347261316", "pid":"1", "tid":"wave"},
{"name":"ModelAdvance", "ph":"B", "ts":"3347261397", "pid":"1", "tid":"wave"},
{"name":"ModelAdvance", "ph":"E", "ts":"3353611238", "pid":"1", "tid":"wave"},
{"name":"ModelSetRunClock", "ph":"B", "ts":"3355608096", "pid":"1", "tid":"wave"},
{"name":"ModelSetRunClock", "ph":"E", "ts":"3355608154", "pid":"1", "tid":"wave"},
{"name":"ModelAdvance", "ph":"B", "ts":"3355608243", "pid":"1", "tid":"wave"},
{"name":"ModelAdvance", "ph":"E", "ts":"3362000442", "pid":"1", "tid":"wave"},
{"name":"ModelSetRunClock", "ph":"B", "ts":"3363920829", "pid":"1", "tid":"wave"},
{"name":"ModelSetRunClock", "ph":"E", "ts":"3363920884", "pid":"1", "tid":"wave"},
{"name":"ModelAdvance", "ph":"B", "ts":"3363920964", "pid":"1", "tid":"wave"},
{"name":"ModelAdvance", "ph":"E", "ts":"3370180372", "pid":"1", "tid":"wave"},
{"name":"ModelSetRunClock", "ph":"B", "ts":"3372084818", "pid":"1", "tid":"wave"},
{"name":"ModelSetRunClock", "ph":"E", "ts":"3372084880", "pid":"1", "tid":"wave"},
{"name":"ModelAdvance", "ph":"B", "ts":"3372084965", "pid":"1", "tid":"wave"},
{"name":"ModelAdvance", "ph":"E", "ts":"3378283958", "pid":"1", "tid":"wave"},
{"name":"ModelSetRunClock", "ph":"B", "ts":"3380368958", "pid":"1", "tid":"wave"},
{"name":"ModelSetRunClock", "ph":"E", "ts":"3380369021", "pid":"1", "tid":"wave"},
{"name":"ModelAdvance", "ph":"B", "ts":"3380369286", "pid":"1", "tid":"wave"},
{"name":"ModelAdvance", "ph":"E", "ts":"3386533504", "pid":"1", "tid":"wave"},
{"name":"ModelSetRunClock", "ph":"B", "ts":"3388385867", "pid":"1", "tid":"wave"},
{"name":"ModelSetRunClock", "ph":"E", "ts":"3388385926", "pid":"1", "tid":"wave"},
{"name":"ModelAdvance", "ph":"B", "ts":"3388386009", "pid":"1", "tid":"wave"},
{"name":"ModelAdvance", "ph":"E", "ts":"3394536447", "pid":"1", "tid":"wave"},
{"name":"ModelSetRunClock", "ph":"B", "ts":"3396850896", "pid":"1", "tid":"wave"},
{"name":"ModelSetRunClock", "ph":"E", "ts":"3396850961", "pid":"1", "tid":"wave"},
{"name":"ModelAdvance", "ph":"B", "ts":"3396851058", "pid":"1", "tid":"wave"},
{"name":"ModelAdvance", "ph":"E", "ts":"3402988650", "pid":"1", "tid":"wave"},
{"name":"ModelSetRunClock", "ph":"B", "ts":"3404832697", "pid":"1", "tid":"wave"},
{"name":"ModelSetRunClock", "ph":"E", "ts":"3404832757", "pid":"1", "tid":"wave"},
{"name":"ModelAdvance", "ph":"B", "ts":"3404832844", "pid":"1", "tid":"wave"},
{"name":"ModelAdvance", "ph":"E", "ts":"3410936606", "pid":"1", "tid":"wave"},
{"name":"ModelSetRunClock", "ph":"B", "ts":"3413621863", "pid":"1", "tid":"wave"},
{"name":"ModelSetRunClock", "ph":"E", "ts":"3413621920", "pid":"1", "tid":"wave"},
{"name":"ModelAdvance", "ph":"B", "ts":"3413622002", "pid":"1", "tid":"wave"},
{"name":"ModelAdvance", "ph":"E", "ts":"3419697243", "pid":"1", "tid":"wave"},
{"name":"ModelSetRunClock", "ph":"B", "ts":"3421795872", "pid":"1", "tid":"wave"},
{"name":"ModelSetRunClock", "ph":"E", "ts":"3421795937", "pid":"1", "tid":"wave"},
{"name":"ModelAdvance", "ph":"B", "ts":"3421796034", "pid":"1", "tid":"wave"},
{"name":"ModelAdvance", "ph":"E", "ts":"3427847399", "pid":"1", "tid":"wave"},
{"name":"ModelSetRunClock", "ph":"B", "ts":"3430608438", "pid":"1", "tid":"wave"},
{"name":"ModelSetRunClock", "ph":"E", "ts":"3430608494", "pid":"1", "tid":"wave"},
{"name":"ModelAdvance", "ph":"B", "ts":"3430608573", "pid":"1", "tid":"wave"},
{"name":"ModelAdvance", "ph":"E", "ts":"3436666177", "pid":"1", "tid":"wave"},
{"name":"ModelSetRunClock", "ph":"B", "ts":"3438694131", "pid":"1", "tid":"wave"},
{"name":"ModelSetRunClock", "ph":"E", "ts":"3438694192", "pid":"1", "tid":"wave"},
{"name":"ModelAdvance", "ph":"B", "ts":"3438694273", "pid":"1", "tid":"wave"},
{"name":"ModelAdvance", "ph":"E", "ts":"3444752796", "pid":"1", "tid":"wave"},
{"name":"ModelSetRunClock", "ph":"B", "ts":"3458023791", "pid":"1", "tid":"wave"},
{"name":"ModelSetRunClock", "ph":"E", "ts":"3458023937", "pid":"1", "tid":"wave"},
{"name":"ModelAdvance", "ph":"B", "ts":"3458024151", "pid":"1", "tid":"wave"},
{"name":"ModelAdvance", "ph":"E", "ts":"3464040977", "pid":"1", "tid":"wave"},
{"name":"ModelSetRunClock", "ph":"B", "ts":"3465871537", "pid":"1", "tid":"wave"},
{"name":"ModelSetRunClock", "ph":"E", "ts":"3465871593", "pid":"1", "tid":"wave"},
{"name":"ModelAdvance", "ph":"B", "ts":"3465871670", "pid":"1", "tid":"wave"},
{"name":"ModelAdvance", "ph":"E", "ts":"3471827182", "pid":"1", "tid":"wave"},
{"name":"ModelSetRunClock", "ph":"B", "ts":"3474355651", "pid":"1", "tid":"wave"},
{"name":"ModelSetRunClock", "ph":"E", "ts":"3474355714", "pid":"1", "tid":"wave"},
{"name":"ModelAdvance", "ph":"B", "ts":"3474355796", "pid":"1", "tid":"wave"},
{"name":"ModelAdvance", "ph":"E", "ts":"3480330619", "pid":"1", "tid":"wave"},
{"name":"ModelSetRunClock", "ph":"B", "ts":"3482069071", "pid":"1", "tid":"wave"},
{"name":"ModelSetRunClock", "ph":"E", "ts":"3482069132", "pid":"1", "tid":"wave"},
{"name":"ModelAdvance", "ph":"B", "ts":"3482069217", "pid":"1", "tid":"wave"},
{"name":"ModelAdvance", "ph":"E", "ts":"3488038570", "pid":"1", "tid":"wave"},
{"name":"ModelSetRunClock", "ph":"B", "ts":"3490317878", "pid":"1", "tid":"wave"},
{"name":"ModelSetRunClock", "ph":"E", "ts":"3490317943", "pid":"1", "tid":"wave"},
{"name":"ModelAdvance", "ph":"B", "ts":"3490318025", "pid":"1", "tid":"wave"},
{"name":"ModelAdvance", "ph":"E", "ts":"3496270097", "pid":"1", "tid":"wave"},
{"name":"ModelSetRunClock", "ph":"B", "ts":"3498004316", "pid":"1", "tid":"wave"},
{"name":"ModelSetRunClock", "ph":"E", "ts":"3498004588", "pid":"1", "tid":"wave"},
{"name":"ModelAdvance", "ph":"B", "ts":"3498004783", "pid":"1", "tid":"wave"},
{"name":"ModelAdvance", "ph":"E", "ts":"3503940618", "pid":"1", "tid":"wave"},
{"name":"ModelSetRunClock", "ph":"B", "ts":"3506656954", "pid":"1", "tid":"wave"},
{"name":"ModelSetRunClock", "ph":"E", "ts":"3506657013", "pid":"1", "tid":"wave"},
{"name":"ModelAdvance", "ph":"B", "ts":"3506657095", "pid":"1", "tid":"wave"},
{"name":"ModelAdvance", "ph":"E", "ts":"3512591578", "pid":"1", "tid":"wave"},
{"name":"ModelSetRunClock", "ph":"B", "ts":"3514534625", "pid":"1", "tid":"wave"},
{"name":"ModelSetRunClock", "ph":"E", "ts":"3514534690", "pid":"1", "tid":"wave"},
{"name":"ModelAdvance", "ph":"B", "ts":"3514534765", "pid":"1", "tid":"wave"},
{"name":"ModelAdvance", "ph":"E", "ts":"3520472028", "pid":"1", "tid":"wave"},
{"name":"ModelSetRunClock", "ph":"B", "ts":"3523128849", "pid":"1", "tid":"wave"},
{"name":"ModelSetRunClock", "ph":"E", "ts":"3523128977", "pid":"1", "tid":"wave"},
{"name":"ModelAdvance", "ph":"B", "ts":"3523129106", "pid":"1", "tid":"wave"},
{"name":"ModelAdvance", "ph":"E", "ts":"3529087635", "pid":"1", "tid":"wave"},
{"name":"ModelSetRunClock", "ph":"B", "ts":"3531188142", "pid":"1", "tid":"wave"},
{"name":"ModelSetRunClock", "ph":"E", "ts":"3531188203", "pid":"1", "tid":"wave"},
{"name":"ModelAdvance", "ph":"B", "ts":"3531188282", "pid":"1", "tid":"wave"},
{"name":"ModelAdvance", "ph":"E", "ts":"3537139493", "pid":"1", "tid":"wave"},
{"name":"ModelSetRunClock", "ph":"B", "ts":"3539820491", "pid":"1", "tid":"wave"},
{"name":"ModelSetRunClock", "ph":"E", "ts":"3539820555", "pid":"1", "tid":"wave"},
{"name":"ModelAdvance", "ph":"B", "ts":"3539820641", "pid":"1", "tid":"wave"},
{"name":"ModelAdvance", "ph":"E", "ts":"3545696285", "pid":"1", "tid":"wave"},
{"name":"ModelSetRunClock", "ph":"B", "ts":"3548039318", "pid":"1", "tid":"wave"},
{"name":"ModelSetRunClock", "ph":"E", "ts":"3548039377", "pid":"1", "tid":"wave"},
{"name":"ModelAdvance", "ph":"B", "ts":"3548039459", "pid":"1", "tid":"wave"},
{"name":"ModelAdvance", "ph":"E", "ts":"3553932503", "pid":"1", "tid":"wave"},
{"name":"ModelSetRunClock", "ph":"B", "ts":"3556934008", "pid":"1", "tid":"wave"},
{"name":"ModelSetRunClock", "ph":"E", "ts":"3556934078", "pid":"1", "tid":"wave"},
{"name":"ModelAdvance", "ph":"B", "ts":"3556934160", "pid":"1", "tid":"wave"},
{"name":"ModelAdvance", "ph":"E", "ts":"3562828111", "pid":"1", "tid":"wave"},
{"name":"ModelSetRunClock", "ph":"B", "ts":"3565073672", "pid":"1", "tid":"wave"},
{"name":"ModelSetRunClock", "ph":"E", "ts":"3565073736", "pid":"1", "tid":"wave"},
{"name":"ModelAdvance", "ph":"B", "ts":"3565073816", "pid":"1", "tid":"wave"},
{"name":"ModelAdvance", "ph":"E", "ts":"3570946841", "pid":"1", "tid":"wave"},
{"name":"ModelSetRunClock", "ph":"B", "ts":"3573543784", "pid":"1", "tid":"wave"},
{"name":"ModelSetRunClock", "ph":"E", "ts":"3573543852", "pid":"1", "tid":"wave"},
{"name":"ModelAdvance", "ph":"B", "ts":"3573543943", "pid":"1", "tid":"wave"},
{"name":"ModelAdvance", "ph":"E", "ts":"3579353200", "pid":"1", "tid":"wave"},
{"name":"ModelSetRunClock", "ph":"B", "ts":"3581092456", "pid":"1", "tid":"wave"},
{"name":"ModelSetRunClock", "ph":"E", "ts":"3581092511", "pid":"1", "tid":"wave"},
{"name":"ModelAdvance", "ph":"B", "ts":"3581092592", "pid":"1", "tid":"wave"},
{"name":"ModelAdvance", "ph":"E", "ts":"3586880340", "pid":"1", "tid":"wave"},
{"name":"ModelSetRunClock", "ph":"B", "ts":"3589240538", "pid":"1", "tid":"wave"},
{"name":"ModelSetRunClock", "ph":"E", "ts":"3589240592", "pid":"1", "tid":"wave"},
{"name":"ModelAdvance", "ph":"B", "ts":"3589240680", "pid":"1", "tid":"wave"},
{"name":"ModelAdvance", "ph":"E", "ts":"3594969436", "pid":"1", "tid":"wave"},
{"name":"ModelSetRunClock", "ph":"B", "ts":"3596961314", "pid":"1", "tid":"wave"},
{"name":"ModelSetRunClock", "ph":"E", "ts":"3596961377", "pid":"1", "tid":"wave"},
{"name":"ModelAdvance", "ph":"B", "ts":"3596961460", "pid":"1", "tid":"wave"},
{"name":"ModelAdvance", "ph":"E", "ts":"3602711749", "pid":"1", "tid":"wave"},
{"name":"ModelSetRunClock", "ph":"B", "ts":"3605217582", "pid":"1", "tid":"wave"},
{"name":"ModelSetRunClock", "ph":"E", "ts":"3605217643", "pid":"1", "tid":"wave"},
{"name":"ModelAdvance", "ph":"B", "ts":"3605217735", "pid":"1", "tid":"wave"},
{"name":"ModelAdvance", "ph":"E", "ts":"3610985210", "pid":"1", "tid":"wave"},
{"name":"ModelSetRunClock", "ph":"B", "ts":"3612873072", "pid":"1", "tid":"wave"},
{"name":"ModelSetRunClock", "ph":"E", "ts":"3612873135", "pid":"1", "tid":"wave"},
{"name":"ModelAdvance", "ph":"B", "ts":"3612873230", "pid":"1", "tid":"wave"},
{"name":"ModelAdvance", "ph":"E", "ts":"3618619947", "pid":"1", "tid":"wave"},
{"name":"ModelSetRunClock", "ph":"B", "ts":"3621098196", "pid":"1", "tid":"wave"},
{"name":"ModelSetRunClock", "ph":"E", "ts":"3621098256", "pid":"1", "tid":"wave"},
{"name":"ModelAdvance", "ph":"B", "ts":"3621098336", "pid":"1", "tid":"wave"},
{"name":"ModelAdvance", "ph":"E", "ts":"3626745997", "pid":"1", "tid":"wave"},
{"name":"ModelSetRunClock", "ph":"B", "ts":"3628747668", "pid":"1", "tid":"wave"},
{"name":"ModelSetRunClock", "ph":"E", "ts":"3628747728", "pid":"1", "tid":"wave"},
{"name":"ModelAdvance", "ph":"B", "ts":"3628747808", "pid":"1", "tid":"wave"},
{"name":"ModelAdvance", "ph":"E", "ts":"3634272685", "pid":"1", "tid":"wave"},
{"name":"ModelSetRunClock", "ph":"B", "ts":"3637189875", "pid":"1", "tid":"wave"},
{"name":"ModelSetRunClock", "ph":"E", "ts":"3637189937", "pid":"1", "tid":"wave"},
{"name":"ModelAdvance", "ph":"B", "ts":"3637190018", "pid":"1", "tid":"wave"},
{"name":"ModelAdvance", "ph":"E", "ts":"3642654827", "pid":"1", "tid":"wave"},
{"name":"ModelSetRunClock", "ph":"B", "ts":"3644990216", "pid":"1", "tid":"wave"},
{"name":"ModelSetRunClock", "ph":"E", "ts":"3644990274", "pid":"1", "tid":"wave"},
{"name":"ModelAdvance", "ph":"B", "ts":"3644990352", "pid":"1", "tid":"wave"},
{"name":"ModelAdvance", "ph":"E", "ts":"3650361314", "pid":"1", "tid":"wave"},
{"name":"ModelSetRunClock", "ph":"B", "ts":"3653428619", "pid":"1", "tid":"wave"},
{"name":"ModelSetRunClock", "ph":"E", "ts":"3653428686", "pid":"1", "tid":"wave"},
{"name":"ModelAdvance", "ph":"B", "ts":"3653428772", "pid":"1", "tid":"wave"},
{"name":"ModelAdvance", "ph":"E", "ts":"3658742935", "pid":"1", "tid":"wave"},
{"name":"ModelSetRunClock", "ph":"B", "ts":"3661046470", "pid":"1", "tid":"wave"},
{"name":"ModelSetRunClock", "ph":"E", "ts":"3661046533", "pid":"1", "tid":"wave"},
{"name":"ModelAdvance", "ph":"B", "ts":"3661046618", "pid":"1", "tid":"wave"},
{"name":"ModelAdvance", "ph":"E", "ts":"3666310029", "pid":"1", "tid":"wave"},
{"name":"ModelSetRunClock", "ph":"B", "ts":"3669347826", "pid":"1", "tid":"wave"},
{"name":"ModelSetRunClock", "ph":"E", "ts":"3669347892", "pid":"1", "tid":"wave"},
{"name":"ModelAdvance", "ph":"B", "ts":"3669347974", "pid":"1", "tid":"wave"},
{"name":"ModelAdvance", "ph":"E", "ts":"3674516747", "pid":"1", "tid":"wave"},
{"name":"ModelSetRunClock", "ph":"B", "ts":"3676948065", "pid":"1", "tid":"wave"},
{"name":"ModelSetRunClock", "ph":"E", "ts":"3676948127", "pid":"1", "tid":"wave"},
{"name":"ModelAdvance", "ph":"B", "ts":"3676948209", "pid":"1", "tid":"wave"},
{"name":"ModelAdvance", "ph":"E", "ts":"3682138222", "pid":"1", "tid":"wave"},
{"name":"ModelSetRunClock", "ph":"B", "ts":"3685220314", "pid":"1", "tid":"wave"},
{"name":"ModelSetRunClock", "ph":"E", "ts":"3685220383", "pid":"1", "tid":"wave"},
{"name":"ModelAdvance", "ph":"B", "ts":"3685220468", "pid":"1", "tid":"wave"},
{"name":"ModelAdvance", "ph":"E", "ts":"3690378617", "pid":"1", "tid":"wave"},
{"name":"ModelSetRunClock", "ph":"B", "ts":"3692776892", "pid":"1", "tid":"wave"},
{"name":"ModelSetRunClock", "ph":"E", "ts":"3692776954", "pid":"1", "tid":"wave"},
{"name":"ModelAdvance", "ph":"B", "ts":"3692777037", "pid":"1", "tid":"wave"},
{"name":"ModelAdvance", "ph":"E", "ts":"3697881575", "pid":"1", "tid":"wave"},
{"name":"ModelSetRunClock", "ph":"B", "ts":"3701052735", "pid":"1", "tid":"wave"},
{"name":"ModelSetRunClock", "ph":"E", "ts":"3701052793", "pid":"1", "tid":"wave"},
{"name":"ModelAdvance", "ph":"B", "ts":"3701053075", "pid":"1", "tid":"wave"},
{"name":"ModelAdvance", "ph":"E", "ts":"3706179276", "pid":"1", "tid":"wave"},
{"name":"ModelSetRunClock", "ph":"B", "ts":"3708711127", "pid":"1", "tid":"wave"},
{"name":"ModelSetRunClock", "ph":"E", "ts":"3708711192", "pid":"1", "tid":"wave"},
{"name":"ModelAdvance", "ph":"B", "ts":"3708711279", "pid":"1", "tid":"wave"},
{"name":"ModelAdvance", "ph":"E", "ts":"3713853206", "pid":"1", "tid":"wave"},
{"name":"ModelSetRunClock", "ph":"B", "ts":"3717071839", "pid":"1", "tid":"wave"},
{"name":"ModelSetRunClock", "ph":"E", "ts":"3717071958", "pid":"1", "tid":"wave"},
{"name":"ModelAdvance", "ph":"B", "ts":"3717072077", "pid":"1", "tid":"wave"},
{"name":"ModelAdvance", "ph":"E", "ts":"3722230461", "pid":"1", "tid":"wave"},
{"name":"ModelSetRunClock", "ph":"B", "ts":"3724797627", "pid":"1", "tid":"wave"},
{"name":"ModelSetRunClock", "ph":"E", "ts":"3724797690", "pid":"1", "tid":"wave"},
{"name":"ModelAdvance", "ph":"B", "ts":"3724797769", "pid":"1", "tid":"wave"},
{"name":"ModelAdvance", "ph":"E", "ts":"3730061474", "pid":"1", "tid":"wave"},
{"name":"ModelSetRunClock", "ph":"B", "ts":"3733263691", "pid":"1", "tid":"wave"},
{"name":"ModelSetRunClock", "ph":"E", "ts":"3733263756", "pid":"1", "tid":"wave"},
{"name":"ModelAdvance", "ph":"B", "ts":"3733263837", "pid":"1", "tid":"wave"},
{"name":"ModelAdvance", "ph":"E", "ts":"3738582793", "pid":"1", "tid":"wave"},
{"name":"ModelSetRunClock", "ph":"B", "ts":"3740951740", "pid":"1", "tid":"wave"},
{"name":"ModelSetRunClock", "ph":"E", "ts":"3740951802", "pid":"1", "tid":"wave"},
{"name":"ModelAdvance", "ph":"B", "ts":"3740951885", "pid":"1", "tid":"wave"},
{"name":"ModelAdvance", "ph":"E", "ts":"3746358653", "pid":"1", "tid":"wave"},
{"name":"ModelSetRunClock", "ph":"B", "ts":"3749283842", "pid":"1", "tid":"wave"},
{"name":"ModelSetRunClock", "ph":"E", "ts":"3749284001", "pid":"1", "tid":"wave"},
{"name":"ModelAdvance", "ph":"B", "ts":"3749284122", "pid":"1", "tid":"wave"},
{"name":"ModelAdvance", "ph":"E", "ts":"3754782128", "pid":"1", "tid":"wave"},
{"name":"ModelSetRunClock", "ph":"B", "ts":"3756870212", "pid":"1", "tid":"wave"},
{"name":"ModelSetRunClock", "ph":"E", "ts":"3756870276", "pid":"1", "tid":"wave"},
{"name":"ModelAdvance", "ph":"B", "ts":"3756870356", "pid":"1", "tid":"wave"},
{"name":"ModelAdvance", "ph":"E", "ts":"3762477672", "pid":"1", "tid":"wave"},
{"name":"ModelSetRunClock", "ph":"B", "ts":"3765130200", "pid":"1", "tid":"wave"},
{"name":"ModelSetRunClock", "ph":"E", "ts":"3765130261", "pid":"1", "tid":"wave"},
{"name":"ModelAdvance", "ph":"B", "ts":"3765130338", "pid":"1", "tid":"wave"},
{"name":"ModelAdvance", "ph":"E", "ts":"3770821233", "pid":"1", "tid":"wave"},
{"name":"ModelSetRunClock", "ph":"B", "ts":"3772735453", "pid":"1", "tid":"wave"},
{"name":"ModelSetRunClock", "ph":"E", "ts":"3772735520", "pid":"1", "tid":"wave"},
{"name":"ModelAdvance", "ph":"B", "ts":"3772735605", "pid":"1", "tid":"wave"},
{"name":"ModelAdvance", "ph":"E", "ts":"3778483623", "pid":"1", "tid":"wave"},
{"name":"ModelSetRunClock", "ph":"B", "ts":"3781051332", "pid":"1", "tid":"wave"},
{"name":"ModelSetRunClock", "ph":"E", "ts":"3781051399", "pid":"1", "tid":"wave"},
{"name":"ModelAdvance", "ph":"B", "ts":"3781051483", "pid":"1", "tid":"wave"},
{"name":"ModelAdvance", "ph":"E", "ts":"3786826778", "pid":"1", "tid":"wave"},
{"name":"ModelSetRunClock", "ph":"B", "ts":"3788707658", "pid":"1", "tid":"wave"},
{"name":"ModelSetRunClock", "ph":"E", "ts":"3788707723", "pid":"1", "tid":"wave"},
{"name":"ModelAdvance", "ph":"B", "ts":"3788707803", "pid":"1", "tid":"wave"},
{"name":"ModelAdvance", "ph":"E", "ts":"3794452038", "pid":"1", "tid":"wave"},
{"name":"ModelSetRunClock", "ph":"B", "ts":"3796978902", "pid":"1", "tid":"wave"},
{"name":"ModelSetRunClock", "ph":"E", "ts":"3796978965", "pid":"1", "tid":"wave"},
{"name":"ModelAdvance", "ph":"B", "ts":"3796979042", "pid":"1", "tid":"wave"},
{"name":"ModelAdvance", "ph":"E", "ts":"3802672313", "pid":"1", "tid":"wave"},
{"name":"ModelSetRunClock", "ph":"B", "ts":"3804555480", "pid":"1", "tid":"wave"},
{"name":"ModelSetRunClock", "ph":"E", "ts":"3804555539", "pid":"1", "tid":"wave"},
{"name":"ModelAdvance", "ph":"B", "ts":"3804555615", "pid":"1", "tid":"wave"},
{"name":"ModelAdvance", "ph":"E", "ts":"3810192909", "pid":"1", "tid":"wave"},
{"name":"ModelSetRunClock", "ph":"B", "ts":"3812895011", "pid":"1", "tid":"wave"},
{"name":"ModelSetRunClock", "ph":"E", "ts":"3812895072", "pid":"1", "tid":"wave"},
{"name":"ModelAdvance", "ph":"B", "ts":"3812895150", "pid":"1", "tid":"wave"},
{"name":"ModelAdvance", "ph":"E", "ts":"3818420881", "pid":"1", "tid":"wave"},
{"name":"ModelSetRunClock", "ph":"B", "ts":"3820804425", "pid":"1", "tid":"wave"},
{"name":"ModelSetRunClock", "ph":"E", "ts":"3820804486", "pid":"1", "tid":"wave"},
{"name":"ModelAdvance", "ph":"B", "ts":"3820804567", "pid":"1", "tid":"wave"},
{"name":"ModelAdvance", "ph":"E", "ts":"3826260475", "pid":"1", "tid":"wave"},
{"name":"ModelSetRunClock", "ph":"B", "ts":"3829062497", "pid":"1", "tid":"wave"},
{"name":"ModelSetRunClock", "ph":"E", "ts":"3829062559", "pid":"1", "tid":"wave"},
{"name":"ModelAdvance", "ph":"B", "ts":"3829062639", "pid":"1", "tid":"wave"},
{"name":"ModelAdvance", "ph":"E", "ts":"3834376826", "pid":"1", "tid":"wave"},
{"name":"ModelFinalize", "ph":"B", "ts":"3834382736", "pid":"1", "tid":"wave"},
{"name":"ModelFinalize", "ph":"E", "ts":"3834382770", "pid":"1", "tid":"wave"},
