{"name":"SetServices", "ph":"B", "ts":"537432229", "pid":"1", "tid":"mom"},
{"name":"SetServices", "ph":"E", "ts":"537434933", "pid":"1", "tid":"mom"},
{"name":"InitializeP0", "ph":"B", "ts":"538589332", "pid":"1", "tid":"mom"},
{"name":"InitializeP0", "ph":"E", "ts":"538589726", "pid":"1", "tid":"mom"},
{"name":"InitializeAdvertise", "ph":"B", "ts":"562782863", "pid":"1", "tid":"mom"},
{"name":"InitializeAdvertise", "ph":"E", "ts":"638947162", "pid":"1", "tid":"mom"},
{"name":"InitializeRealize", "ph":"B", "ts":"798795398", "pid":"1", "tid":"mom"},
{"name":"InitializeRealize", "ph":"E", "ts":"804423270", "pid":"1", "tid":"mom"},
{"name":"DataInitialize", "ph":"B", "ts":"838415773", "pid":"1", "tid":"mom"},
{"name":"DataInitialize", "ph":"E", "ts":"838416942", "pid":"1", "tid":"mom"},
{"name":"ModelSetRunClock", "ph":"B", "ts":"889848874", "pid":"1", "tid":"mom"},
{"name":"ModelSetRunClock", "ph":"E", "ts":"889858028", "pid":"1", "tid":"mom"},
{"name":"ModelAdvance", "ph":"B", "ts":"889858260", "pid":"1", "tid":"mom"},
{"name":"ModelAdvance", "ph":"E", "ts":"895851660", "pid":"1", "tid":"mom"},
{"name":"ModelSetRunClock", "ph":"B", "ts":"902799451", "pid":"1", "tid":"mom"},
{"name":"ModelSetRunClock", "ph":"E", "ts":"902799503", "pid":"1", "tid":"mom"},
{"name":"ModelAdvance", "ph":"B", "ts":"902799666", "pid":"1", "tid":"mom"},
{"name":"ModelAdvance", "ph":"E", "ts":"908172404", "pid":"1", "tid":"mom"},
{"name":"ModelSetRunClock", "ph":"B", "ts":"910246399", "pid":"1", "tid":"mom"},
{"name":"ModelSetRunClock", "ph":"E", "ts":"910246476", "pid":"1", "tid":"mom"},
{"name":"ModelAdvance", "ph":"B", "ts":"910246654", "pid":"1", "tid":"mom"},
{"name":"ModelAdvance", "ph":"E", "ts":"915590589", "pid":"1", "tid":"mom"},
{"name":"ModelSetRunClock", "ph":"B", "ts":"918356955", "pid":"1", "tid":"mom"},
{"name":"ModelSetRunClock", "ph":"E", "ts":"918357022", "pid":"1", "tid":"mom"},
{"name":"ModelAdvance", "ph":"B", "ts":"918357195", "pid":"1", "tid":"mom"},
{"name":"ModelAdvance", "ph":"E", "ts":"923710854", "pid":"1", "tid":"mom"},
{"name":"ModelSetRunClock", "ph":"B", "ts":"925852204", "pid":"1", "tid":"mom"},
{"name":"ModelSetRunClock", "ph":"E", "ts":"925852262", "pid":"1", "tid":"mom"},
{"name":"ModelAdvance", "ph":"B", "ts":"925852578", "pid":"1", "tid":"mom"},
{"name":"ModelAdvance", "ph":"E", "ts":"931219013", "pid":"1", "tid":"mom"},
{"name":"ModelSetRunClock", "ph":"B", "ts":"934030979", "pid":"1", "tid":"mom"},
{"name":"ModelSetRunClock", "ph":"E", "ts":"934031053", "pid":"1", "tid":"mom"},
{"name":"ModelAdvance", "ph":"B", "ts":"934031233", "pid":"1", "tid":"mom"},
{"name":"ModelAdvance", "ph":"E", "ts":"939466542", "pid":"1", "tid":"mom"},
{"name":"ModelSetRunClock", "ph":"B", "ts":"959768170", "pid":"1", "tid":"mom"},
{"name":"ModelSetRunClock", "ph":"E", "ts":"959768370", "pid":"1", "tid":"mom"},
{"name":"ModelAdvance", "ph":"B", "ts":"959768543", "pid":"1", "tid":"mom"},
{"name":"ModelAdvance", "ph":"E", "ts":"965142451", "pid":"1", "tid":"mom"},
{"name":"ModelSetRunClock", "ph":"B", "ts":"968030534", "pid":"1", "tid":"mom"},
{"name":"ModelSetRunClock", "ph":"E", "ts":"968030608", "pid":"1", "tid":"mom"},
{"name":"ModelAdvance", "ph":"B", "ts":"968030791", "pid":"1", "tid":"mom"},
{"name":"ModelAdvance", "ph":"E", "ts":"973416538", "pid":"1", "tid":"mom"},
{"name":"ModelSetRunClock", "ph":"B", "ts":"975870367", "pid":"1", "tid":"mom"},
{"name":"ModelSetRunClock", "ph":"E", "ts":"975870438", "pid":"1", "tid":"mom"},
{"name":"ModelAdvance", "ph":"B", "ts":"975870597", "pid":"1", "tid":"mom"},
{"name":"ModelAdvance", "ph":"E", "ts":"981257140", "pid":"1", "tid":"mom"},
{"name":"ModelSetRunClock", "ph":"B", "ts":"984428471", "pid":"1", "tid":"mom"},
{"name":"ModelSetRunClock", "ph":"E", "ts":"984428518", "pid":"1", "tid":"mom"},
{"name":"ModelAdvance", "ph":"B", "ts":"984428680", "pid":"1", "tid":"mom"},
{"name":"ModelAdvance", "ph":"E", "ts":"989798457", "pid":"1", "tid":"mom"},
{"name":"ModelSetRunClock", "ph":"B", "ts":"992113615", "pid":"1", "tid":"mom"},
{"name":"ModelSetRunClock", "ph":"E", "ts":"992113682", "pid":"1", "tid":"mom"},
{"name":"ModelAdvance", "ph":"B", "ts":"992114023", "pid":"1", "tid":"mom"},
{"name":"ModelAdvance", "ph":"E", "ts":"997499329", "pid":"1", "tid":"mom"},
{"name":"ModelSetRunClock", "ph":"B", "ts":"1000607373", "pid":"1", "tid":"mom"},
{"name":"ModelSetRunClock", "ph":"E", "ts":"1000607443", "pid":"1", "tid":"mom"},
{"name":"ModelAdvance", "ph":"B", "ts":"1000607605", "pid":"1", "tid":"mom"},
{"name":"ModelAdvance", "ph":"E", "ts":"1005880845", "pid":"1", "tid":"mom"},
{"name":"ModelSetRunClock", "ph":"B", "ts":"1008378830", "pid":"1", "tid":"mom"},
{"name":"ModelSetRunClock", "ph":"E", "ts":"1008378908", "pid":"1", "tid":"mom"},
{"name":"ModelAdvance", "ph":"B", "ts":"1008379091", "pid":"1", "tid":"mom"},
{"name":"ModelAdvance", "ph":"E", "ts":"1013630162", "pid":"1", "tid":"mom"},
{"name":"ModelSetRunClock", "ph":"B", "ts":"1018203769", "pid":"1", "tid":"mom"},
{"name":"ModelSetRunClock", "ph":"E", "ts":"1018203835", "pid":"1", "tid":"mom"},
{"name":"ModelAdvance", "ph":"B", "ts":"1018204003", "pid":"1", "tid":"mom"},
{"name":"ModelAdvance", "ph":"E", "ts":"1023436800", "pid":"1", "tid":"mom"},
{"name":"ModelSetRunClock", "ph":"B", "ts":"1025769092", "pid":"1", "tid":"mom"},
{"name":"ModelSetRunClock", "ph":"E", "ts":"1025769158", "pid":"1", "tid":"mom"},
{"name":"ModelAdvance", "ph":"B", "ts":"1025769318", "pid":"1", "tid":"mom"},
{"name":"ModelAdvance", "ph":"E", "ts":"1031038653", "pid":"1", "tid":"mom"},
{"name":"ModelSetRunClock", "ph":"B", "ts":"1034140622", "pid":"1", "tid":"mom"},
{"name":"ModelSetRunClock", "ph":"E", "ts":"1034140707", "pid":"1", "tid":"mom"},
{"name":"ModelAdvance", "ph":"B", "ts":"1034140902", "pid":"1", "tid":"mom"},
{"name":"ModelAdvance", "ph":"E", "ts":"1039379921", "pid":"1", "tid":"mom"},
{"name":"ModelSetRunClock", "ph":"B", "ts":"1042278250", "pid":"1", "tid":"mom"},
{"name":"ModelSetRunClock", "ph":"E", "ts":"1042278335", "pid":"1", "tid":"mom"},
{"name":"ModelAdvance", "ph":"B", "ts":"1042278540", "pid":"1", "tid":"mom"},
{"name":"ModelAdvance", "ph":"E", "ts":"1047520189", "pid":"1", "tid":"mom"},
{"name":"ModelSetRunClock", "ph":"B", "ts":"1051512692", "pid":"1", "tid":"mom"},
{"name":"ModelSetRunClock", "ph":"E", "ts":"1051512745", "pid":"1", "tid":"mom"},
{"name":"ModelAdvance", "ph":"B", "ts":"1051512914", "pid":"1", "tid":"mom"},
{"name":"ModelAdvance", "ph":"E", "ts":"1056833375", "pid":"1", "tid":"mom"},
{"name":"ModelSetRunClock", "ph":"B", "ts":"1059660914", "pid":"1", "tid":"mom"},
{"name":"ModelSetRunClock", "ph":"E", "ts":"1059661064", "pid":"1", "tid":"mom"},
{"name":"ModelAdvance", "ph":"B", "ts":"1059661243", "pid":"1", "tid":"mom"},
{"name":"ModelAdvance", "ph":"E", "ts":"1064894350", "pid":"1", "tid":"mom"},
{"name":"ModelSetRunClock", "ph":"B", "ts":"1068368754", "pid":"1", "tid":"mom"},
{"name":"ModelSetRunClock", "ph":"E", "ts":"1068368821", "pid":"1", "tid":"mom"},
{"name":"ModelAdvance", "ph":"B", "ts":"1068368990", "pid":"1", "tid":"mom"},
{"name":"ModelAdvance", "ph":"E", "ts":"1073594722", "pid":"1", "tid":"mom"},
{"name":"ModelSetRunClock", "ph":"B", "ts":"1076729847", "pid":"1", "tid":"mom"},
{"name":"ModelSetRunClock", "ph":"E", "ts":"1076729909", "pid":"1", "tid":"mom"},
{"name":"ModelAdvance", "ph":"B", "ts":"1076730068", "pid":"1", "tid":"mom"},
{"name":"ModelAdvance", "ph":"E", "ts":"1081963585", "pid":"1", "tid":"mom"},
{"name":"ModelSetRunClock", "ph":"B", "ts":"1085578318", "pid":"1", "tid":"mom"},
{"name":"ModelSetRunClock", "ph":"E", "ts":"1085578393", "pid":"1", "tid":"mom"},
{"name":"ModelAdvance", "ph":"B", "ts":"1085578581", "pid":"1", "tid":"mom"},
{"name":"ModelAdvance", "ph":"E", "ts":"1090801882", "pid":"1", "tid":"mom"},
{"name":"ModelSetRunClock", "ph":"B", "ts":"1093975478", "pid":"1", "tid":"mom"},
{"name":"ModelSetRunClock", "ph":"E", "ts":"1093975550", "pid":"1", "tid":"mom"},
{"name":"ModelAdvance", "ph":"B", "ts":"1093975730", "pid":"1", "tid":"mom"},
{"name":"ModelAdvance", "ph":"E", "ts":"1099173809", "pid":"1", "tid":"mom"},
{"name":"ModelSetRunClock", "ph":"B", "ts":"1102587621", "pid":"1", "tid":"mom"},
{"name":"ModelSetRunClock", "ph":"E", "ts":"1102587831", "pid":"1", "tid":"mom"},
{"name":"ModelAdvance", "ph":"B", "ts":"1102588005", "pid":"1", "tid":"mom"},
{"name":"ModelAdvance", "ph":"E", "ts":"1107848679", "pid":"1", "tid":"mom"},
{"name":"ModelSetRunClock", "ph":"B", "ts":"1111338519", "pid":"1", "tid":"mom"},
{"name":"ModelSetRunClock", "ph":"E", "ts":"1111338586", "pid":"1", "tid":"mom"},
{"name":"ModelAdvance", "ph":"B", "ts":"1111338762", "pid":"1", "tid":"mom"},
{"name":"ModelAdvance", "ph":"E", "ts":"1116549889", "pid":"1", "tid":"mom"},
{"name":"ModelSetRunClock", "ph":"B", "ts":"1119466687", "pid":"1", "tid":"mom"},
{"name":"ModelSetRunClock", "ph":"E", "ts":"1119466765", "pid":"1", "tid":"mom"},
{"name":"ModelAdvance", "ph":"B", "ts":"1119466994", "pid":"1", "tid":"mom"},
{"name":"ModelAdvance", "ph":"E", "ts":"1124668460", "pid":"1", "tid":"mom"},
{"name":"ModelSetRunClock", "ph":"B", "ts":"1126790998", "pid":"1", "tid":"mom"},
{"name":"ModelSetRunClock", "ph":"E", "ts":"1126791059", "pid":"1", "tid":"mom"},
{"name":"ModelAdvance", "ph":"B", "ts":"1126791225", "pid":"1", "tid":"mom"},
{"name":"ModelAdvance", "ph":"E", "ts":"1131974503", "pid":"1", "tid":"mom"},
{"name":"ModelSetRunClock", "ph":"B", "ts":"1134761460", "pid":"1", "tid":"mom"},
{"name":"ModelSetRunClock", "ph":"E", "ts":"1134761523", "pid":"1", "tid":"mom"},
{"name":"ModelAdvance", "ph":"B", "ts":"1134761682", "pid":"1", "tid":"mom"},
{"name":"ModelAdvance", "ph":"E", "ts":"1139941268", "pid":"1", "tid":"mom"},
{"name":"ModelSetRunClock", "ph":"B", "ts":"1143799374", "pid":"1", "tid":"mom"},
{"name":"ModelSetRunClock", "ph":"E", "ts":"1143799461", "pid":"1", "tid":"mom"},
{"name":"ModelAdvance", "ph":"B", "ts":"1143799700", "pid":"1", "tid":"mom"},
{"name":"ModelAdvance", "ph":"E", "ts":"1148959497", "pid":"1", "tid":"mom"},
{"name":"ModelSetRunClock", "ph":"B", "ts":"1151797762", "pid":"1", "tid":"mom"},
{"name":"ModelSetRunClock", "ph":"E", "ts":"1151797941", "pid":"1", "tid":"mom"},
{"name":"ModelAdvance", "ph":"B", "ts":"1151798113", "pid":"1", "tid":"mom"},
{"name":"ModelAdvance", "ph":"E", "ts":"1157044333", "pid":"1", "tid":"mom"},
{"name":"ModelSetRunClock", "ph":"B", "ts":"1159298067", "pid":"1", "tid":"mom"},
{"name":"ModelSetRunClock", "ph":"E", "ts":"1159298145", "pid":"1", "tid":"mom"},
{"name":"ModelAdvance", "ph":"B", "ts":"1159298360", "pid":"1", "tid":"mom"},
{"name":"ModelAdvance", "ph":"E", "ts":"1164452184", "pid":"1", "tid":"mom"},
{"name":"ModelSetRunClock", "ph":"B", "ts":"1167526707", "pid":"1", "tid":"mom"},
{"name":"ModelSetRunClock", "ph":"E", "ts":"1167526773", "pid":"1", "tid":"mom"},
{"name":"ModelAdvance", "ph":"B", "ts":"1167526935", "pid":"1", "tid":"mom"},
{"name":"ModelAdvance", "ph":"E", "ts":"1172686648", "pid":"1", "tid":"mom"},
{"name":"ModelSetRunClock", "ph":"B", "ts":"1174943203", "pid":"1", "tid":"mom"},
{"name":"ModelSetRunClock", "ph":"E", "ts":"1174943269", "pid":"1", "tid":"mom"},
{"name":"ModelAdvance", "ph":"B", "ts":"1174943424", "pid":"1", "tid":"mom"},
{"name":"ModelAdvance", "ph":"E", "ts":"1180099735", "pid":"1", "tid":"mom"},
{"name":"ModelSetRunClock", "ph":"B", "ts":"1183040843", "pid":"1", "tid":"mom"},
{"name":"ModelSetRunClock", "ph":"E", "ts":"1183041049", "pid":"1", "tid":"mom"},
{"name":"ModelAdvance", "ph":"B", "ts":"1183041231", "pid":"1", "tid":"mom"},
{"name":"ModelAdvance", "ph":"E", "ts":"1188208295", "pid":"1", "tid":"mom"},
{"name":"ModelSetRunClock", "ph":"B", "ts":"1190391636", "pid":"1", "tid":"mom"},
{"name":"ModelSetRunClock", "ph":"E", "ts":"1190391705", "pid":"1", "tid":"mom"},
{"name":"ModelAdvance", "ph":"B", "ts":"1190391875", "pid":"1", "tid":"mom"},
{"name":"ModelAdvance", "ph":"E", "ts":"1195572080", "pid":"1", "tid":"mom"},
{"name":"ModelSetRunClock", "ph":"B", "ts":"1198391004", "pid":"1", "tid":"mom"},
{"name":"ModelSetRunClock", "ph":"E", "ts":"1198391092", "pid":"1", "tid":"mom"},
{"name":"ModelAdvance", "ph":"B", "ts":"1198391306", "pid":"1", "tid":"mom"},
{"name":"ModelAdvance", "ph":"E", "ts":"1203636431", "pid":"1", "tid":"mom"},
{"name":"ModelSetRunClock", "ph":"B", "ts":"1205881780", "pid":"1", "tid":"mom"},
{"name":"ModelSetRunClock", "ph":"E", "ts":"1205881976", "pid":"1", "tid":"mom"},
{"name":"ModelAdvance", "ph":"B", "ts":"1205882146", "pid":"1", "tid":"mom"},
{"name":"ModelAdvance", "ph":"E", "ts":"1211072649", "pid":"1", "tid":"mom"},
{"name":"ModelSetRunClock", "ph":"B", "ts":"1213968911", "pid":"1", "tid":"mom"},
{"name":"ModelSetRunClock", "ph":"E", "ts":"1213969110", "pid":"1", "tid":"mom"},
{"name":"ModelAdvance", "ph":"B", "ts":"1213969315", "pid":"1", "tid":"mom"},
{"name":"ModelAdvance", "ph":"E", "ts":"1219171234", "pid":"1", "tid":"mom"},
{"name":"ModelSetRunClock", "ph":"B", "ts":"1221490291", "pid":"1", "tid":"mom"},
{"name":"ModelSetRunClock", "ph":"E", "ts":"1221490364", "pid":"1", "tid":"mom"},
{"name":"ModelAdvance", "ph":"B", "ts":"1221490537", "pid":"1", "tid":"mom"},
{"name":"ModelAdvance", "ph":"E", "ts":"1226694631", "pid":"1", "tid":"mom"},
{"name":"ModelSetRunClock", "ph":"B", "ts":"1230173392", "pid":"1", "tid":"mom"},
{"name":"ModelSetRunClock", "ph":"E", "ts":"1230173497", "pid":"1", "tid":"mom"},
{"name":"ModelAdvance", "ph":"B", "ts":"1230173690", "pid":"1", "tid":"mom"},
{"name":"ModelAdvance", "ph":"E", "ts":"1235380056", "pid":"1", "tid":"mom"},
{"name":"ModelSetRunClock", "ph":"B", "ts":"1238186891", "pid":"1", "tid":"mom"},
{"name":"ModelSetRunClock", "ph":"E", "ts":"1238186966", "pid":"1", "tid":"mom"},
{"name":"ModelAdvance", "ph":"B", "ts":"1238187133", "pid":"1", "tid":"mom"},
{"name":"ModelAdvance", "ph":"E", "ts":"1243381043", "pid":"1", "tid":"mom"},
{"name":"ModelSetRunClock", "ph":"B", "ts":"1246931309", "pid":"1", "tid":"mom"},
{"name":"ModelSetRunClock", "ph":"E", "ts":"1246931523", "pid":"1", "tid":"mom"},
{"name":"ModelAdvance", "ph":"B", "ts":"1246931692", "pid":"1", "tid":"mom"},
{"name":"ModelAdvance", "ph":"E", "ts":"1252168377", "pid":"1", "tid":"mom"},
{"name":"ModelSetRunClock", "ph":"B", "ts":"1254928650", "pid":"1", "tid":"mom"},
{"name":"ModelSetRunClock", "ph":"E", "ts":"1254928707", "pid":"1", "tid":"mom"},
{"name":"ModelAdvance", "ph":"B", "ts":"1254928883", "pid":"1", "tid":"mom"},
{"name":"ModelAdvance", "ph":"E", "ts":"1260090652", "pid":"1", "tid":"mom"},
{"name":"ModelSetRunClock", "ph":"B", "ts":"1277553738", "pid":"1", "tid":"mom"},
{"name":"ModelSetRunClock", "ph":"E", "ts":"1277553945", "pid":"1", "tid":"mom"},
{"name":"ModelAdvance", "ph":"B", "ts":"1277554104", "pid":"1", "tid":"mom"},
{"name":"ModelAdvance", "ph":"E", "ts":"1282720780", "pid":"1", "tid":"mom"},
{"name":"ModelSetRunClock", "ph":"B", "ts":"1285247808", "pid":"1", "tid":"mom"},
{"name":"ModelSetRunClock", "ph":"E", "ts":"1285247874", "pid":"1", "tid":"mom"},
{"name":"ModelAdvance", "ph":"B", "ts":"1285248050", "pid":"1", "tid":"mom"},
{"name":"ModelAdvance", "ph":"E", "ts":"1290385024", "pid":"1", "tid":"mom"},
{"name":"ModelSetRunClock", "ph":"B", "ts":"1293528210", "pid":"1", "tid":"mom"},
{"name":"ModelSetRunClock", "ph":"E", "ts":"1293528273", "pid":"1", "tid":"mom"},
{"name":"ModelAdvance", "ph":"B", "ts":"1293528437", "pid":"1", "tid":"mom"},
{"name":"ModelAdvance", "ph":"E", "ts":"1298663965", "pid":"1", "tid":"mom"},
{"name":"ModelSetRunClock", "ph":"B", "ts":"1300974346", "pid":"1", "tid":"mom"},
{"name":"ModelSetRunClock", "ph":"E", "ts":"1300974412", "pid":"1", "tid":"mom"},
{"name":"ModelAdvance", "ph":"B", "ts":"1300974583", "pid":"1", "tid":"mom"},
{"name":"ModelAdvance", "ph":"E", "ts":"1306132413", "pid":"1", "tid":"mom"},
{"name":"ModelSetRunClock", "ph":"B", "ts":"1309013122", "pid":"1", "tid":"mom"},
{"name":"ModelSetRunClock", "ph":"E", "ts":"1309013188", "pid":"1", "tid":"mom"},
{"name":"ModelAdvance", "ph":"B", "ts":"1309013356", "pid":"1", "tid":"mom"},
{"name":"ModelAdvance", "ph":"E", "ts":"1314257495", "pid":"1", "tid":"mom"},
{"name":"ModelSetRunClock", "ph":"B", "ts":"1316671845", "pid":"1", "tid":"mom"},
{"name":"ModelSetRunClock", "ph":"E", "ts":"1316671907", "pid":"1", "tid":"mom"},
{"name":"ModelAdvance", "ph":"B", "ts":"1316672066", "pid":"1", "tid":"mom"},
{"name":"ModelAdvance", "ph":"E", "ts":"1321847142", "pid":"1", "tid":"mom"},
{"name":"ModelSetRunClock", "ph":"B", "ts":"1324962415", "pid":"1", "tid":"mom"},
{"name":"ModelSetRunClock", "ph":"E", "ts":"1324962487", "pid":"1", "tid":"mom"},
{"name":"ModelAdvance", "ph":"B", "ts":"1324962656", "pid":"1", "tid":"mom"},
{"name":"ModelAdvance", "ph":"E", "ts":"1330135703", "pid":"1", "tid":"mom"},
{"name":"ModelSetRunClock", "ph":"B", "ts":"1333354951", "pid":"1", "tid":"mom"},
{"name":"ModelSetRunClock", "ph":"E", "ts":"1333355021", "pid":"1", "tid":"mom"},
{"name":"ModelAdvance", "ph":"B", "ts":"1333355181", "pid":"1", "tid":"mom"},
{"name":"ModelAdvance", "ph":"E", "ts":"1338538052", "pid":"1", "tid":"mom"},
{"name":"ModelSetRunClock", "ph":"B", "ts":"1341510037", "pid":"1", "tid":"mom"},
{"name":"ModelSetRunClock", "ph":"E", "ts":"1341510108", "pid":"1", "tid":"mom"},
{"name":"ModelAdvance", "ph":"B", "ts":"1341510309", "pid":"1", "tid":"mom"},
{"name":"ModelAdvance", "ph":"E", "ts":"1346713424", "pid":"1", "tid":"mom"},
{"name":"ModelSetRunClock", "ph":"B", "ts":"1349543860", "pid":"1", "tid":"mom"},
{"name":"ModelSetRunClock", "ph":"E", "ts":"1349543937", "pid":"1", "tid":"mom"},
{"name":"ModelAdvance", "ph":"B", "ts":"1349544149", "pid":"1", "tid":"mom"},
{"name":"ModelAdvance", "ph":"E", "ts":"1354732545", "pid":"1", "tid":"mom"},
{"name":"ModelSetRunClock", "ph":"B", "ts":"1357674125", "pid":"1", "tid":"mom"},
{"name":"ModelSetRunClock", "ph":"E", "ts":"1357674226", "pid":"1", "tid":"mom"},
{"name":"ModelAdvance", "ph":"B", "ts":"1357674448", "pid":"1", "tid":"mom"},
{"name":"ModelAdvance", "ph":"E", "ts":"1362923055", "pid":"1", "tid":"mom"},
{"name":"ModelSetRunClock", "ph":"B", "ts":"1365434467", "pid":"1", "tid":"mom"},
{"name":"ModelSetRunClock", "ph":"E", "ts":"1365434540", "pid":"1", "tid":"mom"},
{"name":"ModelAdvance", "ph":"B", "ts":"1365434722", "pid":"1", "tid":"mom"},
{"name":"ModelAdvance", "ph":"E", "ts":"1370609835", "pid":"1", "tid":"mom"},
{"name":"ModelSetRunClock", "ph":"B", "ts":"1373638192", "pid":"1", "tid":"mom"},
{"name":"ModelSetRunClock", "ph":"E", "ts":"1373638273", "pid":"1", "tid":"mom"},
{"name":"ModelAdvance", "ph":"B", "ts":"1373638450", "pid":"1", "tid":"mom"},
{"name":"ModelAdvance", "ph":"E", "ts":"1378815815", "pid":"1", "tid":"mom"},
{"name":"ModelSetRunClock", "ph":"B", "ts":"1381152697", "pid":"1", "tid":"mom"},
{"name":"ModelSetRunClock", "ph":"E", "ts":"1381152773", "pid":"1", "tid":"mom"},
{"name":"ModelAdvance", "ph":"B", "ts":"1381153000", "pid":"1", "tid":"mom"},
{"name":"ModelAdvance", "ph":"E", "ts":"1386323359", "pid":"1", "tid":"mom"},
{"name":"ModelSetRunClock", "ph":"B", "ts":"1389184431", "pid":"1", "tid":"mom"},
{"name":"ModelSetRunClock", "ph":"E", "ts":"1389184531", "pid":"1", "tid":"mom"},
{"name":"ModelAdvance", "ph":"B", "ts":"1389184772", "pid":"1", "tid":"mom"},
{"name":"ModelAdvance", "ph":"E", "ts":"1394341802", "pid":"1", "tid":"mom"},
{"name":"ModelSetRunClock", "ph":"B", "ts":"1396552719", "pid":"1", "tid":"mom"},
{"name":"ModelSetRunClock", "ph":"E", "ts":"1396552796", "pid":"1", "tid":"mom"},
{"name":"ModelAdvance", "ph":"B", "ts":"1396552986", "pid":"1", "tid":"mom"},
{"name":"ModelAdvance", "ph":"E", "ts":"1401684033", "pid":"1", "tid":"mom"},
{"name":"ModelSetRunClock", "ph":"B", "ts":"1404560431", "pid":"1", "tid":"mom"},
{"name":"ModelSetRunClock", "ph":"E", "ts":"1404560514", "pid":"1", "tid":"mom"},
{"name":"ModelAdvance", "ph":"B", "ts":"1404560719", "pid":"1", "tid":"mom"},
{"name":"ModelAdvance", "ph":"E", "ts":"1409772056", "pid":"1", "tid":"mom"},
{"name":"ModelSetRunClock", "ph":"B", "ts":"1411973005", "pid":"1", "tid":"mom"},
{"name":"ModelSetRunClock", "ph":"E", "ts":"1411973079", "pid":"1", "tid":"mom"},
{"name":"ModelAdvance", "ph":"B", "ts":"1411973265", "pid":"1", "tid":"mom"},
{"name":"ModelAdvance", "ph":"E", "ts":"1417130242", "pid":"1", "tid":"mom"},
{"name":"ModelSetRunClock", "ph":"B", "ts":"1420137471", "pid":"1", "tid":"mom"},
{"name":"ModelSetRunClock", "ph":"E", "ts":"1420137543", "pid":"1", "tid":"mom"},
{"name":"ModelAdvance", "ph":"B", "ts":"1420137722", "pid":"1", "tid":"mom"},
{"name":"ModelAdvance", "ph":"E", "ts":"1425306463", "pid":"1", "tid":"mom"},
{"name":"ModelSetRunClock", "ph":"B", "ts":"1427579584", "pid":"1", "tid":"mom"},
{"name":"ModelSetRunClock", "ph":"E", "ts":"1427579651", "pid":"1", "tid":"mom"},
{"name":"ModelAdvance", "ph":"B", "ts":"1427579808", "pid":"1", "tid":"mom"},
{"name":"ModelAdvance", "ph":"E", "ts":"1432750031", "pid":"1", "tid":"mom"},
{"name":"ModelSetRunClock", "ph":"B", "ts":"1435678284", "pid":"1", "tid":"mom"},
{"name":"ModelSetRunClock", "ph":"E", "ts":"1435678377", "pid":"1", "tid":"mom"},
{"name":"ModelAdvance", "ph":"B", "ts":"1435678576", "pid":"1", "tid":"mom"},
{"name":"ModelAdvance", "ph":"E", "ts":"1440841124", "pid":"1", "tid":"mom"},
{"name":"ModelSetRunClock", "ph":"B", "ts":"1443286001", "pid":"1", "tid":"mom"},
{"name":"ModelSetRunClock", "ph":"E", "ts":"1443286053", "pid":"1", "tid":"mom"},
{"name":"ModelAdvance", "ph":"B", "ts":"1443286238", "pid":"1", "tid":"mom"},
{"name":"ModelAdvance", "ph":"E", "ts":"1448455194", "pid":"1", "tid":"mom"},
{"name":"ModelSetRunClock", "ph":"B", "ts":"1452018985", "pid":"1", "tid":"mom"},
{"name":"ModelSetRunClock", "ph":"E", "ts":"1452019053", "pid":"1", "tid":"mom"},
{"name":"ModelAdvance", "ph":"B", "ts":"1452019222", "pid":"1", "tid":"mom"},
{"name":"ModelAdvance", "ph":"E", "ts":"1457254039", "pid":"1", "tid":"mom"},
{"name":"ModelSetRunClock", "ph":"B", "ts":"1459492157", "pid":"1", "tid":"mom"},
{"name":"ModelSetRunClock", "ph":"E", "ts":"1459492343", "pid":"1", "tid":"mom"},
{"name":"ModelAdvance", "ph":"B", "ts":"1459492514", "pid":"1", "tid":"mom"},
{"name":"ModelAdvance", "ph":"E", "ts":"1464665093", "pid":"1", "tid":"mom"},
{"name":"ModelSetRunClock", "ph":"B", "ts":"1467702157", "pid":"1", "tid":"mom"},
{"name":"ModelSetRunClock", "ph":"E", "ts":"1467702250", "pid":"1", "tid":"mom"},
{"name":"ModelAdvance", "ph":"B", "ts":"1467702455", "pid":"1", "tid":"mom"},
{"name":"ModelAdvance", "ph":"E", "ts":"1472864500", "pid":"1", "tid":"mom"},
{"name":"ModelSetRunClock", "ph":"B", "ts":"1475125927", "pid":"1", "tid":"mom"},
{"name":"ModelSetRunClock", "ph":"E", "ts":"1475126004", "pid":"1", "tid":"mom"},
{"name":"ModelAdvance", "ph":"B", "ts":"1475126198", "pid":"1", "tid":"mom"},
{"name":"ModelAdvance", "ph":"E", "ts":"1480317738", "pid":"1", "tid":"mom"},
{"name":"ModelSetRunClock", "ph":"B", "ts":"1483182612", "pid":"1", "tid":"mom"},
{"name":"ModelSetRunClock", "ph":"E", "ts":"1483182680", "pid":"1", "tid":"mom"},
{"name":"ModelAdvance", "ph":"B", "ts":"1483182848", "pid":"1", "tid":"mom"},
{"name":"ModelAdvance", "ph":"E", "ts":"1488368760", "pid":"1", "tid":"mom"},
{"name":"ModelSetRunClock", "ph":"B", "ts":"1490561882", "pid":"1", "tid":"mom"},
{"name":"ModelSetRunClock", "ph":"E", "ts":"1490562082", "pid":"1", "tid":"mom"},
{"name":"ModelAdvance", "ph":"B", "ts":"1490562281", "pid":"1", "tid":"mom"},
{"name":"ModelAdvance", "ph":"E", "ts":"1495768097", "pid":"1", "tid":"mom"},
{"name":"ModelSetRunClock", "ph":"B", "ts":"1498705970", "pid":"1", "tid":"mom"},
{"name":"ModelSetRunClock", "ph":"E", "ts":"1498706022", "pid":"1", "tid":"mom"},
{"name":"ModelAdvance", "ph":"B", "ts":"1498706202", "pid":"1", "tid":"mom"},
{"name":"ModelAdvance", "ph":"E", "ts":"1503968234", "pid":"1", "tid":"mom"},
{"name":"ModelSetRunClock", "ph":"B", "ts":"1508481773", "pid":"1", "tid":"mom"},
{"name":"ModelSetRunClock", "ph":"E", "ts":"1508481839", "pid":"1", "tid":"mom"},
{"name":"ModelAdvance", "ph":"B", "ts":"1508481992", "pid":"1", "tid":"mom"},
{"name":"ModelAdvance", "ph":"E", "ts":"1513664204", "pid":"1", "tid":"mom"},
{"name":"ModelSetRunClock", "ph":"B", "ts":"1516444630", "pid":"1", "tid":"mom"},
{"name":"ModelSetRunClock", "ph":"E", "ts":"1516444698", "pid":"1", "tid":"mom"},
{"name":"ModelAdvance", "ph":"B", "ts":"1516444862", "pid":"1", "tid":"mom"},
{"name":"ModelAdvance", "ph":"E", "ts":"1521624074", "pid":"1", "tid":"mom"},
{"name":"ModelSetRunClock", "ph":"B", "ts":"1523759870", "pid":"1", "tid":"mom"},
{"name":"ModelSetRunClock", "ph":"E", "ts":"1523759932", "pid":"1", "tid":"mom"},
{"name":"ModelAdvance", "ph":"B", "ts":"1523760205", "pid":"1", "tid":"mom"},
{"name":"ModelAdvance", "ph":"E", "ts":"1528933303", "pid":"1", "tid":"mom"},
{"name":"ModelSetRunClock", "ph":"B", "ts":"1531825663", "pid":"1", "tid":"mom"},
{"name":"ModelSetRunClock", "ph":"E", "ts":"1531825750", "pid":"1", "tid":"mom"},
{"name":"ModelAdvance", "ph":"B", "ts":"1531825973", "pid":"1", "tid":"mom"},
{"name":"ModelAdvance", "ph":"E", "ts":"1536996665", "pid":"1", "tid":"mom"},
{"name":"ModelSetRunClock", "ph":"B", "ts":"1539323936", "pid":"1", "tid":"mom"},
{"name":"ModelSetRunClock", "ph":"E", "ts":"1539324032", "pid":"1", "tid":"mom"},
{"name":"ModelAdvance", "ph":"B", "ts":"1539324256", "pid":"1", "tid":"mom"},
{"name":"ModelAdvance", "ph":"E", "ts":"1544486503", "pid":"1", "tid":"mom"},
{"name":"ModelSetRunClock", "ph":"B", "ts":"1547604250", "pid":"1", "tid":"mom"},
{"name":"ModelSetRunClock", "ph":"E", "ts":"1547604329", "pid":"1", "tid":"mom"},
{"name":"ModelAdvance", "ph":"B", "ts":"1547604530", "pid":"1", "tid":"mom"},
{"name":"ModelAdvance", "ph":"E", "ts":"1552829379", "pid":"1", "tid":"mom"},
{"name":"ModelSetRunClock", "ph":"B", "ts":"1555184851", "pid":"1", "tid":"mom"},
{"name":"ModelSetRunClock", "ph":"E", "ts":"1555184965", "pid":"1", "tid":"mom"},
{"name":"ModelAdvance", "ph":"B", "ts":"1555185159", "pid":"1", "tid":"mom"},
{"name":"ModelAdvance", "ph":"E", "ts":"1560338465", "pid":"1", "tid":"mom"},
{"name":"ModelSetRunClock", "ph":"B", "ts":"1563296798", "pid":"1", "tid":"mom"},
{"name":"ModelSetRunClock", "ph":"E", "ts":"1563296870", "pid":"1", "tid":"mom"},
{"name":"ModelAdvance", "ph":"B", "ts":"1563297042", "pid":"1", "tid":"mom"},
{"name":"ModelAdvance", "ph":"E", "ts":"1568459243", "pid":"1", "tid":"mom"},
{"name":"ModelSetRunClock", "ph":"B", "ts":"1570972363", "pid":"1", "tid":"mom"},
{"name":"ModelSetRunClock", "ph":"E", "ts":"1570972437", "pid":"1", "tid":"mom"},
{"name":"ModelAdvance", "ph":"B", "ts":"1570972606", "pid":"1", "tid":"mom"},
{"name":"ModelAdvance", "ph":"E", "ts":"1576137166", "pid":"1", "tid":"mom"},
{"name":"ModelSetRunClock", "ph":"B", "ts":"1581181782", "pid":"1", "tid":"mom"},
{"name":"ModelSetRunClock", "ph":"E", "ts":"1581181854", "pid":"1", "tid":"mom"},
{"name":"ModelAdvance", "ph":"B", "ts":"1581182018", "pid":"1", "tid":"mom"},
{"name":"ModelAdvance", "ph":"E", "ts":"1586362726", "pid":"1", "tid":"mom"},
{"name":"ModelSetRunClock", "ph":"B", "ts":"1588503755", "pid":"1", "tid":"mom"},
{"name":"ModelSetRunClock", "ph":"E", "ts":"1588503827", "pid":"1", "tid":"mom"},
{"name":"ModelAdvance", "ph":"B", "ts":"1588503996", "pid":"1", "tid":"mom"},
{"name":"ModelAdvance", "ph":"E", "ts":"1593683314", "pid":"1", "tid":"mom"},
{"name":"ModelSetRunClock", "ph":"B", "ts":"1596729398", "pid":"1", "tid":"mom"},
{"name":"ModelSetRunClock", "ph":"E", "ts":"1596729463", "pid":"1", "tid":"mom"},
{"name":"ModelAdvance", "ph":"B", "ts":"1596729634", "pid":"1", "tid":"mom"},
{"name":"ModelAdvance", "ph":"E", "ts":"1601988642", "pid":"1", "tid":"mom"},
{"name":"ModelSetRunClock", "ph":"B", "ts":"1605297136", "pid":"1", "tid":"mom"},
{"name":"ModelSetRunClock", "ph":"E", "ts":"1605297206", "pid":"1", "tid":"mom"},
{"name":"ModelAdvance", "ph":"B", "ts":"1605297381", "pid":"1", "tid":"mom"},
{"name":"ModelAdvance", "ph":"E", "ts":"1610465444", "pid":"1", "tid":"mom"},
{"name":"ModelSetRunClock", "ph":"B", "ts":"1613351217", "pid":"1", "tid":"mom"},
{"name":"ModelSetRunClock", "ph":"E", "ts":"1613351286", "pid":"1", "tid":"mom"},
{"name":"ModelAdvance", "ph":"B", "ts":"1613351459", "pid":"1", "tid":"mom"},
{"name":"ModelAdvance", "ph":"E", "ts":"1618518705", "pid":"1", "tid":"mom"},
{"name":"ModelSetRunClock", "ph":"B", "ts":"1620727759", "pid":"1", "tid":"mom"},
{"name":"ModelSetRunClock", "ph":"E", "ts":"1620727829", "pid":"1", "tid":"mom"},
{"name":"ModelAdvance", "ph":"B", "ts":"1620727991", "pid":"1", "tid":"mom"},
{"name":"ModelAdvance", "ph":"E", "ts":"1625903194", "pid":"1", "tid":"mom"},
{"name":"ModelSetRunClock", "ph":"B", "ts":"1628800873", "pid":"1", "tid":"mom"},
{"name":"ModelSetRunClock", "ph":"E", "ts":"1628801082", "pid":"1", "tid":"mom"},
{"name":"ModelAdvance", "ph":"B", "ts":"1628801252", "pid":"1", "tid":"mom"},
{"name":"ModelAdvance", "ph":"E", "ts":"1633967063", "pid":"1", "tid":"mom"},
{"name":"ModelSetRunClock", "ph":"B", "ts":"1636511132", "pid":"1", "tid":"mom"},
{"name":"ModelSetRunClock", "ph":"E", "ts":"1636511220", "pid":"1", "tid":"mom"},
{"name":"ModelAdvance", "ph":"B", "ts":"1636511396", "pid":"1", "tid":"mom"},
{"name":"ModelAdvance", "ph":"E", "ts":"1641655436", "pid":"1", "tid":"mom"},
{"name":"ModelSetRunClock", "ph":"B", "ts":"1644645808", "pid":"1", "tid":"mom"},
{"name":"ModelSetRunClock", "ph":"E", "ts":"1644645900", "pid":"1", "tid":"mom"},
{"name":"ModelAdvance", "ph":"B", "ts":"1644646093", "pid":"1", "tid":"mom"},
{"name":"ModelAdvance", "ph":"E", "ts":"1649873786", "pid":"1", "tid":"mom"},
{"name":"ModelFinalize", "ph":"B", "ts":"1649879933", "pid":"1", "tid":"mom"},
{"name":"ModelFinalize", "ph":"E", "ts":"1649974781", "pid":"1", "tid":"mom"},
