{"name":"SetServices", "ph":"B", "ts":"538612840", "pid":"1", "tid":"wave"},
{"name":"SetServices", "ph":"E", "ts":"538614566", "pid":"1", "tid":"wave"},
{"name":"InitializeP0", "ph":"B", "ts":"538618476", "pid":"1", "tid":"wave"},
{"name":"InitializeP0", "ph":"E", "ts":"538618563", "pid":"1", "tid":"wave"},
{"name":"InitializeAdvertise", "ph":"B", "ts":"562782716", "pid":"1", "tid":"wave"},
{"name":"InitializeAdvertise", "ph":"E", "ts":"660449936", "pid":"1", "tid":"wave"},
{"name":"InitializeRealize", "ph":"B", "ts":"798990661", "pid":"1", "tid":"wave"},
{"name":"InitializeRealize", "ph":"E", "ts":"812180282", "pid":"1", "tid":"wave"},
{"name":"DataInitialize", "ph":"B", "ts":"839947954", "pid":"1", "tid":"wave"},
{"name":"DataInitialize", "ph":"E", "ts":"839951882", "pid":"1", "tid":"wave"},
{"name":"ModelSetRunClock", "ph":"B", "ts":"889832474", "pid":"1", "tid":"wave"},
{"name":"ModelSetRunClock", "ph":"E", "ts":"889843731", "pid":"1", "tid":"wave"},
{"name":"ModelAdvance", "ph":"B", "ts":"889843829", "pid":"1", "tid":"wave"},
{"name":"ModelAdvance", "ph":"E", "ts":"901355320", "pid":"1", "tid":"wave"},
{"name":"ModelSetRunClock", "ph":"B", "ts":"902729154", "pid":"1", "tid":"wave"},
{"name":"ModelSetRunClock", "ph":"E", "ts":"902729193", "pid":"1", "tid":"wave"},
{"name":"ModelAdvance", "ph":"B", "ts":"902729275", "pid":"1", "tid":"wave"},
{"name":"ModelAdvance", "ph":"E", "ts":"908365177", "pid":"1", "tid":"wave"},
{"name":"ModelSetRunClock", "ph":"B", "ts":"910240272", "pid":"1", "tid":"wave"},
{"name":"ModelSetRunClock", "ph":"E", "ts":"910240320", "pid":"1", "tid":"wave"},
{"name":"ModelAdvance", "ph":"B", "ts":"910240404", "pid":"1", "tid":"wave"},
{"name":"ModelAdvance", "ph":"E", "ts":"915706837", "pid":"1", "tid":"wave"},
{"name":"ModelSetRunClock", "ph":"B", "ts":"918348883", "pid":"1", "tid":"wave"},
{"name":"ModelSetRunClock", "ph":"E", "ts":"918348925", "pid":"1", "tid":"wave"},
{"name":"ModelAdvance", "ph":"B", "ts":"918349001", "pid":"1", "tid":"wave"},
{"name":"ModelAdvance", "ph":"E", "ts":"923848250", "pid":"1", "tid":"wave"},
{"name":"ModelSetRunClock", "ph":"B", "ts":"925848928", "pid":"1", "tid":"wave"},
{"name":"ModelSetRunClock", "ph":"E", "ts":"925848973", "pid":"1", "tid":"wave"},
{"name":"ModelAdvance", "ph":"B", "ts":"925849057", "pid":"1", "tid":"wave"},
{"name":"ModelAdvance", "ph":"E", "ts":"931349723", "pid":"1", "tid":"wave"},
{"name":"ModelSetRunClock", "ph":"B", "ts":"934020609", "pid":"1", "tid":"wave"},
{"name":"ModelSetRunClock", "ph":"E", "ts":"934020650", "pid":"1", "tid":"wave"},
{"name":"ModelAdvance", "ph":"B", "ts":"934020733", "pid":"1", "tid":"wave"},
{"name":"ModelAdvance", "ph":"E", "ts":"939736466", "pid":"1", "tid":"wave"},
{"name":"ModelSetRunClock", "ph":"B", "ts":"959758575", "pid":"1", "tid":"wave"},
{"name":"ModelSetRunClock", "ph":"E", "ts":"959758764", "pid":"1", "tid":"wave"},
{"name":"ModelAdvance", "ph":"B", "ts":"959758895", "pid":"1", "tid":"wave"},
{"name":"ModelAdvance", "ph":"E", "ts":"965251541", "pid":"1", "tid":"wave"},
{"name":"ModelSetRunClock", "ph":"B", "ts":"968021077", "pid":"1", "tid":"wave"},
{"name":"ModelSetRunClock", "ph":"E", "ts":"968021115", "pid":"1", "tid":"wave"},
{"name":"ModelAdvance", "ph":"B", "ts":"968021205", "pid":"1", "tid":"wave"},
{"name":"ModelAdvance", "ph":"E", "ts":"973571423", "pid":"1", "tid":"wave"},
{"name":"ModelSetRunClock", "ph":"B", "ts":"975862266", "pid":"1", "tid":"wave"},
{"name":"ModelSetRunClock", "ph":"E", "ts":"975862297", "pid":"1", "tid":"wave"},
{"name":"ModelAdvance", "ph":"B", "ts":"975862376", "pid":"1", "tid":"wave"},
{"name":"ModelAdvance", "ph":"E", "ts":"981416556", "pid":"1", "tid":"wave"},
{"name":"ModelSetRunClock", "ph":"B", "ts":"984427243", "pid":"1", "tid":"wave"},
{"name":"ModelSetRunClock", "ph":"E", "ts":"984427395", "pid":"1", "tid":"wave"},
{"name":"ModelAdvance", "ph":"B", "ts":"984427470", "pid":"1", "tid":"wave"},
{"name":"ModelAdvance", "ph":"E", "ts":"990009360", "pid":"1", "tid":"wave"},
{"name":"ModelSetRunClock", "ph":"B", "ts":"992107139", "pid":"1", "tid":"wave"},
{"name":"ModelSetRunClock", "ph":"E", "ts":"992107171", "pid":"1", "tid":"wave"},
{"name":"ModelAdvance", "ph":"B", "ts":"992107590", "pid":"1", "tid":"wave"},
{"name":"ModelAdvance", "ph":"E", "ts":"997648165", "pid":"1", "tid":"wave"},
{"name":"ModelSetRunClock", "ph":"B", "ts":"1000598807", "pid":"1", "tid":"wave"},
{"name":"ModelSetRunClock", "ph":"E", "ts":"1000598844", "pid":"1", "tid":"wave"},
{"name":"ModelAdvance", "ph":"B", "ts":"1000598929", "pid":"1", "tid":"wave"},
{"name":"ModelAdvance", "ph":"E", "ts":"1006138579", "pid":"1", "tid":"wave"},
{"name":"ModelSetRunClock", "ph":"B", "ts":"1008368524", "pid":"1", "tid":"wave"},
{"name":"ModelSetRunClock", "ph":"E", "ts":"1008368557", "pid":"1", "tid":"wave"},
{"name":"ModelAdvance", "ph":"B", "ts":"1008368644", "pid":"1", "tid":"wave"},
{"name":"ModelAdvance", "ph":"E", "ts":"1013855290", "pid":"1", "tid":"wave"},
{"name":"ModelSetRunClock", "ph":"B", "ts":"1018194100", "pid":"1", "tid":"wave"},
{"name":"ModelSetRunClock", "ph":"E", "ts":"1018194250", "pid":"1", "tid":"wave"},
{"name":"ModelAdvance", "ph":"B", "ts":"1018194334", "pid":"1", "tid":"wave"},
{"name":"ModelAdvance", "ph":"E", "ts":"1023675914", "pid":"1", "tid":"wave"},
{"name":"ModelSetRunClock", "ph":"B", "ts":"1025762060", "pid":"1", "tid":"wave"},
{"name":"ModelSetRunClock", "ph":"E", "ts":"1025762093", "pid":"1", "tid":"wave"},
{"name":"ModelAdvance", "ph":"B", "ts":"1025762185", "pid":"1", "tid":"wave"},
{"name":"ModelAdvance", "ph":"E", "ts":"1031205807", "pid":"1", "tid":"wave"},
{"name":"ModelSetRunClock", "ph":"B", "ts":"1034131028", "pid":"1", "tid":"wave"},
{"name":"ModelSetRunClock", "ph":"E", "ts":"1034131064", "pid":"1", "tid":"wave"},
{"name":"ModelAdvance", "ph":"B", "ts":"1034131160", "pid":"1", "tid":"wave"},
{"name":"ModelAdvance", "ph":"E", "ts":"1039610896", "pid":"1", "tid":"wave"},
{"name":"ModelSetRunClock", "ph":"B", "ts":"1042266858", "pid":"1", "tid":"wave"},
{"name":"ModelSetRunClock", "ph":"E", "ts":"1042266891", "pid":"1", "tid":"wave"},
{"name":"ModelAdvance", "ph":"B", "ts":"1042266972", "pid":"1", "tid":"wave"},
{"name":"ModelAdvance", "ph":"E", "ts":"1047626125", "pid":"1", "tid":"wave"},
{"name":"ModelSetRunClock", "ph":"B", "ts":"1051510607", "pid":"1", "tid":"wave"},
{"name":"ModelSetRunClock", "ph":"E", "ts":"1051510746", "pid":"1", "tid":"wave"},
{"name":"ModelAdvance", "ph":"B", "ts":"1051510883", "pid":"1", "tid":"wave"},
{"name":"ModelAdvance", "ph":"E", "ts":"1056803518", "pid":"1", "tid":"wave"},
{"name":"ModelSetRunClock", "ph":"B", "ts":"1059652213", "pid":"1", "tid":"wave"},
{"name":"ModelSetRunClock", "ph":"E", "ts":"1059652247", "pid":"1", "tid":"wave"},
{"name":"ModelAdvance", "ph":"B", "ts":"1059652329", "pid":"1", "tid":"wave"},
{"name":"ModelAdvance", "ph":"E", "ts":"1064969877", "pid":"1", "tid":"wave"},
{"name":"ModelSetRunClock", "ph":"B", "ts":"1068360098", "pid":"1", "tid":"wave"},
{"name":"ModelSetRunClock", "ph":"E", "ts":"1068360129", "pid":"1", "tid":"wave"},
{"name":"ModelAdvance", "ph":"B", "ts":"1068360211", "pid":"1", "tid":"wave"},
{"name":"ModelAdvance", "ph":"E", "ts":"1073642719", "pid":"1", "tid":"wave"},
{"name":"ModelSetRunClock", "ph":"B", "ts":"1076728596", "pid":"1", "tid":"wave"},
{"name":"ModelSetRunClock", "ph":"E", "ts":"1076728631", "pid":"1", "tid":"wave"},
{"name":"ModelAdvance", "ph":"B", "ts":"1076728722", "pid":"1", "tid":"wave"},
{"name":"ModelAdvance", "ph":"E", "ts":"1081968240", "pid":"1", "tid":"wave"},
{"name":"ModelSetRunClock", "ph":"B", "ts":"1085569333", "pid":"1", "tid":"wave"},
{"name":"ModelSetRunClock", "ph":"E", "ts":"1085569370", "pid":"1", "tid":"wave"},
{"name":"ModelAdvance", "ph":"B", "ts":"1085569453", "pid":"1", "tid":"wave"},
{"name":"ModelAdvance", "ph":"E", "ts":"1090828023", "pid":"1", "tid":"wave"},
{"name":"ModelSetRunClock", "ph":"B", "ts":"1093966380", "pid":"1", "tid":"wave"},
{"name":"ModelSetRunClock", "ph":"E", "ts":"1093966415", "pid":"1", "tid":"wave"},
{"name":"ModelAdvance", "ph":"B", "ts":"1093966506", "pid":"1", "tid":"wave"},
{"name":"ModelAdvance", "ph":"E", "ts":"1099255173", "pid":"1", "tid":"wave"},
{"name":"ModelSetRunClock", "ph":"B", "ts":"1102578653", "pid":"1", "tid":"wave"},
{"name":"ModelSetRunClock", "ph":"E", "ts":"1102578687", "pid":"1", "tid":"wave"},
{"name":"ModelAdvance", "ph":"B", "ts":"1102578772", "pid":"1", "tid":"wave"},
{"name":"ModelAdvance", "ph":"E", "ts":"1107842224", "pid":"1", "tid":"wave"},
{"name":"ModelSetRunClock", "ph":"B", "ts":"1111328030", "pid":"1", "tid":"wave"},
{"name":"ModelSetRunClock", "ph":"E", "ts":"1111328171", "pid":"1", "tid":"wave"},
{"name":"ModelAdvance", "ph":"B", "ts":"1111328289", "pid":"1", "tid":"wave"},
{"name":"ModelAdvance", "ph":"E", "ts":"1116614669", "pid":"1", "tid":"wave"},
{"name":"ModelSetRunClock", "ph":"B", "ts":"1119455724", "pid":"1", "tid":"wave"},
{"name":"ModelSetRunClock", "ph":"E", "ts":"1119455758", "pid":"1", "tid":"wave"},
{"name":"ModelAdvance", "ph":"B", "ts":"1119455862", "pid":"1", "tid":"wave"},
{"name":"ModelAdvance", "ph":"E", "ts":"1124752851", "pid":"1", "tid":"wave"},
{"name":"ModelSetRunClock", "ph":"B", "ts":"1126785642", "pid":"1", "tid":"wave"},
{"name":"ModelSetRunClock", "ph":"E", "ts":"1126785675", "pid":"1", "tid":"wave"},
{"name":"ModelAdvance", "ph":"B", "ts":"1126785763", "pid":"1", "tid":"wave"},
{"name":"ModelAdvance", "ph":"E", "ts":"1132093009", "pid":"1", "tid":"wave"},
{"name":"ModelSetRunClock", "ph":"B", "ts":"1134755467", "pid":"1", "tid":"wave"},
{"name":"ModelSetRunClock", "ph":"E", "ts":"1134755498", "pid":"1", "tid":"wave"},
{"name":"ModelAdvance", "ph":"B", "ts":"1134755580", "pid":"1", "tid":"wave"},
{"name":"ModelAdvance", "ph":"E", "ts":"1140043108", "pid":"1", "tid":"wave"},
{"name":"ModelSetRunClock", "ph":"B", "ts":"1143788327", "pid":"1", "tid":"wave"},
{"name":"ModelSetRunClock", "ph":"E", "ts":"1143788359", "pid":"1", "tid":"wave"},
{"name":"ModelAdvance", "ph":"B", "ts":"1143788442", "pid":"1", "tid":"wave"},
{"name":"ModelAdvance", "ph":"E", "ts":"1149080308", "pid":"1", "tid":"wave"},
{"name":"ModelSetRunClock", "ph":"B", "ts":"1151796099", "pid":"1", "tid":"wave"},
{"name":"ModelSetRunClock", "ph":"E", "ts":"1151796134", "pid":"1", "tid":"wave"},
{"name":"ModelAdvance", "ph":"B", "ts":"1151796213", "pid":"1", "tid":"wave"},
{"name":"ModelAdvance", "ph":"E", "ts":"1157107178", "pid":"1", "tid":"wave"},
{"name":"ModelSetRunClock", "ph":"B", "ts":"1159287343", "pid":"1", "tid":"wave"},
{"name":"ModelSetRunClock", "ph":"E", "ts":"1159287382", "pid":"1", "tid":"wave"},
{"name":"ModelAdvance", "ph":"B", "ts":"1159287462", "pid":"1", "tid":"wave"},
{"name":"ModelAdvance", "ph":"E", "ts":"1164580399", "pid":"1", "tid":"wave"},
{"name":"ModelSetRunClock", "ph":"B", "ts":"1167518614", "pid":"1", "tid":"wave"},
{"name":"ModelSetRunClock", "ph":"E", "ts":"1167518654", "pid":"1", "tid":"wave"},
{"name":"ModelAdvance", "ph":"B", "ts":"1167518736", "pid":"1", "tid":"wave"},
{"name":"ModelAdvance", "ph":"E", "ts":"1172840923", "pid":"1", "tid":"wave"},
{"name":"ModelSetRunClock", "ph":"B", "ts":"1174937650", "pid":"1", "tid":"wave"},
{"name":"ModelSetRunClock", "ph":"E", "ts":"1174937686", "pid":"1", "tid":"wave"},
{"name":"ModelAdvance", "ph":"B", "ts":"1174937768", "pid":"1", "tid":"wave"},
{"name":"ModelAdvance", "ph":"E", "ts":"1180259071", "pid":"1", "tid":"wave"},
{"name":"ModelSetRunClock", "ph":"B", "ts":"1183030573", "pid":"1", "tid":"wave"},
{"name":"ModelSetRunClock", "ph":"E", "ts":"1183030612", "pid":"1", "tid":"wave"},
{"name":"ModelAdvance", "ph":"B", "ts":"1183030699", "pid":"1", "tid":"wave"},
{"name":"ModelAdvance", "ph":"E", "ts":"1188354712", "pid":"1", "tid":"wave"},
{"name":"ModelSetRunClock", "ph":"B", "ts":"1190383830", "pid":"1", "tid":"wave"},
{"name":"ModelSetRunClock", "ph":"E", "ts":"1190383877", "pid":"1", "tid":"wave"},
{"name":"ModelAdvance", "ph":"B", "ts":"1190383963", "pid":"1", "tid":"wave"},
{"name":"ModelAdvance", "ph":"E", "ts":"1195720632", "pid":"1", "tid":"wave"},
{"name":"ModelSetRunClock", "ph":"B", "ts":"1198380801", "pid":"1", "tid":"wave"},
{"name":"ModelSetRunClock", "ph":"E", "ts":"1198380841", "pid":"1", "tid":"wave"},
{"name":"ModelAdvance", "ph":"B", "ts":"1198380921", "pid":"1", "tid":"wave"},
{"name":"ModelAdvance", "ph":"E", "ts":"1203767125", "pid":"1", "tid":"wave"},
{"name":"ModelSetRunClock", "ph":"B", "ts":"1205873811", "pid":"1", "tid":"wave"},
{"name":"ModelSetRunClock", "ph":"E", "ts":"1205873846", "pid":"1", "tid":"wave"},
{"name":"ModelAdvance", "ph":"B", "ts":"1205873927", "pid":"1", "tid":"wave"},
{"name":"ModelAdvance", "ph":"E", "ts":"1211234250", "pid":"1", "tid":"wave"},
{"name":"ModelSetRunClock", "ph":"B", "ts":"1213958476", "pid":"1", "tid":"wave"},
{"name":"ModelSetRunClock", "ph":"E", "ts":"1213958511", "pid":"1", "tid":"wave"},
{"name":"ModelAdvance", "ph":"B", "ts":"1213958589", "pid":"1", "tid":"wave"},
{"name":"ModelAdvance", "ph":"E", "ts":"1219318618", "pid":"1", "tid":"wave"},
{"name":"ModelSetRunClock", "ph":"B", "ts":"1221480427", "pid":"1", "tid":"wave"},
{"name":"ModelSetRunClock", "ph":"E", "ts":"1221480461", "pid":"1", "tid":"wave"},
{"name":"ModelAdvance", "ph":"B", "ts":"1221480548", "pid":"1", "tid":"wave"},
{"name":"ModelAdvance", "ph":"E", "ts":"1226769747", "pid":"1", "tid":"wave"},
{"name":"ModelSetRunClock", "ph":"B", "ts":"1230161477", "pid":"1", "tid":"wave"},
{"name":"ModelSetRunClock", "ph":"E", "ts":"1230161510", "pid":"1", "tid":"wave"},
{"name":"ModelAdvance", "ph":"B", "ts":"1230161594", "pid":"1", "tid":"wave"},
{"name":"ModelAdvance", "ph":"E", "ts":"1235436953", "pid":"1", "tid":"wave"},
{"name":"ModelSetRunClock", "ph":"B", "ts":"1238176889", "pid":"1", "tid":"wave"},
{"name":"ModelSetRunClock", "ph":"E", "ts":"1238177036", "pid":"1", "tid":"wave"},
{"name":"ModelAdvance", "ph":"B", "ts":"1238177122", "pid":"1", "tid":"wave"},
{"name":"ModelAdvance", "ph":"E", "ts":"1243463545", "pid":"1", "tid":"wave"},
{"name":"ModelSetRunClock", "ph":"B", "ts":"1246922036", "pid":"1", "tid":"wave"},
{"name":"ModelSetRunClock", "ph":"E", "ts":"1246922074", "pid":"1", "tid":"wave"},
{"name":"ModelAdvance", "ph":"B", "ts":"1246922169", "pid":"1", "tid":"wave"},
{"name":"ModelAdvance", "ph":"E", "ts":"1252226759", "pid":"1", "tid":"wave"},
{"name":"ModelSetRunClock", "ph":"B", "ts":"1254920368", "pid":"1", "tid":"wave"},
{"name":"ModelSetRunClock", "ph":"E", "ts":"1254920405", "pid":"1", "tid":"wave"},
{"name":"ModelAdvance", "ph":"B", "ts":"1254920490", "pid":"1", "tid":"wave"},
{"name":"ModelAdvance", "ph":"E", "ts":"1260254995", "pid":"1", "tid":"wave"},
{"name":"ModelSetRunClock", "ph":"B", "ts":"1277548302", "pid":"1", "tid":"wave"},
{"name":"ModelSetRunClock", "ph":"E", "ts":"1277548537", "pid":"1", "tid":"wave"},
{"name":"ModelAdvance", "ph":"B", "ts":"1277548718", "pid":"1", "tid":"wave"},
{"name":"ModelAdvance", "ph":"E", "ts":"1282901016", "pid":"1", "tid":"wave"},
{"name":"ModelSetRunClock", "ph":"B", "ts":"1285242174", "pid":"1", "tid":"wave"},
{"name":"ModelSetRunClock", "ph":"E", "ts":"1285242220", "pid":"1", "tid":"wave"},
{"name":"ModelAdvance", "ph":"B", "ts":"1285242299", "pid":"1", "tid":"wave"},
{"name":"ModelAdvance", "ph":"E", "ts":"1290615293", "pid":"1", "tid":"wave"},
{"name":"ModelSetRunClock", "ph":"B", "ts":"1293518356", "pid":"1", "tid":"wave"},
{"name":"ModelSetRunClock", "ph":"E", "ts":"1293518396", "pid":"1", "tid":"wave"},
{"name":"ModelAdvance", "ph":"B", "ts":"1293518479", "pid":"1", "tid":"wave"},
{"name":"ModelAdvance", "ph":"E", "ts":"1298818913", "pid":"1", "tid":"wave"},
{"name":"ModelSetRunClock", "ph":"B", "ts":"1300967234", "pid":"1", "tid":"wave"},
{"name":"ModelSetRunClock", "ph":"E", "ts":"1300967268", "pid":"1", "tid":"wave"},
{"name":"ModelAdvance", "ph":"B", "ts":"1300967357", "pid":"1", "tid":"wave"},
{"name":"ModelAdvance", "ph":"E", "ts":"1306215392", "pid":"1", "tid":"wave"},
{"name":"ModelSetRunClock", "ph":"B", "ts":"1309003412", "pid":"1", "tid":"wave"},
{"name":"ModelSetRunClock", "ph":"E", "ts":"1309003448", "pid":"1", "tid":"wave"},
{"name":"ModelAdvance", "ph":"B", "ts":"1309003529", "pid":"1", "tid":"wave"},
{"name":"ModelAdvance", "ph":"E", "ts":"1314221921", "pid":"1", "tid":"wave"},
{"name":"ModelSetRunClock", "ph":"B", "ts":"1316662184", "pid":"1", "tid":"wave"},
{"name":"ModelSetRunClock", "ph":"E", "ts":"1316662266", "pid":"1", "tid":"wave"},
{"name":"ModelAdvance", "ph":"B", "ts":"1316662345", "pid":"1", "tid":"wave"},
{"name":"ModelAdvance", "ph":"E", "ts":"1321893924", "pid":"1", "tid":"wave"},
{"name":"ModelSetRunClock", "ph":"B", "ts":"1324953986", "pid":"1", "tid":"wave"},
{"name":"ModelSetRunClock", "ph":"E", "ts":"1324954029", "pid":"1", "tid":"wave"},
{"name":"ModelAdvance", "ph":"B", "ts":"1324954112", "pid":"1", "tid":"wave"},
{"name":"ModelAdvance", "ph":"E", "ts":"1330211170", "pid":"1", "tid":"wave"},
{"name":"ModelSetRunClock", "ph":"B", "ts":"1333345983", "pid":"1", "tid":"wave"},
{"name":"ModelSetRunClock", "ph":"E", "ts":"1333346022", "pid":"1", "tid":"wave"},
{"name":"ModelAdvance", "ph":"B", "ts":"1333346118", "pid":"1", "tid":"wave"},
{"name":"ModelAdvance", "ph":"E", "ts":"1338610583", "pid":"1", "tid":"wave"},
{"name":"ModelSetRunClock", "ph":"B", "ts":"1341501402", "pid":"1", "tid":"wave"},
{"name":"ModelSetRunClock", "ph":"E", "ts":"1341501493", "pid":"1", "tid":"wave"},
{"name":"ModelAdvance", "ph":"B", "ts":"1341501566", "pid":"1", "tid":"wave"},
{"name":"ModelAdvance", "ph":"E", "ts":"1346779543", "pid":"1", "tid":"wave"},
{"name":"ModelSetRunClock", "ph":"B", "ts":"1349539298", "pid":"1", "tid":"wave"},
{"name":"ModelSetRunClock", "ph":"E", "ts":"1349539339", "pid":"1", "tid":"wave"},
{"name":"ModelAdvance", "ph":"B", "ts":"1349539437", "pid":"1", "tid":"wave"},
{"name":"ModelAdvance", "ph":"E", "ts":"1354780092", "pid":"1", "tid":"wave"},
{"name":"ModelSetRunClock", "ph":"B", "ts":"1357663756", "pid":"1", "tid":"wave"},
{"name":"ModelSetRunClock", "ph":"E", "ts":"1357663795", "pid":"1", "tid":"wave"},
{"name":"ModelAdvance", "ph":"B", "ts":"1357663888", "pid":"1", "tid":"wave"},
{"name":"ModelAdvance", "ph":"E", "ts":"1362871451", "pid":"1", "tid":"wave"},
{"name":"ModelSetRunClock", "ph":"B", "ts":"1365424053", "pid":"1", "tid":"wave"},
{"name":"ModelSetRunClock", "ph":"E", "ts":"1365424108", "pid":"1", "tid":"wave"},
{"name":"ModelAdvance", "ph":"B", "ts":"1365424194", "pid":"1", "tid":"wave"},
{"name":"ModelAdvance", "ph":"E", "ts":"1370619958", "pid":"1", "tid":"wave"},
{"name":"ModelSetRunClock", "ph":"B", "ts":"1373629515", "pid":"1", "tid":"wave"},
{"name":"ModelSetRunClock", "ph":"E", "ts":"1373629553", "pid":"1", "tid":"wave"},
{"name":"ModelAdvance", "ph":"B", "ts":"1373629643", "pid":"1", "tid":"wave"},
{"name":"ModelAdvance", "ph":"E", "ts":"1378784212", "pid":"1", "tid":"wave"},
{"name":"ModelSetRunClock", "ph":"B", "ts":"1381143200", "pid":"1", "tid":"wave"},
{"name":"ModelSetRunClock", "ph":"E", "ts":"1381143234", "pid":"1", "tid":"wave"},
{"name":"ModelAdvance", "ph":"B", "ts":"1381143315", "pid":"1", "tid":"wave"},
{"name":"ModelAdvance", "ph":"E", "ts":"1386215671", "pid":"1", "tid":"wave"},
{"name":"ModelSetRunClock", "ph":"B", "ts":"1389172704", "pid":"1", "tid":"wave"},
{"name":"ModelSetRunClock", "ph":"E", "ts":"1389172739", "pid":"1", "tid":"wave"},
{"name":"ModelAdvance", "ph":"B", "ts":"1389172823", "pid":"1", "tid":"wave"},
{"name":"ModelAdvance", "ph":"E", "ts":"1394388564", "pid":"1", "tid":"wave"},
{"name":"ModelSetRunClock", "ph":"B", "ts":"1396542467", "pid":"1", "tid":"wave"},
{"name":"ModelSetRunClock", "ph":"E", "ts":"1396542502", "pid":"1", "tid":"wave"},
{"name":"ModelAdvance", "ph":"B", "ts":"1396542595", "pid":"1", "tid":"wave"},
{"name":"ModelAdvance", "ph":"E", "ts":"1401652248", "pid":"1", "tid":"wave"},
{"name":"ModelSetRunClock", "ph":"B", "ts":"1404549864", "pid":"1", "tid":"wave"},
{"name":"ModelSetRunClock", "ph":"E", "ts":"1404549898", "pid":"1", "tid":"wave"},
{"name":"ModelAdvance", "ph":"B", "ts":"1404549981", "pid":"1", "tid":"wave"},
{"name":"ModelAdvance", "ph":"E", "ts":"1409661944", "pid":"1", "tid":"wave"},
{"name":"ModelSetRunClock", "ph":"B", "ts":"1411963596", "pid":"1", "tid":"wave"},
{"name":"ModelSetRunClock", "ph":"E", "ts":"1411963629", "pid":"1", "tid":"wave"},
{"name":"ModelAdvance", "ph":"B", "ts":"1411963710", "pid":"1", "tid":"wave"},
{"name":"ModelAdvance", "ph":"E", "ts":"1417070079", "pid":"1", "tid":"wave"},
{"name":"ModelSetRunClock", "ph":"B", "ts":"1420126298", "pid":"1", "tid":"wave"},
{"name":"ModelSetRunClock", "ph":"E", "ts":"1420126332", "pid":"1", "tid":"wave"},
{"name":"ModelAdvance", "ph":"B", "ts":"1420126413", "pid":"1", "tid":"wave"},
{"name":"ModelAdvance", "ph":"E", "ts":"1425202046", "pid":"1", "tid":"wave"},
{"name":"ModelSetRunClock", "ph":"B", "ts":"1427572136", "pid":"1", "tid":"wave"},
{"name":"ModelSetRunClock", "ph":"E", "ts":"1427572169", "pid":"1", "tid":"wave"},
{"name":"ModelAdvance", "ph":"B", "ts":"1427572254", "pid":"1", "tid":"wave"},
{"name":"ModelAdvance", "ph":"E", "ts":"1432661329", "pid":"1", "tid":"wave"},
{"name":"ModelSetRunClock", "ph":"B", "ts":"1435667351", "pid":"1", "tid":"wave"},
{"name":"ModelSetRunClock", "ph":"E", "ts":"1435667389", "pid":"1", "tid":"wave"},
{"name":"ModelAdvance", "ph":"B", "ts":"1435667474", "pid":"1", "tid":"wave"},
{"name":"ModelAdvance", "ph":"E", "ts":"1440825335", "pid":"1", "tid":"wave"},
{"name":"ModelSetRunClock", "ph":"B", "ts":"1443284517", "pid":"1", "tid":"wave"},
{"name":"ModelSetRunClock", "ph":"E", "ts":"1443284549", "pid":"1", "tid":"wave"},
{"name":"ModelAdvance", "ph":"B", "ts":"1443284629", "pid":"1", "tid":"wave"},
{"name":"ModelAdvance", "ph":"E", "ts":"1448496667", "pid":"1", "tid":"wave"},
{"name":"ModelSetRunClock", "ph":"B", "ts":"1452009110", "pid":"1", "tid":"wave"},
{"name":"ModelSetRunClock", "ph":"E", "ts":"1452009145", "pid":"1", "tid":"wave"},
{"name":"ModelAdvance", "ph":"B", "ts":"1452009229", "pid":"1", "tid":"wave"},
{"name":"ModelAdvance", "ph":"E", "ts":"1457242981", "pid":"1", "tid":"wave"},
{"name":"ModelSetRunClock", "ph":"B", "ts":"1459484539", "pid":"1", "tid":"wave"},
{"name":"ModelSetRunClock", "ph":"E", "ts":"1459484574", "pid":"1", "tid":"wave"},
{"name":"ModelAdvance", "ph":"B", "ts":"1459484657", "pid":"1", "tid":"wave"},
{"name":"ModelAdvance", "ph":"E", "ts":"1464713280", "pid":"1", "tid":"wave"},
{"name":"ModelSetRunClock", "ph":"B", "ts":"1467694912", "pid":"1", "tid":"wave"},
{"name":"ModelSetRunClock", "ph":"E", "ts":"1467694962", "pid":"1", "tid":"wave"},
{"name":"ModelAdvance", "ph":"B", "ts":"1467695053", "pid":"1", "tid":"wave"},
{"name":"ModelAdvance", "ph":"E", "ts":"1472870868", "pid":"1", "tid":"wave"},
{"name":"ModelSetRunClock", "ph":"B", "ts":"1475116763", "pid":"1", "tid":"wave"},
{"name":"ModelSetRunClock", "ph":"E", "ts":"1475116931", "pid":"1", "tid":"wave"},
{"name":"ModelAdvance", "ph":"B", "ts":"1475117015", "pid":"1", "tid":"wave"},
{"name":"ModelAdvance", "ph":"E", "ts":"1480274590", "pid":"1", "tid":"wave"},
{"name":"ModelSetRunClock", "ph":"B", "ts":"1483175124", "pid":"1", "tid":"wave"},
{"name":"ModelSetRunClock", "ph":"E", "ts":"1483175162", "pid":"1", "tid":"wave"},
{"name":"ModelAdvance", "ph":"B", "ts":"1483175250", "pid":"1", "tid":"wave"},
{"name":"ModelAdvance", "ph":"E", "ts":"1488265656", "pid":"1", "tid":"wave"},
{"name":"ModelSetRunClock", "ph":"B", "ts":"1490557681", "pid":"1", "tid":"wave"},
{"name":"ModelSetRunClock", "ph":"E", "ts":"1490557713", "pid":"1", "tid":"wave"},
{"name":"ModelAdvance", "ph":"B", "ts":"1490557796", "pid":"1", "tid":"wave"},
{"name":"ModelAdvance", "ph":"E", "ts":"1495643031", "pid":"1", "tid":"wave"},
{"name":"ModelSetRunClock", "ph":"B", "ts":"1498704647", "pid":"1", "tid":"wave"},
{"name":"ModelSetRunClock", "ph":"E", "ts":"1498704684", "pid":"1", "tid":"wave"},
{"name":"ModelAdvance", "ph":"B", "ts":"1498704763", "pid":"1", "tid":"wave"},
{"name":"ModelAdvance", "ph":"E", "ts":"1503805392", "pid":"1", "tid":"wave"},
{"name":"ModelSetRunClock", "ph":"B", "ts":"1508476610", "pid":"1", "tid":"wave"},
{"name":"ModelSetRunClock", "ph":"E", "ts":"1508476773", "pid":"1", "tid":"wave"},
{"name":"ModelAdvance", "ph":"B", "ts":"1508476858", "pid":"1", "tid":"wave"},
{"name":"ModelAdvance", "ph":"E", "ts":"1513550474", "pid":"1", "tid":"wave"},
{"name":"ModelSetRunClock", "ph":"B", "ts":"1516436166", "pid":"1", "tid":"wave"},
{"name":"ModelSetRunClock", "ph":"E", "ts":"1516436205", "pid":"1", "tid":"wave"},
{"name":"ModelAdvance", "ph":"B", "ts":"1516436484", "pid":"1", "tid":"wave"},
{"name":"ModelAdvance", "ph":"E", "ts":"1521482003", "pid":"1", "tid":"wave"},
{"name":"ModelSetRunClock", "ph":"B", "ts":"1523757406", "pid":"1", "tid":"wave"},
{"name":"ModelSetRunClock", "ph":"E", "ts":"1523757445", "pid":"1", "tid":"wave"},
{"name":"ModelAdvance", "ph":"B", "ts":"1523757516", "pid":"1", "tid":"wave"},
{"name":"ModelAdvance", "ph":"E", "ts":"1528754008", "pid":"1", "tid":"wave"},
{"name":"ModelSetRunClock", "ph":"B", "ts":"1531814566", "pid":"1", "tid":"wave"},
{"name":"ModelSetRunClock", "ph":"E", "ts":"1531814606", "pid":"1", "tid":"wave"},
{"name":"ModelAdvance", "ph":"B", "ts":"1531814680", "pid":"1", "tid":"wave"},
{"name":"ModelAdvance", "ph":"E", "ts":"1536911850", "pid":"1", "tid":"wave"},
{"name":"ModelSetRunClock", "ph":"B", "ts":"1539312727", "pid":"1", "tid":"wave"},
{"name":"ModelSetRunClock", "ph":"E", "ts":"1539312771", "pid":"1", "tid":"wave"},
{"name":"ModelAdvance", "ph":"B", "ts":"1539312864", "pid":"1", "tid":"wave"},
{"name":"ModelAdvance", "ph":"E", "ts":"1544551934", "pid":"1", "tid":"wave"},
{"name":"ModelSetRunClock", "ph":"B", "ts":"1547594970", "pid":"1", "tid":"wave"},
{"name":"ModelSetRunClock", "ph":"E", "ts":"1547595017", "pid":"1", "tid":"wave"},
{"name":"ModelAdvance", "ph":"B", "ts":"1547595104", "pid":"1", "tid":"wave"},
{"name":"ModelAdvance", "ph":"E", "ts":"1552975725", "pid":"1", "tid":"wave"},
{"name":"ModelSetRunClock", "ph":"B", "ts":"1555173269", "pid":"1", "tid":"wave"},
{"name":"ModelSetRunClock", "ph":"E", "ts":"1555173309", "pid":"1", "tid":"wave"},
{"name":"ModelAdvance", "ph":"B", "ts":"1555173397", "pid":"1", "tid":"wave"},
{"name":"ModelAdvance", "ph":"E", "ts":"1560579188", "pid":"1", "tid":"wave"},
{"name":"ModelSetRunClock", "ph":"B", "ts":"1563286678", "pid":"1", "tid":"wave"},
{"name":"ModelSetRunClock", "ph":"E", "ts":"1563286723", "pid":"1", "tid":"wave"},
{"name":"ModelAdvance", "ph":"B", "ts":"1563286821", "pid":"1", "tid":"wave"},
{"name":"ModelAdvance", "ph":"E", "ts":"1568594557", "pid":"1", "tid":"wave"},
{"name":"ModelSetRunClock", "ph":"B", "ts":"1570963915", "pid":"1", "tid":"wave"},
{"name":"ModelSetRunClock", "ph":"E", "ts":"1570963964", "pid":"1", "tid":"wave"},
{"name":"ModelAdvance", "ph":"B", "ts":"1570964045", "pid":"1", "tid":"wave"},
{"name":"ModelAdvance", "ph":"E", "ts":"1576171987", "pid":"1", "tid":"wave"},
{"name":"ModelSetRunClock", "ph":"B", "ts":"1581172286", "pid":"1", "tid":"wave"},
{"name":"ModelSetRunClock", "ph":"E", "ts":"1581172334", "pid":"1", "tid":"wave"},
{"name":"ModelAdvance", "ph":"B", "ts":"1581172411", "pid":"1", "tid":"wave"},
{"name":"ModelAdvance", "ph":"E", "ts":"1586447690", "pid":"1", "tid":"wave"},
{"name":"ModelSetRunClock", "ph":"B", "ts":"1588495078", "pid":"1", "tid":"wave"},
{"name":"ModelSetRunClock", "ph":"E", "ts":"1588495125", "pid":"1", "tid":"wave"},
{"name":"ModelAdvance", "ph":"B", "ts":"1588495199", "pid":"1", "tid":"wave"},
{"name":"ModelAdvance", "ph":"E", "ts":"1594414643", "pid":"1", "tid":"wave"},
{"name":"ModelSetRunClock", "ph":"B", "ts":"1596722034", "pid":"1", "tid":"wave"},
{"name":"ModelSetRunClock", "ph":"E", "ts":"1596722157", "pid":"1", "tid":"wave"},
{"name":"ModelAdvance", "ph":"B", "ts":"1596722266", "pid":"1", "tid":"wave"},
{"name":"ModelAdvance", "ph":"E", "ts":"1602346601", "pid":"1", "tid":"wave"},
{"name":"ModelSetRunClock", "ph":"B", "ts":"1605288860", "pid":"1", "tid":"wave"},
{"name":"ModelSetRunClock", "ph":"E", "ts":"1605288913", "pid":"1", "tid":"wave"},
{"name":"ModelAdvance", "ph":"B", "ts":"1605288991", "pid":"1", "tid":"wave"},
{"name":"ModelAdvance", "ph":"E", "ts":"1611127275", "pid":"1", "tid":"wave"},
{"name":"ModelSetRunClock", "ph":"B", "ts":"1613342027", "pid":"1", "tid":"wave"},
{"name":"ModelSetRunClock", "ph":"E", "ts":"1613342069", "pid":"1", "tid":"wave"},
{"name":"ModelAdvance", "ph":"B", "ts":"1613342141", "pid":"1", "tid":"wave"},
{"name":"ModelAdvance", "ph":"E", "ts":"1619355232", "pid":"1", "tid":"wave"},
{"name":"ModelSetRunClock", "ph":"B", "ts":"1620724626", "pid":"1", "tid":"wave"},
{"name":"ModelSetRunClock", "ph":"E", "ts":"1620724831", "pid":"1", "tid":"wave"},
{"name":"ModelAdvance", "ph":"B", "ts":"1620725066", "pid":"1", "tid":"wave"},
{"name":"ModelAdvance", "ph":"E", "ts":"1626662622", "pid":"1", "tid":"wave"},
{"name":"ModelSetRunClock", "ph":"B", "ts":"1628795074", "pid":"1", "tid":"wave"},
{"name":"ModelSetRunClock", "ph":"E", "ts":"1628795228", "pid":"1", "tid":"wave"},
{"name":"ModelAdvance", "ph":"B", "ts":"1628795344", "pid":"1", "tid":"wave"},
{"name":"ModelAdvance", "ph":"E", "ts":"1634851901", "pid":"1", "tid":"wave"},
{"name":"ModelSetRunClock", "ph":"B", "ts":"1636499696", "pid":"1", "tid":"wave"},
{"name":"ModelSetRunClock", "ph":"E", "ts":"1636499745", "pid":"1", "tid":"wave"},
{"name":"ModelAdvance", "ph":"B", "ts":"1636499827", "pid":"1", "tid":"wave"},
{"name":"ModelAdvance", "ph":"E", "ts":"1643059490", "pid":"1", "tid":"wave"},
{"name":"ModelSetRunClock", "ph":"B", "ts":"1644634870", "pid":"1", "tid":"wave"},
{"name":"ModelSetRunClock", "ph":"E", "ts":"1644634906", "pid":"1", "tid":"wave"},
{"name":"ModelAdvance", "ph":"B", "ts":"1644634989", "pid":"1", "tid":"wave"},
{"name":"ModelAdvance", "ph":"E", "ts":"1650788376", "pid":"1", "tid":"wave"},
{"name":"ModelFinalize", "ph":"B", "ts":"1650794416", "pid":"1", "tid":"wave"},
{"name":"ModelFinalize", "ph":"E", "ts":"1650794438", "pid":"1", "tid":"wave"},
