{"name":"SetServices", "ph":"B", "ts":"1872755345", "pid":"1", "tid":"mom"},
{"name":"SetServices", "ph":"E", "ts":"1874036323", "pid":"1", "tid":"mom"},
{"name":"InitializeP0", "ph":"B", "ts":"1875097961", "pid":"1", "tid":"mom"},
{"name":"InitializeP0", "ph":"E", "ts":"1875098364", "pid":"1", "tid":"mom"},
{"name":"InitializeAdvertise", "ph":"B", "ts":"1901645993", "pid":"1", "tid":"mom"},
{"name":"InitializeAdvertise", "ph":"E", "ts":"1965278534", "pid":"1", "tid":"mom"},
{"name":"InitializeRealize", "ph":"B", "ts":"2104284197", "pid":"1", "tid":"mom"},
{"name":"InitializeRealize", "ph":"E", "ts":"2109921535", "pid":"1", "tid":"mom"},
{"name":"DataInitialize", "ph":"B", "ts":"2146834278", "pid":"1", "tid":"mom"},
{"name":"DataInitialize", "ph":"E", "ts":"2146835520", "pid":"1", "tid":"mom"},
{"name":"ModelSetRunClock", "ph":"B", "ts":"2193289864", "pid":"1", "tid":"mom"},
{"name":"ModelSetRunClock", "ph":"E", "ts":"2193298775", "pid":"1", "tid":"mom"},
{"name":"ModelAdvance", "ph":"B", "ts":"2193299013", "pid":"1", "tid":"mom"},
{"name":"ModelAdvance", "ph":"E", "ts":"2199552790", "pid":"1", "tid":"mom"},
{"name":"ModelSetRunClock", "ph":"B", "ts":"2206573061", "pid":"1", "tid":"mom"},
{"name":"ModelSetRunClock", "ph":"E", "ts":"2206573127", "pid":"1", "tid":"mom"},
{"name":"ModelAdvance", "ph":"B", "ts":"2206573349", "pid":"1", "tid":"mom"},
{"name":"ModelAdvance", "ph":"E", "ts":"2211936970", "pid":"1", "tid":"mom"},
{"name":"ModelSetRunClock", "ph":"B", "ts":"2213819685", "pid":"1", "tid":"mom"},
{"name":"ModelSetRunClock", "ph":"E", "ts":"2213819792", "pid":"1", "tid":"mom"},
{"name":"ModelAdvance", "ph":"B", "ts":"2213820010", "pid":"1", "tid":"mom"},
{"name":"ModelAdvance", "ph":"E", "ts":"2219171877", "pid":"1", "tid":"mom"},
{"name":"ModelSetRunClock", "ph":"B", "ts":"2221714090", "pid":"1", "tid":"mom"},
{"name":"ModelSetRunClock", "ph":"E", "ts":"2221714151", "pid":"1", "tid":"mom"},
{"name":"ModelAdvance", "ph":"B", "ts":"2221714313", "pid":"1", "tid":"mom"},
{"name":"ModelAdvance", "ph":"E", "ts":"2227089279", "pid":"1", "tid":"mom"},
{"name":"ModelSetRunClock", "ph":"B", "ts":"2229017960", "pid":"1", "tid":"mom"},
{"name":"ModelSetRunClock", "ph":"E", "ts":"2229018022", "pid":"1", "tid":"mom"},
{"name":"ModelAdvance", "ph":"B", "ts":"2229018195", "pid":"1", "tid":"mom"},
{"name":"ModelAdvance", "ph":"E", "ts":"2234384685", "pid":"1", "tid":"mom"},
{"name":"ModelSetRunClock", "ph":"B", "ts":"2237349419", "pid":"1", "tid":"mom"},
{"name":"ModelSetRunClock", "ph":"E", "ts":"2237349484", "pid":"1", "tid":"mom"},
{"name":"ModelAdvance", "ph":"B", "ts":"2237349662", "pid":"1", "tid":"mom"},
{"name":"ModelAdvance", "ph":"E", "ts":"2242780907", "pid":"1", "tid":"mom"},
{"name":"ModelSetRunClock", "ph":"B", "ts":"2261112420", "pid":"1", "tid":"mom"},
{"name":"ModelSetRunClock", "ph":"E", "ts":"2261112480", "pid":"1", "tid":"mom"},
{"name":"ModelAdvance", "ph":"B", "ts":"2261112631", "pid":"1", "tid":"mom"},
{"name":"ModelAdvance", "ph":"E", "ts":"2266488054", "pid":"1", "tid":"mom"},
{"name":"ModelSetRunClock", "ph":"B", "ts":"2269118947", "pid":"1", "tid":"mom"},
{"name":"ModelSetRunClock", "ph":"E", "ts":"2269119005", "pid":"1", "tid":"mom"},
{"name":"ModelAdvance", "ph":"B", "ts":"2269119166", "pid":"1", "tid":"mom"},
{"name":"ModelAdvance", "ph":"E", "ts":"2274494529", "pid":"1", "tid":"mom"},
{"name":"ModelSetRunClock", "ph":"B", "ts":"2276426892", "pid":"1", "tid":"mom"},
{"name":"ModelSetRunClock", "ph":"E", "ts":"2276426953", "pid":"1", "tid":"mom"},
{"name":"ModelAdvance", "ph":"B", "ts":"2276427131", "pid":"1", "tid":"mom"},
{"name":"ModelAdvance", "ph":"E", "ts":"2281814995", "pid":"1", "tid":"mom"},
{"name":"ModelSetRunClock", "ph":"B", "ts":"2285580460", "pid":"1", "tid":"mom"},
{"name":"ModelSetRunClock", "ph":"E", "ts":"2285580526", "pid":"1", "tid":"mom"},
{"name":"ModelAdvance", "ph":"B", "ts":"2285580706", "pid":"1", "tid":"mom"},
{"name":"ModelAdvance", "ph":"E", "ts":"2290949831", "pid":"1", "tid":"mom"},
{"name":"ModelSetRunClock", "ph":"B", "ts":"2293006668", "pid":"1", "tid":"mom"},
{"name":"ModelSetRunClock", "ph":"E", "ts":"2293006733", "pid":"1", "tid":"mom"},
{"name":"ModelAdvance", "ph":"B", "ts":"2293007025", "pid":"1", "tid":"mom"},
{"name":"ModelAdvance", "ph":"E", "ts":"2298386161", "pid":"1", "tid":"mom"},
{"name":"ModelSetRunClock", "ph":"B", "ts":"2301119845", "pid":"1", "tid":"mom"},
{"name":"ModelSetRunClock", "ph":"E", "ts":"2301120026", "pid":"1", "tid":"mom"},
{"name":"ModelAdvance", "ph":"B", "ts":"2301120265", "pid":"1", "tid":"mom"},
{"name":"ModelAdvance", "ph":"E", "ts":"2306394047", "pid":"1", "tid":"mom"},
{"name":"ModelSetRunClock", "ph":"B", "ts":"2308547786", "pid":"1", "tid":"mom"},
{"name":"ModelSetRunClock", "ph":"E", "ts":"2308547841", "pid":"1", "tid":"mom"},
{"name":"ModelAdvance", "ph":"B", "ts":"2308548009", "pid":"1", "tid":"mom"},
{"name":"ModelAdvance", "ph":"E", "ts":"2313765455", "pid":"1", "tid":"mom"},
{"name":"ModelSetRunClock", "ph":"B", "ts":"2316731539", "pid":"1", "tid":"mom"},
{"name":"ModelSetRunClock", "ph":"E", "ts":"2316731603", "pid":"1", "tid":"mom"},
{"name":"ModelAdvance", "ph":"B", "ts":"2316731780", "pid":"1", "tid":"mom"},
{"name":"ModelAdvance", "ph":"E", "ts":"2321969461", "pid":"1", "tid":"mom"},
{"name":"ModelSetRunClock", "ph":"B", "ts":"2324059738", "pid":"1", "tid":"mom"},
{"name":"ModelSetRunClock", "ph":"E", "ts":"2324059806", "pid":"1", "tid":"mom"},
{"name":"ModelAdvance", "ph":"B", "ts":"2324059987", "pid":"1", "tid":"mom"},
{"name":"ModelAdvance", "ph":"E", "ts":"2329295185", "pid":"1", "tid":"mom"},
{"name":"ModelSetRunClock", "ph":"B", "ts":"2332236943", "pid":"1", "tid":"mom"},
{"name":"ModelSetRunClock", "ph":"E", "ts":"2332237072", "pid":"1", "tid":"mom"},
{"name":"ModelAdvance", "ph":"B", "ts":"2332237275", "pid":"1", "tid":"mom"},
{"name":"ModelAdvance", "ph":"E", "ts":"2337481704", "pid":"1", "tid":"mom"},
{"name":"ModelSetRunClock", "ph":"B", "ts":"2340178547", "pid":"1", "tid":"mom"},
{"name":"ModelSetRunClock", "ph":"E", "ts":"2340178602", "pid":"1", "tid":"mom"},
{"name":"ModelAdvance", "ph":"B", "ts":"2340178766", "pid":"1", "tid":"mom"},
{"name":"ModelAdvance", "ph":"E", "ts":"2345414268", "pid":"1", "tid":"mom"},
{"name":"ModelSetRunClock", "ph":"B", "ts":"2348609025", "pid":"1", "tid":"mom"},
{"name":"ModelSetRunClock", "ph":"E", "ts":"2348609082", "pid":"1", "tid":"mom"},
{"name":"ModelAdvance", "ph":"B", "ts":"2348609283", "pid":"1", "tid":"mom"},
{"name":"ModelAdvance", "ph":"E", "ts":"2353891557", "pid":"1", "tid":"mom"},
{"name":"ModelSetRunClock", "ph":"B", "ts":"2356574671", "pid":"1", "tid":"mom"},
{"name":"ModelSetRunClock", "ph":"E", "ts":"2356574758", "pid":"1", "tid":"mom"},
{"name":"ModelAdvance", "ph":"B", "ts":"2356574958", "pid":"1", "tid":"mom"},
{"name":"ModelAdvance", "ph":"E", "ts":"2361791939", "pid":"1", "tid":"mom"},
{"name":"ModelSetRunClock", "ph":"B", "ts":"2365140405", "pid":"1", "tid":"mom"},
{"name":"ModelSetRunClock", "ph":"E", "ts":"2365140545", "pid":"1", "tid":"mom"},
{"name":"ModelAdvance", "ph":"B", "ts":"2365140726", "pid":"1", "tid":"mom"},
{"name":"ModelAdvance", "ph":"E", "ts":"2370357721", "pid":"1", "tid":"mom"},
{"name":"ModelSetRunClock", "ph":"B", "ts":"2372863356", "pid":"1", "tid":"mom"},
{"name":"ModelSetRunClock", "ph":"E", "ts":"2372863431", "pid":"1", "tid":"mom"},
{"name":"ModelAdvance", "ph":"B", "ts":"2372863621", "pid":"1", "tid":"mom"},
{"name":"ModelAdvance", "ph":"E", "ts":"2378074064", "pid":"1", "tid":"mom"},
{"name":"ModelSetRunClock", "ph":"B", "ts":"2381496031", "pid":"1", "tid":"mom"},
{"name":"ModelSetRunClock", "ph":"E", "ts":"2381496095", "pid":"1", "tid":"mom"},
{"name":"ModelAdvance", "ph":"B", "ts":"2381496265", "pid":"1", "tid":"mom"},
{"name":"ModelAdvance", "ph":"E", "ts":"2386745437", "pid":"1", "tid":"mom"},
{"name":"ModelSetRunClock", "ph":"B", "ts":"2389603071", "pid":"1", "tid":"mom"},
{"name":"ModelSetRunClock", "ph":"E", "ts":"2389603129", "pid":"1", "tid":"mom"},
{"name":"ModelAdvance", "ph":"B", "ts":"2389603300", "pid":"1", "tid":"mom"},
{"name":"ModelAdvance", "ph":"E", "ts":"2394806786", "pid":"1", "tid":"mom"},
{"name":"ModelSetRunClock", "ph":"B", "ts":"2398021640", "pid":"1", "tid":"mom"},
{"name":"ModelSetRunClock", "ph":"E", "ts":"2398021868", "pid":"1", "tid":"mom"},
{"name":"ModelAdvance", "ph":"B", "ts":"2398022079", "pid":"1", "tid":"mom"},
{"name":"ModelAdvance", "ph":"E", "ts":"2403273037", "pid":"1", "tid":"mom"},
{"name":"ModelSetRunClock", "ph":"B", "ts":"2405740868", "pid":"1", "tid":"mom"},
{"name":"ModelSetRunClock", "ph":"E", "ts":"2405740929", "pid":"1", "tid":"mom"},
{"name":"ModelAdvance", "ph":"B", "ts":"2405741093", "pid":"1", "tid":"mom"},
{"name":"ModelAdvance", "ph":"E", "ts":"2410918184", "pid":"1", "tid":"mom"},
{"name":"ModelSetRunClock", "ph":"B", "ts":"2413739124", "pid":"1", "tid":"mom"},
{"name":"ModelSetRunClock", "ph":"E", "ts":"2413739186", "pid":"1", "tid":"mom"},
{"name":"ModelAdvance", "ph":"B", "ts":"2413739350", "pid":"1", "tid":"mom"},
{"name":"ModelAdvance", "ph":"E", "ts":"2418926246", "pid":"1", "tid":"mom"},
{"name":"ModelSetRunClock", "ph":"B", "ts":"2420930827", "pid":"1", "tid":"mom"},
{"name":"ModelSetRunClock", "ph":"E", "ts":"2420930930", "pid":"1", "tid":"mom"},
{"name":"ModelAdvance", "ph":"B", "ts":"2420931139", "pid":"1", "tid":"mom"},
{"name":"ModelAdvance", "ph":"E", "ts":"2426119113", "pid":"1", "tid":"mom"},
{"name":"ModelSetRunClock", "ph":"B", "ts":"2428689339", "pid":"1", "tid":"mom"},
{"name":"ModelSetRunClock", "ph":"E", "ts":"2428689414", "pid":"1", "tid":"mom"},
{"name":"ModelAdvance", "ph":"B", "ts":"2428689598", "pid":"1", "tid":"mom"},
{"name":"ModelAdvance", "ph":"E", "ts":"2433866289", "pid":"1", "tid":"mom"},
{"name":"ModelSetRunClock", "ph":"B", "ts":"2435823677", "pid":"1", "tid":"mom"},
{"name":"ModelSetRunClock", "ph":"E", "ts":"2435823761", "pid":"1", "tid":"mom"},
{"name":"ModelAdvance", "ph":"B", "ts":"2435823997", "pid":"1", "tid":"mom"},
{"name":"ModelAdvance", "ph":"E", "ts":"2440996304", "pid":"1", "tid":"mom"},
{"name":"ModelSetRunClock", "ph":"B", "ts":"2443605578", "pid":"1", "tid":"mom"},
{"name":"ModelSetRunClock", "ph":"E", "ts":"2443605641", "pid":"1", "tid":"mom"},
{"name":"ModelAdvance", "ph":"B", "ts":"2443605816", "pid":"1", "tid":"mom"},
{"name":"ModelAdvance", "ph":"E", "ts":"2448845912", "pid":"1", "tid":"mom"},
{"name":"ModelSetRunClock", "ph":"B", "ts":"2450865583", "pid":"1", "tid":"mom"},
{"name":"ModelSetRunClock", "ph":"E", "ts":"2450865644", "pid":"1", "tid":"mom"},
{"name":"ModelAdvance", "ph":"B", "ts":"2450865808", "pid":"1", "tid":"mom"},
{"name":"ModelAdvance", "ph":"E", "ts":"2456025803", "pid":"1", "tid":"mom"},
{"name":"ModelSetRunClock", "ph":"B", "ts":"2458743818", "pid":"1", "tid":"mom"},
{"name":"ModelSetRunClock", "ph":"E", "ts":"2458743881", "pid":"1", "tid":"mom"},
{"name":"ModelAdvance", "ph":"B", "ts":"2458744043", "pid":"1", "tid":"mom"},
{"name":"ModelAdvance", "ph":"E", "ts":"2463907756", "pid":"1", "tid":"mom"},
{"name":"ModelSetRunClock", "ph":"B", "ts":"2465954290", "pid":"1", "tid":"mom"},
{"name":"ModelSetRunClock", "ph":"E", "ts":"2465954345", "pid":"1", "tid":"mom"},
{"name":"ModelAdvance", "ph":"B", "ts":"2465954508", "pid":"1", "tid":"mom"},
{"name":"ModelAdvance", "ph":"E", "ts":"2471109003", "pid":"1", "tid":"mom"},
{"name":"ModelSetRunClock", "ph":"B", "ts":"2473795462", "pid":"1", "tid":"mom"},
{"name":"ModelSetRunClock", "ph":"E", "ts":"2473795554", "pid":"1", "tid":"mom"},
{"name":"ModelAdvance", "ph":"B", "ts":"2473795742", "pid":"1", "tid":"mom"},
{"name":"ModelAdvance", "ph":"E", "ts":"2478962236", "pid":"1", "tid":"mom"},
{"name":"ModelSetRunClock", "ph":"B", "ts":"2480942707", "pid":"1", "tid":"mom"},
{"name":"ModelSetRunClock", "ph":"E", "ts":"2480942760", "pid":"1", "tid":"mom"},
{"name":"ModelAdvance", "ph":"B", "ts":"2480942939", "pid":"1", "tid":"mom"},
{"name":"ModelAdvance", "ph":"E", "ts":"2486112323", "pid":"1", "tid":"mom"},
{"name":"ModelSetRunClock", "ph":"B", "ts":"2488903257", "pid":"1", "tid":"mom"},
{"name":"ModelSetRunClock", "ph":"E", "ts":"2488903319", "pid":"1", "tid":"mom"},
{"name":"ModelAdvance", "ph":"B", "ts":"2488903482", "pid":"1", "tid":"mom"},
{"name":"ModelAdvance", "ph":"E", "ts":"2494161992", "pid":"1", "tid":"mom"},
{"name":"ModelSetRunClock", "ph":"B", "ts":"2496035864", "pid":"1", "tid":"mom"},
{"name":"ModelSetRunClock", "ph":"E", "ts":"2496035918", "pid":"1", "tid":"mom"},
{"name":"ModelAdvance", "ph":"B", "ts":"2496036077", "pid":"1", "tid":"mom"},
{"name":"ModelAdvance", "ph":"E", "ts":"2501225808", "pid":"1", "tid":"mom"},
{"name":"ModelSetRunClock", "ph":"B", "ts":"2503880969", "pid":"1", "tid":"mom"},
{"name":"ModelSetRunClock", "ph":"E", "ts":"2503881037", "pid":"1", "tid":"mom"},
{"name":"ModelAdvance", "ph":"B", "ts":"2503881236", "pid":"1", "tid":"mom"},
{"name":"ModelAdvance", "ph":"E", "ts":"2509088120", "pid":"1", "tid":"mom"},
{"name":"ModelSetRunClock", "ph":"B", "ts":"2511136145", "pid":"1", "tid":"mom"},
{"name":"ModelSetRunClock", "ph":"E", "ts":"2511136205", "pid":"1", "tid":"mom"},
{"name":"ModelAdvance", "ph":"B", "ts":"2511136367", "pid":"1", "tid":"mom"},
{"name":"ModelAdvance", "ph":"E", "ts":"2516348718", "pid":"1", "tid":"mom"},
{"name":"ModelSetRunClock", "ph":"B", "ts":"2519237090", "pid":"1", "tid":"mom"},
{"name":"ModelSetRunClock", "ph":"E", "ts":"2519237157", "pid":"1", "tid":"mom"},
{"name":"ModelAdvance", "ph":"B", "ts":"2519237377", "pid":"1", "tid":"mom"},
{"name":"ModelAdvance", "ph":"E", "ts":"2524441495", "pid":"1", "tid":"mom"},
{"name":"ModelSetRunClock", "ph":"B", "ts":"2527058326", "pid":"1", "tid":"mom"},
{"name":"ModelSetRunClock", "ph":"E", "ts":"2527058390", "pid":"1", "tid":"mom"},
{"name":"ModelAdvance", "ph":"B", "ts":"2527058561", "pid":"1", "tid":"mom"},
{"name":"ModelAdvance", "ph":"E", "ts":"2532238989", "pid":"1", "tid":"mom"},
{"name":"ModelSetRunClock", "ph":"B", "ts":"2535565581", "pid":"1", "tid":"mom"},
{"name":"ModelSetRunClock", "ph":"E", "ts":"2535565642", "pid":"1", "tid":"mom"},
{"name":"ModelAdvance", "ph":"B", "ts":"2535565804", "pid":"1", "tid":"mom"},
{"name":"ModelAdvance", "ph":"E", "ts":"2540817771", "pid":"1", "tid":"mom"},
{"name":"ModelSetRunClock", "ph":"B", "ts":"2543339736", "pid":"1", "tid":"mom"},
{"name":"ModelSetRunClock", "ph":"E", "ts":"2543339805", "pid":"1", "tid":"mom"},
{"name":"ModelAdvance", "ph":"B", "ts":"2543339984", "pid":"1", "tid":"mom"},
{"name":"ModelAdvance", "ph":"E", "ts":"2548501685", "pid":"1", "tid":"mom"},
{"name":"ModelSetRunClock", "ph":"B", "ts":"2563774521", "pid":"1", "tid":"mom"},
{"name":"ModelSetRunClock", "ph":"E", "ts":"2563774701", "pid":"1", "tid":"mom"},
{"name":"ModelAdvance", "ph":"B", "ts":"2563774867", "pid":"1", "tid":"mom"},
{"name":"ModelAdvance", "ph":"E", "ts":"2568910096", "pid":"1", "tid":"mom"},
{"name":"ModelSetRunClock", "ph":"B", "ts":"2573094642", "pid":"1", "tid":"mom"},
{"name":"ModelSetRunClock", "ph":"E", "ts":"2573094734", "pid":"1", "tid":"mom"},
{"name":"ModelAdvance", "ph":"B", "ts":"2573094949", "pid":"1", "tid":"mom"},
{"name":"ModelAdvance", "ph":"E", "ts":"2578221239", "pid":"1", "tid":"mom"},
{"name":"ModelSetRunClock", "ph":"B", "ts":"2581222659", "pid":"1", "tid":"mom"},
{"name":"ModelSetRunClock", "ph":"E", "ts":"2581222770", "pid":"1", "tid":"mom"},
{"name":"ModelAdvance", "ph":"B", "ts":"2581223007", "pid":"1", "tid":"mom"},
{"name":"ModelAdvance", "ph":"E", "ts":"2586358757", "pid":"1", "tid":"mom"},
{"name":"ModelSetRunClock", "ph":"B", "ts":"2588375814", "pid":"1", "tid":"mom"},
{"name":"ModelSetRunClock", "ph":"E", "ts":"2588375880", "pid":"1", "tid":"mom"},
{"name":"ModelAdvance", "ph":"B", "ts":"2588376054", "pid":"1", "tid":"mom"},
{"name":"ModelAdvance", "ph":"E", "ts":"2593537342", "pid":"1", "tid":"mom"},
{"name":"ModelSetRunClock", "ph":"B", "ts":"2596352789", "pid":"1", "tid":"mom"},
{"name":"ModelSetRunClock", "ph":"E", "ts":"2596352849", "pid":"1", "tid":"mom"},
{"name":"ModelAdvance", "ph":"B", "ts":"2596353005", "pid":"1", "tid":"mom"},
{"name":"ModelAdvance", "ph":"E", "ts":"2601579314", "pid":"1", "tid":"mom"},
{"name":"ModelSetRunClock", "ph":"B", "ts":"2604023350", "pid":"1", "tid":"mom"},
{"name":"ModelSetRunClock", "ph":"E", "ts":"2604023431", "pid":"1", "tid":"mom"},
{"name":"ModelAdvance", "ph":"B", "ts":"2604023616", "pid":"1", "tid":"mom"},
{"name":"ModelAdvance", "ph":"E", "ts":"2609192548", "pid":"1", "tid":"mom"},
{"name":"ModelSetRunClock", "ph":"B", "ts":"2612433650", "pid":"1", "tid":"mom"},
{"name":"ModelSetRunClock", "ph":"E", "ts":"2612433716", "pid":"1", "tid":"mom"},
{"name":"ModelAdvance", "ph":"B", "ts":"2612433882", "pid":"1", "tid":"mom"},
{"name":"ModelAdvance", "ph":"E", "ts":"2617606282", "pid":"1", "tid":"mom"},
{"name":"ModelSetRunClock", "ph":"B", "ts":"2619946524", "pid":"1", "tid":"mom"},
{"name":"ModelSetRunClock", "ph":"E", "ts":"2619946591", "pid":"1", "tid":"mom"},
{"name":"ModelAdvance", "ph":"B", "ts":"2619946756", "pid":"1", "tid":"mom"},
{"name":"ModelAdvance", "ph":"E", "ts":"2625133448", "pid":"1", "tid":"mom"},
{"name":"ModelSetRunClock", "ph":"B", "ts":"2627998114", "pid":"1", "tid":"mom"},
{"name":"ModelSetRunClock", "ph":"E", "ts":"2627998179", "pid":"1", "tid":"mom"},
{"name":"ModelAdvance", "ph":"B", "ts":"2627998360", "pid":"1", "tid":"mom"},
{"name":"ModelAdvance", "ph":"E", "ts":"2633191833", "pid":"1", "tid":"mom"},
{"name":"ModelSetRunClock", "ph":"B", "ts":"2635385667", "pid":"1", "tid":"mom"},
{"name":"ModelSetRunClock", "ph":"E", "ts":"2635385744", "pid":"1", "tid":"mom"},
{"name":"ModelAdvance", "ph":"B", "ts":"2635385976", "pid":"1", "tid":"mom"},
{"name":"ModelAdvance", "ph":"E", "ts":"2640574338", "pid":"1", "tid":"mom"},
{"name":"ModelSetRunClock", "ph":"B", "ts":"2643575921", "pid":"1", "tid":"mom"},
{"name":"ModelSetRunClock", "ph":"E", "ts":"2643575982", "pid":"1", "tid":"mom"},
{"name":"ModelAdvance", "ph":"B", "ts":"2643576150", "pid":"1", "tid":"mom"},
{"name":"ModelAdvance", "ph":"E", "ts":"2648822008", "pid":"1", "tid":"mom"},
{"name":"ModelSetRunClock", "ph":"B", "ts":"2650955147", "pid":"1", "tid":"mom"},
{"name":"ModelSetRunClock", "ph":"E", "ts":"2650955201", "pid":"1", "tid":"mom"},
{"name":"ModelAdvance", "ph":"B", "ts":"2650955360", "pid":"1", "tid":"mom"},
{"name":"ModelAdvance", "ph":"E", "ts":"2656130822", "pid":"1", "tid":"mom"},
{"name":"ModelSetRunClock", "ph":"B", "ts":"2659172030", "pid":"1", "tid":"mom"},
{"name":"ModelSetRunClock", "ph":"E", "ts":"2659172086", "pid":"1", "tid":"mom"},
{"name":"ModelAdvance", "ph":"B", "ts":"2659172239", "pid":"1", "tid":"mom"},
{"name":"ModelAdvance", "ph":"E", "ts":"2664337953", "pid":"1", "tid":"mom"},
{"name":"ModelSetRunClock", "ph":"B", "ts":"2666740935", "pid":"1", "tid":"mom"},
{"name":"ModelSetRunClock", "ph":"E", "ts":"2666740994", "pid":"1", "tid":"mom"},
{"name":"ModelAdvance", "ph":"B", "ts":"2666741162", "pid":"1", "tid":"mom"},
{"name":"ModelAdvance", "ph":"E", "ts":"2671939392", "pid":"1", "tid":"mom"},
{"name":"ModelSetRunClock", "ph":"B", "ts":"2674743302", "pid":"1", "tid":"mom"},
{"name":"ModelSetRunClock", "ph":"E", "ts":"2674743361", "pid":"1", "tid":"mom"},
{"name":"ModelAdvance", "ph":"B", "ts":"2674743531", "pid":"1", "tid":"mom"},
{"name":"ModelAdvance", "ph":"E", "ts":"2679920912", "pid":"1", "tid":"mom"},
{"name":"ModelSetRunClock", "ph":"B", "ts":"2681971726", "pid":"1", "tid":"mom"},
{"name":"ModelSetRunClock", "ph":"E", "ts":"2681971786", "pid":"1", "tid":"mom"},
{"name":"ModelAdvance", "ph":"B", "ts":"2681971960", "pid":"1", "tid":"mom"},
{"name":"ModelAdvance", "ph":"E", "ts":"2687140620", "pid":"1", "tid":"mom"},
{"name":"ModelSetRunClock", "ph":"B", "ts":"2689810752", "pid":"1", "tid":"mom"},
{"name":"ModelSetRunClock", "ph":"E", "ts":"2689810811", "pid":"1", "tid":"mom"},
{"name":"ModelAdvance", "ph":"B", "ts":"2689810979", "pid":"1", "tid":"mom"},
{"name":"ModelAdvance", "ph":"E", "ts":"2695046838", "pid":"1", "tid":"mom"},
{"name":"ModelSetRunClock", "ph":"B", "ts":"2698290915", "pid":"1", "tid":"mom"},
{"name":"ModelSetRunClock", "ph":"E", "ts":"2698290982", "pid":"1", "tid":"mom"},
{"name":"ModelAdvance", "ph":"B", "ts":"2698291163", "pid":"1", "tid":"mom"},
{"name":"ModelAdvance", "ph":"E", "ts":"2703451325", "pid":"1", "tid":"mom"},
{"name":"ModelSetRunClock", "ph":"B", "ts":"2706184852", "pid":"1", "tid":"mom"},
{"name":"ModelSetRunClock", "ph":"E", "ts":"2706184931", "pid":"1", "tid":"mom"},
{"name":"ModelAdvance", "ph":"B", "ts":"2706185282", "pid":"1", "tid":"mom"},
{"name":"ModelAdvance", "ph":"E", "ts":"2711355521", "pid":"1", "tid":"mom"},
{"name":"ModelSetRunClock", "ph":"B", "ts":"2713400960", "pid":"1", "tid":"mom"},
{"name":"ModelSetRunClock", "ph":"E", "ts":"2713401019", "pid":"1", "tid":"mom"},
{"name":"ModelAdvance", "ph":"B", "ts":"2713401188", "pid":"1", "tid":"mom"},
{"name":"ModelAdvance", "ph":"E", "ts":"2718572898", "pid":"1", "tid":"mom"},
{"name":"ModelSetRunClock", "ph":"B", "ts":"2721313740", "pid":"1", "tid":"mom"},
{"name":"ModelSetRunClock", "ph":"E", "ts":"2721313798", "pid":"1", "tid":"mom"},
{"name":"ModelAdvance", "ph":"B", "ts":"2721313966", "pid":"1", "tid":"mom"},
{"name":"ModelAdvance", "ph":"E", "ts":"2726468198", "pid":"1", "tid":"mom"},
{"name":"ModelSetRunClock", "ph":"B", "ts":"2728548393", "pid":"1", "tid":"mom"},
{"name":"ModelSetRunClock", "ph":"E", "ts":"2728548454", "pid":"1", "tid":"mom"},
{"name":"ModelAdvance", "ph":"B", "ts":"2728548620", "pid":"1", "tid":"mom"},
{"name":"ModelAdvance", "ph":"E", "ts":"2733715791", "pid":"1", "tid":"mom"},
{"name":"ModelSetRunClock", "ph":"B", "ts":"2736485048", "pid":"1", "tid":"mom"},
{"name":"ModelSetRunClock", "ph":"E", "ts":"2736485142", "pid":"1", "tid":"mom"},
{"name":"ModelAdvance", "ph":"B", "ts":"2736485400", "pid":"1", "tid":"mom"},
{"name":"ModelAdvance", "ph":"E", "ts":"2741711097", "pid":"1", "tid":"mom"},
{"name":"ModelSetRunClock", "ph":"B", "ts":"2743725162", "pid":"1", "tid":"mom"},
{"name":"ModelSetRunClock", "ph":"E", "ts":"2743725284", "pid":"1", "tid":"mom"},
{"name":"ModelAdvance", "ph":"B", "ts":"2743725521", "pid":"1", "tid":"mom"},
{"name":"ModelAdvance", "ph":"E", "ts":"2748887238", "pid":"1", "tid":"mom"},
{"name":"ModelSetRunClock", "ph":"B", "ts":"2751628329", "pid":"1", "tid":"mom"},
{"name":"ModelSetRunClock", "ph":"E", "ts":"2751628469", "pid":"1", "tid":"mom"},
{"name":"ModelAdvance", "ph":"B", "ts":"2751628733", "pid":"1", "tid":"mom"},
{"name":"ModelAdvance", "ph":"E", "ts":"2756799216", "pid":"1", "tid":"mom"},
{"name":"ModelSetRunClock", "ph":"B", "ts":"2758858743", "pid":"1", "tid":"mom"},
{"name":"ModelSetRunClock", "ph":"E", "ts":"2758858842", "pid":"1", "tid":"mom"},
{"name":"ModelAdvance", "ph":"B", "ts":"2758859057", "pid":"1", "tid":"mom"},
{"name":"ModelAdvance", "ph":"E", "ts":"2764023428", "pid":"1", "tid":"mom"},
{"name":"ModelSetRunClock", "ph":"B", "ts":"2766855239", "pid":"1", "tid":"mom"},
{"name":"ModelSetRunClock", "ph":"E", "ts":"2766855313", "pid":"1", "tid":"mom"},
{"name":"ModelAdvance", "ph":"B", "ts":"2766855480", "pid":"1", "tid":"mom"},
{"name":"ModelAdvance", "ph":"E", "ts":"2772023000", "pid":"1", "tid":"mom"},
{"name":"ModelSetRunClock", "ph":"B", "ts":"2774041328", "pid":"1", "tid":"mom"},
{"name":"ModelSetRunClock", "ph":"E", "ts":"2774041385", "pid":"1", "tid":"mom"},
{"name":"ModelAdvance", "ph":"B", "ts":"2774041548", "pid":"1", "tid":"mom"},
{"name":"ModelAdvance", "ph":"E", "ts":"2779235421", "pid":"1", "tid":"mom"},
{"name":"ModelSetRunClock", "ph":"B", "ts":"2781894249", "pid":"1", "tid":"mom"},
{"name":"ModelSetRunClock", "ph":"E", "ts":"2781894343", "pid":"1", "tid":"mom"},
{"name":"ModelAdvance", "ph":"B", "ts":"2781894570", "pid":"1", "tid":"mom"},
{"name":"ModelAdvance", "ph":"E", "ts":"2787152423", "pid":"1", "tid":"mom"},
{"name":"ModelSetRunClock", "ph":"B", "ts":"2789070148", "pid":"1", "tid":"mom"},
{"name":"ModelSetRunClock", "ph":"E", "ts":"2789070208", "pid":"1", "tid":"mom"},
{"name":"ModelAdvance", "ph":"B", "ts":"2789070371", "pid":"1", "tid":"mom"},
{"name":"ModelAdvance", "ph":"E", "ts":"2794236371", "pid":"1", "tid":"mom"},
{"name":"ModelSetRunClock", "ph":"B", "ts":"2796944582", "pid":"1", "tid":"mom"},
{"name":"ModelSetRunClock", "ph":"E", "ts":"2796944673", "pid":"1", "tid":"mom"},
{"name":"ModelAdvance", "ph":"B", "ts":"2796944884", "pid":"1", "tid":"mom"},
{"name":"ModelAdvance", "ph":"E", "ts":"2802123614", "pid":"1", "tid":"mom"},
{"name":"ModelSetRunClock", "ph":"B", "ts":"2804138556", "pid":"1", "tid":"mom"},
{"name":"ModelSetRunClock", "ph":"E", "ts":"2804138696", "pid":"1", "tid":"mom"},
{"name":"ModelAdvance", "ph":"B", "ts":"2804139171", "pid":"1", "tid":"mom"},
{"name":"ModelAdvance", "ph":"E", "ts":"2809306419", "pid":"1", "tid":"mom"},
{"name":"ModelSetRunClock", "ph":"B", "ts":"2812008800", "pid":"1", "tid":"mom"},
{"name":"ModelSetRunClock", "ph":"E", "ts":"2812008862", "pid":"1", "tid":"mom"},
{"name":"ModelAdvance", "ph":"B", "ts":"2812009035", "pid":"1", "tid":"mom"},
{"name":"ModelAdvance", "ph":"E", "ts":"2817177280", "pid":"1", "tid":"mom"},
{"name":"ModelSetRunClock", "ph":"B", "ts":"2819174819", "pid":"1", "tid":"mom"},
{"name":"ModelSetRunClock", "ph":"E", "ts":"2819174871", "pid":"1", "tid":"mom"},
{"name":"ModelAdvance", "ph":"B", "ts":"2819175033", "pid":"1", "tid":"mom"},
{"name":"ModelAdvance", "ph":"E", "ts":"2824351917", "pid":"1", "tid":"mom"},
{"name":"ModelSetRunClock", "ph":"B", "ts":"2827051628", "pid":"1", "tid":"mom"},
{"name":"ModelSetRunClock", "ph":"E", "ts":"2827051685", "pid":"1", "tid":"mom"},
{"name":"ModelAdvance", "ph":"B", "ts":"2827051844", "pid":"1", "tid":"mom"},
{"name":"ModelAdvance", "ph":"E", "ts":"2832291373", "pid":"1", "tid":"mom"},
{"name":"ModelSetRunClock", "ph":"B", "ts":"2834377617", "pid":"1", "tid":"mom"},
{"name":"ModelSetRunClock", "ph":"E", "ts":"2834377679", "pid":"1", "tid":"mom"},
{"name":"ModelAdvance", "ph":"B", "ts":"2834377854", "pid":"1", "tid":"mom"},
{"name":"ModelAdvance", "ph":"E", "ts":"2839529609", "pid":"1", "tid":"mom"},
{"name":"ModelSetRunClock", "ph":"B", "ts":"2842189184", "pid":"1", "tid":"mom"},
{"name":"ModelSetRunClock", "ph":"E", "ts":"2842189274", "pid":"1", "tid":"mom"},
{"name":"ModelAdvance", "ph":"B", "ts":"2842189459", "pid":"1", "tid":"mom"},
{"name":"ModelAdvance", "ph":"E", "ts":"2847351522", "pid":"1", "tid":"mom"},
{"name":"ModelSetRunClock", "ph":"B", "ts":"2850355263", "pid":"1", "tid":"mom"},
{"name":"ModelSetRunClock", "ph":"E", "ts":"2850355335", "pid":"1", "tid":"mom"},
{"name":"ModelAdvance", "ph":"B", "ts":"2850355522", "pid":"1", "tid":"mom"},
{"name":"ModelAdvance", "ph":"E", "ts":"2855514895", "pid":"1", "tid":"mom"},
{"name":"ModelSetRunClock", "ph":"B", "ts":"2858222488", "pid":"1", "tid":"mom"},
{"name":"ModelSetRunClock", "ph":"E", "ts":"2858222544", "pid":"1", "tid":"mom"},
{"name":"ModelAdvance", "ph":"B", "ts":"2858222704", "pid":"1", "tid":"mom"},
{"name":"ModelAdvance", "ph":"E", "ts":"2863394797", "pid":"1", "tid":"mom"},
{"name":"ModelSetRunClock", "ph":"B", "ts":"2865368517", "pid":"1", "tid":"mom"},
{"name":"ModelSetRunClock", "ph":"E", "ts":"2865368618", "pid":"1", "tid":"mom"},
{"name":"ModelAdvance", "ph":"B", "ts":"2865368845", "pid":"1", "tid":"mom"},
{"name":"ModelAdvance", "ph":"E", "ts":"2870542879", "pid":"1", "tid":"mom"},
{"name":"ModelSetRunClock", "ph":"B", "ts":"2873209682", "pid":"1", "tid":"mom"},
{"name":"ModelSetRunClock", "ph":"E", "ts":"2873209749", "pid":"1", "tid":"mom"},
{"name":"ModelAdvance", "ph":"B", "ts":"2873209931", "pid":"1", "tid":"mom"},
{"name":"ModelAdvance", "ph":"E", "ts":"2878442023", "pid":"1", "tid":"mom"},
{"name":"ModelSetRunClock", "ph":"B", "ts":"2880380819", "pid":"1", "tid":"mom"},
{"name":"ModelSetRunClock", "ph":"E", "ts":"2880380889", "pid":"1", "tid":"mom"},
{"name":"ModelAdvance", "ph":"B", "ts":"2880381060", "pid":"1", "tid":"mom"},
{"name":"ModelAdvance", "ph":"E", "ts":"2885533433", "pid":"1", "tid":"mom"},
{"name":"ModelSetRunClock", "ph":"B", "ts":"2888196384", "pid":"1", "tid":"mom"},
{"name":"ModelSetRunClock", "ph":"E", "ts":"2888196448", "pid":"1", "tid":"mom"},
{"name":"ModelAdvance", "ph":"B", "ts":"2888196623", "pid":"1", "tid":"mom"},
{"name":"ModelAdvance", "ph":"E", "ts":"2893351167", "pid":"1", "tid":"mom"},
{"name":"ModelSetRunClock", "ph":"B", "ts":"2895438512", "pid":"1", "tid":"mom"},
{"name":"ModelSetRunClock", "ph":"E", "ts":"2895438572", "pid":"1", "tid":"mom"},
{"name":"ModelAdvance", "ph":"B", "ts":"2895438731", "pid":"1", "tid":"mom"},
{"name":"ModelAdvance", "ph":"E", "ts":"2900583615", "pid":"1", "tid":"mom"},
{"name":"ModelSetRunClock", "ph":"B", "ts":"2903259854", "pid":"1", "tid":"mom"},
{"name":"ModelSetRunClock", "ph":"E", "ts":"2903260022", "pid":"1", "tid":"mom"},
{"name":"ModelAdvance", "ph":"B", "ts":"2903260197", "pid":"1", "tid":"mom"},
{"name":"ModelAdvance", "ph":"E", "ts":"2908415738", "pid":"1", "tid":"mom"},
{"name":"ModelSetRunClock", "ph":"B", "ts":"2910378397", "pid":"1", "tid":"mom"},
{"name":"ModelSetRunClock", "ph":"E", "ts":"2910378456", "pid":"1", "tid":"mom"},
{"name":"ModelAdvance", "ph":"B", "ts":"2910378621", "pid":"1", "tid":"mom"},
{"name":"ModelAdvance", "ph":"E", "ts":"2915532465", "pid":"1", "tid":"mom"},
{"name":"ModelSetRunClock", "ph":"B", "ts":"2918205771", "pid":"1", "tid":"mom"},
{"name":"ModelSetRunClock", "ph":"E", "ts":"2918205829", "pid":"1", "tid":"mom"},
{"name":"ModelAdvance", "ph":"B", "ts":"2918205995", "pid":"1", "tid":"mom"},
{"name":"ModelAdvance", "ph":"E", "ts":"2923446226", "pid":"1", "tid":"mom"},
{"name":"ModelFinalize", "ph":"B", "ts":"2923452441", "pid":"1", "tid":"mom"},
{"name":"ModelFinalize", "ph":"E", "ts":"2923537503", "pid":"1", "tid":"mom"},
