{"name":"SetServices", "ph":"B", "ts":"1875128843", "pid":"1", "tid":"wave"},
{"name":"SetServices", "ph":"E", "ts":"1875131181", "pid":"1", "tid":"wave"},
{"name":"InitializeP0", "ph":"B", "ts":"1875135158", "pid":"1", "tid":"wave"},
{"name":"InitializeP0", "ph":"E", "ts":"1875135239", "pid":"1", "tid":"wave"},
{"name":"InitializeAdvertise", "ph":"B", "ts":"1901645965", "pid":"1", "tid":"wave"},
{"name":"InitializeAdvertise", "ph":"E", "ts":"1999895670", "pid":"1", "tid":"wave"},
{"name":"InitializeRealize", "ph":"B", "ts":"2104487379", "pid":"1", "tid":"wave"},
{"name":"InitializeRealize", "ph":"E", "ts":"2120352962", "pid":"1", "tid":"wave"},
{"name":"DataInitialize", "ph":"B", "ts":"2148550757", "pid":"1", "tid":"wave"},
{"name":"DataInitialize", "ph":"E", "ts":"2148554529", "pid":"1", "tid":"wave"},
{"name":"ModelSetRunClock", "ph":"B", "ts":"2193279314", "pid":"1", "tid":"wave"},
{"name":"ModelSetRunClock", "ph":"E", "ts":"2193288276", "pid":"1", "tid":"wave"},
{"name":"ModelAdvance", "ph":"B", "ts":"2193288357", "pid":"1", "tid":"wave"},
{"name":"ModelAdvance", "ph":"E", "ts":"2205100336", "pid":"1", "tid":"wave"},
{"name":"ModelSetRunClock", "ph":"B", "ts":"2206568138", "pid":"1", "tid":"wave"},
{"name":"ModelSetRunClock", "ph":"E", "ts":"2206568203", "pid":"1", "tid":"wave"},
{"name":"ModelAdvance", "ph":"B", "ts":"2206568287", "pid":"1", "tid":"wave"},
{"name":"ModelAdvance", "ph":"E", "ts":"2212330113", "pid":"1", "tid":"wave"},
{"name":"ModelSetRunClock", "ph":"B", "ts":"2213808583", "pid":"1", "tid":"wave"},
{"name":"ModelSetRunClock", "ph":"E", "ts":"2213808645", "pid":"1", "tid":"wave"},
{"name":"ModelAdvance", "ph":"B", "ts":"2213808734", "pid":"1", "tid":"wave"},
{"name":"ModelAdvance", "ph":"E", "ts":"2219464429", "pid":"1", "tid":"wave"},
{"name":"ModelSetRunClock", "ph":"B", "ts":"2221707389", "pid":"1", "tid":"wave"},
{"name":"ModelSetRunClock", "ph":"E", "ts":"2221707450", "pid":"1", "tid":"wave"},
{"name":"ModelAdvance", "ph":"B", "ts":"2221707545", "pid":"1", "tid":"wave"},
{"name":"ModelAdvance", "ph":"E", "ts":"2227455533", "pid":"1", "tid":"wave"},
{"name":"ModelSetRunClock", "ph":"B", "ts":"2229010024", "pid":"1", "tid":"wave"},
{"name":"ModelSetRunClock", "ph":"E", "ts":"2229010063", "pid":"1", "tid":"wave"},
{"name":"ModelAdvance", "ph":"B", "ts":"2229010136", "pid":"1", "tid":"wave"},
{"name":"ModelAdvance", "ph":"E", "ts":"2234666460", "pid":"1", "tid":"wave"},
{"name":"ModelSetRunClock", "ph":"B", "ts":"2237340121", "pid":"1", "tid":"wave"},
{"name":"ModelSetRunClock", "ph":"E", "ts":"2237340184", "pid":"1", "tid":"wave"},
{"name":"ModelAdvance", "ph":"B", "ts":"2237340267", "pid":"1", "tid":"wave"},
{"name":"ModelAdvance", "ph":"E", "ts":"2242996513", "pid":"1", "tid":"wave"},
{"name":"ModelSetRunClock", "ph":"B", "ts":"2260916054", "pid":"1", "tid":"wave"},
{"name":"ModelSetRunClock", "ph":"E", "ts":"2260916141", "pid":"1", "tid":"wave"},
{"name":"ModelAdvance", "ph":"B", "ts":"2260916250", "pid":"1", "tid":"wave"},
{"name":"ModelAdvance", "ph":"E", "ts":"2266742663", "pid":"1", "tid":"wave"},
{"name":"ModelSetRunClock", "ph":"B", "ts":"2269111941", "pid":"1", "tid":"wave"},
{"name":"ModelSetRunClock", "ph":"E", "ts":"2269112020", "pid":"1", "tid":"wave"},
{"name":"ModelAdvance", "ph":"B", "ts":"2269112112", "pid":"1", "tid":"wave"},
{"name":"ModelAdvance", "ph":"E", "ts":"2274757783", "pid":"1", "tid":"wave"},
{"name":"ModelSetRunClock", "ph":"B", "ts":"2276417996", "pid":"1", "tid":"wave"},
{"name":"ModelSetRunClock", "ph":"E", "ts":"2276418066", "pid":"1", "tid":"wave"},
{"name":"ModelAdvance", "ph":"B", "ts":"2276418166", "pid":"1", "tid":"wave"},
{"name":"ModelAdvance", "ph":"E", "ts":"2282079408", "pid":"1", "tid":"wave"},
{"name":"ModelSetRunClock", "ph":"B", "ts":"2285571208", "pid":"1", "tid":"wave"},
{"name":"ModelSetRunClock", "ph":"E", "ts":"2285571266", "pid":"1", "tid":"wave"},
{"name":"ModelAdvance", "ph":"B", "ts":"2285571351", "pid":"1", "tid":"wave"},
{"name":"ModelAdvance", "ph":"E", "ts":"2291213807", "pid":"1", "tid":"wave"},
{"name":"ModelSetRunClock", "ph":"B", "ts":"2292999530", "pid":"1", "tid":"wave"},
{"name":"ModelSetRunClock", "ph":"E", "ts":"2293000233", "pid":"1", "tid":"wave"},
{"name":"ModelAdvance", "ph":"B", "ts":"2293000350", "pid":"1", "tid":"wave"},
{"name":"ModelAdvance", "ph":"E", "ts":"2298545271", "pid":"1", "tid":"wave"},
{"name":"ModelSetRunClock", "ph":"B", "ts":"2301109736", "pid":"1", "tid":"wave"},
{"name":"ModelSetRunClock", "ph":"E", "ts":"2301109800", "pid":"1", "tid":"wave"},
{"name":"ModelAdvance", "ph":"B", "ts":"2301109875", "pid":"1", "tid":"wave"},
{"name":"ModelAdvance", "ph":"E", "ts":"2306551277", "pid":"1", "tid":"wave"},
{"name":"ModelSetRunClock", "ph":"B", "ts":"2308541542", "pid":"1", "tid":"wave"},
{"name":"ModelSetRunClock", "ph":"E", "ts":"2308541602", "pid":"1", "tid":"wave"},
{"name":"ModelAdvance", "ph":"B", "ts":"2308541694", "pid":"1", "tid":"wave"},
{"name":"ModelAdvance", "ph":"E", "ts":"2313889401", "pid":"1", "tid":"wave"},
{"name":"ModelSetRunClock", "ph":"B", "ts":"2316721826", "pid":"1", "tid":"wave"},
{"name":"ModelSetRunClock", "ph":"E", "ts":"2316721882", "pid":"1", "tid":"wave"},
{"name":"ModelAdvance", "ph":"B", "ts":"2316721957", "pid":"1", "tid":"wave"},
{"name":"ModelAdvance", "ph":"E", "ts":"2322054814", "pid":"1", "tid":"wave"},
{"name":"ModelSetRunClock", "ph":"B", "ts":"2324050888", "pid":"1", "tid":"wave"},
{"name":"ModelSetRunClock", "ph":"E", "ts":"2324050950", "pid":"1", "tid":"wave"},
{"name":"ModelAdvance", "ph":"B", "ts":"2324051040", "pid":"1", "tid":"wave"},
{"name":"ModelAdvance", "ph":"E", "ts":"2329324084", "pid":"1", "tid":"wave"},
{"name":"ModelSetRunClock", "ph":"B", "ts":"2332228196", "pid":"1", "tid":"wave"},
{"name":"ModelSetRunClock", "ph":"E", "ts":"2332228246", "pid":"1", "tid":"wave"},
{"name":"ModelAdvance", "ph":"B", "ts":"2332228323", "pid":"1", "tid":"wave"},
{"name":"ModelAdvance", "ph":"E", "ts":"2337384394", "pid":"1", "tid":"wave"},
{"name":"ModelSetRunClock", "ph":"B", "ts":"2340177063", "pid":"1", "tid":"wave"},
{"name":"ModelSetRunClock", "ph":"E", "ts":"2340177110", "pid":"1", "tid":"wave"},
{"name":"ModelAdvance", "ph":"B", "ts":"2340177183", "pid":"1", "tid":"wave"},
{"name":"ModelAdvance", "ph":"E", "ts":"2345272778", "pid":"1", "tid":"wave"},
{"name":"ModelSetRunClock", "ph":"B", "ts":"2348601185", "pid":"1", "tid":"wave"},
{"name":"ModelSetRunClock", "ph":"E", "ts":"2348601236", "pid":"1", "tid":"wave"},
{"name":"ModelAdvance", "ph":"B", "ts":"2348601306", "pid":"1", "tid":"wave"},
{"name":"ModelAdvance", "ph":"E", "ts":"2353637873", "pid":"1", "tid":"wave"},
{"name":"ModelSetRunClock", "ph":"B", "ts":"2356562677", "pid":"1", "tid":"wave"},
{"name":"ModelSetRunClock", "ph":"E", "ts":"2356562723", "pid":"1", "tid":"wave"},
{"name":"ModelAdvance", "ph":"B", "ts":"2356562813", "pid":"1", "tid":"wave"},
{"name":"ModelAdvance", "ph":"E", "ts":"2361571156", "pid":"1", "tid":"wave"},
{"name":"ModelSetRunClock", "ph":"B", "ts":"2365131171", "pid":"1", "tid":"wave"},
{"name":"ModelSetRunClock", "ph":"E", "ts":"2365131215", "pid":"1", "tid":"wave"},
{"name":"ModelAdvance", "ph":"B", "ts":"2365131291", "pid":"1", "tid":"wave"},
{"name":"ModelAdvance", "ph":"E", "ts":"2370246851", "pid":"1", "tid":"wave"},
{"name":"ModelSetRunClock", "ph":"B", "ts":"2372852625", "pid":"1", "tid":"wave"},
{"name":"ModelSetRunClock", "ph":"E", "ts":"2372852668", "pid":"1", "tid":"wave"},
{"name":"ModelAdvance", "ph":"B", "ts":"2372852739", "pid":"1", "tid":"wave"},
{"name":"ModelAdvance", "ph":"E", "ts":"2377872693", "pid":"1", "tid":"wave"},
{"name":"ModelSetRunClock", "ph":"B", "ts":"2381489232", "pid":"1", "tid":"wave"},
{"name":"ModelSetRunClock", "ph":"E", "ts":"2381489271", "pid":"1", "tid":"wave"},
{"name":"ModelAdvance", "ph":"B", "ts":"2381489352", "pid":"1", "tid":"wave"},
{"name":"ModelAdvance", "ph":"E", "ts":"2386533958", "pid":"1", "tid":"wave"},
{"name":"ModelSetRunClock", "ph":"B", "ts":"2389595016", "pid":"1", "tid":"wave"},
{"name":"ModelSetRunClock", "ph":"E", "ts":"2389595068", "pid":"1", "tid":"wave"},
{"name":"ModelAdvance", "ph":"B", "ts":"2389595160", "pid":"1", "tid":"wave"},
{"name":"ModelAdvance", "ph":"E", "ts":"2394478338", "pid":"1", "tid":"wave"},
{"name":"ModelSetRunClock", "ph":"B", "ts":"2398010977", "pid":"1", "tid":"wave"},
{"name":"ModelSetRunClock", "ph":"E", "ts":"2398011125", "pid":"1", "tid":"wave"},
{"name":"ModelAdvance", "ph":"B", "ts":"2398011221", "pid":"1", "tid":"wave"},
{"name":"ModelAdvance", "ph":"E", "ts":"2402836702", "pid":"1", "tid":"wave"},
{"name":"ModelSetRunClock", "ph":"B", "ts":"2405734452", "pid":"1", "tid":"wave"},
{"name":"ModelSetRunClock", "ph":"E", "ts":"2405734494", "pid":"1", "tid":"wave"},
{"name":"ModelAdvance", "ph":"B", "ts":"2405734566", "pid":"1", "tid":"wave"},
{"name":"ModelAdvance", "ph":"E", "ts":"2410502316", "pid":"1", "tid":"wave"},
{"name":"ModelSetRunClock", "ph":"B", "ts":"2413731272", "pid":"1", "tid":"wave"},
{"name":"ModelSetRunClock", "ph":"E", "ts":"2413731318", "pid":"1", "tid":"wave"},
{"name":"ModelAdvance", "ph":"B", "ts":"2413731402", "pid":"1", "tid":"wave"},
{"name":"ModelAdvance", "ph":"E", "ts":"2418522743", "pid":"1", "tid":"wave"},
{"name":"ModelSetRunClock", "ph":"B", "ts":"2420921103", "pid":"1", "tid":"wave"},
{"name":"ModelSetRunClock", "ph":"E", "ts":"2420921150", "pid":"1", "tid":"wave"},
{"name":"ModelAdvance", "ph":"B", "ts":"2420921236", "pid":"1", "tid":"wave"},
{"name":"ModelAdvance", "ph":"E", "ts":"2425704427", "pid":"1", "tid":"wave"},
{"name":"ModelSetRunClock", "ph":"B", "ts":"2428681451", "pid":"1", "tid":"wave"},
{"name":"ModelSetRunClock", "ph":"E", "ts":"2428681629", "pid":"1", "tid":"wave"},
{"name":"ModelAdvance", "ph":"B", "ts":"2428681789", "pid":"1", "tid":"wave"},
{"name":"ModelAdvance", "ph":"E", "ts":"2433423567", "pid":"1", "tid":"wave"},
{"name":"ModelSetRunClock", "ph":"B", "ts":"2435812732", "pid":"1", "tid":"wave"},
{"name":"ModelSetRunClock", "ph":"E", "ts":"2435812778", "pid":"1", "tid":"wave"},
{"name":"ModelAdvance", "ph":"B", "ts":"2435812858", "pid":"1", "tid":"wave"},
{"name":"ModelAdvance", "ph":"E", "ts":"2440540852", "pid":"1", "tid":"wave"},
{"name":"ModelSetRunClock", "ph":"B", "ts":"2443596545", "pid":"1", "tid":"wave"},
{"name":"ModelSetRunClock", "ph":"E", "ts":"2443596585", "pid":"1", "tid":"wave"},
{"name":"ModelAdvance", "ph":"B", "ts":"2443596670", "pid":"1", "tid":"wave"},
{"name":"ModelAdvance", "ph":"E", "ts":"2448324612", "pid":"1", "tid":"wave"},
{"name":"ModelSetRunClock", "ph":"B", "ts":"2450858192", "pid":"1", "tid":"wave"},
{"name":"ModelSetRunClock", "ph":"E", "ts":"2450858241", "pid":"1", "tid":"wave"},
{"name":"ModelAdvance", "ph":"B", "ts":"2450858340", "pid":"1", "tid":"wave"},
{"name":"ModelAdvance", "ph":"E", "ts":"2455590410", "pid":"1", "tid":"wave"},
{"name":"ModelSetRunClock", "ph":"B", "ts":"2458737956", "pid":"1", "tid":"wave"},
{"name":"ModelSetRunClock", "ph":"E", "ts":"2458738113", "pid":"1", "tid":"wave"},
{"name":"ModelAdvance", "ph":"B", "ts":"2458738244", "pid":"1", "tid":"wave"},
{"name":"ModelAdvance", "ph":"E", "ts":"2463485519", "pid":"1", "tid":"wave"},
{"name":"ModelSetRunClock", "ph":"B", "ts":"2465946419", "pid":"1", "tid":"wave"},
{"name":"ModelSetRunClock", "ph":"E", "ts":"2465946464", "pid":"1", "tid":"wave"},
{"name":"ModelAdvance", "ph":"B", "ts":"2465946540", "pid":"1", "tid":"wave"},
{"name":"ModelAdvance", "ph":"E", "ts":"2470695584", "pid":"1", "tid":"wave"},
{"name":"ModelSetRunClock", "ph":"B", "ts":"2473784003", "pid":"1", "tid":"wave"},
{"name":"ModelSetRunClock", "ph":"E", "ts":"2473784047", "pid":"1", "tid":"wave"},
{"name":"ModelAdvance", "ph":"B", "ts":"2473784130", "pid":"1", "tid":"wave"},
{"name":"ModelAdvance", "ph":"E", "ts":"2478549895", "pid":"1", "tid":"wave"},
{"name":"ModelSetRunClock", "ph":"B", "ts":"2480933519", "pid":"1", "tid":"wave"},
{"name":"ModelSetRunClock", "ph":"E", "ts":"2480933559", "pid":"1", "tid":"wave"},
{"name":"ModelAdvance", "ph":"B", "ts":"2480933643", "pid":"1", "tid":"wave"},
{"name":"ModelAdvance", "ph":"E", "ts":"2485737513", "pid":"1", "tid":"wave"},
{"name":"ModelSetRunClock", "ph":"B", "ts":"2488897160", "pid":"1", "tid":"wave"},
{"name":"ModelSetRunClock", "ph":"E", "ts":"2488897200", "pid":"1", "tid":"wave"},
{"name":"ModelAdvance", "ph":"B", "ts":"2488897484", "pid":"1", "tid":"wave"},
{"name":"ModelAdvance", "ph":"E", "ts":"2493624129", "pid":"1", "tid":"wave"},
{"name":"ModelSetRunClock", "ph":"B", "ts":"2496030404", "pid":"1", "tid":"wave"},
{"name":"ModelSetRunClock", "ph":"E", "ts":"2496030438", "pid":"1", "tid":"wave"},
{"name":"ModelAdvance", "ph":"B", "ts":"2496030520", "pid":"1", "tid":"wave"},
{"name":"ModelAdvance", "ph":"E", "ts":"2500716433", "pid":"1", "tid":"wave"},
{"name":"ModelSetRunClock", "ph":"B", "ts":"2503873558", "pid":"1", "tid":"wave"},
{"name":"ModelSetRunClock", "ph":"E", "ts":"2503873597", "pid":"1", "tid":"wave"},
{"name":"ModelAdvance", "ph":"B", "ts":"2503873681", "pid":"1", "tid":"wave"},
{"name":"ModelAdvance", "ph":"E", "ts":"2508525323", "pid":"1", "tid":"wave"},
{"name":"ModelSetRunClock", "ph":"B", "ts":"2511134039", "pid":"1", "tid":"wave"},
{"name":"ModelSetRunClock", "ph":"E", "ts":"2511134077", "pid":"1", "tid":"wave"},
{"name":"ModelAdvance", "ph":"B", "ts":"2511134165", "pid":"1", "tid":"wave"},
{"name":"ModelAdvance", "ph":"E", "ts":"2515784511", "pid":"1", "tid":"wave"},
{"name":"ModelSetRunClock", "ph":"B", "ts":"2519228987", "pid":"1", "tid":"wave"},
{"name":"ModelSetRunClock", "ph":"E", "ts":"2519229027", "pid":"1", "tid":"wave"},
{"name":"ModelAdvance", "ph":"B", "ts":"2519229116", "pid":"1", "tid":"wave"},
{"name":"ModelAdvance", "ph":"E", "ts":"2523885378", "pid":"1", "tid":"wave"},
{"name":"ModelSetRunClock", "ph":"B", "ts":"2527051656", "pid":"1", "tid":"wave"},
{"name":"ModelSetRunClock", "ph":"E", "ts":"2527051818", "pid":"1", "tid":"wave"},
{"name":"ModelAdvance", "ph":"B", "ts":"2527051909", "pid":"1", "tid":"wave"},
{"name":"ModelAdvance", "ph":"E", "ts":"2531788353", "pid":"1", "tid":"wave"},
{"name":"ModelSetRunClock", "ph":"B", "ts":"2535557403", "pid":"1", "tid":"wave"},
{"name":"ModelSetRunClock", "ph":"E", "ts":"2535557461", "pid":"1", "tid":"wave"},
{"name":"ModelAdvance", "ph":"B", "ts":"2535557558", "pid":"1", "tid":"wave"},
{"name":"ModelAdvance", "ph":"E", "ts":"2540250964", "pid":"1", "tid":"wave"},
{"name":"ModelSetRunClock", "ph":"B", "ts":"2543331878", "pid":"1", "tid":"wave"},
{"name":"ModelSetRunClock", "ph":"E", "ts":"2543331934", "pid":"1", "tid":"wave"},
{"name":"ModelAdvance", "ph":"B", "ts":"2543332037", "pid":"1", "tid":"wave"},
{"name":"ModelAdvance", "ph":"E", "ts":"2548096606", "pid":"1", "tid":"wave"},
{"name":"ModelSetRunClock", "ph":"B", "ts":"2563765988", "pid":"1", "tid":"wave"},
{"name":"ModelSetRunClock", "ph":"E", "ts":"2563766185", "pid":"1", "tid":"wave"},
{"name":"ModelAdvance", "ph":"B", "ts":"2563766333", "pid":"1", "tid":"wave"},
{"name":"ModelAdvance", "ph":"E", "ts":"2568584760", "pid":"1", "tid":"wave"},
{"name":"ModelSetRunClock", "ph":"B", "ts":"2573083294", "pid":"1", "tid":"wave"},
{"name":"ModelSetRunClock", "ph":"E", "ts":"2573083335", "pid":"1", "tid":"wave"},
{"name":"ModelAdvance", "ph":"B", "ts":"2573083426", "pid":"1", "tid":"wave"},
{"name":"ModelAdvance", "ph":"E", "ts":"2577935679", "pid":"1", "tid":"wave"},
{"name":"ModelSetRunClock", "ph":"B", "ts":"2581212757", "pid":"1", "tid":"wave"},
{"name":"ModelSetRunClock", "ph":"E", "ts":"2581212805", "pid":"1", "tid":"wave"},
{"name":"ModelAdvance", "ph":"B", "ts":"2581212914", "pid":"1", "tid":"wave"},
{"name":"ModelAdvance", "ph":"E", "ts":"2586014602", "pid":"1", "tid":"wave"},
{"name":"ModelSetRunClock", "ph":"B", "ts":"2588369600", "pid":"1", "tid":"wave"},
{"name":"ModelSetRunClock", "ph":"E", "ts":"2588369638", "pid":"1", "tid":"wave"},
{"name":"ModelAdvance", "ph":"B", "ts":"2588369736", "pid":"1", "tid":"wave"},
{"name":"ModelAdvance", "ph":"E", "ts":"2593161288", "pid":"1", "tid":"wave"},
{"name":"ModelSetRunClock", "ph":"B", "ts":"2596345782", "pid":"1", "tid":"wave"},
{"name":"ModelSetRunClock", "ph":"E", "ts":"2596345937", "pid":"1", "tid":"wave"},
{"name":"ModelAdvance", "ph":"B", "ts":"2596346037", "pid":"1", "tid":"wave"},
{"name":"ModelAdvance", "ph":"E", "ts":"2601077194", "pid":"1", "tid":"wave"},
{"name":"ModelSetRunClock", "ph":"B", "ts":"2604014553", "pid":"1", "tid":"wave"},
{"name":"ModelSetRunClock", "ph":"E", "ts":"2604014745", "pid":"1", "tid":"wave"},
{"name":"ModelAdvance", "ph":"B", "ts":"2604014840", "pid":"1", "tid":"wave"},
{"name":"ModelAdvance", "ph":"E", "ts":"2608734838", "pid":"1", "tid":"wave"},
{"name":"ModelSetRunClock", "ph":"B", "ts":"2612427511", "pid":"1", "tid":"wave"},
{"name":"ModelSetRunClock", "ph":"E", "ts":"2612427562", "pid":"1", "tid":"wave"},
{"name":"ModelAdvance", "ph":"B", "ts":"2612427655", "pid":"1", "tid":"wave"},
{"name":"ModelAdvance", "ph":"E", "ts":"2617173112", "pid":"1", "tid":"wave"},
{"name":"ModelSetRunClock", "ph":"B", "ts":"2619944392", "pid":"1", "tid":"wave"},
{"name":"ModelSetRunClock", "ph":"E", "ts":"2619944447", "pid":"1", "tid":"wave"},
{"name":"ModelAdvance", "ph":"B", "ts":"2619944542", "pid":"1", "tid":"wave"},
{"name":"ModelAdvance", "ph":"E", "ts":"2624691036", "pid":"1", "tid":"wave"},
{"name":"ModelSetRunClock", "ph":"B", "ts":"2627987445", "pid":"1", "tid":"wave"},
{"name":"ModelSetRunClock", "ph":"E", "ts":"2627987572", "pid":"1", "tid":"wave"},
{"name":"ModelAdvance", "ph":"B", "ts":"2627987678", "pid":"1", "tid":"wave"},
{"name":"ModelAdvance", "ph":"E", "ts":"2632752973", "pid":"1", "tid":"wave"},
{"name":"ModelSetRunClock", "ph":"B", "ts":"2635376897", "pid":"1", "tid":"wave"},
{"name":"ModelSetRunClock", "ph":"E", "ts":"2635376944", "pid":"1", "tid":"wave"},
{"name":"ModelAdvance", "ph":"B", "ts":"2635377048", "pid":"1", "tid":"wave"},
{"name":"ModelAdvance", "ph":"E", "ts":"2640124025", "pid":"1", "tid":"wave"},
{"name":"ModelSetRunClock", "ph":"B", "ts":"2643569510", "pid":"1", "tid":"wave"},
{"name":"ModelSetRunClock", "ph":"E", "ts":"2643569570", "pid":"1", "tid":"wave"},
{"name":"ModelAdvance", "ph":"B", "ts":"2643569677", "pid":"1", "tid":"wave"},
{"name":"ModelAdvance", "ph":"E", "ts":"2648273430", "pid":"1", "tid":"wave"},
{"name":"ModelSetRunClock", "ph":"B", "ts":"2650950944", "pid":"1", "tid":"wave"},
{"name":"ModelSetRunClock", "ph":"E", "ts":"2650950976", "pid":"1", "tid":"wave"},
{"name":"ModelAdvance", "ph":"B", "ts":"2650951061", "pid":"1", "tid":"wave"},
{"name":"ModelAdvance", "ph":"E", "ts":"2655636113", "pid":"1", "tid":"wave"},
{"name":"ModelSetRunClock", "ph":"B", "ts":"2659163747", "pid":"1", "tid":"wave"},
{"name":"ModelSetRunClock", "ph":"E", "ts":"2659163915", "pid":"1", "tid":"wave"},
{"name":"ModelAdvance", "ph":"B", "ts":"2659164013", "pid":"1", "tid":"wave"},
{"name":"ModelAdvance", "ph":"E", "ts":"2663826412", "pid":"1", "tid":"wave"},
{"name":"ModelSetRunClock", "ph":"B", "ts":"2666731947", "pid":"1", "tid":"wave"},
{"name":"ModelSetRunClock", "ph":"E", "ts":"2666731980", "pid":"1", "tid":"wave"},
{"name":"ModelAdvance", "ph":"B", "ts":"2666732062", "pid":"1", "tid":"wave"},
{"name":"ModelAdvance", "ph":"E", "ts":"2671344484", "pid":"1", "tid":"wave"},
{"name":"ModelSetRunClock", "ph":"B", "ts":"2674737251", "pid":"1", "tid":"wave"},
{"name":"ModelSetRunClock", "ph":"E", "ts":"2674737286", "pid":"1", "tid":"wave"},
{"name":"ModelAdvance", "ph":"B", "ts":"2674737375", "pid":"1", "tid":"wave"},
{"name":"ModelAdvance", "ph":"E", "ts":"2679332079", "pid":"1", "tid":"wave"},
{"name":"ModelSetRunClock", "ph":"B", "ts":"2681965114", "pid":"1", "tid":"wave"},
{"name":"ModelSetRunClock", "ph":"E", "ts":"2681965154", "pid":"1", "tid":"wave"},
{"name":"ModelAdvance", "ph":"B", "ts":"2681965240", "pid":"1", "tid":"wave"},
{"name":"ModelAdvance", "ph":"E", "ts":"2686577396", "pid":"1", "tid":"wave"},
{"name":"ModelSetRunClock", "ph":"B", "ts":"2689801089", "pid":"1", "tid":"wave"},
{"name":"ModelSetRunClock", "ph":"E", "ts":"2689801257", "pid":"1", "tid":"wave"},
{"name":"ModelAdvance", "ph":"B", "ts":"2689801361", "pid":"1", "tid":"wave"},
{"name":"ModelAdvance", "ph":"E", "ts":"2694426927", "pid":"1", "tid":"wave"},
{"name":"ModelSetRunClock", "ph":"B", "ts":"2698282097", "pid":"1", "tid":"wave"},
{"name":"ModelSetRunClock", "ph":"E", "ts":"2698282136", "pid":"1", "tid":"wave"},
{"name":"ModelAdvance", "ph":"B", "ts":"2698282223", "pid":"1", "tid":"wave"},
{"name":"ModelAdvance", "ph":"E", "ts":"2702895925", "pid":"1", "tid":"wave"},
{"name":"ModelSetRunClock", "ph":"B", "ts":"2706174983", "pid":"1", "tid":"wave"},
{"name":"ModelSetRunClock", "ph":"E", "ts":"2706175022", "pid":"1", "tid":"wave"},
{"name":"ModelAdvance", "ph":"B", "ts":"2706175115", "pid":"1", "tid":"wave"},
{"name":"ModelAdvance", "ph":"E", "ts":"2710798183", "pid":"1", "tid":"wave"},
{"name":"ModelSetRunClock", "ph":"B", "ts":"2713399056", "pid":"1", "tid":"wave"},
{"name":"ModelSetRunClock", "ph":"E", "ts":"2713399095", "pid":"1", "tid":"wave"},
{"name":"ModelAdvance", "ph":"B", "ts":"2713399179", "pid":"1", "tid":"wave"},
{"name":"ModelAdvance", "ph":"E", "ts":"2717971168", "pid":"1", "tid":"wave"},
{"name":"ModelSetRunClock", "ph":"B", "ts":"2721308441", "pid":"1", "tid":"wave"},
{"name":"ModelSetRunClock", "ph":"E", "ts":"2721308650", "pid":"1", "tid":"wave"},
{"name":"ModelAdvance", "ph":"B", "ts":"2721308780", "pid":"1", "tid":"wave"},
{"name":"ModelAdvance", "ph":"E", "ts":"2725889550", "pid":"1", "tid":"wave"},
{"name":"ModelSetRunClock", "ph":"B", "ts":"2728541372", "pid":"1", "tid":"wave"},
{"name":"ModelSetRunClock", "ph":"E", "ts":"2728541407", "pid":"1", "tid":"wave"},
{"name":"ModelAdvance", "ph":"B", "ts":"2728541491", "pid":"1", "tid":"wave"},
{"name":"ModelAdvance", "ph":"E", "ts":"2733131103", "pid":"1", "tid":"wave"},
{"name":"ModelSetRunClock", "ph":"B", "ts":"2736474268", "pid":"1", "tid":"wave"},
{"name":"ModelSetRunClock", "ph":"E", "ts":"2736474313", "pid":"1", "tid":"wave"},
{"name":"ModelAdvance", "ph":"B", "ts":"2736474397", "pid":"1", "tid":"wave"},
{"name":"ModelAdvance", "ph":"E", "ts":"2741064040", "pid":"1", "tid":"wave"},
{"name":"ModelSetRunClock", "ph":"B", "ts":"2743713259", "pid":"1", "tid":"wave"},
{"name":"ModelSetRunClock", "ph":"E", "ts":"2743713301", "pid":"1", "tid":"wave"},
{"name":"ModelAdvance", "ph":"B", "ts":"2743713372", "pid":"1", "tid":"wave"},
{"name":"ModelAdvance", "ph":"E", "ts":"2748302923", "pid":"1", "tid":"wave"},
{"name":"ModelSetRunClock", "ph":"B", "ts":"2751617202", "pid":"1", "tid":"wave"},
{"name":"ModelSetRunClock", "ph":"E", "ts":"2751617250", "pid":"1", "tid":"wave"},
{"name":"ModelAdvance", "ph":"B", "ts":"2751617343", "pid":"1", "tid":"wave"},
{"name":"ModelAdvance", "ph":"E", "ts":"2756206856", "pid":"1", "tid":"wave"},
{"name":"ModelSetRunClock", "ph":"B", "ts":"2758847584", "pid":"1", "tid":"wave"},
{"name":"ModelSetRunClock", "ph":"E", "ts":"2758847632", "pid":"1", "tid":"wave"},
{"name":"ModelAdvance", "ph":"B", "ts":"2758847723", "pid":"1", "tid":"wave"},
{"name":"ModelAdvance", "ph":"E", "ts":"2763430231", "pid":"1", "tid":"wave"},
{"name":"ModelSetRunClock", "ph":"B", "ts":"2766846981", "pid":"1", "tid":"wave"},
{"name":"ModelSetRunClock", "ph":"E", "ts":"2766847045", "pid":"1", "tid":"wave"},
{"name":"ModelAdvance", "ph":"B", "ts":"2766847154", "pid":"1", "tid":"wave"},
{"name":"ModelAdvance", "ph":"E", "ts":"2771400582", "pid":"1", "tid":"wave"},
{"name":"ModelSetRunClock", "ph":"B", "ts":"2774034673", "pid":"1", "tid":"wave"},
{"name":"ModelSetRunClock", "ph":"E", "ts":"2774034720", "pid":"1", "tid":"wave"},
{"name":"ModelAdvance", "ph":"B", "ts":"2774034815", "pid":"1", "tid":"wave"},
{"name":"ModelAdvance", "ph":"E", "ts":"2778656698", "pid":"1", "tid":"wave"},
{"name":"ModelSetRunClock", "ph":"B", "ts":"2781883318", "pid":"1", "tid":"wave"},
{"name":"ModelSetRunClock", "ph":"E", "ts":"2781883369", "pid":"1", "tid":"wave"},
{"name":"ModelAdvance", "ph":"B", "ts":"2781883456", "pid":"1", "tid":"wave"},
{"name":"ModelAdvance", "ph":"E", "ts":"2786542345", "pid":"1", "tid":"wave"},
{"name":"ModelSetRunClock", "ph":"B", "ts":"2789063262", "pid":"1", "tid":"wave"},
{"name":"ModelSetRunClock", "ph":"E", "ts":"2789063311", "pid":"1", "tid":"wave"},
{"name":"ModelAdvance", "ph":"B", "ts":"2789063403", "pid":"1", "tid":"wave"},
{"name":"ModelAdvance", "ph":"E", "ts":"2793736947", "pid":"1", "tid":"wave"},
{"name":"ModelSetRunClock", "ph":"B", "ts":"2796933512", "pid":"1", "tid":"wave"},
{"name":"ModelSetRunClock", "ph":"E", "ts":"2796933569", "pid":"1", "tid":"wave"},
{"name":"ModelAdvance", "ph":"B", "ts":"2796933995", "pid":"1", "tid":"wave"},
{"name":"ModelAdvance", "ph":"E", "ts":"2801554353", "pid":"1", "tid":"wave"},
{"name":"ModelSetRunClock", "ph":"B", "ts":"2804127315", "pid":"1", "tid":"wave"},
{"name":"ModelSetRunClock", "ph":"E", "ts":"2804127382", "pid":"1", "tid":"wave"},
{"name":"ModelAdvance", "ph":"B", "ts":"2804127466", "pid":"1", "tid":"wave"},
{"name":"ModelAdvance", "ph":"E", "ts":"2808743864", "pid":"1", "tid":"wave"},
{"name":"ModelSetRunClock", "ph":"B", "ts":"2811999407", "pid":"1", "tid":"wave"},
{"name":"ModelSetRunClock", "ph":"E", "ts":"2811999463", "pid":"1", "tid":"wave"},
{"name":"ModelAdvance", "ph":"B", "ts":"2811999544", "pid":"1", "tid":"wave"},
{"name":"ModelAdvance", "ph":"E", "ts":"2816637578", "pid":"1", "tid":"wave"},
{"name":"ModelSetRunClock", "ph":"B", "ts":"2819171968", "pid":"1", "tid":"wave"},
{"name":"ModelSetRunClock", "ph":"E", "ts":"2819172029", "pid":"1", "tid":"wave"},
{"name":"ModelAdvance", "ph":"B", "ts":"2819172118", "pid":"1", "tid":"wave"},
{"name":"ModelAdvance", "ph":"E", "ts":"2823824994", "pid":"1", "tid":"wave"},
{"name":"ModelSetRunClock", "ph":"B", "ts":"2827047120", "pid":"1", "tid":"wave"},
{"name":"ModelSetRunClock", "ph":"E", "ts":"2827047196", "pid":"1", "tid":"wave"},
{"name":"ModelAdvance", "ph":"B", "ts":"2827047296", "pid":"1", "tid":"wave"},
{"name":"ModelAdvance", "ph":"E", "ts":"2831694794", "pid":"1", "tid":"wave"},
{"name":"ModelSetRunClock", "ph":"B", "ts":"2834367663", "pid":"1", "tid":"wave"},
{"name":"ModelSetRunClock", "ph":"E", "ts":"2834367728", "pid":"1", "tid":"wave"},
{"name":"ModelAdvance", "ph":"B", "ts":"2834367823", "pid":"1", "tid":"wave"},
{"name":"ModelAdvance", "ph":"E", "ts":"2839115826", "pid":"1", "tid":"wave"},
{"name":"ModelSetRunClock", "ph":"B", "ts":"2842179559", "pid":"1", "tid":"wave"},
{"name":"ModelSetRunClock", "ph":"E", "ts":"2842179620", "pid":"1", "tid":"wave"},
{"name":"ModelAdvance", "ph":"B", "ts":"2842179713", "pid":"1", "tid":"wave"},
{"name":"ModelAdvance", "ph":"E", "ts":"2847118042", "pid":"1", "tid":"wave"},
{"name":"ModelSetRunClock", "ph":"B", "ts":"2850342352", "pid":"1", "tid":"wave"},
{"name":"ModelSetRunClock", "ph":"E", "ts":"2850342410", "pid":"1", "tid":"wave"},
{"name":"ModelAdvance", "ph":"B", "ts":"2850342486", "pid":"1", "tid":"wave"},
{"name":"ModelAdvance", "ph":"E", "ts":"2855498931", "pid":"1", "tid":"wave"},
{"name":"ModelSetRunClock", "ph":"B", "ts":"2858216117", "pid":"1", "tid":"wave"},
{"name":"ModelSetRunClock", "ph":"E", "ts":"2858216178", "pid":"1", "tid":"wave"},
{"name":"ModelAdvance", "ph":"B", "ts":"2858216272", "pid":"1", "tid":"wave"},
{"name":"ModelAdvance", "ph":"E", "ts":"2863614788", "pid":"1", "tid":"wave"},
{"name":"ModelSetRunClock", "ph":"B", "ts":"2865357449", "pid":"1", "tid":"wave"},
{"name":"ModelSetRunClock", "ph":"E", "ts":"2865357508", "pid":"1", "tid":"wave"},
{"name":"ModelAdvance", "ph":"B", "ts":"2865357580", "pid":"1", "tid":"wave"},
{"name":"ModelAdvance", "ph":"E", "ts":"2870880562", "pid":"1", "tid":"wave"},
{"name":"ModelSetRunClock", "ph":"B", "ts":"2873200204", "pid":"1", "tid":"wave"},
{"name":"ModelSetRunClock", "ph":"E", "ts":"2873200271", "pid":"1", "tid":"wave"},
{"name":"ModelAdvance", "ph":"B", "ts":"2873200362", "pid":"1", "tid":"wave"},
{"name":"ModelAdvance", "ph":"E", "ts":"2878786319", "pid":"1", "tid":"wave"},
{"name":"ModelSetRunClock", "ph":"B", "ts":"2880370043", "pid":"1", "tid":"wave"},
{"name":"ModelSetRunClock", "ph":"E", "ts":"2880370097", "pid":"1", "tid":"wave"},
{"name":"ModelAdvance", "ph":"B", "ts":"2880370175", "pid":"1", "tid":"wave"},
{"name":"ModelAdvance", "ph":"E", "ts":"2885908269", "pid":"1", "tid":"wave"},
{"name":"ModelSetRunClock", "ph":"B", "ts":"2888188113", "pid":"1", "tid":"wave"},
{"name":"ModelSetRunClock", "ph":"E", "ts":"2888188170", "pid":"1", "tid":"wave"},
{"name":"ModelAdvance", "ph":"B", "ts":"2888188249", "pid":"1", "tid":"wave"},
{"name":"ModelAdvance", "ph":"E", "ts":"2893660772", "pid":"1", "tid":"wave"},
{"name":"ModelSetRunClock", "ph":"B", "ts":"2895433061", "pid":"1", "tid":"wave"},
{"name":"ModelSetRunClock", "ph":"E", "ts":"2895433104", "pid":"1", "tid":"wave"},
{"name":"ModelAdvance", "ph":"B", "ts":"2895433200", "pid":"1", "tid":"wave"},
{"name":"ModelAdvance", "ph":"E", "ts":"2900818003", "pid":"1", "tid":"wave"},
{"name":"ModelSetRunClock", "ph":"B", "ts":"2903252925", "pid":"1", "tid":"wave"},
{"name":"ModelSetRunClock", "ph":"E", "ts":"2903252993", "pid":"1", "tid":"wave"},
{"name":"ModelAdvance", "ph":"B", "ts":"2903253097", "pid":"1", "tid":"wave"},
{"name":"ModelAdvance", "ph":"E", "ts":"2908570108", "pid":"1", "tid":"wave"},
{"name":"ModelSetRunClock", "ph":"B", "ts":"2910369541", "pid":"1", "tid":"wave"},
{"name":"ModelSetRunClock", "ph":"E", "ts":"2910369598", "pid":"1", "tid":"wave"},
{"name":"ModelAdvance", "ph":"B", "ts":"2910369692", "pid":"1", "tid":"wave"},
{"name":"ModelAdvance", "ph":"E", "ts":"2915699164", "pid":"1", "tid":"wave"},
{"name":"ModelSetRunClock", "ph":"B", "ts":"2918198211", "pid":"1", "tid":"wave"},
{"name":"ModelSetRunClock", "ph":"E", "ts":"2918198282", "pid":"1", "tid":"wave"},
{"name":"ModelAdvance", "ph":"B", "ts":"2918198381", "pid":"1", "tid":"wave"},
{"name":"ModelAdvance", "ph":"E", "ts":"2923432771", "pid":"1", "tid":"wave"},
{"name":"ModelFinalize", "ph":"B", "ts":"2923439007", "pid":"1", "tid":"wave"},
{"name":"ModelFinalize", "ph":"E", "ts":"2923439030", "pid":"1", "tid":"wave"},
