{"name":"SetServices", "ph":"B", "ts":"2406231577", "pid":"1", "tid":"wave"},
{"name":"SetServices", "ph":"E", "ts":"2406233263", "pid":"1", "tid":"wave"},
{"name":"InitializeP0", "ph":"B", "ts":"2406237192", "pid":"1", "tid":"wave"},
{"name":"InitializeP0", "ph":"E", "ts":"2406237279", "pid":"1", "tid":"wave"},
{"name":"InitializeAdvertise", "ph":"B", "ts":"2437626708", "pid":"1", "tid":"wave"},
{"name":"InitializeAdvertise", "ph":"E", "ts":"2542667355", "pid":"1", "tid":"wave"},
{"name":"InitializeRealize", "ph":"B", "ts":"2616909909", "pid":"1", "tid":"wave"},
{"name":"InitializeRealize", "ph":"E", "ts":"2630664839", "pid":"1", "tid":"wave"},
{"name":"DataInitialize", "ph":"B", "ts":"2660220758", "pid":"1", "tid":"wave"},
{"name":"DataInitialize", "ph":"E", "ts":"2660224771", "pid":"1", "tid":"wave"},
{"name":"ModelSetRunClock", "ph":"B", "ts":"2683835069", "pid":"1", "tid":"wave"},
{"name":"ModelSetRunClock", "ph":"E", "ts":"2683843844", "pid":"1", "tid":"wave"},
{"name":"ModelAdvance", "ph":"B", "ts":"2683844022", "pid":"1", "tid":"wave"},
{"name":"ModelAdvance", "ph":"E", "ts":"2694709665", "pid":"1", "tid":"wave"},
{"name":"ModelSetRunClock", "ph":"B", "ts":"2696137609", "pid":"1", "tid":"wave"},
{"name":"ModelSetRunClock", "ph":"E", "ts":"2696137682", "pid":"1", "tid":"wave"},
{"name":"ModelAdvance", "ph":"B", "ts":"2696137775", "pid":"1", "tid":"wave"},
{"name":"ModelAdvance", "ph":"E", "ts":"2705877807", "pid":"1", "tid":"wave"},
{"name":"ModelSetRunClock", "ph":"B", "ts":"2709184943", "pid":"1", "tid":"wave"},
{"name":"ModelSetRunClock", "ph":"E", "ts":"2709185002", "pid":"1", "tid":"wave"},
{"name":"ModelAdvance", "ph":"B", "ts":"2709185087", "pid":"1", "tid":"wave"},
{"name":"ModelAdvance", "ph":"E", "ts":"2719896073", "pid":"1", "tid":"wave"},
{"name":"ModelSetRunClock", "ph":"B", "ts":"2724092534", "pid":"1", "tid":"wave"},
{"name":"ModelSetRunClock", "ph":"E", "ts":"2724092597", "pid":"1", "tid":"wave"},
{"name":"ModelAdvance", "ph":"B", "ts":"2724092682", "pid":"1", "tid":"wave"},
{"name":"ModelAdvance", "ph":"E", "ts":"2735295099", "pid":"1", "tid":"wave"},
{"name":"ModelSetRunClock", "ph":"B", "ts":"2739698029", "pid":"1", "tid":"wave"},
{"name":"ModelSetRunClock", "ph":"E", "ts":"2739698088", "pid":"1", "tid":"wave"},
{"name":"ModelAdvance", "ph":"B", "ts":"2739698160", "pid":"1", "tid":"wave"},
{"name":"ModelAdvance", "ph":"E", "ts":"2750061226", "pid":"1", "tid":"wave"},
{"name":"ModelSetRunClock", "ph":"B", "ts":"2753450661", "pid":"1", "tid":"wave"},
{"name":"ModelSetRunClock", "ph":"E", "ts":"2753450717", "pid":"1", "tid":"wave"},
{"name":"ModelAdvance", "ph":"B", "ts":"2753450800", "pid":"1", "tid":"wave"},
{"name":"ModelAdvance", "ph":"E", "ts":"2761485640", "pid":"1", "tid":"wave"},
{"name":"ModelSetRunClock", "ph":"B", "ts":"2776147547", "pid":"1", "tid":"wave"},
{"name":"ModelSetRunClock", "ph":"E", "ts":"2776147769", "pid":"1", "tid":"wave"},
{"name":"ModelAdvance", "ph":"B", "ts":"2776147888", "pid":"1", "tid":"wave"},
{"name":"ModelAdvance", "ph":"E", "ts":"2783837112", "pid":"1", "tid":"wave"},
{"name":"ModelSetRunClock", "ph":"B", "ts":"2786265386", "pid":"1", "tid":"wave"},
{"name":"ModelSetRunClock", "ph":"E", "ts":"2786265495", "pid":"1", "tid":"wave"},
{"name":"ModelAdvance", "ph":"B", "ts":"2786265625", "pid":"1", "tid":"wave"},
{"name":"ModelAdvance", "ph":"E", "ts":"2793340099", "pid":"1", "tid":"wave"},
{"name":"ModelSetRunClock", "ph":"B", "ts":"2795621791", "pid":"1", "tid":"wave"},
{"name":"ModelSetRunClock", "ph":"E", "ts":"2795621853", "pid":"1", "tid":"wave"},
{"name":"ModelAdvance", "ph":"B", "ts":"2795621965", "pid":"1", "tid":"wave"},
{"name":"ModelAdvance", "ph":"E", "ts":"2802486314", "pid":"1", "tid":"wave"},
{"name":"ModelSetRunClock", "ph":"B", "ts":"2804660593", "pid":"1", "tid":"wave"},
{"name":"ModelSetRunClock", "ph":"E", "ts":"2804660659", "pid":"1", "tid":"wave"},
{"name":"ModelAdvance", "ph":"B", "ts":"2804660799", "pid":"1", "tid":"wave"},
{"name":"ModelAdvance", "ph":"E", "ts":"2811394678", "pid":"1", "tid":"wave"},
{"name":"ModelSetRunClock", "ph":"B", "ts":"2813521077", "pid":"1", "tid":"wave"},
{"name":"ModelSetRunClock", "ph":"E", "ts":"2813521449", "pid":"1", "tid":"wave"},
{"name":"ModelAdvance", "ph":"B", "ts":"2813521573", "pid":"1", "tid":"wave"},
{"name":"ModelAdvance", "ph":"E", "ts":"2820101092", "pid":"1", "tid":"wave"},
{"name":"ModelSetRunClock", "ph":"B", "ts":"2822156962", "pid":"1", "tid":"wave"},
{"name":"ModelSetRunClock", "ph":"E", "ts":"2822157084", "pid":"1", "tid":"wave"},
{"name":"ModelAdvance", "ph":"B", "ts":"2822157228", "pid":"1", "tid":"wave"},
{"name":"ModelAdvance", "ph":"E", "ts":"2828640084", "pid":"1", "tid":"wave"},
{"name":"ModelSetRunClock", "ph":"B", "ts":"2830636669", "pid":"1", "tid":"wave"},
{"name":"ModelSetRunClock", "ph":"E", "ts":"2830636730", "pid":"1", "tid":"wave"},
{"name":"ModelAdvance", "ph":"B", "ts":"2830636835", "pid":"1", "tid":"wave"},
{"name":"ModelAdvance", "ph":"E", "ts":"2837023278", "pid":"1", "tid":"wave"},
{"name":"ModelSetRunClock", "ph":"B", "ts":"2838947018", "pid":"1", "tid":"wave"},
{"name":"ModelSetRunClock", "ph":"E", "ts":"2838947399", "pid":"1", "tid":"wave"},
{"name":"ModelAdvance", "ph":"B", "ts":"2838947525", "pid":"1", "tid":"wave"},
{"name":"ModelAdvance", "ph":"E", "ts":"2845194445", "pid":"1", "tid":"wave"},
{"name":"ModelSetRunClock", "ph":"B", "ts":"2847058027", "pid":"1", "tid":"wave"},
{"name":"ModelSetRunClock", "ph":"E", "ts":"2847058086", "pid":"1", "tid":"wave"},
{"name":"ModelAdvance", "ph":"B", "ts":"2847058177", "pid":"1", "tid":"wave"},
{"name":"ModelAdvance", "ph":"E", "ts":"2853227506", "pid":"1", "tid":"wave"},
{"name":"ModelSetRunClock", "ph":"B", "ts":"2855067885", "pid":"1", "tid":"wave"},
{"name":"ModelSetRunClock", "ph":"E", "ts":"2855068011", "pid":"1", "tid":"wave"},
{"name":"ModelAdvance", "ph":"B", "ts":"2855068155", "pid":"1", "tid":"wave"},
{"name":"ModelAdvance", "ph":"E", "ts":"2861130537", "pid":"1", "tid":"wave"},
{"name":"ModelSetRunClock", "ph":"B", "ts":"2862909823", "pid":"1", "tid":"wave"},
{"name":"ModelSetRunClock", "ph":"E", "ts":"2862909894", "pid":"1", "tid":"wave"},
{"name":"ModelAdvance", "ph":"B", "ts":"2862910023", "pid":"1", "tid":"wave"},
{"name":"ModelAdvance", "ph":"E", "ts":"2868942337", "pid":"1", "tid":"wave"},
{"name":"ModelSetRunClock", "ph":"B", "ts":"2871167912", "pid":"1", "tid":"wave"},
{"name":"ModelSetRunClock", "ph":"E", "ts":"2871168007", "pid":"1", "tid":"wave"},
{"name":"ModelAdvance", "ph":"B", "ts":"2871168163", "pid":"1", "tid":"wave"},
{"name":"ModelAdvance", "ph":"E", "ts":"2877151169", "pid":"1", "tid":"wave"},
{"name":"ModelSetRunClock", "ph":"B", "ts":"2879009725", "pid":"1", "tid":"wave"},
{"name":"ModelSetRunClock", "ph":"E", "ts":"2879009780", "pid":"1", "tid":"wave"},
{"name":"ModelAdvance", "ph":"B", "ts":"2879009886", "pid":"1", "tid":"wave"},
{"name":"ModelAdvance", "ph":"E", "ts":"2884881472", "pid":"1", "tid":"wave"},
{"name":"ModelSetRunClock", "ph":"B", "ts":"2887255934", "pid":"1", "tid":"wave"},
{"name":"ModelSetRunClock", "ph":"E", "ts":"2887256044", "pid":"1", "tid":"wave"},
{"name":"ModelAdvance", "ph":"B", "ts":"2887256146", "pid":"1", "tid":"wave"},
{"name":"ModelAdvance", "ph":"E", "ts":"2893022523", "pid":"1", "tid":"wave"},
{"name":"ModelSetRunClock", "ph":"B", "ts":"2895038421", "pid":"1", "tid":"wave"},
{"name":"ModelSetRunClock", "ph":"E", "ts":"2895038481", "pid":"1", "tid":"wave"},
{"name":"ModelAdvance", "ph":"B", "ts":"2895038559", "pid":"1", "tid":"wave"},
{"name":"ModelAdvance", "ph":"E", "ts":"2900749784", "pid":"1", "tid":"wave"},
{"name":"ModelSetRunClock", "ph":"B", "ts":"2903676803", "pid":"1", "tid":"wave"},
{"name":"ModelSetRunClock", "ph":"E", "ts":"2903676867", "pid":"1", "tid":"wave"},
{"name":"ModelAdvance", "ph":"B", "ts":"2903676961", "pid":"1", "tid":"wave"},
{"name":"ModelAdvance", "ph":"E", "ts":"2909370003", "pid":"1", "tid":"wave"},
{"name":"ModelSetRunClock", "ph":"B", "ts":"2911954698", "pid":"1", "tid":"wave"},
{"name":"ModelSetRunClock", "ph":"E", "ts":"2911954801", "pid":"1", "tid":"wave"},
{"name":"ModelAdvance", "ph":"B", "ts":"2911954900", "pid":"1", "tid":"wave"},
{"name":"ModelAdvance", "ph":"E", "ts":"2917549943", "pid":"1", "tid":"wave"},
{"name":"ModelSetRunClock", "ph":"B", "ts":"2920270785", "pid":"1", "tid":"wave"},
{"name":"ModelSetRunClock", "ph":"E", "ts":"2920270931", "pid":"1", "tid":"wave"},
{"name":"ModelAdvance", "ph":"B", "ts":"2920271080", "pid":"1", "tid":"wave"},
{"name":"ModelAdvance", "ph":"E", "ts":"2925786274", "pid":"1", "tid":"wave"},
{"name":"ModelSetRunClock", "ph":"B", "ts":"2927939387", "pid":"1", "tid":"wave"},
{"name":"ModelSetRunClock", "ph":"E", "ts":"2927939524", "pid":"1", "tid":"wave"},
{"name":"ModelAdvance", "ph":"B", "ts":"2927939649", "pid":"1", "tid":"wave"},
{"name":"ModelAdvance", "ph":"E", "ts":"2933386426", "pid":"1", "tid":"wave"},
{"name":"ModelSetRunClock", "ph":"B", "ts":"2935816358", "pid":"1", "tid":"wave"},
{"name":"ModelSetRunClock", "ph":"E", "ts":"2935816421", "pid":"1", "tid":"wave"},
{"name":"ModelAdvance", "ph":"B", "ts":"2935816512", "pid":"1", "tid":"wave"},
{"name":"ModelAdvance", "ph":"E", "ts":"2941230175", "pid":"1", "tid":"wave"},
{"name":"ModelSetRunClock", "ph":"B", "ts":"2942929551", "pid":"1", "tid":"wave"},
{"name":"ModelSetRunClock", "ph":"E", "ts":"2942929612", "pid":"1", "tid":"wave"},
{"name":"ModelAdvance", "ph":"B", "ts":"2942929702", "pid":"1", "tid":"wave"},
{"name":"ModelAdvance", "ph":"E", "ts":"2948304286", "pid":"1", "tid":"wave"},
{"name":"ModelSetRunClock", "ph":"B", "ts":"2950665470", "pid":"1", "tid":"wave"},
{"name":"ModelSetRunClock", "ph":"E", "ts":"2950665607", "pid":"1", "tid":"wave"},
{"name":"ModelAdvance", "ph":"B", "ts":"2950665788", "pid":"1", "tid":"wave"},
{"name":"ModelAdvance", "ph":"E", "ts":"2955988503", "pid":"1", "tid":"wave"},
{"name":"ModelSetRunClock", "ph":"B", "ts":"2957760396", "pid":"1", "tid":"wave"},
{"name":"ModelSetRunClock", "ph":"E", "ts":"2957760473", "pid":"1", "tid":"wave"},
{"name":"ModelAdvance", "ph":"B", "ts":"2957760661", "pid":"1", "tid":"wave"},
{"name":"ModelAdvance", "ph":"E", "ts":"2962991658", "pid":"1", "tid":"wave"},
{"name":"ModelSetRunClock", "ph":"B", "ts":"2965518668", "pid":"1", "tid":"wave"},
{"name":"ModelSetRunClock", "ph":"E", "ts":"2965518752", "pid":"1", "tid":"wave"},
{"name":"ModelAdvance", "ph":"B", "ts":"2965518894", "pid":"1", "tid":"wave"},
{"name":"ModelAdvance", "ph":"E", "ts":"2970687398", "pid":"1", "tid":"wave"},
{"name":"ModelSetRunClock", "ph":"B", "ts":"2972726474", "pid":"1", "tid":"wave"},
{"name":"ModelSetRunClock", "ph":"E", "ts":"2972726554", "pid":"1", "tid":"wave"},
{"name":"ModelAdvance", "ph":"B", "ts":"2972726672", "pid":"1", "tid":"wave"},
{"name":"ModelAdvance", "ph":"E", "ts":"2977884564", "pid":"1", "tid":"wave"},
{"name":"ModelSetRunClock", "ph":"B", "ts":"2980518750", "pid":"1", "tid":"wave"},
{"name":"ModelSetRunClock", "ph":"E", "ts":"2980518811", "pid":"1", "tid":"wave"},
{"name":"ModelAdvance", "ph":"B", "ts":"2980518890", "pid":"1", "tid":"wave"},
{"name":"ModelAdvance", "ph":"E", "ts":"2985704382", "pid":"1", "tid":"wave"},
{"name":"ModelSetRunClock", "ph":"B", "ts":"2987582184", "pid":"1", "tid":"wave"},
{"name":"ModelSetRunClock", "ph":"E", "ts":"2987582250", "pid":"1", "tid":"wave"},
{"name":"ModelAdvance", "ph":"B", "ts":"2987582389", "pid":"1", "tid":"wave"},
{"name":"ModelAdvance", "ph":"E", "ts":"2992724941", "pid":"1", "tid":"wave"},
{"name":"ModelSetRunClock", "ph":"B", "ts":"2995283330", "pid":"1", "tid":"wave"},
{"name":"ModelSetRunClock", "ph":"E", "ts":"2995283391", "pid":"1", "tid":"wave"},
{"name":"ModelAdvance", "ph":"B", "ts":"2995283486", "pid":"1", "tid":"wave"},
{"name":"ModelAdvance", "ph":"E", "ts":"3000480222", "pid":"1", "tid":"wave"},
{"name":"ModelSetRunClock", "ph":"B", "ts":"3002326035", "pid":"1", "tid":"wave"},
{"name":"ModelSetRunClock", "ph":"E", "ts":"3002326105", "pid":"1", "tid":"wave"},
{"name":"ModelAdvance", "ph":"B", "ts":"3002326262", "pid":"1", "tid":"wave"},
{"name":"ModelAdvance", "ph":"E", "ts":"3007558740", "pid":"1", "tid":"wave"},
{"name":"ModelSetRunClock", "ph":"B", "ts":"3010374482", "pid":"1", "tid":"wave"},
{"name":"ModelSetRunClock", "ph":"E", "ts":"3010374546", "pid":"1", "tid":"wave"},
{"name":"ModelAdvance", "ph":"B", "ts":"3010374750", "pid":"1", "tid":"wave"},
{"name":"ModelAdvance", "ph":"E", "ts":"3015547458", "pid":"1", "tid":"wave"},
{"name":"ModelSetRunClock", "ph":"B", "ts":"3017654713", "pid":"1", "tid":"wave"},
{"name":"ModelSetRunClock", "ph":"E", "ts":"3017654787", "pid":"1", "tid":"wave"},
{"name":"ModelAdvance", "ph":"B", "ts":"3017654936", "pid":"1", "tid":"wave"},
{"name":"ModelAdvance", "ph":"E", "ts":"3022760794", "pid":"1", "tid":"wave"},
{"name":"ModelSetRunClock", "ph":"B", "ts":"3025461944", "pid":"1", "tid":"wave"},
{"name":"ModelSetRunClock", "ph":"E", "ts":"3025462031", "pid":"1", "tid":"wave"},
{"name":"ModelAdvance", "ph":"B", "ts":"3025462149", "pid":"1", "tid":"wave"},
{"name":"ModelAdvance", "ph":"E", "ts":"3030530685", "pid":"1", "tid":"wave"},
{"name":"ModelSetRunClock", "ph":"B", "ts":"3032645953", "pid":"1", "tid":"wave"},
{"name":"ModelSetRunClock", "ph":"E", "ts":"3032646053", "pid":"1", "tid":"wave"},
{"name":"ModelAdvance", "ph":"B", "ts":"3032646195", "pid":"1", "tid":"wave"},
{"name":"ModelAdvance", "ph":"E", "ts":"3037884096", "pid":"1", "tid":"wave"},
{"name":"ModelSetRunClock", "ph":"B", "ts":"3040738598", "pid":"1", "tid":"wave"},
{"name":"ModelSetRunClock", "ph":"E", "ts":"3040738664", "pid":"1", "tid":"wave"},
{"name":"ModelAdvance", "ph":"B", "ts":"3040738752", "pid":"1", "tid":"wave"},
{"name":"ModelAdvance", "ph":"E", "ts":"3046107223", "pid":"1", "tid":"wave"},
{"name":"ModelSetRunClock", "ph":"B", "ts":"3048416609", "pid":"1", "tid":"wave"},
{"name":"ModelSetRunClock", "ph":"E", "ts":"3048416670", "pid":"1", "tid":"wave"},
{"name":"ModelAdvance", "ph":"B", "ts":"3048416779", "pid":"1", "tid":"wave"},
{"name":"ModelAdvance", "ph":"E", "ts":"3053960638", "pid":"1", "tid":"wave"},
{"name":"ModelSetRunClock", "ph":"B", "ts":"3056777939", "pid":"1", "tid":"wave"},
{"name":"ModelSetRunClock", "ph":"E", "ts":"3056778000", "pid":"1", "tid":"wave"},
{"name":"ModelAdvance", "ph":"B", "ts":"3056778084", "pid":"1", "tid":"wave"},
{"name":"ModelAdvance", "ph":"E", "ts":"3062463156", "pid":"1", "tid":"wave"},
{"name":"ModelSetRunClock", "ph":"B", "ts":"3064372748", "pid":"1", "tid":"wave"},
{"name":"ModelSetRunClock", "ph":"E", "ts":"3064372818", "pid":"1", "tid":"wave"},
{"name":"ModelAdvance", "ph":"B", "ts":"3064372987", "pid":"1", "tid":"wave"},
{"name":"ModelAdvance", "ph":"E", "ts":"3070152364", "pid":"1", "tid":"wave"},
{"name":"ModelSetRunClock", "ph":"B", "ts":"3084898975", "pid":"1", "tid":"wave"},
{"name":"ModelSetRunClock", "ph":"E", "ts":"3084899363", "pid":"1", "tid":"wave"},
{"name":"ModelAdvance", "ph":"B", "ts":"3084899483", "pid":"1", "tid":"wave"},
{"name":"ModelAdvance", "ph":"E", "ts":"3090655881", "pid":"1", "tid":"wave"},
{"name":"ModelSetRunClock", "ph":"B", "ts":"3092237415", "pid":"1", "tid":"wave"},
{"name":"ModelSetRunClock", "ph":"E", "ts":"3092237475", "pid":"1", "tid":"wave"},
{"name":"ModelAdvance", "ph":"B", "ts":"3092237584", "pid":"1", "tid":"wave"},
{"name":"ModelAdvance", "ph":"E", "ts":"3097968781", "pid":"1", "tid":"wave"},
{"name":"ModelSetRunClock", "ph":"B", "ts":"3100015031", "pid":"1", "tid":"wave"},
{"name":"ModelSetRunClock", "ph":"E", "ts":"3100015098", "pid":"1", "tid":"wave"},
{"name":"ModelAdvance", "ph":"B", "ts":"3100015246", "pid":"1", "tid":"wave"},
{"name":"ModelAdvance", "ph":"E", "ts":"3105687895", "pid":"1", "tid":"wave"},
{"name":"ModelSetRunClock", "ph":"B", "ts":"3107229474", "pid":"1", "tid":"wave"},
{"name":"ModelSetRunClock", "ph":"E", "ts":"3107229570", "pid":"1", "tid":"wave"},
{"name":"ModelAdvance", "ph":"B", "ts":"3107229728", "pid":"1", "tid":"wave"},
{"name":"ModelAdvance", "ph":"E", "ts":"3112872174", "pid":"1", "tid":"wave"},
{"name":"ModelSetRunClock", "ph":"B", "ts":"3114996776", "pid":"1", "tid":"wave"},
{"name":"ModelSetRunClock", "ph":"E", "ts":"3114996837", "pid":"1", "tid":"wave"},
{"name":"ModelAdvance", "ph":"B", "ts":"3114996974", "pid":"1", "tid":"wave"},
{"name":"ModelAdvance", "ph":"E", "ts":"3120610756", "pid":"1", "tid":"wave"},
{"name":"ModelSetRunClock", "ph":"B", "ts":"3122332306", "pid":"1", "tid":"wave"},
{"name":"ModelSetRunClock", "ph":"E", "ts":"3122332533", "pid":"1", "tid":"wave"},
{"name":"ModelAdvance", "ph":"B", "ts":"3122332679", "pid":"1", "tid":"wave"},
{"name":"ModelAdvance", "ph":"E", "ts":"3127889846", "pid":"1", "tid":"wave"},
{"name":"ModelSetRunClock", "ph":"B", "ts":"3130445066", "pid":"1", "tid":"wave"},
{"name":"ModelSetRunClock", "ph":"E", "ts":"3130445127", "pid":"1", "tid":"wave"},
{"name":"ModelAdvance", "ph":"B", "ts":"3130445228", "pid":"1", "tid":"wave"},
{"name":"ModelAdvance", "ph":"E", "ts":"3135971134", "pid":"1", "tid":"wave"},
{"name":"ModelSetRunClock", "ph":"B", "ts":"3137941139", "pid":"1", "tid":"wave"},
{"name":"ModelSetRunClock", "ph":"E", "ts":"3137941202", "pid":"1", "tid":"wave"},
{"name":"ModelAdvance", "ph":"B", "ts":"3137941326", "pid":"1", "tid":"wave"},
{"name":"ModelAdvance", "ph":"E", "ts":"3143440011", "pid":"1", "tid":"wave"},
{"name":"ModelSetRunClock", "ph":"B", "ts":"3145967731", "pid":"1", "tid":"wave"},
{"name":"ModelSetRunClock", "ph":"E", "ts":"3145967794", "pid":"1", "tid":"wave"},
{"name":"ModelAdvance", "ph":"B", "ts":"3145967946", "pid":"1", "tid":"wave"},
{"name":"ModelAdvance", "ph":"E", "ts":"3151469508", "pid":"1", "tid":"wave"},
{"name":"ModelSetRunClock", "ph":"B", "ts":"3153144115", "pid":"1", "tid":"wave"},
{"name":"ModelSetRunClock", "ph":"E", "ts":"3153144184", "pid":"1", "tid":"wave"},
{"name":"ModelAdvance", "ph":"B", "ts":"3153144291", "pid":"1", "tid":"wave"},
{"name":"ModelAdvance", "ph":"E", "ts":"3158661397", "pid":"1", "tid":"wave"},
{"name":"ModelSetRunClock", "ph":"B", "ts":"3161040352", "pid":"1", "tid":"wave"},
{"name":"ModelSetRunClock", "ph":"E", "ts":"3161040410", "pid":"1", "tid":"wave"},
{"name":"ModelAdvance", "ph":"B", "ts":"3161040487", "pid":"1", "tid":"wave"},
{"name":"ModelAdvance", "ph":"E", "ts":"3166565433", "pid":"1", "tid":"wave"},
{"name":"ModelSetRunClock", "ph":"B", "ts":"3168335564", "pid":"1", "tid":"wave"},
{"name":"ModelSetRunClock", "ph":"E", "ts":"3168335625", "pid":"1", "tid":"wave"},
{"name":"ModelAdvance", "ph":"B", "ts":"3168335732", "pid":"1", "tid":"wave"},
{"name":"ModelAdvance", "ph":"E", "ts":"3173853659", "pid":"1", "tid":"wave"},
{"name":"ModelSetRunClock", "ph":"B", "ts":"3176329311", "pid":"1", "tid":"wave"},
{"name":"ModelSetRunClock", "ph":"E", "ts":"3176329371", "pid":"1", "tid":"wave"},
{"name":"ModelAdvance", "ph":"B", "ts":"3176329446", "pid":"1", "tid":"wave"},
{"name":"ModelAdvance", "ph":"E", "ts":"3181853422", "pid":"1", "tid":"wave"},
{"name":"ModelSetRunClock", "ph":"B", "ts":"3183726330", "pid":"1", "tid":"wave"},
{"name":"ModelSetRunClock", "ph":"E", "ts":"3183726392", "pid":"1", "tid":"wave"},
{"name":"ModelAdvance", "ph":"B", "ts":"3183726501", "pid":"1", "tid":"wave"},
{"name":"ModelAdvance", "ph":"E", "ts":"3189242552", "pid":"1", "tid":"wave"},
{"name":"ModelSetRunClock", "ph":"B", "ts":"3191555506", "pid":"1", "tid":"wave"},
{"name":"ModelSetRunClock", "ph":"E", "ts":"3191555601", "pid":"1", "tid":"wave"},
{"name":"ModelAdvance", "ph":"B", "ts":"3191555744", "pid":"1", "tid":"wave"},
{"name":"ModelAdvance", "ph":"E", "ts":"3197039671", "pid":"1", "tid":"wave"},
{"name":"ModelSetRunClock", "ph":"B", "ts":"3198725536", "pid":"1", "tid":"wave"},
{"name":"ModelSetRunClock", "ph":"E", "ts":"3198725598", "pid":"1", "tid":"wave"},
{"name":"ModelAdvance", "ph":"B", "ts":"3198725671", "pid":"1", "tid":"wave"},
{"name":"ModelAdvance", "ph":"E", "ts":"3204215678", "pid":"1", "tid":"wave"},
{"name":"ModelSetRunClock", "ph":"B", "ts":"3206532466", "pid":"1", "tid":"wave"},
{"name":"ModelSetRunClock", "ph":"E", "ts":"3206532529", "pid":"1", "tid":"wave"},
{"name":"ModelAdvance", "ph":"B", "ts":"3206532635", "pid":"1", "tid":"wave"},
{"name":"ModelAdvance", "ph":"E", "ts":"3212007094", "pid":"1", "tid":"wave"},
{"name":"ModelSetRunClock", "ph":"B", "ts":"3213729220", "pid":"1", "tid":"wave"},
{"name":"ModelSetRunClock", "ph":"E", "ts":"3213729281", "pid":"1", "tid":"wave"},
{"name":"ModelAdvance", "ph":"B", "ts":"3213729372", "pid":"1", "tid":"wave"},
{"name":"ModelAdvance", "ph":"E", "ts":"3219211705", "pid":"1", "tid":"wave"},
{"name":"ModelSetRunClock", "ph":"B", "ts":"3221608338", "pid":"1", "tid":"wave"},
{"name":"ModelSetRunClock", "ph":"E", "ts":"3221608446", "pid":"1", "tid":"wave"},
{"name":"ModelAdvance", "ph":"B", "ts":"3221608573", "pid":"1", "tid":"wave"},
{"name":"ModelAdvance", "ph":"E", "ts":"3227110971", "pid":"1", "tid":"wave"},
{"name":"ModelSetRunClock", "ph":"B", "ts":"3228784305", "pid":"1", "tid":"wave"},
{"name":"ModelSetRunClock", "ph":"E", "ts":"3228784371", "pid":"1", "tid":"wave"},
{"name":"ModelAdvance", "ph":"B", "ts":"3228784465", "pid":"1", "tid":"wave"},
{"name":"ModelAdvance", "ph":"E", "ts":"3234315262", "pid":"1", "tid":"wave"},
{"name":"ModelSetRunClock", "ph":"B", "ts":"3236625135", "pid":"1", "tid":"wave"},
{"name":"ModelSetRunClock", "ph":"E", "ts":"3236625196", "pid":"1", "tid":"wave"},
{"name":"ModelAdvance", "ph":"B", "ts":"3236625277", "pid":"1", "tid":"wave"},
{"name":"ModelAdvance", "ph":"E", "ts":"3242196861", "pid":"1", "tid":"wave"},
{"name":"ModelSetRunClock", "ph":"B", "ts":"3243782131", "pid":"1", "tid":"wave"},
{"name":"ModelSetRunClock", "ph":"E", "ts":"3243782197", "pid":"1", "tid":"wave"},
{"name":"ModelAdvance", "ph":"B", "ts":"3243782336", "pid":"1", "tid":"wave"},
{"name":"ModelAdvance", "ph":"E", "ts":"3249306631", "pid":"1", "tid":"wave"},
{"name":"ModelSetRunClock", "ph":"B", "ts":"3251635101", "pid":"1", "tid":"wave"},
{"name":"ModelSetRunClock", "ph":"E", "ts":"3251635184", "pid":"1", "tid":"wave"},
{"name":"ModelAdvance", "ph":"B", "ts":"3251635321", "pid":"1", "tid":"wave"},
{"name":"ModelAdvance", "ph":"E", "ts":"3257192579", "pid":"1", "tid":"wave"},
{"name":"ModelSetRunClock", "ph":"B", "ts":"3258877247", "pid":"1", "tid":"wave"},
{"name":"ModelSetRunClock", "ph":"E", "ts":"3258877311", "pid":"1", "tid":"wave"},
{"name":"ModelAdvance", "ph":"B", "ts":"3258877471", "pid":"1", "tid":"wave"},
{"name":"ModelAdvance", "ph":"E", "ts":"3264473664", "pid":"1", "tid":"wave"},
{"name":"ModelSetRunClock", "ph":"B", "ts":"3266755902", "pid":"1", "tid":"wave"},
{"name":"ModelSetRunClock", "ph":"E", "ts":"3266755965", "pid":"1", "tid":"wave"},
{"name":"ModelAdvance", "ph":"B", "ts":"3266756150", "pid":"1", "tid":"wave"},
{"name":"ModelAdvance", "ph":"E", "ts":"3272228961", "pid":"1", "tid":"wave"},
{"name":"ModelSetRunClock", "ph":"B", "ts":"3273921208", "pid":"1", "tid":"wave"},
{"name":"ModelSetRunClock", "ph":"E", "ts":"3273921273", "pid":"1", "tid":"wave"},
{"name":"ModelAdvance", "ph":"B", "ts":"3273921359", "pid":"1", "tid":"wave"},
{"name":"ModelAdvance", "ph":"E", "ts":"3279374878", "pid":"1", "tid":"wave"},
{"name":"ModelSetRunClock", "ph":"B", "ts":"3281753687", "pid":"1", "tid":"wave"},
{"name":"ModelSetRunClock", "ph":"E", "ts":"3281753755", "pid":"1", "tid":"wave"},
{"name":"ModelAdvance", "ph":"B", "ts":"3281753896", "pid":"1", "tid":"wave"},
{"name":"ModelAdvance", "ph":"E", "ts":"3287253058", "pid":"1", "tid":"wave"},
{"name":"ModelSetRunClock", "ph":"B", "ts":"3288916285", "pid":"1", "tid":"wave"},
{"name":"ModelSetRunClock", "ph":"E", "ts":"3288916668", "pid":"1", "tid":"wave"},
{"name":"ModelAdvance", "ph":"B", "ts":"3288916797", "pid":"1", "tid":"wave"},
{"name":"ModelAdvance", "ph":"E", "ts":"3294437548", "pid":"1", "tid":"wave"},
{"name":"ModelSetRunClock", "ph":"B", "ts":"3296720369", "pid":"1", "tid":"wave"},
{"name":"ModelSetRunClock", "ph":"E", "ts":"3296720455", "pid":"1", "tid":"wave"},
{"name":"ModelAdvance", "ph":"B", "ts":"3296720617", "pid":"1", "tid":"wave"},
{"name":"ModelAdvance", "ph":"E", "ts":"3302313837", "pid":"1", "tid":"wave"},
{"name":"ModelSetRunClock", "ph":"B", "ts":"3303856816", "pid":"1", "tid":"wave"},
{"name":"ModelSetRunClock", "ph":"E", "ts":"3303856894", "pid":"1", "tid":"wave"},
{"name":"ModelAdvance", "ph":"B", "ts":"3303857048", "pid":"1", "tid":"wave"},
{"name":"ModelAdvance", "ph":"E", "ts":"3309504506", "pid":"1", "tid":"wave"},
{"name":"ModelSetRunClock", "ph":"B", "ts":"3311673259", "pid":"1", "tid":"wave"},
{"name":"ModelSetRunClock", "ph":"E", "ts":"3311673322", "pid":"1", "tid":"wave"},
{"name":"ModelAdvance", "ph":"B", "ts":"3311673788", "pid":"1", "tid":"wave"},
{"name":"ModelAdvance", "ph":"E", "ts":"3317368654", "pid":"1", "tid":"wave"},
{"name":"ModelSetRunClock", "ph":"B", "ts":"3318961969", "pid":"1", "tid":"wave"},
{"name":"ModelSetRunClock", "ph":"E", "ts":"3318962306", "pid":"1", "tid":"wave"},
{"name":"ModelAdvance", "ph":"B", "ts":"3318962426", "pid":"1", "tid":"wave"},
{"name":"ModelAdvance", "ph":"E", "ts":"3324703888", "pid":"1", "tid":"wave"},
{"name":"ModelSetRunClock", "ph":"B", "ts":"3326774721", "pid":"1", "tid":"wave"},
{"name":"ModelSetRunClock", "ph":"E", "ts":"3326774796", "pid":"1", "tid":"wave"},
{"name":"ModelAdvance", "ph":"B", "ts":"3326774909", "pid":"1", "tid":"wave"},
{"name":"ModelAdvance", "ph":"E", "ts":"3332579618", "pid":"1", "tid":"wave"},
{"name":"ModelSetRunClock", "ph":"B", "ts":"3334254026", "pid":"1", "tid":"wave"},
{"name":"ModelSetRunClock", "ph":"E", "ts":"3334254140", "pid":"1", "tid":"wave"},
{"name":"ModelAdvance", "ph":"B", "ts":"3334254271", "pid":"1", "tid":"wave"},
{"name":"ModelAdvance", "ph":"E", "ts":"3340143700", "pid":"1", "tid":"wave"},
{"name":"ModelSetRunClock", "ph":"B", "ts":"3342393379", "pid":"1", "tid":"wave"},
{"name":"ModelSetRunClock", "ph":"E", "ts":"3342393446", "pid":"1", "tid":"wave"},
{"name":"ModelAdvance", "ph":"B", "ts":"3342393596", "pid":"1", "tid":"wave"},
{"name":"ModelAdvance", "ph":"E", "ts":"3348303793", "pid":"1", "tid":"wave"},
{"name":"ModelSetRunClock", "ph":"B", "ts":"3350027104", "pid":"1", "tid":"wave"},
{"name":"ModelSetRunClock", "ph":"E", "ts":"3350027374", "pid":"1", "tid":"wave"},
{"name":"ModelAdvance", "ph":"B", "ts":"3350027535", "pid":"1", "tid":"wave"},
{"name":"ModelAdvance", "ph":"E", "ts":"3355956555", "pid":"1", "tid":"wave"},
{"name":"ModelSetRunClock", "ph":"B", "ts":"3357820756", "pid":"1", "tid":"wave"},
{"name":"ModelSetRunClock", "ph":"E", "ts":"3357820816", "pid":"1", "tid":"wave"},
{"name":"ModelAdvance", "ph":"B", "ts":"3357820900", "pid":"1", "tid":"wave"},
{"name":"ModelAdvance", "ph":"E", "ts":"3363705190", "pid":"1", "tid":"wave"},
{"name":"ModelSetRunClock", "ph":"B", "ts":"3365429523", "pid":"1", "tid":"wave"},
{"name":"ModelSetRunClock", "ph":"E", "ts":"3365429592", "pid":"1", "tid":"wave"},
{"name":"ModelAdvance", "ph":"B", "ts":"3365429678", "pid":"1", "tid":"wave"},
{"name":"ModelAdvance", "ph":"E", "ts":"3371289308", "pid":"1", "tid":"wave"},
{"name":"ModelSetRunClock", "ph":"B", "ts":"3373179079", "pid":"1", "tid":"wave"},
{"name":"ModelSetRunClock", "ph":"E", "ts":"3373179159", "pid":"1", "tid":"wave"},
{"name":"ModelAdvance", "ph":"B", "ts":"3373179387", "pid":"1", "tid":"wave"},
{"name":"ModelAdvance", "ph":"E", "ts":"3378989060", "pid":"1", "tid":"wave"},
{"name":"ModelSetRunClock", "ph":"B", "ts":"3380688775", "pid":"1", "tid":"wave"},
{"name":"ModelSetRunClock", "ph":"E", "ts":"3380689161", "pid":"1", "tid":"wave"},
{"name":"ModelAdvance", "ph":"B", "ts":"3380689286", "pid":"1", "tid":"wave"},
{"name":"ModelAdvance", "ph":"E", "ts":"3386480435", "pid":"1", "tid":"wave"},
{"name":"ModelSetRunClock", "ph":"B", "ts":"3388447469", "pid":"1", "tid":"wave"},
{"name":"ModelSetRunClock", "ph":"E", "ts":"3388447568", "pid":"1", "tid":"wave"},
{"name":"ModelAdvance", "ph":"B", "ts":"3388447726", "pid":"1", "tid":"wave"},
{"name":"ModelAdvance", "ph":"E", "ts":"3394182725", "pid":"1", "tid":"wave"},
{"name":"ModelSetRunClock", "ph":"B", "ts":"3395837728", "pid":"1", "tid":"wave"},
{"name":"ModelSetRunClock", "ph":"E", "ts":"3395837823", "pid":"1", "tid":"wave"},
{"name":"ModelAdvance", "ph":"B", "ts":"3395837990", "pid":"1", "tid":"wave"},
{"name":"ModelAdvance", "ph":"E", "ts":"3401491725", "pid":"1", "tid":"wave"},
{"name":"ModelSetRunClock", "ph":"B", "ts":"3403663188", "pid":"1", "tid":"wave"},
{"name":"ModelSetRunClock", "ph":"E", "ts":"3403663324", "pid":"1", "tid":"wave"},
{"name":"ModelAdvance", "ph":"B", "ts":"3403663433", "pid":"1", "tid":"wave"},
{"name":"ModelAdvance", "ph":"E", "ts":"3409260567", "pid":"1", "tid":"wave"},
{"name":"ModelSetRunClock", "ph":"B", "ts":"3410815714", "pid":"1", "tid":"wave"},
{"name":"ModelSetRunClock", "ph":"E", "ts":"3410816045", "pid":"1", "tid":"wave"},
{"name":"ModelAdvance", "ph":"B", "ts":"3410816168", "pid":"1", "tid":"wave"},
{"name":"ModelAdvance", "ph":"E", "ts":"3416318213", "pid":"1", "tid":"wave"},
{"name":"ModelSetRunClock", "ph":"B", "ts":"3418555287", "pid":"1", "tid":"wave"},
{"name":"ModelSetRunClock", "ph":"E", "ts":"3418555351", "pid":"1", "tid":"wave"},
{"name":"ModelAdvance", "ph":"B", "ts":"3418555521", "pid":"1", "tid":"wave"},
{"name":"ModelAdvance", "ph":"E", "ts":"3423944100", "pid":"1", "tid":"wave"},
{"name":"ModelSetRunClock", "ph":"B", "ts":"3425610960", "pid":"1", "tid":"wave"},
{"name":"ModelSetRunClock", "ph":"E", "ts":"3425611034", "pid":"1", "tid":"wave"},
{"name":"ModelAdvance", "ph":"B", "ts":"3425611157", "pid":"1", "tid":"wave"},
{"name":"ModelAdvance", "ph":"E", "ts":"3430934561", "pid":"1", "tid":"wave"},
{"name":"ModelSetRunClock", "ph":"B", "ts":"3433361001", "pid":"1", "tid":"wave"},
{"name":"ModelSetRunClock", "ph":"E", "ts":"3433361093", "pid":"1", "tid":"wave"},
{"name":"ModelAdvance", "ph":"B", "ts":"3433361240", "pid":"1", "tid":"wave"},
{"name":"ModelAdvance", "ph":"E", "ts":"3438716114", "pid":"1", "tid":"wave"},
{"name":"ModelFinalize", "ph":"B", "ts":"3438722005", "pid":"1", "tid":"wave"},
{"name":"ModelFinalize", "ph":"E", "ts":"3438722029", "pid":"1", "tid":"wave"},
