{"name":"SetServices", "ph":"B", "ts":"2404919456", "pid":"1", "tid":"mom"},
{"name":"SetServices", "ph":"E", "ts":"2404922039", "pid":"1", "tid":"mom"},
{"name":"InitializeP0", "ph":"B", "ts":"2406204171", "pid":"1", "tid":"mom"},
{"name":"InitializeP0", "ph":"E", "ts":"2406204570", "pid":"1", "tid":"mom"},
{"name":"InitializeAdvertise", "ph":"B", "ts":"2437626806", "pid":"1", "tid":"mom"},
{"name":"InitializeAdvertise", "ph":"E", "ts":"2492747924", "pid":"1", "tid":"mom"},
{"name":"InitializeRealize", "ph":"B", "ts":"2616688223", "pid":"1", "tid":"mom"},
{"name":"InitializeRealize", "ph":"E", "ts":"2621845928", "pid":"1", "tid":"mom"},
{"name":"DataInitialize", "ph":"B", "ts":"2658247585", "pid":"1", "tid":"mom"},
{"name":"DataInitialize", "ph":"E", "ts":"2658248797", "pid":"1", "tid":"mom"},
{"name":"ModelSetRunClock", "ph":"B", "ts":"2683847706", "pid":"1", "tid":"mom"},
{"name":"ModelSetRunClock", "ph":"E", "ts":"2683858385", "pid":"1", "tid":"mom"},
{"name":"ModelAdvance", "ph":"B", "ts":"2683858651", "pid":"1", "tid":"mom"},
{"name":"ModelAdvance", "ph":"E", "ts":"2689858575", "pid":"1", "tid":"mom"},
{"name":"ModelSetRunClock", "ph":"B", "ts":"2696142398", "pid":"1", "tid":"mom"},
{"name":"ModelSetRunClock", "ph":"E", "ts":"2696142461", "pid":"1", "tid":"mom"},
{"name":"ModelAdvance", "ph":"B", "ts":"2696142630", "pid":"1", "tid":"mom"},
{"name":"ModelAdvance", "ph":"E", "ts":"2701513496", "pid":"1", "tid":"mom"},
{"name":"ModelSetRunClock", "ph":"B", "ts":"2709191305", "pid":"1", "tid":"mom"},
{"name":"ModelSetRunClock", "ph":"E", "ts":"2709191365", "pid":"1", "tid":"mom"},
{"name":"ModelAdvance", "ph":"B", "ts":"2709191523", "pid":"1", "tid":"mom"},
{"name":"ModelAdvance", "ph":"E", "ts":"2714871809", "pid":"1", "tid":"mom"},
{"name":"ModelSetRunClock", "ph":"B", "ts":"2724102410", "pid":"1", "tid":"mom"},
{"name":"ModelSetRunClock", "ph":"E", "ts":"2724102587", "pid":"1", "tid":"mom"},
{"name":"ModelAdvance", "ph":"B", "ts":"2724102753", "pid":"1", "tid":"mom"},
{"name":"ModelAdvance", "ph":"E", "ts":"2729494451", "pid":"1", "tid":"mom"},
{"name":"ModelSetRunClock", "ph":"B", "ts":"2739708855", "pid":"1", "tid":"mom"},
{"name":"ModelSetRunClock", "ph":"E", "ts":"2739708939", "pid":"1", "tid":"mom"},
{"name":"ModelAdvance", "ph":"B", "ts":"2739709152", "pid":"1", "tid":"mom"},
{"name":"ModelAdvance", "ph":"E", "ts":"2745122352", "pid":"1", "tid":"mom"},
{"name":"ModelSetRunClock", "ph":"B", "ts":"2753453307", "pid":"1", "tid":"mom"},
{"name":"ModelSetRunClock", "ph":"E", "ts":"2753453365", "pid":"1", "tid":"mom"},
{"name":"ModelAdvance", "ph":"B", "ts":"2753453528", "pid":"1", "tid":"mom"},
{"name":"ModelAdvance", "ph":"E", "ts":"2758972616", "pid":"1", "tid":"mom"},
{"name":"ModelSetRunClock", "ph":"B", "ts":"2776362053", "pid":"1", "tid":"mom"},
{"name":"ModelSetRunClock", "ph":"E", "ts":"2776362111", "pid":"1", "tid":"mom"},
{"name":"ModelAdvance", "ph":"B", "ts":"2776362262", "pid":"1", "tid":"mom"},
{"name":"ModelAdvance", "ph":"E", "ts":"2781840340", "pid":"1", "tid":"mom"},
{"name":"ModelSetRunClock", "ph":"B", "ts":"2786274629", "pid":"1", "tid":"mom"},
{"name":"ModelSetRunClock", "ph":"E", "ts":"2786298646", "pid":"1", "tid":"mom"},
{"name":"ModelAdvance", "ph":"B", "ts":"2786298819", "pid":"1", "tid":"mom"},
{"name":"ModelAdvance", "ph":"E", "ts":"2791734472", "pid":"1", "tid":"mom"},
{"name":"ModelSetRunClock", "ph":"B", "ts":"2795630627", "pid":"1", "tid":"mom"},
{"name":"ModelSetRunClock", "ph":"E", "ts":"2795630693", "pid":"1", "tid":"mom"},
{"name":"ModelAdvance", "ph":"B", "ts":"2795630871", "pid":"1", "tid":"mom"},
{"name":"ModelAdvance", "ph":"E", "ts":"2801068430", "pid":"1", "tid":"mom"},
{"name":"ModelSetRunClock", "ph":"B", "ts":"2804670338", "pid":"1", "tid":"mom"},
{"name":"ModelSetRunClock", "ph":"E", "ts":"2804670410", "pid":"1", "tid":"mom"},
{"name":"ModelAdvance", "ph":"B", "ts":"2804670596", "pid":"1", "tid":"mom"},
{"name":"ModelAdvance", "ph":"E", "ts":"2810117743", "pid":"1", "tid":"mom"},
{"name":"ModelSetRunClock", "ph":"B", "ts":"2813530289", "pid":"1", "tid":"mom"},
{"name":"ModelSetRunClock", "ph":"E", "ts":"2813530348", "pid":"1", "tid":"mom"},
{"name":"ModelAdvance", "ph":"B", "ts":"2813530639", "pid":"1", "tid":"mom"},
{"name":"ModelAdvance", "ph":"E", "ts":"2818950940", "pid":"1", "tid":"mom"},
{"name":"ModelSetRunClock", "ph":"B", "ts":"2822167296", "pid":"1", "tid":"mom"},
{"name":"ModelSetRunClock", "ph":"E", "ts":"2822167405", "pid":"1", "tid":"mom"},
{"name":"ModelAdvance", "ph":"B", "ts":"2822167671", "pid":"1", "tid":"mom"},
{"name":"ModelAdvance", "ph":"E", "ts":"2827478161", "pid":"1", "tid":"mom"},
{"name":"ModelSetRunClock", "ph":"B", "ts":"2830647457", "pid":"1", "tid":"mom"},
{"name":"ModelSetRunClock", "ph":"E", "ts":"2830647546", "pid":"1", "tid":"mom"},
{"name":"ModelAdvance", "ph":"B", "ts":"2830647741", "pid":"1", "tid":"mom"},
{"name":"ModelAdvance", "ph":"E", "ts":"2835904843", "pid":"1", "tid":"mom"},
{"name":"ModelSetRunClock", "ph":"B", "ts":"2838956387", "pid":"1", "tid":"mom"},
{"name":"ModelSetRunClock", "ph":"E", "ts":"2838956449", "pid":"1", "tid":"mom"},
{"name":"ModelAdvance", "ph":"B", "ts":"2838956617", "pid":"1", "tid":"mom"},
{"name":"ModelAdvance", "ph":"E", "ts":"2844237758", "pid":"1", "tid":"mom"},
{"name":"ModelSetRunClock", "ph":"B", "ts":"2847070446", "pid":"1", "tid":"mom"},
{"name":"ModelSetRunClock", "ph":"E", "ts":"2847070550", "pid":"1", "tid":"mom"},
{"name":"ModelAdvance", "ph":"B", "ts":"2847070798", "pid":"1", "tid":"mom"},
{"name":"ModelAdvance", "ph":"E", "ts":"2852331247", "pid":"1", "tid":"mom"},
{"name":"ModelSetRunClock", "ph":"B", "ts":"2855076516", "pid":"1", "tid":"mom"},
{"name":"ModelSetRunClock", "ph":"E", "ts":"2855076577", "pid":"1", "tid":"mom"},
{"name":"ModelAdvance", "ph":"B", "ts":"2855076738", "pid":"1", "tid":"mom"},
{"name":"ModelAdvance", "ph":"E", "ts":"2860344468", "pid":"1", "tid":"mom"},
{"name":"ModelSetRunClock", "ph":"B", "ts":"2862920903", "pid":"1", "tid":"mom"},
{"name":"ModelSetRunClock", "ph":"E", "ts":"2862921042", "pid":"1", "tid":"mom"},
{"name":"ModelAdvance", "ph":"B", "ts":"2862921273", "pid":"1", "tid":"mom"},
{"name":"ModelAdvance", "ph":"E", "ts":"2868212432", "pid":"1", "tid":"mom"},
{"name":"ModelSetRunClock", "ph":"B", "ts":"2871177415", "pid":"1", "tid":"mom"},
{"name":"ModelSetRunClock", "ph":"E", "ts":"2871177482", "pid":"1", "tid":"mom"},
{"name":"ModelAdvance", "ph":"B", "ts":"2871177669", "pid":"1", "tid":"mom"},
{"name":"ModelAdvance", "ph":"E", "ts":"2876505149", "pid":"1", "tid":"mom"},
{"name":"ModelSetRunClock", "ph":"B", "ts":"2879018604", "pid":"1", "tid":"mom"},
{"name":"ModelSetRunClock", "ph":"E", "ts":"2879018665", "pid":"1", "tid":"mom"},
{"name":"ModelAdvance", "ph":"B", "ts":"2879018826", "pid":"1", "tid":"mom"},
{"name":"ModelAdvance", "ph":"E", "ts":"2884268608", "pid":"1", "tid":"mom"},
{"name":"ModelSetRunClock", "ph":"B", "ts":"2887263961", "pid":"1", "tid":"mom"},
{"name":"ModelSetRunClock", "ph":"E", "ts":"2887264039", "pid":"1", "tid":"mom"},
{"name":"ModelAdvance", "ph":"B", "ts":"2887264232", "pid":"1", "tid":"mom"},
{"name":"ModelAdvance", "ph":"E", "ts":"2892501762", "pid":"1", "tid":"mom"},
{"name":"ModelSetRunClock", "ph":"B", "ts":"2895049707", "pid":"1", "tid":"mom"},
{"name":"ModelSetRunClock", "ph":"E", "ts":"2895049795", "pid":"1", "tid":"mom"},
{"name":"ModelAdvance", "ph":"B", "ts":"2895049995", "pid":"1", "tid":"mom"},
{"name":"ModelAdvance", "ph":"E", "ts":"2900293488", "pid":"1", "tid":"mom"},
{"name":"ModelSetRunClock", "ph":"B", "ts":"2903685528", "pid":"1", "tid":"mom"},
{"name":"ModelSetRunClock", "ph":"E", "ts":"2903685588", "pid":"1", "tid":"mom"},
{"name":"ModelAdvance", "ph":"B", "ts":"2903685749", "pid":"1", "tid":"mom"},
{"name":"ModelAdvance", "ph":"E", "ts":"2908926798", "pid":"1", "tid":"mom"},
{"name":"ModelSetRunClock", "ph":"B", "ts":"2911965479", "pid":"1", "tid":"mom"},
{"name":"ModelSetRunClock", "ph":"E", "ts":"2911965660", "pid":"1", "tid":"mom"},
{"name":"ModelAdvance", "ph":"B", "ts":"2911965852", "pid":"1", "tid":"mom"},
{"name":"ModelAdvance", "ph":"E", "ts":"2917182551", "pid":"1", "tid":"mom"},
{"name":"ModelSetRunClock", "ph":"B", "ts":"2920278666", "pid":"1", "tid":"mom"},
{"name":"ModelSetRunClock", "ph":"E", "ts":"2920278853", "pid":"1", "tid":"mom"},
{"name":"ModelAdvance", "ph":"B", "ts":"2920279013", "pid":"1", "tid":"mom"},
{"name":"ModelAdvance", "ph":"E", "ts":"2925570950", "pid":"1", "tid":"mom"},
{"name":"ModelSetRunClock", "ph":"B", "ts":"2927946055", "pid":"1", "tid":"mom"},
{"name":"ModelSetRunClock", "ph":"E", "ts":"2927946111", "pid":"1", "tid":"mom"},
{"name":"ModelAdvance", "ph":"B", "ts":"2927946275", "pid":"1", "tid":"mom"},
{"name":"ModelAdvance", "ph":"E", "ts":"2933157758", "pid":"1", "tid":"mom"},
{"name":"ModelSetRunClock", "ph":"B", "ts":"2935824748", "pid":"1", "tid":"mom"},
{"name":"ModelSetRunClock", "ph":"E", "ts":"2935824812", "pid":"1", "tid":"mom"},
{"name":"ModelAdvance", "ph":"B", "ts":"2935825010", "pid":"1", "tid":"mom"},
{"name":"ModelAdvance", "ph":"E", "ts":"2941036365", "pid":"1", "tid":"mom"},
{"name":"ModelSetRunClock", "ph":"B", "ts":"2942938357", "pid":"1", "tid":"mom"},
{"name":"ModelSetRunClock", "ph":"E", "ts":"2942938512", "pid":"1", "tid":"mom"},
{"name":"ModelAdvance", "ph":"B", "ts":"2942938676", "pid":"1", "tid":"mom"},
{"name":"ModelAdvance", "ph":"E", "ts":"2948140801", "pid":"1", "tid":"mom"},
{"name":"ModelSetRunClock", "ph":"B", "ts":"2950675340", "pid":"1", "tid":"mom"},
{"name":"ModelSetRunClock", "ph":"E", "ts":"2950675410", "pid":"1", "tid":"mom"},
{"name":"ModelAdvance", "ph":"B", "ts":"2950675579", "pid":"1", "tid":"mom"},
{"name":"ModelAdvance", "ph":"E", "ts":"2955854722", "pid":"1", "tid":"mom"},
{"name":"ModelSetRunClock", "ph":"B", "ts":"2957769193", "pid":"1", "tid":"mom"},
{"name":"ModelSetRunClock", "ph":"E", "ts":"2957769258", "pid":"1", "tid":"mom"},
{"name":"ModelAdvance", "ph":"B", "ts":"2957769440", "pid":"1", "tid":"mom"},
{"name":"ModelAdvance", "ph":"E", "ts":"2962943810", "pid":"1", "tid":"mom"},
{"name":"ModelSetRunClock", "ph":"B", "ts":"2965528205", "pid":"1", "tid":"mom"},
{"name":"ModelSetRunClock", "ph":"E", "ts":"2965528265", "pid":"1", "tid":"mom"},
{"name":"ModelAdvance", "ph":"B", "ts":"2965528431", "pid":"1", "tid":"mom"},
{"name":"ModelAdvance", "ph":"E", "ts":"2970773516", "pid":"1", "tid":"mom"},
{"name":"ModelSetRunClock", "ph":"B", "ts":"2972736804", "pid":"1", "tid":"mom"},
{"name":"ModelSetRunClock", "ph":"E", "ts":"2972736860", "pid":"1", "tid":"mom"},
{"name":"ModelAdvance", "ph":"B", "ts":"2972737056", "pid":"1", "tid":"mom"},
{"name":"ModelAdvance", "ph":"E", "ts":"2977919676", "pid":"1", "tid":"mom"},
{"name":"ModelSetRunClock", "ph":"B", "ts":"2980525632", "pid":"1", "tid":"mom"},
{"name":"ModelSetRunClock", "ph":"E", "ts":"2980525691", "pid":"1", "tid":"mom"},
{"name":"ModelAdvance", "ph":"B", "ts":"2980525846", "pid":"1", "tid":"mom"},
{"name":"ModelAdvance", "ph":"E", "ts":"2985715085", "pid":"1", "tid":"mom"},
{"name":"ModelSetRunClock", "ph":"B", "ts":"2987590421", "pid":"1", "tid":"mom"},
{"name":"ModelSetRunClock", "ph":"E", "ts":"2987590488", "pid":"1", "tid":"mom"},
{"name":"ModelAdvance", "ph":"B", "ts":"2987590654", "pid":"1", "tid":"mom"},
{"name":"ModelAdvance", "ph":"E", "ts":"2992793232", "pid":"1", "tid":"mom"},
{"name":"ModelSetRunClock", "ph":"B", "ts":"2995294567", "pid":"1", "tid":"mom"},
{"name":"ModelSetRunClock", "ph":"E", "ts":"2995294636", "pid":"1", "tid":"mom"},
{"name":"ModelAdvance", "ph":"B", "ts":"2995294818", "pid":"1", "tid":"mom"},
{"name":"ModelAdvance", "ph":"E", "ts":"3000488288", "pid":"1", "tid":"mom"},
{"name":"ModelSetRunClock", "ph":"B", "ts":"3002335334", "pid":"1", "tid":"mom"},
{"name":"ModelSetRunClock", "ph":"E", "ts":"3002335390", "pid":"1", "tid":"mom"},
{"name":"ModelAdvance", "ph":"B", "ts":"3002335544", "pid":"1", "tid":"mom"},
{"name":"ModelAdvance", "ph":"E", "ts":"3007541356", "pid":"1", "tid":"mom"},
{"name":"ModelSetRunClock", "ph":"B", "ts":"3010384753", "pid":"1", "tid":"mom"},
{"name":"ModelSetRunClock", "ph":"E", "ts":"3010384832", "pid":"1", "tid":"mom"},
{"name":"ModelAdvance", "ph":"B", "ts":"3010385060", "pid":"1", "tid":"mom"},
{"name":"ModelAdvance", "ph":"E", "ts":"3015665209", "pid":"1", "tid":"mom"},
{"name":"ModelSetRunClock", "ph":"B", "ts":"3017667427", "pid":"1", "tid":"mom"},
{"name":"ModelSetRunClock", "ph":"E", "ts":"3017667491", "pid":"1", "tid":"mom"},
{"name":"ModelAdvance", "ph":"B", "ts":"3017667673", "pid":"1", "tid":"mom"},
{"name":"ModelAdvance", "ph":"E", "ts":"3022890810", "pid":"1", "tid":"mom"},
{"name":"ModelSetRunClock", "ph":"B", "ts":"3025472323", "pid":"1", "tid":"mom"},
{"name":"ModelSetRunClock", "ph":"E", "ts":"3025472391", "pid":"1", "tid":"mom"},
{"name":"ModelAdvance", "ph":"B", "ts":"3025472570", "pid":"1", "tid":"mom"},
{"name":"ModelAdvance", "ph":"E", "ts":"3030713337", "pid":"1", "tid":"mom"},
{"name":"ModelSetRunClock", "ph":"B", "ts":"3032654542", "pid":"1", "tid":"mom"},
{"name":"ModelSetRunClock", "ph":"E", "ts":"3032654606", "pid":"1", "tid":"mom"},
{"name":"ModelAdvance", "ph":"B", "ts":"3032654777", "pid":"1", "tid":"mom"},
{"name":"ModelAdvance", "ph":"E", "ts":"3037898225", "pid":"1", "tid":"mom"},
{"name":"ModelSetRunClock", "ph":"B", "ts":"3040746597", "pid":"1", "tid":"mom"},
{"name":"ModelSetRunClock", "ph":"E", "ts":"3040746663", "pid":"1", "tid":"mom"},
{"name":"ModelAdvance", "ph":"B", "ts":"3040746833", "pid":"1", "tid":"mom"},
{"name":"ModelAdvance", "ph":"E", "ts":"3045965851", "pid":"1", "tid":"mom"},
{"name":"ModelSetRunClock", "ph":"B", "ts":"3048427561", "pid":"1", "tid":"mom"},
{"name":"ModelSetRunClock", "ph":"E", "ts":"3048427687", "pid":"1", "tid":"mom"},
{"name":"ModelAdvance", "ph":"B", "ts":"3048427928", "pid":"1", "tid":"mom"},
{"name":"ModelAdvance", "ph":"E", "ts":"3053637178", "pid":"1", "tid":"mom"},
{"name":"ModelSetRunClock", "ph":"B", "ts":"3056786677", "pid":"1", "tid":"mom"},
{"name":"ModelSetRunClock", "ph":"E", "ts":"3056786740", "pid":"1", "tid":"mom"},
{"name":"ModelAdvance", "ph":"B", "ts":"3056786901", "pid":"1", "tid":"mom"},
{"name":"ModelAdvance", "ph":"E", "ts":"3062065737", "pid":"1", "tid":"mom"},
{"name":"ModelSetRunClock", "ph":"B", "ts":"3064384814", "pid":"1", "tid":"mom"},
{"name":"ModelSetRunClock", "ph":"E", "ts":"3064384901", "pid":"1", "tid":"mom"},
{"name":"ModelAdvance", "ph":"B", "ts":"3064385169", "pid":"1", "tid":"mom"},
{"name":"ModelAdvance", "ph":"E", "ts":"3069573440", "pid":"1", "tid":"mom"},
{"name":"ModelSetRunClock", "ph":"B", "ts":"3084905236", "pid":"1", "tid":"mom"},
{"name":"ModelSetRunClock", "ph":"E", "ts":"3084905295", "pid":"1", "tid":"mom"},
{"name":"ModelAdvance", "ph":"B", "ts":"3084905455", "pid":"1", "tid":"mom"},
{"name":"ModelAdvance", "ph":"E", "ts":"3090062999", "pid":"1", "tid":"mom"},
{"name":"ModelSetRunClock", "ph":"B", "ts":"3092242125", "pid":"1", "tid":"mom"},
{"name":"ModelSetRunClock", "ph":"E", "ts":"3092242185", "pid":"1", "tid":"mom"},
{"name":"ModelAdvance", "ph":"B", "ts":"3092242344", "pid":"1", "tid":"mom"},
{"name":"ModelAdvance", "ph":"E", "ts":"3097432184", "pid":"1", "tid":"mom"},
{"name":"ModelSetRunClock", "ph":"B", "ts":"3100020735", "pid":"1", "tid":"mom"},
{"name":"ModelSetRunClock", "ph":"E", "ts":"3100020791", "pid":"1", "tid":"mom"},
{"name":"ModelAdvance", "ph":"B", "ts":"3100020969", "pid":"1", "tid":"mom"},
{"name":"ModelAdvance", "ph":"E", "ts":"3105206414", "pid":"1", "tid":"mom"},
{"name":"ModelSetRunClock", "ph":"B", "ts":"3107242596", "pid":"1", "tid":"mom"},
{"name":"ModelSetRunClock", "ph":"E", "ts":"3107242679", "pid":"1", "tid":"mom"},
{"name":"ModelAdvance", "ph":"B", "ts":"3107242875", "pid":"1", "tid":"mom"},
{"name":"ModelAdvance", "ph":"E", "ts":"3112425387", "pid":"1", "tid":"mom"},
{"name":"ModelSetRunClock", "ph":"B", "ts":"3115005043", "pid":"1", "tid":"mom"},
{"name":"ModelSetRunClock", "ph":"E", "ts":"3115005115", "pid":"1", "tid":"mom"},
{"name":"ModelAdvance", "ph":"B", "ts":"3115005294", "pid":"1", "tid":"mom"},
{"name":"ModelAdvance", "ph":"E", "ts":"3120276598", "pid":"1", "tid":"mom"},
{"name":"ModelSetRunClock", "ph":"B", "ts":"3122344720", "pid":"1", "tid":"mom"},
{"name":"ModelSetRunClock", "ph":"E", "ts":"3122344788", "pid":"1", "tid":"mom"},
{"name":"ModelAdvance", "ph":"B", "ts":"3122344996", "pid":"1", "tid":"mom"},
{"name":"ModelAdvance", "ph":"E", "ts":"3127537177", "pid":"1", "tid":"mom"},
{"name":"ModelSetRunClock", "ph":"B", "ts":"3130447723", "pid":"1", "tid":"mom"},
{"name":"ModelSetRunClock", "ph":"E", "ts":"3130447783", "pid":"1", "tid":"mom"},
{"name":"ModelAdvance", "ph":"B", "ts":"3130447949", "pid":"1", "tid":"mom"},
{"name":"ModelAdvance", "ph":"E", "ts":"3135671437", "pid":"1", "tid":"mom"},
{"name":"ModelSetRunClock", "ph":"B", "ts":"3137950508", "pid":"1", "tid":"mom"},
{"name":"ModelSetRunClock", "ph":"E", "ts":"3137950573", "pid":"1", "tid":"mom"},
{"name":"ModelAdvance", "ph":"B", "ts":"3137950745", "pid":"1", "tid":"mom"},
{"name":"ModelAdvance", "ph":"E", "ts":"3143173421", "pid":"1", "tid":"mom"},
{"name":"ModelSetRunClock", "ph":"B", "ts":"3145980248", "pid":"1", "tid":"mom"},
{"name":"ModelSetRunClock", "ph":"E", "ts":"3145980316", "pid":"1", "tid":"mom"},
{"name":"ModelAdvance", "ph":"B", "ts":"3145980492", "pid":"1", "tid":"mom"},
{"name":"ModelAdvance", "ph":"E", "ts":"3151204528", "pid":"1", "tid":"mom"},
{"name":"ModelSetRunClock", "ph":"B", "ts":"3153152189", "pid":"1", "tid":"mom"},
{"name":"ModelSetRunClock", "ph":"E", "ts":"3153152247", "pid":"1", "tid":"mom"},
{"name":"ModelAdvance", "ph":"B", "ts":"3153152412", "pid":"1", "tid":"mom"},
{"name":"ModelAdvance", "ph":"E", "ts":"3158394331", "pid":"1", "tid":"mom"},
{"name":"ModelSetRunClock", "ph":"B", "ts":"3161049188", "pid":"1", "tid":"mom"},
{"name":"ModelSetRunClock", "ph":"E", "ts":"3161049251", "pid":"1", "tid":"mom"},
{"name":"ModelAdvance", "ph":"B", "ts":"3161049422", "pid":"1", "tid":"mom"},
{"name":"ModelAdvance", "ph":"E", "ts":"3166330818", "pid":"1", "tid":"mom"},
{"name":"ModelSetRunClock", "ph":"B", "ts":"3168338589", "pid":"1", "tid":"mom"},
{"name":"ModelSetRunClock", "ph":"E", "ts":"3168338641", "pid":"1", "tid":"mom"},
{"name":"ModelAdvance", "ph":"B", "ts":"3168338803", "pid":"1", "tid":"mom"},
{"name":"ModelAdvance", "ph":"E", "ts":"3173567610", "pid":"1", "tid":"mom"},
{"name":"ModelSetRunClock", "ph":"B", "ts":"3176330648", "pid":"1", "tid":"mom"},
{"name":"ModelSetRunClock", "ph":"E", "ts":"3176330698", "pid":"1", "tid":"mom"},
{"name":"ModelAdvance", "ph":"B", "ts":"3176330860", "pid":"1", "tid":"mom"},
{"name":"ModelAdvance", "ph":"E", "ts":"3181565186", "pid":"1", "tid":"mom"},
{"name":"ModelSetRunClock", "ph":"B", "ts":"3183737436", "pid":"1", "tid":"mom"},
{"name":"ModelSetRunClock", "ph":"E", "ts":"3183737530", "pid":"1", "tid":"mom"},
{"name":"ModelAdvance", "ph":"B", "ts":"3183737732", "pid":"1", "tid":"mom"},
{"name":"ModelAdvance", "ph":"E", "ts":"3188952024", "pid":"1", "tid":"mom"},
{"name":"ModelSetRunClock", "ph":"B", "ts":"3191564810", "pid":"1", "tid":"mom"},
{"name":"ModelSetRunClock", "ph":"E", "ts":"3191564871", "pid":"1", "tid":"mom"},
{"name":"ModelAdvance", "ph":"B", "ts":"3191565070", "pid":"1", "tid":"mom"},
{"name":"ModelAdvance", "ph":"E", "ts":"3196769690", "pid":"1", "tid":"mom"},
{"name":"ModelSetRunClock", "ph":"B", "ts":"3198735300", "pid":"1", "tid":"mom"},
{"name":"ModelSetRunClock", "ph":"E", "ts":"3198735365", "pid":"1", "tid":"mom"},
{"name":"ModelAdvance", "ph":"B", "ts":"3198735544", "pid":"1", "tid":"mom"},
{"name":"ModelAdvance", "ph":"E", "ts":"3203937827", "pid":"1", "tid":"mom"},
{"name":"ModelSetRunClock", "ph":"B", "ts":"3206541406", "pid":"1", "tid":"mom"},
{"name":"ModelSetRunClock", "ph":"E", "ts":"3206541466", "pid":"1", "tid":"mom"},
{"name":"ModelAdvance", "ph":"B", "ts":"3206541620", "pid":"1", "tid":"mom"},
{"name":"ModelAdvance", "ph":"E", "ts":"3211792656", "pid":"1", "tid":"mom"},
{"name":"ModelSetRunClock", "ph":"B", "ts":"3213735443", "pid":"1", "tid":"mom"},
{"name":"ModelSetRunClock", "ph":"E", "ts":"3213735501", "pid":"1", "tid":"mom"},
{"name":"ModelAdvance", "ph":"B", "ts":"3213735664", "pid":"1", "tid":"mom"},
{"name":"ModelAdvance", "ph":"E", "ts":"3218920674", "pid":"1", "tid":"mom"},
{"name":"ModelSetRunClock", "ph":"B", "ts":"3221618408", "pid":"1", "tid":"mom"},
{"name":"ModelSetRunClock", "ph":"E", "ts":"3221618465", "pid":"1", "tid":"mom"},
{"name":"ModelAdvance", "ph":"B", "ts":"3221618744", "pid":"1", "tid":"mom"},
{"name":"ModelAdvance", "ph":"E", "ts":"3226809203", "pid":"1", "tid":"mom"},
{"name":"ModelSetRunClock", "ph":"B", "ts":"3228793033", "pid":"1", "tid":"mom"},
{"name":"ModelSetRunClock", "ph":"E", "ts":"3228793097", "pid":"1", "tid":"mom"},
{"name":"ModelAdvance", "ph":"B", "ts":"3228793262", "pid":"1", "tid":"mom"},
{"name":"ModelAdvance", "ph":"E", "ts":"3233983256", "pid":"1", "tid":"mom"},
{"name":"ModelSetRunClock", "ph":"B", "ts":"3236638693", "pid":"1", "tid":"mom"},
{"name":"ModelSetRunClock", "ph":"E", "ts":"3236638855", "pid":"1", "tid":"mom"},
{"name":"ModelAdvance", "ph":"B", "ts":"3236639027", "pid":"1", "tid":"mom"},
{"name":"ModelAdvance", "ph":"E", "ts":"3241823929", "pid":"1", "tid":"mom"},
{"name":"ModelSetRunClock", "ph":"B", "ts":"3243793252", "pid":"1", "tid":"mom"},
{"name":"ModelSetRunClock", "ph":"E", "ts":"3243793316", "pid":"1", "tid":"mom"},
{"name":"ModelAdvance", "ph":"B", "ts":"3243793497", "pid":"1", "tid":"mom"},
{"name":"ModelAdvance", "ph":"E", "ts":"3248976269", "pid":"1", "tid":"mom"},
{"name":"ModelSetRunClock", "ph":"B", "ts":"3251648255", "pid":"1", "tid":"mom"},
{"name":"ModelSetRunClock", "ph":"E", "ts":"3251648317", "pid":"1", "tid":"mom"},
{"name":"ModelAdvance", "ph":"B", "ts":"3251648474", "pid":"1", "tid":"mom"},
{"name":"ModelAdvance", "ph":"E", "ts":"3256890718", "pid":"1", "tid":"mom"},
{"name":"ModelSetRunClock", "ph":"B", "ts":"3258886114", "pid":"1", "tid":"mom"},
{"name":"ModelSetRunClock", "ph":"E", "ts":"3258886177", "pid":"1", "tid":"mom"},
{"name":"ModelAdvance", "ph":"B", "ts":"3258886349", "pid":"1", "tid":"mom"},
{"name":"ModelAdvance", "ph":"E", "ts":"3264086015", "pid":"1", "tid":"mom"},
{"name":"ModelSetRunClock", "ph":"B", "ts":"3266765570", "pid":"1", "tid":"mom"},
{"name":"ModelSetRunClock", "ph":"E", "ts":"3266765952", "pid":"1", "tid":"mom"},
{"name":"ModelAdvance", "ph":"B", "ts":"3266766136", "pid":"1", "tid":"mom"},
{"name":"ModelAdvance", "ph":"E", "ts":"3271956881", "pid":"1", "tid":"mom"},
{"name":"ModelSetRunClock", "ph":"B", "ts":"3273932400", "pid":"1", "tid":"mom"},
{"name":"ModelSetRunClock", "ph":"E", "ts":"3273932475", "pid":"1", "tid":"mom"},
{"name":"ModelAdvance", "ph":"B", "ts":"3273932662", "pid":"1", "tid":"mom"},
{"name":"ModelAdvance", "ph":"E", "ts":"3279126337", "pid":"1", "tid":"mom"},
{"name":"ModelSetRunClock", "ph":"B", "ts":"3281761029", "pid":"1", "tid":"mom"},
{"name":"ModelSetRunClock", "ph":"E", "ts":"3281761092", "pid":"1", "tid":"mom"},
{"name":"ModelAdvance", "ph":"B", "ts":"3281761260", "pid":"1", "tid":"mom"},
{"name":"ModelAdvance", "ph":"E", "ts":"3286959796", "pid":"1", "tid":"mom"},
{"name":"ModelSetRunClock", "ph":"B", "ts":"3288920209", "pid":"1", "tid":"mom"},
{"name":"ModelSetRunClock", "ph":"E", "ts":"3288920267", "pid":"1", "tid":"mom"},
{"name":"ModelAdvance", "ph":"B", "ts":"3288920418", "pid":"1", "tid":"mom"},
{"name":"ModelAdvance", "ph":"E", "ts":"3294132666", "pid":"1", "tid":"mom"},
{"name":"ModelSetRunClock", "ph":"B", "ts":"3296729737", "pid":"1", "tid":"mom"},
{"name":"ModelSetRunClock", "ph":"E", "ts":"3296729938", "pid":"1", "tid":"mom"},
{"name":"ModelAdvance", "ph":"B", "ts":"3296730119", "pid":"1", "tid":"mom"},
{"name":"ModelAdvance", "ph":"E", "ts":"3302010183", "pid":"1", "tid":"mom"},
{"name":"ModelSetRunClock", "ph":"B", "ts":"3303864170", "pid":"1", "tid":"mom"},
{"name":"ModelSetRunClock", "ph":"E", "ts":"3303864228", "pid":"1", "tid":"mom"},
{"name":"ModelAdvance", "ph":"B", "ts":"3303864383", "pid":"1", "tid":"mom"},
{"name":"ModelAdvance", "ph":"E", "ts":"3309083471", "pid":"1", "tid":"mom"},
{"name":"ModelSetRunClock", "ph":"B", "ts":"3311683878", "pid":"1", "tid":"mom"},
{"name":"ModelSetRunClock", "ph":"E", "ts":"3311683958", "pid":"1", "tid":"mom"},
{"name":"ModelAdvance", "ph":"B", "ts":"3311684147", "pid":"1", "tid":"mom"},
{"name":"ModelAdvance", "ph":"E", "ts":"3316881828", "pid":"1", "tid":"mom"},
{"name":"ModelSetRunClock", "ph":"B", "ts":"3318968599", "pid":"1", "tid":"mom"},
{"name":"ModelSetRunClock", "ph":"E", "ts":"3318968663", "pid":"1", "tid":"mom"},
{"name":"ModelAdvance", "ph":"B", "ts":"3318968964", "pid":"1", "tid":"mom"},
{"name":"ModelAdvance", "ph":"E", "ts":"3324165232", "pid":"1", "tid":"mom"},
{"name":"ModelSetRunClock", "ph":"B", "ts":"3326788223", "pid":"1", "tid":"mom"},
{"name":"ModelSetRunClock", "ph":"E", "ts":"3326892690", "pid":"1", "tid":"mom"},
{"name":"ModelAdvance", "ph":"B", "ts":"3326892862", "pid":"1", "tid":"mom"},
{"name":"ModelAdvance", "ph":"E", "ts":"3332068843", "pid":"1", "tid":"mom"},
{"name":"ModelSetRunClock", "ph":"B", "ts":"3334260435", "pid":"1", "tid":"mom"},
{"name":"ModelSetRunClock", "ph":"E", "ts":"3334260492", "pid":"1", "tid":"mom"},
{"name":"ModelAdvance", "ph":"B", "ts":"3334260646", "pid":"1", "tid":"mom"},
{"name":"ModelAdvance", "ph":"E", "ts":"3339478464", "pid":"1", "tid":"mom"},
{"name":"ModelSetRunClock", "ph":"B", "ts":"3342406200", "pid":"1", "tid":"mom"},
{"name":"ModelSetRunClock", "ph":"E", "ts":"3342406442", "pid":"1", "tid":"mom"},
{"name":"ModelAdvance", "ph":"B", "ts":"3342406657", "pid":"1", "tid":"mom"},
{"name":"ModelAdvance", "ph":"E", "ts":"3347650895", "pid":"1", "tid":"mom"},
{"name":"ModelSetRunClock", "ph":"B", "ts":"3350034214", "pid":"1", "tid":"mom"},
{"name":"ModelSetRunClock", "ph":"E", "ts":"3350034276", "pid":"1", "tid":"mom"},
{"name":"ModelAdvance", "ph":"B", "ts":"3350034435", "pid":"1", "tid":"mom"},
{"name":"ModelAdvance", "ph":"E", "ts":"3355205300", "pid":"1", "tid":"mom"},
{"name":"ModelSetRunClock", "ph":"B", "ts":"3357831343", "pid":"1", "tid":"mom"},
{"name":"ModelSetRunClock", "ph":"E", "ts":"3357831423", "pid":"1", "tid":"mom"},
{"name":"ModelAdvance", "ph":"B", "ts":"3357831650", "pid":"1", "tid":"mom"},
{"name":"ModelAdvance", "ph":"E", "ts":"3363003257", "pid":"1", "tid":"mom"},
{"name":"ModelSetRunClock", "ph":"B", "ts":"3365435839", "pid":"1", "tid":"mom"},
{"name":"ModelSetRunClock", "ph":"E", "ts":"3365435897", "pid":"1", "tid":"mom"},
{"name":"ModelAdvance", "ph":"B", "ts":"3365436053", "pid":"1", "tid":"mom"},
{"name":"ModelAdvance", "ph":"E", "ts":"3370621436", "pid":"1", "tid":"mom"},
{"name":"ModelSetRunClock", "ph":"B", "ts":"3373189722", "pid":"1", "tid":"mom"},
{"name":"ModelSetRunClock", "ph":"E", "ts":"3373189924", "pid":"1", "tid":"mom"},
{"name":"ModelAdvance", "ph":"B", "ts":"3373190107", "pid":"1", "tid":"mom"},
{"name":"ModelAdvance", "ph":"E", "ts":"3378390863", "pid":"1", "tid":"mom"},
{"name":"ModelSetRunClock", "ph":"B", "ts":"3380695318", "pid":"1", "tid":"mom"},
{"name":"ModelSetRunClock", "ph":"E", "ts":"3380695379", "pid":"1", "tid":"mom"},
{"name":"ModelAdvance", "ph":"B", "ts":"3380695540", "pid":"1", "tid":"mom"},
{"name":"ModelAdvance", "ph":"E", "ts":"3385917121", "pid":"1", "tid":"mom"},
{"name":"ModelSetRunClock", "ph":"B", "ts":"3388450513", "pid":"1", "tid":"mom"},
{"name":"ModelSetRunClock", "ph":"E", "ts":"3388450578", "pid":"1", "tid":"mom"},
{"name":"ModelAdvance", "ph":"B", "ts":"3388450742", "pid":"1", "tid":"mom"},
{"name":"ModelAdvance", "ph":"E", "ts":"3393735888", "pid":"1", "tid":"mom"},
{"name":"ModelSetRunClock", "ph":"B", "ts":"3395844496", "pid":"1", "tid":"mom"},
{"name":"ModelSetRunClock", "ph":"E", "ts":"3395844554", "pid":"1", "tid":"mom"},
{"name":"ModelAdvance", "ph":"B", "ts":"3395844708", "pid":"1", "tid":"mom"},
{"name":"ModelAdvance", "ph":"E", "ts":"3401037616", "pid":"1", "tid":"mom"},
{"name":"ModelSetRunClock", "ph":"B", "ts":"3403669856", "pid":"1", "tid":"mom"},
{"name":"ModelSetRunClock", "ph":"E", "ts":"3403669918", "pid":"1", "tid":"mom"},
{"name":"ModelAdvance", "ph":"B", "ts":"3403670084", "pid":"1", "tid":"mom"},
{"name":"ModelAdvance", "ph":"E", "ts":"3408862526", "pid":"1", "tid":"mom"},
{"name":"ModelSetRunClock", "ph":"B", "ts":"3410822722", "pid":"1", "tid":"mom"},
{"name":"ModelSetRunClock", "ph":"E", "ts":"3410822784", "pid":"1", "tid":"mom"},
{"name":"ModelAdvance", "ph":"B", "ts":"3410822942", "pid":"1", "tid":"mom"},
{"name":"ModelAdvance", "ph":"E", "ts":"3416006852", "pid":"1", "tid":"mom"},
{"name":"ModelSetRunClock", "ph":"B", "ts":"3418566405", "pid":"1", "tid":"mom"},
{"name":"ModelSetRunClock", "ph":"E", "ts":"3418566621", "pid":"1", "tid":"mom"},
{"name":"ModelAdvance", "ph":"B", "ts":"3418566812", "pid":"1", "tid":"mom"},
{"name":"ModelAdvance", "ph":"E", "ts":"3423746547", "pid":"1", "tid":"mom"},
{"name":"ModelSetRunClock", "ph":"B", "ts":"3425623537", "pid":"1", "tid":"mom"},
{"name":"ModelSetRunClock", "ph":"E", "ts":"3425623618", "pid":"1", "tid":"mom"},
{"name":"ModelAdvance", "ph":"B", "ts":"3425623808", "pid":"1", "tid":"mom"},
{"name":"ModelAdvance", "ph":"E", "ts":"3430801063", "pid":"1", "tid":"mom"},
{"name":"ModelSetRunClock", "ph":"B", "ts":"3433369608", "pid":"1", "tid":"mom"},
{"name":"ModelSetRunClock", "ph":"E", "ts":"3433369675", "pid":"1", "tid":"mom"},
{"name":"ModelAdvance", "ph":"B", "ts":"3433369864", "pid":"1", "tid":"mom"},
{"name":"ModelAdvance", "ph":"E", "ts":"3438598271", "pid":"1", "tid":"mom"},
{"name":"ModelFinalize", "ph":"B", "ts":"3438604477", "pid":"1", "tid":"mom"},
{"name":"ModelFinalize", "ph":"E", "ts":"3438708031", "pid":"1", "tid":"mom"},
