{"name":"SetServices", "ph":"B", "ts":"729506908", "pid":"1", "tid":"wave"},
{"name":"SetServices", "ph":"E", "ts":"729508593", "pid":"1", "tid":"wave"},
{"name":"InitializeP0", "ph":"B", "ts":"729512747", "pid":"1", "tid":"wave"},
{"name":"InitializeP0", "ph":"E", "ts":"729512840", "pid":"1", "tid":"wave"},
{"name":"InitializeAdvertise", "ph":"B", "ts":"770457780", "pid":"1", "tid":"wave"},
{"name":"InitializeAdvertise", "ph":"E", "ts":"869419991", "pid":"1", "tid":"wave"},
{"name":"InitializeRealize", "ph":"B", "ts":"952176490", "pid":"1", "tid":"wave"},
{"name":"InitializeRealize", "ph":"E", "ts":"966084442", "pid":"1", "tid":"wave"},
{"name":"DataInitialize", "ph":"B", "ts":"998609024", "pid":"1", "tid":"wave"},
{"name":"DataInitialize", "ph":"E", "ts":"998612919", "pid":"1", "tid":"wave"},
{"name":"ModelSetRunClock", "ph":"B", "ts":"1039902054", "pid":"1", "tid":"wave"},
{"name":"ModelSetRunClock", "ph":"E", "ts":"1039910755", "pid":"1", "tid":"wave"},
{"name":"ModelAdvance", "ph":"B", "ts":"1039910840", "pid":"1", "tid":"wave"},
{"name":"ModelAdvance", "ph":"E", "ts":"1053413003", "pid":"1", "tid":"wave"},
{"name":"ModelSetRunClock", "ph":"B", "ts":"1054835616", "pid":"1", "tid":"wave"},
{"name":"ModelSetRunClock", "ph":"E", "ts":"1054835859", "pid":"1", "tid":"wave"},
{"name":"ModelAdvance", "ph":"B", "ts":"1054836145", "pid":"1", "tid":"wave"},
{"name":"ModelAdvance", "ph":"E", "ts":"1066723401", "pid":"1", "tid":"wave"},
{"name":"ModelSetRunClock", "ph":"B", "ts":"1069163052", "pid":"1", "tid":"wave"},
{"name":"ModelSetRunClock", "ph":"E", "ts":"1069163112", "pid":"1", "tid":"wave"},
{"name":"ModelAdvance", "ph":"B", "ts":"1069163214", "pid":"1", "tid":"wave"},
{"name":"ModelAdvance", "ph":"E", "ts":"1081218131", "pid":"1", "tid":"wave"},
{"name":"ModelSetRunClock", "ph":"B", "ts":"1085075353", "pid":"1", "tid":"wave"},
{"name":"ModelSetRunClock", "ph":"E", "ts":"1085075384", "pid":"1", "tid":"wave"},
{"name":"ModelAdvance", "ph":"B", "ts":"1085075468", "pid":"1", "tid":"wave"},
{"name":"ModelAdvance", "ph":"E", "ts":"1095684293", "pid":"1", "tid":"wave"},
{"name":"ModelSetRunClock", "ph":"B", "ts":"1099279127", "pid":"1", "tid":"wave"},
{"name":"ModelSetRunClock", "ph":"E", "ts":"1099279179", "pid":"1", "tid":"wave"},
{"name":"ModelAdvance", "ph":"B", "ts":"1099279280", "pid":"1", "tid":"wave"},
{"name":"ModelAdvance", "ph":"E", "ts":"1108067051", "pid":"1", "tid":"wave"},
{"name":"ModelSetRunClock", "ph":"B", "ts":"1110565244", "pid":"1", "tid":"wave"},
{"name":"ModelSetRunClock", "ph":"E", "ts":"1110565309", "pid":"1", "tid":"wave"},
{"name":"ModelAdvance", "ph":"B", "ts":"1110565392", "pid":"1", "tid":"wave"},
{"name":"ModelAdvance", "ph":"E", "ts":"1117902625", "pid":"1", "tid":"wave"},
{"name":"ModelSetRunClock", "ph":"B", "ts":"1136953254", "pid":"1", "tid":"wave"},
{"name":"ModelSetRunClock", "ph":"E", "ts":"1136953392", "pid":"1", "tid":"wave"},
{"name":"ModelAdvance", "ph":"B", "ts":"1136953472", "pid":"1", "tid":"wave"},
{"name":"ModelAdvance", "ph":"E", "ts":"1143918479", "pid":"1", "tid":"wave"},
{"name":"ModelSetRunClock", "ph":"B", "ts":"1145705885", "pid":"1", "tid":"wave"},
{"name":"ModelSetRunClock", "ph":"E", "ts":"1145705951", "pid":"1", "tid":"wave"},
{"name":"ModelAdvance", "ph":"B", "ts":"1145706041", "pid":"1", "tid":"wave"},
{"name":"ModelAdvance", "ph":"E", "ts":"1151815511", "pid":"1", "tid":"wave"},
{"name":"ModelSetRunClock", "ph":"B", "ts":"1153393030", "pid":"1", "tid":"wave"},
{"name":"ModelSetRunClock", "ph":"E", "ts":"1153393141", "pid":"1", "tid":"wave"},
{"name":"ModelAdvance", "ph":"B", "ts":"1153393269", "pid":"1", "tid":"wave"},
{"name":"ModelAdvance", "ph":"E", "ts":"1159195514", "pid":"1", "tid":"wave"},
{"name":"ModelSetRunClock", "ph":"B", "ts":"1161443881", "pid":"1", "tid":"wave"},
{"name":"ModelSetRunClock", "ph":"E", "ts":"1161443939", "pid":"1", "tid":"wave"},
{"name":"ModelAdvance", "ph":"B", "ts":"1161444015", "pid":"1", "tid":"wave"},
{"name":"ModelAdvance", "ph":"E", "ts":"1167052819", "pid":"1", "tid":"wave"},
{"name":"ModelSetRunClock", "ph":"B", "ts":"1168761681", "pid":"1", "tid":"wave"},
{"name":"ModelSetRunClock", "ph":"E", "ts":"1168761886", "pid":"1", "tid":"wave"},
{"name":"ModelAdvance", "ph":"B", "ts":"1168762124", "pid":"1", "tid":"wave"},
{"name":"ModelAdvance", "ph":"E", "ts":"1174355370", "pid":"1", "tid":"wave"},
{"name":"ModelSetRunClock", "ph":"B", "ts":"1176796585", "pid":"1", "tid":"wave"},
{"name":"ModelSetRunClock", "ph":"E", "ts":"1176796644", "pid":"1", "tid":"wave"},
{"name":"ModelAdvance", "ph":"B", "ts":"1176796740", "pid":"1", "tid":"wave"},
{"name":"ModelAdvance", "ph":"E", "ts":"1182465516", "pid":"1", "tid":"wave"},
{"name":"ModelSetRunClock", "ph":"B", "ts":"1184272492", "pid":"1", "tid":"wave"},
{"name":"ModelSetRunClock", "ph":"E", "ts":"1184272550", "pid":"1", "tid":"wave"},
{"name":"ModelAdvance", "ph":"B", "ts":"1184272639", "pid":"1", "tid":"wave"},
{"name":"ModelAdvance", "ph":"E", "ts":"1189957729", "pid":"1", "tid":"wave"},
{"name":"ModelSetRunClock", "ph":"B", "ts":"1192248055", "pid":"1", "tid":"wave"},
{"name":"ModelSetRunClock", "ph":"E", "ts":"1192248164", "pid":"1", "tid":"wave"},
{"name":"ModelAdvance", "ph":"B", "ts":"1192248290", "pid":"1", "tid":"wave"},
{"name":"ModelAdvance", "ph":"E", "ts":"1198036393", "pid":"1", "tid":"wave"},
{"name":"ModelSetRunClock", "ph":"B", "ts":"1199539875", "pid":"1", "tid":"wave"},
{"name":"ModelSetRunClock", "ph":"E", "ts":"1199539964", "pid":"1", "tid":"wave"},
{"name":"ModelAdvance", "ph":"B", "ts":"1199540124", "pid":"1", "tid":"wave"},
{"name":"ModelAdvance", "ph":"E", "ts":"1205458136", "pid":"1", "tid":"wave"},
{"name":"ModelSetRunClock", "ph":"B", "ts":"1207850989", "pid":"1", "tid":"wave"},
{"name":"ModelSetRunClock", "ph":"E", "ts":"1207851106", "pid":"1", "tid":"wave"},
{"name":"ModelAdvance", "ph":"B", "ts":"1207851303", "pid":"1", "tid":"wave"},
{"name":"ModelAdvance", "ph":"E", "ts":"1213874681", "pid":"1", "tid":"wave"},
{"name":"ModelSetRunClock", "ph":"B", "ts":"1215440369", "pid":"1", "tid":"wave"},
{"name":"ModelSetRunClock", "ph":"E", "ts":"1215440426", "pid":"1", "tid":"wave"},
{"name":"ModelAdvance", "ph":"B", "ts":"1215440530", "pid":"1", "tid":"wave"},
{"name":"ModelAdvance", "ph":"E", "ts":"1221481344", "pid":"1", "tid":"wave"},
{"name":"ModelSetRunClock", "ph":"B", "ts":"1223728541", "pid":"1", "tid":"wave"},
{"name":"ModelSetRunClock", "ph":"E", "ts":"1223728607", "pid":"1", "tid":"wave"},
{"name":"ModelAdvance", "ph":"B", "ts":"1223728810", "pid":"1", "tid":"wave"},
{"name":"ModelAdvance", "ph":"E", "ts":"1229727875", "pid":"1", "tid":"wave"},
{"name":"ModelSetRunClock", "ph":"B", "ts":"1231766756", "pid":"1", "tid":"wave"},
{"name":"ModelSetRunClock", "ph":"E", "ts":"1231766820", "pid":"1", "tid":"wave"},
{"name":"ModelAdvance", "ph":"B", "ts":"1231766991", "pid":"1", "tid":"wave"},
{"name":"ModelAdvance", "ph":"E", "ts":"1237817900", "pid":"1", "tid":"wave"},
{"name":"ModelSetRunClock", "ph":"B", "ts":"1240395627", "pid":"1", "tid":"wave"},
{"name":"ModelSetRunClock", "ph":"E", "ts":"1240395684", "pid":"1", "tid":"wave"},
{"name":"ModelAdvance", "ph":"B", "ts":"1240395769", "pid":"1", "tid":"wave"},
{"name":"ModelAdvance", "ph":"E", "ts":"1246244857", "pid":"1", "tid":"wave"},
{"name":"ModelSetRunClock", "ph":"B", "ts":"1248100482", "pid":"1", "tid":"wave"},
{"name":"ModelSetRunClock", "ph":"E", "ts":"1248100545", "pid":"1", "tid":"wave"},
{"name":"ModelAdvance", "ph":"B", "ts":"1248100662", "pid":"1", "tid":"wave"},
{"name":"ModelAdvance", "ph":"E", "ts":"1253814598", "pid":"1", "tid":"wave"},
{"name":"ModelSetRunClock", "ph":"B", "ts":"1257273708", "pid":"1", "tid":"wave"},
{"name":"ModelSetRunClock", "ph":"E", "ts":"1257274134", "pid":"1", "tid":"wave"},
{"name":"ModelAdvance", "ph":"B", "ts":"1257274261", "pid":"1", "tid":"wave"},
{"name":"ModelAdvance", "ph":"E", "ts":"1262936147", "pid":"1", "tid":"wave"},
{"name":"ModelSetRunClock", "ph":"B", "ts":"1265316087", "pid":"1", "tid":"wave"},
{"name":"ModelSetRunClock", "ph":"E", "ts":"1265316214", "pid":"1", "tid":"wave"},
{"name":"ModelAdvance", "ph":"B", "ts":"1265316334", "pid":"1", "tid":"wave"},
{"name":"ModelAdvance", "ph":"E", "ts":"1271187042", "pid":"1", "tid":"wave"},
{"name":"ModelSetRunClock", "ph":"B", "ts":"1273699875", "pid":"1", "tid":"wave"},
{"name":"ModelSetRunClock", "ph":"E", "ts":"1273699961", "pid":"1", "tid":"wave"},
{"name":"ModelAdvance", "ph":"B", "ts":"1273700082", "pid":"1", "tid":"wave"},
{"name":"ModelAdvance", "ph":"E", "ts":"1279447844", "pid":"1", "tid":"wave"},
{"name":"ModelSetRunClock", "ph":"B", "ts":"1281380512", "pid":"1", "tid":"wave"},
{"name":"ModelSetRunClock", "ph":"E", "ts":"1281380564", "pid":"1", "tid":"wave"},
{"name":"ModelAdvance", "ph":"B", "ts":"1281380648", "pid":"1", "tid":"wave"},
{"name":"ModelAdvance", "ph":"E", "ts":"1287153694", "pid":"1", "tid":"wave"},
{"name":"ModelSetRunClock", "ph":"B", "ts":"1289421242", "pid":"1", "tid":"wave"},
{"name":"ModelSetRunClock", "ph":"E", "ts":"1289421310", "pid":"1", "tid":"wave"},
{"name":"ModelAdvance", "ph":"B", "ts":"1289421493", "pid":"1", "tid":"wave"},
{"name":"ModelAdvance", "ph":"E", "ts":"1295214728", "pid":"1", "tid":"wave"},
{"name":"ModelSetRunClock", "ph":"B", "ts":"1296609111", "pid":"1", "tid":"wave"},
{"name":"ModelSetRunClock", "ph":"E", "ts":"1296609160", "pid":"1", "tid":"wave"},
{"name":"ModelAdvance", "ph":"B", "ts":"1296609233", "pid":"1", "tid":"wave"},
{"name":"ModelAdvance", "ph":"E", "ts":"1302643940", "pid":"1", "tid":"wave"},
{"name":"ModelSetRunClock", "ph":"B", "ts":"1304640376", "pid":"1", "tid":"wave"},
{"name":"ModelSetRunClock", "ph":"E", "ts":"1304640423", "pid":"1", "tid":"wave"},
{"name":"ModelAdvance", "ph":"B", "ts":"1304640528", "pid":"1", "tid":"wave"},
{"name":"ModelAdvance", "ph":"E", "ts":"1310472903", "pid":"1", "tid":"wave"},
{"name":"ModelSetRunClock", "ph":"B", "ts":"1311813734", "pid":"1", "tid":"wave"},
{"name":"ModelSetRunClock", "ph":"E", "ts":"1311813798", "pid":"1", "tid":"wave"},
{"name":"ModelAdvance", "ph":"B", "ts":"1311814006", "pid":"1", "tid":"wave"},
{"name":"ModelAdvance", "ph":"E", "ts":"1317930788", "pid":"1", "tid":"wave"},
{"name":"ModelSetRunClock", "ph":"B", "ts":"1319881276", "pid":"1", "tid":"wave"},
{"name":"ModelSetRunClock", "ph":"E", "ts":"1319881322", "pid":"1", "tid":"wave"},
{"name":"ModelAdvance", "ph":"B", "ts":"1319881401", "pid":"1", "tid":"wave"},
{"name":"ModelAdvance", "ph":"E", "ts":"1325738853", "pid":"1", "tid":"wave"},
{"name":"ModelSetRunClock", "ph":"B", "ts":"1327155106", "pid":"1", "tid":"wave"},
{"name":"ModelSetRunClock", "ph":"E", "ts":"1327155509", "pid":"1", "tid":"wave"},
{"name":"ModelAdvance", "ph":"B", "ts":"1327155631", "pid":"1", "tid":"wave"},
{"name":"ModelAdvance", "ph":"E", "ts":"1333180797", "pid":"1", "tid":"wave"},
{"name":"ModelSetRunClock", "ph":"B", "ts":"1335200576", "pid":"1", "tid":"wave"},
{"name":"ModelSetRunClock", "ph":"E", "ts":"1335200635", "pid":"1", "tid":"wave"},
{"name":"ModelAdvance", "ph":"B", "ts":"1335200745", "pid":"1", "tid":"wave"},
{"name":"ModelAdvance", "ph":"E", "ts":"1340985251", "pid":"1", "tid":"wave"},
{"name":"ModelSetRunClock", "ph":"B", "ts":"1342316565", "pid":"1", "tid":"wave"},
{"name":"ModelSetRunClock", "ph":"E", "ts":"1342316609", "pid":"1", "tid":"wave"},
{"name":"ModelAdvance", "ph":"B", "ts":"1342316723", "pid":"1", "tid":"wave"},
{"name":"ModelAdvance", "ph":"E", "ts":"1348390743", "pid":"1", "tid":"wave"},
{"name":"ModelSetRunClock", "ph":"B", "ts":"1350463203", "pid":"1", "tid":"wave"},
{"name":"ModelSetRunClock", "ph":"E", "ts":"1350463294", "pid":"1", "tid":"wave"},
{"name":"ModelAdvance", "ph":"B", "ts":"1350463477", "pid":"1", "tid":"wave"},
{"name":"ModelAdvance", "ph":"E", "ts":"1356318626", "pid":"1", "tid":"wave"},
{"name":"ModelSetRunClock", "ph":"B", "ts":"1357573956", "pid":"1", "tid":"wave"},
{"name":"ModelSetRunClock", "ph":"E", "ts":"1357574137", "pid":"1", "tid":"wave"},
{"name":"ModelAdvance", "ph":"B", "ts":"1357574231", "pid":"1", "tid":"wave"},
{"name":"ModelAdvance", "ph":"E", "ts":"1363748924", "pid":"1", "tid":"wave"},
{"name":"ModelSetRunClock", "ph":"B", "ts":"1365786503", "pid":"1", "tid":"wave"},
{"name":"ModelSetRunClock", "ph":"E", "ts":"1365786544", "pid":"1", "tid":"wave"},
{"name":"ModelAdvance", "ph":"B", "ts":"1365786931", "pid":"1", "tid":"wave"},
{"name":"ModelAdvance", "ph":"E", "ts":"1371682051", "pid":"1", "tid":"wave"},
{"name":"ModelSetRunClock", "ph":"B", "ts":"1372987814", "pid":"1", "tid":"wave"},
{"name":"ModelSetRunClock", "ph":"E", "ts":"1372987852", "pid":"1", "tid":"wave"},
{"name":"ModelAdvance", "ph":"B", "ts":"1372987936", "pid":"1", "tid":"wave"},
{"name":"ModelAdvance", "ph":"E", "ts":"1379207692", "pid":"1", "tid":"wave"},
{"name":"ModelSetRunClock", "ph":"B", "ts":"1381230753", "pid":"1", "tid":"wave"},
{"name":"ModelSetRunClock", "ph":"E", "ts":"1381230792", "pid":"1", "tid":"wave"},
{"name":"ModelAdvance", "ph":"B", "ts":"1381230863", "pid":"1", "tid":"wave"},
{"name":"ModelAdvance", "ph":"E", "ts":"1387079054", "pid":"1", "tid":"wave"},
{"name":"ModelSetRunClock", "ph":"B", "ts":"1388409337", "pid":"1", "tid":"wave"},
{"name":"ModelSetRunClock", "ph":"E", "ts":"1388409772", "pid":"1", "tid":"wave"},
{"name":"ModelAdvance", "ph":"B", "ts":"1388409901", "pid":"1", "tid":"wave"},
{"name":"ModelAdvance", "ph":"E", "ts":"1394563581", "pid":"1", "tid":"wave"},
{"name":"ModelSetRunClock", "ph":"B", "ts":"1396762021", "pid":"1", "tid":"wave"},
{"name":"ModelSetRunClock", "ph":"E", "ts":"1396762068", "pid":"1", "tid":"wave"},
{"name":"ModelAdvance", "ph":"B", "ts":"1396762173", "pid":"1", "tid":"wave"},
{"name":"ModelAdvance", "ph":"E", "ts":"1402497674", "pid":"1", "tid":"wave"},
{"name":"ModelSetRunClock", "ph":"B", "ts":"1404435278", "pid":"1", "tid":"wave"},
{"name":"ModelSetRunClock", "ph":"E", "ts":"1404435323", "pid":"1", "tid":"wave"},
{"name":"ModelAdvance", "ph":"B", "ts":"1404435430", "pid":"1", "tid":"wave"},
{"name":"ModelAdvance", "ph":"E", "ts":"1410146368", "pid":"1", "tid":"wave"},
{"name":"ModelSetRunClock", "ph":"B", "ts":"1412643751", "pid":"1", "tid":"wave"},
{"name":"ModelSetRunClock", "ph":"E", "ts":"1412643827", "pid":"1", "tid":"wave"},
{"name":"ModelAdvance", "ph":"B", "ts":"1412644005", "pid":"1", "tid":"wave"},
{"name":"ModelAdvance", "ph":"E", "ts":"1418305306", "pid":"1", "tid":"wave"},
{"name":"ModelSetRunClock", "ph":"B", "ts":"1420343357", "pid":"1", "tid":"wave"},
{"name":"ModelSetRunClock", "ph":"E", "ts":"1420343532", "pid":"1", "tid":"wave"},
{"name":"ModelAdvance", "ph":"B", "ts":"1420343640", "pid":"1", "tid":"wave"},
{"name":"ModelAdvance", "ph":"E", "ts":"1426007884", "pid":"1", "tid":"wave"},
{"name":"ModelSetRunClock", "ph":"B", "ts":"1441000427", "pid":"1", "tid":"wave"},
{"name":"ModelSetRunClock", "ph":"E", "ts":"1441000467", "pid":"1", "tid":"wave"},
{"name":"ModelAdvance", "ph":"B", "ts":"1441000541", "pid":"1", "tid":"wave"},
{"name":"ModelAdvance", "ph":"E", "ts":"1446648445", "pid":"1", "tid":"wave"},
{"name":"ModelSetRunClock", "ph":"B", "ts":"1448558385", "pid":"1", "tid":"wave"},
{"name":"ModelSetRunClock", "ph":"E", "ts":"1448558430", "pid":"1", "tid":"wave"},
{"name":"ModelAdvance", "ph":"B", "ts":"1448558563", "pid":"1", "tid":"wave"},
{"name":"ModelAdvance", "ph":"E", "ts":"1454178384", "pid":"1", "tid":"wave"},
{"name":"ModelSetRunClock", "ph":"B", "ts":"1456558029", "pid":"1", "tid":"wave"},
{"name":"ModelSetRunClock", "ph":"E", "ts":"1456558086", "pid":"1", "tid":"wave"},
{"name":"ModelAdvance", "ph":"B", "ts":"1456558168", "pid":"1", "tid":"wave"},
{"name":"ModelAdvance", "ph":"E", "ts":"1462140664", "pid":"1", "tid":"wave"},
{"name":"ModelSetRunClock", "ph":"B", "ts":"1463853272", "pid":"1", "tid":"wave"},
{"name":"ModelSetRunClock", "ph":"E", "ts":"1463853339", "pid":"1", "tid":"wave"},
{"name":"ModelAdvance", "ph":"B", "ts":"1463853484", "pid":"1", "tid":"wave"},
{"name":"ModelAdvance", "ph":"E", "ts":"1469393457", "pid":"1", "tid":"wave"},
{"name":"ModelSetRunClock", "ph":"B", "ts":"1471783998", "pid":"1", "tid":"wave"},
{"name":"ModelSetRunClock", "ph":"E", "ts":"1471784081", "pid":"1", "tid":"wave"},
{"name":"ModelAdvance", "ph":"B", "ts":"1471784256", "pid":"1", "tid":"wave"},
{"name":"ModelAdvance", "ph":"E", "ts":"1477229690", "pid":"1", "tid":"wave"},
{"name":"ModelSetRunClock", "ph":"B", "ts":"1479347719", "pid":"1", "tid":"wave"},
{"name":"ModelSetRunClock", "ph":"E", "ts":"1479348103", "pid":"1", "tid":"wave"},
{"name":"ModelAdvance", "ph":"B", "ts":"1479348254", "pid":"1", "tid":"wave"},
{"name":"ModelAdvance", "ph":"E", "ts":"1484679855", "pid":"1", "tid":"wave"},
{"name":"ModelSetRunClock", "ph":"B", "ts":"1487602785", "pid":"1", "tid":"wave"},
{"name":"ModelSetRunClock", "ph":"E", "ts":"1487602831", "pid":"1", "tid":"wave"},
{"name":"ModelAdvance", "ph":"B", "ts":"1487602918", "pid":"1", "tid":"wave"},
{"name":"ModelAdvance", "ph":"E", "ts":"1492806730", "pid":"1", "tid":"wave"},
{"name":"ModelSetRunClock", "ph":"B", "ts":"1495114493", "pid":"1", "tid":"wave"},
{"name":"ModelSetRunClock", "ph":"E", "ts":"1495114543", "pid":"1", "tid":"wave"},
{"name":"ModelAdvance", "ph":"B", "ts":"1495114619", "pid":"1", "tid":"wave"},
{"name":"ModelAdvance", "ph":"E", "ts":"1500243629", "pid":"1", "tid":"wave"},
{"name":"ModelSetRunClock", "ph":"B", "ts":"1503030955", "pid":"1", "tid":"wave"},
{"name":"ModelSetRunClock", "ph":"E", "ts":"1503031072", "pid":"1", "tid":"wave"},
{"name":"ModelAdvance", "ph":"B", "ts":"1503031174", "pid":"1", "tid":"wave"},
{"name":"ModelAdvance", "ph":"E", "ts":"1508126405", "pid":"1", "tid":"wave"},
{"name":"ModelSetRunClock", "ph":"B", "ts":"1510327502", "pid":"1", "tid":"wave"},
{"name":"ModelSetRunClock", "ph":"E", "ts":"1510327623", "pid":"1", "tid":"wave"},
{"name":"ModelAdvance", "ph":"B", "ts":"1510327730", "pid":"1", "tid":"wave"},
{"name":"ModelAdvance", "ph":"E", "ts":"1515435764", "pid":"1", "tid":"wave"},
{"name":"ModelSetRunClock", "ph":"B", "ts":"1518287365", "pid":"1", "tid":"wave"},
{"name":"ModelSetRunClock", "ph":"E", "ts":"1518287422", "pid":"1", "tid":"wave"},
{"name":"ModelAdvance", "ph":"B", "ts":"1518287571", "pid":"1", "tid":"wave"},
{"name":"ModelAdvance", "ph":"E", "ts":"1523407494", "pid":"1", "tid":"wave"},
{"name":"ModelSetRunClock", "ph":"B", "ts":"1526026810", "pid":"1", "tid":"wave"},
{"name":"ModelSetRunClock", "ph":"E", "ts":"1526026869", "pid":"1", "tid":"wave"},
{"name":"ModelAdvance", "ph":"B", "ts":"1526026989", "pid":"1", "tid":"wave"},
{"name":"ModelAdvance", "ph":"E", "ts":"1531186112", "pid":"1", "tid":"wave"},
{"name":"ModelSetRunClock", "ph":"B", "ts":"1534269070", "pid":"1", "tid":"wave"},
{"name":"ModelSetRunClock", "ph":"E", "ts":"1534269114", "pid":"1", "tid":"wave"},
{"name":"ModelAdvance", "ph":"B", "ts":"1534269210", "pid":"1", "tid":"wave"},
{"name":"ModelAdvance", "ph":"E", "ts":"1539488972", "pid":"1", "tid":"wave"},
{"name":"ModelSetRunClock", "ph":"B", "ts":"1541902928", "pid":"1", "tid":"wave"},
{"name":"ModelSetRunClock", "ph":"E", "ts":"1541903275", "pid":"1", "tid":"wave"},
{"name":"ModelAdvance", "ph":"B", "ts":"1541903398", "pid":"1", "tid":"wave"},
{"name":"ModelAdvance", "ph":"E", "ts":"1547196286", "pid":"1", "tid":"wave"},
{"name":"ModelSetRunClock", "ph":"B", "ts":"1549787081", "pid":"1", "tid":"wave"},
{"name":"ModelSetRunClock", "ph":"E", "ts":"1549787125", "pid":"1", "tid":"wave"},
{"name":"ModelAdvance", "ph":"B", "ts":"1549787199", "pid":"1", "tid":"wave"},
{"name":"ModelAdvance", "ph":"E", "ts":"1555154884", "pid":"1", "tid":"wave"},
{"name":"ModelSetRunClock", "ph":"B", "ts":"1557031891", "pid":"1", "tid":"wave"},
{"name":"ModelSetRunClock", "ph":"E", "ts":"1557031972", "pid":"1", "tid":"wave"},
{"name":"ModelAdvance", "ph":"B", "ts":"1557032213", "pid":"1", "tid":"wave"},
{"name":"ModelAdvance", "ph":"E", "ts":"1562486162", "pid":"1", "tid":"wave"},
{"name":"ModelSetRunClock", "ph":"B", "ts":"1564903329", "pid":"1", "tid":"wave"},
{"name":"ModelSetRunClock", "ph":"E", "ts":"1564903391", "pid":"1", "tid":"wave"},
{"name":"ModelAdvance", "ph":"B", "ts":"1564903506", "pid":"1", "tid":"wave"},
{"name":"ModelAdvance", "ph":"E", "ts":"1570434371", "pid":"1", "tid":"wave"},
{"name":"ModelSetRunClock", "ph":"B", "ts":"1572144788", "pid":"1", "tid":"wave"},
{"name":"ModelSetRunClock", "ph":"E", "ts":"1572144963", "pid":"1", "tid":"wave"},
{"name":"ModelAdvance", "ph":"B", "ts":"1572145138", "pid":"1", "tid":"wave"},
{"name":"ModelAdvance", "ph":"E", "ts":"1577777902", "pid":"1", "tid":"wave"},
{"name":"ModelSetRunClock", "ph":"B", "ts":"1580029167", "pid":"1", "tid":"wave"},
{"name":"ModelSetRunClock", "ph":"E", "ts":"1580029237", "pid":"1", "tid":"wave"},
{"name":"ModelAdvance", "ph":"B", "ts":"1580029362", "pid":"1", "tid":"wave"},
{"name":"ModelAdvance", "ph":"E", "ts":"1585757013", "pid":"1", "tid":"wave"},
{"name":"ModelSetRunClock", "ph":"B", "ts":"1587360064", "pid":"1", "tid":"wave"},
{"name":"ModelSetRunClock", "ph":"E", "ts":"1587360160", "pid":"1", "tid":"wave"},
{"name":"ModelAdvance", "ph":"B", "ts":"1587360270", "pid":"1", "tid":"wave"},
{"name":"ModelAdvance", "ph":"E", "ts":"1593111482", "pid":"1", "tid":"wave"},
{"name":"ModelSetRunClock", "ph":"B", "ts":"1601043286", "pid":"1", "tid":"wave"},
{"name":"ModelSetRunClock", "ph":"E", "ts":"1601043349", "pid":"1", "tid":"wave"},
{"name":"ModelAdvance", "ph":"B", "ts":"1601043517", "pid":"1", "tid":"wave"},
{"name":"ModelAdvance", "ph":"E", "ts":"1606820571", "pid":"1", "tid":"wave"},
{"name":"ModelSetRunClock", "ph":"B", "ts":"1608451101", "pid":"1", "tid":"wave"},
{"name":"ModelSetRunClock", "ph":"E", "ts":"1608451173", "pid":"1", "tid":"wave"},
{"name":"ModelAdvance", "ph":"B", "ts":"1608451294", "pid":"1", "tid":"wave"},
{"name":"ModelAdvance", "ph":"E", "ts":"1614283545", "pid":"1", "tid":"wave"},
{"name":"ModelSetRunClock", "ph":"B", "ts":"1616437941", "pid":"1", "tid":"wave"},
{"name":"ModelSetRunClock", "ph":"E", "ts":"1616437995", "pid":"1", "tid":"wave"},
{"name":"ModelAdvance", "ph":"B", "ts":"1616438083", "pid":"1", "tid":"wave"},
{"name":"ModelAdvance", "ph":"E", "ts":"1622250404", "pid":"1", "tid":"wave"},
{"name":"ModelSetRunClock", "ph":"B", "ts":"1623908808", "pid":"1", "tid":"wave"},
{"name":"ModelSetRunClock", "ph":"E", "ts":"1623908922", "pid":"1", "tid":"wave"},
{"name":"ModelAdvance", "ph":"B", "ts":"1623909041", "pid":"1", "tid":"wave"},
{"name":"ModelAdvance", "ph":"E", "ts":"1629679001", "pid":"1", "tid":"wave"},
{"name":"ModelSetRunClock", "ph":"B", "ts":"1631866627", "pid":"1", "tid":"wave"},
{"name":"ModelSetRunClock", "ph":"E", "ts":"1631866692", "pid":"1", "tid":"wave"},
{"name":"ModelAdvance", "ph":"B", "ts":"1631866798", "pid":"1", "tid":"wave"},
{"name":"ModelAdvance", "ph":"E", "ts":"1637598319", "pid":"1", "tid":"wave"},
{"name":"ModelSetRunClock", "ph":"B", "ts":"1639225021", "pid":"1", "tid":"wave"},
{"name":"ModelSetRunClock", "ph":"E", "ts":"1639225179", "pid":"1", "tid":"wave"},
{"name":"ModelAdvance", "ph":"B", "ts":"1639225307", "pid":"1", "tid":"wave"},
{"name":"ModelAdvance", "ph":"E", "ts":"1644954025", "pid":"1", "tid":"wave"},
{"name":"ModelSetRunClock", "ph":"B", "ts":"1647123083", "pid":"1", "tid":"wave"},
{"name":"ModelSetRunClock", "ph":"E", "ts":"1647123179", "pid":"1", "tid":"wave"},
{"name":"ModelAdvance", "ph":"B", "ts":"1647123390", "pid":"1", "tid":"wave"},
{"name":"ModelAdvance", "ph":"E", "ts":"1652880349", "pid":"1", "tid":"wave"},
{"name":"ModelSetRunClock", "ph":"B", "ts":"1654512045", "pid":"1", "tid":"wave"},
{"name":"ModelSetRunClock", "ph":"E", "ts":"1654512114", "pid":"1", "tid":"wave"},
{"name":"ModelAdvance", "ph":"B", "ts":"1654512297", "pid":"1", "tid":"wave"},
{"name":"ModelAdvance", "ph":"E", "ts":"1660214913", "pid":"1", "tid":"wave"},
{"name":"ModelSetRunClock", "ph":"B", "ts":"1662367881", "pid":"1", "tid":"wave"},
{"name":"ModelSetRunClock", "ph":"E", "ts":"1662367986", "pid":"1", "tid":"wave"},
{"name":"ModelAdvance", "ph":"B", "ts":"1662368097", "pid":"1", "tid":"wave"},
{"name":"ModelAdvance", "ph":"E", "ts":"1668066364", "pid":"1", "tid":"wave"},
{"name":"ModelSetRunClock", "ph":"B", "ts":"1669686480", "pid":"1", "tid":"wave"},
{"name":"ModelSetRunClock", "ph":"E", "ts":"1669686537", "pid":"1", "tid":"wave"},
{"name":"ModelAdvance", "ph":"B", "ts":"1669686614", "pid":"1", "tid":"wave"},
{"name":"ModelAdvance", "ph":"E", "ts":"1675399928", "pid":"1", "tid":"wave"},
{"name":"ModelSetRunClock", "ph":"B", "ts":"1677524600", "pid":"1", "tid":"wave"},
{"name":"ModelSetRunClock", "ph":"E", "ts":"1677524665", "pid":"1", "tid":"wave"},
{"name":"ModelAdvance", "ph":"B", "ts":"1677525183", "pid":"1", "tid":"wave"},
{"name":"ModelAdvance", "ph":"E", "ts":"1683231307", "pid":"1", "tid":"wave"},
{"name":"ModelSetRunClock", "ph":"B", "ts":"1684859907", "pid":"1", "tid":"wave"},
{"name":"ModelSetRunClock", "ph":"E", "ts":"1684860042", "pid":"1", "tid":"wave"},
{"name":"ModelAdvance", "ph":"B", "ts":"1684860147", "pid":"1", "tid":"wave"},
{"name":"ModelAdvance", "ph":"E", "ts":"1690572158", "pid":"1", "tid":"wave"},
{"name":"ModelSetRunClock", "ph":"B", "ts":"1692770726", "pid":"1", "tid":"wave"},
{"name":"ModelSetRunClock", "ph":"E", "ts":"1692770780", "pid":"1", "tid":"wave"},
{"name":"ModelAdvance", "ph":"B", "ts":"1692770892", "pid":"1", "tid":"wave"},
{"name":"ModelAdvance", "ph":"E", "ts":"1698443786", "pid":"1", "tid":"wave"},
{"name":"ModelSetRunClock", "ph":"B", "ts":"1700045839", "pid":"1", "tid":"wave"},
{"name":"ModelSetRunClock", "ph":"E", "ts":"1700045992", "pid":"1", "tid":"wave"},
{"name":"ModelAdvance", "ph":"B", "ts":"1700046095", "pid":"1", "tid":"wave"},
{"name":"ModelAdvance", "ph":"E", "ts":"1705681511", "pid":"1", "tid":"wave"},
{"name":"ModelSetRunClock", "ph":"B", "ts":"1707960187", "pid":"1", "tid":"wave"},
{"name":"ModelSetRunClock", "ph":"E", "ts":"1707960248", "pid":"1", "tid":"wave"},
{"name":"ModelAdvance", "ph":"B", "ts":"1707960341", "pid":"1", "tid":"wave"},
{"name":"ModelAdvance", "ph":"E", "ts":"1713580963", "pid":"1", "tid":"wave"},
{"name":"ModelSetRunClock", "ph":"B", "ts":"1715155666", "pid":"1", "tid":"wave"},
{"name":"ModelSetRunClock", "ph":"E", "ts":"1715155725", "pid":"1", "tid":"wave"},
{"name":"ModelAdvance", "ph":"B", "ts":"1715155801", "pid":"1", "tid":"wave"},
{"name":"ModelAdvance", "ph":"E", "ts":"1720861910", "pid":"1", "tid":"wave"},
{"name":"ModelSetRunClock", "ph":"B", "ts":"1723023218", "pid":"1", "tid":"wave"},
{"name":"ModelSetRunClock", "ph":"E", "ts":"1723023267", "pid":"1", "tid":"wave"},
{"name":"ModelAdvance", "ph":"B", "ts":"1723023352", "pid":"1", "tid":"wave"},
{"name":"ModelAdvance", "ph":"E", "ts":"1728792208", "pid":"1", "tid":"wave"},
{"name":"ModelSetRunClock", "ph":"B", "ts":"1730365960", "pid":"1", "tid":"wave"},
{"name":"ModelSetRunClock", "ph":"E", "ts":"1730366020", "pid":"1", "tid":"wave"},
{"name":"ModelAdvance", "ph":"B", "ts":"1730366107", "pid":"1", "tid":"wave"},
{"name":"ModelAdvance", "ph":"E", "ts":"1736267883", "pid":"1", "tid":"wave"},
{"name":"ModelSetRunClock", "ph":"B", "ts":"1738179368", "pid":"1", "tid":"wave"},
{"name":"ModelSetRunClock", "ph":"E", "ts":"1738179508", "pid":"1", "tid":"wave"},
{"name":"ModelAdvance", "ph":"B", "ts":"1738179635", "pid":"1", "tid":"wave"},
{"name":"ModelAdvance", "ph":"E", "ts":"1744074226", "pid":"1", "tid":"wave"},
{"name":"ModelSetRunClock", "ph":"B", "ts":"1745608045", "pid":"1", "tid":"wave"},
{"name":"ModelSetRunClock", "ph":"E", "ts":"1745608105", "pid":"1", "tid":"wave"},
{"name":"ModelAdvance", "ph":"B", "ts":"1745608177", "pid":"1", "tid":"wave"},
{"name":"ModelAdvance", "ph":"E", "ts":"1751762998", "pid":"1", "tid":"wave"},
{"name":"ModelSetRunClock", "ph":"B", "ts":"1753520484", "pid":"1", "tid":"wave"},
{"name":"ModelSetRunClock", "ph":"E", "ts":"1753520567", "pid":"1", "tid":"wave"},
{"name":"ModelAdvance", "ph":"B", "ts":"1753520678", "pid":"1", "tid":"wave"},
{"name":"ModelAdvance", "ph":"E", "ts":"1759479687", "pid":"1", "tid":"wave"},
{"name":"ModelSetRunClock", "ph":"B", "ts":"1761004900", "pid":"1", "tid":"wave"},
{"name":"ModelSetRunClock", "ph":"E", "ts":"1761004973", "pid":"1", "tid":"wave"},
{"name":"ModelAdvance", "ph":"B", "ts":"1761005074", "pid":"1", "tid":"wave"},
{"name":"ModelAdvance", "ph":"E", "ts":"1767155681", "pid":"1", "tid":"wave"},
{"name":"ModelSetRunClock", "ph":"B", "ts":"1769055213", "pid":"1", "tid":"wave"},
{"name":"ModelSetRunClock", "ph":"E", "ts":"1769055332", "pid":"1", "tid":"wave"},
{"name":"ModelAdvance", "ph":"B", "ts":"1769055441", "pid":"1", "tid":"wave"},
{"name":"ModelAdvance", "ph":"E", "ts":"1774903169", "pid":"1", "tid":"wave"},
{"name":"ModelSetRunClock", "ph":"B", "ts":"1776369504", "pid":"1", "tid":"wave"},
{"name":"ModelSetRunClock", "ph":"E", "ts":"1776369712", "pid":"1", "tid":"wave"},
{"name":"ModelAdvance", "ph":"B", "ts":"1776369807", "pid":"1", "tid":"wave"},
{"name":"ModelAdvance", "ph":"E", "ts":"1782389909", "pid":"1", "tid":"wave"},
{"name":"ModelSetRunClock", "ph":"B", "ts":"1784380198", "pid":"1", "tid":"wave"},
{"name":"ModelSetRunClock", "ph":"E", "ts":"1784380326", "pid":"1", "tid":"wave"},
{"name":"ModelAdvance", "ph":"B", "ts":"1784380439", "pid":"1", "tid":"wave"},
{"name":"ModelAdvance", "ph":"E", "ts":"1790120170", "pid":"1", "tid":"wave"},
{"name":"ModelSetRunClock", "ph":"B", "ts":"1791522504", "pid":"1", "tid":"wave"},
{"name":"ModelSetRunClock", "ph":"E", "ts":"1791522580", "pid":"1", "tid":"wave"},
{"name":"ModelAdvance", "ph":"B", "ts":"1791522720", "pid":"1", "tid":"wave"},
{"name":"ModelAdvance", "ph":"E", "ts":"1797364874", "pid":"1", "tid":"wave"},
{"name":"ModelSetRunClock", "ph":"B", "ts":"1799505475", "pid":"1", "tid":"wave"},
{"name":"ModelSetRunClock", "ph":"E", "ts":"1799505609", "pid":"1", "tid":"wave"},
{"name":"ModelAdvance", "ph":"B", "ts":"1799505719", "pid":"1", "tid":"wave"},
{"name":"ModelAdvance", "ph":"E", "ts":"1804998340", "pid":"1", "tid":"wave"},
{"name":"ModelFinalize", "ph":"B", "ts":"1805004516", "pid":"1", "tid":"wave"},
{"name":"ModelFinalize", "ph":"E", "ts":"1805004546", "pid":"1", "tid":"wave"},
