{"name":"SetServices", "ph":"B", "ts":"728284277", "pid":"1", "tid":"mom"},
{"name":"SetServices", "ph":"E", "ts":"728286039", "pid":"1", "tid":"mom"},
{"name":"InitializeP0", "ph":"B", "ts":"729473960", "pid":"1", "tid":"mom"},
{"name":"InitializeP0", "ph":"E", "ts":"729474372", "pid":"1", "tid":"mom"},
{"name":"InitializeAdvertise", "ph":"B", "ts":"770457506", "pid":"1", "tid":"mom"},
{"name":"InitializeAdvertise", "ph":"E", "ts":"825515544", "pid":"1", "tid":"mom"},
{"name":"InitializeRealize", "ph":"B", "ts":"951896461", "pid":"1", "tid":"mom"},
{"name":"InitializeRealize", "ph":"E", "ts":"957158823", "pid":"1", "tid":"mom"},
{"name":"DataInitialize", "ph":"B", "ts":"995755333", "pid":"1", "tid":"mom"},
{"name":"DataInitialize", "ph":"E", "ts":"995756594", "pid":"1", "tid":"mom"},
{"name":"ModelSetRunClock", "ph":"B", "ts":"1039914407", "pid":"1", "tid":"mom"},
{"name":"ModelSetRunClock", "ph":"E", "ts":"1039925411", "pid":"1", "tid":"mom"},
{"name":"ModelAdvance", "ph":"B", "ts":"1039925701", "pid":"1", "tid":"mom"},
{"name":"ModelAdvance", "ph":"E", "ts":"1046688484", "pid":"1", "tid":"mom"},
{"name":"ModelSetRunClock", "ph":"B", "ts":"1054837536", "pid":"1", "tid":"mom"},
{"name":"ModelSetRunClock", "ph":"E", "ts":"1054837594", "pid":"1", "tid":"mom"},
{"name":"ModelAdvance", "ph":"B", "ts":"1054837750", "pid":"1", "tid":"mom"},
{"name":"ModelAdvance", "ph":"E", "ts":"1060222956", "pid":"1", "tid":"mom"},
{"name":"ModelSetRunClock", "ph":"B", "ts":"1069641032", "pid":"1", "tid":"mom"},
{"name":"ModelSetRunClock", "ph":"E", "ts":"1069641098", "pid":"1", "tid":"mom"},
{"name":"ModelAdvance", "ph":"B", "ts":"1069641253", "pid":"1", "tid":"mom"},
{"name":"ModelAdvance", "ph":"E", "ts":"1075056777", "pid":"1", "tid":"mom"},
{"name":"ModelSetRunClock", "ph":"B", "ts":"1085084805", "pid":"1", "tid":"mom"},
{"name":"ModelSetRunClock", "ph":"E", "ts":"1085084873", "pid":"1", "tid":"mom"},
{"name":"ModelAdvance", "ph":"B", "ts":"1085085046", "pid":"1", "tid":"mom"},
{"name":"ModelAdvance", "ph":"E", "ts":"1090480689", "pid":"1", "tid":"mom"},
{"name":"ModelSetRunClock", "ph":"B", "ts":"1099291888", "pid":"1", "tid":"mom"},
{"name":"ModelSetRunClock", "ph":"E", "ts":"1099291965", "pid":"1", "tid":"mom"},
{"name":"ModelAdvance", "ph":"B", "ts":"1099292149", "pid":"1", "tid":"mom"},
{"name":"ModelAdvance", "ph":"E", "ts":"1104670279", "pid":"1", "tid":"mom"},
{"name":"ModelSetRunClock", "ph":"B", "ts":"1110574916", "pid":"1", "tid":"mom"},
{"name":"ModelSetRunClock", "ph":"E", "ts":"1110574983", "pid":"1", "tid":"mom"},
{"name":"ModelAdvance", "ph":"B", "ts":"1110575158", "pid":"1", "tid":"mom"},
{"name":"ModelAdvance", "ph":"E", "ts":"1116055514", "pid":"1", "tid":"mom"},
{"name":"ModelSetRunClock", "ph":"B", "ts":"1137161134", "pid":"1", "tid":"mom"},
{"name":"ModelSetRunClock", "ph":"E", "ts":"1137161299", "pid":"1", "tid":"mom"},
{"name":"ModelAdvance", "ph":"B", "ts":"1137161459", "pid":"1", "tid":"mom"},
{"name":"ModelAdvance", "ph":"E", "ts":"1142573248", "pid":"1", "tid":"mom"},
{"name":"ModelSetRunClock", "ph":"B", "ts":"1145716075", "pid":"1", "tid":"mom"},
{"name":"ModelSetRunClock", "ph":"E", "ts":"1145716138", "pid":"1", "tid":"mom"},
{"name":"ModelAdvance", "ph":"B", "ts":"1145716302", "pid":"1", "tid":"mom"},
{"name":"ModelAdvance", "ph":"E", "ts":"1151163344", "pid":"1", "tid":"mom"},
{"name":"ModelSetRunClock", "ph":"B", "ts":"1153418354", "pid":"1", "tid":"mom"},
{"name":"ModelSetRunClock", "ph":"E", "ts":"1153418417", "pid":"1", "tid":"mom"},
{"name":"ModelAdvance", "ph":"B", "ts":"1153418620", "pid":"1", "tid":"mom"},
{"name":"ModelAdvance", "ph":"E", "ts":"1158876079", "pid":"1", "tid":"mom"},
{"name":"ModelSetRunClock", "ph":"B", "ts":"1161457688", "pid":"1", "tid":"mom"},
{"name":"ModelSetRunClock", "ph":"E", "ts":"1161457766", "pid":"1", "tid":"mom"},
{"name":"ModelAdvance", "ph":"B", "ts":"1161457927", "pid":"1", "tid":"mom"},
{"name":"ModelAdvance", "ph":"E", "ts":"1166903914", "pid":"1", "tid":"mom"},
{"name":"ModelSetRunClock", "ph":"B", "ts":"1168769036", "pid":"1", "tid":"mom"},
{"name":"ModelSetRunClock", "ph":"E", "ts":"1168769101", "pid":"1", "tid":"mom"},
{"name":"ModelAdvance", "ph":"B", "ts":"1168769366", "pid":"1", "tid":"mom"},
{"name":"ModelAdvance", "ph":"E", "ts":"1174192745", "pid":"1", "tid":"mom"},
{"name":"ModelSetRunClock", "ph":"B", "ts":"1176803676", "pid":"1", "tid":"mom"},
{"name":"ModelSetRunClock", "ph":"E", "ts":"1176803737", "pid":"1", "tid":"mom"},
{"name":"ModelAdvance", "ph":"B", "ts":"1176803895", "pid":"1", "tid":"mom"},
{"name":"ModelAdvance", "ph":"E", "ts":"1182119056", "pid":"1", "tid":"mom"},
{"name":"ModelSetRunClock", "ph":"B", "ts":"1184285679", "pid":"1", "tid":"mom"},
{"name":"ModelSetRunClock", "ph":"E", "ts":"1184285767", "pid":"1", "tid":"mom"},
{"name":"ModelAdvance", "ph":"B", "ts":"1184285957", "pid":"1", "tid":"mom"},
{"name":"ModelAdvance", "ph":"E", "ts":"1189540044", "pid":"1", "tid":"mom"},
{"name":"ModelSetRunClock", "ph":"B", "ts":"1192258969", "pid":"1", "tid":"mom"},
{"name":"ModelSetRunClock", "ph":"E", "ts":"1192259039", "pid":"1", "tid":"mom"},
{"name":"ModelAdvance", "ph":"B", "ts":"1192259199", "pid":"1", "tid":"mom"},
{"name":"ModelAdvance", "ph":"E", "ts":"1197470993", "pid":"1", "tid":"mom"},
{"name":"ModelSetRunClock", "ph":"B", "ts":"1199541218", "pid":"1", "tid":"mom"},
{"name":"ModelSetRunClock", "ph":"E", "ts":"1199541293", "pid":"1", "tid":"mom"},
{"name":"ModelAdvance", "ph":"B", "ts":"1199541452", "pid":"1", "tid":"mom"},
{"name":"ModelAdvance", "ph":"E", "ts":"1204867316", "pid":"1", "tid":"mom"},
{"name":"ModelSetRunClock", "ph":"B", "ts":"1207859734", "pid":"1", "tid":"mom"},
{"name":"ModelSetRunClock", "ph":"E", "ts":"1207859802", "pid":"1", "tid":"mom"},
{"name":"ModelAdvance", "ph":"B", "ts":"1207859964", "pid":"1", "tid":"mom"},
{"name":"ModelAdvance", "ph":"E", "ts":"1213133829", "pid":"1", "tid":"mom"},
{"name":"ModelSetRunClock", "ph":"B", "ts":"1215441991", "pid":"1", "tid":"mom"},
{"name":"ModelSetRunClock", "ph":"E", "ts":"1215442066", "pid":"1", "tid":"mom"},
{"name":"ModelAdvance", "ph":"B", "ts":"1215442236", "pid":"1", "tid":"mom"},
{"name":"ModelAdvance", "ph":"E", "ts":"1220787554", "pid":"1", "tid":"mom"},
{"name":"ModelSetRunClock", "ph":"B", "ts":"1223737881", "pid":"1", "tid":"mom"},
{"name":"ModelSetRunClock", "ph":"E", "ts":"1223737952", "pid":"1", "tid":"mom"},
{"name":"ModelAdvance", "ph":"B", "ts":"1223738122", "pid":"1", "tid":"mom"},
{"name":"ModelAdvance", "ph":"E", "ts":"1229066989", "pid":"1", "tid":"mom"},
{"name":"ModelSetRunClock", "ph":"B", "ts":"1231773628", "pid":"1", "tid":"mom"},
{"name":"ModelSetRunClock", "ph":"E", "ts":"1231773687", "pid":"1", "tid":"mom"},
{"name":"ModelAdvance", "ph":"B", "ts":"1231773845", "pid":"1", "tid":"mom"},
{"name":"ModelAdvance", "ph":"E", "ts":"1237036224", "pid":"1", "tid":"mom"},
{"name":"ModelSetRunClock", "ph":"B", "ts":"1240405788", "pid":"1", "tid":"mom"},
{"name":"ModelSetRunClock", "ph":"E", "ts":"1240405864", "pid":"1", "tid":"mom"},
{"name":"ModelAdvance", "ph":"B", "ts":"1240406039", "pid":"1", "tid":"mom"},
{"name":"ModelAdvance", "ph":"E", "ts":"1245676907", "pid":"1", "tid":"mom"},
{"name":"ModelSetRunClock", "ph":"B", "ts":"1248110365", "pid":"1", "tid":"mom"},
{"name":"ModelSetRunClock", "ph":"E", "ts":"1248110445", "pid":"1", "tid":"mom"},
{"name":"ModelAdvance", "ph":"B", "ts":"1248110640", "pid":"1", "tid":"mom"},
{"name":"ModelAdvance", "ph":"E", "ts":"1253358412", "pid":"1", "tid":"mom"},
{"name":"ModelSetRunClock", "ph":"B", "ts":"1257283607", "pid":"1", "tid":"mom"},
{"name":"ModelSetRunClock", "ph":"E", "ts":"1257283759", "pid":"1", "tid":"mom"},
{"name":"ModelAdvance", "ph":"B", "ts":"1257283918", "pid":"1", "tid":"mom"},
{"name":"ModelAdvance", "ph":"E", "ts":"1262523924", "pid":"1", "tid":"mom"},
{"name":"ModelSetRunClock", "ph":"B", "ts":"1265321971", "pid":"1", "tid":"mom"},
{"name":"ModelSetRunClock", "ph":"E", "ts":"1265322033", "pid":"1", "tid":"mom"},
{"name":"ModelAdvance", "ph":"B", "ts":"1265322188", "pid":"1", "tid":"mom"},
{"name":"ModelAdvance", "ph":"E", "ts":"1270545439", "pid":"1", "tid":"mom"},
{"name":"ModelSetRunClock", "ph":"B", "ts":"1273702135", "pid":"1", "tid":"mom"},
{"name":"ModelSetRunClock", "ph":"E", "ts":"1273702332", "pid":"1", "tid":"mom"},
{"name":"ModelAdvance", "ph":"B", "ts":"1273702521", "pid":"1", "tid":"mom"},
{"name":"ModelAdvance", "ph":"E", "ts":"1279011616", "pid":"1", "tid":"mom"},
{"name":"ModelSetRunClock", "ph":"B", "ts":"1281389042", "pid":"1", "tid":"mom"},
{"name":"ModelSetRunClock", "ph":"E", "ts":"1281389108", "pid":"1", "tid":"mom"},
{"name":"ModelAdvance", "ph":"B", "ts":"1281389269", "pid":"1", "tid":"mom"},
{"name":"ModelAdvance", "ph":"E", "ts":"1286614716", "pid":"1", "tid":"mom"},
{"name":"ModelSetRunClock", "ph":"B", "ts":"1289433136", "pid":"1", "tid":"mom"},
{"name":"ModelSetRunClock", "ph":"E", "ts":"1289433210", "pid":"1", "tid":"mom"},
{"name":"ModelAdvance", "ph":"B", "ts":"1289433377", "pid":"1", "tid":"mom"},
{"name":"ModelAdvance", "ph":"E", "ts":"1294654543", "pid":"1", "tid":"mom"},
{"name":"ModelSetRunClock", "ph":"B", "ts":"1296611712", "pid":"1", "tid":"mom"},
{"name":"ModelSetRunClock", "ph":"E", "ts":"1296611777", "pid":"1", "tid":"mom"},
{"name":"ModelAdvance", "ph":"B", "ts":"1296611930", "pid":"1", "tid":"mom"},
{"name":"ModelAdvance", "ph":"E", "ts":"1302032766", "pid":"1", "tid":"mom"},
{"name":"ModelSetRunClock", "ph":"B", "ts":"1304645895", "pid":"1", "tid":"mom"},
{"name":"ModelSetRunClock", "ph":"E", "ts":"1304645962", "pid":"1", "tid":"mom"},
{"name":"ModelAdvance", "ph":"B", "ts":"1304646303", "pid":"1", "tid":"mom"},
{"name":"ModelAdvance", "ph":"E", "ts":"1309826742", "pid":"1", "tid":"mom"},
{"name":"ModelSetRunClock", "ph":"B", "ts":"1311815418", "pid":"1", "tid":"mom"},
{"name":"ModelSetRunClock", "ph":"E", "ts":"1311815503", "pid":"1", "tid":"mom"},
{"name":"ModelAdvance", "ph":"B", "ts":"1311815678", "pid":"1", "tid":"mom"},
{"name":"ModelAdvance", "ph":"E", "ts":"1317283348", "pid":"1", "tid":"mom"},
{"name":"ModelSetRunClock", "ph":"B", "ts":"1319883903", "pid":"1", "tid":"mom"},
{"name":"ModelSetRunClock", "ph":"E", "ts":"1319883975", "pid":"1", "tid":"mom"},
{"name":"ModelAdvance", "ph":"B", "ts":"1319884137", "pid":"1", "tid":"mom"},
{"name":"ModelAdvance", "ph":"E", "ts":"1325136750", "pid":"1", "tid":"mom"},
{"name":"ModelSetRunClock", "ph":"B", "ts":"1327157396", "pid":"1", "tid":"mom"},
{"name":"ModelSetRunClock", "ph":"E", "ts":"1327157468", "pid":"1", "tid":"mom"},
{"name":"ModelAdvance", "ph":"B", "ts":"1327157643", "pid":"1", "tid":"mom"},
{"name":"ModelAdvance", "ph":"E", "ts":"1332580667", "pid":"1", "tid":"mom"},
{"name":"ModelSetRunClock", "ph":"B", "ts":"1335207932", "pid":"1", "tid":"mom"},
{"name":"ModelSetRunClock", "ph":"E", "ts":"1335207998", "pid":"1", "tid":"mom"},
{"name":"ModelAdvance", "ph":"B", "ts":"1335208158", "pid":"1", "tid":"mom"},
{"name":"ModelAdvance", "ph":"E", "ts":"1340395363", "pid":"1", "tid":"mom"},
{"name":"ModelSetRunClock", "ph":"B", "ts":"1342318492", "pid":"1", "tid":"mom"},
{"name":"ModelSetRunClock", "ph":"E", "ts":"1342318563", "pid":"1", "tid":"mom"},
{"name":"ModelAdvance", "ph":"B", "ts":"1342318750", "pid":"1", "tid":"mom"},
{"name":"ModelAdvance", "ph":"E", "ts":"1347851135", "pid":"1", "tid":"mom"},
{"name":"ModelSetRunClock", "ph":"B", "ts":"1350473187", "pid":"1", "tid":"mom"},
{"name":"ModelSetRunClock", "ph":"E", "ts":"1350473253", "pid":"1", "tid":"mom"},
{"name":"ModelAdvance", "ph":"B", "ts":"1350473413", "pid":"1", "tid":"mom"},
{"name":"ModelAdvance", "ph":"E", "ts":"1355680048", "pid":"1", "tid":"mom"},
{"name":"ModelSetRunClock", "ph":"B", "ts":"1357576302", "pid":"1", "tid":"mom"},
{"name":"ModelSetRunClock", "ph":"E", "ts":"1357576368", "pid":"1", "tid":"mom"},
{"name":"ModelAdvance", "ph":"B", "ts":"1357576549", "pid":"1", "tid":"mom"},
{"name":"ModelAdvance", "ph":"E", "ts":"1363189304", "pid":"1", "tid":"mom"},
{"name":"ModelSetRunClock", "ph":"B", "ts":"1365796815", "pid":"1", "tid":"mom"},
{"name":"ModelSetRunClock", "ph":"E", "ts":"1365796885", "pid":"1", "tid":"mom"},
{"name":"ModelAdvance", "ph":"B", "ts":"1365797063", "pid":"1", "tid":"mom"},
{"name":"ModelAdvance", "ph":"E", "ts":"1371072374", "pid":"1", "tid":"mom"},
{"name":"ModelSetRunClock", "ph":"B", "ts":"1372989290", "pid":"1", "tid":"mom"},
{"name":"ModelSetRunClock", "ph":"E", "ts":"1372989352", "pid":"1", "tid":"mom"},
{"name":"ModelAdvance", "ph":"B", "ts":"1372989502", "pid":"1", "tid":"mom"},
{"name":"ModelAdvance", "ph":"E", "ts":"1378587282", "pid":"1", "tid":"mom"},
{"name":"ModelSetRunClock", "ph":"B", "ts":"1381243453", "pid":"1", "tid":"mom"},
{"name":"ModelSetRunClock", "ph":"E", "ts":"1381243531", "pid":"1", "tid":"mom"},
{"name":"ModelAdvance", "ph":"B", "ts":"1381243732", "pid":"1", "tid":"mom"},
{"name":"ModelAdvance", "ph":"E", "ts":"1386480548", "pid":"1", "tid":"mom"},
{"name":"ModelSetRunClock", "ph":"B", "ts":"1388411190", "pid":"1", "tid":"mom"},
{"name":"ModelSetRunClock", "ph":"E", "ts":"1388411264", "pid":"1", "tid":"mom"},
{"name":"ModelAdvance", "ph":"B", "ts":"1388411427", "pid":"1", "tid":"mom"},
{"name":"ModelAdvance", "ph":"E", "ts":"1393998586", "pid":"1", "tid":"mom"},
{"name":"ModelSetRunClock", "ph":"B", "ts":"1396774326", "pid":"1", "tid":"mom"},
{"name":"ModelSetRunClock", "ph":"E", "ts":"1396774496", "pid":"1", "tid":"mom"},
{"name":"ModelAdvance", "ph":"B", "ts":"1396774816", "pid":"1", "tid":"mom"},
{"name":"ModelAdvance", "ph":"E", "ts":"1401994430", "pid":"1", "tid":"mom"},
{"name":"ModelSetRunClock", "ph":"B", "ts":"1404444271", "pid":"1", "tid":"mom"},
{"name":"ModelSetRunClock", "ph":"E", "ts":"1404444338", "pid":"1", "tid":"mom"},
{"name":"ModelAdvance", "ph":"B", "ts":"1404444507", "pid":"1", "tid":"mom"},
{"name":"ModelAdvance", "ph":"E", "ts":"1409708688", "pid":"1", "tid":"mom"},
{"name":"ModelSetRunClock", "ph":"B", "ts":"1412654883", "pid":"1", "tid":"mom"},
{"name":"ModelSetRunClock", "ph":"E", "ts":"1412654980", "pid":"1", "tid":"mom"},
{"name":"ModelAdvance", "ph":"B", "ts":"1412655188", "pid":"1", "tid":"mom"},
{"name":"ModelAdvance", "ph":"E", "ts":"1417922628", "pid":"1", "tid":"mom"},
{"name":"ModelSetRunClock", "ph":"B", "ts":"1420356045", "pid":"1", "tid":"mom"},
{"name":"ModelSetRunClock", "ph":"E", "ts":"1420356165", "pid":"1", "tid":"mom"},
{"name":"ModelAdvance", "ph":"B", "ts":"1420356369", "pid":"1", "tid":"mom"},
{"name":"ModelAdvance", "ph":"E", "ts":"1425529090", "pid":"1", "tid":"mom"},
{"name":"ModelSetRunClock", "ph":"B", "ts":"1441012995", "pid":"1", "tid":"mom"},
{"name":"ModelSetRunClock", "ph":"E", "ts":"1441013269", "pid":"1", "tid":"mom"},
{"name":"ModelAdvance", "ph":"B", "ts":"1441013464", "pid":"1", "tid":"mom"},
{"name":"ModelAdvance", "ph":"E", "ts":"1446196013", "pid":"1", "tid":"mom"},
{"name":"ModelSetRunClock", "ph":"B", "ts":"1448569471", "pid":"1", "tid":"mom"},
{"name":"ModelSetRunClock", "ph":"E", "ts":"1448569546", "pid":"1", "tid":"mom"},
{"name":"ModelAdvance", "ph":"B", "ts":"1448569716", "pid":"1", "tid":"mom"},
{"name":"ModelAdvance", "ph":"E", "ts":"1453710843", "pid":"1", "tid":"mom"},
{"name":"ModelSetRunClock", "ph":"B", "ts":"1456567897", "pid":"1", "tid":"mom"},
{"name":"ModelSetRunClock", "ph":"E", "ts":"1456567963", "pid":"1", "tid":"mom"},
{"name":"ModelAdvance", "ph":"B", "ts":"1456568125", "pid":"1", "tid":"mom"},
{"name":"ModelAdvance", "ph":"E", "ts":"1461765766", "pid":"1", "tid":"mom"},
{"name":"ModelSetRunClock", "ph":"B", "ts":"1463862371", "pid":"1", "tid":"mom"},
{"name":"ModelSetRunClock", "ph":"E", "ts":"1463862453", "pid":"1", "tid":"mom"},
{"name":"ModelAdvance", "ph":"B", "ts":"1463862658", "pid":"1", "tid":"mom"},
{"name":"ModelAdvance", "ph":"E", "ts":"1469034952", "pid":"1", "tid":"mom"},
{"name":"ModelSetRunClock", "ph":"B", "ts":"1471797880", "pid":"1", "tid":"mom"},
{"name":"ModelSetRunClock", "ph":"E", "ts":"1471798110", "pid":"1", "tid":"mom"},
{"name":"ModelAdvance", "ph":"B", "ts":"1471798337", "pid":"1", "tid":"mom"},
{"name":"ModelAdvance", "ph":"E", "ts":"1477051789", "pid":"1", "tid":"mom"},
{"name":"ModelSetRunClock", "ph":"B", "ts":"1479349467", "pid":"1", "tid":"mom"},
{"name":"ModelSetRunClock", "ph":"E", "ts":"1479349527", "pid":"1", "tid":"mom"},
{"name":"ModelAdvance", "ph":"B", "ts":"1479349671", "pid":"1", "tid":"mom"},
{"name":"ModelAdvance", "ph":"E", "ts":"1484566161", "pid":"1", "tid":"mom"},
{"name":"ModelSetRunClock", "ph":"B", "ts":"1487613910", "pid":"1", "tid":"mom"},
{"name":"ModelSetRunClock", "ph":"E", "ts":"1487613984", "pid":"1", "tid":"mom"},
{"name":"ModelAdvance", "ph":"B", "ts":"1487614159", "pid":"1", "tid":"mom"},
{"name":"ModelAdvance", "ph":"E", "ts":"1492834653", "pid":"1", "tid":"mom"},
{"name":"ModelSetRunClock", "ph":"B", "ts":"1495123538", "pid":"1", "tid":"mom"},
{"name":"ModelSetRunClock", "ph":"E", "ts":"1495123607", "pid":"1", "tid":"mom"},
{"name":"ModelAdvance", "ph":"B", "ts":"1495123773", "pid":"1", "tid":"mom"},
{"name":"ModelAdvance", "ph":"E", "ts":"1500357008", "pid":"1", "tid":"mom"},
{"name":"ModelSetRunClock", "ph":"B", "ts":"1503036975", "pid":"1", "tid":"mom"},
{"name":"ModelSetRunClock", "ph":"E", "ts":"1503037156", "pid":"1", "tid":"mom"},
{"name":"ModelAdvance", "ph":"B", "ts":"1503037314", "pid":"1", "tid":"mom"},
{"name":"ModelAdvance", "ph":"E", "ts":"1508276978", "pid":"1", "tid":"mom"},
{"name":"ModelSetRunClock", "ph":"B", "ts":"1510336302", "pid":"1", "tid":"mom"},
{"name":"ModelSetRunClock", "ph":"E", "ts":"1510336367", "pid":"1", "tid":"mom"},
{"name":"ModelAdvance", "ph":"B", "ts":"1510336534", "pid":"1", "tid":"mom"},
{"name":"ModelAdvance", "ph":"E", "ts":"1515569360", "pid":"1", "tid":"mom"},
{"name":"ModelSetRunClock", "ph":"B", "ts":"1518291980", "pid":"1", "tid":"mom"},
{"name":"ModelSetRunClock", "ph":"E", "ts":"1518292043", "pid":"1", "tid":"mom"},
{"name":"ModelAdvance", "ph":"B", "ts":"1518292202", "pid":"1", "tid":"mom"},
{"name":"ModelAdvance", "ph":"E", "ts":"1523587425", "pid":"1", "tid":"mom"},
{"name":"ModelSetRunClock", "ph":"B", "ts":"1526040034", "pid":"1", "tid":"mom"},
{"name":"ModelSetRunClock", "ph":"E", "ts":"1526040110", "pid":"1", "tid":"mom"},
{"name":"ModelAdvance", "ph":"B", "ts":"1526040272", "pid":"1", "tid":"mom"},
{"name":"ModelAdvance", "ph":"E", "ts":"1531272992", "pid":"1", "tid":"mom"},
{"name":"ModelSetRunClock", "ph":"B", "ts":"1534280293", "pid":"1", "tid":"mom"},
{"name":"ModelSetRunClock", "ph":"E", "ts":"1534280365", "pid":"1", "tid":"mom"},
{"name":"ModelAdvance", "ph":"B", "ts":"1534280539", "pid":"1", "tid":"mom"},
{"name":"ModelAdvance", "ph":"E", "ts":"1539509765", "pid":"1", "tid":"mom"},
{"name":"ModelSetRunClock", "ph":"B", "ts":"1541913673", "pid":"1", "tid":"mom"},
{"name":"ModelSetRunClock", "ph":"E", "ts":"1541913745", "pid":"1", "tid":"mom"},
{"name":"ModelAdvance", "ph":"B", "ts":"1541913911", "pid":"1", "tid":"mom"},
{"name":"ModelAdvance", "ph":"E", "ts":"1547094350", "pid":"1", "tid":"mom"},
{"name":"ModelSetRunClock", "ph":"B", "ts":"1549796482", "pid":"1", "tid":"mom"},
{"name":"ModelSetRunClock", "ph":"E", "ts":"1549796548", "pid":"1", "tid":"mom"},
{"name":"ModelAdvance", "ph":"B", "ts":"1549796703", "pid":"1", "tid":"mom"},
{"name":"ModelAdvance", "ph":"E", "ts":"1555013111", "pid":"1", "tid":"mom"},
{"name":"ModelSetRunClock", "ph":"B", "ts":"1557045391", "pid":"1", "tid":"mom"},
{"name":"ModelSetRunClock", "ph":"E", "ts":"1557045460", "pid":"1", "tid":"mom"},
{"name":"ModelAdvance", "ph":"B", "ts":"1557045635", "pid":"1", "tid":"mom"},
{"name":"ModelAdvance", "ph":"E", "ts":"1562242140", "pid":"1", "tid":"mom"},
{"name":"ModelSetRunClock", "ph":"B", "ts":"1564915373", "pid":"1", "tid":"mom"},
{"name":"ModelSetRunClock", "ph":"E", "ts":"1564915443", "pid":"1", "tid":"mom"},
{"name":"ModelAdvance", "ph":"B", "ts":"1564915614", "pid":"1", "tid":"mom"},
{"name":"ModelAdvance", "ph":"E", "ts":"1570165509", "pid":"1", "tid":"mom"},
{"name":"ModelSetRunClock", "ph":"B", "ts":"1572152556", "pid":"1", "tid":"mom"},
{"name":"ModelSetRunClock", "ph":"E", "ts":"1572152623", "pid":"1", "tid":"mom"},
{"name":"ModelAdvance", "ph":"B", "ts":"1572152796", "pid":"1", "tid":"mom"},
{"name":"ModelAdvance", "ph":"E", "ts":"1577346245", "pid":"1", "tid":"mom"},
{"name":"ModelSetRunClock", "ph":"B", "ts":"1580043236", "pid":"1", "tid":"mom"},
{"name":"ModelSetRunClock", "ph":"E", "ts":"1580043321", "pid":"1", "tid":"mom"},
{"name":"ModelAdvance", "ph":"B", "ts":"1580043495", "pid":"1", "tid":"mom"},
{"name":"ModelAdvance", "ph":"E", "ts":"1585230545", "pid":"1", "tid":"mom"},
{"name":"ModelSetRunClock", "ph":"B", "ts":"1587368748", "pid":"1", "tid":"mom"},
{"name":"ModelSetRunClock", "ph":"E", "ts":"1587368821", "pid":"1", "tid":"mom"},
{"name":"ModelAdvance", "ph":"B", "ts":"1587368984", "pid":"1", "tid":"mom"},
{"name":"ModelAdvance", "ph":"E", "ts":"1592559318", "pid":"1", "tid":"mom"},
{"name":"ModelSetRunClock", "ph":"B", "ts":"1601051998", "pid":"1", "tid":"mom"},
{"name":"ModelSetRunClock", "ph":"E", "ts":"1601052168", "pid":"1", "tid":"mom"},
{"name":"ModelAdvance", "ph":"B", "ts":"1601052332", "pid":"1", "tid":"mom"},
{"name":"ModelAdvance", "ph":"E", "ts":"1606258502", "pid":"1", "tid":"mom"},
{"name":"ModelSetRunClock", "ph":"B", "ts":"1608463144", "pid":"1", "tid":"mom"},
{"name":"ModelSetRunClock", "ph":"E", "ts":"1608463215", "pid":"1", "tid":"mom"},
{"name":"ModelAdvance", "ph":"B", "ts":"1608463379", "pid":"1", "tid":"mom"},
{"name":"ModelAdvance", "ph":"E", "ts":"1613648751", "pid":"1", "tid":"mom"},
{"name":"ModelSetRunClock", "ph":"B", "ts":"1616447128", "pid":"1", "tid":"mom"},
{"name":"ModelSetRunClock", "ph":"E", "ts":"1616447195", "pid":"1", "tid":"mom"},
{"name":"ModelAdvance", "ph":"B", "ts":"1616447360", "pid":"1", "tid":"mom"},
{"name":"ModelAdvance", "ph":"E", "ts":"1621725730", "pid":"1", "tid":"mom"},
{"name":"ModelSetRunClock", "ph":"B", "ts":"1623922818", "pid":"1", "tid":"mom"},
{"name":"ModelSetRunClock", "ph":"E", "ts":"1623922906", "pid":"1", "tid":"mom"},
{"name":"ModelAdvance", "ph":"B", "ts":"1623923096", "pid":"1", "tid":"mom"},
{"name":"ModelAdvance", "ph":"E", "ts":"1629117194", "pid":"1", "tid":"mom"},
{"name":"ModelSetRunClock", "ph":"B", "ts":"1631873848", "pid":"1", "tid":"mom"},
{"name":"ModelSetRunClock", "ph":"E", "ts":"1631873911", "pid":"1", "tid":"mom"},
{"name":"ModelAdvance", "ph":"B", "ts":"1631874072", "pid":"1", "tid":"mom"},
{"name":"ModelAdvance", "ph":"E", "ts":"1637087241", "pid":"1", "tid":"mom"},
{"name":"ModelSetRunClock", "ph":"B", "ts":"1639237561", "pid":"1", "tid":"mom"},
{"name":"ModelSetRunClock", "ph":"E", "ts":"1639237631", "pid":"1", "tid":"mom"},
{"name":"ModelAdvance", "ph":"B", "ts":"1639237789", "pid":"1", "tid":"mom"},
{"name":"ModelAdvance", "ph":"E", "ts":"1644430386", "pid":"1", "tid":"mom"},
{"name":"ModelSetRunClock", "ph":"B", "ts":"1647136197", "pid":"1", "tid":"mom"},
{"name":"ModelSetRunClock", "ph":"E", "ts":"1647136276", "pid":"1", "tid":"mom"},
{"name":"ModelAdvance", "ph":"B", "ts":"1647136463", "pid":"1", "tid":"mom"},
{"name":"ModelAdvance", "ph":"E", "ts":"1652353454", "pid":"1", "tid":"mom"},
{"name":"ModelSetRunClock", "ph":"B", "ts":"1654524173", "pid":"1", "tid":"mom"},
{"name":"ModelSetRunClock", "ph":"E", "ts":"1654524249", "pid":"1", "tid":"mom"},
{"name":"ModelAdvance", "ph":"B", "ts":"1654524419", "pid":"1", "tid":"mom"},
{"name":"ModelAdvance", "ph":"E", "ts":"1659753843", "pid":"1", "tid":"mom"},
{"name":"ModelSetRunClock", "ph":"B", "ts":"1662380763", "pid":"1", "tid":"mom"},
{"name":"ModelSetRunClock", "ph":"E", "ts":"1662380990", "pid":"1", "tid":"mom"},
{"name":"ModelAdvance", "ph":"B", "ts":"1662381154", "pid":"1", "tid":"mom"},
{"name":"ModelAdvance", "ph":"E", "ts":"1667667484", "pid":"1", "tid":"mom"},
{"name":"ModelSetRunClock", "ph":"B", "ts":"1669697874", "pid":"1", "tid":"mom"},
{"name":"ModelSetRunClock", "ph":"E", "ts":"1669697935", "pid":"1", "tid":"mom"},
{"name":"ModelAdvance", "ph":"B", "ts":"1669698100", "pid":"1", "tid":"mom"},
{"name":"ModelAdvance", "ph":"E", "ts":"1674927088", "pid":"1", "tid":"mom"},
{"name":"ModelSetRunClock", "ph":"B", "ts":"1677536269", "pid":"1", "tid":"mom"},
{"name":"ModelSetRunClock", "ph":"E", "ts":"1677536336", "pid":"1", "tid":"mom"},
{"name":"ModelAdvance", "ph":"B", "ts":"1677536511", "pid":"1", "tid":"mom"},
{"name":"ModelAdvance", "ph":"E", "ts":"1682749629", "pid":"1", "tid":"mom"},
{"name":"ModelSetRunClock", "ph":"B", "ts":"1684874155", "pid":"1", "tid":"mom"},
{"name":"ModelSetRunClock", "ph":"E", "ts":"1684874239", "pid":"1", "tid":"mom"},
{"name":"ModelAdvance", "ph":"B", "ts":"1684874640", "pid":"1", "tid":"mom"},
{"name":"ModelAdvance", "ph":"E", "ts":"1690074219", "pid":"1", "tid":"mom"},
{"name":"ModelSetRunClock", "ph":"B", "ts":"1692783754", "pid":"1", "tid":"mom"},
{"name":"ModelSetRunClock", "ph":"E", "ts":"1692783967", "pid":"1", "tid":"mom"},
{"name":"ModelAdvance", "ph":"B", "ts":"1692784147", "pid":"1", "tid":"mom"},
{"name":"ModelAdvance", "ph":"E", "ts":"1697978977", "pid":"1", "tid":"mom"},
{"name":"ModelSetRunClock", "ph":"B", "ts":"1700057947", "pid":"1", "tid":"mom"},
{"name":"ModelSetRunClock", "ph":"E", "ts":"1700058016", "pid":"1", "tid":"mom"},
{"name":"ModelAdvance", "ph":"B", "ts":"1700058192", "pid":"1", "tid":"mom"},
{"name":"ModelAdvance", "ph":"E", "ts":"1705245238", "pid":"1", "tid":"mom"},
{"name":"ModelSetRunClock", "ph":"B", "ts":"1707971634", "pid":"1", "tid":"mom"},
{"name":"ModelSetRunClock", "ph":"E", "ts":"1707971702", "pid":"1", "tid":"mom"},
{"name":"ModelAdvance", "ph":"B", "ts":"1707971865", "pid":"1", "tid":"mom"},
{"name":"ModelAdvance", "ph":"E", "ts":"1713221176", "pid":"1", "tid":"mom"},
{"name":"ModelSetRunClock", "ph":"B", "ts":"1715168638", "pid":"1", "tid":"mom"},
{"name":"ModelSetRunClock", "ph":"E", "ts":"1715168709", "pid":"1", "tid":"mom"},
{"name":"ModelAdvance", "ph":"B", "ts":"1715168873", "pid":"1", "tid":"mom"},
{"name":"ModelAdvance", "ph":"E", "ts":"1720348795", "pid":"1", "tid":"mom"},
{"name":"ModelSetRunClock", "ph":"B", "ts":"1723030746", "pid":"1", "tid":"mom"},
{"name":"ModelSetRunClock", "ph":"E", "ts":"1723030928", "pid":"1", "tid":"mom"},
{"name":"ModelAdvance", "ph":"B", "ts":"1723031088", "pid":"1", "tid":"mom"},
{"name":"ModelAdvance", "ph":"E", "ts":"1728229605", "pid":"1", "tid":"mom"},
{"name":"ModelSetRunClock", "ph":"B", "ts":"1730367691", "pid":"1", "tid":"mom"},
{"name":"ModelSetRunClock", "ph":"E", "ts":"1730367757", "pid":"1", "tid":"mom"},
{"name":"ModelAdvance", "ph":"B", "ts":"1730367905", "pid":"1", "tid":"mom"},
{"name":"ModelAdvance", "ph":"E", "ts":"1735657020", "pid":"1", "tid":"mom"},
{"name":"ModelSetRunClock", "ph":"B", "ts":"1738191920", "pid":"1", "tid":"mom"},
{"name":"ModelSetRunClock", "ph":"E", "ts":"1738192006", "pid":"1", "tid":"mom"},
{"name":"ModelAdvance", "ph":"B", "ts":"1738192172", "pid":"1", "tid":"mom"},
{"name":"ModelAdvance", "ph":"E", "ts":"1743400032", "pid":"1", "tid":"mom"},
{"name":"ModelSetRunClock", "ph":"B", "ts":"1745609772", "pid":"1", "tid":"mom"},
{"name":"ModelSetRunClock", "ph":"E", "ts":"1745609840", "pid":"1", "tid":"mom"},
{"name":"ModelAdvance", "ph":"B", "ts":"1745609999", "pid":"1", "tid":"mom"},
{"name":"ModelAdvance", "ph":"E", "ts":"1751041333", "pid":"1", "tid":"mom"},
{"name":"ModelSetRunClock", "ph":"B", "ts":"1753531720", "pid":"1", "tid":"mom"},
{"name":"ModelSetRunClock", "ph":"E", "ts":"1753531829", "pid":"1", "tid":"mom"},
{"name":"ModelAdvance", "ph":"B", "ts":"1753532046", "pid":"1", "tid":"mom"},
{"name":"ModelAdvance", "ph":"E", "ts":"1758814153", "pid":"1", "tid":"mom"},
{"name":"ModelSetRunClock", "ph":"B", "ts":"1761006448", "pid":"1", "tid":"mom"},
{"name":"ModelSetRunClock", "ph":"E", "ts":"1761006536", "pid":"1", "tid":"mom"},
{"name":"ModelAdvance", "ph":"B", "ts":"1761006729", "pid":"1", "tid":"mom"},
{"name":"ModelAdvance", "ph":"E", "ts":"1766414981", "pid":"1", "tid":"mom"},
{"name":"ModelSetRunClock", "ph":"B", "ts":"1769063815", "pid":"1", "tid":"mom"},
{"name":"ModelSetRunClock", "ph":"E", "ts":"1769063884", "pid":"1", "tid":"mom"},
{"name":"ModelAdvance", "ph":"B", "ts":"1769064047", "pid":"1", "tid":"mom"},
{"name":"ModelAdvance", "ph":"E", "ts":"1774265791", "pid":"1", "tid":"mom"},
{"name":"ModelSetRunClock", "ph":"B", "ts":"1776371519", "pid":"1", "tid":"mom"},
{"name":"ModelSetRunClock", "ph":"E", "ts":"1776371586", "pid":"1", "tid":"mom"},
{"name":"ModelAdvance", "ph":"B", "ts":"1776371747", "pid":"1", "tid":"mom"},
{"name":"ModelAdvance", "ph":"E", "ts":"1781776233", "pid":"1", "tid":"mom"},
{"name":"ModelSetRunClock", "ph":"B", "ts":"1784391931", "pid":"1", "tid":"mom"},
{"name":"ModelSetRunClock", "ph":"E", "ts":"1784392110", "pid":"1", "tid":"mom"},
{"name":"ModelAdvance", "ph":"B", "ts":"1784392285", "pid":"1", "tid":"mom"},
{"name":"ModelAdvance", "ph":"E", "ts":"1789586006", "pid":"1", "tid":"mom"},
{"name":"ModelSetRunClock", "ph":"B", "ts":"1791524178", "pid":"1", "tid":"mom"},
{"name":"ModelSetRunClock", "ph":"E", "ts":"1791524246", "pid":"1", "tid":"mom"},
{"name":"ModelAdvance", "ph":"B", "ts":"1791524398", "pid":"1", "tid":"mom"},
{"name":"ModelAdvance", "ph":"E", "ts":"1796910634", "pid":"1", "tid":"mom"},
{"name":"ModelSetRunClock", "ph":"B", "ts":"1799509612", "pid":"1", "tid":"mom"},
{"name":"ModelSetRunClock", "ph":"E", "ts":"1799509669", "pid":"1", "tid":"mom"},
{"name":"ModelAdvance", "ph":"B", "ts":"1799509818", "pid":"1", "tid":"mom"},
{"name":"ModelAdvance", "ph":"E", "ts":"1804756680", "pid":"1", "tid":"mom"},
{"name":"ModelFinalize", "ph":"B", "ts":"1804762921", "pid":"1", "tid":"mom"},
{"name":"ModelFinalize", "ph":"E", "ts":"1804869603", "pid":"1", "tid":"mom"},
