{"name":"SetServices", "ph":"B", "ts":"636259380", "pid":"1", "tid":"mom"},
{"name":"SetServices", "ph":"E", "ts":"636261445", "pid":"1", "tid":"mom"},
{"name":"InitializeP0", "ph":"B", "ts":"637477883", "pid":"1", "tid":"mom"},
{"name":"InitializeP0", "ph":"E", "ts":"637478290", "pid":"1", "tid":"mom"},
{"name":"InitializeAdvertise", "ph":"B", "ts":"664388240", "pid":"1", "tid":"mom"},
{"name":"InitializeAdvertise", "ph":"E", "ts":"735326357", "pid":"1", "tid":"mom"},
{"name":"InitializeRealize", "ph":"B", "ts":"893255263", "pid":"1", "tid":"mom"},
{"name":"InitializeRealize", "ph":"E", "ts":"898944488", "pid":"1", "tid":"mom"},
{"name":"DataInitialize", "ph":"B", "ts":"933153214", "pid":"1", "tid":"mom"},
{"name":"DataInitialize", "ph":"E", "ts":"933154348", "pid":"1", "tid":"mom"},
{"name":"ModelSetRunClock", "ph":"B", "ts":"983685068", "pid":"1", "tid":"mom"},
{"name":"ModelSetRunClock", "ph":"E", "ts":"983694241", "pid":"1", "tid":"mom"},
{"name":"ModelAdvance", "ph":"B", "ts":"983694447", "pid":"1", "tid":"mom"},
{"name":"ModelAdvance", "ph":"E", "ts":"990173355", "pid":"1", "tid":"mom"},
{"name":"ModelSetRunClock", "ph":"B", "ts":"995976056", "pid":"1", "tid":"mom"},
{"name":"ModelSetRunClock", "ph":"E", "ts":"995976124", "pid":"1", "tid":"mom"},
{"name":"ModelAdvance", "ph":"B", "ts":"995976279", "pid":"1", "tid":"mom"},
{"name":"ModelAdvance", "ph":"E", "ts":"1001439806", "pid":"1", "tid":"mom"},
{"name":"ModelSetRunClock", "ph":"B", "ts":"1003241422", "pid":"1", "tid":"mom"},
{"name":"ModelSetRunClock", "ph":"E", "ts":"1003241496", "pid":"1", "tid":"mom"},
{"name":"ModelAdvance", "ph":"B", "ts":"1003241679", "pid":"1", "tid":"mom"},
{"name":"ModelAdvance", "ph":"E", "ts":"1008634090", "pid":"1", "tid":"mom"},
{"name":"ModelSetRunClock", "ph":"B", "ts":"1011178098", "pid":"1", "tid":"mom"},
{"name":"ModelSetRunClock", "ph":"E", "ts":"1011178167", "pid":"1", "tid":"mom"},
{"name":"ModelAdvance", "ph":"B", "ts":"1011178344", "pid":"1", "tid":"mom"},
{"name":"ModelAdvance", "ph":"E", "ts":"1016544751", "pid":"1", "tid":"mom"},
{"name":"ModelSetRunClock", "ph":"B", "ts":"1018422683", "pid":"1", "tid":"mom"},
{"name":"ModelSetRunClock", "ph":"E", "ts":"1018422748", "pid":"1", "tid":"mom"},
{"name":"ModelAdvance", "ph":"B", "ts":"1018422910", "pid":"1", "tid":"mom"},
{"name":"ModelAdvance", "ph":"E", "ts":"1023803601", "pid":"1", "tid":"mom"},
{"name":"ModelSetRunClock", "ph":"B", "ts":"1026387523", "pid":"1", "tid":"mom"},
{"name":"ModelSetRunClock", "ph":"E", "ts":"1026387618", "pid":"1", "tid":"mom"},
{"name":"ModelAdvance", "ph":"B", "ts":"1026387833", "pid":"1", "tid":"mom"},
{"name":"ModelAdvance", "ph":"E", "ts":"1031845473", "pid":"1", "tid":"mom"},
{"name":"ModelSetRunClock", "ph":"B", "ts":"1049034761", "pid":"1", "tid":"mom"},
{"name":"ModelSetRunClock", "ph":"E", "ts":"1049034947", "pid":"1", "tid":"mom"},
{"name":"ModelAdvance", "ph":"B", "ts":"1049035118", "pid":"1", "tid":"mom"},
{"name":"ModelAdvance", "ph":"E", "ts":"1054434291", "pid":"1", "tid":"mom"},
{"name":"ModelSetRunClock", "ph":"B", "ts":"1057077054", "pid":"1", "tid":"mom"},
{"name":"ModelSetRunClock", "ph":"E", "ts":"1057077119", "pid":"1", "tid":"mom"},
{"name":"ModelAdvance", "ph":"B", "ts":"1057077277", "pid":"1", "tid":"mom"},
{"name":"ModelAdvance", "ph":"E", "ts":"1062478603", "pid":"1", "tid":"mom"},
{"name":"ModelSetRunClock", "ph":"B", "ts":"1064448308", "pid":"1", "tid":"mom"},
{"name":"ModelSetRunClock", "ph":"E", "ts":"1064448397", "pid":"1", "tid":"mom"},
{"name":"ModelAdvance", "ph":"B", "ts":"1064448670", "pid":"1", "tid":"mom"},
{"name":"ModelAdvance", "ph":"E", "ts":"1069850795", "pid":"1", "tid":"mom"},
{"name":"ModelSetRunClock", "ph":"B", "ts":"1072510887", "pid":"1", "tid":"mom"},
{"name":"ModelSetRunClock", "ph":"E", "ts":"1072510959", "pid":"1", "tid":"mom"},
{"name":"ModelAdvance", "ph":"B", "ts":"1072511122", "pid":"1", "tid":"mom"},
{"name":"ModelAdvance", "ph":"E", "ts":"1077901446", "pid":"1", "tid":"mom"},
{"name":"ModelSetRunClock", "ph":"B", "ts":"1079936836", "pid":"1", "tid":"mom"},
{"name":"ModelSetRunClock", "ph":"E", "ts":"1079936901", "pid":"1", "tid":"mom"},
{"name":"ModelAdvance", "ph":"B", "ts":"1079937183", "pid":"1", "tid":"mom"},
{"name":"ModelAdvance", "ph":"E", "ts":"1085346386", "pid":"1", "tid":"mom"},
{"name":"ModelSetRunClock", "ph":"B", "ts":"1087955988", "pid":"1", "tid":"mom"},
{"name":"ModelSetRunClock", "ph":"E", "ts":"1087956057", "pid":"1", "tid":"mom"},
{"name":"ModelAdvance", "ph":"B", "ts":"1087956221", "pid":"1", "tid":"mom"},
{"name":"ModelAdvance", "ph":"E", "ts":"1093252745", "pid":"1", "tid":"mom"},
{"name":"ModelSetRunClock", "ph":"B", "ts":"1095441190", "pid":"1", "tid":"mom"},
{"name":"ModelSetRunClock", "ph":"E", "ts":"1095441260", "pid":"1", "tid":"mom"},
{"name":"ModelAdvance", "ph":"B", "ts":"1095441419", "pid":"1", "tid":"mom"},
{"name":"ModelAdvance", "ph":"E", "ts":"1100678060", "pid":"1", "tid":"mom"},
{"name":"ModelSetRunClock", "ph":"B", "ts":"1103562157", "pid":"1", "tid":"mom"},
{"name":"ModelSetRunClock", "ph":"E", "ts":"1103562226", "pid":"1", "tid":"mom"},
{"name":"ModelAdvance", "ph":"B", "ts":"1103562393", "pid":"1", "tid":"mom"},
{"name":"ModelAdvance", "ph":"E", "ts":"1108818540", "pid":"1", "tid":"mom"},
{"name":"ModelSetRunClock", "ph":"B", "ts":"1110918888", "pid":"1", "tid":"mom"},
{"name":"ModelSetRunClock", "ph":"E", "ts":"1110918963", "pid":"1", "tid":"mom"},
{"name":"ModelAdvance", "ph":"B", "ts":"1110919154", "pid":"1", "tid":"mom"},
{"name":"ModelAdvance", "ph":"E", "ts":"1116184100", "pid":"1", "tid":"mom"},
{"name":"ModelSetRunClock", "ph":"B", "ts":"1118940514", "pid":"1", "tid":"mom"},
{"name":"ModelSetRunClock", "ph":"E", "ts":"1118940580", "pid":"1", "tid":"mom"},
{"name":"ModelAdvance", "ph":"B", "ts":"1118940742", "pid":"1", "tid":"mom"},
{"name":"ModelAdvance", "ph":"E", "ts":"1124188234", "pid":"1", "tid":"mom"},
{"name":"ModelSetRunClock", "ph":"B", "ts":"1126702939", "pid":"1", "tid":"mom"},
{"name":"ModelSetRunClock", "ph":"E", "ts":"1126703031", "pid":"1", "tid":"mom"},
{"name":"ModelAdvance", "ph":"B", "ts":"1126703250", "pid":"1", "tid":"mom"},
{"name":"ModelAdvance", "ph":"E", "ts":"1131950523", "pid":"1", "tid":"mom"},
{"name":"ModelSetRunClock", "ph":"B", "ts":"1135097410", "pid":"1", "tid":"mom"},
{"name":"ModelSetRunClock", "ph":"E", "ts":"1135097480", "pid":"1", "tid":"mom"},
{"name":"ModelAdvance", "ph":"B", "ts":"1135097646", "pid":"1", "tid":"mom"},
{"name":"ModelAdvance", "ph":"E", "ts":"1140417176", "pid":"1", "tid":"mom"},
{"name":"ModelSetRunClock", "ph":"B", "ts":"1142928164", "pid":"1", "tid":"mom"},
{"name":"ModelSetRunClock", "ph":"E", "ts":"1142928229", "pid":"1", "tid":"mom"},
{"name":"ModelAdvance", "ph":"B", "ts":"1142928398", "pid":"1", "tid":"mom"},
{"name":"ModelAdvance", "ph":"E", "ts":"1148184243", "pid":"1", "tid":"mom"},
{"name":"ModelSetRunClock", "ph":"B", "ts":"1151516950", "pid":"1", "tid":"mom"},
{"name":"ModelSetRunClock", "ph":"E", "ts":"1151517021", "pid":"1", "tid":"mom"},
{"name":"ModelAdvance", "ph":"B", "ts":"1151517190", "pid":"1", "tid":"mom"},
{"name":"ModelAdvance", "ph":"E", "ts":"1156741098", "pid":"1", "tid":"mom"},
{"name":"ModelSetRunClock", "ph":"B", "ts":"1159268117", "pid":"1", "tid":"mom"},
{"name":"ModelSetRunClock", "ph":"E", "ts":"1159268182", "pid":"1", "tid":"mom"},
{"name":"ModelAdvance", "ph":"B", "ts":"1159268344", "pid":"1", "tid":"mom"},
{"name":"ModelAdvance", "ph":"E", "ts":"1164512024", "pid":"1", "tid":"mom"},
{"name":"ModelSetRunClock", "ph":"B", "ts":"1168004731", "pid":"1", "tid":"mom"},
{"name":"ModelSetRunClock", "ph":"E", "ts":"1168004801", "pid":"1", "tid":"mom"},
{"name":"ModelAdvance", "ph":"B", "ts":"1168004974", "pid":"1", "tid":"mom"},
{"name":"ModelAdvance", "ph":"E", "ts":"1173239707", "pid":"1", "tid":"mom"},
{"name":"ModelSetRunClock", "ph":"B", "ts":"1176103003", "pid":"1", "tid":"mom"},
{"name":"ModelSetRunClock", "ph":"E", "ts":"1176103076", "pid":"1", "tid":"mom"},
{"name":"ModelAdvance", "ph":"B", "ts":"1176103252", "pid":"1", "tid":"mom"},
{"name":"ModelAdvance", "ph":"E", "ts":"1181331273", "pid":"1", "tid":"mom"},
{"name":"ModelSetRunClock", "ph":"B", "ts":"1184611504", "pid":"1", "tid":"mom"},
{"name":"ModelSetRunClock", "ph":"E", "ts":"1184611745", "pid":"1", "tid":"mom"},
{"name":"ModelAdvance", "ph":"B", "ts":"1184611924", "pid":"1", "tid":"mom"},
{"name":"ModelAdvance", "ph":"E", "ts":"1189903452", "pid":"1", "tid":"mom"},
{"name":"ModelSetRunClock", "ph":"B", "ts":"1192351158", "pid":"1", "tid":"mom"},
{"name":"ModelSetRunClock", "ph":"E", "ts":"1192351235", "pid":"1", "tid":"mom"},
{"name":"ModelAdvance", "ph":"B", "ts":"1192351452", "pid":"1", "tid":"mom"},
{"name":"ModelAdvance", "ph":"E", "ts":"1197561066", "pid":"1", "tid":"mom"},
{"name":"ModelSetRunClock", "ph":"B", "ts":"1200331855", "pid":"1", "tid":"mom"},
{"name":"ModelSetRunClock", "ph":"E", "ts":"1200331933", "pid":"1", "tid":"mom"},
{"name":"ModelAdvance", "ph":"B", "ts":"1200332118", "pid":"1", "tid":"mom"},
{"name":"ModelAdvance", "ph":"E", "ts":"1205533775", "pid":"1", "tid":"mom"},
{"name":"ModelSetRunClock", "ph":"B", "ts":"1207438115", "pid":"1", "tid":"mom"},
{"name":"ModelSetRunClock", "ph":"E", "ts":"1207438305", "pid":"1", "tid":"mom"},
{"name":"ModelAdvance", "ph":"B", "ts":"1207438471", "pid":"1", "tid":"mom"},
{"name":"ModelAdvance", "ph":"E", "ts":"1212637558", "pid":"1", "tid":"mom"},
{"name":"ModelSetRunClock", "ph":"B", "ts":"1215240285", "pid":"1", "tid":"mom"},
{"name":"ModelSetRunClock", "ph":"E", "ts":"1215240365", "pid":"1", "tid":"mom"},
{"name":"ModelAdvance", "ph":"B", "ts":"1215240596", "pid":"1", "tid":"mom"},
{"name":"ModelAdvance", "ph":"E", "ts":"1220417750", "pid":"1", "tid":"mom"},
{"name":"ModelSetRunClock", "ph":"B", "ts":"1222341202", "pid":"1", "tid":"mom"},
{"name":"ModelSetRunClock", "ph":"E", "ts":"1222341294", "pid":"1", "tid":"mom"},
{"name":"ModelAdvance", "ph":"B", "ts":"1222341512", "pid":"1", "tid":"mom"},
{"name":"ModelAdvance", "ph":"E", "ts":"1227539682", "pid":"1", "tid":"mom"},
{"name":"ModelSetRunClock", "ph":"B", "ts":"1230159798", "pid":"1", "tid":"mom"},
{"name":"ModelSetRunClock", "ph":"E", "ts":"1230159866", "pid":"1", "tid":"mom"},
{"name":"ModelAdvance", "ph":"B", "ts":"1230160043", "pid":"1", "tid":"mom"},
{"name":"ModelAdvance", "ph":"E", "ts":"1235425794", "pid":"1", "tid":"mom"},
{"name":"ModelSetRunClock", "ph":"B", "ts":"1237398572", "pid":"1", "tid":"mom"},
{"name":"ModelSetRunClock", "ph":"E", "ts":"1237398780", "pid":"1", "tid":"mom"},
{"name":"ModelAdvance", "ph":"B", "ts":"1237398965", "pid":"1", "tid":"mom"},
{"name":"ModelAdvance", "ph":"E", "ts":"1242577692", "pid":"1", "tid":"mom"},
{"name":"ModelSetRunClock", "ph":"B", "ts":"1245433704", "pid":"1", "tid":"mom"},
{"name":"ModelSetRunClock", "ph":"E", "ts":"1245433780", "pid":"1", "tid":"mom"},
{"name":"ModelAdvance", "ph":"B", "ts":"1245433981", "pid":"1", "tid":"mom"},
{"name":"ModelAdvance", "ph":"E", "ts":"1250616961", "pid":"1", "tid":"mom"},
{"name":"ModelSetRunClock", "ph":"B", "ts":"1252632386", "pid":"1", "tid":"mom"},
{"name":"ModelSetRunClock", "ph":"E", "ts":"1252632481", "pid":"1", "tid":"mom"},
{"name":"ModelAdvance", "ph":"B", "ts":"1252632668", "pid":"1", "tid":"mom"},
{"name":"ModelAdvance", "ph":"E", "ts":"1257829612", "pid":"1", "tid":"mom"},
{"name":"ModelSetRunClock", "ph":"B", "ts":"1260478694", "pid":"1", "tid":"mom"},
{"name":"ModelSetRunClock", "ph":"E", "ts":"1260478754", "pid":"1", "tid":"mom"},
{"name":"ModelAdvance", "ph":"B", "ts":"1260478908", "pid":"1", "tid":"mom"},
{"name":"ModelAdvance", "ph":"E", "ts":"1265678043", "pid":"1", "tid":"mom"},
{"name":"ModelSetRunClock", "ph":"B", "ts":"1267573987", "pid":"1", "tid":"mom"},
{"name":"ModelSetRunClock", "ph":"E", "ts":"1267574229", "pid":"1", "tid":"mom"},
{"name":"ModelAdvance", "ph":"B", "ts":"1267574424", "pid":"1", "tid":"mom"},
{"name":"ModelAdvance", "ph":"E", "ts":"1272777918", "pid":"1", "tid":"mom"},
{"name":"ModelSetRunClock", "ph":"B", "ts":"1275460279", "pid":"1", "tid":"mom"},
{"name":"ModelSetRunClock", "ph":"E", "ts":"1275460355", "pid":"1", "tid":"mom"},
{"name":"ModelAdvance", "ph":"B", "ts":"1275460584", "pid":"1", "tid":"mom"},
{"name":"ModelAdvance", "ph":"E", "ts":"1280747726", "pid":"1", "tid":"mom"},
{"name":"ModelSetRunClock", "ph":"B", "ts":"1282761986", "pid":"1", "tid":"mom"},
{"name":"ModelSetRunClock", "ph":"E", "ts":"1282762056", "pid":"1", "tid":"mom"},
{"name":"ModelAdvance", "ph":"B", "ts":"1282762234", "pid":"1", "tid":"mom"},
{"name":"ModelAdvance", "ph":"E", "ts":"1287977896", "pid":"1", "tid":"mom"},
{"name":"ModelSetRunClock", "ph":"B", "ts":"1290654310", "pid":"1", "tid":"mom"},
{"name":"ModelSetRunClock", "ph":"E", "ts":"1290654413", "pid":"1", "tid":"mom"},
{"name":"ModelAdvance", "ph":"B", "ts":"1290654637", "pid":"1", "tid":"mom"},
{"name":"ModelAdvance", "ph":"E", "ts":"1295872741", "pid":"1", "tid":"mom"},
{"name":"ModelSetRunClock", "ph":"B", "ts":"1297919398", "pid":"1", "tid":"mom"},
{"name":"ModelSetRunClock", "ph":"E", "ts":"1297919623", "pid":"1", "tid":"mom"},
{"name":"ModelAdvance", "ph":"B", "ts":"1297919810", "pid":"1", "tid":"mom"},
{"name":"ModelAdvance", "ph":"E", "ts":"1303135482", "pid":"1", "tid":"mom"},
{"name":"ModelSetRunClock", "ph":"B", "ts":"1306208505", "pid":"1", "tid":"mom"},
{"name":"ModelSetRunClock", "ph":"E", "ts":"1306208575", "pid":"1", "tid":"mom"},
{"name":"ModelAdvance", "ph":"B", "ts":"1306208737", "pid":"1", "tid":"mom"},
{"name":"ModelAdvance", "ph":"E", "ts":"1311431776", "pid":"1", "tid":"mom"},
{"name":"ModelSetRunClock", "ph":"B", "ts":"1314155146", "pid":"1", "tid":"mom"},
{"name":"ModelSetRunClock", "ph":"E", "ts":"1314155219", "pid":"1", "tid":"mom"},
{"name":"ModelAdvance", "ph":"B", "ts":"1314155393", "pid":"1", "tid":"mom"},
{"name":"ModelAdvance", "ph":"E", "ts":"1319342907", "pid":"1", "tid":"mom"},
{"name":"ModelSetRunClock", "ph":"B", "ts":"1322593168", "pid":"1", "tid":"mom"},
{"name":"ModelSetRunClock", "ph":"E", "ts":"1322593246", "pid":"1", "tid":"mom"},
{"name":"ModelAdvance", "ph":"B", "ts":"1322593431", "pid":"1", "tid":"mom"},
{"name":"ModelAdvance", "ph":"E", "ts":"1327864467", "pid":"1", "tid":"mom"},
{"name":"ModelSetRunClock", "ph":"B", "ts":"1330341352", "pid":"1", "tid":"mom"},
{"name":"ModelSetRunClock", "ph":"E", "ts":"1330341521", "pid":"1", "tid":"mom"},
{"name":"ModelAdvance", "ph":"B", "ts":"1330341699", "pid":"1", "tid":"mom"},
{"name":"ModelAdvance", "ph":"E", "ts":"1335524921", "pid":"1", "tid":"mom"},
{"name":"ModelSetRunClock", "ph":"B", "ts":"1351324769", "pid":"1", "tid":"mom"},
{"name":"ModelSetRunClock", "ph":"E", "ts":"1351324852", "pid":"1", "tid":"mom"},
{"name":"ModelAdvance", "ph":"B", "ts":"1351325026", "pid":"1", "tid":"mom"},
{"name":"ModelAdvance", "ph":"E", "ts":"1356486825", "pid":"1", "tid":"mom"},
{"name":"ModelSetRunClock", "ph":"B", "ts":"1358614113", "pid":"1", "tid":"mom"},
{"name":"ModelSetRunClock", "ph":"E", "ts":"1358614176", "pid":"1", "tid":"mom"},
{"name":"ModelAdvance", "ph":"B", "ts":"1358614351", "pid":"1", "tid":"mom"},
{"name":"ModelAdvance", "ph":"E", "ts":"1363755726", "pid":"1", "tid":"mom"},
{"name":"ModelSetRunClock", "ph":"B", "ts":"1366665844", "pid":"1", "tid":"mom"},
{"name":"ModelSetRunClock", "ph":"E", "ts":"1366665913", "pid":"1", "tid":"mom"},
{"name":"ModelAdvance", "ph":"B", "ts":"1366666087", "pid":"1", "tid":"mom"},
{"name":"ModelAdvance", "ph":"E", "ts":"1371847346", "pid":"1", "tid":"mom"},
{"name":"ModelSetRunClock", "ph":"B", "ts":"1373970642", "pid":"1", "tid":"mom"},
{"name":"ModelSetRunClock", "ph":"E", "ts":"1373970724", "pid":"1", "tid":"mom"},
{"name":"ModelAdvance", "ph":"B", "ts":"1373970908", "pid":"1", "tid":"mom"},
{"name":"ModelAdvance", "ph":"E", "ts":"1379173803", "pid":"1", "tid":"mom"},
{"name":"ModelSetRunClock", "ph":"B", "ts":"1381866022", "pid":"1", "tid":"mom"},
{"name":"ModelSetRunClock", "ph":"E", "ts":"1381866091", "pid":"1", "tid":"mom"},
{"name":"ModelAdvance", "ph":"B", "ts":"1381866267", "pid":"1", "tid":"mom"},
{"name":"ModelAdvance", "ph":"E", "ts":"1387098975", "pid":"1", "tid":"mom"},
{"name":"ModelSetRunClock", "ph":"B", "ts":"1389318335", "pid":"1", "tid":"mom"},
{"name":"ModelSetRunClock", "ph":"E", "ts":"1389318409", "pid":"1", "tid":"mom"},
{"name":"ModelAdvance", "ph":"B", "ts":"1389318594", "pid":"1", "tid":"mom"},
{"name":"ModelAdvance", "ph":"E", "ts":"1394509318", "pid":"1", "tid":"mom"},
{"name":"ModelSetRunClock", "ph":"B", "ts":"1397407711", "pid":"1", "tid":"mom"},
{"name":"ModelSetRunClock", "ph":"E", "ts":"1397407803", "pid":"1", "tid":"mom"},
{"name":"ModelAdvance", "ph":"B", "ts":"1397407984", "pid":"1", "tid":"mom"},
{"name":"ModelAdvance", "ph":"E", "ts":"1402589974", "pid":"1", "tid":"mom"},
{"name":"ModelSetRunClock", "ph":"B", "ts":"1405060869", "pid":"1", "tid":"mom"},
{"name":"ModelSetRunClock", "ph":"E", "ts":"1405060942", "pid":"1", "tid":"mom"},
{"name":"ModelAdvance", "ph":"B", "ts":"1405061128", "pid":"1", "tid":"mom"},
{"name":"ModelAdvance", "ph":"E", "ts":"1410247278", "pid":"1", "tid":"mom"},
{"name":"ModelSetRunClock", "ph":"B", "ts":"1413068365", "pid":"1", "tid":"mom"},
{"name":"ModelSetRunClock", "ph":"E", "ts":"1413068487", "pid":"1", "tid":"mom"},
{"name":"ModelAdvance", "ph":"B", "ts":"1413068721", "pid":"1", "tid":"mom"},
{"name":"ModelAdvance", "ph":"E", "ts":"1418275847", "pid":"1", "tid":"mom"},
{"name":"ModelSetRunClock", "ph":"B", "ts":"1420523207", "pid":"1", "tid":"mom"},
{"name":"ModelSetRunClock", "ph":"E", "ts":"1420523276", "pid":"1", "tid":"mom"},
{"name":"ModelAdvance", "ph":"B", "ts":"1420523439", "pid":"1", "tid":"mom"},
{"name":"ModelAdvance", "ph":"E", "ts":"1425721851", "pid":"1", "tid":"mom"},
{"name":"ModelSetRunClock", "ph":"B", "ts":"1428583309", "pid":"1", "tid":"mom"},
{"name":"ModelSetRunClock", "ph":"E", "ts":"1428583374", "pid":"1", "tid":"mom"},
{"name":"ModelAdvance", "ph":"B", "ts":"1428583541", "pid":"1", "tid":"mom"},
{"name":"ModelAdvance", "ph":"E", "ts":"1433824559", "pid":"1", "tid":"mom"},
{"name":"ModelSetRunClock", "ph":"B", "ts":"1436082262", "pid":"1", "tid":"mom"},
{"name":"ModelSetRunClock", "ph":"E", "ts":"1436082331", "pid":"1", "tid":"mom"},
{"name":"ModelAdvance", "ph":"B", "ts":"1436082500", "pid":"1", "tid":"mom"},
{"name":"ModelAdvance", "ph":"E", "ts":"1441277517", "pid":"1", "tid":"mom"},
{"name":"ModelSetRunClock", "ph":"B", "ts":"1444200397", "pid":"1", "tid":"mom"},
{"name":"ModelSetRunClock", "ph":"E", "ts":"1444200493", "pid":"1", "tid":"mom"},
{"name":"ModelAdvance", "ph":"B", "ts":"1444200728", "pid":"1", "tid":"mom"},
{"name":"ModelAdvance", "ph":"E", "ts":"1449397191", "pid":"1", "tid":"mom"},
{"name":"ModelSetRunClock", "ph":"B", "ts":"1451557308", "pid":"1", "tid":"mom"},
{"name":"ModelSetRunClock", "ph":"E", "ts":"1451557633", "pid":"1", "tid":"mom"},
{"name":"ModelAdvance", "ph":"B", "ts":"1451557888", "pid":"1", "tid":"mom"},
{"name":"ModelAdvance", "ph":"E", "ts":"1456745498", "pid":"1", "tid":"mom"},
{"name":"ModelSetRunClock", "ph":"B", "ts":"1459401744", "pid":"1", "tid":"mom"},
{"name":"ModelSetRunClock", "ph":"E", "ts":"1459401810", "pid":"1", "tid":"mom"},
{"name":"ModelAdvance", "ph":"B", "ts":"1459401997", "pid":"1", "tid":"mom"},
{"name":"ModelAdvance", "ph":"E", "ts":"1464585249", "pid":"1", "tid":"mom"},
{"name":"ModelSetRunClock", "ph":"B", "ts":"1466590623", "pid":"1", "tid":"mom"},
{"name":"ModelSetRunClock", "ph":"E", "ts":"1466590713", "pid":"1", "tid":"mom"},
{"name":"ModelAdvance", "ph":"B", "ts":"1466590906", "pid":"1", "tid":"mom"},
{"name":"ModelAdvance", "ph":"E", "ts":"1471774680", "pid":"1", "tid":"mom"},
{"name":"ModelSetRunClock", "ph":"B", "ts":"1474407148", "pid":"1", "tid":"mom"},
{"name":"ModelSetRunClock", "ph":"E", "ts":"1474407221", "pid":"1", "tid":"mom"},
{"name":"ModelAdvance", "ph":"B", "ts":"1474407399", "pid":"1", "tid":"mom"},
{"name":"ModelAdvance", "ph":"E", "ts":"1479649033", "pid":"1", "tid":"mom"},
{"name":"ModelSetRunClock", "ph":"B", "ts":"1481619076", "pid":"1", "tid":"mom"},
{"name":"ModelSetRunClock", "ph":"E", "ts":"1481619137", "pid":"1", "tid":"mom"},
{"name":"ModelAdvance", "ph":"B", "ts":"1481619300", "pid":"1", "tid":"mom"},
{"name":"ModelAdvance", "ph":"E", "ts":"1486808877", "pid":"1", "tid":"mom"},
{"name":"ModelSetRunClock", "ph":"B", "ts":"1489818206", "pid":"1", "tid":"mom"},
{"name":"ModelSetRunClock", "ph":"E", "ts":"1489818293", "pid":"1", "tid":"mom"},
{"name":"ModelAdvance", "ph":"B", "ts":"1489818462", "pid":"1", "tid":"mom"},
{"name":"ModelAdvance", "ph":"E", "ts":"1495016817", "pid":"1", "tid":"mom"},
{"name":"ModelSetRunClock", "ph":"B", "ts":"1497019829", "pid":"1", "tid":"mom"},
{"name":"ModelSetRunClock", "ph":"E", "ts":"1497019895", "pid":"1", "tid":"mom"},
{"name":"ModelAdvance", "ph":"B", "ts":"1497020059", "pid":"1", "tid":"mom"},
{"name":"ModelAdvance", "ph":"E", "ts":"1502195055", "pid":"1", "tid":"mom"},
{"name":"ModelSetRunClock", "ph":"B", "ts":"1504931011", "pid":"1", "tid":"mom"},
{"name":"ModelSetRunClock", "ph":"E", "ts":"1504931078", "pid":"1", "tid":"mom"},
{"name":"ModelAdvance", "ph":"B", "ts":"1504931244", "pid":"1", "tid":"mom"},
{"name":"ModelAdvance", "ph":"E", "ts":"1510112703", "pid":"1", "tid":"mom"},
{"name":"ModelSetRunClock", "ph":"B", "ts":"1512184249", "pid":"1", "tid":"mom"},
{"name":"ModelSetRunClock", "ph":"E", "ts":"1512184319", "pid":"1", "tid":"mom"},
{"name":"ModelAdvance", "ph":"B", "ts":"1512184527", "pid":"1", "tid":"mom"},
{"name":"ModelAdvance", "ph":"E", "ts":"1517371213", "pid":"1", "tid":"mom"},
{"name":"ModelSetRunClock", "ph":"B", "ts":"1520018318", "pid":"1", "tid":"mom"},
{"name":"ModelSetRunClock", "ph":"E", "ts":"1520018386", "pid":"1", "tid":"mom"},
{"name":"ModelAdvance", "ph":"B", "ts":"1520018553", "pid":"1", "tid":"mom"},
{"name":"ModelAdvance", "ph":"E", "ts":"1525278989", "pid":"1", "tid":"mom"},
{"name":"ModelSetRunClock", "ph":"B", "ts":"1527268441", "pid":"1", "tid":"mom"},
{"name":"ModelSetRunClock", "ph":"E", "ts":"1527268520", "pid":"1", "tid":"mom"},
{"name":"ModelAdvance", "ph":"B", "ts":"1527268714", "pid":"1", "tid":"mom"},
{"name":"ModelAdvance", "ph":"E", "ts":"1532455643", "pid":"1", "tid":"mom"},
{"name":"ModelSetRunClock", "ph":"B", "ts":"1535169024", "pid":"1", "tid":"mom"},
{"name":"ModelSetRunClock", "ph":"E", "ts":"1535169131", "pid":"1", "tid":"mom"},
{"name":"ModelAdvance", "ph":"B", "ts":"1535169339", "pid":"1", "tid":"mom"},
{"name":"ModelAdvance", "ph":"E", "ts":"1540344741", "pid":"1", "tid":"mom"},
{"name":"ModelSetRunClock", "ph":"B", "ts":"1542369807", "pid":"1", "tid":"mom"},
{"name":"ModelSetRunClock", "ph":"E", "ts":"1542369876", "pid":"1", "tid":"mom"},
{"name":"ModelAdvance", "ph":"B", "ts":"1542370057", "pid":"1", "tid":"mom"},
{"name":"ModelAdvance", "ph":"E", "ts":"1547567738", "pid":"1", "tid":"mom"},
{"name":"ModelSetRunClock", "ph":"B", "ts":"1550325518", "pid":"1", "tid":"mom"},
{"name":"ModelSetRunClock", "ph":"E", "ts":"1550325601", "pid":"1", "tid":"mom"},
{"name":"ModelAdvance", "ph":"B", "ts":"1550325795", "pid":"1", "tid":"mom"},
{"name":"ModelAdvance", "ph":"E", "ts":"1555519989", "pid":"1", "tid":"mom"},
{"name":"ModelSetRunClock", "ph":"B", "ts":"1557491087", "pid":"1", "tid":"mom"},
{"name":"ModelSetRunClock", "ph":"E", "ts":"1557491154", "pid":"1", "tid":"mom"},
{"name":"ModelAdvance", "ph":"B", "ts":"1557491322", "pid":"1", "tid":"mom"},
{"name":"ModelAdvance", "ph":"E", "ts":"1562733965", "pid":"1", "tid":"mom"},
{"name":"ModelSetRunClock", "ph":"B", "ts":"1565326738", "pid":"1", "tid":"mom"},
{"name":"ModelSetRunClock", "ph":"E", "ts":"1565326810", "pid":"1", "tid":"mom"},
{"name":"ModelAdvance", "ph":"B", "ts":"1565326979", "pid":"1", "tid":"mom"},
{"name":"ModelAdvance", "ph":"E", "ts":"1570585726", "pid":"1", "tid":"mom"},
{"name":"ModelSetRunClock", "ph":"B", "ts":"1572483305", "pid":"1", "tid":"mom"},
{"name":"ModelSetRunClock", "ph":"E", "ts":"1572483388", "pid":"1", "tid":"mom"},
{"name":"ModelAdvance", "ph":"B", "ts":"1572483586", "pid":"1", "tid":"mom"},
{"name":"ModelAdvance", "ph":"E", "ts":"1577677072", "pid":"1", "tid":"mom"},
{"name":"ModelSetRunClock", "ph":"B", "ts":"1580328287", "pid":"1", "tid":"mom"},
{"name":"ModelSetRunClock", "ph":"E", "ts":"1580328357", "pid":"1", "tid":"mom"},
{"name":"ModelAdvance", "ph":"B", "ts":"1580328559", "pid":"1", "tid":"mom"},
{"name":"ModelAdvance", "ph":"E", "ts":"1585510443", "pid":"1", "tid":"mom"},
{"name":"ModelSetRunClock", "ph":"B", "ts":"1587549893", "pid":"1", "tid":"mom"},
{"name":"ModelSetRunClock", "ph":"E", "ts":"1587549995", "pid":"1", "tid":"mom"},
{"name":"ModelAdvance", "ph":"B", "ts":"1587550350", "pid":"1", "tid":"mom"},
{"name":"ModelAdvance", "ph":"E", "ts":"1592743372", "pid":"1", "tid":"mom"},
{"name":"ModelSetRunClock", "ph":"B", "ts":"1595439017", "pid":"1", "tid":"mom"},
{"name":"ModelSetRunClock", "ph":"E", "ts":"1595439097", "pid":"1", "tid":"mom"},
{"name":"ModelAdvance", "ph":"B", "ts":"1595439293", "pid":"1", "tid":"mom"},
{"name":"ModelAdvance", "ph":"E", "ts":"1600614055", "pid":"1", "tid":"mom"},
{"name":"ModelSetRunClock", "ph":"B", "ts":"1602802412", "pid":"1", "tid":"mom"},
{"name":"ModelSetRunClock", "ph":"E", "ts":"1602802480", "pid":"1", "tid":"mom"},
{"name":"ModelAdvance", "ph":"B", "ts":"1602802662", "pid":"1", "tid":"mom"},
{"name":"ModelAdvance", "ph":"E", "ts":"1607982005", "pid":"1", "tid":"mom"},
{"name":"ModelSetRunClock", "ph":"B", "ts":"1610820556", "pid":"1", "tid":"mom"},
{"name":"ModelSetRunClock", "ph":"E", "ts":"1610820621", "pid":"1", "tid":"mom"},
{"name":"ModelAdvance", "ph":"B", "ts":"1610820775", "pid":"1", "tid":"mom"},
{"name":"ModelAdvance", "ph":"E", "ts":"1616080762", "pid":"1", "tid":"mom"},
{"name":"ModelSetRunClock", "ph":"B", "ts":"1618135168", "pid":"1", "tid":"mom"},
{"name":"ModelSetRunClock", "ph":"E", "ts":"1618135231", "pid":"1", "tid":"mom"},
{"name":"ModelAdvance", "ph":"B", "ts":"1618135397", "pid":"1", "tid":"mom"},
{"name":"ModelAdvance", "ph":"E", "ts":"1623308694", "pid":"1", "tid":"mom"},
{"name":"ModelSetRunClock", "ph":"B", "ts":"1625944343", "pid":"1", "tid":"mom"},
{"name":"ModelSetRunClock", "ph":"E", "ts":"1625944794", "pid":"1", "tid":"mom"},
{"name":"ModelAdvance", "ph":"B", "ts":"1625945086", "pid":"1", "tid":"mom"},
{"name":"ModelAdvance", "ph":"E", "ts":"1631114998", "pid":"1", "tid":"mom"},
{"name":"ModelSetRunClock", "ph":"B", "ts":"1633173827", "pid":"1", "tid":"mom"},
{"name":"ModelSetRunClock", "ph":"E", "ts":"1633173911", "pid":"1", "tid":"mom"},
{"name":"ModelAdvance", "ph":"B", "ts":"1633174109", "pid":"1", "tid":"mom"},
{"name":"ModelAdvance", "ph":"E", "ts":"1638356847", "pid":"1", "tid":"mom"},
{"name":"ModelSetRunClock", "ph":"B", "ts":"1641007886", "pid":"1", "tid":"mom"},
{"name":"ModelSetRunClock", "ph":"E", "ts":"1641007991", "pid":"1", "tid":"mom"},
{"name":"ModelAdvance", "ph":"B", "ts":"1641008188", "pid":"1", "tid":"mom"},
{"name":"ModelAdvance", "ph":"E", "ts":"1646198243", "pid":"1", "tid":"mom"},
{"name":"ModelSetRunClock", "ph":"B", "ts":"1648071057", "pid":"1", "tid":"mom"},
{"name":"ModelSetRunClock", "ph":"E", "ts":"1648071126", "pid":"1", "tid":"mom"},
{"name":"ModelAdvance", "ph":"B", "ts":"1648071302", "pid":"1", "tid":"mom"},
{"name":"ModelAdvance", "ph":"E", "ts":"1653283561", "pid":"1", "tid":"mom"},
{"name":"ModelSetRunClock", "ph":"B", "ts":"1655957279", "pid":"1", "tid":"mom"},
{"name":"ModelSetRunClock", "ph":"E", "ts":"1655957346", "pid":"1", "tid":"mom"},
{"name":"ModelAdvance", "ph":"B", "ts":"1655957514", "pid":"1", "tid":"mom"},
{"name":"ModelAdvance", "ph":"E", "ts":"1661256570", "pid":"1", "tid":"mom"},
{"name":"ModelSetRunClock", "ph":"B", "ts":"1663229195", "pid":"1", "tid":"mom"},
{"name":"ModelSetRunClock", "ph":"E", "ts":"1663229279", "pid":"1", "tid":"mom"},
{"name":"ModelAdvance", "ph":"B", "ts":"1663229487", "pid":"1", "tid":"mom"},
{"name":"ModelAdvance", "ph":"E", "ts":"1668411761", "pid":"1", "tid":"mom"},
{"name":"ModelSetRunClock", "ph":"B", "ts":"1671033151", "pid":"1", "tid":"mom"},
{"name":"ModelSetRunClock", "ph":"E", "ts":"1671033233", "pid":"1", "tid":"mom"},
{"name":"ModelAdvance", "ph":"B", "ts":"1671033417", "pid":"1", "tid":"mom"},
{"name":"ModelAdvance", "ph":"E", "ts":"1676220918", "pid":"1", "tid":"mom"},
{"name":"ModelSetRunClock", "ph":"B", "ts":"1678136180", "pid":"1", "tid":"mom"},
{"name":"ModelSetRunClock", "ph":"E", "ts":"1678136252", "pid":"1", "tid":"mom"},
{"name":"ModelAdvance", "ph":"B", "ts":"1678136434", "pid":"1", "tid":"mom"},
{"name":"ModelAdvance", "ph":"E", "ts":"1683320494", "pid":"1", "tid":"mom"},
{"name":"ModelSetRunClock", "ph":"B", "ts":"1686026221", "pid":"1", "tid":"mom"},
{"name":"ModelSetRunClock", "ph":"E", "ts":"1686026402", "pid":"1", "tid":"mom"},
{"name":"ModelAdvance", "ph":"B", "ts":"1686026591", "pid":"1", "tid":"mom"},
{"name":"ModelAdvance", "ph":"E", "ts":"1691226657", "pid":"1", "tid":"mom"},
{"name":"ModelSetRunClock", "ph":"B", "ts":"1693220835", "pid":"1", "tid":"mom"},
{"name":"ModelSetRunClock", "ph":"E", "ts":"1693220924", "pid":"1", "tid":"mom"},
{"name":"ModelAdvance", "ph":"B", "ts":"1693221134", "pid":"1", "tid":"mom"},
{"name":"ModelAdvance", "ph":"E", "ts":"1698382174", "pid":"1", "tid":"mom"},
{"name":"ModelSetRunClock", "ph":"B", "ts":"1701048448", "pid":"1", "tid":"mom"},
{"name":"ModelSetRunClock", "ph":"E", "ts":"1701048524", "pid":"1", "tid":"mom"},
{"name":"ModelAdvance", "ph":"B", "ts":"1701048725", "pid":"1", "tid":"mom"},
{"name":"ModelAdvance", "ph":"E", "ts":"1706286835", "pid":"1", "tid":"mom"},
{"name":"ModelFinalize", "ph":"B", "ts":"1706292908", "pid":"1", "tid":"mom"},
{"name":"ModelFinalize", "ph":"E", "ts":"1706419204", "pid":"1", "tid":"mom"},
