{"name":"SetServices", "ph":"B", "ts":"637527521", "pid":"1", "tid":"wave"},
{"name":"SetServices", "ph":"E", "ts":"637530028", "pid":"1", "tid":"wave"},
{"name":"InitializeP0", "ph":"B", "ts":"637533941", "pid":"1", "tid":"wave"},
{"name":"InitializeP0", "ph":"E", "ts":"637534021", "pid":"1", "tid":"wave"},
{"name":"InitializeAdvertise", "ph":"B", "ts":"664388148", "pid":"1", "tid":"wave"},
{"name":"InitializeAdvertise", "ph":"E", "ts":"759407091", "pid":"1", "tid":"wave"},
{"name":"InitializeRealize", "ph":"B", "ts":"893454324", "pid":"1", "tid":"wave"},
{"name":"InitializeRealize", "ph":"E", "ts":"907665899", "pid":"1", "tid":"wave"},
{"name":"DataInitialize", "ph":"B", "ts":"934833123", "pid":"1", "tid":"wave"},
{"name":"DataInitialize", "ph":"E", "ts":"934836898", "pid":"1", "tid":"wave"},
{"name":"ModelSetRunClock", "ph":"B", "ts":"983680378", "pid":"1", "tid":"wave"},
{"name":"ModelSetRunClock", "ph":"E", "ts":"983689065", "pid":"1", "tid":"wave"},
{"name":"ModelAdvance", "ph":"B", "ts":"983689168", "pid":"1", "tid":"wave"},
{"name":"ModelAdvance", "ph":"E", "ts":"994647724", "pid":"1", "tid":"wave"},
{"name":"ModelSetRunClock", "ph":"B", "ts":"995972010", "pid":"1", "tid":"wave"},
{"name":"ModelSetRunClock", "ph":"E", "ts":"995972129", "pid":"1", "tid":"wave"},
{"name":"ModelAdvance", "ph":"B", "ts":"995972208", "pid":"1", "tid":"wave"},
{"name":"ModelAdvance", "ph":"E", "ts":"1001601030", "pid":"1", "tid":"wave"},
{"name":"ModelSetRunClock", "ph":"B", "ts":"1003233425", "pid":"1", "tid":"wave"},
{"name":"ModelSetRunClock", "ph":"E", "ts":"1003233457", "pid":"1", "tid":"wave"},
{"name":"ModelAdvance", "ph":"B", "ts":"1003233536", "pid":"1", "tid":"wave"},
{"name":"ModelAdvance", "ph":"E", "ts":"1008709629", "pid":"1", "tid":"wave"},
{"name":"ModelSetRunClock", "ph":"B", "ts":"1011168987", "pid":"1", "tid":"wave"},
{"name":"ModelSetRunClock", "ph":"E", "ts":"1011169019", "pid":"1", "tid":"wave"},
{"name":"ModelAdvance", "ph":"B", "ts":"1011169109", "pid":"1", "tid":"wave"},
{"name":"ModelAdvance", "ph":"E", "ts":"1016627579", "pid":"1", "tid":"wave"},
{"name":"ModelSetRunClock", "ph":"B", "ts":"1018416176", "pid":"1", "tid":"wave"},
{"name":"ModelSetRunClock", "ph":"E", "ts":"1018416211", "pid":"1", "tid":"wave"},
{"name":"ModelAdvance", "ph":"B", "ts":"1018416291", "pid":"1", "tid":"wave"},
{"name":"ModelAdvance", "ph":"E", "ts":"1024067248", "pid":"1", "tid":"wave"},
{"name":"ModelSetRunClock", "ph":"B", "ts":"1026375824", "pid":"1", "tid":"wave"},
{"name":"ModelSetRunClock", "ph":"E", "ts":"1026375855", "pid":"1", "tid":"wave"},
{"name":"ModelAdvance", "ph":"B", "ts":"1026375945", "pid":"1", "tid":"wave"},
{"name":"ModelAdvance", "ph":"E", "ts":"1031828364", "pid":"1", "tid":"wave"},
{"name":"ModelSetRunClock", "ph":"B", "ts":"1049033190", "pid":"1", "tid":"wave"},
{"name":"ModelSetRunClock", "ph":"E", "ts":"1049033228", "pid":"1", "tid":"wave"},
{"name":"ModelAdvance", "ph":"B", "ts":"1049033313", "pid":"1", "tid":"wave"},
{"name":"ModelAdvance", "ph":"E", "ts":"1054472898", "pid":"1", "tid":"wave"},
{"name":"ModelSetRunClock", "ph":"B", "ts":"1057073201", "pid":"1", "tid":"wave"},
{"name":"ModelSetRunClock", "ph":"E", "ts":"1057073233", "pid":"1", "tid":"wave"},
{"name":"ModelAdvance", "ph":"B", "ts":"1057073312", "pid":"1", "tid":"wave"},
{"name":"ModelAdvance", "ph":"E", "ts":"1062703197", "pid":"1", "tid":"wave"},
{"name":"ModelSetRunClock", "ph":"B", "ts":"1064437823", "pid":"1", "tid":"wave"},
{"name":"ModelSetRunClock", "ph":"E", "ts":"1064437856", "pid":"1", "tid":"wave"},
{"name":"ModelAdvance", "ph":"B", "ts":"1064437940", "pid":"1", "tid":"wave"},
{"name":"ModelAdvance", "ph":"E", "ts":"1069869217", "pid":"1", "tid":"wave"},
{"name":"ModelSetRunClock", "ph":"B", "ts":"1072500582", "pid":"1", "tid":"wave"},
{"name":"ModelSetRunClock", "ph":"E", "ts":"1072500615", "pid":"1", "tid":"wave"},
{"name":"ModelAdvance", "ph":"B", "ts":"1072500686", "pid":"1", "tid":"wave"},
{"name":"ModelAdvance", "ph":"E", "ts":"1077961529", "pid":"1", "tid":"wave"},
{"name":"ModelSetRunClock", "ph":"B", "ts":"1079933449", "pid":"1", "tid":"wave"},
{"name":"ModelSetRunClock", "ph":"E", "ts":"1079933621", "pid":"1", "tid":"wave"},
{"name":"ModelAdvance", "ph":"B", "ts":"1079933763", "pid":"1", "tid":"wave"},
{"name":"ModelAdvance", "ph":"E", "ts":"1085684100", "pid":"1", "tid":"wave"},
{"name":"ModelSetRunClock", "ph":"B", "ts":"1087946599", "pid":"1", "tid":"wave"},
{"name":"ModelSetRunClock", "ph":"E", "ts":"1087946633", "pid":"1", "tid":"wave"},
{"name":"ModelAdvance", "ph":"B", "ts":"1087946710", "pid":"1", "tid":"wave"},
{"name":"ModelAdvance", "ph":"E", "ts":"1093396843", "pid":"1", "tid":"wave"},
{"name":"ModelSetRunClock", "ph":"B", "ts":"1095431673", "pid":"1", "tid":"wave"},
{"name":"ModelSetRunClock", "ph":"E", "ts":"1095431709", "pid":"1", "tid":"wave"},
{"name":"ModelAdvance", "ph":"B", "ts":"1095431785", "pid":"1", "tid":"wave"},
{"name":"ModelAdvance", "ph":"E", "ts":"1100891022", "pid":"1", "tid":"wave"},
{"name":"ModelSetRunClock", "ph":"B", "ts":"1103552807", "pid":"1", "tid":"wave"},
{"name":"ModelSetRunClock", "ph":"E", "ts":"1103552846", "pid":"1", "tid":"wave"},
{"name":"ModelAdvance", "ph":"B", "ts":"1103552941", "pid":"1", "tid":"wave"},
{"name":"ModelAdvance", "ph":"E", "ts":"1109007563", "pid":"1", "tid":"wave"},
{"name":"ModelSetRunClock", "ph":"B", "ts":"1110909215", "pid":"1", "tid":"wave"},
{"name":"ModelSetRunClock", "ph":"E", "ts":"1110909247", "pid":"1", "tid":"wave"},
{"name":"ModelAdvance", "ph":"B", "ts":"1110909325", "pid":"1", "tid":"wave"},
{"name":"ModelAdvance", "ph":"E", "ts":"1116326957", "pid":"1", "tid":"wave"},
{"name":"ModelSetRunClock", "ph":"B", "ts":"1118933088", "pid":"1", "tid":"wave"},
{"name":"ModelSetRunClock", "ph":"E", "ts":"1118933120", "pid":"1", "tid":"wave"},
{"name":"ModelAdvance", "ph":"B", "ts":"1118933192", "pid":"1", "tid":"wave"},
{"name":"ModelAdvance", "ph":"E", "ts":"1124248571", "pid":"1", "tid":"wave"},
{"name":"ModelSetRunClock", "ph":"B", "ts":"1126692827", "pid":"1", "tid":"wave"},
{"name":"ModelSetRunClock", "ph":"E", "ts":"1126692882", "pid":"1", "tid":"wave"},
{"name":"ModelAdvance", "ph":"B", "ts":"1126692992", "pid":"1", "tid":"wave"},
{"name":"ModelAdvance", "ph":"E", "ts":"1131959231", "pid":"1", "tid":"wave"},
{"name":"ModelSetRunClock", "ph":"B", "ts":"1135088684", "pid":"1", "tid":"wave"},
{"name":"ModelSetRunClock", "ph":"E", "ts":"1135088749", "pid":"1", "tid":"wave"},
{"name":"ModelAdvance", "ph":"B", "ts":"1135088847", "pid":"1", "tid":"wave"},
{"name":"ModelAdvance", "ph":"E", "ts":"1140288867", "pid":"1", "tid":"wave"},
{"name":"ModelSetRunClock", "ph":"B", "ts":"1142920793", "pid":"1", "tid":"wave"},
{"name":"ModelSetRunClock", "ph":"E", "ts":"1142920830", "pid":"1", "tid":"wave"},
{"name":"ModelAdvance", "ph":"B", "ts":"1142920926", "pid":"1", "tid":"wave"},
{"name":"ModelAdvance", "ph":"E", "ts":"1148053682", "pid":"1", "tid":"wave"},
{"name":"ModelSetRunClock", "ph":"B", "ts":"1151508635", "pid":"1", "tid":"wave"},
{"name":"ModelSetRunClock", "ph":"E", "ts":"1151508670", "pid":"1", "tid":"wave"},
{"name":"ModelAdvance", "ph":"B", "ts":"1151508748", "pid":"1", "tid":"wave"},
{"name":"ModelAdvance", "ph":"E", "ts":"1156609318", "pid":"1", "tid":"wave"},
{"name":"ModelSetRunClock", "ph":"B", "ts":"1159260288", "pid":"1", "tid":"wave"},
{"name":"ModelSetRunClock", "ph":"E", "ts":"1159260329", "pid":"1", "tid":"wave"},
{"name":"ModelAdvance", "ph":"B", "ts":"1159260428", "pid":"1", "tid":"wave"},
{"name":"ModelAdvance", "ph":"E", "ts":"1164321724", "pid":"1", "tid":"wave"},
{"name":"ModelSetRunClock", "ph":"B", "ts":"1167997216", "pid":"1", "tid":"wave"},
{"name":"ModelSetRunClock", "ph":"E", "ts":"1167997251", "pid":"1", "tid":"wave"},
{"name":"ModelAdvance", "ph":"B", "ts":"1167997335", "pid":"1", "tid":"wave"},
{"name":"ModelAdvance", "ph":"E", "ts":"1173059009", "pid":"1", "tid":"wave"},
{"name":"ModelSetRunClock", "ph":"B", "ts":"1176092719", "pid":"1", "tid":"wave"},
{"name":"ModelSetRunClock", "ph":"E", "ts":"1176092755", "pid":"1", "tid":"wave"},
{"name":"ModelAdvance", "ph":"B", "ts":"1176092836", "pid":"1", "tid":"wave"},
{"name":"ModelAdvance", "ph":"E", "ts":"1181345800", "pid":"1", "tid":"wave"},
{"name":"ModelSetRunClock", "ph":"B", "ts":"1184601190", "pid":"1", "tid":"wave"},
{"name":"ModelSetRunClock", "ph":"E", "ts":"1184601235", "pid":"1", "tid":"wave"},
{"name":"ModelAdvance", "ph":"B", "ts":"1184601331", "pid":"1", "tid":"wave"},
{"name":"ModelAdvance", "ph":"E", "ts":"1189692696", "pid":"1", "tid":"wave"},
{"name":"ModelSetRunClock", "ph":"B", "ts":"1192342362", "pid":"1", "tid":"wave"},
{"name":"ModelSetRunClock", "ph":"E", "ts":"1192342540", "pid":"1", "tid":"wave"},
{"name":"ModelAdvance", "ph":"B", "ts":"1192342655", "pid":"1", "tid":"wave"},
{"name":"ModelAdvance", "ph":"E", "ts":"1197380664", "pid":"1", "tid":"wave"},
{"name":"ModelSetRunClock", "ph":"B", "ts":"1200321625", "pid":"1", "tid":"wave"},
{"name":"ModelSetRunClock", "ph":"E", "ts":"1200321677", "pid":"1", "tid":"wave"},
{"name":"ModelAdvance", "ph":"B", "ts":"1200321764", "pid":"1", "tid":"wave"},
{"name":"ModelAdvance", "ph":"E", "ts":"1205389508", "pid":"1", "tid":"wave"},
{"name":"ModelSetRunClock", "ph":"B", "ts":"1207435358", "pid":"1", "tid":"wave"},
{"name":"ModelSetRunClock", "ph":"E", "ts":"1207435398", "pid":"1", "tid":"wave"},
{"name":"ModelAdvance", "ph":"B", "ts":"1207435479", "pid":"1", "tid":"wave"},
{"name":"ModelAdvance", "ph":"E", "ts":"1212634861", "pid":"1", "tid":"wave"},
{"name":"ModelSetRunClock", "ph":"B", "ts":"1215229317", "pid":"1", "tid":"wave"},
{"name":"ModelSetRunClock", "ph":"E", "ts":"1215229355", "pid":"1", "tid":"wave"},
{"name":"ModelAdvance", "ph":"B", "ts":"1215229441", "pid":"1", "tid":"wave"},
{"name":"ModelAdvance", "ph":"E", "ts":"1220212980", "pid":"1", "tid":"wave"},
{"name":"ModelSetRunClock", "ph":"B", "ts":"1222330358", "pid":"1", "tid":"wave"},
{"name":"ModelSetRunClock", "ph":"E", "ts":"1222330499", "pid":"1", "tid":"wave"},
{"name":"ModelAdvance", "ph":"B", "ts":"1222330621", "pid":"1", "tid":"wave"},
{"name":"ModelAdvance", "ph":"E", "ts":"1227296548", "pid":"1", "tid":"wave"},
{"name":"ModelSetRunClock", "ph":"B", "ts":"1230151471", "pid":"1", "tid":"wave"},
{"name":"ModelSetRunClock", "ph":"E", "ts":"1230151509", "pid":"1", "tid":"wave"},
{"name":"ModelAdvance", "ph":"B", "ts":"1230151581", "pid":"1", "tid":"wave"},
{"name":"ModelAdvance", "ph":"E", "ts":"1235148115", "pid":"1", "tid":"wave"},
{"name":"ModelSetRunClock", "ph":"B", "ts":"1237388099", "pid":"1", "tid":"wave"},
{"name":"ModelSetRunClock", "ph":"E", "ts":"1237388136", "pid":"1", "tid":"wave"},
{"name":"ModelAdvance", "ph":"B", "ts":"1237388214", "pid":"1", "tid":"wave"},
{"name":"ModelAdvance", "ph":"E", "ts":"1242321930", "pid":"1", "tid":"wave"},
{"name":"ModelSetRunClock", "ph":"B", "ts":"1245423688", "pid":"1", "tid":"wave"},
{"name":"ModelSetRunClock", "ph":"E", "ts":"1245423741", "pid":"1", "tid":"wave"},
{"name":"ModelAdvance", "ph":"B", "ts":"1245423833", "pid":"1", "tid":"wave"},
{"name":"ModelAdvance", "ph":"E", "ts":"1250432782", "pid":"1", "tid":"wave"},
{"name":"ModelSetRunClock", "ph":"B", "ts":"1252622722", "pid":"1", "tid":"wave"},
{"name":"ModelSetRunClock", "ph":"E", "ts":"1252622900", "pid":"1", "tid":"wave"},
{"name":"ModelAdvance", "ph":"B", "ts":"1252623032", "pid":"1", "tid":"wave"},
{"name":"ModelAdvance", "ph":"E", "ts":"1257644926", "pid":"1", "tid":"wave"},
{"name":"ModelSetRunClock", "ph":"B", "ts":"1260470811", "pid":"1", "tid":"wave"},
{"name":"ModelSetRunClock", "ph":"E", "ts":"1260470864", "pid":"1", "tid":"wave"},
{"name":"ModelAdvance", "ph":"B", "ts":"1260470954", "pid":"1", "tid":"wave"},
{"name":"ModelAdvance", "ph":"E", "ts":"1265489716", "pid":"1", "tid":"wave"},
{"name":"ModelSetRunClock", "ph":"B", "ts":"1267562864", "pid":"1", "tid":"wave"},
{"name":"ModelSetRunClock", "ph":"E", "ts":"1267562920", "pid":"1", "tid":"wave"},
{"name":"ModelAdvance", "ph":"B", "ts":"1267563010", "pid":"1", "tid":"wave"},
{"name":"ModelAdvance", "ph":"E", "ts":"1272554421", "pid":"1", "tid":"wave"},
{"name":"ModelSetRunClock", "ph":"B", "ts":"1275450188", "pid":"1", "tid":"wave"},
{"name":"ModelSetRunClock", "ph":"E", "ts":"1275450227", "pid":"1", "tid":"wave"},
{"name":"ModelAdvance", "ph":"B", "ts":"1275450413", "pid":"1", "tid":"wave"},
{"name":"ModelAdvance", "ph":"E", "ts":"1280383191", "pid":"1", "tid":"wave"},
{"name":"ModelSetRunClock", "ph":"B", "ts":"1282757867", "pid":"1", "tid":"wave"},
{"name":"ModelSetRunClock", "ph":"E", "ts":"1282758094", "pid":"1", "tid":"wave"},
{"name":"ModelAdvance", "ph":"B", "ts":"1282758276", "pid":"1", "tid":"wave"},
{"name":"ModelAdvance", "ph":"E", "ts":"1287629905", "pid":"1", "tid":"wave"},
{"name":"ModelSetRunClock", "ph":"B", "ts":"1290644660", "pid":"1", "tid":"wave"},
{"name":"ModelSetRunClock", "ph":"E", "ts":"1290644717", "pid":"1", "tid":"wave"},
{"name":"ModelAdvance", "ph":"B", "ts":"1290644807", "pid":"1", "tid":"wave"},
{"name":"ModelAdvance", "ph":"E", "ts":"1295466100", "pid":"1", "tid":"wave"},
{"name":"ModelSetRunClock", "ph":"B", "ts":"1297909335", "pid":"1", "tid":"wave"},
{"name":"ModelSetRunClock", "ph":"E", "ts":"1297909376", "pid":"1", "tid":"wave"},
{"name":"ModelAdvance", "ph":"B", "ts":"1297909461", "pid":"1", "tid":"wave"},
{"name":"ModelAdvance", "ph":"E", "ts":"1302684825", "pid":"1", "tid":"wave"},
{"name":"ModelSetRunClock", "ph":"B", "ts":"1306199755", "pid":"1", "tid":"wave"},
{"name":"ModelSetRunClock", "ph":"E", "ts":"1306199801", "pid":"1", "tid":"wave"},
{"name":"ModelAdvance", "ph":"B", "ts":"1306199875", "pid":"1", "tid":"wave"},
{"name":"ModelAdvance", "ph":"E", "ts":"1310982390", "pid":"1", "tid":"wave"},
{"name":"ModelSetRunClock", "ph":"B", "ts":"1314145678", "pid":"1", "tid":"wave"},
{"name":"ModelSetRunClock", "ph":"E", "ts":"1314145891", "pid":"1", "tid":"wave"},
{"name":"ModelAdvance", "ph":"B", "ts":"1314146033", "pid":"1", "tid":"wave"},
{"name":"ModelAdvance", "ph":"E", "ts":"1318945628", "pid":"1", "tid":"wave"},
{"name":"ModelSetRunClock", "ph":"B", "ts":"1322582960", "pid":"1", "tid":"wave"},
{"name":"ModelSetRunClock", "ph":"E", "ts":"1322583004", "pid":"1", "tid":"wave"},
{"name":"ModelAdvance", "ph":"B", "ts":"1322583083", "pid":"1", "tid":"wave"},
{"name":"ModelAdvance", "ph":"E", "ts":"1327423924", "pid":"1", "tid":"wave"},
{"name":"ModelSetRunClock", "ph":"B", "ts":"1330331961", "pid":"1", "tid":"wave"},
{"name":"ModelSetRunClock", "ph":"E", "ts":"1330332013", "pid":"1", "tid":"wave"},
{"name":"ModelAdvance", "ph":"B", "ts":"1330332105", "pid":"1", "tid":"wave"},
{"name":"ModelAdvance", "ph":"E", "ts":"1335183807", "pid":"1", "tid":"wave"},
{"name":"ModelSetRunClock", "ph":"B", "ts":"1351312818", "pid":"1", "tid":"wave"},
{"name":"ModelSetRunClock", "ph":"E", "ts":"1351312989", "pid":"1", "tid":"wave"},
{"name":"ModelAdvance", "ph":"B", "ts":"1351313160", "pid":"1", "tid":"wave"},
{"name":"ModelAdvance", "ph":"E", "ts":"1356233013", "pid":"1", "tid":"wave"},
{"name":"ModelSetRunClock", "ph":"B", "ts":"1358604897", "pid":"1", "tid":"wave"},
{"name":"ModelSetRunClock", "ph":"E", "ts":"1358604973", "pid":"1", "tid":"wave"},
{"name":"ModelAdvance", "ph":"B", "ts":"1358605069", "pid":"1", "tid":"wave"},
{"name":"ModelAdvance", "ph":"E", "ts":"1363542288", "pid":"1", "tid":"wave"},
{"name":"ModelSetRunClock", "ph":"B", "ts":"1366657653", "pid":"1", "tid":"wave"},
{"name":"ModelSetRunClock", "ph":"E", "ts":"1366657697", "pid":"1", "tid":"wave"},
{"name":"ModelAdvance", "ph":"B", "ts":"1366657777", "pid":"1", "tid":"wave"},
{"name":"ModelAdvance", "ph":"E", "ts":"1371609551", "pid":"1", "tid":"wave"},
{"name":"ModelSetRunClock", "ph":"B", "ts":"1373962312", "pid":"1", "tid":"wave"},
{"name":"ModelSetRunClock", "ph":"E", "ts":"1373962361", "pid":"1", "tid":"wave"},
{"name":"ModelAdvance", "ph":"B", "ts":"1373962451", "pid":"1", "tid":"wave"},
{"name":"ModelAdvance", "ph":"E", "ts":"1378832955", "pid":"1", "tid":"wave"},
{"name":"ModelSetRunClock", "ph":"B", "ts":"1381857294", "pid":"1", "tid":"wave"},
{"name":"ModelSetRunClock", "ph":"E", "ts":"1381857352", "pid":"1", "tid":"wave"},
{"name":"ModelAdvance", "ph":"B", "ts":"1381857441", "pid":"1", "tid":"wave"},
{"name":"ModelAdvance", "ph":"E", "ts":"1386661879", "pid":"1", "tid":"wave"},
{"name":"ModelSetRunClock", "ph":"B", "ts":"1389309286", "pid":"1", "tid":"wave"},
{"name":"ModelSetRunClock", "ph":"E", "ts":"1389309410", "pid":"1", "tid":"wave"},
{"name":"ModelAdvance", "ph":"B", "ts":"1389309513", "pid":"1", "tid":"wave"},
{"name":"ModelAdvance", "ph":"E", "ts":"1394105332", "pid":"1", "tid":"wave"},
{"name":"ModelSetRunClock", "ph":"B", "ts":"1397396126", "pid":"1", "tid":"wave"},
{"name":"ModelSetRunClock", "ph":"E", "ts":"1397396171", "pid":"1", "tid":"wave"},
{"name":"ModelAdvance", "ph":"B", "ts":"1397396258", "pid":"1", "tid":"wave"},
{"name":"ModelAdvance", "ph":"E", "ts":"1402202589", "pid":"1", "tid":"wave"},
{"name":"ModelSetRunClock", "ph":"B", "ts":"1405050681", "pid":"1", "tid":"wave"},
{"name":"ModelSetRunClock", "ph":"E", "ts":"1405050724", "pid":"1", "tid":"wave"},
{"name":"ModelAdvance", "ph":"B", "ts":"1405050812", "pid":"1", "tid":"wave"},
{"name":"ModelAdvance", "ph":"E", "ts":"1409819467", "pid":"1", "tid":"wave"},
{"name":"ModelSetRunClock", "ph":"B", "ts":"1413057632", "pid":"1", "tid":"wave"},
{"name":"ModelSetRunClock", "ph":"E", "ts":"1413057677", "pid":"1", "tid":"wave"},
{"name":"ModelAdvance", "ph":"B", "ts":"1413057760", "pid":"1", "tid":"wave"},
{"name":"ModelAdvance", "ph":"E", "ts":"1417822153", "pid":"1", "tid":"wave"},
{"name":"ModelSetRunClock", "ph":"B", "ts":"1420512966", "pid":"1", "tid":"wave"},
{"name":"ModelSetRunClock", "ph":"E", "ts":"1420513005", "pid":"1", "tid":"wave"},
{"name":"ModelAdvance", "ph":"B", "ts":"1420513078", "pid":"1", "tid":"wave"},
{"name":"ModelAdvance", "ph":"E", "ts":"1425299339", "pid":"1", "tid":"wave"},
{"name":"ModelSetRunClock", "ph":"B", "ts":"1428576346", "pid":"1", "tid":"wave"},
{"name":"ModelSetRunClock", "ph":"E", "ts":"1428576393", "pid":"1", "tid":"wave"},
{"name":"ModelAdvance", "ph":"B", "ts":"1428576474", "pid":"1", "tid":"wave"},
{"name":"ModelAdvance", "ph":"E", "ts":"1433321481", "pid":"1", "tid":"wave"},
{"name":"ModelSetRunClock", "ph":"B", "ts":"1436074848", "pid":"1", "tid":"wave"},
{"name":"ModelSetRunClock", "ph":"E", "ts":"1436074905", "pid":"1", "tid":"wave"},
{"name":"ModelAdvance", "ph":"B", "ts":"1436074995", "pid":"1", "tid":"wave"},
{"name":"ModelAdvance", "ph":"E", "ts":"1440850570", "pid":"1", "tid":"wave"},
{"name":"ModelSetRunClock", "ph":"B", "ts":"1444190360", "pid":"1", "tid":"wave"},
{"name":"ModelSetRunClock", "ph":"E", "ts":"1444190413", "pid":"1", "tid":"wave"},
{"name":"ModelAdvance", "ph":"B", "ts":"1444190505", "pid":"1", "tid":"wave"},
{"name":"ModelAdvance", "ph":"E", "ts":"1448907034", "pid":"1", "tid":"wave"},
{"name":"ModelSetRunClock", "ph":"B", "ts":"1451546775", "pid":"1", "tid":"wave"},
{"name":"ModelSetRunClock", "ph":"E", "ts":"1451546823", "pid":"1", "tid":"wave"},
{"name":"ModelAdvance", "ph":"B", "ts":"1451546903", "pid":"1", "tid":"wave"},
{"name":"ModelAdvance", "ph":"E", "ts":"1456191088", "pid":"1", "tid":"wave"},
{"name":"ModelSetRunClock", "ph":"B", "ts":"1459393191", "pid":"1", "tid":"wave"},
{"name":"ModelSetRunClock", "ph":"E", "ts":"1459393245", "pid":"1", "tid":"wave"},
{"name":"ModelAdvance", "ph":"B", "ts":"1459393335", "pid":"1", "tid":"wave"},
{"name":"ModelAdvance", "ph":"E", "ts":"1464048103", "pid":"1", "tid":"wave"},
{"name":"ModelSetRunClock", "ph":"B", "ts":"1466579608", "pid":"1", "tid":"wave"},
{"name":"ModelSetRunClock", "ph":"E", "ts":"1466579656", "pid":"1", "tid":"wave"},
{"name":"ModelAdvance", "ph":"B", "ts":"1466579747", "pid":"1", "tid":"wave"},
{"name":"ModelAdvance", "ph":"E", "ts":"1471211191", "pid":"1", "tid":"wave"},
{"name":"ModelSetRunClock", "ph":"B", "ts":"1474398042", "pid":"1", "tid":"wave"},
{"name":"ModelSetRunClock", "ph":"E", "ts":"1474398088", "pid":"1", "tid":"wave"},
{"name":"ModelAdvance", "ph":"B", "ts":"1474398162", "pid":"1", "tid":"wave"},
{"name":"ModelAdvance", "ph":"E", "ts":"1479109247", "pid":"1", "tid":"wave"},
{"name":"ModelSetRunClock", "ph":"B", "ts":"1481611877", "pid":"1", "tid":"wave"},
{"name":"ModelSetRunClock", "ph":"E", "ts":"1481611916", "pid":"1", "tid":"wave"},
{"name":"ModelAdvance", "ph":"B", "ts":"1481611994", "pid":"1", "tid":"wave"},
{"name":"ModelAdvance", "ph":"E", "ts":"1486222933", "pid":"1", "tid":"wave"},
{"name":"ModelSetRunClock", "ph":"B", "ts":"1489806137", "pid":"1", "tid":"wave"},
{"name":"ModelSetRunClock", "ph":"E", "ts":"1489806184", "pid":"1", "tid":"wave"},
{"name":"ModelAdvance", "ph":"B", "ts":"1489806283", "pid":"1", "tid":"wave"},
{"name":"ModelAdvance", "ph":"E", "ts":"1494420634", "pid":"1", "tid":"wave"},
{"name":"ModelSetRunClock", "ph":"B", "ts":"1497017426", "pid":"1", "tid":"wave"},
{"name":"ModelSetRunClock", "ph":"E", "ts":"1497017470", "pid":"1", "tid":"wave"},
{"name":"ModelAdvance", "ph":"B", "ts":"1497017552", "pid":"1", "tid":"wave"},
{"name":"ModelAdvance", "ph":"E", "ts":"1501661019", "pid":"1", "tid":"wave"},
{"name":"ModelSetRunClock", "ph":"B", "ts":"1504922496", "pid":"1", "tid":"wave"},
{"name":"ModelSetRunClock", "ph":"E", "ts":"1504922557", "pid":"1", "tid":"wave"},
{"name":"ModelAdvance", "ph":"B", "ts":"1504922651", "pid":"1", "tid":"wave"},
{"name":"ModelAdvance", "ph":"E", "ts":"1509548721", "pid":"1", "tid":"wave"},
{"name":"ModelSetRunClock", "ph":"B", "ts":"1512174781", "pid":"1", "tid":"wave"},
{"name":"ModelSetRunClock", "ph":"E", "ts":"1512174822", "pid":"1", "tid":"wave"},
{"name":"ModelAdvance", "ph":"B", "ts":"1512174897", "pid":"1", "tid":"wave"},
{"name":"ModelAdvance", "ph":"E", "ts":"1516803965", "pid":"1", "tid":"wave"},
{"name":"ModelSetRunClock", "ph":"B", "ts":"1520009906", "pid":"1", "tid":"wave"},
{"name":"ModelSetRunClock", "ph":"E", "ts":"1520009962", "pid":"1", "tid":"wave"},
{"name":"ModelAdvance", "ph":"B", "ts":"1520010044", "pid":"1", "tid":"wave"},
{"name":"ModelAdvance", "ph":"E", "ts":"1524646153", "pid":"1", "tid":"wave"},
{"name":"ModelSetRunClock", "ph":"B", "ts":"1527258962", "pid":"1", "tid":"wave"},
{"name":"ModelSetRunClock", "ph":"E", "ts":"1527259003", "pid":"1", "tid":"wave"},
{"name":"ModelAdvance", "ph":"B", "ts":"1527259080", "pid":"1", "tid":"wave"},
{"name":"ModelAdvance", "ph":"E", "ts":"1531880924", "pid":"1", "tid":"wave"},
{"name":"ModelSetRunClock", "ph":"B", "ts":"1535157575", "pid":"1", "tid":"wave"},
{"name":"ModelSetRunClock", "ph":"E", "ts":"1535157622", "pid":"1", "tid":"wave"},
{"name":"ModelAdvance", "ph":"B", "ts":"1535157704", "pid":"1", "tid":"wave"},
{"name":"ModelAdvance", "ph":"E", "ts":"1539844517", "pid":"1", "tid":"wave"},
{"name":"ModelSetRunClock", "ph":"B", "ts":"1542359843", "pid":"1", "tid":"wave"},
{"name":"ModelSetRunClock", "ph":"E", "ts":"1542359887", "pid":"1", "tid":"wave"},
{"name":"ModelAdvance", "ph":"B", "ts":"1542359970", "pid":"1", "tid":"wave"},
{"name":"ModelAdvance", "ph":"E", "ts":"1546997980", "pid":"1", "tid":"wave"},
{"name":"ModelSetRunClock", "ph":"B", "ts":"1550314687", "pid":"1", "tid":"wave"},
{"name":"ModelSetRunClock", "ph":"E", "ts":"1550314726", "pid":"1", "tid":"wave"},
{"name":"ModelAdvance", "ph":"B", "ts":"1550314797", "pid":"1", "tid":"wave"},
{"name":"ModelAdvance", "ph":"E", "ts":"1554978918", "pid":"1", "tid":"wave"},
{"name":"ModelSetRunClock", "ph":"B", "ts":"1557483083", "pid":"1", "tid":"wave"},
{"name":"ModelSetRunClock", "ph":"E", "ts":"1557483128", "pid":"1", "tid":"wave"},
{"name":"ModelAdvance", "ph":"B", "ts":"1557483215", "pid":"1", "tid":"wave"},
{"name":"ModelAdvance", "ph":"E", "ts":"1562174615", "pid":"1", "tid":"wave"},
{"name":"ModelSetRunClock", "ph":"B", "ts":"1565316738", "pid":"1", "tid":"wave"},
{"name":"ModelSetRunClock", "ph":"E", "ts":"1565316784", "pid":"1", "tid":"wave"},
{"name":"ModelAdvance", "ph":"B", "ts":"1565316873", "pid":"1", "tid":"wave"},
{"name":"ModelAdvance", "ph":"E", "ts":"1570031028", "pid":"1", "tid":"wave"},
{"name":"ModelSetRunClock", "ph":"B", "ts":"1572472114", "pid":"1", "tid":"wave"},
{"name":"ModelSetRunClock", "ph":"E", "ts":"1572472162", "pid":"1", "tid":"wave"},
{"name":"ModelAdvance", "ph":"B", "ts":"1572472239", "pid":"1", "tid":"wave"},
{"name":"ModelAdvance", "ph":"E", "ts":"1577160790", "pid":"1", "tid":"wave"},
{"name":"ModelSetRunClock", "ph":"B", "ts":"1580319299", "pid":"1", "tid":"wave"},
{"name":"ModelSetRunClock", "ph":"E", "ts":"1580319348", "pid":"1", "tid":"wave"},
{"name":"ModelAdvance", "ph":"B", "ts":"1580319692", "pid":"1", "tid":"wave"},
{"name":"ModelAdvance", "ph":"E", "ts":"1585032096", "pid":"1", "tid":"wave"},
{"name":"ModelSetRunClock", "ph":"B", "ts":"1587537917", "pid":"1", "tid":"wave"},
{"name":"ModelSetRunClock", "ph":"E", "ts":"1587537961", "pid":"1", "tid":"wave"},
{"name":"ModelAdvance", "ph":"B", "ts":"1587538037", "pid":"1", "tid":"wave"},
{"name":"ModelAdvance", "ph":"E", "ts":"1592308411", "pid":"1", "tid":"wave"},
{"name":"ModelSetRunClock", "ph":"B", "ts":"1595428496", "pid":"1", "tid":"wave"},
{"name":"ModelSetRunClock", "ph":"E", "ts":"1595428541", "pid":"1", "tid":"wave"},
{"name":"ModelAdvance", "ph":"B", "ts":"1595428616", "pid":"1", "tid":"wave"},
{"name":"ModelAdvance", "ph":"E", "ts":"1600187313", "pid":"1", "tid":"wave"},
{"name":"ModelSetRunClock", "ph":"B", "ts":"1602794593", "pid":"1", "tid":"wave"},
{"name":"ModelSetRunClock", "ph":"E", "ts":"1602794642", "pid":"1", "tid":"wave"},
{"name":"ModelAdvance", "ph":"B", "ts":"1602794732", "pid":"1", "tid":"wave"},
{"name":"ModelAdvance", "ph":"E", "ts":"1607582127", "pid":"1", "tid":"wave"},
{"name":"ModelSetRunClock", "ph":"B", "ts":"1610812108", "pid":"1", "tid":"wave"},
{"name":"ModelSetRunClock", "ph":"E", "ts":"1610812159", "pid":"1", "tid":"wave"},
{"name":"ModelAdvance", "ph":"B", "ts":"1610812255", "pid":"1", "tid":"wave"},
{"name":"ModelAdvance", "ph":"E", "ts":"1615731297", "pid":"1", "tid":"wave"},
{"name":"ModelSetRunClock", "ph":"B", "ts":"1618129775", "pid":"1", "tid":"wave"},
{"name":"ModelSetRunClock", "ph":"E", "ts":"1618129823", "pid":"1", "tid":"wave"},
{"name":"ModelAdvance", "ph":"B", "ts":"1618129909", "pid":"1", "tid":"wave"},
{"name":"ModelAdvance", "ph":"E", "ts":"1623225132", "pid":"1", "tid":"wave"},
{"name":"ModelSetRunClock", "ph":"B", "ts":"1625933588", "pid":"1", "tid":"wave"},
{"name":"ModelSetRunClock", "ph":"E", "ts":"1625933634", "pid":"1", "tid":"wave"},
{"name":"ModelAdvance", "ph":"B", "ts":"1625933723", "pid":"1", "tid":"wave"},
{"name":"ModelAdvance", "ph":"E", "ts":"1631116198", "pid":"1", "tid":"wave"},
{"name":"ModelSetRunClock", "ph":"B", "ts":"1633162755", "pid":"1", "tid":"wave"},
{"name":"ModelSetRunClock", "ph":"E", "ts":"1633162793", "pid":"1", "tid":"wave"},
{"name":"ModelAdvance", "ph":"B", "ts":"1633162866", "pid":"1", "tid":"wave"},
{"name":"ModelAdvance", "ph":"E", "ts":"1638462748", "pid":"1", "tid":"wave"},
{"name":"ModelSetRunClock", "ph":"B", "ts":"1640995127", "pid":"1", "tid":"wave"},
{"name":"ModelSetRunClock", "ph":"E", "ts":"1640995172", "pid":"1", "tid":"wave"},
{"name":"ModelAdvance", "ph":"B", "ts":"1640995249", "pid":"1", "tid":"wave"},
{"name":"ModelAdvance", "ph":"E", "ts":"1646423927", "pid":"1", "tid":"wave"},
{"name":"ModelSetRunClock", "ph":"B", "ts":"1648062576", "pid":"1", "tid":"wave"},
{"name":"ModelSetRunClock", "ph":"E", "ts":"1648062616", "pid":"1", "tid":"wave"},
{"name":"ModelAdvance", "ph":"B", "ts":"1648062690", "pid":"1", "tid":"wave"},
{"name":"ModelAdvance", "ph":"E", "ts":"1653582092", "pid":"1", "tid":"wave"},
{"name":"ModelSetRunClock", "ph":"B", "ts":"1655952120", "pid":"1", "tid":"wave"},
{"name":"ModelSetRunClock", "ph":"E", "ts":"1655952167", "pid":"1", "tid":"wave"},
{"name":"ModelAdvance", "ph":"B", "ts":"1655952248", "pid":"1", "tid":"wave"},
{"name":"ModelAdvance", "ph":"E", "ts":"1661463072", "pid":"1", "tid":"wave"},
{"name":"ModelSetRunClock", "ph":"B", "ts":"1663218707", "pid":"1", "tid":"wave"},
{"name":"ModelSetRunClock", "ph":"E", "ts":"1663218872", "pid":"1", "tid":"wave"},
{"name":"ModelAdvance", "ph":"B", "ts":"1663218966", "pid":"1", "tid":"wave"},
{"name":"ModelAdvance", "ph":"E", "ts":"1668786089", "pid":"1", "tid":"wave"},
{"name":"ModelSetRunClock", "ph":"B", "ts":"1671022322", "pid":"1", "tid":"wave"},
{"name":"ModelSetRunClock", "ph":"E", "ts":"1671022382", "pid":"1", "tid":"wave"},
{"name":"ModelAdvance", "ph":"B", "ts":"1671022469", "pid":"1", "tid":"wave"},
{"name":"ModelAdvance", "ph":"E", "ts":"1676699554", "pid":"1", "tid":"wave"},
{"name":"ModelSetRunClock", "ph":"B", "ts":"1678128014", "pid":"1", "tid":"wave"},
{"name":"ModelSetRunClock", "ph":"E", "ts":"1678128226", "pid":"1", "tid":"wave"},
{"name":"ModelAdvance", "ph":"B", "ts":"1678128376", "pid":"1", "tid":"wave"},
{"name":"ModelAdvance", "ph":"E", "ts":"1683596922", "pid":"1", "tid":"wave"},
{"name":"ModelSetRunClock", "ph":"B", "ts":"1686018447", "pid":"1", "tid":"wave"},
{"name":"ModelSetRunClock", "ph":"E", "ts":"1686018483", "pid":"1", "tid":"wave"},
{"name":"ModelAdvance", "ph":"B", "ts":"1686018556", "pid":"1", "tid":"wave"},
{"name":"ModelAdvance", "ph":"E", "ts":"1691394031", "pid":"1", "tid":"wave"},
{"name":"ModelSetRunClock", "ph":"B", "ts":"1693209648", "pid":"1", "tid":"wave"},
{"name":"ModelSetRunClock", "ph":"E", "ts":"1693209806", "pid":"1", "tid":"wave"},
{"name":"ModelAdvance", "ph":"B", "ts":"1693209889", "pid":"1", "tid":"wave"},
{"name":"ModelAdvance", "ph":"E", "ts":"1698627988", "pid":"1", "tid":"wave"},
{"name":"ModelSetRunClock", "ph":"B", "ts":"1701038761", "pid":"1", "tid":"wave"},
{"name":"ModelSetRunClock", "ph":"E", "ts":"1701038814", "pid":"1", "tid":"wave"},
{"name":"ModelAdvance", "ph":"B", "ts":"1701038900", "pid":"1", "tid":"wave"},
{"name":"ModelAdvance", "ph":"E", "ts":"1706609721", "pid":"1", "tid":"wave"},
{"name":"ModelFinalize", "ph":"B", "ts":"1706615634", "pid":"1", "tid":"wave"},
{"name":"ModelFinalize", "ph":"E", "ts":"1706615652", "pid":"1", "tid":"wave"},
